[2019-01-14T09:12:24.169+0000][6576][gc] Using Concurrent Mark Sweep
[2019-01-14T09:12:24.169+0000][6576][gc,heap,coops] Heap address: 0x00000000f0000000, size: 256 MB, Compressed Oops mode: 32-bit
[2019-01-14T09:12:24.274+0000][6576][safepoint    ] Total time for which application threads were stopped: 0.0000337 seconds, Stopping threads took: 0.0000082 seconds
[2019-01-14T09:12:24.283+0000][6576][safepoint    ] Application time: 0.0091544 seconds
[2019-01-14T09:12:24.284+0000][6576][safepoint    ] Total time for which application threads were stopped: 0.0009409 seconds, Stopping threads took: 0.0008986 seconds
[2019-01-14T09:12:24.292+0000][6576][safepoint    ] Application time: 0.0081371 seconds
[2019-01-14T09:12:24.293+0000][6576][safepoint    ] Total time for which application threads were stopped: 0.0009113 seconds, Stopping threads took: 0.0008726 seconds
[2019-01-14T09:12:24.415+0000][6576][safepoint    ] Application time: 0.1212858 seconds
[2019-01-14T09:12:24.415+0000][6576][safepoint    ] Total time for which application threads were stopped: 0.0000789 seconds, Stopping threads took: 0.0000026 seconds
[2019-01-14T09:12:24.428+0000][6576][safepoint    ] Application time: 0.0136782 seconds
[2019-01-14T09:12:24.431+0000][6576][safepoint    ] Total time for which application threads were stopped: 0.0020621 seconds, Stopping threads took: 0.0019618 seconds
[2019-01-14T09:12:24.436+0000][6576][safepoint    ] Application time: 0.0050602 seconds
[2019-01-14T09:12:24.436+0000][6576][safepoint    ] Total time for which application threads were stopped: 0.0000520 seconds, Stopping threads took: 0.0000092 seconds
[2019-01-14T09:12:24.497+0000][6576][safepoint    ] Application time: 0.0611697 seconds
[2019-01-14T09:12:24.497+0000][6576][safepoint    ] Total time for which application threads were stopped: 0.0000592 seconds, Stopping threads took: 0.0000033 seconds
[2019-01-14T09:12:24.594+0000][6576][safepoint    ] Application time: 0.0974015 seconds
[2019-01-14T09:12:24.595+0000][6576][safepoint    ] Total time for which application threads were stopped: 0.0002118 seconds, Stopping threads took: 0.0001293 seconds
[2019-01-14T09:12:24.604+0000][6576][safepoint    ] Application time: 0.0092192 seconds
[2019-01-14T09:12:24.604+0000][6576][safepoint    ] Total time for which application threads were stopped: 0.0000942 seconds, Stopping threads took: 0.0000025 seconds
[2019-01-14T09:12:25.053+0000][6576][safepoint    ] Application time: 0.4491917 seconds
[2019-01-14T09:12:25.053+0000][6576][safepoint    ] Total time for which application threads were stopped: 0.0001275 seconds, Stopping threads took: 0.0000026 seconds
[2019-01-14T09:12:25.103+0000][6576][safepoint    ] Application time: 0.0496312 seconds
[2019-01-14T09:12:25.103+0000][6576][safepoint    ] Total time for which application threads were stopped: 0.0001607 seconds, Stopping threads took: 0.0000317 seconds
[2019-01-14T09:12:25.225+0000][6576][safepoint    ] Application time: 0.1215192 seconds
[2019-01-14T09:12:25.225+0000][6576][safepoint    ] Total time for which application threads were stopped: 0.0001531 seconds, Stopping threads took: 0.0000099 seconds
[2019-01-14T09:12:25.822+0000][6576][safepoint    ] Application time: 0.5967447 seconds
[2019-01-14T09:12:25.822+0000][6576][safepoint    ] Total time for which application threads were stopped: 0.0001967 seconds, Stopping threads took: 0.0000092 seconds
[2019-01-14T09:12:26.049+0000][6576][safepoint    ] Application time: 0.2274235 seconds
[2019-01-14T09:12:26.050+0000][6576][safepoint    ] Total time for which application threads were stopped: 0.0002414 seconds, Stopping threads took: 0.0000036 seconds
[2019-01-14T09:12:26.050+0000][6576][safepoint    ] Application time: 0.0006280 seconds
[2019-01-14T09:12:26.050+0000][6576][safepoint    ] Total time for which application threads were stopped: 0.0001308 seconds, Stopping threads took: 0.0000016 seconds
[2019-01-14T09:12:26.081+0000][6576][safepoint    ] Application time: 0.0306830 seconds
[2019-01-14T09:12:26.081+0000][6576][safepoint    ] Total time for which application threads were stopped: 0.0001592 seconds, Stopping threads took: 0.0000034 seconds
[2019-01-14T09:12:26.091+0000][6576][safepoint    ] Application time: 0.0097786 seconds
[2019-01-14T09:12:26.091+0000][6576][safepoint    ] Total time for which application threads were stopped: 0.0001700 seconds, Stopping threads took: 0.0000032 seconds
[2019-01-14T09:12:26.108+0000][6576][safepoint    ] Application time: 0.0166085 seconds
[2019-01-14T09:12:26.108+0000][6576][safepoint    ] Total time for which application threads were stopped: 0.0000370 seconds, Stopping threads took: 0.0000108 seconds
[2019-01-14T09:12:26.108+0000][6576][safepoint    ] Application time: 0.0002633 seconds
[2019-01-14T09:12:26.108+0000][6576][safepoint    ] Total time for which application threads were stopped: 0.0001042 seconds, Stopping threads took: 0.0000869 seconds
[2019-01-14T09:12:26.111+0000][6576][safepoint    ] Application time: 0.0026934 seconds
[2019-01-14T09:12:26.111+0000][6576][safepoint    ] Total time for which application threads were stopped: 0.0000430 seconds, Stopping threads took: 0.0000269 seconds
[2019-01-14T09:12:26.112+0000][6576][safepoint    ] Application time: 0.0005789 seconds
[2019-01-14T09:12:26.112+0000][6576][safepoint    ] Total time for which application threads were stopped: 0.0000226 seconds, Stopping threads took: 0.0000024 seconds
[2019-01-14T09:12:26.114+0000][6576][safepoint    ] Application time: 0.0018465 seconds
[2019-01-14T09:12:26.114+0000][6576][safepoint    ] Total time for which application threads were stopped: 0.0000627 seconds, Stopping threads took: 0.0000266 seconds
[2019-01-14T09:12:26.132+0000][6576][safepoint    ] Application time: 0.0185463 seconds
[2019-01-14T09:12:26.133+0000][6576][safepoint    ] Total time for which application threads were stopped: 0.0001679 seconds, Stopping threads took: 0.0000033 seconds
[2019-01-14T09:12:26.231+0000][6576][safepoint    ] Application time: 0.0984249 seconds
[2019-01-14T09:12:26.231+0000][6576][safepoint    ] Total time for which application threads were stopped: 0.0001432 seconds, Stopping threads took: 0.0000042 seconds
[2019-01-14T09:12:26.343+0000][6576][safepoint    ] Application time: 0.1119542 seconds
[2019-01-14T09:12:26.343+0000][6576][safepoint    ] Total time for which application threads were stopped: 0.0002326 seconds, Stopping threads took: 0.0000839 seconds
[2019-01-14T09:12:26.395+0000][6576][safepoint    ] Application time: 0.0513807 seconds
[2019-01-14T09:12:26.395+0000][6576][safepoint    ] Total time for which application threads were stopped: 0.0001325 seconds, Stopping threads took: 0.0000032 seconds
[2019-01-14T09:12:26.399+0000][6576][safepoint    ] Application time: 0.0038462 seconds
[2019-01-14T09:12:26.399+0000][6576][gc,start     ] GC(0) Pause Young (Allocation Failure)
[2019-01-14T09:12:26.399+0000][6576][gc,task      ] GC(0) Using 2 workers of 2 for evacuation
[2019-01-14T09:12:26.408+0000][6576][gc,age       ] GC(0) Desired survivor size 4456448 bytes, new threshold 1 (max threshold 6)
[2019-01-14T09:12:26.408+0000][6576][gc,age       ] GC(0) Age table with threshold 1 (max threshold 6)
[2019-01-14T09:12:26.408+0000][6576][gc,age       ] GC(0) - age   1:    6500408 bytes,    6500408 total
[2019-01-14T09:12:26.408+0000][6576][gc,heap      ] GC(0) ParNew: 69952K->6396K(78656K)
[2019-01-14T09:12:26.408+0000][6576][gc,heap      ] GC(0) CMS: 0K->0K(174784K)
[2019-01-14T09:12:26.408+0000][6576][gc,metaspace ] GC(0) Metaspace: 21485K->21485K(1069056K)
[2019-01-14T09:12:26.408+0000][6576][gc           ] GC(0) Pause Young (Allocation Failure) 68M->6M(247M) 9.495ms
[2019-01-14T09:12:26.408+0000][6576][gc,cpu       ] GC(0) User=0.01s Sys=0.00s Real=0.01s
[2019-01-14T09:12:26.408+0000][6576][safepoint    ] Total time for which application threads were stopped: 0.0095736 seconds, Stopping threads took: 0.0000038 seconds
[2019-01-14T09:12:26.409+0000][6576][safepoint    ] Application time: 0.0010602 seconds
[2019-01-14T09:12:26.412+0000][6576][gc,start     ] GC(1) Pause Initial Mark
[2019-01-14T09:12:26.414+0000][6576][gc           ] GC(1) Pause Initial Mark 7M->7M(247M) 1.928ms
[2019-01-14T09:12:26.414+0000][6576][gc,cpu       ] GC(1) User=0.01s Sys=0.00s Real=0.01s
[2019-01-14T09:12:26.414+0000][6576][safepoint    ] Total time for which application threads were stopped: 0.0041462 seconds, Stopping threads took: 0.0021466 seconds
[2019-01-14T09:12:26.414+0000][6576][gc           ] GC(1) Concurrent Mark
[2019-01-14T09:12:26.414+0000][6576][gc           ] GC(1) Concurrent Mark 0.753ms
[2019-01-14T09:12:26.414+0000][6576][gc,cpu       ] GC(1) User=0.00s Sys=0.00s Real=0.00s
[2019-01-14T09:12:26.414+0000][6576][gc           ] GC(1) Concurrent Preclean
[2019-01-14T09:12:26.415+0000][6576][gc           ] GC(1) Concurrent Preclean 0.287ms
[2019-01-14T09:12:26.415+0000][6576][gc,cpu       ] GC(1) User=0.00s Sys=0.00s Real=0.00s
[2019-01-14T09:12:26.415+0000][6576][gc           ] GC(1) Concurrent Abortable Preclean
[2019-01-14T09:12:26.417+0000][6576][safepoint    ] Application time: 0.0030009 seconds
[2019-01-14T09:12:26.417+0000][6576][safepoint    ] Total time for which application threads were stopped: 0.0001221 seconds, Stopping threads took: 0.0000041 seconds
[2019-01-14T09:12:26.417+0000][6576][safepoint    ] Application time: 0.0000813 seconds
[2019-01-14T09:12:26.417+0000][6576][safepoint    ] Total time for which application threads were stopped: 0.0001268 seconds, Stopping threads took: 0.0000859 seconds
[2019-01-14T09:12:26.424+0000][6576][safepoint    ] Application time: 0.0069263 seconds
[2019-01-14T09:12:26.424+0000][6576][safepoint    ] Total time for which application threads were stopped: 0.0002215 seconds, Stopping threads took: 0.0000028 seconds
[2019-01-14T09:12:26.448+0000][6576][safepoint    ] Application time: 0.0233299 seconds
[2019-01-14T09:12:26.448+0000][6576][safepoint    ] Total time for which application threads were stopped: 0.0000472 seconds, Stopping threads took: 0.0000149 seconds
[2019-01-14T09:12:26.455+0000][6576][safepoint    ] Application time: 0.0075359 seconds
[2019-01-14T09:12:26.455+0000][6576][safepoint    ] Total time for which application threads were stopped: 0.0001317 seconds, Stopping threads took: 0.0000033 seconds
[2019-01-14T09:12:26.458+0000][6576][safepoint    ] Application time: 0.0029978 seconds
[2019-01-14T09:12:26.459+0000][6576][safepoint    ] Total time for which application threads were stopped: 0.0002299 seconds, Stopping threads took: 0.0000037 seconds
[2019-01-14T09:12:26.574+0000][6576][safepoint    ] Application time: 0.1150080 seconds
[2019-01-14T09:12:26.574+0000][6576][safepoint    ] Total time for which application threads were stopped: 0.0001430 seconds, Stopping threads took: 0.0000033 seconds
[2019-01-14T09:12:26.637+0000][6576][safepoint    ] Application time: 0.0636461 seconds
[2019-01-14T09:12:26.638+0000][6576][safepoint    ] Total time for which application threads were stopped: 0.0001535 seconds, Stopping threads took: 0.0000194 seconds
[2019-01-14T09:12:26.687+0000][6576][safepoint    ] Application time: 0.0490844 seconds
[2019-01-14T09:12:26.687+0000][6576][safepoint    ] Total time for which application threads were stopped: 0.0001481 seconds, Stopping threads took: 0.0000034 seconds
[2019-01-14T09:12:26.718+0000][6576][safepoint    ] Application time: 0.0309431 seconds
[2019-01-14T09:12:26.718+0000][6576][safepoint    ] Total time for which application threads were stopped: 0.0000676 seconds, Stopping threads took: 0.0000047 seconds
[2019-01-14T09:12:26.748+0000][6576][safepoint    ] Application time: 0.0301588 seconds
[2019-01-14T09:12:26.748+0000][6576][safepoint    ] Total time for which application threads were stopped: 0.0000545 seconds, Stopping threads took: 0.0000106 seconds
[2019-01-14T09:12:26.748+0000][6576][gc           ] GC(1) Concurrent Abortable Preclean 333.587ms
[2019-01-14T09:12:26.748+0000][6576][gc,cpu       ] GC(1) User=0.51s Sys=0.11s Real=0.33s
[2019-01-14T09:12:26.748+0000][6576][safepoint    ] Application time: 0.0001633 seconds
[2019-01-14T09:12:26.748+0000][6576][gc,start     ] GC(1) Pause Remark
[2019-01-14T09:12:26.766+0000][6576][gc           ] GC(1) Pause Remark 59M->59M(247M) 17.244ms
[2019-01-14T09:12:26.766+0000][6576][gc,cpu       ] GC(1) User=0.03s Sys=0.00s Real=0.02s
[2019-01-14T09:12:26.766+0000][6576][safepoint    ] Total time for which application threads were stopped: 0.0173536 seconds, Stopping threads took: 0.0000019 seconds
[2019-01-14T09:12:26.770+0000][6576][gc           ] GC(1) Concurrent Sweep
[2019-01-14T09:12:26.770+0000][6576][gc           ] GC(1) Concurrent Sweep 0.046ms
[2019-01-14T09:12:26.770+0000][6576][gc,cpu       ] GC(1) User=0.00s Sys=0.00s Real=0.00s
[2019-01-14T09:12:26.770+0000][6576][gc           ] GC(1) Concurrent Reset
[2019-01-14T09:12:26.770+0000][6576][gc           ] GC(1) Concurrent Reset 0.132ms
[2019-01-14T09:12:26.770+0000][6576][gc,cpu       ] GC(1) User=0.00s Sys=0.00s Real=0.00s
[2019-01-14T09:12:26.770+0000][6576][gc,heap      ] GC(1) Old: 0K->0K(174784K)
[2019-01-14T09:12:26.798+0000][6576][safepoint    ] Application time: 0.0326581 seconds
[2019-01-14T09:12:26.798+0000][6576][gc,start     ] GC(2) Pause Young (Allocation Failure)
[2019-01-14T09:12:26.799+0000][6576][gc,task      ] GC(2) Using 2 workers of 2 for evacuation
[2019-01-14T09:12:26.824+0000][6576][gc,age       ] GC(2) Desired survivor size 4456448 bytes, new threshold 6 (max threshold 6)
[2019-01-14T09:12:26.824+0000][6576][gc,age       ] GC(2) Age table with threshold 6 (max threshold 6)
[2019-01-14T09:12:26.824+0000][6576][gc,age       ] GC(2) - age   1:    1327840 bytes,    1327840 total
[2019-01-14T09:12:26.824+0000][6576][gc,heap      ] GC(2) ParNew: 76348K->4223K(78656K)
[2019-01-14T09:12:26.824+0000][6576][gc,heap      ] GC(2) CMS: 0K->6894K(174784K)
[2019-01-14T09:12:26.824+0000][6576][gc,metaspace ] GC(2) Metaspace: 23025K->23025K(1071104K)
[2019-01-14T09:12:26.824+0000][6576][gc           ] GC(2) Pause Young (Allocation Failure) 74M->10M(247M) 25.327ms
[2019-01-14T09:12:26.824+0000][6576][gc,cpu       ] GC(2) User=0.04s Sys=0.00s Real=0.03s
[2019-01-14T09:12:26.824+0000][6576][safepoint    ] Total time for which application threads were stopped: 0.0254316 seconds, Stopping threads took: 0.0000116 seconds
[2019-01-14T09:12:26.988+0000][6576][safepoint    ] Application time: 0.1643159 seconds
[2019-01-14T09:12:26.988+0000][6576][gc,start     ] GC(3) Pause Young (Allocation Failure)
[2019-01-14T09:12:26.988+0000][6576][gc,task      ] GC(3) Using 2 workers of 2 for evacuation
[2019-01-14T09:12:26.990+0000][6576][gc,age       ] GC(3) Desired survivor size 4456448 bytes, new threshold 6 (max threshold 6)
[2019-01-14T09:12:26.990+0000][6576][gc,age       ] GC(3) Age table with threshold 6 (max threshold 6)
[2019-01-14T09:12:26.990+0000][6576][gc,age       ] GC(3) - age   1:    1190376 bytes,    1190376 total
[2019-01-14T09:12:26.990+0000][6576][gc,age       ] GC(3) - age   2:     429712 bytes,    1620088 total
[2019-01-14T09:12:26.990+0000][6576][gc,heap      ] GC(3) ParNew: 74175K->2069K(78656K)
[2019-01-14T09:12:26.990+0000][6576][gc,heap      ] GC(3) CMS: 6894K->6894K(174784K)
[2019-01-14T09:12:26.990+0000][6576][gc,metaspace ] GC(3) Metaspace: 23147K->23147K(1071104K)
[2019-01-14T09:12:26.990+0000][6576][gc           ] GC(3) Pause Young (Allocation Failure) 79M->8M(247M) 2.113ms
[2019-01-14T09:12:26.990+0000][6576][gc,cpu       ] GC(3) User=0.01s Sys=0.00s Real=0.00s
[2019-01-14T09:12:26.990+0000][6576][safepoint    ] Total time for which application threads were stopped: 0.0022612 seconds, Stopping threads took: 0.0000106 seconds
[2019-01-14T09:12:26.991+0000][6576][safepoint    ] Application time: 0.0002124 seconds
[2019-01-14T09:12:26.991+0000][6576][safepoint    ] Total time for which application threads were stopped: 0.0001308 seconds, Stopping threads took: 0.0000109 seconds
[2019-01-14T09:12:26.991+0000][6576][safepoint    ] Application time: 0.0000290 seconds
[2019-01-14T09:12:26.991+0000][6576][safepoint    ] Total time for which application threads were stopped: 0.0000453 seconds, Stopping threads took: 0.0000015 seconds
[2019-01-14T09:12:26.991+0000][6576][safepoint    ] Application time: 0.0000362 seconds
[2019-01-14T09:12:26.991+0000][6576][safepoint    ] Total time for which application threads were stopped: 0.0000358 seconds, Stopping threads took: 0.0000014 seconds
[2019-01-14T09:12:26.991+0000][6576][safepoint    ] Application time: 0.0000262 seconds
[2019-01-14T09:12:26.991+0000][6576][safepoint    ] Total time for which application threads were stopped: 0.0000317 seconds, Stopping threads took: 0.0000013 seconds
[2019-01-14T09:12:26.991+0000][6576][safepoint    ] Application time: 0.0000285 seconds
[2019-01-14T09:12:26.991+0000][6576][safepoint    ] Total time for which application threads were stopped: 0.0000309 seconds, Stopping threads took: 0.0000013 seconds
[2019-01-14T09:12:26.991+0000][6576][safepoint    ] Application time: 0.0000247 seconds
[2019-01-14T09:12:26.991+0000][6576][safepoint    ] Total time for which application threads were stopped: 0.0000308 seconds, Stopping threads took: 0.0000012 seconds
[2019-01-14T09:12:26.991+0000][6576][safepoint    ] Application time: 0.0000683 seconds
[2019-01-14T09:12:26.991+0000][6576][safepoint    ] Total time for which application threads were stopped: 0.0000309 seconds, Stopping threads took: 0.0000013 seconds
[2019-01-14T09:12:26.991+0000][6576][safepoint    ] Application time: 0.0000253 seconds
[2019-01-14T09:12:26.991+0000][6576][safepoint    ] Total time for which application threads were stopped: 0.0000310 seconds, Stopping threads took: 0.0000013 seconds
[2019-01-14T09:12:26.991+0000][6576][safepoint    ] Application time: 0.0000280 seconds
[2019-01-14T09:12:26.992+0000][6576][safepoint    ] Total time for which application threads were stopped: 0.0000308 seconds, Stopping threads took: 0.0000013 seconds
[2019-01-14T09:12:26.992+0000][6576][safepoint    ] Application time: 0.0000249 seconds
[2019-01-14T09:12:26.992+0000][6576][safepoint    ] Total time for which application threads were stopped: 0.0000308 seconds, Stopping threads took: 0.0000013 seconds
[2019-01-14T09:12:26.992+0000][6576][safepoint    ] Application time: 0.0000284 seconds
[2019-01-14T09:12:26.992+0000][6576][safepoint    ] Total time for which application threads were stopped: 0.0000308 seconds, Stopping threads took: 0.0000013 seconds
[2019-01-14T09:12:26.992+0000][6576][safepoint    ] Application time: 0.0000251 seconds
[2019-01-14T09:12:26.992+0000][6576][safepoint    ] Total time for which application threads were stopped: 0.0000307 seconds, Stopping threads took: 0.0000012 seconds
[2019-01-14T09:12:26.992+0000][6576][safepoint    ] Application time: 0.0000286 seconds
[2019-01-14T09:12:26.992+0000][6576][safepoint    ] Total time for which application threads were stopped: 0.0000906 seconds, Stopping threads took: 0.0000013 seconds
[2019-01-14T09:12:26.992+0000][6576][safepoint    ] Application time: 0.0000251 seconds
[2019-01-14T09:12:26.992+0000][6576][safepoint    ] Total time for which application threads were stopped: 0.0000309 seconds, Stopping threads took: 0.0000012 seconds
[2019-01-14T09:12:27.066+0000][6576][safepoint    ] Application time: 0.0739060 seconds
[2019-01-14T09:12:27.066+0000][6576][safepoint    ] Total time for which application threads were stopped: 0.0003277 seconds, Stopping threads took: 0.0000037 seconds
[2019-01-14T09:12:27.126+0000][6576][safepoint    ] Application time: 0.0602590 seconds
[2019-01-14T09:12:27.127+0000][6576][safepoint    ] Total time for which application threads were stopped: 0.0003127 seconds, Stopping threads took: 0.0000037 seconds
[2019-01-14T09:12:27.400+0000][6576][safepoint    ] Application time: 0.2729496 seconds
[2019-01-14T09:12:27.400+0000][6576][gc,start     ] GC(4) Pause Young (Allocation Failure)
[2019-01-14T09:12:27.400+0000][6576][gc,task      ] GC(4) Using 2 workers of 2 for evacuation
[2019-01-14T09:12:27.404+0000][6576][gc,age       ] GC(4) Desired survivor size 4456448 bytes, new threshold 3 (max threshold 6)
[2019-01-14T09:12:27.404+0000][6576][gc,age       ] GC(4) Age table with threshold 3 (max threshold 6)
[2019-01-14T09:12:27.404+0000][6576][gc,age       ] GC(4) - age   1:    3227144 bytes,    3227144 total
[2019-01-14T09:12:27.404+0000][6576][gc,age       ] GC(4) - age   2:    1055280 bytes,    4282424 total
[2019-01-14T09:12:27.404+0000][6576][gc,age       ] GC(4) - age   3:     429128 bytes,    4711552 total
[2019-01-14T09:12:27.404+0000][6576][gc,heap      ] GC(4) ParNew: 72021K->5366K(78656K)
[2019-01-14T09:12:27.404+0000][6576][gc,heap      ] GC(4) CMS: 6894K->6894K(174784K)
[2019-01-14T09:12:27.404+0000][6576][gc,metaspace ] GC(4) Metaspace: 26735K->26735K(1073152K)
[2019-01-14T09:12:27.404+0000][6576][gc           ] GC(4) Pause Young (Allocation Failure) 77M->11M(247M) 3.876ms
[2019-01-14T09:12:27.404+0000][6576][gc,cpu       ] GC(4) User=0.00s Sys=0.01s Real=0.01s
[2019-01-14T09:12:27.404+0000][6576][safepoint    ] Total time for which application threads were stopped: 0.0039966 seconds, Stopping threads took: 0.0000042 seconds
[2019-01-14T09:12:27.404+0000][6576][safepoint    ] Application time: 0.0002523 seconds
[2019-01-14T09:12:27.404+0000][6576][safepoint    ] Total time for which application threads were stopped: 0.0000636 seconds, Stopping threads took: 0.0000233 seconds
[2019-01-14T09:12:27.404+0000][6576][safepoint    ] Application time: 0.0000336 seconds
[2019-01-14T09:12:27.404+0000][6576][safepoint    ] Total time for which application threads were stopped: 0.0000430 seconds, Stopping threads took: 0.0000232 seconds
[2019-01-14T09:12:27.512+0000][6576][safepoint    ] Application time: 0.1072531 seconds
[2019-01-14T09:12:27.512+0000][6576][gc,start     ] GC(5) Pause Young (Allocation Failure)
[2019-01-14T09:12:27.512+0000][6576][gc,task      ] GC(5) Using 2 workers of 2 for evacuation
[2019-01-14T09:12:27.515+0000][6576][gc,age       ] GC(5) Desired survivor size 4456448 bytes, new threshold 6 (max threshold 6)
[2019-01-14T09:12:27.515+0000][6576][gc,age       ] GC(5) Age table with threshold 6 (max threshold 6)
[2019-01-14T09:12:27.515+0000][6576][gc,age       ] GC(5) - age   1:     665656 bytes,     665656 total
[2019-01-14T09:12:27.515+0000][6576][gc,age       ] GC(5) - age   2:    2647808 bytes,    3313464 total
[2019-01-14T09:12:27.515+0000][6576][gc,age       ] GC(5) - age   3:    1054752 bytes,    4368216 total
[2019-01-14T09:12:27.515+0000][6576][gc,heap      ] GC(5) ParNew: 75318K->5744K(78656K)
[2019-01-14T09:12:27.515+0000][6576][gc,heap      ] GC(5) CMS: 6894K->7324K(174784K)
[2019-01-14T09:12:27.515+0000][6576][gc,metaspace ] GC(5) Metaspace: 26948K->26948K(1075200K)
[2019-01-14T09:12:27.515+0000][6576][gc           ] GC(5) Pause Young (Allocation Failure) 80M->12M(247M) 3.691ms
[2019-01-14T09:12:27.515+0000][6576][gc,cpu       ] GC(5) User=0.01s Sys=0.00s Real=0.01s
[2019-01-14T09:12:27.515+0000][6576][safepoint    ] Total time for which application threads were stopped: 0.0037695 seconds, Stopping threads took: 0.0000042 seconds
[2019-01-14T09:12:27.538+0000][6576][safepoint    ] Application time: 0.0231553 seconds
[2019-01-14T09:12:27.539+0000][6576][safepoint    ] Total time for which application threads were stopped: 0.0002834 seconds, Stopping threads took: 0.0000039 seconds
[2019-01-14T09:12:27.689+0000][6576][safepoint    ] Application time: 0.1502260 seconds
[2019-01-14T09:12:27.689+0000][6576][gc,start     ] GC(6) Pause Young (Allocation Failure)
[2019-01-14T09:12:27.689+0000][6576][gc,task      ] GC(6) Using 2 workers of 2 for evacuation
[2019-01-14T09:12:27.703+0000][6576][gc,age       ] GC(6) Desired survivor size 4456448 bytes, new threshold 3 (max threshold 6)
[2019-01-14T09:12:27.703+0000][6576][gc,age       ] GC(6) Age table with threshold 3 (max threshold 6)
[2019-01-14T09:12:27.703+0000][6576][gc,age       ] GC(6) - age   1:    3356432 bytes,    3356432 total
[2019-01-14T09:12:27.703+0000][6576][gc,age       ] GC(6) - age   2:     462672 bytes,    3819104 total
[2019-01-14T09:12:27.703+0000][6576][gc,age       ] GC(6) - age   3:    2647832 bytes,    6466936 total
[2019-01-14T09:12:27.703+0000][6576][gc,age       ] GC(6) - age   4:    1054752 bytes,    7521688 total
[2019-01-14T09:12:27.703+0000][6576][gc,heap      ] GC(6) ParNew: 75696K->8313K(78656K)
[2019-01-14T09:12:27.703+0000][6576][gc,heap      ] GC(6) CMS: 7324K->7324K(174784K)
[2019-01-14T09:12:27.703+0000][6576][gc,metaspace ] GC(6) Metaspace: 27072K->27072K(1075200K)
[2019-01-14T09:12:27.703+0000][6576][gc           ] GC(6) Pause Young (Allocation Failure) 81M->15M(247M) 14.286ms
[2019-01-14T09:12:27.703+0000][6576][gc,cpu       ] GC(6) User=0.03s Sys=0.00s Real=0.02s
[2019-01-14T09:12:27.703+0000][6576][safepoint    ] Total time for which application threads were stopped: 0.0143735 seconds, Stopping threads took: 0.0000039 seconds
[2019-01-14T09:12:27.813+0000][6576][safepoint    ] Application time: 0.1096642 seconds
[2019-01-14T09:12:27.813+0000][6576][gc,start     ] GC(7) Pause Young (Allocation Failure)
[2019-01-14T09:12:27.813+0000][6576][gc,task      ] GC(7) Using 2 workers of 2 for evacuation
[2019-01-14T09:12:27.826+0000][6576][gc,age       ] GC(7) Desired survivor size 4456448 bytes, new threshold 6 (max threshold 6)
[2019-01-14T09:12:27.826+0000][6576][gc,age       ] GC(7) Age table with threshold 6 (max threshold 6)
[2019-01-14T09:12:27.826+0000][6576][gc,age       ] GC(7) - age   1:    1835344 bytes,    1835344 total
[2019-01-14T09:12:27.826+0000][6576][gc,age       ] GC(7) - age   2:    1425872 bytes,    3261216 total
[2019-01-14T09:12:27.826+0000][6576][gc,age       ] GC(7) - age   3:     462488 bytes,    3723704 total
[2019-01-14T09:12:27.826+0000][6576][gc,heap      ] GC(7) ParNew: 78265K->6548K(78656K)
[2019-01-14T09:12:27.826+0000][6576][gc,heap      ] GC(7) CMS: 7324K->10974K(174784K)
[2019-01-14T09:12:27.826+0000][6576][gc,metaspace ] GC(7) Metaspace: 27324K->27324K(1075200K)
[2019-01-14T09:12:27.826+0000][6576][gc           ] GC(7) Pause Young (Allocation Failure) 83M->17M(247M) 12.794ms
[2019-01-14T09:12:27.826+0000][6576][gc,cpu       ] GC(7) User=0.02s Sys=0.00s Real=0.01s
[2019-01-14T09:12:27.826+0000][6576][safepoint    ] Total time for which application threads were stopped: 0.0128846 seconds, Stopping threads took: 0.0000045 seconds
[2019-01-14T09:12:27.995+0000][6576][safepoint    ] Application time: 0.1690436 seconds
[2019-01-14T09:12:27.995+0000][6576][gc,start     ] GC(8) Pause Young (Allocation Failure)
[2019-01-14T09:12:27.995+0000][6576][gc,task      ] GC(8) Using 2 workers of 2 for evacuation
[2019-01-14T09:12:28.000+0000][6576][gc,age       ] GC(8) Desired survivor size 4456448 bytes, new threshold 6 (max threshold 6)
[2019-01-14T09:12:28.000+0000][6576][gc,age       ] GC(8) Age table with threshold 6 (max threshold 6)
[2019-01-14T09:12:28.000+0000][6576][gc,age       ] GC(8) - age   1:    1513336 bytes,    1513336 total
[2019-01-14T09:12:28.000+0000][6576][gc,age       ] GC(8) - age   2:     852584 bytes,    2365920 total
[2019-01-14T09:12:28.000+0000][6576][gc,age       ] GC(8) - age   3:    1425872 bytes,    3791792 total
[2019-01-14T09:12:28.000+0000][6576][gc,age       ] GC(8) - age   4:     462488 bytes,    4254280 total
[2019-01-14T09:12:28.000+0000][6576][gc,heap      ] GC(8) ParNew: 76500K->4501K(78656K)
[2019-01-14T09:12:28.000+0000][6576][gc,heap      ] GC(8) CMS: 10974K->10974K(174784K)
[2019-01-14T09:12:28.000+0000][6576][gc,metaspace ] GC(8) Metaspace: 27648K->27648K(1075200K)
[2019-01-14T09:12:28.000+0000][6576][gc           ] GC(8) Pause Young (Allocation Failure) 85M->15M(247M) 5.207ms
[2019-01-14T09:12:28.000+0000][6576][gc,cpu       ] GC(8) User=0.00s Sys=0.00s Real=0.01s
[2019-01-14T09:12:28.000+0000][6576][safepoint    ] Total time for which application threads were stopped: 0.0052931 seconds, Stopping threads took: 0.0000041 seconds
[2019-01-14T09:12:28.165+0000][6576][safepoint    ] Application time: 0.1641083 seconds
[2019-01-14T09:12:28.165+0000][6576][gc,start     ] GC(9) Pause Young (Allocation Failure)
[2019-01-14T09:12:28.165+0000][6576][gc,task      ] GC(9) Using 2 workers of 2 for evacuation
[2019-01-14T09:12:28.174+0000][6576][gc,age       ] GC(9) Desired survivor size 4456448 bytes, new threshold 5 (max threshold 6)
[2019-01-14T09:12:28.174+0000][6576][gc,age       ] GC(9) Age table with threshold 5 (max threshold 6)
[2019-01-14T09:12:28.174+0000][6576][gc,age       ] GC(9) - age   1:     781176 bytes,     781176 total
[2019-01-14T09:12:28.174+0000][6576][gc,age       ] GC(9) - age   2:    1111000 bytes,    1892176 total
[2019-01-14T09:12:28.174+0000][6576][gc,age       ] GC(9) - age   3:     852504 bytes,    2744680 total
[2019-01-14T09:12:28.174+0000][6576][gc,age       ] GC(9) - age   4:    1423552 bytes,    4168232 total
[2019-01-14T09:12:28.174+0000][6576][gc,age       ] GC(9) - age   5:     462488 bytes,    4630720 total
[2019-01-14T09:12:28.174+0000][6576][gc,heap      ] GC(9) ParNew: 74453K->5799K(78656K)
[2019-01-14T09:12:28.174+0000][6576][gc,heap      ] GC(9) CMS: 10974K->10974K(174784K)
[2019-01-14T09:12:28.174+0000][6576][gc,metaspace ] GC(9) Metaspace: 28620K->28620K(1075200K)
[2019-01-14T09:12:28.174+0000][6576][gc           ] GC(9) Pause Young (Allocation Failure) 83M->16M(247M) 8.955ms
[2019-01-14T09:12:28.174+0000][6576][gc,cpu       ] GC(9) User=0.01s Sys=0.00s Real=0.01s
[2019-01-14T09:12:28.174+0000][6576][safepoint    ] Total time for which application threads were stopped: 0.0091318 seconds, Stopping threads took: 0.0000129 seconds
[2019-01-14T09:12:28.175+0000][6576][safepoint    ] Application time: 0.0010353 seconds
[2019-01-14T09:12:28.175+0000][6576][safepoint    ] Total time for which application threads were stopped: 0.0003125 seconds, Stopping threads took: 0.0002727 seconds
[2019-01-14T09:12:28.175+0000][6576][safepoint    ] Application time: 0.0000400 seconds
[2019-01-14T09:12:28.175+0000][6576][safepoint    ] Total time for which application threads were stopped: 0.0000493 seconds, Stopping threads took: 0.0000259 seconds
[2019-01-14T09:12:28.175+0000][6576][safepoint    ] Application time: 0.0000380 seconds
[2019-01-14T09:12:28.175+0000][6576][safepoint    ] Total time for which application threads were stopped: 0.0000419 seconds, Stopping threads took: 0.0000241 seconds
[2019-01-14T09:12:28.175+0000][6576][safepoint    ] Application time: 0.0000168 seconds
[2019-01-14T09:12:28.175+0000][6576][safepoint    ] Total time for which application threads were stopped: 0.0000114 seconds, Stopping threads took: 0.0000008 seconds
[2019-01-14T09:12:28.175+0000][6576][safepoint    ] Application time: 0.0000149 seconds
[2019-01-14T09:12:28.175+0000][6576][safepoint    ] Total time for which application threads were stopped: 0.0000110 seconds, Stopping threads took: 0.0000006 seconds
[2019-01-14T09:12:28.175+0000][6576][safepoint    ] Application time: 0.0000116 seconds
[2019-01-14T09:12:28.175+0000][6576][safepoint    ] Total time for which application threads were stopped: 0.0000104 seconds, Stopping threads took: 0.0000005 seconds
[2019-01-14T09:12:28.175+0000][6576][safepoint    ] Application time: 0.0000135 seconds
[2019-01-14T09:12:28.175+0000][6576][safepoint    ] Total time for which application threads were stopped: 0.0000107 seconds, Stopping threads took: 0.0000005 seconds
[2019-01-14T09:12:28.175+0000][6576][safepoint    ] Application time: 0.0000130 seconds
[2019-01-14T09:12:28.175+0000][6576][safepoint    ] Total time for which application threads were stopped: 0.0000108 seconds, Stopping threads took: 0.0000005 seconds
[2019-01-14T09:12:28.176+0000][6576][safepoint    ] Application time: 0.0000123 seconds
[2019-01-14T09:12:28.176+0000][6576][safepoint    ] Total time for which application threads were stopped: 0.0000105 seconds, Stopping threads took: 0.0000005 seconds
[2019-01-14T09:12:28.176+0000][6576][safepoint    ] Application time: 0.0000126 seconds
[2019-01-14T09:12:28.176+0000][6576][safepoint    ] Total time for which application threads were stopped: 0.0000106 seconds, Stopping threads took: 0.0000005 seconds
[2019-01-14T09:12:28.176+0000][6576][safepoint    ] Application time: 0.0000118 seconds
[2019-01-14T09:12:28.176+0000][6576][safepoint    ] Total time for which application threads were stopped: 0.0000158 seconds, Stopping threads took: 0.0000018 seconds
[2019-01-14T09:12:28.176+0000][6576][safepoint    ] Application time: 0.0000184 seconds
[2019-01-14T09:12:28.176+0000][6576][safepoint    ] Total time for which application threads were stopped: 0.0000113 seconds, Stopping threads took: 0.0000006 seconds
[2019-01-14T09:12:28.176+0000][6576][safepoint    ] Application time: 0.0000124 seconds
[2019-01-14T09:12:28.176+0000][6576][safepoint    ] Total time for which application threads were stopped: 0.0000111 seconds, Stopping threads took: 0.0000006 seconds
[2019-01-14T09:12:28.238+0000][6576][safepoint    ] Application time: 0.0626440 seconds
[2019-01-14T09:12:28.238+0000][6576][safepoint    ] Total time for which application threads were stopped: 0.0000664 seconds, Stopping threads took: 0.0000041 seconds
[2019-01-14T09:12:28.254+0000][6576][safepoint    ] Application time: 0.0151029 seconds
[2019-01-14T09:12:28.254+0000][6576][gc,start     ] GC(10) Pause Young (Allocation Failure)
[2019-01-14T09:12:28.254+0000][6576][gc,task      ] GC(10) Using 2 workers of 2 for evacuation
[2019-01-14T09:12:28.257+0000][6576][gc,age       ] GC(10) Desired survivor size 4456448 bytes, new threshold 5 (max threshold 6)
[2019-01-14T09:12:28.257+0000][6576][gc,age       ] GC(10) Age table with threshold 5 (max threshold 6)
[2019-01-14T09:12:28.257+0000][6576][gc,age       ] GC(10) - age   1:     768552 bytes,     768552 total
[2019-01-14T09:12:28.257+0000][6576][gc,age       ] GC(10) - age   2:     765992 bytes,    1534544 total
[2019-01-14T09:12:28.257+0000][6576][gc,age       ] GC(10) - age   3:    1110888 bytes,    2645432 total
[2019-01-14T09:12:28.257+0000][6576][gc,age       ] GC(10) - age   4:     852504 bytes,    3497936 total
[2019-01-14T09:12:28.257+0000][6576][gc,age       ] GC(10) - age   5:    1423552 bytes,    4921488 total
[2019-01-14T09:12:28.257+0000][6576][gc,heap      ] GC(10) ParNew: 75737K->6536K(78656K)
[2019-01-14T09:12:28.257+0000][6576][gc,heap      ] GC(10) CMS: 10974K->11430K(174784K)
[2019-01-14T09:12:28.257+0000][6576][gc,metaspace ] GC(10) Metaspace: 28708K->28708K(1075200K)
[2019-01-14T09:12:28.257+0000][6576][gc           ] GC(10) Pause Young (Allocation Failure) 84M->17M(247M) 3.799ms
[2019-01-14T09:12:28.257+0000][6576][gc,cpu       ] GC(10) User=0.01s Sys=0.00s Real=0.00s
[2019-01-14T09:12:28.257+0000][6576][safepoint    ] Total time for which application threads were stopped: 0.0038800 seconds, Stopping threads took: 0.0000050 seconds
[2019-01-14T09:12:28.328+0000][6576][safepoint    ] Application time: 0.0702971 seconds
[2019-01-14T09:12:28.330+0000][6576][gc,start     ] GC(11) Pause Young (Allocation Failure)
[2019-01-14T09:12:28.330+0000][6576][gc,task      ] GC(11) Using 2 workers of 2 for evacuation
[2019-01-14T09:12:28.334+0000][6576][gc,age       ] GC(11) Desired survivor size 4456448 bytes, new threshold 6 (max threshold 6)
[2019-01-14T09:12:28.334+0000][6576][gc,age       ] GC(11) Age table with threshold 6 (max threshold 6)
[2019-01-14T09:12:28.334+0000][6576][gc,age       ] GC(11) - age   1:     260152 bytes,     260152 total
[2019-01-14T09:12:28.334+0000][6576][gc,age       ] GC(11) - age   2:     118800 bytes,     378952 total
[2019-01-14T09:12:28.335+0000][6576][gc,age       ] GC(11) - age   3:     765992 bytes,    1144944 total
[2019-01-14T09:12:28.335+0000][6576][gc,age       ] GC(11) - age   4:    1110888 bytes,    2255832 total
[2019-01-14T09:12:28.335+0000][6576][gc,age       ] GC(11) - age   5:     852480 bytes,    3108312 total
[2019-01-14T09:12:28.335+0000][6576][gc,heap      ] GC(11) ParNew: 76488K->4694K(78656K)
[2019-01-14T09:12:28.335+0000][6576][gc,heap      ] GC(11) CMS: 11430K->12830K(174784K)
[2019-01-14T09:12:28.335+0000][6576][gc,metaspace ] GC(11) Metaspace: 28754K->28754K(1075200K)
[2019-01-14T09:12:28.335+0000][6576][gc           ] GC(11) Pause Young (Allocation Failure) 85M->17M(247M) 4.321ms
[2019-01-14T09:12:28.335+0000][6576][gc,cpu       ] GC(11) User=0.01s Sys=0.00s Real=0.01s
[2019-01-14T09:12:28.335+0000][6576][safepoint    ] Total time for which application threads were stopped: 0.0067831 seconds, Stopping threads took: 0.0023608 seconds
[2019-01-14T09:12:28.405+0000][6576][safepoint    ] Application time: 0.0707786 seconds
[2019-01-14T09:12:28.405+0000][6576][gc,start     ] GC(12) Pause Young (Allocation Failure)
[2019-01-14T09:12:28.406+0000][6576][gc,task      ] GC(12) Using 2 workers of 2 for evacuation
[2019-01-14T09:12:28.408+0000][6576][gc,age       ] GC(12) Desired survivor size 4456448 bytes, new threshold 6 (max threshold 6)
[2019-01-14T09:12:28.409+0000][6576][gc,age       ] GC(12) Age table with threshold 6 (max threshold 6)
[2019-01-14T09:12:28.409+0000][6576][gc,age       ] GC(12) - age   1:     806424 bytes,     806424 total
[2019-01-14T09:12:28.409+0000][6576][gc,age       ] GC(12) - age   2:     237064 bytes,    1043488 total
[2019-01-14T09:12:28.409+0000][6576][gc,age       ] GC(12) - age   3:     118800 bytes,    1162288 total
[2019-01-14T09:12:28.409+0000][6576][gc,age       ] GC(12) - age   4:     765888 bytes,    1928176 total
[2019-01-14T09:12:28.409+0000][6576][gc,age       ] GC(12) - age   5:    1110744 bytes,    3038920 total
[2019-01-14T09:12:28.409+0000][6576][gc,age       ] GC(12) - age   6:     852336 bytes,    3891256 total
[2019-01-14T09:12:28.409+0000][6576][gc,heap      ] GC(12) ParNew: 74646K->6899K(78656K)
[2019-01-14T09:12:28.409+0000][6576][gc,heap      ] GC(12) CMS: 12830K->12830K(174784K)
[2019-01-14T09:12:28.409+0000][6576][gc,metaspace ] GC(12) Metaspace: 28770K->28770K(1075200K)
[2019-01-14T09:12:28.409+0000][6576][gc           ] GC(12) Pause Young (Allocation Failure) 85M->19M(247M) 3.090ms
[2019-01-14T09:12:28.409+0000][6576][gc,cpu       ] GC(12) User=0.00s Sys=0.00s Real=0.00s
[2019-01-14T09:12:28.409+0000][6576][safepoint    ] Total time for which application threads were stopped: 0.0031758 seconds, Stopping threads took: 0.0000132 seconds
[2019-01-14T09:12:28.484+0000][6576][safepoint    ] Application time: 0.0754528 seconds
[2019-01-14T09:12:28.485+0000][6576][safepoint    ] Total time for which application threads were stopped: 0.0003937 seconds, Stopping threads took: 0.0000109 seconds
[2019-01-14T09:12:28.612+0000][6576][safepoint    ] Application time: 0.1272900 seconds
[2019-01-14T09:12:28.612+0000][6576][safepoint    ] Total time for which application threads were stopped: 0.0000502 seconds, Stopping threads took: 0.0000109 seconds
[2019-01-14T09:12:28.921+0000][6576][safepoint    ] Application time: 0.3089247 seconds
[2019-01-14T09:12:28.921+0000][6576][gc,start     ] GC(13) Pause Young (Allocation Failure)
[2019-01-14T09:12:28.921+0000][6576][gc,task      ] GC(13) Using 2 workers of 2 for evacuation
[2019-01-14T09:12:28.932+0000][6576][gc,age       ] GC(13) Desired survivor size 4456448 bytes, new threshold 6 (max threshold 6)
[2019-01-14T09:12:28.932+0000][6576][gc,age       ] GC(13) Age table with threshold 6 (max threshold 6)
[2019-01-14T09:12:28.932+0000][6576][gc,age       ] GC(13) - age   1:    1130336 bytes,    1130336 total
[2019-01-14T09:12:28.932+0000][6576][gc,age       ] GC(13) - age   2:     155080 bytes,    1285416 total
[2019-01-14T09:12:28.932+0000][6576][gc,age       ] GC(13) - age   3:     236888 bytes,    1522304 total
[2019-01-14T09:12:28.932+0000][6576][gc,age       ] GC(13) - age   4:     118800 bytes,    1641104 total
[2019-01-14T09:12:28.932+0000][6576][gc,age       ] GC(13) - age   5:     765888 bytes,    2406992 total
[2019-01-14T09:12:28.932+0000][6576][gc,age       ] GC(13) - age   6:    1110656 bytes,    3517648 total
[2019-01-14T09:12:28.932+0000][6576][gc,heap      ] GC(13) ParNew: 76851K->4574K(78656K)
[2019-01-14T09:12:28.932+0000][6576][gc,heap      ] GC(13) CMS: 12830K->13670K(174784K)
[2019-01-14T09:12:28.932+0000][6576][gc,metaspace ] GC(13) Metaspace: 31763K->31763K(1079296K)
[2019-01-14T09:12:28.932+0000][6576][gc           ] GC(13) Pause Young (Allocation Failure) 87M->17M(247M) 11.295ms
[2019-01-14T09:12:28.932+0000][6576][gc,cpu       ] GC(13) User=0.01s Sys=0.01s Real=0.01s
[2019-01-14T09:12:28.932+0000][6576][safepoint    ] Total time for which application threads were stopped: 0.0115994 seconds, Stopping threads took: 0.0000051 seconds
[2019-01-14T09:12:29.167+0000][6576][safepoint    ] Application time: 0.2347147 seconds
[2019-01-14T09:12:29.168+0000][6576][safepoint    ] Total time for which application threads were stopped: 0.0009578 seconds, Stopping threads took: 0.0000114 seconds
[2019-01-14T09:12:29.994+0000][6576][safepoint    ] Application time: 0.8258960 seconds
[2019-01-14T09:12:29.994+0000][6576][gc,start     ] GC(14) Pause Young (Allocation Failure)
[2019-01-14T09:12:29.994+0000][6576][gc,task      ] GC(14) Using 2 workers of 2 for evacuation
[2019-01-14T09:12:30.056+0000][6576][gc,age       ] GC(14) Desired survivor size 4456448 bytes, new threshold 1 (max threshold 6)
[2019-01-14T09:12:30.056+0000][6576][gc,age       ] GC(14) Age table with threshold 1 (max threshold 6)
[2019-01-14T09:12:30.056+0000][6576][gc,age       ] GC(14) - age   1:    6535528 bytes,    6535528 total
[2019-01-14T09:12:30.056+0000][6576][gc,age       ] GC(14) - age   2:    1106440 bytes,    7641968 total
[2019-01-14T09:12:30.056+0000][6576][gc,age       ] GC(14) - age   3:     155080 bytes,    7797048 total
[2019-01-14T09:12:30.056+0000][6576][gc,age       ] GC(14) - age   4:     236696 bytes,    8033744 total
[2019-01-14T09:12:30.056+0000][6576][gc,age       ] GC(14) - age   5:     118656 bytes,    8152400 total
[2019-01-14T09:12:30.056+0000][6576][gc,age       ] GC(14) - age   6:     760344 bytes,    8912744 total
[2019-01-14T09:12:30.056+0000][6576][gc,heap      ] GC(14) ParNew: 74526K->8704K(78656K)
[2019-01-14T09:12:30.056+0000][6576][gc,heap      ] GC(14) CMS: 13670K->19438K(174784K)
[2019-01-14T09:12:30.056+0000][6576][gc,metaspace ] GC(14) Metaspace: 34947K->34947K(1081344K)
[2019-01-14T09:12:30.056+0000][6576][gc           ] GC(14) Pause Young (Allocation Failure) 86M->27M(247M) 61.440ms
[2019-01-14T09:12:30.056+0000][6576][gc,cpu       ] GC(14) User=0.10s Sys=0.00s Real=0.06s
[2019-01-14T09:12:30.056+0000][6576][safepoint    ] Total time for which application threads were stopped: 0.0616838 seconds, Stopping threads took: 0.0000057 seconds
[2019-01-14T09:12:31.056+0000][6576][safepoint    ] Application time: 1.0001665 seconds
[2019-01-14T09:12:31.059+0000][6576][safepoint    ] Total time for which application threads were stopped: 0.0025561 seconds, Stopping threads took: 0.0024809 seconds
[2019-01-14T09:12:31.104+0000][6576][safepoint    ] Application time: 0.0455533 seconds
[2019-01-14T09:12:31.104+0000][6576][gc,start     ] GC(15) Pause Young (Allocation Failure)
[2019-01-14T09:12:31.104+0000][6576][gc,task      ] GC(15) Using 2 workers of 2 for evacuation
[2019-01-14T09:12:31.197+0000][6576][gc,age       ] GC(15) Desired survivor size 4456448 bytes, new threshold 1 (max threshold 6)
[2019-01-14T09:12:31.197+0000][6576][gc,age       ] GC(15) Age table with threshold 1 (max threshold 6)
[2019-01-14T09:12:31.198+0000][6576][gc,age       ] GC(15) - age   1:    8912760 bytes,    8912760 total
[2019-01-14T09:12:31.198+0000][6576][gc,heap      ] GC(15) ParNew: 78656K->8704K(78656K)
[2019-01-14T09:12:31.198+0000][6576][gc,heap      ] GC(15) CMS: 19438K->30288K(174784K)
[2019-01-14T09:12:31.198+0000][6576][gc,metaspace ] GC(15) Metaspace: 35021K->35021K(1081344K)
[2019-01-14T09:12:31.198+0000][6576][gc           ] GC(15) Pause Young (Allocation Failure) 95M->38M(247M) 93.152ms
[2019-01-14T09:12:31.198+0000][6576][gc,cpu       ] GC(15) User=0.10s Sys=0.01s Real=0.09s
[2019-01-14T09:12:31.198+0000][6576][safepoint    ] Total time for which application threads were stopped: 0.0932802 seconds, Stopping threads took: 0.0000107 seconds
[2019-01-14T09:12:31.967+0000][6576][safepoint    ] Application time: 0.7695520 seconds
[2019-01-14T09:12:31.967+0000][6576][safepoint    ] Total time for which application threads were stopped: 0.0001432 seconds, Stopping threads took: 0.0000043 seconds
[2019-01-14T09:12:32.022+0000][6576][safepoint    ] Application time: 0.0538826 seconds
[2019-01-14T09:12:32.022+0000][6576][safepoint    ] Total time for which application threads were stopped: 0.0000968 seconds, Stopping threads took: 0.0000105 seconds
[2019-01-14T09:12:32.069+0000][6576][safepoint    ] Application time: 0.0476616 seconds
[2019-01-14T09:12:32.070+0000][6576][safepoint    ] Total time for which application threads were stopped: 0.0001572 seconds, Stopping threads took: 0.0000131 seconds
[2019-01-14T09:12:32.094+0000][6576][safepoint    ] Application time: 0.0239777 seconds
[2019-01-14T09:12:32.094+0000][6576][safepoint    ] Total time for which application threads were stopped: 0.0001466 seconds, Stopping threads took: 0.0000109 seconds
[2019-01-14T09:12:32.097+0000][6576][safepoint    ] Application time: 0.0029649 seconds
[2019-01-14T09:12:32.097+0000][6576][safepoint    ] Total time for which application threads were stopped: 0.0003464 seconds, Stopping threads took: 0.0000092 seconds
[2019-01-14T09:12:32.109+0000][6576][safepoint    ] Application time: 0.0123693 seconds
[2019-01-14T09:12:32.110+0000][6576][gc,start     ] GC(16) Pause Young (Allocation Failure)
[2019-01-14T09:12:32.110+0000][6576][gc,task      ] GC(16) Using 2 workers of 2 for evacuation
[2019-01-14T09:12:32.147+0000][6576][gc,age       ] GC(16) Desired survivor size 4456448 bytes, new threshold 1 (max threshold 6)
[2019-01-14T09:12:32.148+0000][6576][gc,age       ] GC(16) Age table with threshold 1 (max threshold 6)
[2019-01-14T09:12:32.148+0000][6576][gc,age       ] GC(16) - age   1:    5225544 bytes,    5225544 total
[2019-01-14T09:12:32.148+0000][6576][gc,heap      ] GC(16) ParNew: 78656K->8704K(78656K)
[2019-01-14T09:12:32.148+0000][6576][gc,heap      ] GC(16) CMS: 30288K->41451K(174784K)
[2019-01-14T09:12:32.148+0000][6576][gc,metaspace ] GC(16) Metaspace: 38603K->38603K(1085440K)
[2019-01-14T09:12:32.148+0000][6576][gc           ] GC(16) Pause Young (Allocation Failure) 106M->48M(247M) 38.087ms
[2019-01-14T09:12:32.148+0000][6576][gc,cpu       ] GC(16) User=0.07s Sys=0.00s Real=0.04s
[2019-01-14T09:12:32.148+0000][6576][safepoint    ] Total time for which application threads were stopped: 0.0381771 seconds, Stopping threads took: 0.0000115 seconds
[2019-01-14T09:12:32.149+0000][6576][safepoint    ] Application time: 0.0016779 seconds
[2019-01-14T09:12:32.150+0000][6576][gc,start     ] GC(17) Pause Initial Mark
[2019-01-14T09:12:32.154+0000][6576][gc           ] GC(17) Pause Initial Mark 50M->50M(247M) 4.432ms
[2019-01-14T09:12:32.154+0000][6576][gc,cpu       ] GC(17) User=0.01s Sys=0.00s Real=0.01s
[2019-01-14T09:12:32.154+0000][6576][safepoint    ] Total time for which application threads were stopped: 0.0045953 seconds, Stopping threads took: 0.0000739 seconds
[2019-01-14T09:12:32.154+0000][6576][gc           ] GC(17) Concurrent Mark
[2019-01-14T09:12:32.187+0000][6576][safepoint    ] Application time: 0.0325919 seconds
[2019-01-14T09:12:32.187+0000][6576][safepoint    ] Total time for which application threads were stopped: 0.0001498 seconds, Stopping threads took: 0.0000038 seconds
[2019-01-14T09:12:32.221+0000][6576][gc           ] GC(17) Concurrent Mark 66.667ms
[2019-01-14T09:12:32.221+0000][6576][gc,cpu       ] GC(17) User=0.11s Sys=0.01s Real=0.07s
[2019-01-14T09:12:32.221+0000][6576][gc           ] GC(17) Concurrent Preclean
[2019-01-14T09:12:32.225+0000][6576][gc           ] GC(17) Concurrent Preclean 4.498ms
[2019-01-14T09:12:32.225+0000][6576][gc,cpu       ] GC(17) User=0.01s Sys=0.00s Real=0.00s
[2019-01-14T09:12:32.225+0000][6576][gc           ] GC(17) Concurrent Abortable Preclean
[2019-01-14T09:12:32.257+0000][6576][safepoint    ] Application time: 0.0704637 seconds
[2019-01-14T09:12:32.259+0000][6576][safepoint    ] Total time for which application threads were stopped: 0.0015486 seconds, Stopping threads took: 0.0000476 seconds
[2019-01-14T09:12:32.371+0000][6576][safepoint    ] Application time: 0.1123199 seconds
[2019-01-14T09:12:32.371+0000][6576][safepoint    ] Total time for which application threads were stopped: 0.0001707 seconds, Stopping threads took: 0.0000130 seconds
[2019-01-14T09:12:32.432+0000][6576][safepoint    ] Application time: 0.0609316 seconds
[2019-01-14T09:12:32.433+0000][6576][safepoint    ] Total time for which application threads were stopped: 0.0001438 seconds, Stopping threads took: 0.0000039 seconds
[2019-01-14T09:12:32.568+0000][6576][safepoint    ] Application time: 0.1356663 seconds
[2019-01-14T09:12:32.569+0000][6576][safepoint    ] Total time for which application threads were stopped: 0.0003000 seconds, Stopping threads took: 0.0000043 seconds
[2019-01-14T09:12:32.617+0000][6576][safepoint    ] Application time: 0.0487007 seconds
[2019-01-14T09:12:32.618+0000][6576][safepoint    ] Total time for which application threads were stopped: 0.0001496 seconds, Stopping threads took: 0.0000112 seconds
[2019-01-14T09:12:32.734+0000][6576][safepoint    ] Application time: 0.1166160 seconds
[2019-01-14T09:12:32.734+0000][6576][safepoint    ] Total time for which application threads were stopped: 0.0001928 seconds, Stopping threads took: 0.0000263 seconds
[2019-01-14T09:12:32.847+0000][6576][safepoint    ] Application time: 0.1123768 seconds
[2019-01-14T09:12:32.847+0000][6576][safepoint    ] Total time for which application threads were stopped: 0.0001692 seconds, Stopping threads took: 0.0000167 seconds
[2019-01-14T09:12:32.903+0000][6576][safepoint    ] Application time: 0.0563303 seconds
[2019-01-14T09:12:32.904+0000][6576][safepoint    ] Total time for which application threads were stopped: 0.0001241 seconds, Stopping threads took: 0.0000089 seconds
[2019-01-14T09:12:33.009+0000][6576][safepoint    ] Application time: 0.1049500 seconds
[2019-01-14T09:12:33.009+0000][6576][safepoint    ] Total time for which application threads were stopped: 0.0001598 seconds, Stopping threads took: 0.0000112 seconds
[2019-01-14T09:12:33.094+0000][6576][safepoint    ] Application time: 0.0850256 seconds
[2019-01-14T09:12:33.094+0000][6576][safepoint    ] Total time for which application threads were stopped: 0.0003808 seconds, Stopping threads took: 0.0000229 seconds
[2019-01-14T09:12:33.146+0000][6576][safepoint    ] Application time: 0.0514744 seconds
[2019-01-14T09:12:33.146+0000][6576][safepoint    ] Total time for which application threads were stopped: 0.0001419 seconds, Stopping threads took: 0.0000040 seconds
[2019-01-14T09:12:33.205+0000][6576][safepoint    ] Application time: 0.0594747 seconds
[2019-01-14T09:12:33.206+0000][6576][safepoint    ] Total time for which application threads were stopped: 0.0003046 seconds, Stopping threads took: 0.0000121 seconds
[2019-01-14T09:12:33.285+0000][6576][safepoint    ] Application time: 0.0794513 seconds
[2019-01-14T09:12:33.285+0000][6576][safepoint    ] Total time for which application threads were stopped: 0.0001453 seconds, Stopping threads took: 0.0000037 seconds
[2019-01-14T09:12:33.447+0000][6576][safepoint    ] Application time: 0.1612723 seconds
[2019-01-14T09:12:33.448+0000][6576][safepoint    ] Total time for which application threads were stopped: 0.0009727 seconds, Stopping threads took: 0.0008035 seconds
[2019-01-14T09:12:33.483+0000][6576][safepoint    ] Application time: 0.0353167 seconds
[2019-01-14T09:12:33.483+0000][6576][safepoint    ] Total time for which application threads were stopped: 0.0001528 seconds, Stopping threads took: 0.0000191 seconds
[2019-01-14T09:12:33.529+0000][6576][safepoint    ] Application time: 0.0462002 seconds
[2019-01-14T09:12:33.530+0000][6576][safepoint    ] Total time for which application threads were stopped: 0.0001313 seconds, Stopping threads took: 0.0000038 seconds
[2019-01-14T09:12:33.582+0000][6576][safepoint    ] Application time: 0.0520303 seconds
[2019-01-14T09:12:33.582+0000][6576][safepoint    ] Total time for which application threads were stopped: 0.0001402 seconds, Stopping threads took: 0.0000038 seconds
[2019-01-14T09:12:33.627+0000][6576][safepoint    ] Application time: 0.0455521 seconds
[2019-01-14T09:12:33.628+0000][6576][safepoint    ] Total time for which application threads were stopped: 0.0001407 seconds, Stopping threads took: 0.0000135 seconds
[2019-01-14T09:12:33.706+0000][6576][safepoint    ] Application time: 0.0779391 seconds
[2019-01-14T09:12:33.706+0000][6576][safepoint    ] Total time for which application threads were stopped: 0.0001686 seconds, Stopping threads took: 0.0000124 seconds
[2019-01-14T09:12:33.750+0000][6576][safepoint    ] Application time: 0.0437766 seconds
[2019-01-14T09:12:33.750+0000][6576][safepoint    ] Total time for which application threads were stopped: 0.0000990 seconds, Stopping threads took: 0.0000106 seconds
[2019-01-14T09:12:33.811+0000][6576][safepoint    ] Application time: 0.0614729 seconds
[2019-01-14T09:12:33.811+0000][6576][safepoint    ] Total time for which application threads were stopped: 0.0001907 seconds, Stopping threads took: 0.0000137 seconds
[2019-01-14T09:12:33.871+0000][6576][safepoint    ] Application time: 0.0598967 seconds
[2019-01-14T09:12:33.871+0000][6576][safepoint    ] Total time for which application threads were stopped: 0.0000833 seconds, Stopping threads took: 0.0000115 seconds
[2019-01-14T09:12:33.898+0000][6576][safepoint    ] Application time: 0.0262856 seconds
[2019-01-14T09:12:33.898+0000][6576][safepoint    ] Total time for which application threads were stopped: 0.0001475 seconds, Stopping threads took: 0.0000102 seconds
[2019-01-14T09:12:33.932+0000][6576][safepoint    ] Application time: 0.0336467 seconds
[2019-01-14T09:12:33.932+0000][6576][safepoint    ] Total time for which application threads were stopped: 0.0000768 seconds, Stopping threads took: 0.0000037 seconds
[2019-01-14T09:12:33.949+0000][6576][safepoint    ] Application time: 0.0169701 seconds
[2019-01-14T09:12:33.949+0000][6576][safepoint    ] Total time for which application threads were stopped: 0.0001184 seconds, Stopping threads took: 0.0000033 seconds
[2019-01-14T09:12:33.976+0000][6576][safepoint    ] Application time: 0.0270493 seconds
[2019-01-14T09:12:33.976+0000][6576][safepoint    ] Total time for which application threads were stopped: 0.0001718 seconds, Stopping threads took: 0.0000043 seconds
[2019-01-14T09:12:34.033+0000][6576][safepoint    ] Application time: 0.0574073 seconds
[2019-01-14T09:12:34.034+0000][6576][safepoint    ] Total time for which application threads were stopped: 0.0001063 seconds, Stopping threads took: 0.0000187 seconds
[2019-01-14T09:12:34.054+0000][6576][safepoint    ] Application time: 0.0203766 seconds
[2019-01-14T09:12:34.054+0000][6576][gc,start     ] GC(18) Pause Young (Allocation Failure)
[2019-01-14T09:12:34.054+0000][6576][gc,task      ] GC(18) Using 2 workers of 2 for evacuation
[2019-01-14T09:12:34.082+0000][6576][gc,age       ] GC(18) Desired survivor size 4456448 bytes, new threshold 6 (max threshold 6)
[2019-01-14T09:12:34.082+0000][6576][gc,age       ] GC(18) Age table with threshold 6 (max threshold 6)
[2019-01-14T09:12:34.082+0000][6576][gc,age       ] GC(18) - age   1:    2212864 bytes,    2212864 total
[2019-01-14T09:12:34.082+0000][6576][gc,heap      ] GC(18) ParNew: 78656K->4002K(78656K)
[2019-01-14T09:12:34.082+0000][6576][gc,heap      ] GC(18) CMS: 41451K->46593K(174784K)
[2019-01-14T09:12:34.082+0000][6576][gc,metaspace ] GC(18) Metaspace: 46999K->46999K(1093632K)
[2019-01-14T09:12:34.082+0000][6576][gc           ] GC(18) Pause Young (Allocation Failure) 117M->49M(247M) 27.499ms
[2019-01-14T09:12:34.082+0000][6576][gc,cpu       ] GC(18) User=0.04s Sys=0.00s Real=0.03s
[2019-01-14T09:12:34.082+0000][6576][safepoint    ] Total time for which application threads were stopped: 0.0277043 seconds, Stopping threads took: 0.0000403 seconds
[2019-01-14T09:12:34.148+0000][6576][safepoint    ] Application time: 0.0662462 seconds
[2019-01-14T09:12:34.148+0000][6576][safepoint    ] Total time for which application threads were stopped: 0.0002438 seconds, Stopping threads took: 0.0000266 seconds
[2019-01-14T09:12:34.200+0000][6576][safepoint    ] Application time: 0.0517562 seconds
[2019-01-14T09:12:34.200+0000][6576][safepoint    ] Total time for which application threads were stopped: 0.0002937 seconds, Stopping threads took: 0.0000156 seconds
[2019-01-14T09:12:34.249+0000][6576][safepoint    ] Application time: 0.0483823 seconds
[2019-01-14T09:12:34.249+0000][6576][safepoint    ] Total time for which application threads were stopped: 0.0001618 seconds, Stopping threads took: 0.0000127 seconds
[2019-01-14T09:12:34.339+0000][6576][safepoint    ] Application time: 0.0903931 seconds
[2019-01-14T09:12:34.340+0000][6576][safepoint    ] Total time for which application threads were stopped: 0.0001818 seconds, Stopping threads took: 0.0000115 seconds
[2019-01-14T09:12:34.382+0000][6576][safepoint    ] Application time: 0.0423466 seconds
[2019-01-14T09:12:34.382+0000][6576][safepoint    ] Total time for which application threads were stopped: 0.0001627 seconds, Stopping threads took: 0.0000103 seconds
[2019-01-14T09:12:34.662+0000][6576][safepoint    ] Application time: 0.2798502 seconds
[2019-01-14T09:12:34.662+0000][6576][safepoint    ] Total time for which application threads were stopped: 0.0001648 seconds, Stopping threads took: 0.0000112 seconds
[2019-01-14T09:12:35.142+0000][6576][safepoint    ] Application time: 0.4792775 seconds
[2019-01-14T09:12:35.142+0000][6576][safepoint    ] Total time for which application threads were stopped: 0.0000968 seconds, Stopping threads took: 0.0000123 seconds
[2019-01-14T09:12:35.255+0000][6576][safepoint    ] Application time: 0.1131049 seconds
[2019-01-14T09:12:35.255+0000][6576][safepoint    ] Total time for which application threads were stopped: 0.0001833 seconds, Stopping threads took: 0.0000131 seconds
[2019-01-14T09:12:35.255+0000][6576][gc           ] GC(17) Concurrent Abortable Preclean 3029.753ms
[2019-01-14T09:12:35.255+0000][6576][gc,cpu       ] GC(17) User=4.17s Sys=0.55s Real=3.03s
[2019-01-14T09:12:35.255+0000][6576][safepoint    ] Application time: 0.0000501 seconds
[2019-01-14T09:12:35.255+0000][6576][gc,start     ] GC(17) Pause Remark
[2019-01-14T09:12:35.280+0000][6576][gc           ] GC(17) Pause Remark 88M->88M(247M) 24.404ms
[2019-01-14T09:12:35.280+0000][6576][gc,cpu       ] GC(17) User=0.03s Sys=0.00s Real=0.02s
[2019-01-14T09:12:35.280+0000][6576][safepoint    ] Total time for which application threads were stopped: 0.0245178 seconds, Stopping threads took: 0.0000414 seconds
[2019-01-14T09:12:35.280+0000][6576][gc           ] GC(17) Concurrent Sweep
[2019-01-14T09:12:35.298+0000][6576][gc           ] GC(17) Concurrent Sweep 18.279ms
[2019-01-14T09:12:35.298+0000][6576][gc,cpu       ] GC(17) User=0.03s Sys=0.00s Real=0.02s
[2019-01-14T09:12:35.298+0000][6576][gc           ] GC(17) Concurrent Reset
[2019-01-14T09:12:35.299+0000][6576][gc           ] GC(17) Concurrent Reset 0.194ms
[2019-01-14T09:12:35.299+0000][6576][gc,cpu       ] GC(17) User=0.00s Sys=0.00s Real=0.00s
[2019-01-14T09:12:35.299+0000][6576][gc,heap      ] GC(17) Old: 41451K->46402K(174784K)
[2019-01-14T09:12:35.597+0000][6576][safepoint    ] Application time: 0.3173364 seconds
[2019-01-14T09:12:35.597+0000][6576][safepoint    ] Total time for which application threads were stopped: 0.0001002 seconds, Stopping threads took: 0.0000144 seconds
[2019-01-14T09:12:35.732+0000][6576][safepoint    ] Application time: 0.1353330 seconds
[2019-01-14T09:12:35.733+0000][6576][gc,start     ] GC(19) Pause Young (Allocation Failure)
[2019-01-14T09:12:35.733+0000][6576][gc,task      ] GC(19) Using 2 workers of 2 for evacuation
[2019-01-14T09:12:35.751+0000][6576][gc,age       ] GC(19) Desired survivor size 4456448 bytes, new threshold 2 (max threshold 6)
[2019-01-14T09:12:35.751+0000][6576][gc,age       ] GC(19) Age table with threshold 2 (max threshold 6)
[2019-01-14T09:12:35.751+0000][6576][gc,age       ] GC(19) - age   1:    2948640 bytes,    2948640 total
[2019-01-14T09:12:35.751+0000][6576][gc,age       ] GC(19) - age   2:    2129176 bytes,    5077816 total
[2019-01-14T09:12:35.751+0000][6576][gc,heap      ] GC(19) ParNew: 73954K->6338K(78656K)
[2019-01-14T09:12:35.751+0000][6576][gc,heap      ] GC(19) CMS: 46402K->46402K(174784K)
[2019-01-14T09:12:35.751+0000][6576][gc,metaspace ] GC(19) Metaspace: 52214K->52214K(1097728K)
[2019-01-14T09:12:35.751+0000][6576][gc           ] GC(19) Pause Young (Allocation Failure) 117M->51M(247M) 18.514ms
[2019-01-14T09:12:35.751+0000][6576][gc,cpu       ] GC(19) User=0.03s Sys=0.00s Real=0.01s
[2019-01-14T09:12:35.751+0000][6576][safepoint    ] Total time for which application threads were stopped: 0.0186205 seconds, Stopping threads took: 0.0000043 seconds
[2019-01-14T09:12:35.874+0000][6576][safepoint    ] Application time: 0.1223956 seconds
[2019-01-14T09:12:35.874+0000][6576][safepoint    ] Total time for which application threads were stopped: 0.0002897 seconds, Stopping threads took: 0.0000109 seconds
[2019-01-14T09:12:35.902+0000][6576][safepoint    ] Application time: 0.0279511 seconds
[2019-01-14T09:12:35.902+0000][6576][safepoint    ] Total time for which application threads were stopped: 0.0000805 seconds, Stopping threads took: 0.0000402 seconds
[2019-01-14T09:12:35.902+0000][6576][safepoint    ] Application time: 0.0000357 seconds
[2019-01-14T09:12:35.902+0000][6576][safepoint    ] Total time for which application threads were stopped: 0.0000243 seconds, Stopping threads took: 0.0000053 seconds
[2019-01-14T09:12:35.902+0000][6576][safepoint    ] Application time: 0.0000156 seconds
[2019-01-14T09:12:35.902+0000][6576][safepoint    ] Total time for which application threads were stopped: 0.0000183 seconds, Stopping threads took: 0.0000047 seconds
[2019-01-14T09:12:35.903+0000][6576][safepoint    ] Application time: 0.0010520 seconds
[2019-01-14T09:12:35.903+0000][6576][safepoint    ] Total time for which application threads were stopped: 0.0000368 seconds, Stopping threads took: 0.0000108 seconds
[2019-01-14T09:12:35.904+0000][6576][safepoint    ] Application time: 0.0006371 seconds
[2019-01-14T09:12:35.904+0000][6576][safepoint    ] Total time for which application threads were stopped: 0.0000554 seconds, Stopping threads took: 0.0000157 seconds
[2019-01-14T09:12:35.905+0000][6576][safepoint    ] Application time: 0.0006465 seconds
[2019-01-14T09:12:35.905+0000][6576][safepoint    ] Total time for which application threads were stopped: 0.0000737 seconds, Stopping threads took: 0.0000165 seconds
[2019-01-14T09:12:35.910+0000][6576][safepoint    ] Application time: 0.0054571 seconds
[2019-01-14T09:12:35.910+0000][6576][safepoint    ] Total time for which application threads were stopped: 0.0000553 seconds, Stopping threads took: 0.0000156 seconds
[2019-01-14T09:12:35.910+0000][6576][safepoint    ] Application time: 0.0000245 seconds
[2019-01-14T09:12:35.910+0000][6576][safepoint    ] Total time for which application threads were stopped: 0.0000160 seconds, Stopping threads took: 0.0000010 seconds
[2019-01-14T09:12:35.910+0000][6576][safepoint    ] Application time: 0.0000128 seconds
[2019-01-14T09:12:35.910+0000][6576][safepoint    ] Total time for which application threads were stopped: 0.0000130 seconds, Stopping threads took: 0.0000007 seconds
[2019-01-14T09:12:35.910+0000][6576][safepoint    ] Application time: 0.0000135 seconds
[2019-01-14T09:12:35.910+0000][6576][safepoint    ] Total time for which application threads were stopped: 0.0000127 seconds, Stopping threads took: 0.0000006 seconds
[2019-01-14T09:12:35.910+0000][6576][safepoint    ] Application time: 0.0000123 seconds
[2019-01-14T09:12:35.910+0000][6576][safepoint    ] Total time for which application threads were stopped: 0.0000139 seconds, Stopping threads took: 0.0000006 seconds
[2019-01-14T09:12:35.910+0000][6576][safepoint    ] Application time: 0.0000124 seconds
[2019-01-14T09:12:35.910+0000][6576][safepoint    ] Total time for which application threads were stopped: 0.0000131 seconds, Stopping threads took: 0.0000006 seconds
[2019-01-14T09:12:35.910+0000][6576][safepoint    ] Application time: 0.0000122 seconds
[2019-01-14T09:12:35.910+0000][6576][safepoint    ] Total time for which application threads were stopped: 0.0000125 seconds, Stopping threads took: 0.0000006 seconds
[2019-01-14T09:12:35.910+0000][6576][safepoint    ] Application time: 0.0000132 seconds
[2019-01-14T09:12:35.911+0000][6576][safepoint    ] Total time for which application threads were stopped: 0.0000124 seconds, Stopping threads took: 0.0000005 seconds
[2019-01-14T09:12:35.911+0000][6576][safepoint    ] Application time: 0.0000131 seconds
[2019-01-14T09:12:35.911+0000][6576][safepoint    ] Total time for which application threads were stopped: 0.0000209 seconds, Stopping threads took: 0.0000020 seconds
[2019-01-14T09:12:35.911+0000][6576][safepoint    ] Application time: 0.0000190 seconds
[2019-01-14T09:12:35.911+0000][6576][safepoint    ] Total time for which application threads were stopped: 0.0000127 seconds, Stopping threads took: 0.0000006 seconds
[2019-01-14T09:12:35.911+0000][6576][safepoint    ] Application time: 0.0000137 seconds
[2019-01-14T09:12:35.911+0000][6576][safepoint    ] Total time for which application threads were stopped: 0.0000133 seconds, Stopping threads took: 0.0000007 seconds
[2019-01-14T09:12:35.911+0000][6576][safepoint    ] Application time: 0.0000124 seconds
[2019-01-14T09:12:35.911+0000][6576][safepoint    ] Total time for which application threads were stopped: 0.0000141 seconds, Stopping threads took: 0.0000007 seconds
[2019-01-14T09:12:35.911+0000][6576][safepoint    ] Application time: 0.0000122 seconds
[2019-01-14T09:12:35.911+0000][6576][safepoint    ] Total time for which application threads were stopped: 0.0000127 seconds, Stopping threads took: 0.0000006 seconds
[2019-01-14T09:12:35.911+0000][6576][safepoint    ] Application time: 0.0000124 seconds
[2019-01-14T09:12:35.911+0000][6576][safepoint    ] Total time for which application threads were stopped: 0.0000124 seconds, Stopping threads took: 0.0000006 seconds
[2019-01-14T09:12:35.911+0000][6576][safepoint    ] Application time: 0.0000133 seconds
[2019-01-14T09:12:35.911+0000][6576][safepoint    ] Total time for which application threads were stopped: 0.0000123 seconds, Stopping threads took: 0.0000006 seconds
[2019-01-14T09:12:35.911+0000][6576][safepoint    ] Application time: 0.0000124 seconds
[2019-01-14T09:12:35.911+0000][6576][safepoint    ] Total time for which application threads were stopped: 0.0000129 seconds, Stopping threads took: 0.0000006 seconds
[2019-01-14T09:12:35.911+0000][6576][safepoint    ] Application time: 0.0000123 seconds
[2019-01-14T09:12:35.911+0000][6576][safepoint    ] Total time for which application threads were stopped: 0.0000182 seconds, Stopping threads took: 0.0000006 seconds
[2019-01-14T09:12:35.911+0000][6576][safepoint    ] Application time: 0.0000127 seconds
[2019-01-14T09:12:35.911+0000][6576][safepoint    ] Total time for which application threads were stopped: 0.0000546 seconds, Stopping threads took: 0.0000006 seconds
[2019-01-14T09:12:35.911+0000][6576][safepoint    ] Application time: 0.0000410 seconds
[2019-01-14T09:12:35.911+0000][6576][safepoint    ] Total time for which application threads were stopped: 0.0000352 seconds, Stopping threads took: 0.0000010 seconds
[2019-01-14T09:12:35.911+0000][6576][safepoint    ] Application time: 0.0000200 seconds
[2019-01-14T09:12:35.911+0000][6576][safepoint    ] Total time for which application threads were stopped: 0.0000185 seconds, Stopping threads took: 0.0000006 seconds
[2019-01-14T09:12:35.911+0000][6576][safepoint    ] Application time: 0.0000171 seconds
[2019-01-14T09:12:35.911+0000][6576][safepoint    ] Total time for which application threads were stopped: 0.0000137 seconds, Stopping threads took: 0.0000006 seconds
[2019-01-14T09:12:35.911+0000][6576][safepoint    ] Application time: 0.0000287 seconds
[2019-01-14T09:12:35.911+0000][6576][safepoint    ] Total time for which application threads were stopped: 0.0000124 seconds, Stopping threads took: 0.0000005 seconds
[2019-01-14T09:12:35.911+0000][6576][safepoint    ] Application time: 0.0001021 seconds
[2019-01-14T09:12:35.911+0000][6576][safepoint    ] Total time for which application threads were stopped: 0.0000283 seconds, Stopping threads took: 0.0000068 seconds
[2019-01-14T09:12:35.911+0000][6576][safepoint    ] Application time: 0.0000161 seconds
[2019-01-14T09:12:35.911+0000][6576][safepoint    ] Total time for which application threads were stopped: 0.0000196 seconds, Stopping threads took: 0.0000050 seconds
[2019-01-14T09:12:35.911+0000][6576][safepoint    ] Application time: 0.0000135 seconds
[2019-01-14T09:12:35.911+0000][6576][safepoint    ] Total time for which application threads were stopped: 0.0000183 seconds, Stopping threads took: 0.0000046 seconds
[2019-01-14T09:12:35.911+0000][6576][safepoint    ] Application time: 0.0000137 seconds
[2019-01-14T09:12:35.911+0000][6576][safepoint    ] Total time for which application threads were stopped: 0.0000183 seconds, Stopping threads took: 0.0000046 seconds
[2019-01-14T09:12:35.911+0000][6576][safepoint    ] Application time: 0.0000144 seconds
[2019-01-14T09:12:35.912+0000][6576][safepoint    ] Total time for which application threads were stopped: 0.0000342 seconds, Stopping threads took: 0.0000046 seconds
[2019-01-14T09:12:35.912+0000][6576][safepoint    ] Application time: 0.0000187 seconds
[2019-01-14T09:12:35.912+0000][6576][safepoint    ] Total time for which application threads were stopped: 0.0000232 seconds, Stopping threads took: 0.0000051 seconds
[2019-01-14T09:12:35.912+0000][6576][safepoint    ] Application time: 0.0000136 seconds
[2019-01-14T09:12:35.912+0000][6576][safepoint    ] Total time for which application threads were stopped: 0.0000181 seconds, Stopping threads took: 0.0000045 seconds
[2019-01-14T09:12:35.912+0000][6576][safepoint    ] Application time: 0.0000132 seconds
[2019-01-14T09:12:35.912+0000][6576][safepoint    ] Total time for which application threads were stopped: 0.0000179 seconds, Stopping threads took: 0.0000045 seconds
[2019-01-14T09:12:35.912+0000][6576][safepoint    ] Application time: 0.0000135 seconds
[2019-01-14T09:12:35.912+0000][6576][safepoint    ] Total time for which application threads were stopped: 0.0000183 seconds, Stopping threads took: 0.0000046 seconds
[2019-01-14T09:12:35.912+0000][6576][safepoint    ] Application time: 0.0000133 seconds
[2019-01-14T09:12:35.912+0000][6576][safepoint    ] Total time for which application threads were stopped: 0.0000180 seconds, Stopping threads took: 0.0000045 seconds
[2019-01-14T09:12:35.912+0000][6576][safepoint    ] Application time: 0.0000132 seconds
[2019-01-14T09:12:35.912+0000][6576][safepoint    ] Total time for which application threads were stopped: 0.0000180 seconds, Stopping threads took: 0.0000044 seconds
[2019-01-14T09:12:35.912+0000][6576][safepoint    ] Application time: 0.0000135 seconds
[2019-01-14T09:12:35.912+0000][6576][safepoint    ] Total time for which application threads were stopped: 0.0000181 seconds, Stopping threads took: 0.0000045 seconds
[2019-01-14T09:12:35.912+0000][6576][safepoint    ] Application time: 0.0000131 seconds
[2019-01-14T09:12:35.912+0000][6576][safepoint    ] Total time for which application threads were stopped: 0.0000181 seconds, Stopping threads took: 0.0000045 seconds
[2019-01-14T09:12:35.912+0000][6576][safepoint    ] Application time: 0.0000133 seconds
[2019-01-14T09:12:35.912+0000][6576][safepoint    ] Total time for which application threads were stopped: 0.0000178 seconds, Stopping threads took: 0.0000045 seconds
[2019-01-14T09:12:35.912+0000][6576][safepoint    ] Application time: 0.0000133 seconds
[2019-01-14T09:12:35.912+0000][6576][safepoint    ] Total time for which application threads were stopped: 0.0000178 seconds, Stopping threads took: 0.0000045 seconds
[2019-01-14T09:12:35.912+0000][6576][safepoint    ] Application time: 0.0000142 seconds
[2019-01-14T09:12:35.912+0000][6576][safepoint    ] Total time for which application threads were stopped: 0.0000475 seconds, Stopping threads took: 0.0000045 seconds
[2019-01-14T09:12:35.912+0000][6576][safepoint    ] Application time: 0.0000210 seconds
[2019-01-14T09:12:35.912+0000][6576][safepoint    ] Total time for which application threads were stopped: 0.0000259 seconds, Stopping threads took: 0.0000058 seconds
[2019-01-14T09:12:35.916+0000][6576][safepoint    ] Application time: 0.0042890 seconds
[2019-01-14T09:12:35.917+0000][6576][safepoint    ] Total time for which application threads were stopped: 0.0001221 seconds, Stopping threads took: 0.0000045 seconds
[2019-01-14T09:12:35.917+0000][6576][safepoint    ] Application time: 0.0000630 seconds
[2019-01-14T09:12:35.917+0000][6576][safepoint    ] Total time for which application threads were stopped: 0.0000380 seconds, Stopping threads took: 0.0000011 seconds
[2019-01-14T09:12:35.917+0000][6576][safepoint    ] Application time: 0.0007169 seconds
[2019-01-14T09:12:35.917+0000][6576][safepoint    ] Total time for which application threads were stopped: 0.0000506 seconds, Stopping threads took: 0.0000033 seconds
[2019-01-14T09:12:35.920+0000][6576][safepoint    ] Application time: 0.0026934 seconds
[2019-01-14T09:12:35.920+0000][6576][safepoint    ] Total time for which application threads were stopped: 0.0000672 seconds, Stopping threads took: 0.0000103 seconds
[2019-01-14T09:12:35.920+0000][6576][safepoint    ] Application time: 0.0000252 seconds
[2019-01-14T09:12:35.920+0000][6576][safepoint    ] Total time for which application threads were stopped: 0.0000327 seconds, Stopping threads took: 0.0000053 seconds
[2019-01-14T09:12:35.921+0000][6576][safepoint    ] Application time: 0.0005149 seconds
[2019-01-14T09:12:35.921+0000][6576][safepoint    ] Total time for which application threads were stopped: 0.0000508 seconds, Stopping threads took: 0.0000104 seconds
[2019-01-14T09:12:35.922+0000][6576][safepoint    ] Application time: 0.0013590 seconds
[2019-01-14T09:12:35.922+0000][6576][safepoint    ] Total time for which application threads were stopped: 0.0000818 seconds, Stopping threads took: 0.0000128 seconds
[2019-01-14T09:12:35.923+0000][6576][safepoint    ] Application time: 0.0001664 seconds
[2019-01-14T09:12:35.923+0000][6576][safepoint    ] Total time for which application threads were stopped: 0.0000415 seconds, Stopping threads took: 0.0000067 seconds
[2019-01-14T09:12:35.923+0000][6576][safepoint    ] Application time: 0.0003454 seconds
[2019-01-14T09:12:35.923+0000][6576][safepoint    ] Total time for which application threads were stopped: 0.0000869 seconds, Stopping threads took: 0.0000216 seconds
[2019-01-14T09:12:35.923+0000][6576][safepoint    ] Application time: 0.0000350 seconds
[2019-01-14T09:12:35.923+0000][6576][safepoint    ] Total time for which application threads were stopped: 0.0000250 seconds, Stopping threads took: 0.0000051 seconds
[2019-01-14T09:12:35.924+0000][6576][safepoint    ] Application time: 0.0004805 seconds
[2019-01-14T09:12:35.924+0000][6576][safepoint    ] Total time for which application threads were stopped: 0.0000375 seconds, Stopping threads took: 0.0000078 seconds
[2019-01-14T09:12:35.924+0000][6576][safepoint    ] Application time: 0.0000201 seconds
[2019-01-14T09:12:35.924+0000][6576][safepoint    ] Total time for which application threads were stopped: 0.0000259 seconds, Stopping threads took: 0.0000051 seconds
[2019-01-14T09:12:35.927+0000][6576][safepoint    ] Application time: 0.0034253 seconds
[2019-01-14T09:12:35.927+0000][6576][safepoint    ] Total time for which application threads were stopped: 0.0000683 seconds, Stopping threads took: 0.0000106 seconds
[2019-01-14T09:12:35.931+0000][6576][safepoint    ] Application time: 0.0037322 seconds
[2019-01-14T09:12:35.931+0000][6576][safepoint    ] Total time for which application threads were stopped: 0.0000656 seconds, Stopping threads took: 0.0000104 seconds
[2019-01-14T09:12:35.931+0000][6576][safepoint    ] Application time: 0.0000271 seconds
[2019-01-14T09:12:35.931+0000][6576][safepoint    ] Total time for which application threads were stopped: 0.0000298 seconds, Stopping threads took: 0.0000055 seconds
[2019-01-14T09:12:36.133+0000][6576][safepoint    ] Application time: 0.2014765 seconds
[2019-01-14T09:12:36.135+0000][6576][safepoint    ] Total time for which application threads were stopped: 0.0026885 seconds, Stopping threads took: 0.0025047 seconds
[2019-01-14T09:12:36.137+0000][6576][safepoint    ] Application time: 0.0010381 seconds
[2019-01-14T09:12:36.137+0000][6576][safepoint    ] Total time for which application threads were stopped: 0.0003001 seconds, Stopping threads took: 0.0002430 seconds
[2019-01-14T09:12:36.137+0000][6576][safepoint    ] Application time: 0.0001570 seconds
[2019-01-14T09:12:36.137+0000][6576][safepoint    ] Total time for which application threads were stopped: 0.0000736 seconds, Stopping threads took: 0.0000316 seconds
[2019-01-14T09:12:36.138+0000][6576][safepoint    ] Application time: 0.0004649 seconds
[2019-01-14T09:12:36.138+0000][6576][safepoint    ] Total time for which application threads were stopped: 0.0001287 seconds, Stopping threads took: 0.0000190 seconds
[2019-01-14T09:12:36.138+0000][6576][safepoint    ] Application time: 0.0002272 seconds
[2019-01-14T09:12:36.139+0000][6576][safepoint    ] Total time for which application threads were stopped: 0.0004450 seconds, Stopping threads took: 0.0003772 seconds
[2019-01-14T09:12:36.139+0000][6576][safepoint    ] Application time: 0.0002205 seconds
[2019-01-14T09:12:36.139+0000][6576][safepoint    ] Total time for which application threads were stopped: 0.0005309 seconds, Stopping threads took: 0.0004897 seconds
[2019-01-14T09:12:36.140+0000][6576][safepoint    ] Application time: 0.0005191 seconds
[2019-01-14T09:12:36.140+0000][6576][safepoint    ] Total time for which application threads were stopped: 0.0000420 seconds, Stopping threads took: 0.0000023 seconds
[2019-01-14T09:12:36.140+0000][6576][safepoint    ] Application time: 0.0000181 seconds
[2019-01-14T09:12:36.140+0000][6576][safepoint    ] Total time for which application threads were stopped: 0.0000522 seconds, Stopping threads took: 0.0000008 seconds
[2019-01-14T09:12:36.140+0000][6576][safepoint    ] Application time: 0.0000195 seconds
[2019-01-14T09:12:36.140+0000][6576][safepoint    ] Total time for which application threads were stopped: 0.0001399 seconds, Stopping threads took: 0.0000008 seconds
[2019-01-14T09:12:36.140+0000][6576][safepoint    ] Application time: 0.0001629 seconds
[2019-01-14T09:12:36.140+0000][6576][safepoint    ] Total time for which application threads were stopped: 0.0000324 seconds, Stopping threads took: 0.0000019 seconds
[2019-01-14T09:12:36.140+0000][6576][safepoint    ] Application time: 0.0000331 seconds
[2019-01-14T09:12:36.140+0000][6576][safepoint    ] Total time for which application threads were stopped: 0.0000179 seconds, Stopping threads took: 0.0000007 seconds
[2019-01-14T09:12:36.141+0000][6576][safepoint    ] Application time: 0.0000653 seconds
[2019-01-14T09:12:36.141+0000][6576][safepoint    ] Total time for which application threads were stopped: 0.0000190 seconds, Stopping threads took: 0.0000007 seconds
[2019-01-14T09:12:36.141+0000][6576][safepoint    ] Application time: 0.0000168 seconds
[2019-01-14T09:12:36.141+0000][6576][safepoint    ] Total time for which application threads were stopped: 0.0000162 seconds, Stopping threads took: 0.0000007 seconds
[2019-01-14T09:12:36.141+0000][6576][safepoint    ] Application time: 0.0000337 seconds
[2019-01-14T09:12:36.141+0000][6576][safepoint    ] Total time for which application threads were stopped: 0.0000166 seconds, Stopping threads took: 0.0000006 seconds
[2019-01-14T09:12:36.141+0000][6576][safepoint    ] Application time: 0.0000741 seconds
[2019-01-14T09:12:36.141+0000][6576][safepoint    ] Total time for which application threads were stopped: 0.0000518 seconds, Stopping threads took: 0.0000022 seconds
[2019-01-14T09:12:36.141+0000][6576][safepoint    ] Application time: 0.0000218 seconds
[2019-01-14T09:12:36.141+0000][6576][safepoint    ] Total time for which application threads were stopped: 0.0000170 seconds, Stopping threads took: 0.0000006 seconds
[2019-01-14T09:12:36.141+0000][6576][safepoint    ] Application time: 0.0000368 seconds
[2019-01-14T09:12:36.141+0000][6576][safepoint    ] Total time for which application threads were stopped: 0.0000171 seconds, Stopping threads took: 0.0000007 seconds
[2019-01-14T09:12:36.141+0000][6576][safepoint    ] Application time: 0.0000226 seconds
[2019-01-14T09:12:36.141+0000][6576][safepoint    ] Total time for which application threads were stopped: 0.0000344 seconds, Stopping threads took: 0.0000146 seconds
[2019-01-14T09:12:36.141+0000][6576][safepoint    ] Application time: 0.0000961 seconds
[2019-01-14T09:12:36.141+0000][6576][safepoint    ] Total time for which application threads were stopped: 0.0000364 seconds, Stopping threads took: 0.0000008 seconds
[2019-01-14T09:12:36.142+0000][6576][safepoint    ] Application time: 0.0005001 seconds
[2019-01-14T09:12:36.142+0000][6576][safepoint    ] Total time for which application threads were stopped: 0.0000440 seconds, Stopping threads took: 0.0000128 seconds
[2019-01-14T09:12:36.142+0000][6576][safepoint    ] Application time: 0.0001096 seconds
[2019-01-14T09:12:36.142+0000][6576][safepoint    ] Total time for which application threads were stopped: 0.0000441 seconds, Stopping threads took: 0.0000017 seconds
[2019-01-14T09:12:36.142+0000][6576][safepoint    ] Application time: 0.0001059 seconds
[2019-01-14T09:12:36.142+0000][6576][safepoint    ] Total time for which application threads were stopped: 0.0000218 seconds, Stopping threads took: 0.0000011 seconds
[2019-01-14T09:12:36.142+0000][6576][safepoint    ] Application time: 0.0000261 seconds
[2019-01-14T09:12:36.142+0000][6576][safepoint    ] Total time for which application threads were stopped: 0.0000163 seconds, Stopping threads took: 0.0000010 seconds
[2019-01-14T09:12:36.142+0000][6576][safepoint    ] Application time: 0.0000132 seconds
[2019-01-14T09:12:36.142+0000][6576][safepoint    ] Total time for which application threads were stopped: 0.0000150 seconds, Stopping threads took: 0.0000007 seconds
[2019-01-14T09:12:36.142+0000][6576][safepoint    ] Application time: 0.0000128 seconds
[2019-01-14T09:12:36.142+0000][6576][safepoint    ] Total time for which application threads were stopped: 0.0000441 seconds, Stopping threads took: 0.0000006 seconds
[2019-01-14T09:12:36.143+0000][6576][safepoint    ] Application time: 0.0002193 seconds
[2019-01-14T09:12:36.143+0000][6576][safepoint    ] Total time for which application threads were stopped: 0.0000204 seconds, Stopping threads took: 0.0000012 seconds
[2019-01-14T09:12:36.143+0000][6576][safepoint    ] Application time: 0.0000893 seconds
[2019-01-14T09:12:36.143+0000][6576][safepoint    ] Total time for which application threads were stopped: 0.0000731 seconds, Stopping threads took: 0.0000011 seconds
[2019-01-14T09:12:36.143+0000][6576][safepoint    ] Application time: 0.0002247 seconds
[2019-01-14T09:12:36.143+0000][6576][safepoint    ] Total time for which application threads were stopped: 0.0000871 seconds, Stopping threads took: 0.0000153 seconds
[2019-01-14T09:12:36.144+0000][6576][safepoint    ] Application time: 0.0005097 seconds
[2019-01-14T09:12:36.144+0000][6576][safepoint    ] Total time for which application threads were stopped: 0.0000522 seconds, Stopping threads took: 0.0000025 seconds
[2019-01-14T09:12:36.145+0000][6576][safepoint    ] Application time: 0.0010560 seconds
[2019-01-14T09:12:36.145+0000][6576][safepoint    ] Total time for which application threads were stopped: 0.0001515 seconds, Stopping threads took: 0.0000458 seconds
[2019-01-14T09:12:36.145+0000][6576][safepoint    ] Application time: 0.0001184 seconds
[2019-01-14T09:12:36.145+0000][6576][safepoint    ] Total time for which application threads were stopped: 0.0000649 seconds, Stopping threads took: 0.0000135 seconds
[2019-01-14T09:12:36.146+0000][6576][safepoint    ] Application time: 0.0004846 seconds
[2019-01-14T09:12:36.146+0000][6576][safepoint    ] Total time for which application threads were stopped: 0.0005494 seconds, Stopping threads took: 0.0000213 seconds
[2019-01-14T09:12:36.150+0000][6576][safepoint    ] Application time: 0.0031365 seconds
[2019-01-14T09:12:36.150+0000][6576][safepoint    ] Total time for which application threads were stopped: 0.0000830 seconds, Stopping threads took: 0.0000214 seconds
[2019-01-14T09:12:36.150+0000][6576][safepoint    ] Application time: 0.0000435 seconds
[2019-01-14T09:12:36.150+0000][6576][safepoint    ] Total time for which application threads were stopped: 0.0000320 seconds, Stopping threads took: 0.0000066 seconds
[2019-01-14T09:12:36.150+0000][6576][safepoint    ] Application time: 0.0000851 seconds
[2019-01-14T09:12:36.150+0000][6576][safepoint    ] Total time for which application threads were stopped: 0.0000527 seconds, Stopping threads took: 0.0000076 seconds
[2019-01-14T09:12:36.150+0000][6576][safepoint    ] Application time: 0.0000221 seconds
[2019-01-14T09:12:36.150+0000][6576][safepoint    ] Total time for which application threads were stopped: 0.0000237 seconds, Stopping threads took: 0.0000052 seconds
[2019-01-14T09:12:36.158+0000][6576][safepoint    ] Application time: 0.0080941 seconds
[2019-01-14T09:12:36.159+0000][6576][safepoint    ] Total time for which application threads were stopped: 0.0004234 seconds, Stopping threads took: 0.0003403 seconds
[2019-01-14T09:12:36.160+0000][6576][safepoint    ] Application time: 0.0013222 seconds
[2019-01-14T09:12:36.160+0000][6576][safepoint    ] Total time for which application threads were stopped: 0.0001892 seconds, Stopping threads took: 0.0000056 seconds
[2019-01-14T09:12:36.160+0000][6576][safepoint    ] Application time: 0.0000422 seconds
[2019-01-14T09:12:36.160+0000][6576][safepoint    ] Total time for which application threads were stopped: 0.0000539 seconds, Stopping threads took: 0.0000009 seconds
[2019-01-14T09:12:36.161+0000][6576][safepoint    ] Application time: 0.0006495 seconds
[2019-01-14T09:12:36.161+0000][6576][safepoint    ] Total time for which application threads were stopped: 0.0000720 seconds, Stopping threads took: 0.0000033 seconds
[2019-01-14T09:12:36.181+0000][6576][safepoint    ] Application time: 0.0199681 seconds
[2019-01-14T09:12:36.181+0000][6576][safepoint    ] Total time for which application threads were stopped: 0.0000961 seconds, Stopping threads took: 0.0000298 seconds
[2019-01-14T09:12:36.182+0000][6576][safepoint    ] Application time: 0.0004096 seconds
[2019-01-14T09:12:36.182+0000][6576][safepoint    ] Total time for which application threads were stopped: 0.0000517 seconds, Stopping threads took: 0.0000094 seconds
[2019-01-14T09:12:36.298+0000][6576][safepoint    ] Application time: 0.1158425 seconds
[2019-01-14T09:12:36.298+0000][6576][safepoint    ] Total time for which application threads were stopped: 0.0000500 seconds, Stopping threads took: 0.0000122 seconds
[2019-01-14T09:12:36.357+0000][6576][safepoint    ] Application time: 0.0594201 seconds
[2019-01-14T09:12:36.357+0000][6576][safepoint    ] Total time for which application threads were stopped: 0.0000432 seconds, Stopping threads took: 0.0000120 seconds
[2019-01-14T09:12:36.357+0000][6576][safepoint    ] Application time: 0.0000988 seconds
[2019-01-14T09:12:36.357+0000][6576][safepoint    ] Total time for which application threads were stopped: 0.0000290 seconds, Stopping threads took: 0.0000093 seconds
[2019-01-14T09:12:36.358+0000][6576][safepoint    ] Application time: 0.0004999 seconds
[2019-01-14T09:12:36.358+0000][6576][safepoint    ] Total time for which application threads were stopped: 0.0000232 seconds, Stopping threads took: 0.0000075 seconds
[2019-01-14T09:12:36.358+0000][6576][safepoint    ] Application time: 0.0000897 seconds
[2019-01-14T09:12:36.358+0000][6576][safepoint    ] Total time for which application threads were stopped: 0.0000162 seconds, Stopping threads took: 0.0000050 seconds
[2019-01-14T09:12:36.615+0000][6576][safepoint    ] Application time: 0.2569176 seconds
[2019-01-14T09:12:36.615+0000][6576][safepoint    ] Total time for which application threads were stopped: 0.0000546 seconds, Stopping threads took: 0.0000136 seconds
[2019-01-14T09:12:36.616+0000][6576][safepoint    ] Application time: 0.0009337 seconds
[2019-01-14T09:12:36.616+0000][6576][safepoint    ] Total time for which application threads were stopped: 0.0000325 seconds, Stopping threads took: 0.0000093 seconds
[2019-01-14T09:12:36.647+0000][6576][safepoint    ] Application time: 0.0307975 seconds
[2019-01-14T09:12:36.647+0000][6576][safepoint    ] Total time for which application threads were stopped: 0.0000482 seconds, Stopping threads took: 0.0000131 seconds
[2019-01-14T09:12:36.887+0000][6576][safepoint    ] Application time: 0.2403429 seconds
[2019-01-14T09:12:36.888+0000][6576][safepoint    ] Total time for which application threads were stopped: 0.0003689 seconds, Stopping threads took: 0.0002547 seconds
[2019-01-14T09:12:36.895+0000][6576][safepoint    ] Application time: 0.0067779 seconds
[2019-01-14T09:12:36.895+0000][6576][safepoint    ] Total time for which application threads were stopped: 0.0000363 seconds, Stopping threads took: 0.0000133 seconds
[2019-01-14T09:12:36.902+0000][6576][safepoint    ] Application time: 0.0073381 seconds
[2019-01-14T09:12:36.905+0000][6576][safepoint    ] Total time for which application threads were stopped: 0.0025516 seconds, Stopping threads took: 0.0025016 seconds
[2019-01-14T09:12:36.968+0000][6576][safepoint    ] Application time: 0.0629130 seconds
[2019-01-14T09:12:36.968+0000][6576][gc,start     ] GC(20) Pause Young (Allocation Failure)
[2019-01-14T09:12:36.968+0000][6576][gc,task      ] GC(20) Using 2 workers of 2 for evacuation
[2019-01-14T09:12:36.993+0000][6576][gc,age       ] GC(20) Desired survivor size 4456448 bytes, new threshold 2 (max threshold 6)
[2019-01-14T09:12:36.993+0000][6576][gc,age       ] GC(20) Age table with threshold 2 (max threshold 6)
[2019-01-14T09:12:36.993+0000][6576][gc,age       ] GC(20) - age   1:    1634416 bytes,    1634416 total
[2019-01-14T09:12:36.993+0000][6576][gc,age       ] GC(20) - age   2:    2879032 bytes,    4513448 total
[2019-01-14T09:12:36.993+0000][6576][gc,heap      ] GC(20) ParNew: 76290K->6257K(78656K)
[2019-01-14T09:12:36.993+0000][6576][gc,heap      ] GC(20) CMS: 46402K->48487K(174784K)
[2019-01-14T09:12:36.993+0000][6576][gc,metaspace ] GC(20) Metaspace: 58552K->58552K(1103872K)
[2019-01-14T09:12:36.993+0000][6576][gc           ] GC(20) Pause Young (Allocation Failure) 119M->53M(247M) 24.984ms
[2019-01-14T09:12:36.993+0000][6576][gc,cpu       ] GC(20) User=0.04s Sys=0.00s Real=0.03s
[2019-01-14T09:12:36.993+0000][6576][safepoint    ] Total time for which application threads were stopped: 0.0251223 seconds, Stopping threads took: 0.0000058 seconds
[2019-01-14T09:12:37.000+0000][6576][safepoint    ] Application time: 0.0068266 seconds
[2019-01-14T09:12:37.000+0000][6576][safepoint    ] Total time for which application threads were stopped: 0.0000777 seconds, Stopping threads took: 0.0000074 seconds
[2019-01-14T09:12:37.000+0000][6576][safepoint    ] Application time: 0.0000960 seconds
[2019-01-14T09:12:37.000+0000][6576][safepoint    ] Total time for which application threads were stopped: 0.0000181 seconds, Stopping threads took: 0.0000027 seconds
[2019-01-14T09:12:37.647+0000][6576][safepoint    ] Application time: 0.6472858 seconds
[2019-01-14T09:12:37.649+0000][6576][safepoint    ] Total time for which application threads were stopped: 0.0019842 seconds, Stopping threads took: 0.0000061 seconds
[2019-01-14T09:12:37.883+0000][6576][safepoint    ] Application time: 0.2343325 seconds
[2019-01-14T09:12:37.884+0000][6576][safepoint    ] Total time for which application threads were stopped: 0.0000786 seconds, Stopping threads took: 0.0000135 seconds
[2019-01-14T09:12:37.910+0000][6576][safepoint    ] Application time: 0.0264760 seconds
[2019-01-14T09:12:37.910+0000][6576][safepoint    ] Total time for which application threads were stopped: 0.0000459 seconds, Stopping threads took: 0.0000124 seconds
[2019-01-14T09:12:37.910+0000][6576][safepoint    ] Application time: 0.0000202 seconds
[2019-01-14T09:12:37.910+0000][6576][safepoint    ] Total time for which application threads were stopped: 0.0000177 seconds, Stopping threads took: 0.0000052 seconds
[2019-01-14T09:12:37.910+0000][6576][safepoint    ] Application time: 0.0000305 seconds
[2019-01-14T09:12:37.910+0000][6576][safepoint    ] Total time for which application threads were stopped: 0.0000151 seconds, Stopping threads took: 0.0000049 seconds
[2019-01-14T09:12:37.910+0000][6576][safepoint    ] Application time: 0.0001558 seconds
[2019-01-14T09:12:37.910+0000][6576][safepoint    ] Total time for which application threads were stopped: 0.0000532 seconds, Stopping threads took: 0.0000115 seconds
[2019-01-14T09:12:37.953+0000][6576][safepoint    ] Application time: 0.0422084 seconds
[2019-01-14T09:12:37.953+0000][6576][gc,start     ] GC(21) Pause Young (Allocation Failure)
[2019-01-14T09:12:37.953+0000][6576][gc,task      ] GC(21) Using 2 workers of 2 for evacuation
[2019-01-14T09:12:37.989+0000][6576][gc,age       ] GC(21) Desired survivor size 4456448 bytes, new threshold 2 (max threshold 6)
[2019-01-14T09:12:37.989+0000][6576][gc,age       ] GC(21) Age table with threshold 2 (max threshold 6)
[2019-01-14T09:12:37.989+0000][6576][gc,age       ] GC(21) - age   1:    3696472 bytes,    3696472 total
[2019-01-14T09:12:37.989+0000][6576][gc,age       ] GC(21) - age   2:    1513440 bytes,    5209912 total
[2019-01-14T09:12:37.989+0000][6576][gc,heap      ] GC(21) ParNew: 76209K->6523K(78656K)
[2019-01-14T09:12:37.989+0000][6576][gc,heap      ] GC(21) CMS: 48487K->51378K(174784K)
[2019-01-14T09:12:37.989+0000][6576][gc,metaspace ] GC(21) Metaspace: 66261K->66261K(1110016K)
[2019-01-14T09:12:37.989+0000][6576][gc           ] GC(21) Pause Young (Allocation Failure) 121M->56M(247M) 36.270ms
[2019-01-14T09:12:37.989+0000][6576][gc,cpu       ] GC(21) User=0.05s Sys=0.00s Real=0.03s
[2019-01-14T09:12:37.989+0000][6576][safepoint    ] Total time for which application threads were stopped: 0.0363647 seconds, Stopping threads took: 0.0000121 seconds
[2019-01-14T09:12:38.108+0000][6576][safepoint    ] Application time: 0.1185729 seconds
[2019-01-14T09:12:38.108+0000][6576][safepoint    ] Total time for which application threads were stopped: 0.0000492 seconds, Stopping threads took: 0.0000065 seconds
[2019-01-14T09:12:38.216+0000][6576][safepoint    ] Application time: 0.1083564 seconds
[2019-01-14T09:12:38.217+0000][6576][safepoint    ] Total time for which application threads were stopped: 0.0004166 seconds, Stopping threads took: 0.0000058 seconds
[2019-01-14T09:12:38.225+0000][6576][safepoint    ] Application time: 0.0085675 seconds
[2019-01-14T09:12:38.226+0000][6576][safepoint    ] Total time for which application threads were stopped: 0.0003867 seconds, Stopping threads took: 0.0000048 seconds
[2019-01-14T09:12:38.226+0000][6576][safepoint    ] Application time: 0.0001655 seconds
[2019-01-14T09:12:38.226+0000][6576][safepoint    ] Total time for which application threads were stopped: 0.0000301 seconds, Stopping threads took: 0.0000027 seconds
[2019-01-14T09:12:38.226+0000][6576][safepoint    ] Application time: 0.0003347 seconds
[2019-01-14T09:12:38.226+0000][6576][safepoint    ] Total time for which application threads were stopped: 0.0000457 seconds, Stopping threads took: 0.0000234 seconds
[2019-01-14T09:12:38.227+0000][6576][safepoint    ] Application time: 0.0004098 seconds
[2019-01-14T09:12:38.227+0000][6576][safepoint    ] Total time for which application threads were stopped: 0.0000203 seconds, Stopping threads took: 0.0000019 seconds
[2019-01-14T09:12:38.227+0000][6576][safepoint    ] Application time: 0.0002124 seconds
[2019-01-14T09:12:38.227+0000][6576][safepoint    ] Total time for which application threads were stopped: 0.0000262 seconds, Stopping threads took: 0.0000023 seconds
[2019-01-14T09:12:38.227+0000][6576][safepoint    ] Application time: 0.0000605 seconds
[2019-01-14T09:12:38.227+0000][6576][safepoint    ] Total time for which application threads were stopped: 0.0000235 seconds, Stopping threads took: 0.0000020 seconds
[2019-01-14T09:12:38.227+0000][6576][safepoint    ] Application time: 0.0000881 seconds
[2019-01-14T09:12:38.227+0000][6576][safepoint    ] Total time for which application threads were stopped: 0.0000225 seconds, Stopping threads took: 0.0000019 seconds
[2019-01-14T09:12:38.227+0000][6576][safepoint    ] Application time: 0.0001223 seconds
[2019-01-14T09:12:38.227+0000][6576][safepoint    ] Total time for which application threads were stopped: 0.0000216 seconds, Stopping threads took: 0.0000019 seconds
[2019-01-14T09:12:38.227+0000][6576][safepoint    ] Application time: 0.0001688 seconds
[2019-01-14T09:12:38.227+0000][6576][safepoint    ] Total time for which application threads were stopped: 0.0000192 seconds, Stopping threads took: 0.0000023 seconds
[2019-01-14T09:12:38.228+0000][6576][safepoint    ] Application time: 0.0000950 seconds
[2019-01-14T09:12:38.228+0000][6576][safepoint    ] Total time for which application threads were stopped: 0.0000215 seconds, Stopping threads took: 0.0000019 seconds
[2019-01-14T09:12:38.228+0000][6576][safepoint    ] Application time: 0.0001205 seconds
[2019-01-14T09:12:38.228+0000][6576][safepoint    ] Total time for which application threads were stopped: 0.0000230 seconds, Stopping threads took: 0.0000020 seconds
[2019-01-14T09:12:38.228+0000][6576][safepoint    ] Application time: 0.0000534 seconds
[2019-01-14T09:12:38.228+0000][6576][safepoint    ] Total time for which application threads were stopped: 0.0000310 seconds, Stopping threads took: 0.0000113 seconds
[2019-01-14T09:12:38.228+0000][6576][safepoint    ] Application time: 0.0000527 seconds
[2019-01-14T09:12:38.228+0000][6576][safepoint    ] Total time for which application threads were stopped: 0.0000213 seconds, Stopping threads took: 0.0000021 seconds
[2019-01-14T09:12:38.228+0000][6576][safepoint    ] Application time: 0.0000554 seconds
[2019-01-14T09:12:38.228+0000][6576][safepoint    ] Total time for which application threads were stopped: 0.0000216 seconds, Stopping threads took: 0.0000021 seconds
[2019-01-14T09:12:38.228+0000][6576][safepoint    ] Application time: 0.0002645 seconds
[2019-01-14T09:12:38.228+0000][6576][safepoint    ] Total time for which application threads were stopped: 0.0001082 seconds, Stopping threads took: 0.0000280 seconds
[2019-01-14T09:12:38.229+0000][6576][safepoint    ] Application time: 0.0002335 seconds
[2019-01-14T09:12:38.229+0000][6576][safepoint    ] Total time for which application threads were stopped: 0.0000455 seconds, Stopping threads took: 0.0000019 seconds
[2019-01-14T09:12:38.229+0000][6576][safepoint    ] Application time: 0.0000960 seconds
[2019-01-14T09:12:38.229+0000][6576][safepoint    ] Total time for which application threads were stopped: 0.0000211 seconds, Stopping threads took: 0.0000019 seconds
[2019-01-14T09:12:38.229+0000][6576][safepoint    ] Application time: 0.0000559 seconds
[2019-01-14T09:12:38.229+0000][6576][safepoint    ] Total time for which application threads were stopped: 0.0000584 seconds, Stopping threads took: 0.0000020 seconds
[2019-01-14T09:12:38.230+0000][6576][safepoint    ] Application time: 0.0007688 seconds
[2019-01-14T09:12:38.230+0000][6576][safepoint    ] Total time for which application threads were stopped: 0.0000266 seconds, Stopping threads took: 0.0000024 seconds
[2019-01-14T09:12:38.230+0000][6576][safepoint    ] Application time: 0.0001002 seconds
[2019-01-14T09:12:38.230+0000][6576][safepoint    ] Total time for which application threads were stopped: 0.0000215 seconds, Stopping threads took: 0.0000020 seconds
[2019-01-14T09:12:38.240+0000][6576][safepoint    ] Application time: 0.0102256 seconds
[2019-01-14T09:12:38.249+0000][6576][safepoint    ] Total time for which application threads were stopped: 0.0084953 seconds, Stopping threads took: 0.0080441 seconds
[2019-01-14T09:12:38.252+0000][6576][safepoint    ] Application time: 0.0028199 seconds
[2019-01-14T09:12:38.252+0000][6576][safepoint    ] Total time for which application threads were stopped: 0.0000924 seconds, Stopping threads took: 0.0000095 seconds
[2019-01-14T09:12:38.252+0000][6576][safepoint    ] Application time: 0.0001046 seconds
[2019-01-14T09:12:38.252+0000][6576][safepoint    ] Total time for which application threads were stopped: 0.0000238 seconds, Stopping threads took: 0.0000064 seconds
[2019-01-14T09:12:38.252+0000][6576][safepoint    ] Application time: 0.0000501 seconds
[2019-01-14T09:12:38.252+0000][6576][safepoint    ] Total time for which application threads were stopped: 0.0000202 seconds, Stopping threads took: 0.0000054 seconds
[2019-01-14T09:12:38.252+0000][6576][safepoint    ] Application time: 0.0001532 seconds
[2019-01-14T09:12:38.253+0000][6576][safepoint    ] Total time for which application threads were stopped: 0.0006846 seconds, Stopping threads took: 0.0000105 seconds
[2019-01-14T09:12:38.253+0000][6576][safepoint    ] Application time: 0.0000713 seconds
[2019-01-14T09:12:38.253+0000][6576][safepoint    ] Total time for which application threads were stopped: 0.0000260 seconds, Stopping threads took: 0.0000063 seconds
[2019-01-14T09:12:38.379+0000][6576][safepoint    ] Application time: 0.1257792 seconds
[2019-01-14T09:12:38.379+0000][6576][safepoint    ] Total time for which application threads were stopped: 0.0001057 seconds, Stopping threads took: 0.0000210 seconds
[2019-01-14T09:12:38.383+0000][6576][safepoint    ] Application time: 0.0036821 seconds
[2019-01-14T09:12:38.385+0000][6576][safepoint    ] Total time for which application threads were stopped: 0.0023632 seconds, Stopping threads took: 0.0022920 seconds
[2019-01-14T09:12:38.385+0000][6576][safepoint    ] Application time: 0.0000317 seconds
[2019-01-14T09:12:38.385+0000][6576][safepoint    ] Total time for which application threads were stopped: 0.0000363 seconds, Stopping threads took: 0.0000068 seconds
[2019-01-14T09:12:38.385+0000][6576][safepoint    ] Application time: 0.0000227 seconds
[2019-01-14T09:12:38.385+0000][6576][safepoint    ] Total time for which application threads were stopped: 0.0000305 seconds, Stopping threads took: 0.0000054 seconds
[2019-01-14T09:12:38.385+0000][6576][safepoint    ] Application time: 0.0000199 seconds
[2019-01-14T09:12:38.385+0000][6576][safepoint    ] Total time for which application threads were stopped: 0.0000294 seconds, Stopping threads took: 0.0000052 seconds
[2019-01-14T09:12:38.395+0000][6576][safepoint    ] Application time: 0.0096877 seconds
[2019-01-14T09:12:38.395+0000][6576][safepoint    ] Total time for which application threads were stopped: 0.0000842 seconds, Stopping threads took: 0.0000249 seconds
[2019-01-14T09:12:38.396+0000][6576][safepoint    ] Application time: 0.0012436 seconds
[2019-01-14T09:12:38.396+0000][6576][safepoint    ] Total time for which application threads were stopped: 0.0000733 seconds, Stopping threads took: 0.0000306 seconds
[2019-01-14T09:12:38.397+0000][6576][safepoint    ] Application time: 0.0004654 seconds
[2019-01-14T09:12:38.397+0000][6576][safepoint    ] Total time for which application threads were stopped: 0.0001987 seconds, Stopping threads took: 0.0000612 seconds
[2019-01-14T09:12:38.397+0000][6576][safepoint    ] Application time: 0.0003298 seconds
[2019-01-14T09:12:38.397+0000][6576][safepoint    ] Total time for which application threads were stopped: 0.0000527 seconds, Stopping threads took: 0.0000227 seconds
[2019-01-14T09:12:38.398+0000][6576][safepoint    ] Application time: 0.0000652 seconds
[2019-01-14T09:12:38.398+0000][6576][safepoint    ] Total time for which application threads were stopped: 0.0000980 seconds, Stopping threads took: 0.0000404 seconds
[2019-01-14T09:12:38.398+0000][6576][safepoint    ] Application time: 0.0004000 seconds
[2019-01-14T09:12:38.398+0000][6576][safepoint    ] Total time for which application threads were stopped: 0.0000331 seconds, Stopping threads took: 0.0000039 seconds
[2019-01-14T09:12:38.411+0000][6576][safepoint    ] Application time: 0.0129677 seconds
[2019-01-14T09:12:38.411+0000][6576][safepoint    ] Total time for which application threads were stopped: 0.0000810 seconds, Stopping threads took: 0.0000071 seconds
[2019-01-14T09:12:38.426+0000][6576][safepoint    ] Application time: 0.0147197 seconds
[2019-01-14T09:12:38.426+0000][6576][safepoint    ] Total time for which application threads were stopped: 0.0000957 seconds, Stopping threads took: 0.0000084 seconds
[2019-01-14T09:12:38.433+0000][6576][safepoint    ] Application time: 0.0066758 seconds
[2019-01-14T09:12:38.433+0000][6576][safepoint    ] Total time for which application threads were stopped: 0.0000521 seconds, Stopping threads took: 0.0000146 seconds
[2019-01-14T09:12:38.443+0000][6576][safepoint    ] Application time: 0.0104636 seconds
[2019-01-14T09:12:38.443+0000][6576][safepoint    ] Total time for which application threads were stopped: 0.0000523 seconds, Stopping threads took: 0.0000141 seconds
[2019-01-14T09:12:38.443+0000][6576][safepoint    ] Application time: 0.0000491 seconds
[2019-01-14T09:12:38.444+0000][6576][safepoint    ] Total time for which application threads were stopped: 0.0000796 seconds, Stopping threads took: 0.0000492 seconds
[2019-01-14T09:12:38.465+0000][6576][safepoint    ] Application time: 0.0215003 seconds
[2019-01-14T09:12:38.470+0000][6576][safepoint    ] Total time for which application threads were stopped: 0.0044422 seconds, Stopping threads took: 0.0043001 seconds
[2019-01-14T09:12:38.470+0000][6576][safepoint    ] Application time: 0.0006249 seconds
[2019-01-14T09:12:38.478+0000][6576][safepoint    ] Total time for which application threads were stopped: 0.0074667 seconds, Stopping threads took: 0.0073931 seconds
[2019-01-14T09:12:38.478+0000][6576][safepoint    ] Application time: 0.0002537 seconds
[2019-01-14T09:12:38.478+0000][6576][safepoint    ] Total time for which application threads were stopped: 0.0000378 seconds, Stopping threads took: 0.0000038 seconds
[2019-01-14T09:12:38.478+0000][6576][safepoint    ] Application time: 0.0000309 seconds
[2019-01-14T09:12:38.478+0000][6576][safepoint    ] Total time for which application threads were stopped: 0.0000256 seconds, Stopping threads took: 0.0000016 seconds
[2019-01-14T09:12:38.478+0000][6576][safepoint    ] Application time: 0.0000635 seconds
[2019-01-14T09:12:38.478+0000][6576][safepoint    ] Total time for which application threads were stopped: 0.0000292 seconds, Stopping threads took: 0.0000043 seconds
[2019-01-14T09:12:38.478+0000][6576][safepoint    ] Application time: 0.0001906 seconds
[2019-01-14T09:12:38.483+0000][6576][safepoint    ] Total time for which application threads were stopped: 0.0043395 seconds, Stopping threads took: 0.0042479 seconds
[2019-01-14T09:12:38.483+0000][6576][safepoint    ] Application time: 0.0000812 seconds
[2019-01-14T09:12:38.483+0000][6576][safepoint    ] Total time for which application threads were stopped: 0.0000405 seconds, Stopping threads took: 0.0000031 seconds
[2019-01-14T09:12:38.483+0000][6576][safepoint    ] Application time: 0.0000451 seconds
[2019-01-14T09:12:38.483+0000][6576][safepoint    ] Total time for which application threads were stopped: 0.0000201 seconds, Stopping threads took: 0.0000019 seconds
[2019-01-14T09:12:38.483+0000][6576][safepoint    ] Application time: 0.0001379 seconds
[2019-01-14T09:12:38.483+0000][6576][safepoint    ] Total time for which application threads were stopped: 0.0000267 seconds, Stopping threads took: 0.0000029 seconds
[2019-01-14T09:12:38.483+0000][6576][safepoint    ] Application time: 0.0000910 seconds
[2019-01-14T09:12:38.483+0000][6576][safepoint    ] Total time for which application threads were stopped: 0.0000734 seconds, Stopping threads took: 0.0000465 seconds
[2019-01-14T09:12:38.484+0000][6576][safepoint    ] Application time: 0.0001180 seconds
[2019-01-14T09:12:38.484+0000][6576][safepoint    ] Total time for which application threads were stopped: 0.0002565 seconds, Stopping threads took: 0.0002207 seconds
[2019-01-14T09:12:38.484+0000][6576][safepoint    ] Application time: 0.0001593 seconds
[2019-01-14T09:12:38.485+0000][6576][safepoint    ] Total time for which application threads were stopped: 0.0008055 seconds, Stopping threads took: 0.0000036 seconds
[2019-01-14T09:12:38.486+0000][6576][safepoint    ] Application time: 0.0014287 seconds
[2019-01-14T09:12:38.486+0000][6576][safepoint    ] Total time for which application threads were stopped: 0.0001006 seconds, Stopping threads took: 0.0000436 seconds
[2019-01-14T09:12:38.495+0000][6576][safepoint    ] Application time: 0.0082914 seconds
[2019-01-14T09:12:38.495+0000][6576][safepoint    ] Total time for which application threads were stopped: 0.0000902 seconds, Stopping threads took: 0.0000073 seconds
[2019-01-14T09:12:38.495+0000][6576][safepoint    ] Application time: 0.0001442 seconds
[2019-01-14T09:12:38.498+0000][6576][safepoint    ] Total time for which application threads were stopped: 0.0000901 seconds, Stopping threads took: 0.0000102 seconds
[2019-01-14T09:12:38.499+0000][6576][safepoint    ] Application time: 0.0009676 seconds
[2019-01-14T09:12:38.499+0000][6576][safepoint    ] Total time for which application threads were stopped: 0.0000589 seconds, Stopping threads took: 0.0000045 seconds
[2019-01-14T09:12:38.510+0000][6576][safepoint    ] Application time: 0.0109986 seconds
[2019-01-14T09:12:38.510+0000][6576][safepoint    ] Total time for which application threads were stopped: 0.0000520 seconds, Stopping threads took: 0.0000072 seconds
[2019-01-14T09:12:38.524+0000][6576][safepoint    ] Application time: 0.0144710 seconds
[2019-01-14T09:12:38.525+0000][6576][safepoint    ] Total time for which application threads were stopped: 0.0002392 seconds, Stopping threads took: 0.0001909 seconds
[2019-01-14T09:12:38.536+0000][6576][safepoint    ] Application time: 0.0113797 seconds
[2019-01-14T09:12:38.540+0000][6576][safepoint    ] Total time for which application threads were stopped: 0.0038962 seconds, Stopping threads took: 0.0037669 seconds
[2019-01-14T09:12:38.547+0000][6576][safepoint    ] Application time: 0.0073386 seconds
[2019-01-14T09:12:38.550+0000][6576][safepoint    ] Total time for which application threads were stopped: 0.0030372 seconds, Stopping threads took: 0.0027548 seconds
[2019-01-14T09:12:38.556+0000][6576][safepoint    ] Application time: 0.0044825 seconds
[2019-01-14T09:12:38.560+0000][6576][safepoint    ] Total time for which application threads were stopped: 0.0030305 seconds, Stopping threads took: 0.0029464 seconds
[2019-01-14T09:12:38.562+0000][6576][safepoint    ] Application time: 0.0023560 seconds
[2019-01-14T09:12:38.562+0000][6576][safepoint    ] Total time for which application threads were stopped: 0.0000738 seconds, Stopping threads took: 0.0000151 seconds
[2019-01-14T09:12:38.562+0000][6576][safepoint    ] Application time: 0.0004532 seconds
[2019-01-14T09:12:38.567+0000][6576][safepoint    ] Total time for which application threads were stopped: 0.0047915 seconds, Stopping threads took: 0.0045997 seconds
[2019-01-14T09:12:38.568+0000][6576][safepoint    ] Application time: 0.0001051 seconds
[2019-01-14T09:12:38.568+0000][6576][safepoint    ] Total time for which application threads were stopped: 0.0000815 seconds, Stopping threads took: 0.0000264 seconds
[2019-01-14T09:12:38.568+0000][6576][safepoint    ] Application time: 0.0000249 seconds
[2019-01-14T09:12:38.568+0000][6576][safepoint    ] Total time for which application threads were stopped: 0.0000287 seconds, Stopping threads took: 0.0000017 seconds
[2019-01-14T09:12:38.574+0000][6576][safepoint    ] Application time: 0.0060375 seconds
[2019-01-14T09:12:38.575+0000][6576][safepoint    ] Total time for which application threads were stopped: 0.0008396 seconds, Stopping threads took: 0.0007165 seconds
[2019-01-14T09:12:38.576+0000][6576][safepoint    ] Application time: 0.0014799 seconds
[2019-01-14T09:12:38.576+0000][6576][safepoint    ] Total time for which application threads were stopped: 0.0002361 seconds, Stopping threads took: 0.0001809 seconds
[2019-01-14T09:12:38.581+0000][6576][safepoint    ] Application time: 0.0044895 seconds
[2019-01-14T09:12:38.581+0000][6576][safepoint    ] Total time for which application threads were stopped: 0.0002156 seconds, Stopping threads took: 0.0001535 seconds
[2019-01-14T09:12:38.581+0000][6576][safepoint    ] Application time: 0.0000528 seconds
[2019-01-14T09:12:38.581+0000][6576][safepoint    ] Total time for which application threads were stopped: 0.0000420 seconds, Stopping threads took: 0.0000038 seconds
[2019-01-14T09:12:38.597+0000][6576][safepoint    ] Application time: 0.0159008 seconds
[2019-01-14T09:12:38.600+0000][6576][safepoint    ] Total time for which application threads were stopped: 0.0028897 seconds, Stopping threads took: 0.0028288 seconds
[2019-01-14T09:12:38.604+0000][6576][safepoint    ] Application time: 0.0042695 seconds
[2019-01-14T09:12:38.605+0000][6576][safepoint    ] Total time for which application threads were stopped: 0.0002019 seconds, Stopping threads took: 0.0001488 seconds
[2019-01-14T09:12:38.605+0000][6576][safepoint    ] Application time: 0.0001713 seconds
[2019-01-14T09:12:38.605+0000][6576][safepoint    ] Total time for which application threads were stopped: 0.0000367 seconds, Stopping threads took: 0.0000025 seconds
[2019-01-14T09:12:38.605+0000][6576][safepoint    ] Application time: 0.0000222 seconds
[2019-01-14T09:12:38.605+0000][6576][safepoint    ] Total time for which application threads were stopped: 0.0000269 seconds, Stopping threads took: 0.0000016 seconds
[2019-01-14T09:12:38.609+0000][6576][safepoint    ] Application time: 0.0035793 seconds
[2019-01-14T09:12:38.609+0000][6576][safepoint    ] Total time for which application threads were stopped: 0.0002307 seconds, Stopping threads took: 0.0000730 seconds
[2019-01-14T09:12:38.609+0000][6576][safepoint    ] Application time: 0.0002236 seconds
[2019-01-14T09:12:38.609+0000][6576][safepoint    ] Total time for which application threads were stopped: 0.0000502 seconds, Stopping threads took: 0.0000039 seconds
[2019-01-14T09:12:38.612+0000][6576][safepoint    ] Application time: 0.0024912 seconds
[2019-01-14T09:12:38.612+0000][6576][safepoint    ] Total time for which application threads were stopped: 0.0000679 seconds, Stopping threads took: 0.0000109 seconds
[2019-01-14T09:12:38.612+0000][6576][safepoint    ] Application time: 0.0000665 seconds
[2019-01-14T09:12:38.612+0000][6576][safepoint    ] Total time for which application threads were stopped: 0.0000352 seconds, Stopping threads took: 0.0000078 seconds
[2019-01-14T09:12:38.613+0000][6576][safepoint    ] Application time: 0.0010885 seconds
[2019-01-14T09:12:38.613+0000][6576][safepoint    ] Total time for which application threads were stopped: 0.0000547 seconds, Stopping threads took: 0.0000062 seconds
[2019-01-14T09:12:38.613+0000][6576][safepoint    ] Application time: 0.0000750 seconds
[2019-01-14T09:12:38.613+0000][6576][safepoint    ] Total time for which application threads were stopped: 0.0000344 seconds, Stopping threads took: 0.0000028 seconds
[2019-01-14T09:12:38.621+0000][6576][safepoint    ] Application time: 0.0075825 seconds
[2019-01-14T09:12:38.621+0000][6576][safepoint    ] Total time for which application threads were stopped: 0.0001120 seconds, Stopping threads took: 0.0000088 seconds
[2019-01-14T09:12:38.621+0000][6576][safepoint    ] Application time: 0.0001615 seconds
[2019-01-14T09:12:38.621+0000][6576][safepoint    ] Total time for which application threads were stopped: 0.0000319 seconds, Stopping threads took: 0.0000026 seconds
[2019-01-14T09:12:38.623+0000][6576][safepoint    ] Application time: 0.0018029 seconds
[2019-01-14T09:12:38.623+0000][6576][safepoint    ] Total time for which application threads were stopped: 0.0000617 seconds, Stopping threads took: 0.0000184 seconds
[2019-01-14T09:12:38.623+0000][6576][safepoint    ] Application time: 0.0001705 seconds
[2019-01-14T09:12:38.623+0000][6576][safepoint    ] Total time for which application threads were stopped: 0.0000416 seconds, Stopping threads took: 0.0000034 seconds
[2019-01-14T09:12:38.624+0000][6576][safepoint    ] Application time: 0.0004447 seconds
[2019-01-14T09:12:38.624+0000][6576][safepoint    ] Total time for which application threads were stopped: 0.0004088 seconds, Stopping threads took: 0.0003713 seconds
[2019-01-14T09:12:38.624+0000][6576][safepoint    ] Application time: 0.0001157 seconds
[2019-01-14T09:12:38.624+0000][6576][safepoint    ] Total time for which application threads were stopped: 0.0001568 seconds, Stopping threads took: 0.0000020 seconds
[2019-01-14T09:12:38.625+0000][6576][safepoint    ] Application time: 0.0003123 seconds
[2019-01-14T09:12:38.625+0000][6576][safepoint    ] Total time for which application threads were stopped: 0.0000377 seconds, Stopping threads took: 0.0000035 seconds
[2019-01-14T09:12:38.625+0000][6576][safepoint    ] Application time: 0.0001394 seconds
[2019-01-14T09:12:38.625+0000][6576][safepoint    ] Total time for which application threads were stopped: 0.0000315 seconds, Stopping threads took: 0.0000027 seconds
[2019-01-14T09:12:38.626+0000][6576][safepoint    ] Application time: 0.0006193 seconds
[2019-01-14T09:12:38.626+0000][6576][safepoint    ] Total time for which application threads were stopped: 0.0000498 seconds, Stopping threads took: 0.0000140 seconds
[2019-01-14T09:12:38.626+0000][6576][safepoint    ] Application time: 0.0000544 seconds
[2019-01-14T09:12:38.626+0000][6576][safepoint    ] Total time for which application threads were stopped: 0.0000342 seconds, Stopping threads took: 0.0000018 seconds
[2019-01-14T09:12:38.626+0000][6576][safepoint    ] Application time: 0.0002005 seconds
[2019-01-14T09:12:38.626+0000][6576][safepoint    ] Total time for which application threads were stopped: 0.0000390 seconds, Stopping threads took: 0.0000116 seconds
[2019-01-14T09:12:38.626+0000][6576][safepoint    ] Application time: 0.0003167 seconds
[2019-01-14T09:12:38.626+0000][6576][safepoint    ] Total time for which application threads were stopped: 0.0000646 seconds, Stopping threads took: 0.0000152 seconds
[2019-01-14T09:12:38.632+0000][6576][safepoint    ] Application time: 0.0052297 seconds
[2019-01-14T09:12:38.632+0000][6576][safepoint    ] Total time for which application threads were stopped: 0.0002199 seconds, Stopping threads took: 0.0001707 seconds
[2019-01-14T09:12:38.634+0000][6576][safepoint    ] Application time: 0.0021549 seconds
[2019-01-14T09:12:38.636+0000][6576][safepoint    ] Total time for which application threads were stopped: 0.0018203 seconds, Stopping threads took: 0.0017244 seconds
[2019-01-14T09:12:38.637+0000][6576][safepoint    ] Application time: 0.0013968 seconds
[2019-01-14T09:12:38.638+0000][6576][safepoint    ] Total time for which application threads were stopped: 0.0002152 seconds, Stopping threads took: 0.0001551 seconds
[2019-01-14T09:12:38.639+0000][6576][safepoint    ] Application time: 0.0015311 seconds
[2019-01-14T09:12:38.639+0000][6576][safepoint    ] Total time for which application threads were stopped: 0.0000787 seconds, Stopping threads took: 0.0000208 seconds
[2019-01-14T09:12:38.640+0000][6576][safepoint    ] Application time: 0.0003902 seconds
[2019-01-14T09:12:38.640+0000][6576][safepoint    ] Total time for which application threads were stopped: 0.0000367 seconds, Stopping threads took: 0.0000050 seconds
[2019-01-14T09:12:38.640+0000][6576][safepoint    ] Application time: 0.0005127 seconds
[2019-01-14T09:12:38.640+0000][6576][safepoint    ] Total time for which application threads were stopped: 0.0000326 seconds, Stopping threads took: 0.0000049 seconds
[2019-01-14T09:12:38.641+0000][6576][safepoint    ] Application time: 0.0004216 seconds
[2019-01-14T09:12:38.641+0000][6576][safepoint    ] Total time for which application threads were stopped: 0.0000292 seconds, Stopping threads took: 0.0000040 seconds
[2019-01-14T09:12:39.078+0000][6576][safepoint    ] Application time: 0.4370574 seconds
[2019-01-14T09:12:39.078+0000][6576][safepoint    ] Total time for which application threads were stopped: 0.0000542 seconds, Stopping threads took: 0.0000110 seconds
[2019-01-14T09:12:39.079+0000][6576][safepoint    ] Application time: 0.0002964 seconds
[2019-01-14T09:12:39.079+0000][6576][safepoint    ] Total time for which application threads were stopped: 0.0000303 seconds, Stopping threads took: 0.0000048 seconds
[2019-01-14T09:12:39.079+0000][6576][safepoint    ] Application time: 0.0001159 seconds
[2019-01-14T09:12:39.079+0000][6576][safepoint    ] Total time for which application threads were stopped: 0.0000222 seconds, Stopping threads took: 0.0000031 seconds
[2019-01-14T09:12:39.079+0000][6576][safepoint    ] Application time: 0.0001140 seconds
[2019-01-14T09:12:39.079+0000][6576][safepoint    ] Total time for which application threads were stopped: 0.0000883 seconds, Stopping threads took: 0.0000030 seconds
[2019-01-14T09:12:39.079+0000][6576][safepoint    ] Application time: 0.0001194 seconds
[2019-01-14T09:12:39.079+0000][6576][safepoint    ] Total time for which application threads were stopped: 0.0000213 seconds, Stopping threads took: 0.0000028 seconds
[2019-01-14T09:12:39.079+0000][6576][safepoint    ] Application time: 0.0001135 seconds
[2019-01-14T09:12:39.079+0000][6576][safepoint    ] Total time for which application threads were stopped: 0.0000213 seconds, Stopping threads took: 0.0000028 seconds
[2019-01-14T09:12:39.079+0000][6576][safepoint    ] Application time: 0.0001304 seconds
[2019-01-14T09:12:39.079+0000][6576][safepoint    ] Total time for which application threads were stopped: 0.0000215 seconds, Stopping threads took: 0.0000028 seconds
[2019-01-14T09:12:39.080+0000][6576][safepoint    ] Application time: 0.0001987 seconds
[2019-01-14T09:12:39.080+0000][6576][safepoint    ] Total time for which application threads were stopped: 0.0000537 seconds, Stopping threads took: 0.0000061 seconds
[2019-01-14T09:12:39.435+0000][6576][safepoint    ] Application time: 0.3553184 seconds
[2019-01-14T09:12:39.435+0000][6576][safepoint    ] Total time for which application threads were stopped: 0.0000967 seconds, Stopping threads took: 0.0000076 seconds
[2019-01-14T09:12:39.436+0000][6576][safepoint    ] Application time: 0.0003713 seconds
[2019-01-14T09:12:39.436+0000][6576][safepoint    ] Total time for which application threads were stopped: 0.0000491 seconds, Stopping threads took: 0.0000043 seconds
[2019-01-14T09:12:39.436+0000][6576][safepoint    ] Application time: 0.0001671 seconds
[2019-01-14T09:12:39.436+0000][6576][safepoint    ] Total time for which application threads were stopped: 0.0000374 seconds, Stopping threads took: 0.0000021 seconds
[2019-01-14T09:12:39.436+0000][6576][safepoint    ] Application time: 0.0002286 seconds
[2019-01-14T09:12:39.436+0000][6576][safepoint    ] Total time for which application threads were stopped: 0.0000398 seconds, Stopping threads took: 0.0000029 seconds
[2019-01-14T09:12:39.437+0000][6576][safepoint    ] Application time: 0.0008901 seconds
[2019-01-14T09:12:39.437+0000][6576][safepoint    ] Total time for which application threads were stopped: 0.0001128 seconds, Stopping threads took: 0.0000199 seconds
[2019-01-14T09:12:39.438+0000][6576][safepoint    ] Application time: 0.0003341 seconds
[2019-01-14T09:12:39.438+0000][6576][safepoint    ] Total time for which application threads were stopped: 0.0000783 seconds, Stopping threads took: 0.0000361 seconds
[2019-01-14T09:12:39.438+0000][6576][safepoint    ] Application time: 0.0003422 seconds
[2019-01-14T09:12:39.438+0000][6576][safepoint    ] Total time for which application threads were stopped: 0.0000359 seconds, Stopping threads took: 0.0000035 seconds
[2019-01-14T09:12:39.439+0000][6576][safepoint    ] Application time: 0.0013138 seconds
[2019-01-14T09:12:39.439+0000][6576][safepoint    ] Total time for which application threads were stopped: 0.0000409 seconds, Stopping threads took: 0.0000038 seconds
[2019-01-14T09:12:39.440+0000][6576][safepoint    ] Application time: 0.0004613 seconds
[2019-01-14T09:12:39.440+0000][6576][safepoint    ] Total time for which application threads were stopped: 0.0000471 seconds, Stopping threads took: 0.0000156 seconds
[2019-01-14T09:12:39.440+0000][6576][safepoint    ] Application time: 0.0003047 seconds
[2019-01-14T09:12:39.440+0000][6576][safepoint    ] Total time for which application threads were stopped: 0.0000369 seconds, Stopping threads took: 0.0000108 seconds
[2019-01-14T09:12:39.441+0000][6576][safepoint    ] Application time: 0.0009694 seconds
[2019-01-14T09:12:39.441+0000][6576][safepoint    ] Total time for which application threads were stopped: 0.0000392 seconds, Stopping threads took: 0.0000064 seconds
[2019-01-14T09:12:40.456+0000][6576][safepoint    ] Application time: 1.0145588 seconds
[2019-01-14T09:12:40.467+0000][6576][safepoint    ] Total time for which application threads were stopped: 0.0015805 seconds, Stopping threads took: 0.0001018 seconds
[2019-01-14T09:12:40.467+0000][6576][safepoint    ] Application time: 0.0003795 seconds
[2019-01-14T09:12:40.467+0000][6576][safepoint    ] Total time for which application threads were stopped: 0.0002576 seconds, Stopping threads took: 0.0000041 seconds
[2019-01-14T09:12:40.468+0000][6576][safepoint    ] Application time: 0.0010141 seconds
[2019-01-14T09:12:40.469+0000][6576][safepoint    ] Total time for which application threads were stopped: 0.0003622 seconds, Stopping threads took: 0.0000039 seconds
[2019-01-14T09:12:40.490+0000][6576][safepoint    ] Application time: 0.0208211 seconds
[2019-01-14T09:12:40.490+0000][6576][safepoint    ] Total time for which application threads were stopped: 0.0002792 seconds, Stopping threads took: 0.0000073 seconds
[2019-01-14T09:12:40.491+0000][6576][safepoint    ] Application time: 0.0009521 seconds
[2019-01-14T09:12:40.491+0000][6576][safepoint    ] Total time for which application threads were stopped: 0.0000396 seconds, Stopping threads took: 0.0000037 seconds
[2019-01-14T09:12:40.491+0000][6576][safepoint    ] Application time: 0.0001727 seconds
[2019-01-14T09:12:40.491+0000][6576][safepoint    ] Total time for which application threads were stopped: 0.0000277 seconds, Stopping threads took: 0.0000025 seconds
[2019-01-14T09:12:40.492+0000][6576][safepoint    ] Application time: 0.0004643 seconds
[2019-01-14T09:12:40.492+0000][6576][safepoint    ] Total time for which application threads were stopped: 0.0000326 seconds, Stopping threads took: 0.0000033 seconds
[2019-01-14T09:12:41.440+0000][6576][safepoint    ] Application time: 0.9482265 seconds
[2019-01-14T09:12:41.440+0000][6576][safepoint    ] Total time for which application threads were stopped: 0.0000537 seconds, Stopping threads took: 0.0000144 seconds
[2019-01-14T09:12:41.440+0000][6576][safepoint    ] Application time: 0.0000463 seconds
[2019-01-14T09:12:41.440+0000][6576][safepoint    ] Total time for which application threads were stopped: 0.0000242 seconds, Stopping threads took: 0.0000061 seconds
[2019-01-14T09:12:41.487+0000][6576][safepoint    ] Application time: 0.0470921 seconds
[2019-01-14T09:12:41.490+0000][6576][safepoint    ] Total time for which application threads were stopped: 0.0026270 seconds, Stopping threads took: 0.0025767 seconds
[2019-01-14T09:12:41.490+0000][6576][safepoint    ] Application time: 0.0000288 seconds
[2019-01-14T09:12:41.490+0000][6576][safepoint    ] Total time for which application threads were stopped: 0.0000239 seconds, Stopping threads took: 0.0000026 seconds
[2019-01-14T09:12:41.493+0000][6576][safepoint    ] Application time: 0.0025956 seconds
[2019-01-14T09:12:41.493+0000][6576][safepoint    ] Total time for which application threads were stopped: 0.0000604 seconds, Stopping threads took: 0.0000150 seconds
[2019-01-14T09:12:41.493+0000][6576][safepoint    ] Application time: 0.0000589 seconds
[2019-01-14T09:12:41.493+0000][6576][safepoint    ] Total time for which application threads were stopped: 0.0000493 seconds, Stopping threads took: 0.0000227 seconds
[2019-01-14T09:12:41.493+0000][6576][safepoint    ] Application time: 0.0006189 seconds
[2019-01-14T09:12:41.503+0000][6576][safepoint    ] Total time for which application threads were stopped: 0.0097234 seconds, Stopping threads took: 0.0096438 seconds
[2019-01-14T09:12:41.507+0000][6576][safepoint    ] Application time: 0.0037496 seconds
[2019-01-14T09:12:41.507+0000][6576][safepoint    ] Total time for which application threads were stopped: 0.0000773 seconds, Stopping threads took: 0.0000202 seconds
[2019-01-14T09:12:41.508+0000][6576][safepoint    ] Application time: 0.0007160 seconds
[2019-01-14T09:12:41.508+0000][6576][safepoint    ] Total time for which application threads were stopped: 0.0001499 seconds, Stopping threads took: 0.0000296 seconds
[2019-01-14T09:12:41.545+0000][6576][safepoint    ] Application time: 0.0365624 seconds
[2019-01-14T09:12:41.545+0000][6576][safepoint    ] Total time for which application threads were stopped: 0.0008155 seconds, Stopping threads took: 0.0007506 seconds
[2019-01-14T09:12:41.545+0000][6576][safepoint    ] Application time: 0.0000398 seconds
[2019-01-14T09:12:41.546+0000][6576][safepoint    ] Total time for which application threads were stopped: 0.0000291 seconds, Stopping threads took: 0.0000031 seconds
[2019-01-14T09:12:41.562+0000][6576][safepoint    ] Application time: 0.0169791 seconds
[2019-01-14T09:12:41.563+0000][6576][safepoint    ] Total time for which application threads were stopped: 0.0000991 seconds, Stopping threads took: 0.0000106 seconds
[2019-01-14T09:12:41.563+0000][6576][safepoint    ] Application time: 0.0001053 seconds
[2019-01-14T09:12:41.563+0000][6576][safepoint    ] Total time for which application threads were stopped: 0.0000341 seconds, Stopping threads took: 0.0000048 seconds
[2019-01-14T09:12:41.563+0000][6576][safepoint    ] Application time: 0.0001166 seconds
[2019-01-14T09:12:41.563+0000][6576][safepoint    ] Total time for which application threads were stopped: 0.0000420 seconds, Stopping threads took: 0.0000039 seconds
[2019-01-14T09:12:41.588+0000][6576][safepoint    ] Application time: 0.0253872 seconds
[2019-01-14T09:12:41.593+0000][6576][safepoint    ] Total time for which application threads were stopped: 0.0041735 seconds, Stopping threads took: 0.0040863 seconds
[2019-01-14T09:12:41.593+0000][6576][safepoint    ] Application time: 0.0002919 seconds
[2019-01-14T09:12:41.593+0000][6576][safepoint    ] Total time for which application threads were stopped: 0.0001294 seconds, Stopping threads took: 0.0000808 seconds
[2019-01-14T09:12:41.599+0000][6576][safepoint    ] Application time: 0.0054872 seconds
[2019-01-14T09:12:41.599+0000][6576][safepoint    ] Total time for which application threads were stopped: 0.0001989 seconds, Stopping threads took: 0.0001495 seconds
[2019-01-14T09:12:41.600+0000][6576][safepoint    ] Application time: 0.0009596 seconds
[2019-01-14T09:12:41.600+0000][6576][safepoint    ] Total time for which application threads were stopped: 0.0000580 seconds, Stopping threads took: 0.0000165 seconds
[2019-01-14T09:12:41.608+0000][6576][safepoint    ] Application time: 0.0084461 seconds
[2019-01-14T09:12:41.611+0000][6576][safepoint    ] Total time for which application threads were stopped: 0.0027232 seconds, Stopping threads took: 0.0026801 seconds
[2019-01-14T09:12:41.611+0000][6576][safepoint    ] Application time: 0.0000361 seconds
[2019-01-14T09:12:41.611+0000][6576][safepoint    ] Total time for which application threads were stopped: 0.0000257 seconds, Stopping threads took: 0.0000077 seconds
[2019-01-14T09:12:41.629+0000][6576][safepoint    ] Application time: 0.0174589 seconds
[2019-01-14T09:12:41.629+0000][6576][safepoint    ] Total time for which application threads were stopped: 0.0000539 seconds, Stopping threads took: 0.0000174 seconds
[2019-01-14T09:12:41.651+0000][6576][safepoint    ] Application time: 0.0218111 seconds
[2019-01-14T09:12:41.651+0000][6576][safepoint    ] Total time for which application threads were stopped: 0.0000536 seconds, Stopping threads took: 0.0000170 seconds
[2019-01-14T09:12:41.651+0000][6576][safepoint    ] Application time: 0.0001395 seconds
[2019-01-14T09:12:41.651+0000][6576][safepoint    ] Total time for which application threads were stopped: 0.0000542 seconds, Stopping threads took: 0.0000239 seconds
[2019-01-14T09:12:41.651+0000][6576][safepoint    ] Application time: 0.0000581 seconds
[2019-01-14T09:12:41.651+0000][6576][safepoint    ] Total time for which application threads were stopped: 0.0000440 seconds, Stopping threads took: 0.0000066 seconds
[2019-01-14T09:12:41.652+0000][6576][safepoint    ] Application time: 0.0007358 seconds
[2019-01-14T09:12:41.652+0000][6576][safepoint    ] Total time for which application threads were stopped: 0.0000547 seconds, Stopping threads took: 0.0000170 seconds
[2019-01-14T09:12:41.654+0000][6576][safepoint    ] Application time: 0.0018995 seconds
[2019-01-14T09:12:41.654+0000][6576][safepoint    ] Total time for which application threads were stopped: 0.0000688 seconds, Stopping threads took: 0.0000200 seconds
[2019-01-14T09:12:41.654+0000][6576][safepoint    ] Application time: 0.0000296 seconds
[2019-01-14T09:12:41.654+0000][6576][safepoint    ] Total time for which application threads were stopped: 0.0000277 seconds, Stopping threads took: 0.0000068 seconds
[2019-01-14T09:12:41.656+0000][6576][safepoint    ] Application time: 0.0018232 seconds
[2019-01-14T09:12:41.656+0000][6576][safepoint    ] Total time for which application threads were stopped: 0.0001974 seconds, Stopping threads took: 0.0000435 seconds
[2019-01-14T09:12:41.656+0000][6576][safepoint    ] Application time: 0.0001996 seconds
[2019-01-14T09:12:41.656+0000][6576][safepoint    ] Total time for which application threads were stopped: 0.0000842 seconds, Stopping threads took: 0.0000221 seconds
[2019-01-14T09:12:41.684+0000][6576][safepoint    ] Application time: 0.0276345 seconds
[2019-01-14T09:12:41.684+0000][6576][safepoint    ] Total time for which application threads were stopped: 0.0000750 seconds, Stopping threads took: 0.0000176 seconds
[2019-01-14T09:12:41.809+0000][6576][safepoint    ] Application time: 0.1248283 seconds
[2019-01-14T09:12:41.810+0000][6576][gc,start     ] GC(22) Pause Young (Allocation Failure)
[2019-01-14T09:12:41.810+0000][6576][gc,task      ] GC(22) Using 2 workers of 2 for evacuation
[2019-01-14T09:12:41.867+0000][6576][gc,age       ] GC(22) Desired survivor size 4456448 bytes, new threshold 1 (max threshold 6)
[2019-01-14T09:12:41.868+0000][6576][gc,age       ] GC(22) Age table with threshold 1 (max threshold 6)
[2019-01-14T09:12:41.868+0000][6576][gc,age       ] GC(22) - age   1:    5360560 bytes,    5360560 total
[2019-01-14T09:12:41.876+0000][6576][gc,age       ] GC(22) - age   2:    3552232 bytes,    8912792 total
[2019-01-14T09:12:41.877+0000][6576][gc,heap      ] GC(22) ParNew: 76475K->8704K(78656K)
[2019-01-14T09:12:41.877+0000][6576][gc,heap      ] GC(22) CMS: 51378K->60009K(174784K)
[2019-01-14T09:12:41.877+0000][6576][gc,metaspace ] GC(22) Metaspace: 70971K->70971K(1114112K)
[2019-01-14T09:12:41.877+0000][6576][gc           ] GC(22) Pause Young (Allocation Failure) 124M->67M(247M) 66.915ms
[2019-01-14T09:12:41.877+0000][6576][gc,cpu       ] GC(22) User=0.10s Sys=0.00s Real=0.07s
[2019-01-14T09:12:41.877+0000][6576][safepoint    ] Total time for which application threads were stopped: 0.0675864 seconds, Stopping threads took: 0.0000189 seconds
[2019-01-14T09:12:42.137+0000][6576][safepoint    ] Application time: 0.2607341 seconds
[2019-01-14T09:12:42.138+0000][6576][safepoint    ] Total time for which application threads were stopped: 0.0000748 seconds, Stopping threads took: 0.0000116 seconds
[2019-01-14T09:12:42.138+0000][6576][safepoint    ] Application time: 0.0000742 seconds
[2019-01-14T09:12:42.138+0000][6576][safepoint    ] Total time for which application threads were stopped: 0.0000391 seconds, Stopping threads took: 0.0000053 seconds
[2019-01-14T09:12:42.360+0000][6576][safepoint    ] Application time: 0.2218843 seconds
[2019-01-14T09:12:42.360+0000][6576][safepoint    ] Total time for which application threads were stopped: 0.0000758 seconds, Stopping threads took: 0.0000248 seconds
[2019-01-14T09:12:42.396+0000][6576][safepoint    ] Application time: 0.0363205 seconds
[2019-01-14T09:12:42.396+0000][6576][safepoint    ] Total time for which application threads were stopped: 0.0000733 seconds, Stopping threads took: 0.0000179 seconds
[2019-01-14T09:12:42.396+0000][6576][safepoint    ] Application time: 0.0000283 seconds
[2019-01-14T09:12:42.396+0000][6576][safepoint    ] Total time for which application threads were stopped: 0.0000284 seconds, Stopping threads took: 0.0000067 seconds
[2019-01-14T09:12:42.412+0000][6576][safepoint    ] Application time: 0.0160087 seconds
[2019-01-14T09:12:42.415+0000][6576][safepoint    ] Total time for which application threads were stopped: 0.0026627 seconds, Stopping threads took: 0.0025759 seconds
[2019-01-14T09:12:42.416+0000][6576][safepoint    ] Application time: 0.0005008 seconds
[2019-01-14T09:12:42.417+0000][6576][safepoint    ] Total time for which application threads were stopped: 0.0014557 seconds, Stopping threads took: 0.0013629 seconds
[2019-01-14T09:12:42.435+0000][6576][safepoint    ] Application time: 0.0178780 seconds
[2019-01-14T09:12:42.438+0000][6576][safepoint    ] Total time for which application threads were stopped: 0.0028585 seconds, Stopping threads took: 0.0027606 seconds
[2019-01-14T09:12:42.439+0000][6576][safepoint    ] Application time: 0.0011133 seconds
[2019-01-14T09:12:42.439+0000][6576][safepoint    ] Total time for which application threads were stopped: 0.0003232 seconds, Stopping threads took: 0.0000596 seconds
[2019-01-14T09:12:42.447+0000][6576][safepoint    ] Application time: 0.0074857 seconds
[2019-01-14T09:12:42.447+0000][6576][safepoint    ] Total time for which application threads were stopped: 0.0004263 seconds, Stopping threads took: 0.0003425 seconds
[2019-01-14T09:12:42.515+0000][6576][safepoint    ] Application time: 0.0673996 seconds
[2019-01-14T09:12:42.515+0000][6576][safepoint    ] Total time for which application threads were stopped: 0.0001022 seconds, Stopping threads took: 0.0000450 seconds
[2019-01-14T09:12:42.525+0000][6576][safepoint    ] Application time: 0.0095810 seconds
[2019-01-14T09:12:42.525+0000][6576][safepoint    ] Total time for which application threads were stopped: 0.0001317 seconds, Stopping threads took: 0.0000437 seconds
[2019-01-14T09:12:42.535+0000][6576][safepoint    ] Application time: 0.0099138 seconds
[2019-01-14T09:12:42.535+0000][6576][safepoint    ] Total time for which application threads were stopped: 0.0000707 seconds, Stopping threads took: 0.0000191 seconds
[2019-01-14T09:12:42.535+0000][6576][safepoint    ] Application time: 0.0002280 seconds
[2019-01-14T09:12:42.538+0000][6576][safepoint    ] Total time for which application threads were stopped: 0.0029333 seconds, Stopping threads took: 0.0026075 seconds
[2019-01-14T09:12:42.538+0000][6576][safepoint    ] Application time: 0.0000552 seconds
[2019-01-14T09:12:42.538+0000][6576][safepoint    ] Total time for which application threads were stopped: 0.0003253 seconds, Stopping threads took: 0.0000051 seconds
[2019-01-14T09:12:42.539+0000][6576][safepoint    ] Application time: 0.0005185 seconds
[2019-01-14T09:12:42.539+0000][6576][safepoint    ] Total time for which application threads were stopped: 0.0000663 seconds, Stopping threads took: 0.0000192 seconds
[2019-01-14T09:12:42.542+0000][6576][safepoint    ] Application time: 0.0026155 seconds
[2019-01-14T09:12:42.542+0000][6576][safepoint    ] Total time for which application threads were stopped: 0.0000588 seconds, Stopping threads took: 0.0000161 seconds
[2019-01-14T09:12:42.542+0000][6576][safepoint    ] Application time: 0.0002224 seconds
[2019-01-14T09:12:42.542+0000][6576][safepoint    ] Total time for which application threads were stopped: 0.0000401 seconds, Stopping threads took: 0.0000106 seconds
[2019-01-14T09:12:42.570+0000][6576][safepoint    ] Application time: 0.0282490 seconds
[2019-01-14T09:12:42.576+0000][6576][safepoint    ] Total time for which application threads were stopped: 0.0001473 seconds, Stopping threads took: 0.0000318 seconds
[2019-01-14T09:12:42.598+0000][6576][safepoint    ] Application time: 0.0218119 seconds
[2019-01-14T09:12:42.601+0000][6576][safepoint    ] Total time for which application threads were stopped: 0.0030156 seconds, Stopping threads took: 0.0029409 seconds
[2019-01-14T09:12:42.604+0000][6576][safepoint    ] Application time: 0.0024769 seconds
[2019-01-14T09:12:42.604+0000][6576][safepoint    ] Total time for which application threads were stopped: 0.0001349 seconds, Stopping threads took: 0.0000748 seconds
[2019-01-14T09:12:42.609+0000][6576][safepoint    ] Application time: 0.0055594 seconds
[2019-01-14T09:12:42.613+0000][6576][safepoint    ] Total time for which application threads were stopped: 0.0035356 seconds, Stopping threads took: 0.0034689 seconds
[2019-01-14T09:12:42.614+0000][6576][safepoint    ] Application time: 0.0006169 seconds
[2019-01-14T09:12:42.614+0000][6576][safepoint    ] Total time for which application threads were stopped: 0.0000611 seconds, Stopping threads took: 0.0000151 seconds
[2019-01-14T09:12:42.653+0000][6576][safepoint    ] Application time: 0.0391546 seconds
[2019-01-14T09:12:42.674+0000][6576][gc,start     ] GC(23) Pause Young (Allocation Failure)
[2019-01-14T09:12:42.695+0000][6576][gc,task      ] GC(23) Using 2 workers of 2 for evacuation
[2019-01-14T09:12:42.867+0000][6576][gc,age       ] GC(23) Desired survivor size 4456448 bytes, new threshold 1 (max threshold 6)
[2019-01-14T09:12:42.867+0000][6576][gc,age       ] GC(23) Age table with threshold 1 (max threshold 6)
[2019-01-14T09:12:42.867+0000][6576][gc,age       ] GC(23) - age   1:    8912792 bytes,    8912792 total
[2019-01-14T09:12:42.867+0000][6576][gc,heap      ] GC(23) ParNew: 78656K->8704K(78656K)
[2019-01-14T09:12:42.867+0000][6576][gc,heap      ] GC(23) CMS: 60009K->78745K(174784K)
[2019-01-14T09:12:42.867+0000][6576][gc,metaspace ] GC(23) Metaspace: 73066K->73066K(1116160K)
[2019-01-14T09:12:42.867+0000][6576][gc           ] GC(23) Pause Young (Allocation Failure) 135M->85M(247M) 193.453ms
[2019-01-14T09:12:42.867+0000][6576][gc,cpu       ] GC(23) User=0.21s Sys=0.01s Real=0.19s
[2019-01-14T09:12:42.867+0000][6576][safepoint    ] Total time for which application threads were stopped: 0.2142886 seconds, Stopping threads took: 0.0000183 seconds
[2019-01-14T09:12:42.927+0000][6576][safepoint    ] Application time: 0.0601742 seconds
[2019-01-14T09:12:42.929+0000][6576][safepoint    ] Total time for which application threads were stopped: 0.0012779 seconds, Stopping threads took: 0.0000138 seconds
[2019-01-14T09:12:43.033+0000][6576][safepoint    ] Application time: 0.1045485 seconds
[2019-01-14T09:12:43.034+0000][6576][safepoint    ] Total time for which application threads were stopped: 0.0001118 seconds, Stopping threads took: 0.0000172 seconds
[2019-01-14T09:12:43.035+0000][6576][safepoint    ] Application time: 0.0013441 seconds
[2019-01-14T09:12:43.035+0000][6576][safepoint    ] Total time for which application threads were stopped: 0.0000524 seconds, Stopping threads took: 0.0000148 seconds
[2019-01-14T09:12:43.054+0000][6576][safepoint    ] Application time: 0.0185578 seconds
[2019-01-14T09:12:43.054+0000][6576][safepoint    ] Total time for which application threads were stopped: 0.0000539 seconds, Stopping threads took: 0.0000178 seconds
[2019-01-14T09:12:43.059+0000][6576][safepoint    ] Application time: 0.0048900 seconds
[2019-01-14T09:12:43.059+0000][6576][safepoint    ] Total time for which application threads were stopped: 0.0000998 seconds, Stopping threads took: 0.0000475 seconds
[2019-01-14T09:12:43.059+0000][6576][safepoint    ] Application time: 0.0005909 seconds
[2019-01-14T09:12:43.059+0000][6576][safepoint    ] Total time for which application threads were stopped: 0.0000505 seconds, Stopping threads took: 0.0000128 seconds
[2019-01-14T09:12:43.107+0000][6576][safepoint    ] Application time: 0.0478852 seconds
[2019-01-14T09:12:43.107+0000][6576][safepoint    ] Total time for which application threads were stopped: 0.0000973 seconds, Stopping threads took: 0.0000112 seconds
[2019-01-14T09:12:43.108+0000][6576][safepoint    ] Application time: 0.0001688 seconds
[2019-01-14T09:12:43.108+0000][6576][safepoint    ] Total time for which application threads were stopped: 0.0000318 seconds, Stopping threads took: 0.0000052 seconds
[2019-01-14T09:12:43.108+0000][6576][safepoint    ] Application time: 0.0004543 seconds
[2019-01-14T09:12:43.108+0000][6576][safepoint    ] Total time for which application threads were stopped: 0.0000345 seconds, Stopping threads took: 0.0000052 seconds
[2019-01-14T09:12:43.113+0000][6576][safepoint    ] Application time: 0.0046245 seconds
[2019-01-14T09:12:43.113+0000][6576][safepoint    ] Total time for which application threads were stopped: 0.0000556 seconds, Stopping threads took: 0.0000102 seconds
[2019-01-14T09:12:43.169+0000][6576][safepoint    ] Application time: 0.0564114 seconds
[2019-01-14T09:12:43.169+0000][6576][safepoint    ] Total time for which application threads were stopped: 0.0001273 seconds, Stopping threads took: 0.0000273 seconds
[2019-01-14T09:12:43.172+0000][6576][safepoint    ] Application time: 0.0028484 seconds
[2019-01-14T09:12:43.176+0000][6576][safepoint    ] Total time for which application threads were stopped: 0.0031578 seconds, Stopping threads took: 0.0030906 seconds
[2019-01-14T09:12:43.176+0000][6576][safepoint    ] Application time: 0.0003090 seconds
[2019-01-14T09:12:43.176+0000][6576][safepoint    ] Total time for which application threads were stopped: 0.0000350 seconds, Stopping threads took: 0.0000077 seconds
[2019-01-14T09:12:43.176+0000][6576][safepoint    ] Application time: 0.0001005 seconds
[2019-01-14T09:12:43.176+0000][6576][safepoint    ] Total time for which application threads were stopped: 0.0000278 seconds, Stopping threads took: 0.0000039 seconds
[2019-01-14T09:12:43.177+0000][6576][safepoint    ] Application time: 0.0010512 seconds
[2019-01-14T09:12:43.177+0000][6576][safepoint    ] Total time for which application threads were stopped: 0.0000305 seconds, Stopping threads took: 0.0000051 seconds
[2019-01-14T09:12:43.177+0000][6576][safepoint    ] Application time: 0.0000784 seconds
[2019-01-14T09:12:43.177+0000][6576][safepoint    ] Total time for which application threads were stopped: 0.0000247 seconds, Stopping threads took: 0.0000041 seconds
[2019-01-14T09:12:43.177+0000][6576][safepoint    ] Application time: 0.0000629 seconds
[2019-01-14T09:12:43.177+0000][6576][safepoint    ] Total time for which application threads were stopped: 0.0000259 seconds, Stopping threads took: 0.0000039 seconds
[2019-01-14T09:12:43.180+0000][6576][safepoint    ] Application time: 0.0030237 seconds
[2019-01-14T09:12:43.181+0000][6576][safepoint    ] Total time for which application threads were stopped: 0.0000596 seconds, Stopping threads took: 0.0000141 seconds
[2019-01-14T09:12:43.181+0000][6576][safepoint    ] Application time: 0.0000753 seconds
[2019-01-14T09:12:43.181+0000][6576][safepoint    ] Total time for which application threads were stopped: 0.0000296 seconds, Stopping threads took: 0.0000046 seconds
[2019-01-14T09:12:43.199+0000][6576][safepoint    ] Application time: 0.0187302 seconds
[2019-01-14T09:12:43.199+0000][6576][safepoint    ] Total time for which application threads were stopped: 0.0000608 seconds, Stopping threads took: 0.0000184 seconds
[2019-01-14T09:12:43.226+0000][6576][safepoint    ] Application time: 0.0263904 seconds
[2019-01-14T09:12:43.226+0000][6576][safepoint    ] Total time for which application threads were stopped: 0.0000708 seconds, Stopping threads took: 0.0000180 seconds
[2019-01-14T09:12:43.226+0000][6576][safepoint    ] Application time: 0.0000410 seconds
[2019-01-14T09:12:43.226+0000][6576][safepoint    ] Total time for which application threads were stopped: 0.0000343 seconds, Stopping threads took: 0.0000090 seconds
[2019-01-14T09:12:43.226+0000][6576][safepoint    ] Application time: 0.0000337 seconds
[2019-01-14T09:12:43.226+0000][6576][safepoint    ] Total time for which application threads were stopped: 0.0000321 seconds, Stopping threads took: 0.0000083 seconds
[2019-01-14T09:12:43.230+0000][6576][safepoint    ] Application time: 0.0034718 seconds
[2019-01-14T09:12:43.230+0000][6576][safepoint    ] Total time for which application threads were stopped: 0.0000595 seconds, Stopping threads took: 0.0000172 seconds
[2019-01-14T09:12:43.230+0000][6576][safepoint    ] Application time: 0.0002223 seconds
[2019-01-14T09:12:43.230+0000][6576][safepoint    ] Total time for which application threads were stopped: 0.0000338 seconds, Stopping threads took: 0.0000090 seconds
[2019-01-14T09:12:43.238+0000][6576][safepoint    ] Application time: 0.0084066 seconds
[2019-01-14T09:12:43.239+0000][6576][safepoint    ] Total time for which application threads were stopped: 0.0000623 seconds, Stopping threads took: 0.0000198 seconds
[2019-01-14T09:12:43.239+0000][6576][safepoint    ] Application time: 0.0006850 seconds
[2019-01-14T09:12:43.239+0000][6576][safepoint    ] Total time for which application threads were stopped: 0.0000578 seconds, Stopping threads took: 0.0000164 seconds
[2019-01-14T09:12:43.240+0000][6576][safepoint    ] Application time: 0.0010535 seconds
[2019-01-14T09:12:43.240+0000][6576][safepoint    ] Total time for which application threads were stopped: 0.0000531 seconds, Stopping threads took: 0.0000168 seconds
[2019-01-14T09:12:43.243+0000][6576][safepoint    ] Application time: 0.0030270 seconds
[2019-01-14T09:12:43.245+0000][6576][safepoint    ] Total time for which application threads were stopped: 0.0011875 seconds, Stopping threads took: 0.0011309 seconds
[2019-01-14T09:12:43.269+0000][6576][safepoint    ] Application time: 0.0244708 seconds
[2019-01-14T09:12:43.270+0000][6576][safepoint    ] Total time for which application threads were stopped: 0.0002728 seconds, Stopping threads took: 0.0000256 seconds
[2019-01-14T09:12:43.271+0000][6576][safepoint    ] Application time: 0.0010233 seconds
[2019-01-14T09:12:43.271+0000][6576][safepoint    ] Total time for which application threads were stopped: 0.0000651 seconds, Stopping threads took: 0.0000168 seconds
[2019-01-14T09:12:43.274+0000][6576][safepoint    ] Application time: 0.0038003 seconds
[2019-01-14T09:12:43.275+0000][6576][safepoint    ] Total time for which application threads were stopped: 0.0003676 seconds, Stopping threads took: 0.0001527 seconds
[2019-01-14T09:12:43.275+0000][6576][safepoint    ] Application time: 0.0001973 seconds
[2019-01-14T09:12:43.275+0000][6576][safepoint    ] Total time for which application threads were stopped: 0.0000443 seconds, Stopping threads took: 0.0000169 seconds
[2019-01-14T09:12:43.276+0000][6576][safepoint    ] Application time: 0.0003419 seconds
[2019-01-14T09:12:43.276+0000][6576][safepoint    ] Total time for which application threads were stopped: 0.0000985 seconds, Stopping threads took: 0.0000482 seconds
[2019-01-14T09:12:43.276+0000][6576][safepoint    ] Application time: 0.0001105 seconds
[2019-01-14T09:12:43.276+0000][6576][safepoint    ] Total time for which application threads were stopped: 0.0002638 seconds, Stopping threads took: 0.0000830 seconds
[2019-01-14T09:12:43.276+0000][6576][safepoint    ] Application time: 0.0002557 seconds
[2019-01-14T09:12:43.276+0000][6576][safepoint    ] Total time for which application threads were stopped: 0.0000362 seconds, Stopping threads took: 0.0000090 seconds
[2019-01-14T09:12:43.276+0000][6576][safepoint    ] Application time: 0.0000377 seconds
[2019-01-14T09:12:43.277+0000][6576][safepoint    ] Total time for which application threads were stopped: 0.0000313 seconds, Stopping threads took: 0.0000082 seconds
[2019-01-14T09:12:43.277+0000][6576][safepoint    ] Application time: 0.0000615 seconds
[2019-01-14T09:12:43.277+0000][6576][safepoint    ] Total time for which application threads were stopped: 0.0000377 seconds, Stopping threads took: 0.0000149 seconds
[2019-01-14T09:12:43.277+0000][6576][safepoint    ] Application time: 0.0000640 seconds
[2019-01-14T09:12:43.277+0000][6576][safepoint    ] Total time for which application threads were stopped: 0.0000320 seconds, Stopping threads took: 0.0000083 seconds
[2019-01-14T09:12:43.277+0000][6576][safepoint    ] Application time: 0.0001493 seconds
[2019-01-14T09:12:43.277+0000][6576][safepoint    ] Total time for which application threads were stopped: 0.0000336 seconds, Stopping threads took: 0.0000087 seconds
[2019-01-14T09:12:43.277+0000][6576][safepoint    ] Application time: 0.0000375 seconds
[2019-01-14T09:12:43.277+0000][6576][safepoint    ] Total time for which application threads were stopped: 0.0000303 seconds, Stopping threads took: 0.0000083 seconds
[2019-01-14T09:12:43.277+0000][6576][safepoint    ] Application time: 0.0000361 seconds
[2019-01-14T09:12:43.277+0000][6576][safepoint    ] Total time for which application threads were stopped: 0.0000378 seconds, Stopping threads took: 0.0000151 seconds
[2019-01-14T09:12:43.277+0000][6576][safepoint    ] Application time: 0.0000572 seconds
[2019-01-14T09:12:43.277+0000][6576][safepoint    ] Total time for which application threads were stopped: 0.0000309 seconds, Stopping threads took: 0.0000083 seconds
[2019-01-14T09:12:43.277+0000][6576][safepoint    ] Application time: 0.0001570 seconds
[2019-01-14T09:12:43.277+0000][6576][safepoint    ] Total time for which application threads were stopped: 0.0000682 seconds, Stopping threads took: 0.0000414 seconds
[2019-01-14T09:12:43.278+0000][6576][safepoint    ] Application time: 0.0001245 seconds
[2019-01-14T09:12:43.278+0000][6576][safepoint    ] Total time for which application threads were stopped: 0.0000322 seconds, Stopping threads took: 0.0000085 seconds
[2019-01-14T09:12:43.278+0000][6576][safepoint    ] Application time: 0.0001017 seconds
[2019-01-14T09:12:43.278+0000][6576][safepoint    ] Total time for which application threads were stopped: 0.0000443 seconds, Stopping threads took: 0.0000083 seconds
[2019-01-14T09:12:43.278+0000][6576][safepoint    ] Application time: 0.0000376 seconds
[2019-01-14T09:12:43.278+0000][6576][safepoint    ] Total time for which application threads were stopped: 0.0000386 seconds, Stopping threads took: 0.0000150 seconds
[2019-01-14T09:12:43.278+0000][6576][safepoint    ] Application time: 0.0000569 seconds
[2019-01-14T09:12:43.278+0000][6576][safepoint    ] Total time for which application threads were stopped: 0.0000325 seconds, Stopping threads took: 0.0000083 seconds
[2019-01-14T09:12:43.287+0000][6576][safepoint    ] Application time: 0.0085418 seconds
[2019-01-14T09:12:43.287+0000][6576][safepoint    ] Total time for which application threads were stopped: 0.0002229 seconds, Stopping threads took: 0.0001030 seconds
[2019-01-14T09:12:43.290+0000][6576][safepoint    ] Application time: 0.0032711 seconds
[2019-01-14T09:12:43.290+0000][6576][safepoint    ] Total time for which application threads were stopped: 0.0001687 seconds, Stopping threads took: 0.0001139 seconds
[2019-01-14T09:12:43.290+0000][6576][safepoint    ] Application time: 0.0000422 seconds
[2019-01-14T09:12:43.290+0000][6576][safepoint    ] Total time for which application threads were stopped: 0.0000279 seconds, Stopping threads took: 0.0000071 seconds
[2019-01-14T09:12:43.290+0000][6576][safepoint    ] Application time: 0.0000151 seconds
[2019-01-14T09:12:43.290+0000][6576][safepoint    ] Total time for which application threads were stopped: 0.0000250 seconds, Stopping threads took: 0.0000061 seconds
[2019-01-14T09:12:43.291+0000][6576][safepoint    ] Application time: 0.0000143 seconds
[2019-01-14T09:12:43.291+0000][6576][safepoint    ] Total time for which application threads were stopped: 0.0001129 seconds, Stopping threads took: 0.0000246 seconds
[2019-01-14T09:12:43.291+0000][6576][safepoint    ] Application time: 0.0006597 seconds
[2019-01-14T09:12:43.291+0000][6576][safepoint    ] Total time for which application threads were stopped: 0.0000443 seconds, Stopping threads took: 0.0000163 seconds
[2019-01-14T09:12:43.292+0000][6576][safepoint    ] Application time: 0.0004971 seconds
[2019-01-14T09:12:43.292+0000][6576][safepoint    ] Total time for which application threads were stopped: 0.0000441 seconds, Stopping threads took: 0.0000142 seconds
[2019-01-14T09:12:43.292+0000][6576][safepoint    ] Application time: 0.0003723 seconds
[2019-01-14T09:12:43.292+0000][6576][safepoint    ] Total time for which application threads were stopped: 0.0001344 seconds, Stopping threads took: 0.0000994 seconds
[2019-01-14T09:12:43.293+0000][6576][safepoint    ] Application time: 0.0002285 seconds
[2019-01-14T09:12:43.293+0000][6576][safepoint    ] Total time for which application threads were stopped: 0.0000377 seconds, Stopping threads took: 0.0000104 seconds
[2019-01-14T09:12:43.293+0000][6576][safepoint    ] Application time: 0.0000247 seconds
[2019-01-14T09:12:43.293+0000][6576][safepoint    ] Total time for which application threads were stopped: 0.0000260 seconds, Stopping threads took: 0.0000065 seconds
[2019-01-14T09:12:43.293+0000][6576][safepoint    ] Application time: 0.0000152 seconds
[2019-01-14T09:12:43.293+0000][6576][safepoint    ] Total time for which application threads were stopped: 0.0000248 seconds, Stopping threads took: 0.0000061 seconds
[2019-01-14T09:12:43.293+0000][6576][safepoint    ] Application time: 0.0000137 seconds
[2019-01-14T09:12:43.293+0000][6576][safepoint    ] Total time for which application threads were stopped: 0.0000246 seconds, Stopping threads took: 0.0000061 seconds
[2019-01-14T09:12:43.293+0000][6576][safepoint    ] Application time: 0.0000135 seconds
[2019-01-14T09:12:43.293+0000][6576][safepoint    ] Total time for which application threads were stopped: 0.0000245 seconds, Stopping threads took: 0.0000059 seconds
[2019-01-14T09:12:43.293+0000][6576][safepoint    ] Application time: 0.0000146 seconds
[2019-01-14T09:12:43.293+0000][6576][safepoint    ] Total time for which application threads were stopped: 0.0000244 seconds, Stopping threads took: 0.0000059 seconds
[2019-01-14T09:12:43.293+0000][6576][safepoint    ] Application time: 0.0000144 seconds
[2019-01-14T09:12:43.293+0000][6576][safepoint    ] Total time for which application threads were stopped: 0.0000249 seconds, Stopping threads took: 0.0000061 seconds
[2019-01-14T09:12:43.293+0000][6576][safepoint    ] Application time: 0.0000163 seconds
[2019-01-14T09:12:43.293+0000][6576][safepoint    ] Total time for which application threads were stopped: 0.0000249 seconds, Stopping threads took: 0.0000061 seconds
[2019-01-14T09:12:43.293+0000][6576][safepoint    ] Application time: 0.0001895 seconds
[2019-01-14T09:12:43.293+0000][6576][safepoint    ] Total time for which application threads were stopped: 0.0000365 seconds, Stopping threads took: 0.0000096 seconds
[2019-01-14T09:12:43.293+0000][6576][safepoint    ] Application time: 0.0000268 seconds
[2019-01-14T09:12:43.293+0000][6576][safepoint    ] Total time for which application threads were stopped: 0.0000287 seconds, Stopping threads took: 0.0000079 seconds
[2019-01-14T09:12:43.293+0000][6576][safepoint    ] Application time: 0.0000148 seconds
[2019-01-14T09:12:43.294+0000][6576][safepoint    ] Total time for which application threads were stopped: 0.0000726 seconds, Stopping threads took: 0.0000458 seconds
[2019-01-14T09:12:43.294+0000][6576][safepoint    ] Application time: 0.0000243 seconds
[2019-01-14T09:12:43.294+0000][6576][safepoint    ] Total time for which application threads were stopped: 0.0003191 seconds, Stopping threads took: 0.0000066 seconds
[2019-01-14T09:12:43.697+0000][6576][safepoint    ] Application time: 0.4027132 seconds
[2019-01-14T09:12:43.701+0000][6576][safepoint    ] Total time for which application threads were stopped: 0.0027480 seconds, Stopping threads took: 0.0000193 seconds
[2019-01-14T09:12:43.702+0000][6576][safepoint    ] Application time: 0.0012942 seconds
[2019-01-14T09:12:43.703+0000][6576][safepoint    ] Total time for which application threads were stopped: 0.0004274 seconds, Stopping threads took: 0.0003478 seconds
[2019-01-14T09:12:43.721+0000][6576][safepoint    ] Application time: 0.0189233 seconds
[2019-01-14T09:12:43.724+0000][6576][safepoint    ] Total time for which application threads were stopped: 0.0028754 seconds, Stopping threads took: 0.0027588 seconds
[2019-01-14T09:12:43.726+0000][6576][safepoint    ] Application time: 0.0016663 seconds
[2019-01-14T09:12:43.726+0000][6576][safepoint    ] Total time for which application threads were stopped: 0.0001380 seconds, Stopping threads took: 0.0000641 seconds
[2019-01-14T09:12:43.733+0000][6576][safepoint    ] Application time: 0.0066216 seconds
[2019-01-14T09:12:43.733+0000][6576][safepoint    ] Total time for which application threads were stopped: 0.0001362 seconds, Stopping threads took: 0.0000474 seconds
[2019-01-14T09:12:43.733+0000][6576][safepoint    ] Application time: 0.0003924 seconds
[2019-01-14T09:12:43.734+0000][6576][safepoint    ] Total time for which application threads were stopped: 0.0000919 seconds, Stopping threads took: 0.0000209 seconds
[2019-01-14T09:12:43.865+0000][6576][safepoint    ] Application time: 0.1312867 seconds
[2019-01-14T09:12:43.865+0000][6576][safepoint    ] Total time for which application threads were stopped: 0.0000940 seconds, Stopping threads took: 0.0000291 seconds
[2019-01-14T09:12:43.915+0000][6576][safepoint    ] Application time: 0.0498774 seconds
[2019-01-14T09:12:43.915+0000][6576][safepoint    ] Total time for which application threads were stopped: 0.0000764 seconds, Stopping threads took: 0.0000193 seconds
[2019-01-14T09:12:43.926+0000][6576][safepoint    ] Application time: 0.0112617 seconds
[2019-01-14T09:12:43.934+0000][6576][safepoint    ] Total time for which application threads were stopped: 0.0007017 seconds, Stopping threads took: 0.0004704 seconds
[2019-01-14T09:12:43.935+0000][6576][safepoint    ] Application time: 0.0010503 seconds
[2019-01-14T09:12:43.936+0000][6576][safepoint    ] Total time for which application threads were stopped: 0.0006118 seconds, Stopping threads took: 0.0005650 seconds
[2019-01-14T09:12:43.967+0000][6576][safepoint    ] Application time: 0.0313851 seconds
[2019-01-14T09:12:43.967+0000][6576][safepoint    ] Total time for which application threads were stopped: 0.0001395 seconds, Stopping threads took: 0.0000688 seconds
[2019-01-14T09:12:43.968+0000][6576][safepoint    ] Application time: 0.0004685 seconds
[2019-01-14T09:12:43.969+0000][6576][safepoint    ] Total time for which application threads were stopped: 0.0007179 seconds, Stopping threads took: 0.0006598 seconds
[2019-01-14T09:12:43.970+0000][6576][safepoint    ] Application time: 0.0017560 seconds
[2019-01-14T09:12:43.971+0000][6576][safepoint    ] Total time for which application threads were stopped: 0.0003399 seconds, Stopping threads took: 0.0002820 seconds
[2019-01-14T09:12:43.981+0000][6576][safepoint    ] Application time: 0.0104784 seconds
[2019-01-14T09:12:43.984+0000][6576][safepoint    ] Total time for which application threads were stopped: 0.0027342 seconds, Stopping threads took: 0.0026274 seconds
[2019-01-14T09:12:43.992+0000][6576][safepoint    ] Application time: 0.0083750 seconds
[2019-01-14T09:12:43.993+0000][6576][safepoint    ] Total time for which application threads were stopped: 0.0000750 seconds, Stopping threads took: 0.0000193 seconds
[2019-01-14T09:12:43.993+0000][6576][safepoint    ] Application time: 0.0001953 seconds
[2019-01-14T09:12:43.993+0000][6576][safepoint    ] Total time for which application threads were stopped: 0.0000600 seconds, Stopping threads took: 0.0000202 seconds
[2019-01-14T09:12:43.994+0000][6576][safepoint    ] Application time: 0.0008701 seconds
[2019-01-14T09:12:43.994+0000][6576][safepoint    ] Total time for which application threads were stopped: 0.0002667 seconds, Stopping threads took: 0.0002063 seconds
[2019-01-14T09:12:44.021+0000][6576][safepoint    ] Application time: 0.0267651 seconds
[2019-01-14T09:12:44.022+0000][6576][gc,start     ] GC(24) Pause Young (Allocation Failure)
[2019-01-14T09:12:44.023+0000][6576][gc,task      ] GC(24) Using 2 workers of 2 for evacuation
[2019-01-14T09:12:44.085+0000][6576][gc,age       ] GC(24) Desired survivor size 4456448 bytes, new threshold 6 (max threshold 6)
[2019-01-14T09:12:44.085+0000][6576][gc,age       ] GC(24) Age table with threshold 6 (max threshold 6)
[2019-01-14T09:12:44.085+0000][6576][gc,age       ] GC(24) - age   1:    1713152 bytes,    1713152 total
[2019-01-14T09:12:44.085+0000][6576][gc,heap      ] GC(24) ParNew: 78656K->8466K(78656K)
[2019-01-14T09:12:44.085+0000][6576][gc,heap      ] GC(24) CMS: 78745K->87451K(174784K)
[2019-01-14T09:12:44.085+0000][6576][gc,metaspace ] GC(24) Metaspace: 76993K->76993K(1120256K)
[2019-01-14T09:12:44.085+0000][6576][gc           ] GC(24) Pause Young (Allocation Failure) 153M->93M(247M) 63.721ms
[2019-01-14T09:12:44.086+0000][6576][gc,cpu       ] GC(24) User=0.05s Sys=0.00s Real=0.06s
[2019-01-14T09:12:44.086+0000][6576][safepoint    ] Total time for which application threads were stopped: 0.0647670 seconds, Stopping threads took: 0.0000345 seconds
[2019-01-14T09:12:44.111+0000][6576][safepoint    ] Application time: 0.0256653 seconds
[2019-01-14T09:12:44.111+0000][6576][safepoint    ] Total time for which application threads were stopped: 0.0001301 seconds, Stopping threads took: 0.0000347 seconds
[2019-01-14T09:12:44.112+0000][6576][safepoint    ] Application time: 0.0007468 seconds
[2019-01-14T09:12:44.115+0000][6576][safepoint    ] Total time for which application threads were stopped: 0.0027165 seconds, Stopping threads took: 0.0026697 seconds
[2019-01-14T09:12:44.115+0000][6576][safepoint    ] Application time: 0.0001225 seconds
[2019-01-14T09:12:44.115+0000][6576][safepoint    ] Total time for which application threads were stopped: 0.0001085 seconds, Stopping threads took: 0.0000517 seconds
[2019-01-14T09:12:44.115+0000][6576][safepoint    ] Application time: 0.0001768 seconds
[2019-01-14T09:12:44.115+0000][6576][safepoint    ] Total time for which application threads were stopped: 0.0001153 seconds, Stopping threads took: 0.0000670 seconds
[2019-01-14T09:12:44.135+0000][6576][safepoint    ] Application time: 0.0197710 seconds
[2019-01-14T09:12:44.135+0000][6576][safepoint    ] Total time for which application threads were stopped: 0.0001667 seconds, Stopping threads took: 0.0000748 seconds
[2019-01-14T09:12:44.136+0000][6576][safepoint    ] Application time: 0.0000472 seconds
[2019-01-14T09:12:44.136+0000][6576][safepoint    ] Total time for which application threads were stopped: 0.0000827 seconds, Stopping threads took: 0.0000392 seconds
[2019-01-14T09:12:44.136+0000][6576][safepoint    ] Application time: 0.0004298 seconds
[2019-01-14T09:12:44.136+0000][6576][safepoint    ] Total time for which application threads were stopped: 0.0000993 seconds, Stopping threads took: 0.0000434 seconds
[2019-01-14T09:12:44.148+0000][6576][safepoint    ] Application time: 0.0114303 seconds
[2019-01-14T09:12:44.151+0000][6576][safepoint    ] Total time for which application threads were stopped: 0.0038007 seconds, Stopping threads took: 0.0036825 seconds
[2019-01-14T09:12:44.297+0000][6576][safepoint    ] Application time: 0.1451747 seconds
[2019-01-14T09:12:44.297+0000][6576][safepoint    ] Total time for which application threads were stopped: 0.0001780 seconds, Stopping threads took: 0.0000669 seconds
[2019-01-14T09:12:44.299+0000][6576][safepoint    ] Application time: 0.0024890 seconds
[2019-01-14T09:12:44.300+0000][6576][safepoint    ] Total time for which application threads were stopped: 0.0000897 seconds, Stopping threads took: 0.0000386 seconds
[2019-01-14T09:12:44.300+0000][6576][safepoint    ] Application time: 0.0000612 seconds
[2019-01-14T09:12:44.300+0000][6576][safepoint    ] Total time for which application threads were stopped: 0.0000422 seconds, Stopping threads took: 0.0000119 seconds
[2019-01-14T09:12:44.300+0000][6576][safepoint    ] Application time: 0.0002725 seconds
[2019-01-14T09:12:44.300+0000][6576][safepoint    ] Total time for which application threads were stopped: 0.0000537 seconds, Stopping threads took: 0.0000105 seconds
[2019-01-14T09:12:44.435+0000][6576][safepoint    ] Application time: 0.1349985 seconds
[2019-01-14T09:12:44.437+0000][6576][safepoint    ] Total time for which application threads were stopped: 0.0017550 seconds, Stopping threads took: 0.0016609 seconds
[2019-01-14T09:12:44.460+0000][6576][safepoint    ] Application time: 0.0231809 seconds
[2019-01-14T09:12:44.461+0000][6576][safepoint    ] Total time for which application threads were stopped: 0.0008864 seconds, Stopping threads took: 0.0000118 seconds
[2019-01-14T09:12:44.520+0000][6576][safepoint    ] Application time: 0.0592832 seconds
[2019-01-14T09:12:44.523+0000][6576][safepoint    ] Total time for which application threads were stopped: 0.0029796 seconds, Stopping threads took: 0.0028816 seconds
[2019-01-14T09:12:44.524+0000][6576][safepoint    ] Application time: 0.0008102 seconds
[2019-01-14T09:12:44.525+0000][6576][safepoint    ] Total time for which application threads were stopped: 0.0006011 seconds, Stopping threads took: 0.0005395 seconds
[2019-01-14T09:12:44.528+0000][6576][safepoint    ] Application time: 0.0031656 seconds
[2019-01-14T09:12:44.528+0000][6576][safepoint    ] Total time for which application threads were stopped: 0.0004254 seconds, Stopping threads took: 0.0002891 seconds
[2019-01-14T09:12:44.532+0000][6576][safepoint    ] Application time: 0.0038543 seconds
[2019-01-14T09:12:44.534+0000][6576][safepoint    ] Total time for which application threads were stopped: 0.0014853 seconds, Stopping threads took: 0.0014196 seconds
[2019-01-14T09:12:44.538+0000][6576][safepoint    ] Application time: 0.0036662 seconds
[2019-01-14T09:12:44.538+0000][6576][safepoint    ] Total time for which application threads were stopped: 0.0001306 seconds, Stopping threads took: 0.0000115 seconds
[2019-01-14T09:12:44.563+0000][6576][safepoint    ] Application time: 0.0248208 seconds
[2019-01-14T09:12:44.563+0000][6576][safepoint    ] Total time for which application threads were stopped: 0.0001153 seconds, Stopping threads took: 0.0000555 seconds
[2019-01-14T09:12:44.564+0000][6576][safepoint    ] Application time: 0.0010607 seconds
[2019-01-14T09:12:44.564+0000][6576][safepoint    ] Total time for which application threads were stopped: 0.0000855 seconds, Stopping threads took: 0.0000430 seconds
[2019-01-14T09:12:44.565+0000][6576][safepoint    ] Application time: 0.0002444 seconds
[2019-01-14T09:12:44.565+0000][6576][safepoint    ] Total time for which application threads were stopped: 0.0000560 seconds, Stopping threads took: 0.0000105 seconds
[2019-01-14T09:12:44.576+0000][6576][safepoint    ] Application time: 0.0111080 seconds
[2019-01-14T09:12:44.577+0000][6576][gc,start     ] GC(25) Pause Young (Allocation Failure)
[2019-01-14T09:12:44.578+0000][6576][gc,task      ] GC(25) Using 2 workers of 2 for evacuation
[2019-01-14T09:12:44.656+0000][6576][gc,age       ] GC(25) Desired survivor size 4456448 bytes, new threshold 6 (max threshold 6)
[2019-01-14T09:12:44.657+0000][6576][gc,age       ] GC(25) Age table with threshold 6 (max threshold 6)
[2019-01-14T09:12:44.657+0000][6576][gc,age       ] GC(25) - age   1:    2793632 bytes,    2793632 total
[2019-01-14T09:12:44.657+0000][6576][gc,age       ] GC(25) - age   2:    1583840 bytes,    4377472 total
[2019-01-14T09:12:44.660+0000][6576][gc,heap      ] GC(25) ParNew: 78418K->5821K(78656K)
[2019-01-14T09:12:44.660+0000][6576][gc,heap      ] GC(25) CMS: 87451K->87451K(174784K)
[2019-01-14T09:12:44.697+0000][6576][gc,metaspace ] GC(25) Metaspace: 78370K->78370K(1122304K)
[2019-01-14T09:12:44.697+0000][6576][gc           ] GC(25) Pause Young (Allocation Failure) 161M->91M(247M) 120.157ms
[2019-01-14T09:12:44.697+0000][6576][gc,cpu       ] GC(25) User=0.01s Sys=0.01s Real=0.12s
[2019-01-14T09:12:44.697+0000][6576][safepoint    ] Total time for which application threads were stopped: 0.1212542 seconds, Stopping threads took: 0.0000188 seconds
[2019-01-14T09:12:45.303+0000][6576][safepoint    ] Application time: 0.6053948 seconds
[2019-01-14T09:12:45.305+0000][6576][safepoint    ] Total time for which application threads were stopped: 0.0011074 seconds, Stopping threads took: 0.0000344 seconds
[2019-01-14T09:12:45.306+0000][6576][safepoint    ] Application time: 0.0001038 seconds
[2019-01-14T09:12:45.306+0000][6576][safepoint    ] Total time for which application threads were stopped: 0.0001511 seconds, Stopping threads took: 0.0000046 seconds
[2019-01-14T09:12:45.306+0000][6576][safepoint    ] Application time: 0.0001744 seconds
[2019-01-14T09:12:45.306+0000][6576][safepoint    ] Total time for which application threads were stopped: 0.0000347 seconds, Stopping threads took: 0.0000049 seconds
[2019-01-14T09:12:45.306+0000][6576][safepoint    ] Application time: 0.0000548 seconds
[2019-01-14T09:12:45.306+0000][6576][safepoint    ] Total time for which application threads were stopped: 0.0000262 seconds, Stopping threads took: 0.0000040 seconds
[2019-01-14T09:12:45.306+0000][6576][safepoint    ] Application time: 0.0000932 seconds
[2019-01-14T09:12:45.306+0000][6576][safepoint    ] Total time for which application threads were stopped: 0.0000259 seconds, Stopping threads took: 0.0000036 seconds
[2019-01-14T09:12:45.306+0000][6576][safepoint    ] Application time: 0.0000374 seconds
[2019-01-14T09:12:45.306+0000][6576][safepoint    ] Total time for which application threads were stopped: 0.0000256 seconds, Stopping threads took: 0.0000037 seconds
[2019-01-14T09:12:45.306+0000][6576][safepoint    ] Application time: 0.0000581 seconds
[2019-01-14T09:12:45.306+0000][6576][safepoint    ] Total time for which application threads were stopped: 0.0000383 seconds, Stopping threads took: 0.0000036 seconds
[2019-01-14T09:12:45.306+0000][6576][safepoint    ] Application time: 0.0000370 seconds
[2019-01-14T09:12:45.306+0000][6576][safepoint    ] Total time for which application threads were stopped: 0.0000254 seconds, Stopping threads took: 0.0000036 seconds
[2019-01-14T09:12:46.307+0000][6576][safepoint    ] Application time: 1.0002857 seconds
[2019-01-14T09:12:46.326+0000][6576][safepoint    ] Total time for which application threads were stopped: 0.0181463 seconds, Stopping threads took: 0.0089304 seconds
[2019-01-14T09:12:47.329+0000][6576][safepoint    ] Application time: 1.0020399 seconds
[2019-01-14T09:12:47.332+0000][6576][safepoint    ] Total time for which application threads were stopped: 0.0020533 seconds, Stopping threads took: 0.0000164 seconds
[2019-01-14T09:12:48.332+0000][6576][safepoint    ] Application time: 1.0004701 seconds
[2019-01-14T09:12:48.333+0000][6576][safepoint    ] Total time for which application threads were stopped: 0.0001111 seconds, Stopping threads took: 0.0000159 seconds
[2019-01-14T09:12:49.333+0000][6576][safepoint    ] Application time: 1.0005594 seconds
[2019-01-14T09:12:49.333+0000][6576][safepoint    ] Total time for which application threads were stopped: 0.0000867 seconds, Stopping threads took: 0.0000305 seconds
[2019-01-14T09:12:50.334+0000][6576][safepoint    ] Application time: 1.0003506 seconds
[2019-01-14T09:12:50.334+0000][6576][safepoint    ] Total time for which application threads were stopped: 0.0004773 seconds, Stopping threads took: 0.0000277 seconds
[2019-01-14T09:12:51.336+0000][6576][safepoint    ] Application time: 1.0009530 seconds
[2019-01-14T09:12:51.338+0000][6576][safepoint    ] Total time for which application threads were stopped: 0.0012404 seconds, Stopping threads took: 0.0000281 seconds
[2019-01-14T09:12:52.114+0000][6576][safepoint    ] Application time: 0.7754314 seconds
[2019-01-14T09:12:52.115+0000][6576][safepoint    ] Total time for which application threads were stopped: 0.0002482 seconds, Stopping threads took: 0.0000938 seconds
[2019-01-14T09:12:52.115+0000][6576][safepoint    ] Application time: 0.0005480 seconds
[2019-01-14T09:12:52.115+0000][6576][safepoint    ] Total time for which application threads were stopped: 0.0000801 seconds, Stopping threads took: 0.0000093 seconds
[2019-01-14T09:12:52.135+0000][6576][safepoint    ] Application time: 0.0199320 seconds
[2019-01-14T09:12:52.135+0000][6576][safepoint    ] Total time for which application threads were stopped: 0.0000650 seconds, Stopping threads took: 0.0000126 seconds
[2019-01-14T09:12:52.137+0000][6576][safepoint    ] Application time: 0.0020298 seconds
[2019-01-14T09:12:52.138+0000][6576][safepoint    ] Total time for which application threads were stopped: 0.0000833 seconds, Stopping threads took: 0.0000096 seconds
[2019-01-14T09:12:52.155+0000][6576][safepoint    ] Application time: 0.0171971 seconds
[2019-01-14T09:12:52.155+0000][6576][safepoint    ] Total time for which application threads were stopped: 0.0000544 seconds, Stopping threads took: 0.0000110 seconds
[2019-01-14T09:12:52.229+0000][6576][safepoint    ] Application time: 0.0736430 seconds
[2019-01-14T09:12:52.229+0000][6576][safepoint    ] Total time for which application threads were stopped: 0.0000647 seconds, Stopping threads took: 0.0000103 seconds
[2019-01-14T09:12:52.235+0000][6576][safepoint    ] Application time: 0.0061846 seconds
[2019-01-14T09:12:52.235+0000][6576][safepoint    ] Total time for which application threads were stopped: 0.0000858 seconds, Stopping threads took: 0.0000448 seconds
[2019-01-14T09:12:52.254+0000][6576][safepoint    ] Application time: 0.0193543 seconds
[2019-01-14T09:12:52.255+0000][6576][safepoint    ] Total time for which application threads were stopped: 0.0005608 seconds, Stopping threads took: 0.0000289 seconds
[2019-01-14T09:12:52.262+0000][6576][safepoint    ] Application time: 0.0073665 seconds
[2019-01-14T09:12:52.262+0000][6576][safepoint    ] Total time for which application threads were stopped: 0.0000689 seconds, Stopping threads took: 0.0000179 seconds
[2019-01-14T09:12:52.275+0000][6576][safepoint    ] Application time: 0.0128310 seconds
[2019-01-14T09:12:52.283+0000][6576][safepoint    ] Total time for which application threads were stopped: 0.0079452 seconds, Stopping threads took: 0.0078231 seconds
[2019-01-14T09:12:52.287+0000][6576][safepoint    ] Application time: 0.0040815 seconds
[2019-01-14T09:12:52.290+0000][6576][safepoint    ] Total time for which application threads were stopped: 0.0027973 seconds, Stopping threads took: 0.0027385 seconds
[2019-01-14T09:12:52.290+0000][6576][safepoint    ] Application time: 0.0002041 seconds
[2019-01-14T09:12:52.290+0000][6576][safepoint    ] Total time for which application threads were stopped: 0.0000362 seconds, Stopping threads took: 0.0000046 seconds
[2019-01-14T09:12:52.290+0000][6576][safepoint    ] Application time: 0.0000227 seconds
[2019-01-14T09:12:52.291+0000][6576][safepoint    ] Total time for which application threads were stopped: 0.0000445 seconds, Stopping threads took: 0.0000021 seconds
[2019-01-14T09:12:52.291+0000][6576][safepoint    ] Application time: 0.0001679 seconds
[2019-01-14T09:12:52.291+0000][6576][safepoint    ] Total time for which application threads were stopped: 0.0000305 seconds, Stopping threads took: 0.0000032 seconds
[2019-01-14T09:12:52.291+0000][6576][safepoint    ] Application time: 0.0000446 seconds
[2019-01-14T09:12:52.291+0000][6576][safepoint    ] Total time for which application threads were stopped: 0.0000272 seconds, Stopping threads took: 0.0000023 seconds
[2019-01-14T09:12:52.294+0000][6576][safepoint    ] Application time: 0.0031700 seconds
[2019-01-14T09:12:52.294+0000][6576][safepoint    ] Total time for which application threads were stopped: 0.0000523 seconds, Stopping threads took: 0.0000092 seconds
[2019-01-14T09:12:52.295+0000][6576][safepoint    ] Application time: 0.0006666 seconds
[2019-01-14T09:12:52.295+0000][6576][safepoint    ] Total time for which application threads were stopped: 0.0000566 seconds, Stopping threads took: 0.0000162 seconds
[2019-01-14T09:12:52.295+0000][6576][safepoint    ] Application time: 0.0000248 seconds
[2019-01-14T09:12:52.295+0000][6576][safepoint    ] Total time for which application threads were stopped: 0.0000245 seconds, Stopping threads took: 0.0000023 seconds
[2019-01-14T09:12:52.295+0000][6576][safepoint    ] Application time: 0.0000235 seconds
[2019-01-14T09:12:52.295+0000][6576][safepoint    ] Total time for which application threads were stopped: 0.0000411 seconds, Stopping threads took: 0.0000020 seconds
[2019-01-14T09:12:52.295+0000][6576][safepoint    ] Application time: 0.0000314 seconds
[2019-01-14T09:12:52.295+0000][6576][safepoint    ] Total time for which application threads were stopped: 0.0000289 seconds, Stopping threads took: 0.0000038 seconds
[2019-01-14T09:12:52.295+0000][6576][safepoint    ] Application time: 0.0000177 seconds
[2019-01-14T09:12:52.295+0000][6576][safepoint    ] Total time for which application threads were stopped: 0.0000219 seconds, Stopping threads took: 0.0000020 seconds
[2019-01-14T09:12:52.295+0000][6576][safepoint    ] Application time: 0.0000130 seconds
[2019-01-14T09:12:52.295+0000][6576][safepoint    ] Total time for which application threads were stopped: 0.0000215 seconds, Stopping threads took: 0.0000018 seconds
[2019-01-14T09:12:52.295+0000][6576][safepoint    ] Application time: 0.0000247 seconds
[2019-01-14T09:12:52.295+0000][6576][safepoint    ] Total time for which application threads were stopped: 0.0000220 seconds, Stopping threads took: 0.0000019 seconds
[2019-01-14T09:12:52.295+0000][6576][safepoint    ] Application time: 0.0000605 seconds
[2019-01-14T09:12:52.295+0000][6576][safepoint    ] Total time for which application threads were stopped: 0.0000224 seconds, Stopping threads took: 0.0000023 seconds
[2019-01-14T09:12:52.295+0000][6576][safepoint    ] Application time: 0.0000240 seconds
[2019-01-14T09:12:52.295+0000][6576][safepoint    ] Total time for which application threads were stopped: 0.0000210 seconds, Stopping threads took: 0.0000018 seconds
[2019-01-14T09:12:52.295+0000][6576][safepoint    ] Application time: 0.0000332 seconds
[2019-01-14T09:12:52.295+0000][6576][safepoint    ] Total time for which application threads were stopped: 0.0000219 seconds, Stopping threads took: 0.0000020 seconds
[2019-01-14T09:12:52.295+0000][6576][safepoint    ] Application time: 0.0000760 seconds
[2019-01-14T09:12:52.296+0000][6576][safepoint    ] Total time for which application threads were stopped: 0.0000278 seconds, Stopping threads took: 0.0000038 seconds
[2019-01-14T09:12:52.297+0000][6576][safepoint    ] Application time: 0.0009893 seconds
[2019-01-14T09:12:52.297+0000][6576][safepoint    ] Total time for which application threads were stopped: 0.0000469 seconds, Stopping threads took: 0.0000125 seconds
[2019-01-14T09:12:52.297+0000][6576][safepoint    ] Application time: 0.0002872 seconds
[2019-01-14T09:12:52.297+0000][6576][safepoint    ] Total time for which application threads were stopped: 0.0000830 seconds, Stopping threads took: 0.0000093 seconds
[2019-01-14T09:12:52.298+0000][6576][safepoint    ] Application time: 0.0010290 seconds
[2019-01-14T09:12:52.298+0000][6576][safepoint    ] Total time for which application threads were stopped: 0.0000505 seconds, Stopping threads took: 0.0000138 seconds
[2019-01-14T09:12:52.298+0000][6576][safepoint    ] Application time: 0.0000378 seconds
[2019-01-14T09:12:52.298+0000][6576][safepoint    ] Total time for which application threads were stopped: 0.0000286 seconds, Stopping threads took: 0.0000066 seconds
[2019-01-14T09:12:52.298+0000][6576][safepoint    ] Application time: 0.0001733 seconds
[2019-01-14T09:12:52.298+0000][6576][safepoint    ] Total time for which application threads were stopped: 0.0000362 seconds, Stopping threads took: 0.0000085 seconds
[2019-01-14T09:12:52.298+0000][6576][safepoint    ] Application time: 0.0000516 seconds
[2019-01-14T09:12:52.299+0000][6576][safepoint    ] Total time for which application threads were stopped: 0.0000359 seconds, Stopping threads took: 0.0000093 seconds
[2019-01-14T09:12:52.299+0000][6576][safepoint    ] Application time: 0.0000294 seconds
[2019-01-14T09:12:52.299+0000][6576][safepoint    ] Total time for which application threads were stopped: 0.0000298 seconds, Stopping threads took: 0.0000065 seconds
[2019-01-14T09:12:52.299+0000][6576][safepoint    ] Application time: 0.0001937 seconds
[2019-01-14T09:12:52.299+0000][6576][safepoint    ] Total time for which application threads were stopped: 0.0000317 seconds, Stopping threads took: 0.0000082 seconds
[2019-01-14T09:12:52.334+0000][6576][safepoint    ] Application time: 0.0356029 seconds
[2019-01-14T09:12:52.336+0000][6576][safepoint    ] Total time for which application threads were stopped: 0.0008751 seconds, Stopping threads took: 0.0003116 seconds
[2019-01-14T09:12:52.338+0000][6576][safepoint    ] Application time: 0.0015493 seconds
[2019-01-14T09:12:52.338+0000][6576][safepoint    ] Total time for which application threads were stopped: 0.0006400 seconds, Stopping threads took: 0.0002221 seconds
[2019-01-14T09:12:52.339+0000][6576][safepoint    ] Application time: 0.0002577 seconds
[2019-01-14T09:12:52.339+0000][6576][safepoint    ] Total time for which application threads were stopped: 0.0004970 seconds, Stopping threads took: 0.0000501 seconds
[2019-01-14T09:12:52.340+0000][6576][safepoint    ] Application time: 0.0005615 seconds
[2019-01-14T09:12:52.341+0000][6576][safepoint    ] Total time for which application threads were stopped: 0.0004792 seconds, Stopping threads took: 0.0002054 seconds
[2019-01-14T09:12:52.341+0000][6576][safepoint    ] Application time: 0.0001682 seconds
[2019-01-14T09:12:52.341+0000][6576][safepoint    ] Total time for which application threads were stopped: 0.0002523 seconds, Stopping threads took: 0.0001624 seconds
[2019-01-14T09:12:52.353+0000][6576][safepoint    ] Application time: 0.0120643 seconds
[2019-01-14T09:12:52.354+0000][6576][safepoint    ] Total time for which application threads were stopped: 0.0002871 seconds, Stopping threads took: 0.0001977 seconds
[2019-01-14T09:12:52.354+0000][6576][safepoint    ] Application time: 0.0005366 seconds
[2019-01-14T09:12:52.355+0000][6576][safepoint    ] Total time for which application threads were stopped: 0.0003353 seconds, Stopping threads took: 0.0002388 seconds
[2019-01-14T09:12:52.355+0000][6576][safepoint    ] Application time: 0.0001740 seconds
[2019-01-14T09:12:52.355+0000][6576][safepoint    ] Total time for which application threads were stopped: 0.0003708 seconds, Stopping threads took: 0.0002733 seconds
[2019-01-14T09:12:52.356+0000][6576][safepoint    ] Application time: 0.0004709 seconds
[2019-01-14T09:12:52.356+0000][6576][safepoint    ] Total time for which application threads were stopped: 0.0000599 seconds, Stopping threads took: 0.0000245 seconds
[2019-01-14T09:12:52.356+0000][6576][safepoint    ] Application time: 0.0000355 seconds
[2019-01-14T09:12:52.356+0000][6576][safepoint    ] Total time for which application threads were stopped: 0.0002056 seconds, Stopping threads took: 0.0001425 seconds
[2019-01-14T09:12:52.357+0000][6576][safepoint    ] Application time: 0.0011443 seconds
[2019-01-14T09:12:52.358+0000][6576][safepoint    ] Total time for which application threads were stopped: 0.0009998 seconds, Stopping threads took: 0.0008779 seconds
[2019-01-14T09:12:52.359+0000][6576][safepoint    ] Application time: 0.0004443 seconds
[2019-01-14T09:12:52.363+0000][6576][safepoint    ] Total time for which application threads were stopped: 0.0045901 seconds, Stopping threads took: 0.0044922 seconds
[2019-01-14T09:12:52.364+0000][6576][safepoint    ] Application time: 0.0006329 seconds
[2019-01-14T09:12:52.364+0000][6576][safepoint    ] Total time for which application threads were stopped: 0.0005536 seconds, Stopping threads took: 0.0004238 seconds
[2019-01-14T09:12:52.365+0000][6576][safepoint    ] Application time: 0.0009831 seconds
[2019-01-14T09:12:52.366+0000][6576][safepoint    ] Total time for which application threads were stopped: 0.0000507 seconds, Stopping threads took: 0.0000122 seconds
[2019-01-14T09:12:52.366+0000][6576][safepoint    ] Application time: 0.0000303 seconds
[2019-01-14T09:12:52.366+0000][6576][safepoint    ] Total time for which application threads were stopped: 0.0000279 seconds, Stopping threads took: 0.0000064 seconds
[2019-01-14T09:12:52.366+0000][6576][safepoint    ] Application time: 0.0000263 seconds
[2019-01-14T09:12:52.366+0000][6576][safepoint    ] Total time for which application threads were stopped: 0.0000256 seconds, Stopping threads took: 0.0000061 seconds
[2019-01-14T09:12:52.366+0000][6576][safepoint    ] Application time: 0.0000271 seconds
[2019-01-14T09:12:52.366+0000][6576][safepoint    ] Total time for which application threads were stopped: 0.0000259 seconds, Stopping threads took: 0.0000062 seconds
[2019-01-14T09:12:52.367+0000][6576][safepoint    ] Application time: 0.0015841 seconds
[2019-01-14T09:12:52.367+0000][6576][safepoint    ] Total time for which application threads were stopped: 0.0001137 seconds, Stopping threads took: 0.0000543 seconds
[2019-01-14T09:12:52.368+0000][6576][safepoint    ] Application time: 0.0001541 seconds
[2019-01-14T09:12:52.368+0000][6576][safepoint    ] Total time for which application threads were stopped: 0.0000880 seconds, Stopping threads took: 0.0000558 seconds
[2019-01-14T09:12:52.368+0000][6576][safepoint    ] Application time: 0.0000910 seconds
[2019-01-14T09:12:52.368+0000][6576][safepoint    ] Total time for which application threads were stopped: 0.0000701 seconds, Stopping threads took: 0.0000402 seconds
[2019-01-14T09:12:52.368+0000][6576][safepoint    ] Application time: 0.0000849 seconds
[2019-01-14T09:12:52.370+0000][6576][safepoint    ] Total time for which application threads were stopped: 0.0021738 seconds, Stopping threads took: 0.0021194 seconds
[2019-01-14T09:12:52.373+0000][6576][safepoint    ] Application time: 0.0023298 seconds
[2019-01-14T09:12:52.376+0000][6576][safepoint    ] Total time for which application threads were stopped: 0.0037734 seconds, Stopping threads took: 0.0037062 seconds
[2019-01-14T09:12:52.376+0000][6576][safepoint    ] Application time: 0.0000599 seconds
[2019-01-14T09:12:52.377+0000][6576][safepoint    ] Total time for which application threads were stopped: 0.0000556 seconds, Stopping threads took: 0.0000150 seconds
[2019-01-14T09:12:52.377+0000][6576][safepoint    ] Application time: 0.0006939 seconds
[2019-01-14T09:12:52.377+0000][6576][safepoint    ] Total time for which application threads were stopped: 0.0000651 seconds, Stopping threads took: 0.0000272 seconds
[2019-01-14T09:12:52.378+0000][6576][safepoint    ] Application time: 0.0002104 seconds
[2019-01-14T09:12:52.378+0000][6576][safepoint    ] Total time for which application threads were stopped: 0.0000433 seconds, Stopping threads took: 0.0000112 seconds
[2019-01-14T09:12:52.384+0000][6576][safepoint    ] Application time: 0.0064010 seconds
[2019-01-14T09:12:52.384+0000][6576][safepoint    ] Total time for which application threads were stopped: 0.0001009 seconds, Stopping threads took: 0.0000188 seconds
[2019-01-14T09:12:52.384+0000][6576][safepoint    ] Application time: 0.0002833 seconds
[2019-01-14T09:12:52.384+0000][6576][safepoint    ] Total time for which application threads were stopped: 0.0000404 seconds, Stopping threads took: 0.0000105 seconds
[2019-01-14T09:12:52.385+0000][6576][safepoint    ] Application time: 0.0000277 seconds
[2019-01-14T09:12:52.385+0000][6576][safepoint    ] Total time for which application threads were stopped: 0.0000305 seconds, Stopping threads took: 0.0000063 seconds
[2019-01-14T09:12:52.385+0000][6576][safepoint    ] Application time: 0.0000206 seconds
[2019-01-14T09:12:52.385+0000][6576][safepoint    ] Total time for which application threads were stopped: 0.0000339 seconds, Stopping threads took: 0.0000081 seconds
[2019-01-14T09:12:52.385+0000][6576][safepoint    ] Application time: 0.0000209 seconds
[2019-01-14T09:12:52.385+0000][6576][safepoint    ] Total time for which application threads were stopped: 0.0000272 seconds, Stopping threads took: 0.0000063 seconds
[2019-01-14T09:12:52.385+0000][6576][safepoint    ] Application time: 0.0000133 seconds
[2019-01-14T09:12:52.385+0000][6576][safepoint    ] Total time for which application threads were stopped: 0.0000265 seconds, Stopping threads took: 0.0000057 seconds
[2019-01-14T09:12:52.385+0000][6576][safepoint    ] Application time: 0.0000157 seconds
[2019-01-14T09:12:52.385+0000][6576][safepoint    ] Total time for which application threads were stopped: 0.0000264 seconds, Stopping threads took: 0.0000059 seconds
[2019-01-14T09:12:52.385+0000][6576][safepoint    ] Application time: 0.0000131 seconds
[2019-01-14T09:12:52.385+0000][6576][safepoint    ] Total time for which application threads were stopped: 0.0000266 seconds, Stopping threads took: 0.0000057 seconds
[2019-01-14T09:12:52.385+0000][6576][safepoint    ] Application time: 0.0000165 seconds
[2019-01-14T09:12:52.385+0000][6576][safepoint    ] Total time for which application threads were stopped: 0.0000264 seconds, Stopping threads took: 0.0000060 seconds
[2019-01-14T09:12:52.385+0000][6576][safepoint    ] Application time: 0.0000130 seconds
[2019-01-14T09:12:52.385+0000][6576][safepoint    ] Total time for which application threads were stopped: 0.0000257 seconds, Stopping threads took: 0.0000057 seconds
[2019-01-14T09:12:52.385+0000][6576][safepoint    ] Application time: 0.0000338 seconds
[2019-01-14T09:12:52.385+0000][6576][safepoint    ] Total time for which application threads were stopped: 0.0000261 seconds, Stopping threads took: 0.0000063 seconds
[2019-01-14T09:12:52.385+0000][6576][safepoint    ] Application time: 0.0000363 seconds
[2019-01-14T09:12:52.385+0000][6576][safepoint    ] Total time for which application threads were stopped: 0.0000338 seconds, Stopping threads took: 0.0000102 seconds
[2019-01-14T09:12:52.385+0000][6576][safepoint    ] Application time: 0.0000238 seconds
[2019-01-14T09:12:52.385+0000][6576][safepoint    ] Total time for which application threads were stopped: 0.0000253 seconds, Stopping threads took: 0.0000059 seconds
[2019-01-14T09:12:52.385+0000][6576][safepoint    ] Application time: 0.0000204 seconds
[2019-01-14T09:12:52.385+0000][6576][safepoint    ] Total time for which application threads were stopped: 0.0000253 seconds, Stopping threads took: 0.0000061 seconds
[2019-01-14T09:12:52.386+0000][6576][safepoint    ] Application time: 0.0003725 seconds
[2019-01-14T09:12:52.386+0000][6576][safepoint    ] Total time for which application threads were stopped: 0.0000425 seconds, Stopping threads took: 0.0000120 seconds
[2019-01-14T09:12:52.386+0000][6576][safepoint    ] Application time: 0.0000291 seconds
[2019-01-14T09:12:52.386+0000][6576][safepoint    ] Total time for which application threads were stopped: 0.0000292 seconds, Stopping threads took: 0.0000073 seconds
[2019-01-14T09:12:52.386+0000][6576][safepoint    ] Application time: 0.0000240 seconds
[2019-01-14T09:12:52.386+0000][6576][safepoint    ] Total time for which application threads were stopped: 0.0000283 seconds, Stopping threads took: 0.0000064 seconds
[2019-01-14T09:12:52.386+0000][6576][safepoint    ] Application time: 0.0000430 seconds
[2019-01-14T09:12:52.386+0000][6576][safepoint    ] Total time for which application threads were stopped: 0.0000278 seconds, Stopping threads took: 0.0000069 seconds
[2019-01-14T09:12:52.386+0000][6576][safepoint    ] Application time: 0.0000511 seconds
[2019-01-14T09:12:52.386+0000][6576][safepoint    ] Total time for which application threads were stopped: 0.0000271 seconds, Stopping threads took: 0.0000066 seconds
[2019-01-14T09:12:52.393+0000][6576][safepoint    ] Application time: 0.0067078 seconds
[2019-01-14T09:12:52.393+0000][6576][safepoint    ] Total time for which application threads were stopped: 0.0000774 seconds, Stopping threads took: 0.0000230 seconds
[2019-01-14T09:12:52.393+0000][6576][safepoint    ] Application time: 0.0001177 seconds
[2019-01-14T09:12:52.393+0000][6576][safepoint    ] Total time for which application threads were stopped: 0.0000718 seconds, Stopping threads took: 0.0000108 seconds
[2019-01-14T09:12:52.393+0000][6576][safepoint    ] Application time: 0.0000403 seconds
[2019-01-14T09:12:52.393+0000][6576][safepoint    ] Total time for which application threads were stopped: 0.0000483 seconds, Stopping threads took: 0.0000149 seconds
[2019-01-14T09:12:52.394+0000][6576][safepoint    ] Application time: 0.0004338 seconds
[2019-01-14T09:12:52.394+0000][6576][safepoint    ] Total time for which application threads were stopped: 0.0000448 seconds, Stopping threads took: 0.0000131 seconds
[2019-01-14T09:12:52.394+0000][6576][safepoint    ] Application time: 0.0000981 seconds
[2019-01-14T09:12:52.394+0000][6576][safepoint    ] Total time for which application threads were stopped: 0.0000642 seconds, Stopping threads took: 0.0000249 seconds
[2019-01-14T09:12:52.404+0000][6576][safepoint    ] Application time: 0.0097575 seconds
[2019-01-14T09:12:52.404+0000][6576][safepoint    ] Total time for which application threads were stopped: 0.0000748 seconds, Stopping threads took: 0.0000235 seconds
[2019-01-14T09:12:52.404+0000][6576][safepoint    ] Application time: 0.0000586 seconds
[2019-01-14T09:12:52.404+0000][6576][safepoint    ] Total time for which application threads were stopped: 0.0000389 seconds, Stopping threads took: 0.0000086 seconds
[2019-01-14T09:12:52.404+0000][6576][safepoint    ] Application time: 0.0000290 seconds
[2019-01-14T09:12:52.404+0000][6576][safepoint    ] Total time for which application threads were stopped: 0.0000470 seconds, Stopping threads took: 0.0000083 seconds
[2019-01-14T09:12:52.404+0000][6576][safepoint    ] Application time: 0.0000494 seconds
[2019-01-14T09:12:52.404+0000][6576][safepoint    ] Total time for which application threads were stopped: 0.0000342 seconds, Stopping threads took: 0.0000092 seconds
[2019-01-14T09:12:52.404+0000][6576][safepoint    ] Application time: 0.0000285 seconds
[2019-01-14T09:12:52.404+0000][6576][safepoint    ] Total time for which application threads were stopped: 0.0002702 seconds, Stopping threads took: 0.0000083 seconds
[2019-01-14T09:12:52.404+0000][6576][safepoint    ] Application time: 0.0000336 seconds
[2019-01-14T09:12:52.405+0000][6576][safepoint    ] Total time for which application threads were stopped: 0.0002264 seconds, Stopping threads took: 0.0000210 seconds
[2019-01-14T09:12:52.405+0000][6576][safepoint    ] Application time: 0.0000670 seconds
[2019-01-14T09:12:52.405+0000][6576][safepoint    ] Total time for which application threads were stopped: 0.0000517 seconds, Stopping threads took: 0.0000099 seconds
[2019-01-14T09:12:52.405+0000][6576][safepoint    ] Application time: 0.0000576 seconds
[2019-01-14T09:12:52.405+0000][6576][safepoint    ] Total time for which application threads were stopped: 0.0000387 seconds, Stopping threads took: 0.0000093 seconds
[2019-01-14T09:12:52.405+0000][6576][safepoint    ] Application time: 0.0000644 seconds
[2019-01-14T09:12:52.405+0000][6576][safepoint    ] Total time for which application threads were stopped: 0.0000420 seconds, Stopping threads took: 0.0000096 seconds
[2019-01-14T09:12:52.405+0000][6576][safepoint    ] Application time: 0.0001134 seconds
[2019-01-14T09:12:52.405+0000][6576][safepoint    ] Total time for which application threads were stopped: 0.0000385 seconds, Stopping threads took: 0.0000087 seconds
[2019-01-14T09:12:52.407+0000][6576][safepoint    ] Application time: 0.0015210 seconds
[2019-01-14T09:12:52.407+0000][6576][safepoint    ] Total time for which application threads were stopped: 0.0000581 seconds, Stopping threads took: 0.0000159 seconds
[2019-01-14T09:12:52.407+0000][6576][safepoint    ] Application time: 0.0002314 seconds
[2019-01-14T09:12:52.407+0000][6576][safepoint    ] Total time for which application threads were stopped: 0.0000845 seconds, Stopping threads took: 0.0000116 seconds
[2019-01-14T09:12:52.407+0000][6576][safepoint    ] Application time: 0.0001033 seconds
[2019-01-14T09:12:52.407+0000][6576][safepoint    ] Total time for which application threads were stopped: 0.0000376 seconds, Stopping threads took: 0.0000090 seconds
[2019-01-14T09:12:52.407+0000][6576][safepoint    ] Application time: 0.0000656 seconds
[2019-01-14T09:12:52.407+0000][6576][safepoint    ] Total time for which application threads were stopped: 0.0000339 seconds, Stopping threads took: 0.0000084 seconds
[2019-01-14T09:12:52.407+0000][6576][safepoint    ] Application time: 0.0000538 seconds
[2019-01-14T09:12:52.408+0000][6576][safepoint    ] Total time for which application threads were stopped: 0.0000333 seconds, Stopping threads took: 0.0000081 seconds
[2019-01-14T09:12:52.408+0000][6576][safepoint    ] Application time: 0.0001277 seconds
[2019-01-14T09:12:52.408+0000][6576][safepoint    ] Total time for which application threads were stopped: 0.0000342 seconds, Stopping threads took: 0.0000079 seconds
[2019-01-14T09:12:52.416+0000][6576][safepoint    ] Application time: 0.0085051 seconds
[2019-01-14T09:12:52.416+0000][6576][safepoint    ] Total time for which application threads were stopped: 0.0000975 seconds, Stopping threads took: 0.0000405 seconds
[2019-01-14T09:12:52.417+0000][6576][safepoint    ] Application time: 0.0001654 seconds
[2019-01-14T09:12:52.417+0000][6576][safepoint    ] Total time for which application threads were stopped: 0.0000303 seconds, Stopping threads took: 0.0000042 seconds
[2019-01-14T09:12:52.417+0000][6576][safepoint    ] Application time: 0.0001238 seconds
[2019-01-14T09:12:52.417+0000][6576][safepoint    ] Total time for which application threads were stopped: 0.0000436 seconds, Stopping threads took: 0.0000040 seconds
[2019-01-14T09:12:52.417+0000][6576][safepoint    ] Application time: 0.0002354 seconds
[2019-01-14T09:12:52.417+0000][6576][safepoint    ] Total time for which application threads were stopped: 0.0000276 seconds, Stopping threads took: 0.0000039 seconds
[2019-01-14T09:12:52.427+0000][6576][safepoint    ] Application time: 0.0102247 seconds
[2019-01-14T09:12:52.427+0000][6576][safepoint    ] Total time for which application threads were stopped: 0.0000901 seconds, Stopping threads took: 0.0000187 seconds
[2019-01-14T09:12:52.427+0000][6576][safepoint    ] Application time: 0.0000812 seconds
[2019-01-14T09:12:52.428+0000][6576][safepoint    ] Total time for which application threads were stopped: 0.0000647 seconds, Stopping threads took: 0.0000357 seconds
[2019-01-14T09:12:52.428+0000][6576][safepoint    ] Application time: 0.0004481 seconds
[2019-01-14T09:12:52.428+0000][6576][safepoint    ] Total time for which application threads were stopped: 0.0000793 seconds, Stopping threads took: 0.0000488 seconds
[2019-01-14T09:12:52.430+0000][6576][safepoint    ] Application time: 0.0016842 seconds
[2019-01-14T09:12:52.430+0000][6576][safepoint    ] Total time for which application threads were stopped: 0.0000801 seconds, Stopping threads took: 0.0000145 seconds
[2019-01-14T09:12:52.432+0000][6576][safepoint    ] Application time: 0.0024196 seconds
[2019-01-14T09:12:52.432+0000][6576][safepoint    ] Total time for which application threads were stopped: 0.0000991 seconds, Stopping threads took: 0.0000526 seconds
[2019-01-14T09:12:52.434+0000][6576][safepoint    ] Application time: 0.0011786 seconds
[2019-01-14T09:12:52.434+0000][6576][safepoint    ] Total time for which application threads were stopped: 0.0000850 seconds, Stopping threads took: 0.0000074 seconds
[2019-01-14T09:12:52.434+0000][6576][safepoint    ] Application time: 0.0001133 seconds
[2019-01-14T09:12:52.434+0000][6576][safepoint    ] Total time for which application threads were stopped: 0.0000303 seconds, Stopping threads took: 0.0000042 seconds
[2019-01-14T09:12:52.434+0000][6576][safepoint    ] Application time: 0.0000916 seconds
[2019-01-14T09:12:52.434+0000][6576][safepoint    ] Total time for which application threads were stopped: 0.0000717 seconds, Stopping threads took: 0.0000384 seconds
[2019-01-14T09:12:52.434+0000][6576][safepoint    ] Application time: 0.0000425 seconds
[2019-01-14T09:12:52.434+0000][6576][safepoint    ] Total time for which application threads were stopped: 0.0000925 seconds, Stopping threads took: 0.0000259 seconds
[2019-01-14T09:12:52.434+0000][6576][safepoint    ] Application time: 0.0001236 seconds
[2019-01-14T09:12:52.434+0000][6576][safepoint    ] Total time for which application threads were stopped: 0.0000620 seconds, Stopping threads took: 0.0000320 seconds
[2019-01-14T09:12:52.435+0000][6576][safepoint    ] Application time: 0.0001182 seconds
[2019-01-14T09:12:52.435+0000][6576][safepoint    ] Total time for which application threads were stopped: 0.0000426 seconds, Stopping threads took: 0.0000120 seconds
[2019-01-14T09:12:52.489+0000][6576][safepoint    ] Application time: 0.0546640 seconds
[2019-01-14T09:12:52.489+0000][6576][safepoint    ] Total time for which application threads were stopped: 0.0000853 seconds, Stopping threads took: 0.0000111 seconds
[2019-01-14T09:12:52.490+0000][6576][safepoint    ] Application time: 0.0000881 seconds
[2019-01-14T09:12:52.490+0000][6576][safepoint    ] Total time for which application threads were stopped: 0.0000377 seconds, Stopping threads took: 0.0000044 seconds
[2019-01-14T09:12:52.571+0000][6576][safepoint    ] Application time: 0.0801834 seconds
[2019-01-14T09:12:52.586+0000][6576][safepoint    ] Total time for which application threads were stopped: 0.0035813 seconds, Stopping threads took: 0.0000216 seconds
[2019-01-14T09:12:52.604+0000][6576][safepoint    ] Application time: 0.0179220 seconds
[2019-01-14T09:12:52.613+0000][6576][safepoint    ] Total time for which application threads were stopped: 0.0091958 seconds, Stopping threads took: 0.0090936 seconds
[2019-01-14T09:12:52.615+0000][6576][safepoint    ] Application time: 0.0015202 seconds
[2019-01-14T09:12:52.615+0000][6576][safepoint    ] Total time for which application threads were stopped: 0.0001204 seconds, Stopping threads took: 0.0000122 seconds
[2019-01-14T09:12:52.694+0000][6576][safepoint    ] Application time: 0.0785520 seconds
[2019-01-14T09:12:52.694+0000][6576][safepoint    ] Total time for which application threads were stopped: 0.0002699 seconds, Stopping threads took: 0.0001585 seconds
[2019-01-14T09:12:52.695+0000][6576][safepoint    ] Application time: 0.0000619 seconds
[2019-01-14T09:12:52.695+0000][6576][safepoint    ] Total time for which application threads were stopped: 0.0004029 seconds, Stopping threads took: 0.0003149 seconds
[2019-01-14T09:12:52.696+0000][6576][safepoint    ] Application time: 0.0012553 seconds
[2019-01-14T09:12:52.702+0000][6576][safepoint    ] Total time for which application threads were stopped: 0.0057154 seconds, Stopping threads took: 0.0052282 seconds
[2019-01-14T09:12:52.704+0000][6576][safepoint    ] Application time: 0.0022829 seconds
[2019-01-14T09:12:52.704+0000][6576][safepoint    ] Total time for which application threads were stopped: 0.0000668 seconds, Stopping threads took: 0.0000226 seconds
[2019-01-14T09:12:52.704+0000][6576][safepoint    ] Application time: 0.0000298 seconds
[2019-01-14T09:12:52.704+0000][6576][safepoint    ] Total time for which application threads were stopped: 0.0000283 seconds, Stopping threads took: 0.0000071 seconds
[2019-01-14T09:12:52.705+0000][6576][safepoint    ] Application time: 0.0000150 seconds
[2019-01-14T09:12:52.705+0000][6576][safepoint    ] Total time for which application threads were stopped: 0.0000496 seconds, Stopping threads took: 0.0000064 seconds
[2019-01-14T09:12:52.705+0000][6576][safepoint    ] Application time: 0.0000243 seconds
[2019-01-14T09:12:52.705+0000][6576][safepoint    ] Total time for which application threads were stopped: 0.0000263 seconds, Stopping threads took: 0.0000067 seconds
[2019-01-14T09:12:52.705+0000][6576][safepoint    ] Application time: 0.0000136 seconds
[2019-01-14T09:12:52.705+0000][6576][safepoint    ] Total time for which application threads were stopped: 0.0000247 seconds, Stopping threads took: 0.0000060 seconds
[2019-01-14T09:12:52.705+0000][6576][safepoint    ] Application time: 0.0000137 seconds
[2019-01-14T09:12:52.705+0000][6576][safepoint    ] Total time for which application threads were stopped: 0.0000250 seconds, Stopping threads took: 0.0000061 seconds
[2019-01-14T09:12:52.705+0000][6576][safepoint    ] Application time: 0.0000142 seconds
[2019-01-14T09:12:52.705+0000][6576][safepoint    ] Total time for which application threads were stopped: 0.0000250 seconds, Stopping threads took: 0.0000060 seconds
[2019-01-14T09:12:52.705+0000][6576][safepoint    ] Application time: 0.0000129 seconds
[2019-01-14T09:12:52.705+0000][6576][safepoint    ] Total time for which application threads were stopped: 0.0000248 seconds, Stopping threads took: 0.0000060 seconds
[2019-01-14T09:12:52.705+0000][6576][safepoint    ] Application time: 0.0000131 seconds
[2019-01-14T09:12:52.705+0000][6576][safepoint    ] Total time for which application threads were stopped: 0.0000248 seconds, Stopping threads took: 0.0000060 seconds
[2019-01-14T09:12:52.705+0000][6576][safepoint    ] Application time: 0.0000131 seconds
[2019-01-14T09:12:52.705+0000][6576][safepoint    ] Total time for which application threads were stopped: 0.0000248 seconds, Stopping threads took: 0.0000061 seconds
[2019-01-14T09:12:52.705+0000][6576][safepoint    ] Application time: 0.0000130 seconds
[2019-01-14T09:12:52.705+0000][6576][safepoint    ] Total time for which application threads were stopped: 0.0000247 seconds, Stopping threads took: 0.0000059 seconds
[2019-01-14T09:12:52.705+0000][6576][safepoint    ] Application time: 0.0001903 seconds
[2019-01-14T09:12:52.705+0000][6576][safepoint    ] Total time for which application threads were stopped: 0.0000340 seconds, Stopping threads took: 0.0000093 seconds
[2019-01-14T09:12:52.705+0000][6576][safepoint    ] Application time: 0.0000158 seconds
[2019-01-14T09:12:52.705+0000][6576][safepoint    ] Total time for which application threads were stopped: 0.0000257 seconds, Stopping threads took: 0.0000065 seconds
[2019-01-14T09:12:52.705+0000][6576][safepoint    ] Application time: 0.0000825 seconds
[2019-01-14T09:12:52.705+0000][6576][safepoint    ] Total time for which application threads were stopped: 0.0000344 seconds, Stopping threads took: 0.0000127 seconds
[2019-01-14T09:12:52.705+0000][6576][safepoint    ] Application time: 0.0000228 seconds
[2019-01-14T09:12:52.706+0000][6576][safepoint    ] Total time for which application threads were stopped: 0.0000733 seconds, Stopping threads took: 0.0000357 seconds
[2019-01-14T09:12:52.706+0000][6576][safepoint    ] Application time: 0.0002299 seconds
[2019-01-14T09:12:52.706+0000][6576][safepoint    ] Total time for which application threads were stopped: 0.0000676 seconds, Stopping threads took: 0.0000342 seconds
[2019-01-14T09:12:52.715+0000][6576][safepoint    ] Application time: 0.0095072 seconds
[2019-01-14T09:12:52.716+0000][6576][safepoint    ] Total time for which application threads were stopped: 0.0007444 seconds, Stopping threads took: 0.0002415 seconds
[2019-01-14T09:12:52.868+0000][6576][safepoint    ] Application time: 0.1427189 seconds
[2019-01-14T09:12:52.869+0000][6576][safepoint    ] Total time for which application threads were stopped: 0.0004235 seconds, Stopping threads took: 0.0000171 seconds
[2019-01-14T09:12:52.892+0000][6576][safepoint    ] Application time: 0.0230903 seconds
[2019-01-14T09:12:52.892+0000][6576][safepoint    ] Total time for which application threads were stopped: 0.0002162 seconds, Stopping threads took: 0.0000313 seconds
[2019-01-14T09:12:52.948+0000][6576][safepoint    ] Application time: 0.0555380 seconds
[2019-01-14T09:12:52.948+0000][6576][safepoint    ] Total time for which application threads were stopped: 0.0005740 seconds, Stopping threads took: 0.0004711 seconds
[2019-01-14T09:12:52.973+0000][6576][safepoint    ] Application time: 0.0242009 seconds
[2019-01-14T09:12:52.979+0000][6576][safepoint    ] Total time for which application threads were stopped: 0.0065616 seconds, Stopping threads took: 0.0053830 seconds
[2019-01-14T09:12:53.011+0000][6576][safepoint    ] Application time: 0.0311572 seconds
[2019-01-14T09:12:53.012+0000][6576][safepoint    ] Total time for which application threads were stopped: 0.0008992 seconds, Stopping threads took: 0.0003712 seconds
[2019-01-14T09:12:53.069+0000][6576][safepoint    ] Application time: 0.0569014 seconds
[2019-01-14T09:12:53.071+0000][6576][gc,start     ] GC(26) Pause Young (Allocation Failure)
[2019-01-14T09:12:53.072+0000][6576][gc,task      ] GC(26) Using 2 workers of 2 for evacuation
[2019-01-14T09:12:53.081+0000][6576][gc,age       ] GC(26) Desired survivor size 4456448 bytes, new threshold 6 (max threshold 6)
[2019-01-14T09:12:53.081+0000][6576][gc,age       ] GC(26) Age table with threshold 6 (max threshold 6)
[2019-01-14T09:12:53.081+0000][6576][gc,age       ] GC(26) - age   1:     816624 bytes,     816624 total
[2019-01-14T09:12:53.081+0000][6576][gc,age       ] GC(26) - age   2:    2415520 bytes,    3232144 total
[2019-01-14T09:12:53.081+0000][6576][gc,age       ] GC(26) - age   3:    1198464 bytes,    4430608 total
[2019-01-14T09:12:53.082+0000][6576][gc,heap      ] GC(26) ParNew: 75773K->4965K(78656K)
[2019-01-14T09:12:53.082+0000][6576][gc,heap      ] GC(26) CMS: 87451K->103835K(174784K)
[2019-01-14T09:12:53.082+0000][6576][gc,metaspace ] GC(26) Metaspace: 79861K->79861K(1122304K)
[2019-01-14T09:12:53.082+0000][6576][gc           ] GC(26) Pause Young (Allocation Failure) 159M->106M(247M) 11.616ms
[2019-01-14T09:12:53.082+0000][6576][gc,cpu       ] GC(26) User=0.01s Sys=0.00s Real=0.02s
[2019-01-14T09:12:53.082+0000][6576][safepoint    ] Total time for which application threads were stopped: 0.0135796 seconds, Stopping threads took: 0.0000180 seconds
[2019-01-14T09:12:53.096+0000][6576][safepoint    ] Application time: 0.0135114 seconds
[2019-01-14T09:12:53.110+0000][6576][safepoint    ] Total time for which application threads were stopped: 0.0139372 seconds, Stopping threads took: 0.0138343 seconds
[2019-01-14T09:12:53.122+0000][6576][safepoint    ] Application time: 0.0124379 seconds
[2019-01-14T09:12:53.125+0000][6576][safepoint    ] Total time for which application threads were stopped: 0.0029094 seconds, Stopping threads took: 0.0028263 seconds
[2019-01-14T09:12:53.139+0000][6576][safepoint    ] Application time: 0.0133338 seconds
[2019-01-14T09:12:53.141+0000][6576][safepoint    ] Total time for which application threads were stopped: 0.0026628 seconds, Stopping threads took: 0.0025493 seconds
[2019-01-14T09:12:53.152+0000][6576][safepoint    ] Application time: 0.0106469 seconds
[2019-01-14T09:12:53.152+0000][6576][safepoint    ] Total time for which application threads were stopped: 0.0001884 seconds, Stopping threads took: 0.0000741 seconds
[2019-01-14T09:12:53.157+0000][6576][safepoint    ] Application time: 0.0049126 seconds
[2019-01-14T09:12:53.157+0000][6576][safepoint    ] Total time for which application threads were stopped: 0.0000989 seconds, Stopping threads took: 0.0000339 seconds
[2019-01-14T09:12:53.163+0000][6576][safepoint    ] Application time: 0.0056270 seconds
[2019-01-14T09:12:53.163+0000][6576][safepoint    ] Total time for which application threads were stopped: 0.0003852 seconds, Stopping threads took: 0.0003319 seconds
[2019-01-14T09:12:53.165+0000][6576][safepoint    ] Application time: 0.0012806 seconds
[2019-01-14T09:12:53.165+0000][6576][safepoint    ] Total time for which application threads were stopped: 0.0000978 seconds, Stopping threads took: 0.0000511 seconds
[2019-01-14T09:12:53.165+0000][6576][safepoint    ] Application time: 0.0006098 seconds
[2019-01-14T09:12:53.165+0000][6576][safepoint    ] Total time for which application threads were stopped: 0.0000390 seconds, Stopping threads took: 0.0000060 seconds
[2019-01-14T09:12:53.167+0000][6576][safepoint    ] Application time: 0.0011312 seconds
[2019-01-14T09:12:53.167+0000][6576][safepoint    ] Total time for which application threads were stopped: 0.0002246 seconds, Stopping threads took: 0.0000203 seconds
[2019-01-14T09:12:53.183+0000][6576][safepoint    ] Application time: 0.0159542 seconds
[2019-01-14T09:12:53.190+0000][6576][safepoint    ] Total time for which application threads were stopped: 0.0070419 seconds, Stopping threads took: 0.0067132 seconds
[2019-01-14T09:12:53.205+0000][6576][safepoint    ] Application time: 0.0151818 seconds
[2019-01-14T09:12:53.205+0000][6576][safepoint    ] Total time for which application threads were stopped: 0.0000807 seconds, Stopping threads took: 0.0000185 seconds
[2019-01-14T09:12:53.297+0000][6576][safepoint    ] Application time: 0.0916880 seconds
[2019-01-14T09:12:53.298+0000][6576][safepoint    ] Total time for which application threads were stopped: 0.0012058 seconds, Stopping threads took: 0.0002059 seconds
[2019-01-14T09:12:53.323+0000][6576][safepoint    ] Application time: 0.0245064 seconds
[2019-01-14T09:12:53.334+0000][6576][safepoint    ] Total time for which application threads were stopped: 0.0110379 seconds, Stopping threads took: 0.0105091 seconds
[2019-01-14T09:12:53.374+0000][6576][safepoint    ] Application time: 0.0401470 seconds
[2019-01-14T09:12:53.375+0000][6576][safepoint    ] Total time for which application threads were stopped: 0.0005070 seconds, Stopping threads took: 0.0004293 seconds
[2019-01-14T09:12:53.376+0000][6576][safepoint    ] Application time: 0.0015266 seconds
[2019-01-14T09:12:53.377+0000][6576][safepoint    ] Total time for which application threads were stopped: 0.0000628 seconds, Stopping threads took: 0.0000115 seconds
[2019-01-14T09:12:53.930+0000][6576][safepoint    ] Application time: 0.5501554 seconds
[2019-01-14T09:12:53.945+0000][6576][safepoint    ] Total time for which application threads were stopped: 0.0062144 seconds, Stopping threads took: 0.0003298 seconds
[2019-01-14T09:12:53.945+0000][6576][safepoint    ] Application time: 0.0000637 seconds
[2019-01-14T09:12:53.946+0000][6576][safepoint    ] Total time for which application threads were stopped: 0.0000837 seconds, Stopping threads took: 0.0000066 seconds
[2019-01-14T09:12:53.946+0000][6576][safepoint    ] Application time: 0.0001215 seconds
[2019-01-14T09:12:53.946+0000][6576][safepoint    ] Total time for which application threads were stopped: 0.0000309 seconds, Stopping threads took: 0.0000044 seconds
[2019-01-14T09:12:53.946+0000][6576][safepoint    ] Application time: 0.0000467 seconds
[2019-01-14T09:12:53.946+0000][6576][safepoint    ] Total time for which application threads were stopped: 0.0000278 seconds, Stopping threads took: 0.0000041 seconds
[2019-01-14T09:12:53.946+0000][6576][safepoint    ] Application time: 0.0000444 seconds
[2019-01-14T09:12:53.946+0000][6576][safepoint    ] Total time for which application threads were stopped: 0.0000274 seconds, Stopping threads took: 0.0000039 seconds
[2019-01-14T09:12:53.946+0000][6576][safepoint    ] Application time: 0.0000451 seconds
[2019-01-14T09:12:53.946+0000][6576][safepoint    ] Total time for which application threads were stopped: 0.0000281 seconds, Stopping threads took: 0.0000043 seconds
[2019-01-14T09:12:53.947+0000][6576][safepoint    ] Application time: 0.0000408 seconds
[2019-01-14T09:12:53.947+0000][6576][safepoint    ] Total time for which application threads were stopped: 0.0000530 seconds, Stopping threads took: 0.0000049 seconds
[2019-01-14T09:12:54.354+0000][6576][safepoint    ] Application time: 0.4058041 seconds
[2019-01-14T09:12:54.420+0000][6576][safepoint    ] Total time for which application threads were stopped: 0.0599394 seconds, Stopping threads took: 0.0026693 seconds
[2019-01-14T09:12:54.468+0000][6576][safepoint    ] Application time: 0.0428753 seconds
[2019-01-14T09:12:54.483+0000][6576][safepoint    ] Total time for which application threads were stopped: 0.0144081 seconds, Stopping threads took: 0.0122601 seconds
[2019-01-14T09:12:54.483+0000][6576][safepoint    ] Application time: 0.0005227 seconds
[2019-01-14T09:12:54.521+0000][6576][safepoint    ] Total time for which application threads were stopped: 0.0284565 seconds, Stopping threads took: 0.0283614 seconds
[2019-01-14T09:12:54.523+0000][6576][safepoint    ] Application time: 0.0018657 seconds
[2019-01-14T09:12:54.534+0000][6576][safepoint    ] Total time for which application threads were stopped: 0.0113127 seconds, Stopping threads took: 0.0111372 seconds
[2019-01-14T09:12:54.535+0000][6576][safepoint    ] Application time: 0.0006055 seconds
[2019-01-14T09:12:54.538+0000][6576][safepoint    ] Total time for which application threads were stopped: 0.0031618 seconds, Stopping threads took: 0.0030242 seconds
[2019-01-14T09:12:54.538+0000][6576][safepoint    ] Application time: 0.0003343 seconds
[2019-01-14T09:12:54.542+0000][6576][safepoint    ] Total time for which application threads were stopped: 0.0037956 seconds, Stopping threads took: 0.0037197 seconds
[2019-01-14T09:12:54.703+0000][6576][safepoint    ] Application time: 0.1591218 seconds
[2019-01-14T09:12:54.719+0000][6576][safepoint    ] Total time for which application threads were stopped: 0.0146096 seconds, Stopping threads took: 0.0137105 seconds
[2019-01-14T09:12:55.350+0000][6576][safepoint    ] Application time: 0.6171422 seconds
[2019-01-14T09:12:55.363+0000][6576][safepoint    ] Total time for which application threads were stopped: 0.0017821 seconds, Stopping threads took: 0.0000200 seconds
[2019-01-14T09:12:55.363+0000][6576][safepoint    ] Application time: 0.0008629 seconds
[2019-01-14T09:12:55.364+0000][6576][safepoint    ] Total time for which application threads were stopped: 0.0002149 seconds, Stopping threads took: 0.0000119 seconds
[2019-01-14T09:12:55.372+0000][6576][safepoint    ] Application time: 0.0086768 seconds
[2019-01-14T09:12:55.373+0000][6576][safepoint    ] Total time for which application threads were stopped: 0.0000946 seconds, Stopping threads took: 0.0000208 seconds
[2019-01-14T09:12:55.373+0000][6576][safepoint    ] Application time: 0.0002069 seconds
[2019-01-14T09:12:55.373+0000][6576][safepoint    ] Total time for which application threads were stopped: 0.0000427 seconds, Stopping threads took: 0.0000140 seconds
[2019-01-14T09:12:55.406+0000][6576][safepoint    ] Application time: 0.0278767 seconds
[2019-01-14T09:12:55.444+0000][6576][safepoint    ] Total time for which application threads were stopped: 0.0023451 seconds, Stopping threads took: 0.0000208 seconds
[2019-01-14T09:12:55.450+0000][6576][safepoint    ] Application time: 0.0060328 seconds
[2019-01-14T09:12:55.450+0000][6576][safepoint    ] Total time for which application threads were stopped: 0.0001093 seconds, Stopping threads took: 0.0000233 seconds
[2019-01-14T09:12:55.573+0000][6576][safepoint    ] Application time: 0.1222645 seconds
[2019-01-14T09:12:55.577+0000][6576][safepoint    ] Total time for which application threads were stopped: 0.0027957 seconds, Stopping threads took: 0.0003075 seconds
[2019-01-14T09:12:55.807+0000][6576][safepoint    ] Application time: 0.2285089 seconds
[2019-01-14T09:12:55.809+0000][6576][safepoint    ] Total time for which application threads were stopped: 0.0015435 seconds, Stopping threads took: 0.0000229 seconds
[2019-01-14T09:12:55.809+0000][6576][safepoint    ] Application time: 0.0002004 seconds
[2019-01-14T09:12:55.809+0000][6576][safepoint    ] Total time for which application threads were stopped: 0.0000612 seconds, Stopping threads took: 0.0000076 seconds
[2019-01-14T09:12:55.820+0000][6576][safepoint    ] Application time: 0.0110623 seconds
[2019-01-14T09:12:55.830+0000][6576][safepoint    ] Total time for which application threads were stopped: 0.0095619 seconds, Stopping threads took: 0.0094899 seconds
[2019-01-14T09:12:55.831+0000][6576][safepoint    ] Application time: 0.0010745 seconds
[2019-01-14T09:12:55.839+0000][6576][safepoint    ] Total time for which application threads were stopped: 0.0082697 seconds, Stopping threads took: 0.0081942 seconds
[2019-01-14T09:12:55.840+0000][6576][safepoint    ] Application time: 0.0010137 seconds
[2019-01-14T09:12:55.841+0000][6576][safepoint    ] Total time for which application threads were stopped: 0.0006651 seconds, Stopping threads took: 0.0006116 seconds
[2019-01-14T09:12:55.842+0000][6576][safepoint    ] Application time: 0.0005972 seconds
[2019-01-14T09:12:55.842+0000][6576][safepoint    ] Total time for which application threads were stopped: 0.0001626 seconds, Stopping threads took: 0.0001120 seconds
[2019-01-14T09:12:55.852+0000][6576][safepoint    ] Application time: 0.0097632 seconds
[2019-01-14T09:12:55.852+0000][6576][safepoint    ] Total time for which application threads were stopped: 0.0000822 seconds, Stopping threads took: 0.0000336 seconds
[2019-01-14T09:12:55.860+0000][6576][safepoint    ] Application time: 0.0079812 seconds
[2019-01-14T09:12:55.860+0000][6576][safepoint    ] Total time for which application threads were stopped: 0.0003174 seconds, Stopping threads took: 0.0002540 seconds
[2019-01-14T09:12:56.115+0000][6576][safepoint    ] Application time: 0.2543510 seconds
[2019-01-14T09:12:56.118+0000][6576][safepoint    ] Total time for which application threads were stopped: 0.0018010 seconds, Stopping threads took: 0.0006055 seconds
[2019-01-14T09:12:56.118+0000][6576][safepoint    ] Application time: 0.0003061 seconds
[2019-01-14T09:12:56.119+0000][6576][safepoint    ] Total time for which application threads were stopped: 0.0005930 seconds, Stopping threads took: 0.0005403 seconds
[2019-01-14T09:12:56.121+0000][6576][safepoint    ] Application time: 0.0025893 seconds
[2019-01-14T09:12:56.121+0000][6576][safepoint    ] Total time for which application threads were stopped: 0.0002733 seconds, Stopping threads took: 0.0002183 seconds
[2019-01-14T09:12:56.650+0000][6576][safepoint    ] Application time: 0.5278412 seconds
[2019-01-14T09:12:56.655+0000][6576][safepoint    ] Total time for which application threads were stopped: 0.0045156 seconds, Stopping threads took: 0.0014024 seconds
[2019-01-14T09:12:56.656+0000][6576][safepoint    ] Application time: 0.0003700 seconds
[2019-01-14T09:12:56.656+0000][6576][safepoint    ] Total time for which application threads were stopped: 0.0002922 seconds, Stopping threads took: 0.0002094 seconds
[2019-01-14T09:12:56.666+0000][6576][safepoint    ] Application time: 0.0093384 seconds
[2019-01-14T09:12:56.666+0000][6576][safepoint    ] Total time for which application threads were stopped: 0.0007457 seconds, Stopping threads took: 0.0006485 seconds
[2019-01-14T09:12:56.667+0000][6576][safepoint    ] Application time: 0.0003013 seconds
[2019-01-14T09:12:56.667+0000][6576][safepoint    ] Total time for which application threads were stopped: 0.0005543 seconds, Stopping threads took: 0.0004370 seconds
[2019-01-14T09:12:56.748+0000][6576][safepoint    ] Application time: 0.0800834 seconds
[2019-01-14T09:12:56.749+0000][6576][safepoint    ] Total time for which application threads were stopped: 0.0007171 seconds, Stopping threads took: 0.0001126 seconds
[2019-01-14T09:12:56.884+0000][6576][safepoint    ] Application time: 0.0963262 seconds
[2019-01-14T09:12:56.989+0000][6576][safepoint    ] Total time for which application threads were stopped: 0.0993389 seconds, Stopping threads took: 0.0609112 seconds
[2019-01-14T09:12:57.021+0000][6576][safepoint    ] Application time: 0.0290793 seconds
[2019-01-14T09:12:57.025+0000][6576][safepoint    ] Total time for which application threads were stopped: 0.0023996 seconds, Stopping threads took: 0.0001545 seconds
[2019-01-14T09:12:57.029+0000][6576][safepoint    ] Application time: 0.0038698 seconds
[2019-01-14T09:12:57.029+0000][6576][safepoint    ] Total time for which application threads were stopped: 0.0000860 seconds, Stopping threads took: 0.0000281 seconds
[2019-01-14T09:12:57.030+0000][6576][safepoint    ] Application time: 0.0007763 seconds
[2019-01-14T09:12:57.030+0000][6576][safepoint    ] Total time for which application threads were stopped: 0.0001014 seconds, Stopping threads took: 0.0000557 seconds
[2019-01-14T09:12:57.031+0000][6576][safepoint    ] Application time: 0.0007148 seconds
[2019-01-14T09:12:57.031+0000][6576][safepoint    ] Total time for which application threads were stopped: 0.0000724 seconds, Stopping threads took: 0.0000053 seconds
[2019-01-14T09:12:57.038+0000][6576][safepoint    ] Application time: 0.0069668 seconds
[2019-01-14T09:12:57.038+0000][6576][safepoint    ] Total time for which application threads were stopped: 0.0001110 seconds, Stopping threads took: 0.0000351 seconds
[2019-01-14T09:12:57.059+0000][6576][safepoint    ] Application time: 0.0212271 seconds
[2019-01-14T09:12:57.061+0000][6576][safepoint    ] Total time for which application threads were stopped: 0.0014335 seconds, Stopping threads took: 0.0000186 seconds
[2019-01-14T09:12:57.080+0000][6576][safepoint    ] Application time: 0.0195599 seconds
[2019-01-14T09:12:57.087+0000][6576][safepoint    ] Total time for which application threads were stopped: 0.0065780 seconds, Stopping threads took: 0.0010193 seconds
[2019-01-14T09:12:57.284+0000][6576][safepoint    ] Application time: 0.1961112 seconds
[2019-01-14T09:12:57.413+0000][6576][safepoint    ] Total time for which application threads were stopped: 0.0031777 seconds, Stopping threads took: 0.0002013 seconds
[2019-01-14T09:12:57.417+0000][6576][safepoint    ] Application time: 0.0024121 seconds
[2019-01-14T09:12:57.417+0000][6576][safepoint    ] Total time for which application threads were stopped: 0.0001270 seconds, Stopping threads took: 0.0000498 seconds
[2019-01-14T09:12:57.422+0000][6576][safepoint    ] Application time: 0.0057402 seconds
[2019-01-14T09:12:57.424+0000][6576][safepoint    ] Total time for which application threads were stopped: 0.0010217 seconds, Stopping threads took: 0.0009561 seconds
[2019-01-14T09:12:57.708+0000][6576][safepoint    ] Application time: 0.2820616 seconds
[2019-01-14T09:12:57.784+0000][6576][safepoint    ] Total time for which application threads were stopped: 0.0732048 seconds, Stopping threads took: 0.0104184 seconds
[2019-01-14T09:12:57.972+0000][6576][safepoint    ] Application time: 0.1784817 seconds
[2019-01-14T09:12:57.974+0000][6576][safepoint    ] Total time for which application threads were stopped: 0.0010030 seconds, Stopping threads took: 0.0002346 seconds
[2019-01-14T09:12:57.978+0000][6576][safepoint    ] Application time: 0.0048673 seconds
[2019-01-14T09:12:57.979+0000][6576][safepoint    ] Total time for which application threads were stopped: 0.0000635 seconds, Stopping threads took: 0.0000122 seconds
[2019-01-14T09:12:58.044+0000][6576][safepoint    ] Application time: 0.0570156 seconds
[2019-01-14T09:12:58.045+0000][6576][safepoint    ] Total time for which application threads were stopped: 0.0001739 seconds, Stopping threads took: 0.0000643 seconds
[2019-01-14T09:12:58.216+0000][6576][safepoint    ] Application time: 0.1673080 seconds
[2019-01-14T09:12:58.235+0000][6576][gc,start     ] GC(27) Pause Young (Allocation Failure)
[2019-01-14T09:12:58.242+0000][6576][gc,task      ] GC(27) Using 2 workers of 2 for evacuation
[2019-01-14T09:12:58.270+0000][6576][gc,age       ] GC(27) Desired survivor size 4456448 bytes, new threshold 3 (max threshold 6)
[2019-01-14T09:12:58.270+0000][6576][gc,age       ] GC(27) Age table with threshold 3 (max threshold 6)
[2019-01-14T09:12:58.270+0000][6576][gc,age       ] GC(27) - age   1:    1420592 bytes,    1420592 total
[2019-01-14T09:12:58.270+0000][6576][gc,age       ] GC(27) - age   2:     765168 bytes,    2185760 total
[2019-01-14T09:12:58.270+0000][6576][gc,age       ] GC(27) - age   3:    2414944 bytes,    4600704 total
[2019-01-14T09:12:58.270+0000][6576][gc,age       ] GC(27) - age   4:    1148960 bytes,    5749664 total
[2019-01-14T09:12:58.272+0000][6576][gc,heap      ] GC(27) ParNew: 74917K->7080K(78656K)
[2019-01-14T09:12:58.273+0000][6576][gc,heap      ] GC(27) CMS: 103835K->103835K(174784K)
[2019-01-14T09:12:58.273+0000][6576][gc,metaspace ] GC(27) Metaspace: 80629K->80629K(1122304K)
[2019-01-14T09:12:58.273+0000][6576][gc           ] GC(27) Pause Young (Allocation Failure) 174M->108M(247M) 38.365ms
[2019-01-14T09:12:58.274+0000][6576][gc,cpu       ] GC(27) User=0.01s Sys=0.01s Real=0.04s
[2019-01-14T09:12:58.274+0000][6576][safepoint    ] Total time for which application threads were stopped: 0.0566388 seconds, Stopping threads took: 0.0000676 seconds
[2019-01-14T09:12:58.317+0000][6576][safepoint    ] Application time: 0.0422756 seconds
[2019-01-14T09:12:58.320+0000][6576][safepoint    ] Total time for which application threads were stopped: 0.0035352 seconds, Stopping threads took: 0.0028697 seconds
[2019-01-14T09:12:58.320+0000][6576][safepoint    ] Application time: 0.0002116 seconds
[2019-01-14T09:12:58.320+0000][6576][safepoint    ] Total time for which application threads were stopped: 0.0000469 seconds, Stopping threads took: 0.0000065 seconds
[2019-01-14T09:12:58.323+0000][6576][safepoint    ] Application time: 0.0025754 seconds
[2019-01-14T09:12:58.323+0000][6576][safepoint    ] Total time for which application threads were stopped: 0.0000620 seconds, Stopping threads took: 0.0000113 seconds
[2019-01-14T09:12:58.325+0000][6576][safepoint    ] Application time: 0.0013554 seconds
[2019-01-14T09:12:58.325+0000][6576][safepoint    ] Total time for which application threads were stopped: 0.0000567 seconds, Stopping threads took: 0.0000106 seconds
[2019-01-14T09:12:58.325+0000][6576][safepoint    ] Application time: 0.0002940 seconds
[2019-01-14T09:12:58.325+0000][6576][safepoint    ] Total time for which application threads were stopped: 0.0000480 seconds, Stopping threads took: 0.0000116 seconds
[2019-01-14T09:12:58.330+0000][6576][safepoint    ] Application time: 0.0046576 seconds
[2019-01-14T09:12:58.330+0000][6576][safepoint    ] Total time for which application threads were stopped: 0.0001167 seconds, Stopping threads took: 0.0000480 seconds
[2019-01-14T09:12:58.334+0000][6576][safepoint    ] Application time: 0.0039114 seconds
[2019-01-14T09:12:58.336+0000][6576][safepoint    ] Total time for which application threads were stopped: 0.0015342 seconds, Stopping threads took: 0.0001857 seconds
[2019-01-14T09:12:58.985+0000][6576][safepoint    ] Application time: 0.6483280 seconds
[2019-01-14T09:12:58.987+0000][6576][safepoint    ] Total time for which application threads were stopped: 0.0013365 seconds, Stopping threads took: 0.0002365 seconds
[2019-01-14T09:12:58.988+0000][6576][safepoint    ] Application time: 0.0013025 seconds
[2019-01-14T09:12:58.988+0000][6576][safepoint    ] Total time for which application threads were stopped: 0.0000971 seconds, Stopping threads took: 0.0000111 seconds
[2019-01-14T09:12:58.989+0000][6576][safepoint    ] Application time: 0.0007622 seconds
[2019-01-14T09:12:58.989+0000][6576][safepoint    ] Total time for which application threads were stopped: 0.0000670 seconds, Stopping threads took: 0.0000241 seconds
[2019-01-14T09:12:58.991+0000][6576][safepoint    ] Application time: 0.0013152 seconds
[2019-01-14T09:12:58.991+0000][6576][safepoint    ] Total time for which application threads were stopped: 0.0000499 seconds, Stopping threads took: 0.0000087 seconds
[2019-01-14T09:12:58.994+0000][6576][safepoint    ] Application time: 0.0030094 seconds
[2019-01-14T09:12:58.994+0000][6576][safepoint    ] Total time for which application threads were stopped: 0.0004332 seconds, Stopping threads took: 0.0003346 seconds
[2019-01-14T09:12:58.999+0000][6576][safepoint    ] Application time: 0.0052101 seconds
[2019-01-14T09:12:59.000+0000][6576][safepoint    ] Total time for which application threads were stopped: 0.0001281 seconds, Stopping threads took: 0.0000634 seconds
[2019-01-14T09:12:59.000+0000][6576][safepoint    ] Application time: 0.0001200 seconds
[2019-01-14T09:12:59.000+0000][6576][safepoint    ] Total time for which application threads were stopped: 0.0000728 seconds, Stopping threads took: 0.0000102 seconds
[2019-01-14T09:12:59.000+0000][6576][safepoint    ] Application time: 0.0001107 seconds
[2019-01-14T09:12:59.000+0000][6576][safepoint    ] Total time for which application threads were stopped: 0.0000512 seconds, Stopping threads took: 0.0000077 seconds
[2019-01-14T09:12:59.000+0000][6576][safepoint    ] Application time: 0.0000333 seconds
[2019-01-14T09:12:59.000+0000][6576][safepoint    ] Total time for which application threads were stopped: 0.0000403 seconds, Stopping threads took: 0.0000071 seconds
[2019-01-14T09:12:59.003+0000][6576][safepoint    ] Application time: 0.0032766 seconds
[2019-01-14T09:12:59.006+0000][6576][safepoint    ] Total time for which application threads were stopped: 0.0027144 seconds, Stopping threads took: 0.0026262 seconds
[2019-01-14T09:12:59.008+0000][6576][safepoint    ] Application time: 0.0014154 seconds
[2019-01-14T09:12:59.008+0000][6576][safepoint    ] Total time for which application threads were stopped: 0.0001143 seconds, Stopping threads took: 0.0000575 seconds
[2019-01-14T09:12:59.011+0000][6576][safepoint    ] Application time: 0.0031287 seconds
[2019-01-14T09:12:59.011+0000][6576][safepoint    ] Total time for which application threads were stopped: 0.0000877 seconds, Stopping threads took: 0.0000385 seconds
[2019-01-14T09:12:59.013+0000][6576][safepoint    ] Application time: 0.0017799 seconds
[2019-01-14T09:12:59.016+0000][6576][safepoint    ] Total time for which application threads were stopped: 0.0036052 seconds, Stopping threads took: 0.0035286 seconds
[2019-01-14T09:12:59.210+0000][6576][safepoint    ] Application time: 0.1911615 seconds
[2019-01-14T09:12:59.248+0000][6576][safepoint    ] Total time for which application threads were stopped: 0.0340258 seconds, Stopping threads took: 0.0096070 seconds
[2019-01-14T09:12:59.493+0000][6576][safepoint    ] Application time: 0.2442443 seconds
[2019-01-14T09:12:59.533+0000][6576][safepoint    ] Total time for which application threads were stopped: 0.0005038 seconds, Stopping threads took: 0.0000190 seconds
[2019-01-14T09:12:59.540+0000][6576][safepoint    ] Application time: 0.0073817 seconds
[2019-01-14T09:12:59.542+0000][6576][safepoint    ] Total time for which application threads were stopped: 0.0021986 seconds, Stopping threads took: 0.0021256 seconds
[2019-01-14T09:12:59.544+0000][6576][safepoint    ] Application time: 0.0012086 seconds
[2019-01-14T09:12:59.544+0000][6576][safepoint    ] Total time for which application threads were stopped: 0.0000859 seconds, Stopping threads took: 0.0000094 seconds
[2019-01-14T09:12:59.546+0000][6576][safepoint    ] Application time: 0.0025304 seconds
[2019-01-14T09:12:59.547+0000][6576][safepoint    ] Total time for which application threads were stopped: 0.0001655 seconds, Stopping threads took: 0.0000294 seconds
[2019-01-14T09:12:59.548+0000][6576][safepoint    ] Application time: 0.0010574 seconds
[2019-01-14T09:12:59.548+0000][6576][safepoint    ] Total time for which application threads were stopped: 0.0000938 seconds, Stopping threads took: 0.0000474 seconds
[2019-01-14T09:12:59.548+0000][6576][safepoint    ] Application time: 0.0001007 seconds
[2019-01-14T09:12:59.548+0000][6576][safepoint    ] Total time for which application threads were stopped: 0.0000608 seconds, Stopping threads took: 0.0000104 seconds
[2019-01-14T09:12:59.549+0000][6576][safepoint    ] Application time: 0.0008780 seconds
[2019-01-14T09:12:59.549+0000][6576][safepoint    ] Total time for which application threads were stopped: 0.0001045 seconds, Stopping threads took: 0.0000313 seconds
[2019-01-14T09:12:59.549+0000][6576][safepoint    ] Application time: 0.0000645 seconds
[2019-01-14T09:12:59.549+0000][6576][safepoint    ] Total time for which application threads were stopped: 0.0000496 seconds, Stopping threads took: 0.0000051 seconds
[2019-01-14T09:12:59.551+0000][6576][safepoint    ] Application time: 0.0019971 seconds
[2019-01-14T09:12:59.553+0000][6576][safepoint    ] Total time for which application threads were stopped: 0.0011477 seconds, Stopping threads took: 0.0010907 seconds
[2019-01-14T09:12:59.553+0000][6576][safepoint    ] Application time: 0.0003311 seconds
[2019-01-14T09:12:59.553+0000][6576][safepoint    ] Total time for which application threads were stopped: 0.0003060 seconds, Stopping threads took: 0.0002656 seconds
[2019-01-14T09:12:59.563+0000][6576][safepoint    ] Application time: 0.0095499 seconds
[2019-01-14T09:12:59.563+0000][6576][safepoint    ] Total time for which application threads were stopped: 0.0000745 seconds, Stopping threads took: 0.0000210 seconds
[2019-01-14T09:12:59.571+0000][6576][safepoint    ] Application time: 0.0081320 seconds
[2019-01-14T09:12:59.572+0000][6576][safepoint    ] Total time for which application threads were stopped: 0.0004578 seconds, Stopping threads took: 0.0003943 seconds
[2019-01-14T09:12:59.573+0000][6576][safepoint    ] Application time: 0.0008918 seconds
[2019-01-14T09:12:59.573+0000][6576][safepoint    ] Total time for which application threads were stopped: 0.0004510 seconds, Stopping threads took: 0.0003995 seconds
[2019-01-14T09:12:59.573+0000][6576][safepoint    ] Application time: 0.0002979 seconds
[2019-01-14T09:12:59.574+0000][6576][safepoint    ] Total time for which application threads were stopped: 0.0005086 seconds, Stopping threads took: 0.0004636 seconds
[2019-01-14T09:12:59.574+0000][6576][safepoint    ] Application time: 0.0004271 seconds
[2019-01-14T09:12:59.575+0000][6576][safepoint    ] Total time for which application threads were stopped: 0.0003154 seconds, Stopping threads took: 0.0002653 seconds
[2019-01-14T09:12:59.575+0000][6576][safepoint    ] Application time: 0.0007729 seconds
[2019-01-14T09:12:59.576+0000][6576][safepoint    ] Total time for which application threads were stopped: 0.0006554 seconds, Stopping threads took: 0.0005987 seconds
[2019-01-14T09:12:59.577+0000][6576][safepoint    ] Application time: 0.0009752 seconds
[2019-01-14T09:12:59.577+0000][6576][safepoint    ] Total time for which application threads were stopped: 0.0000816 seconds, Stopping threads took: 0.0000191 seconds
[2019-01-14T09:12:59.590+0000][6576][safepoint    ] Application time: 0.0123028 seconds
[2019-01-14T09:12:59.592+0000][6576][safepoint    ] Total time for which application threads were stopped: 0.0026014 seconds, Stopping threads took: 0.0025177 seconds
[2019-01-14T09:12:59.592+0000][6576][safepoint    ] Application time: 0.0001406 seconds
[2019-01-14T09:12:59.592+0000][6576][safepoint    ] Total time for which application threads were stopped: 0.0000538 seconds, Stopping threads took: 0.0000159 seconds
[2019-01-14T09:12:59.593+0000][6576][safepoint    ] Application time: 0.0009310 seconds
[2019-01-14T09:12:59.593+0000][6576][safepoint    ] Total time for which application threads were stopped: 0.0000447 seconds, Stopping threads took: 0.0000103 seconds
[2019-01-14T09:12:59.593+0000][6576][safepoint    ] Application time: 0.0000339 seconds
[2019-01-14T09:12:59.593+0000][6576][safepoint    ] Total time for which application threads were stopped: 0.0000295 seconds, Stopping threads took: 0.0000069 seconds
[2019-01-14T09:12:59.620+0000][6576][safepoint    ] Application time: 0.0262525 seconds
[2019-01-14T09:12:59.620+0000][6576][safepoint    ] Total time for which application threads were stopped: 0.0000875 seconds, Stopping threads took: 0.0000169 seconds
[2019-01-14T09:12:59.756+0000][6576][safepoint    ] Application time: 0.1344891 seconds
[2019-01-14T09:12:59.771+0000][6576][safepoint    ] Total time for which application threads were stopped: 0.0149450 seconds, Stopping threads took: 0.0109378 seconds
[2019-01-14T09:12:59.772+0000][6576][safepoint    ] Application time: 0.0008182 seconds
[2019-01-14T09:12:59.773+0000][6576][safepoint    ] Total time for which application threads were stopped: 0.0012824 seconds, Stopping threads took: 0.0011677 seconds
[2019-01-14T09:13:00.789+0000][6576][safepoint    ] Application time: 1.0043259 seconds
[2019-01-14T09:13:00.792+0000][6576][safepoint    ] Total time for which application threads were stopped: 0.0020474 seconds, Stopping threads took: 0.0007399 seconds
[2019-01-14T09:13:01.793+0000][6576][safepoint    ] Application time: 1.0004347 seconds
[2019-01-14T09:13:01.793+0000][6576][safepoint    ] Total time for which application threads were stopped: 0.0000781 seconds, Stopping threads took: 0.0000189 seconds
[2019-01-14T09:13:02.793+0000][6576][safepoint    ] Application time: 1.0003301 seconds
[2019-01-14T09:13:02.793+0000][6576][safepoint    ] Total time for which application threads were stopped: 0.0000795 seconds, Stopping threads took: 0.0000193 seconds
[2019-01-14T09:13:03.795+0000][6576][safepoint    ] Application time: 1.0003896 seconds
[2019-01-14T09:13:03.795+0000][6576][safepoint    ] Total time for which application threads were stopped: 0.0001228 seconds, Stopping threads took: 0.0000444 seconds
[2019-01-14T09:13:04.796+0000][6576][safepoint    ] Application time: 1.0008742 seconds
[2019-01-14T09:13:04.808+0000][6576][safepoint    ] Total time for which application threads were stopped: 0.0102133 seconds, Stopping threads took: 0.0014888 seconds
[2019-01-14T09:13:05.847+0000][6576][safepoint    ] Application time: 1.0020398 seconds
[2019-01-14T09:13:05.849+0000][6576][safepoint    ] Total time for which application threads were stopped: 0.0014465 seconds, Stopping threads took: 0.0000270 seconds
[2019-01-14T09:13:06.849+0000][6576][safepoint    ] Application time: 1.0008330 seconds
[2019-01-14T09:13:06.850+0000][6576][safepoint    ] Total time for which application threads were stopped: 0.0001131 seconds, Stopping threads took: 0.0000165 seconds
[2019-01-14T09:13:07.850+0000][6576][safepoint    ] Application time: 1.0002508 seconds
[2019-01-14T09:13:07.850+0000][6576][safepoint    ] Total time for which application threads were stopped: 0.0000749 seconds, Stopping threads took: 0.0000186 seconds
[2019-01-14T09:13:08.850+0000][6576][safepoint    ] Application time: 1.0004048 seconds
[2019-01-14T09:13:08.851+0000][6576][safepoint    ] Total time for which application threads were stopped: 0.0000809 seconds, Stopping threads took: 0.0000191 seconds
[2019-01-14T09:13:09.852+0000][6576][safepoint    ] Application time: 1.0003661 seconds
[2019-01-14T09:13:09.852+0000][6576][safepoint    ] Total time for which application threads were stopped: 0.0000806 seconds, Stopping threads took: 0.0000204 seconds
[2019-01-14T09:13:10.852+0000][6576][safepoint    ] Application time: 1.0004254 seconds
[2019-01-14T09:13:10.853+0000][6576][safepoint    ] Total time for which application threads were stopped: 0.0000800 seconds, Stopping threads took: 0.0000189 seconds
[2019-01-14T09:13:11.544+0000][6576][safepoint    ] Application time: 0.6918761 seconds
[2019-01-14T09:13:11.545+0000][6576][safepoint    ] Total time for which application threads were stopped: 0.0000808 seconds, Stopping threads took: 0.0000141 seconds
[2019-01-14T09:13:12.545+0000][6576][safepoint    ] Application time: 1.0002993 seconds
[2019-01-14T09:13:12.545+0000][6576][safepoint    ] Total time for which application threads were stopped: 0.0000942 seconds, Stopping threads took: 0.0000163 seconds
[2019-01-14T09:13:13.358+0000][6576][safepoint    ] Application time: 0.8129732 seconds
[2019-01-14T09:13:13.361+0000][6576][gc,start     ] GC(28) Pause Young (Allocation Failure)
[2019-01-14T09:13:13.362+0000][6576][gc,task      ] GC(28) Using 2 workers of 2 for evacuation
[2019-01-14T09:13:13.379+0000][6576][gc,age       ] GC(28) Desired survivor size 4456448 bytes, new threshold 6 (max threshold 6)
[2019-01-14T09:13:13.379+0000][6576][gc,age       ] GC(28) Age table with threshold 6 (max threshold 6)
[2019-01-14T09:13:13.379+0000][6576][gc,age       ] GC(28) - age   1:     213992 bytes,     213992 total
[2019-01-14T09:13:13.379+0000][6576][gc,age       ] GC(28) - age   2:     494440 bytes,     708432 total
[2019-01-14T09:13:13.379+0000][6576][gc,age       ] GC(28) - age   3:     761936 bytes,    1470368 total
[2019-01-14T09:13:13.379+0000][6576][gc,heap      ] GC(28) ParNew: 77032K->3069K(78656K)
[2019-01-14T09:13:13.379+0000][6576][gc,heap      ] GC(28) CMS: 103835K->107337K(174784K)
[2019-01-14T09:13:13.379+0000][6576][gc,metaspace ] GC(28) Metaspace: 80880K->80880K(1124352K)
[2019-01-14T09:13:13.379+0000][6576][gc           ] GC(28) Pause Young (Allocation Failure) 176M->107M(247M) 18.320ms
[2019-01-14T09:13:13.379+0000][6576][gc,cpu       ] GC(28) User=0.01s Sys=0.00s Real=0.01s
[2019-01-14T09:13:13.379+0000][6576][safepoint    ] Total time for which application threads were stopped: 0.0213141 seconds, Stopping threads took: 0.0000153 seconds
[2019-01-14T09:13:13.380+0000][6576][safepoint    ] Application time: 0.0004996 seconds
[2019-01-14T09:13:13.380+0000][6576][safepoint    ] Total time for which application threads were stopped: 0.0003291 seconds, Stopping threads took: 0.0000501 seconds
[2019-01-14T09:13:14.384+0000][6576][safepoint    ] Application time: 1.0029889 seconds
[2019-01-14T09:13:14.397+0000][6576][safepoint    ] Total time for which application threads were stopped: 0.0115886 seconds, Stopping threads took: 0.0098583 seconds
[2019-01-14T09:13:15.398+0000][6576][safepoint    ] Application time: 1.0004465 seconds
[2019-01-14T09:13:15.400+0000][6576][safepoint    ] Total time for which application threads were stopped: 0.0021516 seconds, Stopping threads took: 0.0000311 seconds
[2019-01-14T09:13:16.402+0000][6576][safepoint    ] Application time: 1.0008691 seconds
[2019-01-14T09:13:16.403+0000][6576][safepoint    ] Total time for which application threads were stopped: 0.0004339 seconds, Stopping threads took: 0.0000200 seconds
[2019-01-14T09:13:17.403+0000][6576][safepoint    ] Application time: 1.0004758 seconds
[2019-01-14T09:13:17.404+0000][6576][safepoint    ] Total time for which application threads were stopped: 0.0001185 seconds, Stopping threads took: 0.0000196 seconds
[2019-01-14T09:13:18.404+0000][6576][safepoint    ] Application time: 1.0003231 seconds
[2019-01-14T09:13:18.405+0000][6576][safepoint    ] Total time for which application threads were stopped: 0.0010053 seconds, Stopping threads took: 0.0000173 seconds
[2019-01-14T09:13:19.405+0000][6576][safepoint    ] Application time: 1.0001680 seconds
[2019-01-14T09:13:19.405+0000][6576][safepoint    ] Total time for which application threads were stopped: 0.0000936 seconds, Stopping threads took: 0.0000226 seconds
[2019-01-14T09:13:20.406+0000][6576][safepoint    ] Application time: 1.0002216 seconds
[2019-01-14T09:13:20.406+0000][6576][safepoint    ] Total time for which application threads were stopped: 0.0000689 seconds, Stopping threads took: 0.0000170 seconds
[2019-01-14T09:13:21.406+0000][6576][safepoint    ] Application time: 1.0004072 seconds
[2019-01-14T09:13:21.406+0000][6576][safepoint    ] Total time for which application threads were stopped: 0.0000875 seconds, Stopping threads took: 0.0000191 seconds
[2019-01-14T09:13:22.407+0000][6576][safepoint    ] Application time: 1.0002900 seconds
[2019-01-14T09:13:22.407+0000][6576][safepoint    ] Total time for which application threads were stopped: 0.0000915 seconds, Stopping threads took: 0.0000195 seconds
[2019-01-14T09:13:22.940+0000][6576][safepoint    ] Application time: 0.5336432 seconds
[2019-01-14T09:13:22.940+0000][6576][safepoint    ] Total time for which application threads were stopped: 0.0001020 seconds, Stopping threads took: 0.0000185 seconds
[2019-01-14T09:13:22.941+0000][6576][safepoint    ] Application time: 0.0002909 seconds
[2019-01-14T09:13:22.941+0000][6576][safepoint    ] Total time for which application threads were stopped: 0.0000505 seconds, Stopping threads took: 0.0000067 seconds
[2019-01-14T09:13:22.941+0000][6576][safepoint    ] Application time: 0.0002325 seconds
[2019-01-14T09:13:22.941+0000][6576][safepoint    ] Total time for which application threads were stopped: 0.0000491 seconds, Stopping threads took: 0.0000069 seconds
[2019-01-14T09:13:22.941+0000][6576][safepoint    ] Application time: 0.0002282 seconds
[2019-01-14T09:13:22.941+0000][6576][safepoint    ] Total time for which application threads were stopped: 0.0000478 seconds, Stopping threads took: 0.0000071 seconds
[2019-01-14T09:13:23.942+0000][6576][safepoint    ] Application time: 1.0002863 seconds
[2019-01-14T09:13:23.942+0000][6576][safepoint    ] Total time for which application threads were stopped: 0.0000856 seconds, Stopping threads took: 0.0000191 seconds
[2019-01-14T09:13:24.943+0000][6576][safepoint    ] Application time: 1.0005132 seconds
[2019-01-14T09:13:24.943+0000][6576][safepoint    ] Total time for which application threads were stopped: 0.0001126 seconds, Stopping threads took: 0.0000189 seconds
[2019-01-14T09:13:25.943+0000][6576][safepoint    ] Application time: 1.0004339 seconds
[2019-01-14T09:13:25.944+0000][6576][safepoint    ] Total time for which application threads were stopped: 0.0000893 seconds, Stopping threads took: 0.0000193 seconds
[2019-01-14T09:13:26.944+0000][6576][safepoint    ] Application time: 1.0006365 seconds
[2019-01-14T09:13:26.944+0000][6576][safepoint    ] Total time for which application threads were stopped: 0.0000730 seconds, Stopping threads took: 0.0000171 seconds
[2019-01-14T09:13:27.945+0000][6576][safepoint    ] Application time: 1.0004275 seconds
[2019-01-14T09:13:27.945+0000][6576][safepoint    ] Total time for which application threads were stopped: 0.0000750 seconds, Stopping threads took: 0.0000177 seconds
[2019-01-14T09:13:28.945+0000][6576][safepoint    ] Application time: 1.0003375 seconds
[2019-01-14T09:13:28.945+0000][6576][safepoint    ] Total time for which application threads were stopped: 0.0001024 seconds, Stopping threads took: 0.0000214 seconds
[2019-01-14T09:13:29.946+0000][6576][safepoint    ] Application time: 1.0002086 seconds
[2019-01-14T09:13:29.946+0000][6576][safepoint    ] Total time for which application threads were stopped: 0.0000889 seconds, Stopping threads took: 0.0000203 seconds
[2019-01-14T09:13:30.946+0000][6576][safepoint    ] Application time: 1.0001823 seconds
[2019-01-14T09:13:30.946+0000][6576][safepoint    ] Total time for which application threads were stopped: 0.0001023 seconds, Stopping threads took: 0.0000328 seconds
[2019-01-14T09:13:31.947+0000][6576][safepoint    ] Application time: 1.0002730 seconds
[2019-01-14T09:13:31.947+0000][6576][safepoint    ] Total time for which application threads were stopped: 0.0000867 seconds, Stopping threads took: 0.0000191 seconds
[2019-01-14T09:13:32.947+0000][6576][safepoint    ] Application time: 1.0003990 seconds
[2019-01-14T09:13:32.947+0000][6576][safepoint    ] Total time for which application threads were stopped: 0.0000802 seconds, Stopping threads took: 0.0000195 seconds
[2019-01-14T09:13:33.948+0000][6576][safepoint    ] Application time: 1.0004085 seconds
[2019-01-14T09:13:33.948+0000][6576][safepoint    ] Total time for which application threads were stopped: 0.0000834 seconds, Stopping threads took: 0.0000172 seconds
[2019-01-14T09:13:34.949+0000][6576][safepoint    ] Application time: 1.0004333 seconds
[2019-01-14T09:13:34.949+0000][6576][safepoint    ] Total time for which application threads were stopped: 0.0000890 seconds, Stopping threads took: 0.0000196 seconds
[2019-01-14T09:13:35.949+0000][6576][safepoint    ] Application time: 1.0003103 seconds
[2019-01-14T09:13:35.949+0000][6576][safepoint    ] Total time for which application threads were stopped: 0.0000855 seconds, Stopping threads took: 0.0000187 seconds
[2019-01-14T09:13:36.950+0000][6576][safepoint    ] Application time: 1.0003509 seconds
[2019-01-14T09:13:36.950+0000][6576][safepoint    ] Total time for which application threads were stopped: 0.0000814 seconds, Stopping threads took: 0.0000201 seconds
[2019-01-14T09:13:37.950+0000][6576][safepoint    ] Application time: 1.0006089 seconds
[2019-01-14T09:13:37.951+0000][6576][safepoint    ] Total time for which application threads were stopped: 0.0000797 seconds, Stopping threads took: 0.0000191 seconds
[2019-01-14T09:13:38.951+0000][6576][safepoint    ] Application time: 1.0004100 seconds
[2019-01-14T09:13:38.951+0000][6576][safepoint    ] Total time for which application threads were stopped: 0.0001196 seconds, Stopping threads took: 0.0000208 seconds
[2019-01-14T09:13:39.952+0000][6576][safepoint    ] Application time: 1.0001696 seconds
[2019-01-14T09:13:39.954+0000][6576][safepoint    ] Total time for which application threads were stopped: 0.0006133 seconds, Stopping threads took: 0.0000261 seconds
[2019-01-14T09:13:41.604+0000][6576][safepoint    ] Application time: 1.6500058 seconds
[2019-01-14T09:13:41.604+0000][6576][safepoint    ] Total time for which application threads were stopped: 0.0001022 seconds, Stopping threads took: 0.0000154 seconds
[2019-01-14T09:13:46.641+0000][6576][safepoint    ] Application time: 5.0113061 seconds
[2019-01-14T09:13:46.642+0000][6576][safepoint    ] Total time for which application threads were stopped: 0.0009685 seconds, Stopping threads took: 0.0000264 seconds
[2019-01-14T09:13:52.944+0000][6576][safepoint    ] Application time: 6.3016286 seconds
[2019-01-14T09:13:52.945+0000][6576][safepoint    ] Total time for which application threads were stopped: 0.0010295 seconds, Stopping threads took: 0.0000170 seconds
[2019-01-14T09:13:53.946+0000][6576][safepoint    ] Application time: 1.0008350 seconds
[2019-01-14T09:13:53.947+0000][6576][safepoint    ] Total time for which application threads were stopped: 0.0009412 seconds, Stopping threads took: 0.0000330 seconds
[2019-01-14T09:13:54.947+0000][6576][safepoint    ] Application time: 1.0001709 seconds
[2019-01-14T09:13:54.947+0000][6576][safepoint    ] Total time for which application threads were stopped: 0.0000820 seconds, Stopping threads took: 0.0000187 seconds
[2019-01-14T09:13:56.948+0000][6576][safepoint    ] Application time: 2.0006074 seconds
[2019-01-14T09:13:56.948+0000][6576][safepoint    ] Total time for which application threads were stopped: 0.0000806 seconds, Stopping threads took: 0.0000179 seconds
[2019-01-14T09:13:57.952+0000][6576][safepoint    ] Application time: 1.0018043 seconds
[2019-01-14T09:13:57.967+0000][6576][safepoint    ] Total time for which application threads were stopped: 0.0133947 seconds, Stopping threads took: 0.0099925 seconds
[2019-01-14T09:13:58.456+0000][6576][safepoint    ] Application time: 0.4886872 seconds
[2019-01-14T09:13:58.462+0000][6576][gc,start     ] GC(29) Pause Young (Allocation Failure)
[2019-01-14T09:13:58.463+0000][6576][gc,task      ] GC(29) Using 2 workers of 2 for evacuation
[2019-01-14T09:13:58.475+0000][6576][gc,age       ] GC(29) Desired survivor size 4456448 bytes, new threshold 6 (max threshold 6)
[2019-01-14T09:13:58.475+0000][6576][gc,age       ] GC(29) Age table with threshold 6 (max threshold 6)
[2019-01-14T09:13:58.475+0000][6576][gc,age       ] GC(29) - age   1:      15272 bytes,      15272 total
[2019-01-14T09:13:58.475+0000][6576][gc,age       ] GC(29) - age   2:     206624 bytes,     221896 total
[2019-01-14T09:13:58.475+0000][6576][gc,age       ] GC(29) - age   3:     494440 bytes,     716336 total
[2019-01-14T09:13:58.475+0000][6576][gc,age       ] GC(29) - age   4:     761792 bytes,    1478128 total
[2019-01-14T09:13:58.476+0000][6576][gc,heap      ] GC(29) ParNew: 73021K->1958K(78656K)
[2019-01-14T09:13:58.476+0000][6576][gc,heap      ] GC(29) CMS: 107337K->107337K(174784K)
[2019-01-14T09:13:58.476+0000][6576][gc,metaspace ] GC(29) Metaspace: 81002K->81002K(1124352K)
[2019-01-14T09:13:58.476+0000][6576][gc           ] GC(29) Pause Young (Allocation Failure) 176M->106M(247M) 13.820ms
[2019-01-14T09:13:58.476+0000][6576][gc,cpu       ] GC(29) User=0.00s Sys=0.01s Real=0.01s
[2019-01-14T09:13:58.476+0000][6576][safepoint    ] Total time for which application threads were stopped: 0.0197388 seconds, Stopping threads took: 0.0000133 seconds
[2019-01-14T09:14:02.479+0000][6576][safepoint    ] Application time: 4.0019756 seconds
[2019-01-14T09:14:02.481+0000][6576][safepoint    ] Total time for which application threads were stopped: 0.0017996 seconds, Stopping threads took: 0.0000298 seconds
[2019-01-14T09:14:03.481+0000][6576][safepoint    ] Application time: 1.0001219 seconds
[2019-01-14T09:14:03.481+0000][6576][safepoint    ] Total time for which application threads were stopped: 0.0001028 seconds, Stopping threads took: 0.0000417 seconds
[2019-01-14T09:14:04.481+0000][6576][safepoint    ] Application time: 1.0001401 seconds
[2019-01-14T09:14:04.482+0000][6576][safepoint    ] Total time for which application threads were stopped: 0.0000808 seconds, Stopping threads took: 0.0000190 seconds
[2019-01-14T09:14:06.483+0000][6576][safepoint    ] Application time: 2.0007368 seconds
[2019-01-14T09:14:06.485+0000][6576][safepoint    ] Total time for which application threads were stopped: 0.0012432 seconds, Stopping threads took: 0.0000305 seconds
[2019-01-14T09:14:08.486+0000][6576][safepoint    ] Application time: 2.0010120 seconds
[2019-01-14T09:14:08.486+0000][6576][safepoint    ] Total time for which application threads were stopped: 0.0000884 seconds, Stopping threads took: 0.0000182 seconds
[2019-01-14T09:14:09.486+0000][6576][safepoint    ] Application time: 1.0002325 seconds
[2019-01-14T09:14:09.487+0000][6576][safepoint    ] Total time for which application threads were stopped: 0.0000872 seconds, Stopping threads took: 0.0000188 seconds
[2019-01-14T09:14:11.488+0000][6576][safepoint    ] Application time: 2.0005353 seconds
[2019-01-14T09:14:11.488+0000][6576][safepoint    ] Total time for which application threads were stopped: 0.0000960 seconds, Stopping threads took: 0.0000290 seconds
[2019-01-14T09:14:12.488+0000][6576][safepoint    ] Application time: 1.0005604 seconds
[2019-01-14T09:14:12.488+0000][6576][safepoint    ] Total time for which application threads were stopped: 0.0000809 seconds, Stopping threads took: 0.0000179 seconds
[2019-01-14T09:14:18.514+0000][6576][safepoint    ] Application time: 6.0246287 seconds
[2019-01-14T09:14:18.516+0000][6576][safepoint    ] Total time for which application threads were stopped: 0.0018218 seconds, Stopping threads took: 0.0000325 seconds
[2019-01-14T09:14:19.517+0000][6576][safepoint    ] Application time: 1.0007292 seconds
[2019-01-14T09:14:19.517+0000][6576][safepoint    ] Total time for which application threads were stopped: 0.0000868 seconds, Stopping threads took: 0.0000194 seconds
[2019-01-14T09:14:20.518+0000][6576][safepoint    ] Application time: 1.0001803 seconds
[2019-01-14T09:14:20.518+0000][6576][safepoint    ] Total time for which application threads were stopped: 0.0000806 seconds, Stopping threads took: 0.0000180 seconds
[2019-01-14T09:14:22.519+0000][6576][safepoint    ] Application time: 2.0006738 seconds
[2019-01-14T09:14:22.519+0000][6576][safepoint    ] Total time for which application threads were stopped: 0.0000834 seconds, Stopping threads took: 0.0000185 seconds
[2019-01-14T09:14:23.519+0000][6576][safepoint    ] Application time: 1.0002944 seconds
[2019-01-14T09:14:23.519+0000][6576][safepoint    ] Total time for which application threads were stopped: 0.0001057 seconds, Stopping threads took: 0.0000179 seconds
[2019-01-14T09:14:24.520+0000][6576][safepoint    ] Application time: 1.0002795 seconds
[2019-01-14T09:14:24.520+0000][6576][safepoint    ] Total time for which application threads were stopped: 0.0001080 seconds, Stopping threads took: 0.0000338 seconds
[2019-01-14T09:14:28.534+0000][6576][safepoint    ] Application time: 4.0124845 seconds
[2019-01-14T09:14:28.537+0000][6576][safepoint    ] Total time for which application threads were stopped: 0.0018640 seconds, Stopping threads took: 0.0000311 seconds
[2019-01-14T09:14:29.540+0000][6576][safepoint    ] Application time: 1.0018996 seconds
[2019-01-14T09:14:29.542+0000][6576][safepoint    ] Total time for which application threads were stopped: 0.0014194 seconds, Stopping threads took: 0.0006760 seconds
[2019-01-14T09:14:32.544+0000][6576][safepoint    ] Application time: 3.0016043 seconds
[2019-01-14T09:14:32.544+0000][6576][safepoint    ] Total time for which application threads were stopped: 0.0000987 seconds, Stopping threads took: 0.0000268 seconds
[2019-01-14T09:14:35.546+0000][6576][safepoint    ] Application time: 3.0011097 seconds
[2019-01-14T09:14:35.546+0000][6576][safepoint    ] Total time for which application threads were stopped: 0.0000850 seconds, Stopping threads took: 0.0000187 seconds
[2019-01-14T09:14:37.546+0000][6576][safepoint    ] Application time: 2.0005838 seconds
[2019-01-14T09:14:37.546+0000][6576][safepoint    ] Total time for which application threads were stopped: 0.0000879 seconds, Stopping threads took: 0.0000182 seconds
[2019-01-14T09:14:40.548+0000][6576][safepoint    ] Application time: 3.0015786 seconds
[2019-01-14T09:14:40.549+0000][6576][safepoint    ] Total time for which application threads were stopped: 0.0000800 seconds, Stopping threads took: 0.0000176 seconds
[2019-01-14T09:14:43.586+0000][6576][safepoint    ] Application time: 3.0368624 seconds
[2019-01-14T09:14:43.588+0000][6576][gc,start     ] GC(30) Pause Young (Allocation Failure)
[2019-01-14T09:14:43.590+0000][6576][gc,task      ] GC(30) Using 2 workers of 2 for evacuation
[2019-01-14T09:14:43.594+0000][6576][gc,age       ] GC(30) Desired survivor size 4456448 bytes, new threshold 6 (max threshold 6)
[2019-01-14T09:14:43.594+0000][6576][gc,age       ] GC(30) Age table with threshold 6 (max threshold 6)
[2019-01-14T09:14:43.594+0000][6576][gc,age       ] GC(30) - age   1:      19216 bytes,      19216 total
[2019-01-14T09:14:43.594+0000][6576][gc,age       ] GC(30) - age   2:       7984 bytes,      27200 total
[2019-01-14T09:14:43.594+0000][6576][gc,age       ] GC(30) - age   3:     206544 bytes,     233744 total
[2019-01-14T09:14:43.594+0000][6576][gc,age       ] GC(30) - age   4:     494440 bytes,     728184 total
[2019-01-14T09:14:43.594+0000][6576][gc,age       ] GC(30) - age   5:     761792 bytes,    1489976 total
[2019-01-14T09:14:43.595+0000][6576][gc,heap      ] GC(30) ParNew: 71910K->2113K(78656K)
[2019-01-14T09:14:43.595+0000][6576][gc,heap      ] GC(30) CMS: 107337K->107337K(174784K)
[2019-01-14T09:14:43.595+0000][6576][gc,metaspace ] GC(30) Metaspace: 81032K->81032K(1124352K)
[2019-01-14T09:14:43.595+0000][6576][gc           ] GC(30) Pause Young (Allocation Failure) 175M->106M(247M) 6.764ms
[2019-01-14T09:14:43.595+0000][6576][gc,cpu       ] GC(30) User=0.00s Sys=0.00s Real=0.01s
[2019-01-14T09:14:43.595+0000][6576][safepoint    ] Total time for which application threads were stopped: 0.0083227 seconds, Stopping threads took: 0.0000242 seconds
[2019-01-14T09:14:44.595+0000][6576][safepoint    ] Application time: 1.0003809 seconds
[2019-01-14T09:14:44.595+0000][6576][safepoint    ] Total time for which application threads were stopped: 0.0000992 seconds, Stopping threads took: 0.0000205 seconds
[2019-01-14T09:14:46.598+0000][6576][safepoint    ] Application time: 2.0012649 seconds
[2019-01-14T09:14:46.599+0000][6576][safepoint    ] Total time for which application threads were stopped: 0.0011720 seconds, Stopping threads took: 0.0000256 seconds
[2019-01-14T09:14:50.603+0000][6576][safepoint    ] Application time: 4.0021246 seconds
[2019-01-14T09:14:50.606+0000][6576][safepoint    ] Total time for which application threads were stopped: 0.0020208 seconds, Stopping threads took: 0.0000260 seconds
[2019-01-14T09:14:53.608+0000][6576][safepoint    ] Application time: 3.0014626 seconds
[2019-01-14T09:14:53.608+0000][6576][safepoint    ] Total time for which application threads were stopped: 0.0000851 seconds, Stopping threads took: 0.0000177 seconds
[2019-01-14T09:14:57.612+0000][6576][safepoint    ] Application time: 4.0038641 seconds
[2019-01-14T09:14:57.614+0000][6576][safepoint    ] Total time for which application threads were stopped: 0.0016255 seconds, Stopping threads took: 0.0000284 seconds
[2019-01-14T09:14:59.615+0000][6576][safepoint    ] Application time: 2.0010018 seconds
[2019-01-14T09:14:59.615+0000][6576][safepoint    ] Total time for which application threads were stopped: 0.0000872 seconds, Stopping threads took: 0.0000181 seconds
[2019-01-14T09:15:00.616+0000][6576][safepoint    ] Application time: 1.0003307 seconds
[2019-01-14T09:15:00.616+0000][6576][safepoint    ] Total time for which application threads were stopped: 0.0000960 seconds, Stopping threads took: 0.0000188 seconds
[2019-01-14T09:15:09.624+0000][6576][safepoint    ] Application time: 9.0074363 seconds
[2019-01-14T09:15:09.626+0000][6576][safepoint    ] Total time for which application threads were stopped: 0.0010706 seconds, Stopping threads took: 0.0000278 seconds
[2019-01-14T09:15:13.628+0000][6576][safepoint    ] Application time: 4.0022233 seconds
[2019-01-14T09:15:13.628+0000][6576][safepoint    ] Total time for which application threads were stopped: 0.0001239 seconds, Stopping threads took: 0.0000178 seconds
[2019-01-14T09:15:14.630+0000][6576][safepoint    ] Application time: 1.0008239 seconds
[2019-01-14T09:15:14.632+0000][6576][safepoint    ] Total time for which application threads were stopped: 0.0012923 seconds, Stopping threads took: 0.0000356 seconds
[2019-01-14T09:15:23.762+0000][6576][safepoint    ] Application time: 9.1267301 seconds
[2019-01-14T09:15:23.771+0000][6576][safepoint    ] Total time for which application threads were stopped: 0.0058889 seconds, Stopping threads took: 0.0031512 seconds
[2019-01-14T09:15:28.720+0000][6576][safepoint    ] Application time: 4.9480979 seconds
[2019-01-14T09:15:28.721+0000][6576][gc,start     ] GC(31) Pause Young (Allocation Failure)
[2019-01-14T09:15:28.722+0000][6576][gc,task      ] GC(31) Using 2 workers of 2 for evacuation
[2019-01-14T09:15:28.727+0000][6576][gc,age       ] GC(31) Desired survivor size 4456448 bytes, new threshold 6 (max threshold 6)
[2019-01-14T09:15:28.727+0000][6576][gc,age       ] GC(31) Age table with threshold 6 (max threshold 6)
[2019-01-14T09:15:28.727+0000][6576][gc,age       ] GC(31) - age   1:       9104 bytes,       9104 total
[2019-01-14T09:15:28.727+0000][6576][gc,age       ] GC(31) - age   2:      10608 bytes,      19712 total
[2019-01-14T09:15:28.727+0000][6576][gc,age       ] GC(31) - age   3:       7864 bytes,      27576 total
[2019-01-14T09:15:28.727+0000][6576][gc,age       ] GC(31) - age   4:     206544 bytes,     234120 total
[2019-01-14T09:15:28.727+0000][6576][gc,age       ] GC(31) - age   5:     494440 bytes,     728560 total
[2019-01-14T09:15:28.727+0000][6576][gc,age       ] GC(31) - age   6:     761792 bytes,    1490352 total
[2019-01-14T09:15:28.728+0000][6576][gc,heap      ] GC(31) ParNew: 72065K->2165K(78656K)
[2019-01-14T09:15:28.728+0000][6576][gc,heap      ] GC(31) CMS: 107337K->107337K(174784K)
[2019-01-14T09:15:28.728+0000][6576][gc,metaspace ] GC(31) Metaspace: 81054K->81054K(1124352K)
[2019-01-14T09:15:28.728+0000][6576][gc           ] GC(31) Pause Young (Allocation Failure) 175M->106M(247M) 6.513ms
[2019-01-14T09:15:28.728+0000][6576][gc,cpu       ] GC(31) User=0.01s Sys=0.00s Real=0.00s
[2019-01-14T09:15:28.728+0000][6576][safepoint    ] Total time for which application threads were stopped: 0.0074277 seconds, Stopping threads took: 0.0000230 seconds
[2019-01-14T09:15:29.729+0000][6576][safepoint    ] Application time: 1.0008466 seconds
[2019-01-14T09:15:29.729+0000][6576][safepoint    ] Total time for which application threads were stopped: 0.0000858 seconds, Stopping threads took: 0.0000187 seconds
[2019-01-14T09:15:33.731+0000][6576][safepoint    ] Application time: 4.0018208 seconds
[2019-01-14T09:15:33.743+0000][6576][safepoint    ] Total time for which application threads were stopped: 0.0108045 seconds, Stopping threads took: 0.0004135 seconds
[2019-01-14T09:15:39.748+0000][6576][safepoint    ] Application time: 6.0032640 seconds
[2019-01-14T09:15:39.751+0000][6576][safepoint    ] Total time for which application threads were stopped: 0.0026680 seconds, Stopping threads took: 0.0000278 seconds
[2019-01-14T09:15:41.753+0000][6576][safepoint    ] Application time: 2.0009963 seconds
[2019-01-14T09:15:41.753+0000][6576][safepoint    ] Total time for which application threads were stopped: 0.0000867 seconds, Stopping threads took: 0.0000183 seconds
[2019-01-14T09:15:42.761+0000][6576][safepoint    ] Application time: 1.0064586 seconds
[2019-01-14T09:15:42.765+0000][6576][safepoint    ] Total time for which application threads were stopped: 0.0025001 seconds, Stopping threads took: 0.0000262 seconds
[2019-01-14T09:15:49.792+0000][6576][safepoint    ] Application time: 7.0245631 seconds
[2019-01-14T09:15:49.799+0000][6576][safepoint    ] Total time for which application threads were stopped: 0.0047538 seconds, Stopping threads took: 0.0016047 seconds
[2019-01-14T09:15:50.802+0000][6576][safepoint    ] Application time: 1.0015761 seconds
[2019-01-14T09:15:50.814+0000][6576][safepoint    ] Total time for which application threads were stopped: 0.0094140 seconds, Stopping threads took: 0.0038489 seconds
[2019-01-14T09:16:02.929+0000][6576][safepoint    ] Application time: 12.0726346 seconds
[2019-01-14T09:16:02.934+0000][6576][safepoint    ] Total time for which application threads were stopped: 0.0031132 seconds, Stopping threads took: 0.0000347 seconds
[2019-01-14T09:16:03.935+0000][6576][safepoint    ] Application time: 1.0002889 seconds
[2019-01-14T09:16:03.936+0000][6576][safepoint    ] Total time for which application threads were stopped: 0.0011977 seconds, Stopping threads took: 0.0003547 seconds
[2019-01-14T09:16:09.940+0000][6576][safepoint    ] Application time: 6.0037391 seconds
[2019-01-14T09:16:09.942+0000][6576][safepoint    ] Total time for which application threads were stopped: 0.0012697 seconds, Stopping threads took: 0.0000291 seconds
[2019-01-14T09:16:11.943+0000][6576][safepoint    ] Application time: 2.0008647 seconds
[2019-01-14T09:16:11.943+0000][6576][safepoint    ] Total time for which application threads were stopped: 0.0001040 seconds, Stopping threads took: 0.0000228 seconds
[2019-01-14T09:16:12.943+0000][6576][safepoint    ] Application time: 1.0002796 seconds
[2019-01-14T09:16:12.943+0000][6576][safepoint    ] Total time for which application threads were stopped: 0.0000853 seconds, Stopping threads took: 0.0000195 seconds
[2019-01-14T09:16:13.961+0000][6576][safepoint    ] Application time: 1.0172457 seconds
[2019-01-14T09:16:13.961+0000][6576][gc,start     ] GC(32) Pause Young (Allocation Failure)
[2019-01-14T09:16:13.961+0000][6576][gc,task      ] GC(32) Using 2 workers of 2 for evacuation
[2019-01-14T09:16:13.986+0000][6576][gc,age       ] GC(32) Desired survivor size 4456448 bytes, new threshold 6 (max threshold 6)
[2019-01-14T09:16:13.986+0000][6576][gc,age       ] GC(32) Age table with threshold 6 (max threshold 6)
[2019-01-14T09:16:13.986+0000][6576][gc,age       ] GC(32) - age   1:       8584 bytes,       8584 total
[2019-01-14T09:16:13.986+0000][6576][gc,age       ] GC(32) - age   2:        400 bytes,       8984 total
[2019-01-14T09:16:13.986+0000][6576][gc,age       ] GC(32) - age   3:      10048 bytes,      19032 total
[2019-01-14T09:16:13.986+0000][6576][gc,age       ] GC(32) - age   4:       7864 bytes,      26896 total
[2019-01-14T09:16:13.986+0000][6576][gc,age       ] GC(32) - age   5:     206544 bytes,     233440 total
[2019-01-14T09:16:13.986+0000][6576][gc,age       ] GC(32) - age   6:     494440 bytes,     727880 total
[2019-01-14T09:16:13.986+0000][6576][gc,heap      ] GC(32) ParNew: 72117K->1452K(78656K)
[2019-01-14T09:16:13.986+0000][6576][gc,heap      ] GC(32) CMS: 107337K->108101K(174784K)
[2019-01-14T09:16:13.986+0000][6576][gc,metaspace ] GC(32) Metaspace: 81071K->81071K(1124352K)
[2019-01-14T09:16:13.987+0000][6576][gc           ] GC(32) Pause Young (Allocation Failure) 175M->106M(247M) 25.793ms
[2019-01-14T09:16:13.987+0000][6576][gc,cpu       ] GC(32) User=0.01s Sys=0.01s Real=0.02s
[2019-01-14T09:16:13.987+0000][6576][safepoint    ] Total time for which application threads were stopped: 0.0259533 seconds, Stopping threads took: 0.0000146 seconds
[2019-01-14T09:16:25.582+0000][6576][safepoint    ] Application time: 11.5954367 seconds
[2019-01-14T09:16:25.619+0000][6576][safepoint    ] Total time for which application threads were stopped: 0.0368630 seconds, Stopping threads took: 0.0367077 seconds
[2019-01-14T09:16:25.674+0000][6576][safepoint    ] Application time: 0.0554355 seconds
[2019-01-14T09:16:25.677+0000][6576][safepoint    ] Total time for which application threads were stopped: 0.0030125 seconds, Stopping threads took: 0.0029415 seconds
[2019-01-14T09:16:25.685+0000][6576][safepoint    ] Application time: 0.0077376 seconds
[2019-01-14T09:16:25.689+0000][6576][safepoint    ] Total time for which application threads were stopped: 0.0033655 seconds, Stopping threads took: 0.0032801 seconds
[2019-01-14T09:16:25.715+0000][6576][safepoint    ] Application time: 0.0262813 seconds
[2019-01-14T09:16:25.899+0000][6576][safepoint    ] Total time for which application threads were stopped: 0.1836327 seconds, Stopping threads took: 0.1835573 seconds
[2019-01-14T09:16:25.899+0000][6576][safepoint    ] Application time: 0.0004027 seconds
[2019-01-14T09:16:25.928+0000][6576][safepoint    ] Total time for which application threads were stopped: 0.0284755 seconds, Stopping threads took: 0.0284049 seconds
[2019-01-14T09:16:25.928+0000][6576][safepoint    ] Application time: 0.0001956 seconds
[2019-01-14T09:16:25.928+0000][6576][safepoint    ] Total time for which application threads were stopped: 0.0000491 seconds, Stopping threads took: 0.0000059 seconds
[2019-01-14T09:16:25.944+0000][6576][safepoint    ] Application time: 0.0165827 seconds
[2019-01-14T09:16:25.945+0000][6576][safepoint    ] Total time for which application threads were stopped: 0.0006784 seconds, Stopping threads took: 0.0005531 seconds
[2019-01-14T09:16:25.949+0000][6576][safepoint    ] Application time: 0.0040301 seconds
[2019-01-14T09:16:25.950+0000][6576][safepoint    ] Total time for which application threads were stopped: 0.0006960 seconds, Stopping threads took: 0.0003998 seconds
[2019-01-14T09:16:26.033+0000][6576][safepoint    ] Application time: 0.0828729 seconds
[2019-01-14T09:16:26.033+0000][6576][safepoint    ] Total time for which application threads were stopped: 0.0001126 seconds, Stopping threads took: 0.0000417 seconds
[2019-01-14T09:16:26.034+0000][6576][safepoint    ] Application time: 0.0002238 seconds
[2019-01-14T09:16:26.034+0000][6576][safepoint    ] Total time for which application threads were stopped: 0.0000411 seconds, Stopping threads took: 0.0000039 seconds
[2019-01-14T09:16:26.035+0000][6576][safepoint    ] Application time: 0.0015483 seconds
[2019-01-14T09:16:26.035+0000][6576][safepoint    ] Total time for which application threads were stopped: 0.0000522 seconds, Stopping threads took: 0.0000089 seconds
[2019-01-14T09:16:26.035+0000][6576][safepoint    ] Application time: 0.0000495 seconds
[2019-01-14T09:16:26.035+0000][6576][safepoint    ] Total time for which application threads were stopped: 0.0000562 seconds, Stopping threads took: 0.0000041 seconds
[2019-01-14T09:16:26.037+0000][6576][safepoint    ] Application time: 0.0015168 seconds
[2019-01-14T09:16:26.037+0000][6576][safepoint    ] Total time for which application threads were stopped: 0.0000597 seconds, Stopping threads took: 0.0000113 seconds
[2019-01-14T09:16:26.048+0000][6576][safepoint    ] Application time: 0.0112839 seconds
[2019-01-14T09:16:26.048+0000][6576][safepoint    ] Total time for which application threads were stopped: 0.0000568 seconds, Stopping threads took: 0.0000102 seconds
[2019-01-14T09:16:26.050+0000][6576][safepoint    ] Application time: 0.0018826 seconds
[2019-01-14T09:16:26.059+0000][6576][safepoint    ] Total time for which application threads were stopped: 0.0085600 seconds, Stopping threads took: 0.0084847 seconds
[2019-01-14T09:16:26.367+0000][6576][safepoint    ] Application time: 0.3082655 seconds
[2019-01-14T09:16:26.367+0000][6576][safepoint    ] Total time for which application threads were stopped: 0.0000617 seconds, Stopping threads took: 0.0000122 seconds
[2019-01-14T09:16:26.368+0000][6576][safepoint    ] Application time: 0.0001458 seconds
[2019-01-14T09:16:26.368+0000][6576][safepoint    ] Total time for which application threads were stopped: 0.0000805 seconds, Stopping threads took: 0.0000310 seconds
[2019-01-14T09:16:26.414+0000][6576][safepoint    ] Application time: 0.0463045 seconds
[2019-01-14T09:16:26.414+0000][6576][safepoint    ] Total time for which application threads were stopped: 0.0000464 seconds, Stopping threads took: 0.0000094 seconds
[2019-01-14T09:16:26.535+0000][6576][safepoint    ] Application time: 0.1203583 seconds
[2019-01-14T09:16:26.535+0000][6576][safepoint    ] Total time for which application threads were stopped: 0.0000496 seconds, Stopping threads took: 0.0000056 seconds
[2019-01-14T09:16:26.535+0000][6576][safepoint    ] Application time: 0.0002569 seconds
[2019-01-14T09:16:26.535+0000][6576][safepoint    ] Total time for which application threads were stopped: 0.0000295 seconds, Stopping threads took: 0.0000032 seconds
[2019-01-14T09:16:26.535+0000][6576][safepoint    ] Application time: 0.0002202 seconds
[2019-01-14T09:16:26.535+0000][6576][safepoint    ] Total time for which application threads were stopped: 0.0000225 seconds, Stopping threads took: 0.0000025 seconds
[2019-01-14T09:16:26.540+0000][6576][safepoint    ] Application time: 0.0049953 seconds
[2019-01-14T09:16:26.540+0000][6576][safepoint    ] Total time for which application threads were stopped: 0.0000620 seconds, Stopping threads took: 0.0000058 seconds
[2019-01-14T09:16:26.541+0000][6576][safepoint    ] Application time: 0.0003162 seconds
[2019-01-14T09:16:26.541+0000][6576][safepoint    ] Total time for which application threads were stopped: 0.0000400 seconds, Stopping threads took: 0.0000038 seconds
[2019-01-14T09:16:26.541+0000][6576][safepoint    ] Application time: 0.0000672 seconds
[2019-01-14T09:16:26.541+0000][6576][safepoint    ] Total time for which application threads were stopped: 0.0000246 seconds, Stopping threads took: 0.0000021 seconds
[2019-01-14T09:16:26.544+0000][6576][safepoint    ] Application time: 0.0027645 seconds
[2019-01-14T09:16:26.544+0000][6576][safepoint    ] Total time for which application threads were stopped: 0.0000453 seconds, Stopping threads took: 0.0000046 seconds
[2019-01-14T09:16:26.544+0000][6576][safepoint    ] Application time: 0.0005395 seconds
[2019-01-14T09:16:26.544+0000][6576][safepoint    ] Total time for which application threads were stopped: 0.0000546 seconds, Stopping threads took: 0.0000110 seconds
[2019-01-14T09:16:26.544+0000][6576][safepoint    ] Application time: 0.0000440 seconds
[2019-01-14T09:16:26.544+0000][6576][safepoint    ] Total time for which application threads were stopped: 0.0000320 seconds, Stopping threads took: 0.0000068 seconds
[2019-01-14T09:16:26.545+0000][6576][safepoint    ] Application time: 0.0004227 seconds
[2019-01-14T09:16:26.545+0000][6576][safepoint    ] Total time for which application threads were stopped: 0.0000743 seconds, Stopping threads took: 0.0000354 seconds
[2019-01-14T09:16:26.545+0000][6576][safepoint    ] Application time: 0.0002603 seconds
[2019-01-14T09:16:26.545+0000][6576][safepoint    ] Total time for which application threads were stopped: 0.0002401 seconds, Stopping threads took: 0.0000026 seconds
[2019-01-14T09:16:26.546+0000][6576][safepoint    ] Application time: 0.0002645 seconds
[2019-01-14T09:16:26.546+0000][6576][safepoint    ] Total time for which application threads were stopped: 0.0000451 seconds, Stopping threads took: 0.0000096 seconds
[2019-01-14T09:16:26.551+0000][6576][safepoint    ] Application time: 0.0050404 seconds
[2019-01-14T09:16:26.551+0000][6576][safepoint    ] Total time for which application threads were stopped: 0.0001430 seconds, Stopping threads took: 0.0000058 seconds
[2019-01-14T09:16:26.551+0000][6576][safepoint    ] Application time: 0.0003243 seconds
[2019-01-14T09:16:26.551+0000][6576][safepoint    ] Total time for which application threads were stopped: 0.0000521 seconds, Stopping threads took: 0.0000029 seconds
[2019-01-14T09:16:26.551+0000][6576][safepoint    ] Application time: 0.0000714 seconds
[2019-01-14T09:16:26.551+0000][6576][safepoint    ] Total time for which application threads were stopped: 0.0000358 seconds, Stopping threads took: 0.0000028 seconds
[2019-01-14T09:16:26.552+0000][6576][safepoint    ] Application time: 0.0000673 seconds
[2019-01-14T09:16:26.552+0000][6576][safepoint    ] Total time for which application threads were stopped: 0.0000272 seconds, Stopping threads took: 0.0000022 seconds
[2019-01-14T09:16:26.552+0000][6576][safepoint    ] Application time: 0.0007444 seconds
[2019-01-14T09:16:26.552+0000][6576][safepoint    ] Total time for which application threads were stopped: 0.0000336 seconds, Stopping threads took: 0.0000032 seconds
[2019-01-14T09:16:26.553+0000][6576][safepoint    ] Application time: 0.0001895 seconds
[2019-01-14T09:16:26.553+0000][6576][safepoint    ] Total time for which application threads were stopped: 0.0000265 seconds, Stopping threads took: 0.0000023 seconds
[2019-01-14T09:16:26.553+0000][6576][safepoint    ] Application time: 0.0001069 seconds
[2019-01-14T09:16:26.553+0000][6576][safepoint    ] Total time for which application threads were stopped: 0.0000254 seconds, Stopping threads took: 0.0000020 seconds
[2019-01-14T09:16:26.553+0000][6576][safepoint    ] Application time: 0.0000730 seconds
[2019-01-14T09:16:26.553+0000][6576][safepoint    ] Total time for which application threads were stopped: 0.0000461 seconds, Stopping threads took: 0.0000020 seconds
[2019-01-14T09:16:26.554+0000][6576][safepoint    ] Application time: 0.0009495 seconds
[2019-01-14T09:16:26.554+0000][6576][safepoint    ] Total time for which application threads were stopped: 0.0000789 seconds, Stopping threads took: 0.0000262 seconds
[2019-01-14T09:16:26.557+0000][6576][safepoint    ] Application time: 0.0034766 seconds
[2019-01-14T09:16:26.558+0000][6576][safepoint    ] Total time for which application threads were stopped: 0.0000545 seconds, Stopping threads took: 0.0000060 seconds
[2019-01-14T09:16:26.558+0000][6576][safepoint    ] Application time: 0.0001342 seconds
[2019-01-14T09:16:26.558+0000][6576][safepoint    ] Total time for which application threads were stopped: 0.0000329 seconds, Stopping threads took: 0.0000032 seconds
[2019-01-14T09:16:26.558+0000][6576][safepoint    ] Application time: 0.0000653 seconds
[2019-01-14T09:16:26.558+0000][6576][safepoint    ] Total time for which application threads were stopped: 0.0000252 seconds, Stopping threads took: 0.0000021 seconds
[2019-01-14T09:16:26.560+0000][6576][safepoint    ] Application time: 0.0025934 seconds
[2019-01-14T09:16:26.561+0000][6576][safepoint    ] Total time for which application threads were stopped: 0.0000444 seconds, Stopping threads took: 0.0000054 seconds
[2019-01-14T09:16:26.561+0000][6576][safepoint    ] Application time: 0.0002033 seconds
[2019-01-14T09:16:26.561+0000][6576][safepoint    ] Total time for which application threads were stopped: 0.0000306 seconds, Stopping threads took: 0.0000030 seconds
[2019-01-14T09:16:26.561+0000][6576][safepoint    ] Application time: 0.0000633 seconds
[2019-01-14T09:16:26.561+0000][6576][safepoint    ] Total time for which application threads were stopped: 0.0000396 seconds, Stopping threads took: 0.0000021 seconds
[2019-01-14T09:16:26.562+0000][6576][safepoint    ] Application time: 0.0010041 seconds
[2019-01-14T09:16:26.562+0000][6576][safepoint    ] Total time for which application threads were stopped: 0.0000570 seconds, Stopping threads took: 0.0000059 seconds
[2019-01-14T09:16:26.564+0000][6576][safepoint    ] Application time: 0.0015972 seconds
[2019-01-14T09:16:26.564+0000][6576][safepoint    ] Total time for which application threads were stopped: 0.0000510 seconds, Stopping threads took: 0.0000056 seconds
[2019-01-14T09:16:26.564+0000][6576][safepoint    ] Application time: 0.0003541 seconds
[2019-01-14T09:16:26.564+0000][6576][safepoint    ] Total time for which application threads were stopped: 0.0001046 seconds, Stopping threads took: 0.0000603 seconds
[2019-01-14T09:16:26.564+0000][6576][safepoint    ] Application time: 0.0000387 seconds
[2019-01-14T09:16:26.564+0000][6576][safepoint    ] Total time for which application threads were stopped: 0.0000353 seconds, Stopping threads took: 0.0000074 seconds
[2019-01-14T09:16:26.564+0000][6576][safepoint    ] Application time: 0.0000426 seconds
[2019-01-14T09:16:26.564+0000][6576][safepoint    ] Total time for which application threads were stopped: 0.0000303 seconds, Stopping threads took: 0.0000069 seconds
[2019-01-14T09:16:26.565+0000][6576][safepoint    ] Application time: 0.0003713 seconds
[2019-01-14T09:16:26.565+0000][6576][safepoint    ] Total time for which application threads were stopped: 0.0000471 seconds, Stopping threads took: 0.0000135 seconds
[2019-01-14T09:16:26.565+0000][6576][safepoint    ] Application time: 0.0002999 seconds
[2019-01-14T09:16:26.565+0000][6576][safepoint    ] Total time for which application threads were stopped: 0.0000489 seconds, Stopping threads took: 0.0000025 seconds
[2019-01-14T09:16:26.565+0000][6576][safepoint    ] Application time: 0.0000688 seconds
[2019-01-14T09:16:26.565+0000][6576][safepoint    ] Total time for which application threads were stopped: 0.0000286 seconds, Stopping threads took: 0.0000021 seconds
[2019-01-14T09:16:26.566+0000][6576][safepoint    ] Application time: 0.0002361 seconds
[2019-01-14T09:16:26.566+0000][6576][safepoint    ] Total time for which application threads were stopped: 0.0000278 seconds, Stopping threads took: 0.0000022 seconds
[2019-01-14T09:16:26.566+0000][6576][safepoint    ] Application time: 0.0002107 seconds
[2019-01-14T09:16:26.566+0000][6576][safepoint    ] Total time for which application threads were stopped: 0.0000264 seconds, Stopping threads took: 0.0000020 seconds
[2019-01-14T09:16:26.566+0000][6576][safepoint    ] Application time: 0.0002055 seconds
[2019-01-14T09:16:26.566+0000][6576][safepoint    ] Total time for which application threads were stopped: 0.0000311 seconds, Stopping threads took: 0.0000023 seconds
[2019-01-14T09:16:26.566+0000][6576][safepoint    ] Application time: 0.0000747 seconds
[2019-01-14T09:16:26.566+0000][6576][safepoint    ] Total time for which application threads were stopped: 0.0000279 seconds, Stopping threads took: 0.0000024 seconds
[2019-01-14T09:16:26.566+0000][6576][safepoint    ] Application time: 0.0000567 seconds
[2019-01-14T09:16:26.566+0000][6576][safepoint    ] Total time for which application threads were stopped: 0.0000261 seconds, Stopping threads took: 0.0000022 seconds
[2019-01-14T09:16:26.566+0000][6576][safepoint    ] Application time: 0.0000608 seconds
[2019-01-14T09:16:26.566+0000][6576][safepoint    ] Total time for which application threads were stopped: 0.0000251 seconds, Stopping threads took: 0.0000021 seconds
[2019-01-14T09:16:26.567+0000][6576][safepoint    ] Application time: 0.0000542 seconds
[2019-01-14T09:16:26.567+0000][6576][safepoint    ] Total time for which application threads were stopped: 0.0000250 seconds, Stopping threads took: 0.0000020 seconds
[2019-01-14T09:16:26.567+0000][6576][safepoint    ] Application time: 0.0000732 seconds
[2019-01-14T09:16:26.567+0000][6576][safepoint    ] Total time for which application threads were stopped: 0.0000353 seconds, Stopping threads took: 0.0000020 seconds
[2019-01-14T09:16:26.567+0000][6576][safepoint    ] Application time: 0.0000623 seconds
[2019-01-14T09:16:26.567+0000][6576][safepoint    ] Total time for which application threads were stopped: 0.0000236 seconds, Stopping threads took: 0.0000021 seconds
[2019-01-14T09:16:26.567+0000][6576][safepoint    ] Application time: 0.0000757 seconds
[2019-01-14T09:16:26.567+0000][6576][safepoint    ] Total time for which application threads were stopped: 0.0000243 seconds, Stopping threads took: 0.0000020 seconds
[2019-01-14T09:16:26.567+0000][6576][safepoint    ] Application time: 0.0001267 seconds
[2019-01-14T09:16:26.567+0000][6576][safepoint    ] Total time for which application threads were stopped: 0.0000376 seconds, Stopping threads took: 0.0000021 seconds
[2019-01-14T09:16:26.568+0000][6576][safepoint    ] Application time: 0.0004065 seconds
[2019-01-14T09:16:26.568+0000][6576][safepoint    ] Total time for which application threads were stopped: 0.0000280 seconds, Stopping threads took: 0.0000023 seconds
[2019-01-14T09:16:26.568+0000][6576][safepoint    ] Application time: 0.0000671 seconds
[2019-01-14T09:16:26.568+0000][6576][safepoint    ] Total time for which application threads were stopped: 0.0000365 seconds, Stopping threads took: 0.0000022 seconds
[2019-01-14T09:16:26.568+0000][6576][safepoint    ] Application time: 0.0000632 seconds
[2019-01-14T09:16:26.568+0000][6576][safepoint    ] Total time for which application threads were stopped: 0.0000253 seconds, Stopping threads took: 0.0000020 seconds
[2019-01-14T09:16:26.568+0000][6576][safepoint    ] Application time: 0.0001691 seconds
[2019-01-14T09:16:26.568+0000][6576][safepoint    ] Total time for which application threads were stopped: 0.0000547 seconds, Stopping threads took: 0.0000024 seconds
[2019-01-14T09:16:26.568+0000][6576][safepoint    ] Application time: 0.0001720 seconds
[2019-01-14T09:16:26.568+0000][6576][safepoint    ] Total time for which application threads were stopped: 0.0000250 seconds, Stopping threads took: 0.0000021 seconds
[2019-01-14T09:16:26.568+0000][6576][safepoint    ] Application time: 0.0001775 seconds
[2019-01-14T09:16:26.568+0000][6576][safepoint    ] Total time for which application threads were stopped: 0.0000258 seconds, Stopping threads took: 0.0000022 seconds
[2019-01-14T09:16:26.571+0000][6576][safepoint    ] Application time: 0.0028926 seconds
[2019-01-14T09:16:26.572+0000][6576][safepoint    ] Total time for which application threads were stopped: 0.0000974 seconds, Stopping threads took: 0.0000395 seconds
[2019-01-14T09:16:26.572+0000][6576][safepoint    ] Application time: 0.0002431 seconds
[2019-01-14T09:16:26.572+0000][6576][safepoint    ] Total time for which application threads were stopped: 0.0000656 seconds, Stopping threads took: 0.0000101 seconds
[2019-01-14T09:16:26.572+0000][6576][safepoint    ] Application time: 0.0000270 seconds
[2019-01-14T09:16:26.572+0000][6576][safepoint    ] Total time for which application threads were stopped: 0.0000401 seconds, Stopping threads took: 0.0000190 seconds
[2019-01-14T09:16:26.575+0000][6576][safepoint    ] Application time: 0.0029792 seconds
[2019-01-14T09:16:26.575+0000][6576][safepoint    ] Total time for which application threads were stopped: 0.0000929 seconds, Stopping threads took: 0.0000299 seconds
[2019-01-14T09:16:26.575+0000][6576][safepoint    ] Application time: 0.0002221 seconds
[2019-01-14T09:16:26.575+0000][6576][safepoint    ] Total time for which application threads were stopped: 0.0000342 seconds, Stopping threads took: 0.0000074 seconds
[2019-01-14T09:16:26.575+0000][6576][safepoint    ] Application time: 0.0000404 seconds
[2019-01-14T09:16:26.575+0000][6576][safepoint    ] Total time for which application threads were stopped: 0.0000651 seconds, Stopping threads took: 0.0000403 seconds
[2019-01-14T09:16:26.576+0000][6576][safepoint    ] Application time: 0.0006524 seconds
[2019-01-14T09:16:26.576+0000][6576][safepoint    ] Total time for which application threads were stopped: 0.0000614 seconds, Stopping threads took: 0.0000113 seconds
[2019-01-14T09:16:26.578+0000][6576][safepoint    ] Application time: 0.0017826 seconds
[2019-01-14T09:16:26.578+0000][6576][safepoint    ] Total time for which application threads were stopped: 0.0001185 seconds, Stopping threads took: 0.0000684 seconds
[2019-01-14T09:16:26.580+0000][6576][safepoint    ] Application time: 0.0013896 seconds
[2019-01-14T09:16:26.580+0000][6576][safepoint    ] Total time for which application threads were stopped: 0.0000587 seconds, Stopping threads took: 0.0000133 seconds
[2019-01-14T09:16:26.580+0000][6576][safepoint    ] Application time: 0.0000432 seconds
[2019-01-14T09:16:26.580+0000][6576][safepoint    ] Total time for which application threads were stopped: 0.0000332 seconds, Stopping threads took: 0.0000069 seconds
[2019-01-14T09:16:26.580+0000][6576][safepoint    ] Application time: 0.0000464 seconds
[2019-01-14T09:16:26.580+0000][6576][safepoint    ] Total time for which application threads were stopped: 0.0000299 seconds, Stopping threads took: 0.0000068 seconds
[2019-01-14T09:16:26.581+0000][6576][safepoint    ] Application time: 0.0014205 seconds
[2019-01-14T09:16:26.581+0000][6576][safepoint    ] Total time for which application threads were stopped: 0.0001057 seconds, Stopping threads took: 0.0000172 seconds
[2019-01-14T09:16:26.582+0000][6576][safepoint    ] Application time: 0.0002152 seconds
[2019-01-14T09:16:26.582+0000][6576][safepoint    ] Total time for which application threads were stopped: 0.0000972 seconds, Stopping threads took: 0.0000322 seconds
[2019-01-14T09:16:26.582+0000][6576][safepoint    ] Application time: 0.0001247 seconds
[2019-01-14T09:16:26.582+0000][6576][safepoint    ] Total time for which application threads were stopped: 0.0000543 seconds, Stopping threads took: 0.0000081 seconds
[2019-01-14T09:16:26.585+0000][6576][safepoint    ] Application time: 0.0031390 seconds
[2019-01-14T09:16:26.585+0000][6576][safepoint    ] Total time for which application threads were stopped: 0.0000611 seconds, Stopping threads took: 0.0000135 seconds
[2019-01-14T09:16:26.585+0000][6576][safepoint    ] Application time: 0.0001021 seconds
[2019-01-14T09:16:26.585+0000][6576][safepoint    ] Total time for which application threads were stopped: 0.0000311 seconds, Stopping threads took: 0.0000070 seconds
[2019-01-14T09:16:26.585+0000][6576][safepoint    ] Application time: 0.0000350 seconds
[2019-01-14T09:16:26.585+0000][6576][safepoint    ] Total time for which application threads were stopped: 0.0000273 seconds, Stopping threads took: 0.0000064 seconds
[2019-01-14T09:16:26.589+0000][6576][safepoint    ] Application time: 0.0034169 seconds
[2019-01-14T09:16:26.589+0000][6576][safepoint    ] Total time for which application threads were stopped: 0.0000562 seconds, Stopping threads took: 0.0000125 seconds
[2019-01-14T09:16:26.589+0000][6576][safepoint    ] Application time: 0.0002953 seconds
[2019-01-14T09:16:26.589+0000][6576][safepoint    ] Total time for which application threads were stopped: 0.0000390 seconds, Stopping threads took: 0.0000082 seconds
[2019-01-14T09:16:26.589+0000][6576][safepoint    ] Application time: 0.0000352 seconds
[2019-01-14T09:16:26.589+0000][6576][safepoint    ] Total time for which application threads were stopped: 0.0000282 seconds, Stopping threads took: 0.0000068 seconds
[2019-01-14T09:16:26.590+0000][6576][safepoint    ] Application time: 0.0004927 seconds
[2019-01-14T09:16:26.590+0000][6576][safepoint    ] Total time for which application threads were stopped: 0.0000361 seconds, Stopping threads took: 0.0000081 seconds
[2019-01-14T09:16:26.592+0000][6576][safepoint    ] Application time: 0.0021096 seconds
[2019-01-14T09:16:26.592+0000][6576][safepoint    ] Total time for which application threads were stopped: 0.0000656 seconds, Stopping threads took: 0.0000138 seconds
[2019-01-14T09:16:26.592+0000][6576][safepoint    ] Application time: 0.0001850 seconds
[2019-01-14T09:16:26.592+0000][6576][safepoint    ] Total time for which application threads were stopped: 0.0000454 seconds, Stopping threads took: 0.0000090 seconds
[2019-01-14T09:16:26.592+0000][6576][safepoint    ] Application time: 0.0000323 seconds
[2019-01-14T09:16:26.593+0000][6576][safepoint    ] Total time for which application threads were stopped: 0.0000795 seconds, Stopping threads took: 0.0000252 seconds
[2019-01-14T09:16:26.593+0000][6576][safepoint    ] Application time: 0.0000477 seconds
[2019-01-14T09:16:26.593+0000][6576][safepoint    ] Total time for which application threads were stopped: 0.0000424 seconds, Stopping threads took: 0.0000067 seconds
[2019-01-14T09:16:26.593+0000][6576][safepoint    ] Application time: 0.0007630 seconds
[2019-01-14T09:16:26.593+0000][6576][safepoint    ] Total time for which application threads were stopped: 0.0000421 seconds, Stopping threads took: 0.0000093 seconds
[2019-01-14T09:16:26.594+0000][6576][safepoint    ] Application time: 0.0000865 seconds
[2019-01-14T09:16:26.594+0000][6576][safepoint    ] Total time for which application threads were stopped: 0.0000338 seconds, Stopping threads took: 0.0000069 seconds
[2019-01-14T09:16:26.594+0000][6576][safepoint    ] Application time: 0.0000441 seconds
[2019-01-14T09:16:26.594+0000][6576][safepoint    ] Total time for which application threads were stopped: 0.0000342 seconds, Stopping threads took: 0.0000074 seconds
[2019-01-14T09:16:26.594+0000][6576][safepoint    ] Application time: 0.0007639 seconds
[2019-01-14T09:16:26.595+0000][6576][safepoint    ] Total time for which application threads were stopped: 0.0000290 seconds, Stopping threads took: 0.0000084 seconds
[2019-01-14T09:16:26.595+0000][6576][safepoint    ] Application time: 0.0005025 seconds
[2019-01-14T09:16:26.595+0000][6576][safepoint    ] Total time for which application threads were stopped: 0.0000403 seconds, Stopping threads took: 0.0000092 seconds
[2019-01-14T09:16:26.618+0000][6576][safepoint    ] Application time: 0.0231857 seconds
[2019-01-14T09:16:26.618+0000][6576][safepoint    ] Total time for which application threads were stopped: 0.0000441 seconds, Stopping threads took: 0.0000108 seconds
[2019-01-14T09:16:26.626+0000][6576][safepoint    ] Application time: 0.0079767 seconds
[2019-01-14T09:16:26.626+0000][6576][safepoint    ] Total time for which application threads were stopped: 0.0000347 seconds, Stopping threads took: 0.0000103 seconds
[2019-01-14T09:16:26.628+0000][6576][safepoint    ] Application time: 0.0015808 seconds
[2019-01-14T09:16:26.628+0000][6576][safepoint    ] Total time for which application threads were stopped: 0.0000377 seconds, Stopping threads took: 0.0000097 seconds
[2019-01-14T09:16:26.656+0000][6576][safepoint    ] Application time: 0.0277396 seconds
[2019-01-14T09:16:26.656+0000][6576][safepoint    ] Total time for which application threads were stopped: 0.0000629 seconds, Stopping threads took: 0.0000318 seconds
[2019-01-14T09:16:26.657+0000][6576][gc,heap,exit ] Heap
[2019-01-14T09:16:26.657+0000][6576][gc,heap,exit ]  par new generation   total 78656K, used 30968K [0x00000000f0000000, 0x00000000f5550000, 0x00000000f5550000)
[2019-01-14T09:16:26.657+0000][6576][gc,heap,exit ]   eden space 69952K,  42% used [0x00000000f0000000, 0x00000000f1cd2fb8, 0x00000000f4450000)
[2019-01-14T09:16:26.657+0000][6576][gc,heap,exit ]   from space 8704K,  16% used [0x00000000f4cd0000, 0x00000000f4e3b1d0, 0x00000000f5550000)
[2019-01-14T09:16:26.657+0000][6576][gc,heap,exit ]   to   space 8704K,   0% used [0x00000000f4450000, 0x00000000f4450000, 0x00000000f4cd0000)
[2019-01-14T09:16:26.657+0000][6576][gc,heap,exit ]  concurrent mark-sweep generation total 174784K, used 108101K [0x00000000f5550000, 0x0000000100000000, 0x0000000100000000)
[2019-01-14T09:16:26.657+0000][6576][gc,heap,exit ]  Metaspace       used 81250K, capacity 85746K, committed 86492K, reserved 1124352K
[2019-01-14T09:16:26.657+0000][6576][gc,heap,exit ]   class space    used 10080K, capacity 12125K, committed 12148K, reserved 1048576K
[2019-01-14T09:16:26.658+0000][6576][safepoint    ] Application time: 0.0015887 seconds
