[2019-01-14T09:17:19.016+0000][6948][gc] Using Concurrent Mark Sweep
[2019-01-14T09:17:19.016+0000][6948][gc,heap,coops] Heap address: 0x00000000f0000000, size: 256 MB, Compressed Oops mode: 32-bit
[2019-01-14T09:17:19.058+0000][6948][safepoint    ] Total time for which application threads were stopped: 0.0000287 seconds, Stopping threads took: 0.0000016 seconds
[2019-01-14T09:17:19.068+0000][6948][safepoint    ] Application time: 0.0096553 seconds
[2019-01-14T09:17:19.068+0000][6948][safepoint    ] Total time for which application threads were stopped: 0.0001527 seconds, Stopping threads took: 0.0001212 seconds
[2019-01-14T09:17:19.076+0000][6948][safepoint    ] Application time: 0.0075824 seconds
[2019-01-14T09:17:19.076+0000][6948][safepoint    ] Total time for which application threads were stopped: 0.0001458 seconds, Stopping threads took: 0.0001039 seconds
[2019-01-14T09:17:19.159+0000][6948][safepoint    ] Application time: 0.0827965 seconds
[2019-01-14T09:17:19.159+0000][6948][safepoint    ] Total time for which application threads were stopped: 0.0001997 seconds, Stopping threads took: 0.0000108 seconds
[2019-01-14T09:17:19.175+0000][6948][safepoint    ] Application time: 0.0160042 seconds
[2019-01-14T09:17:19.175+0000][6948][safepoint    ] Total time for which application threads were stopped: 0.0000418 seconds, Stopping threads took: 0.0000028 seconds
[2019-01-14T09:17:19.223+0000][6948][safepoint    ] Application time: 0.0475624 seconds
[2019-01-14T09:17:19.223+0000][6948][safepoint    ] Total time for which application threads were stopped: 0.0000546 seconds, Stopping threads took: 0.0000028 seconds
[2019-01-14T09:17:19.272+0000][6948][safepoint    ] Application time: 0.0492068 seconds
[2019-01-14T09:17:19.272+0000][6948][safepoint    ] Total time for which application threads were stopped: 0.0000589 seconds, Stopping threads took: 0.0000022 seconds
[2019-01-14T09:17:19.542+0000][6948][safepoint    ] Application time: 0.2698778 seconds
[2019-01-14T09:17:19.542+0000][6948][safepoint    ] Total time for which application threads were stopped: 0.0002032 seconds, Stopping threads took: 0.0000026 seconds
[2019-01-14T09:17:19.544+0000][6948][safepoint    ] Application time: 0.0022805 seconds
[2019-01-14T09:17:19.545+0000][6948][safepoint    ] Total time for which application threads were stopped: 0.0000945 seconds, Stopping threads took: 0.0000033 seconds
[2019-01-14T09:17:19.610+0000][6948][safepoint    ] Application time: 0.0657968 seconds
[2019-01-14T09:17:19.611+0000][6948][safepoint    ] Total time for which application threads were stopped: 0.0000985 seconds, Stopping threads took: 0.0000024 seconds
[2019-01-14T09:17:19.774+0000][6948][safepoint    ] Application time: 0.1632473 seconds
[2019-01-14T09:17:19.774+0000][6948][safepoint    ] Total time for which application threads were stopped: 0.0001824 seconds, Stopping threads took: 0.0000040 seconds
[2019-01-14T09:17:20.266+0000][6948][safepoint    ] Application time: 0.4914767 seconds
[2019-01-14T09:17:20.266+0000][6948][safepoint    ] Total time for which application threads were stopped: 0.0001711 seconds, Stopping threads took: 0.0000022 seconds
[2019-01-14T09:17:20.431+0000][6948][safepoint    ] Application time: 0.1652490 seconds
[2019-01-14T09:17:20.431+0000][6948][safepoint    ] Total time for which application threads were stopped: 0.0001619 seconds, Stopping threads took: 0.0000026 seconds
[2019-01-14T09:17:20.431+0000][6948][safepoint    ] Application time: 0.0002270 seconds
[2019-01-14T09:17:20.432+0000][6948][safepoint    ] Total time for which application threads were stopped: 0.0000753 seconds, Stopping threads took: 0.0000009 seconds
[2019-01-14T09:17:20.455+0000][6948][safepoint    ] Application time: 0.0235988 seconds
[2019-01-14T09:17:20.455+0000][6948][safepoint    ] Total time for which application threads were stopped: 0.0002316 seconds, Stopping threads took: 0.0000051 seconds
[2019-01-14T09:17:20.466+0000][6948][safepoint    ] Application time: 0.0104852 seconds
[2019-01-14T09:17:20.466+0000][6948][safepoint    ] Total time for which application threads were stopped: 0.0001469 seconds, Stopping threads took: 0.0000036 seconds
[2019-01-14T09:17:20.484+0000][6948][safepoint    ] Application time: 0.0175170 seconds
[2019-01-14T09:17:20.484+0000][6948][safepoint    ] Total time for which application threads were stopped: 0.0000672 seconds, Stopping threads took: 0.0000055 seconds
[2019-01-14T09:17:20.484+0000][6948][safepoint    ] Application time: 0.0001176 seconds
[2019-01-14T09:17:20.484+0000][6948][safepoint    ] Total time for which application threads were stopped: 0.0000440 seconds, Stopping threads took: 0.0000282 seconds
[2019-01-14T09:17:20.484+0000][6948][safepoint    ] Application time: 0.0001522 seconds
[2019-01-14T09:17:20.484+0000][6948][safepoint    ] Total time for which application threads were stopped: 0.0000535 seconds, Stopping threads took: 0.0000250 seconds
[2019-01-14T09:17:20.484+0000][6948][safepoint    ] Application time: 0.0001982 seconds
[2019-01-14T09:17:20.484+0000][6948][safepoint    ] Total time for which application threads were stopped: 0.0000852 seconds, Stopping threads took: 0.0000300 seconds
[2019-01-14T09:17:20.632+0000][6948][safepoint    ] Application time: 0.1476957 seconds
[2019-01-14T09:17:20.632+0000][6948][safepoint    ] Total time for which application threads were stopped: 0.0002156 seconds, Stopping threads took: 0.0000032 seconds
[2019-01-14T09:17:20.671+0000][6948][safepoint    ] Application time: 0.0385473 seconds
[2019-01-14T09:17:20.671+0000][6948][safepoint    ] Total time for which application threads were stopped: 0.0001607 seconds, Stopping threads took: 0.0000165 seconds
[2019-01-14T09:17:20.745+0000][6948][safepoint    ] Application time: 0.0737960 seconds
[2019-01-14T09:17:20.745+0000][6948][gc,start     ] GC(0) Pause Young (Allocation Failure)
[2019-01-14T09:17:20.745+0000][6948][gc,task      ] GC(0) Using 2 workers of 2 for evacuation
[2019-01-14T09:17:20.752+0000][6948][gc,age       ] GC(0) Desired survivor size 4456448 bytes, new threshold 1 (max threshold 6)
[2019-01-14T09:17:20.752+0000][6948][gc,age       ] GC(0) Age table with threshold 1 (max threshold 6)
[2019-01-14T09:17:20.752+0000][6948][gc,age       ] GC(0) - age   1:    6435584 bytes,    6435584 total
[2019-01-14T09:17:20.752+0000][6948][gc,heap      ] GC(0) ParNew: 69952K->6336K(78656K)
[2019-01-14T09:17:20.752+0000][6948][gc,heap      ] GC(0) CMS: 0K->0K(174784K)
[2019-01-14T09:17:20.752+0000][6948][gc,metaspace ] GC(0) Metaspace: 21240K->21240K(1069056K)
[2019-01-14T09:17:20.752+0000][6948][gc           ] GC(0) Pause Young (Allocation Failure) 68M->6M(247M) 7.384ms
[2019-01-14T09:17:20.752+0000][6948][gc,cpu       ] GC(0) User=0.01s Sys=0.00s Real=0.01s
[2019-01-14T09:17:20.752+0000][6948][safepoint    ] Total time for which application threads were stopped: 0.0074713 seconds, Stopping threads took: 0.0000100 seconds
[2019-01-14T09:17:20.754+0000][6948][safepoint    ] Application time: 0.0013632 seconds
[2019-01-14T09:17:20.754+0000][6948][gc,start     ] GC(1) Pause Initial Mark
[2019-01-14T09:17:20.757+0000][6948][gc           ] GC(1) Pause Initial Mark 8M->8M(247M) 3.040ms
[2019-01-14T09:17:20.757+0000][6948][gc,cpu       ] GC(1) User=0.00s Sys=0.00s Real=0.00s
[2019-01-14T09:17:20.757+0000][6948][safepoint    ] Total time for which application threads were stopped: 0.0031478 seconds, Stopping threads took: 0.0000273 seconds
[2019-01-14T09:17:20.757+0000][6948][gc           ] GC(1) Concurrent Mark
[2019-01-14T09:17:20.758+0000][6948][gc           ] GC(1) Concurrent Mark 0.795ms
[2019-01-14T09:17:20.758+0000][6948][gc,cpu       ] GC(1) User=0.00s Sys=0.00s Real=0.00s
[2019-01-14T09:17:20.758+0000][6948][gc           ] GC(1) Concurrent Preclean
[2019-01-14T09:17:20.758+0000][6948][gc           ] GC(1) Concurrent Preclean 0.290ms
[2019-01-14T09:17:20.758+0000][6948][gc,cpu       ] GC(1) User=0.00s Sys=0.00s Real=0.00s
[2019-01-14T09:17:20.758+0000][6948][gc           ] GC(1) Concurrent Abortable Preclean
[2019-01-14T09:17:20.763+0000][6948][safepoint    ] Application time: 0.0059943 seconds
[2019-01-14T09:17:20.763+0000][6948][safepoint    ] Total time for which application threads were stopped: 0.0003640 seconds, Stopping threads took: 0.0003265 seconds
[2019-01-14T09:17:20.769+0000][6948][safepoint    ] Application time: 0.0058408 seconds
[2019-01-14T09:17:20.769+0000][6948][safepoint    ] Total time for which application threads were stopped: 0.0000439 seconds, Stopping threads took: 0.0000204 seconds
[2019-01-14T09:17:20.774+0000][6948][safepoint    ] Application time: 0.0049965 seconds
[2019-01-14T09:17:20.775+0000][6948][safepoint    ] Total time for which application threads were stopped: 0.0001937 seconds, Stopping threads took: 0.0000274 seconds
[2019-01-14T09:17:20.816+0000][6948][safepoint    ] Application time: 0.0414324 seconds
[2019-01-14T09:17:20.816+0000][6948][safepoint    ] Total time for which application threads were stopped: 0.0001573 seconds, Stopping threads took: 0.0000034 seconds
[2019-01-14T09:17:20.835+0000][6948][safepoint    ] Application time: 0.0184187 seconds
[2019-01-14T09:17:20.835+0000][6948][safepoint    ] Total time for which application threads were stopped: 0.0002260 seconds, Stopping threads took: 0.0000033 seconds
[2019-01-14T09:17:20.861+0000][6948][safepoint    ] Application time: 0.0261904 seconds
[2019-01-14T09:17:20.861+0000][6948][safepoint    ] Total time for which application threads were stopped: 0.0001993 seconds, Stopping threads took: 0.0000046 seconds
[2019-01-14T09:17:20.884+0000][6948][safepoint    ] Application time: 0.0220813 seconds
[2019-01-14T09:17:20.884+0000][6948][safepoint    ] Total time for which application threads were stopped: 0.0001464 seconds, Stopping threads took: 0.0000035 seconds
[2019-01-14T09:17:21.008+0000][6948][safepoint    ] Application time: 0.1238977 seconds
[2019-01-14T09:17:21.008+0000][6948][safepoint    ] Total time for which application threads were stopped: 0.0000921 seconds, Stopping threads took: 0.0000286 seconds
[2019-01-14T09:17:21.025+0000][6948][safepoint    ] Application time: 0.0167642 seconds
[2019-01-14T09:17:21.025+0000][6948][safepoint    ] Total time for which application threads were stopped: 0.0001729 seconds, Stopping threads took: 0.0000787 seconds
[2019-01-14T09:17:21.042+0000][6948][safepoint    ] Application time: 0.0174666 seconds
[2019-01-14T09:17:21.042+0000][6948][safepoint    ] Total time for which application threads were stopped: 0.0000572 seconds, Stopping threads took: 0.0000148 seconds
[2019-01-14T09:17:21.042+0000][6948][gc           ] GC(1) Concurrent Abortable Preclean 284.073ms
[2019-01-14T09:17:21.042+0000][6948][gc,cpu       ] GC(1) User=0.47s Sys=0.05s Real=0.29s
[2019-01-14T09:17:21.043+0000][6948][safepoint    ] Application time: 0.0005455 seconds
[2019-01-14T09:17:21.043+0000][6948][gc,start     ] GC(1) Pause Remark
[2019-01-14T09:17:21.058+0000][6948][gc           ] GC(1) Pause Remark 41M->41M(247M) 15.052ms
[2019-01-14T09:17:21.058+0000][6948][gc,cpu       ] GC(1) User=0.02s Sys=0.00s Real=0.01s
[2019-01-14T09:17:21.058+0000][6948][safepoint    ] Total time for which application threads were stopped: 0.0151274 seconds, Stopping threads took: 0.0000026 seconds
[2019-01-14T09:17:21.058+0000][6948][gc           ] GC(1) Concurrent Sweep
[2019-01-14T09:17:21.058+0000][6948][gc           ] GC(1) Concurrent Sweep 0.025ms
[2019-01-14T09:17:21.058+0000][6948][gc,cpu       ] GC(1) User=0.00s Sys=0.00s Real=0.00s
[2019-01-14T09:17:21.058+0000][6948][gc           ] GC(1) Concurrent Reset
[2019-01-14T09:17:21.058+0000][6948][gc           ] GC(1) Concurrent Reset 0.187ms
[2019-01-14T09:17:21.058+0000][6948][gc,cpu       ] GC(1) User=0.00s Sys=0.00s Real=0.00s
[2019-01-14T09:17:21.058+0000][6948][gc,heap      ] GC(1) Old: 0K->0K(174784K)
[2019-01-14T09:17:21.147+0000][6948][safepoint    ] Application time: 0.0893375 seconds
[2019-01-14T09:17:21.147+0000][6948][gc,start     ] GC(2) Pause Young (Allocation Failure)
[2019-01-14T09:17:21.147+0000][6948][gc,task      ] GC(2) Using 2 workers of 2 for evacuation
[2019-01-14T09:17:21.172+0000][6948][gc,age       ] GC(2) Desired survivor size 4456448 bytes, new threshold 6 (max threshold 6)
[2019-01-14T09:17:21.172+0000][6948][gc,age       ] GC(2) Age table with threshold 6 (max threshold 6)
[2019-01-14T09:17:21.172+0000][6948][gc,age       ] GC(2) - age   1:    1632832 bytes,    1632832 total
[2019-01-14T09:17:21.172+0000][6948][gc,heap      ] GC(2) ParNew: 76288K->4212K(78656K)
[2019-01-14T09:17:21.172+0000][6948][gc,heap      ] GC(2) CMS: 0K->6841K(174784K)
[2019-01-14T09:17:21.172+0000][6948][gc,metaspace ] GC(2) Metaspace: 23135K->23135K(1071104K)
[2019-01-14T09:17:21.172+0000][6948][gc           ] GC(2) Pause Young (Allocation Failure) 74M->10M(247M) 24.331ms
[2019-01-14T09:17:21.172+0000][6948][gc,cpu       ] GC(2) User=0.05s Sys=0.00s Real=0.02s
[2019-01-14T09:17:21.172+0000][6948][safepoint    ] Total time for which application threads were stopped: 0.0244575 seconds, Stopping threads took: 0.0000099 seconds
[2019-01-14T09:17:21.274+0000][6948][safepoint    ] Application time: 0.1023845 seconds
[2019-01-14T09:17:21.274+0000][6948][gc,start     ] GC(3) Pause Young (Allocation Failure)
[2019-01-14T09:17:21.274+0000][6948][gc,task      ] GC(3) Using 2 workers of 2 for evacuation
[2019-01-14T09:17:21.276+0000][6948][gc,age       ] GC(3) Desired survivor size 4456448 bytes, new threshold 6 (max threshold 6)
[2019-01-14T09:17:21.276+0000][6948][gc,age       ] GC(3) Age table with threshold 6 (max threshold 6)
[2019-01-14T09:17:21.276+0000][6948][gc,age       ] GC(3) - age   1:     270112 bytes,     270112 total
[2019-01-14T09:17:21.276+0000][6948][gc,age       ] GC(3) - age   2:     538056 bytes,     808168 total
[2019-01-14T09:17:21.276+0000][6948][gc,heap      ] GC(3) ParNew: 74164K->1451K(78656K)
[2019-01-14T09:17:21.276+0000][6948][gc,heap      ] GC(3) CMS: 6841K->6841K(174784K)
[2019-01-14T09:17:21.276+0000][6948][gc,metaspace ] GC(3) Metaspace: 23215K->23215K(1071104K)
[2019-01-14T09:17:21.276+0000][6948][gc           ] GC(3) Pause Young (Allocation Failure) 79M->8M(247M) 1.599ms
[2019-01-14T09:17:21.276+0000][6948][gc,cpu       ] GC(3) User=0.00s Sys=0.00s Real=0.00s
[2019-01-14T09:17:21.276+0000][6948][safepoint    ] Total time for which application threads were stopped: 0.0016962 seconds, Stopping threads took: 0.0000139 seconds
[2019-01-14T09:17:21.375+0000][6948][safepoint    ] Application time: 0.0990969 seconds
[2019-01-14T09:17:21.375+0000][6948][safepoint    ] Total time for which application threads were stopped: 0.0003152 seconds, Stopping threads took: 0.0000102 seconds
[2019-01-14T09:17:21.446+0000][6948][safepoint    ] Application time: 0.0705693 seconds
[2019-01-14T09:17:21.446+0000][6948][safepoint    ] Total time for which application threads were stopped: 0.0003239 seconds, Stopping threads took: 0.0000106 seconds
[2019-01-14T09:17:21.577+0000][6948][safepoint    ] Application time: 0.1306734 seconds
[2019-01-14T09:17:21.577+0000][6948][gc,start     ] GC(4) Pause Young (Allocation Failure)
[2019-01-14T09:17:21.577+0000][6948][gc,task      ] GC(4) Using 2 workers of 2 for evacuation
[2019-01-14T09:17:21.581+0000][6948][gc,age       ] GC(4) Desired survivor size 4456448 bytes, new threshold 6 (max threshold 6)
[2019-01-14T09:17:21.581+0000][6948][gc,age       ] GC(4) Age table with threshold 6 (max threshold 6)
[2019-01-14T09:17:21.581+0000][6948][gc,age       ] GC(4) - age   1:    2752352 bytes,    2752352 total
[2019-01-14T09:17:21.581+0000][6948][gc,age       ] GC(4) - age   2:     259016 bytes,    3011368 total
[2019-01-14T09:17:21.581+0000][6948][gc,age       ] GC(4) - age   3:     537104 bytes,    3548472 total
[2019-01-14T09:17:21.581+0000][6948][gc,heap      ] GC(4) ParNew: 71403K->3796K(78656K)
[2019-01-14T09:17:21.581+0000][6948][gc,heap      ] GC(4) CMS: 6841K->6841K(174784K)
[2019-01-14T09:17:21.581+0000][6948][gc,metaspace ] GC(4) Metaspace: 25894K->25894K(1073152K)
[2019-01-14T09:17:21.581+0000][6948][gc           ] GC(4) Pause Young (Allocation Failure) 76M->10M(247M) 4.191ms
[2019-01-14T09:17:21.581+0000][6948][gc,cpu       ] GC(4) User=0.00s Sys=0.00s Real=0.01s
[2019-01-14T09:17:21.581+0000][6948][safepoint    ] Total time for which application threads were stopped: 0.0043261 seconds, Stopping threads took: 0.0000040 seconds
[2019-01-14T09:17:21.582+0000][6948][safepoint    ] Application time: 0.0003152 seconds
[2019-01-14T09:17:21.582+0000][6948][safepoint    ] Total time for which application threads were stopped: 0.0001084 seconds, Stopping threads took: 0.0000216 seconds
[2019-01-14T09:17:21.582+0000][6948][safepoint    ] Application time: 0.0000365 seconds
[2019-01-14T09:17:21.582+0000][6948][safepoint    ] Total time for which application threads were stopped: 0.0000380 seconds, Stopping threads took: 0.0000016 seconds
[2019-01-14T09:17:21.582+0000][6948][safepoint    ] Application time: 0.0000622 seconds
[2019-01-14T09:17:21.582+0000][6948][safepoint    ] Total time for which application threads were stopped: 0.0000278 seconds, Stopping threads took: 0.0000007 seconds
[2019-01-14T09:17:21.582+0000][6948][safepoint    ] Application time: 0.0000119 seconds
[2019-01-14T09:17:21.582+0000][6948][safepoint    ] Total time for which application threads were stopped: 0.0000255 seconds, Stopping threads took: 0.0000005 seconds
[2019-01-14T09:17:21.582+0000][6948][safepoint    ] Application time: 0.0000135 seconds
[2019-01-14T09:17:21.582+0000][6948][safepoint    ] Total time for which application threads were stopped: 0.0000251 seconds, Stopping threads took: 0.0000007 seconds
[2019-01-14T09:17:21.582+0000][6948][safepoint    ] Application time: 0.0000133 seconds
[2019-01-14T09:17:21.582+0000][6948][safepoint    ] Total time for which application threads were stopped: 0.0000247 seconds, Stopping threads took: 0.0000006 seconds
[2019-01-14T09:17:21.582+0000][6948][safepoint    ] Application time: 0.0000112 seconds
[2019-01-14T09:17:21.582+0000][6948][safepoint    ] Total time for which application threads were stopped: 0.0000246 seconds, Stopping threads took: 0.0000005 seconds
[2019-01-14T09:17:21.582+0000][6948][safepoint    ] Application time: 0.0000131 seconds
[2019-01-14T09:17:21.582+0000][6948][safepoint    ] Total time for which application threads were stopped: 0.0000593 seconds, Stopping threads took: 0.0000005 seconds
[2019-01-14T09:17:21.582+0000][6948][safepoint    ] Application time: 0.0000315 seconds
[2019-01-14T09:17:21.582+0000][6948][safepoint    ] Total time for which application threads were stopped: 0.0000281 seconds, Stopping threads took: 0.0000005 seconds
[2019-01-14T09:17:21.582+0000][6948][safepoint    ] Application time: 0.0000156 seconds
[2019-01-14T09:17:21.582+0000][6948][safepoint    ] Total time for which application threads were stopped: 0.0000250 seconds, Stopping threads took: 0.0000005 seconds
[2019-01-14T09:17:21.582+0000][6948][safepoint    ] Application time: 0.0000111 seconds
[2019-01-14T09:17:21.582+0000][6948][safepoint    ] Total time for which application threads were stopped: 0.0000246 seconds, Stopping threads took: 0.0000006 seconds
[2019-01-14T09:17:21.582+0000][6948][safepoint    ] Application time: 0.0000127 seconds
[2019-01-14T09:17:21.583+0000][6948][safepoint    ] Total time for which application threads were stopped: 0.0000244 seconds, Stopping threads took: 0.0000006 seconds
[2019-01-14T09:17:21.583+0000][6948][safepoint    ] Application time: 0.0000110 seconds
[2019-01-14T09:17:21.583+0000][6948][safepoint    ] Total time for which application threads were stopped: 0.0000256 seconds, Stopping threads took: 0.0000006 seconds
[2019-01-14T09:17:21.583+0000][6948][safepoint    ] Application time: 0.0000129 seconds
[2019-01-14T09:17:21.583+0000][6948][safepoint    ] Total time for which application threads were stopped: 0.0000249 seconds, Stopping threads took: 0.0000007 seconds
[2019-01-14T09:17:21.583+0000][6948][safepoint    ] Application time: 0.0000112 seconds
[2019-01-14T09:17:21.583+0000][6948][safepoint    ] Total time for which application threads were stopped: 0.0000244 seconds, Stopping threads took: 0.0000005 seconds
[2019-01-14T09:17:21.583+0000][6948][safepoint    ] Application time: 0.0000132 seconds
[2019-01-14T09:17:21.583+0000][6948][safepoint    ] Total time for which application threads were stopped: 0.0000257 seconds, Stopping threads took: 0.0000005 seconds
[2019-01-14T09:17:21.583+0000][6948][safepoint    ] Application time: 0.0000117 seconds
[2019-01-14T09:17:21.583+0000][6948][safepoint    ] Total time for which application threads were stopped: 0.0000616 seconds, Stopping threads took: 0.0000005 seconds
[2019-01-14T09:17:21.598+0000][6948][safepoint    ] Application time: 0.0147184 seconds
[2019-01-14T09:17:21.598+0000][6948][safepoint    ] Total time for which application threads were stopped: 0.0000703 seconds, Stopping threads took: 0.0000105 seconds
[2019-01-14T09:17:21.768+0000][6948][safepoint    ] Application time: 0.1706043 seconds
[2019-01-14T09:17:21.768+0000][6948][gc,start     ] GC(5) Pause Young (Allocation Failure)
[2019-01-14T09:17:21.768+0000][6948][gc,task      ] GC(5) Using 2 workers of 2 for evacuation
[2019-01-14T09:17:21.774+0000][6948][gc,age       ] GC(5) Desired survivor size 4456448 bytes, new threshold 2 (max threshold 6)
[2019-01-14T09:17:21.774+0000][6948][gc,age       ] GC(5) Age table with threshold 2 (max threshold 6)
[2019-01-14T09:17:21.774+0000][6948][gc,age       ] GC(5) - age   1:    1986416 bytes,    1986416 total
[2019-01-14T09:17:21.774+0000][6948][gc,age       ] GC(5) - age   2:    2720816 bytes,    4707232 total
[2019-01-14T09:17:21.774+0000][6948][gc,age       ] GC(5) - age   3:     258792 bytes,    4966024 total
[2019-01-14T09:17:21.774+0000][6948][gc,age       ] GC(5) - age   4:     537192 bytes,    5503216 total
[2019-01-14T09:17:21.774+0000][6948][gc,heap      ] GC(5) ParNew: 73748K->6723K(78656K)
[2019-01-14T09:17:21.774+0000][6948][gc,heap      ] GC(5) CMS: 6841K->6841K(174784K)
[2019-01-14T09:17:21.774+0000][6948][gc,metaspace ] GC(5) Metaspace: 26907K->26907K(1075200K)
[2019-01-14T09:17:21.774+0000][6948][gc           ] GC(5) Pause Young (Allocation Failure) 78M->13M(247M) 5.725ms
[2019-01-14T09:17:21.774+0000][6948][gc,cpu       ] GC(5) User=0.01s Sys=0.00s Real=0.01s
[2019-01-14T09:17:21.774+0000][6948][safepoint    ] Total time for which application threads were stopped: 0.0058729 seconds, Stopping threads took: 0.0000130 seconds
[2019-01-14T09:17:21.870+0000][6948][safepoint    ] Application time: 0.0955171 seconds
[2019-01-14T09:17:21.870+0000][6948][safepoint    ] Total time for which application threads were stopped: 0.0004689 seconds, Stopping threads took: 0.0000130 seconds
[2019-01-14T09:17:21.958+0000][6948][safepoint    ] Application time: 0.0882177 seconds
[2019-01-14T09:17:21.959+0000][6948][gc,start     ] GC(6) Pause Young (Allocation Failure)
[2019-01-14T09:17:21.959+0000][6948][gc,task      ] GC(6) Using 2 workers of 2 for evacuation
[2019-01-14T09:17:21.966+0000][6948][gc,age       ] GC(6) Desired survivor size 4456448 bytes, new threshold 6 (max threshold 6)
[2019-01-14T09:17:21.966+0000][6948][gc,age       ] GC(6) Age table with threshold 6 (max threshold 6)
[2019-01-14T09:17:21.966+0000][6948][gc,age       ] GC(6) - age   1:    2639000 bytes,    2639000 total
[2019-01-14T09:17:21.966+0000][6948][gc,age       ] GC(6) - age   2:     698128 bytes,    3337128 total
[2019-01-14T09:17:21.966+0000][6948][gc,heap      ] GC(6) ParNew: 76675K->4584K(78656K)
[2019-01-14T09:17:21.966+0000][6948][gc,heap      ] GC(6) CMS: 6841K->10310K(174784K)
[2019-01-14T09:17:21.966+0000][6948][gc,metaspace ] GC(6) Metaspace: 27148K->27148K(1075200K)
[2019-01-14T09:17:21.966+0000][6948][gc           ] GC(6) Pause Young (Allocation Failure) 81M->14M(247M) 7.799ms
[2019-01-14T09:17:21.966+0000][6948][gc,cpu       ] GC(6) User=0.02s Sys=0.00s Real=0.01s
[2019-01-14T09:17:21.966+0000][6948][safepoint    ] Total time for which application threads were stopped: 0.0078925 seconds, Stopping threads took: 0.0000116 seconds
[2019-01-14T09:17:22.125+0000][6948][safepoint    ] Application time: 0.1581918 seconds
[2019-01-14T09:17:22.125+0000][6948][gc,start     ] GC(7) Pause Young (Allocation Failure)
[2019-01-14T09:17:22.125+0000][6948][gc,task      ] GC(7) Using 2 workers of 2 for evacuation
[2019-01-14T09:17:22.131+0000][6948][gc,age       ] GC(7) Desired survivor size 4456448 bytes, new threshold 6 (max threshold 6)
[2019-01-14T09:17:22.131+0000][6948][gc,age       ] GC(7) Age table with threshold 6 (max threshold 6)
[2019-01-14T09:17:22.131+0000][6948][gc,age       ] GC(7) - age   1:    1927792 bytes,    1927792 total
[2019-01-14T09:17:22.131+0000][6948][gc,age       ] GC(7) - age   2:    1822008 bytes,    3749800 total
[2019-01-14T09:17:22.132+0000][6948][gc,age       ] GC(7) - age   3:     698000 bytes,    4447800 total
[2019-01-14T09:17:22.132+0000][6948][gc,heap      ] GC(7) ParNew: 74536K->7181K(78656K)
[2019-01-14T09:17:22.132+0000][6948][gc,heap      ] GC(7) CMS: 10310K->10310K(174784K)
[2019-01-14T09:17:22.132+0000][6948][gc,metaspace ] GC(7) Metaspace: 27392K->27392K(1075200K)
[2019-01-14T09:17:22.132+0000][6948][gc           ] GC(7) Pause Young (Allocation Failure) 82M->17M(247M) 6.946ms
[2019-01-14T09:17:22.132+0000][6948][gc,cpu       ] GC(7) User=0.01s Sys=0.00s Real=0.00s
[2019-01-14T09:17:22.132+0000][6948][safepoint    ] Total time for which application threads were stopped: 0.0071863 seconds, Stopping threads took: 0.0000140 seconds
[2019-01-14T09:17:22.232+0000][6948][safepoint    ] Application time: 0.1004320 seconds
[2019-01-14T09:17:22.232+0000][6948][gc,start     ] GC(8) Pause Young (Allocation Failure)
[2019-01-14T09:17:22.232+0000][6948][gc,task      ] GC(8) Using 2 workers of 2 for evacuation
[2019-01-14T09:17:22.245+0000][6948][gc,age       ] GC(8) Desired survivor size 4456448 bytes, new threshold 3 (max threshold 6)
[2019-01-14T09:17:22.245+0000][6948][gc,age       ] GC(8) Age table with threshold 3 (max threshold 6)
[2019-01-14T09:17:22.245+0000][6948][gc,age       ] GC(8) - age   1:    1935520 bytes,    1935520 total
[2019-01-14T09:17:22.245+0000][6948][gc,age       ] GC(8) - age   2:     802304 bytes,    2737824 total
[2019-01-14T09:17:22.245+0000][6948][gc,age       ] GC(8) - age   3:    1822008 bytes,    4559832 total
[2019-01-14T09:17:22.245+0000][6948][gc,age       ] GC(8) - age   4:     698000 bytes,    5257832 total
[2019-01-14T09:17:22.245+0000][6948][gc,heap      ] GC(8) ParNew: 77133K->6232K(78656K)
[2019-01-14T09:17:22.245+0000][6948][gc,heap      ] GC(8) CMS: 10310K->10310K(174784K)
[2019-01-14T09:17:22.245+0000][6948][gc,metaspace ] GC(8) Metaspace: 27681K->27681K(1075200K)
[2019-01-14T09:17:22.245+0000][6948][gc           ] GC(8) Pause Young (Allocation Failure) 85M->16M(247M) 12.733ms
[2019-01-14T09:17:22.245+0000][6948][gc,cpu       ] GC(8) User=0.02s Sys=0.00s Real=0.01s
[2019-01-14T09:17:22.245+0000][6948][safepoint    ] Total time for which application threads were stopped: 0.0128228 seconds, Stopping threads took: 0.0000053 seconds
[2019-01-14T09:17:22.366+0000][6948][safepoint    ] Application time: 0.1212181 seconds
[2019-01-14T09:17:22.366+0000][6948][gc,start     ] GC(9) Pause Young (Allocation Failure)
[2019-01-14T09:17:22.366+0000][6948][gc,task      ] GC(9) Using 2 workers of 2 for evacuation
[2019-01-14T09:17:22.377+0000][6948][gc,age       ] GC(9) Desired survivor size 4456448 bytes, new threshold 6 (max threshold 6)
[2019-01-14T09:17:22.377+0000][6948][gc,age       ] GC(9) Age table with threshold 6 (max threshold 6)
[2019-01-14T09:17:22.377+0000][6948][gc,age       ] GC(9) - age   1:     562128 bytes,     562128 total
[2019-01-14T09:17:22.377+0000][6948][gc,age       ] GC(9) - age   2:    1119600 bytes,    1681728 total
[2019-01-14T09:17:22.377+0000][6948][gc,age       ] GC(9) - age   3:     802112 bytes,    2483840 total
[2019-01-14T09:17:22.377+0000][6948][gc,heap      ] GC(9) ParNew: 76184K->4889K(78656K)
[2019-01-14T09:17:22.377+0000][6948][gc,heap      ] GC(9) CMS: 10310K->12796K(174784K)
[2019-01-14T09:17:22.377+0000][6948][gc,metaspace ] GC(9) Metaspace: 28355K->28355K(1075200K)
[2019-01-14T09:17:22.377+0000][6948][gc           ] GC(9) Pause Young (Allocation Failure) 84M->17M(247M) 10.307ms
[2019-01-14T09:17:22.377+0000][6948][gc,cpu       ] GC(9) User=0.02s Sys=0.00s Real=0.01s
[2019-01-14T09:17:22.377+0000][6948][safepoint    ] Total time for which application threads were stopped: 0.0104028 seconds, Stopping threads took: 0.0000035 seconds
[2019-01-14T09:17:22.377+0000][6948][safepoint    ] Application time: 0.0001678 seconds
[2019-01-14T09:17:22.377+0000][6948][safepoint    ] Total time for which application threads were stopped: 0.0000767 seconds, Stopping threads took: 0.0000229 seconds
[2019-01-14T09:17:22.377+0000][6948][safepoint    ] Application time: 0.0000327 seconds
[2019-01-14T09:17:22.377+0000][6948][safepoint    ] Total time for which application threads were stopped: 0.0001270 seconds, Stopping threads took: 0.0000694 seconds
[2019-01-14T09:17:22.377+0000][6948][safepoint    ] Application time: 0.0000354 seconds
[2019-01-14T09:17:22.377+0000][6948][safepoint    ] Total time for which application threads were stopped: 0.0000606 seconds, Stopping threads took: 0.0000315 seconds
[2019-01-14T09:17:22.377+0000][6948][safepoint    ] Application time: 0.0000282 seconds
[2019-01-14T09:17:22.377+0000][6948][safepoint    ] Total time for which application threads were stopped: 0.0000538 seconds, Stopping threads took: 0.0000262 seconds
[2019-01-14T09:17:22.377+0000][6948][safepoint    ] Application time: 0.0000312 seconds
[2019-01-14T09:17:22.378+0000][6948][safepoint    ] Total time for which application threads were stopped: 0.0000492 seconds, Stopping threads took: 0.0000253 seconds
[2019-01-14T09:17:22.378+0000][6948][safepoint    ] Application time: 0.0000278 seconds
[2019-01-14T09:17:22.378+0000][6948][safepoint    ] Total time for which application threads were stopped: 0.0000644 seconds, Stopping threads took: 0.0000268 seconds
[2019-01-14T09:17:22.378+0000][6948][safepoint    ] Application time: 0.0000304 seconds
[2019-01-14T09:17:22.378+0000][6948][safepoint    ] Total time for which application threads were stopped: 0.0000442 seconds, Stopping threads took: 0.0000228 seconds
[2019-01-14T09:17:22.378+0000][6948][safepoint    ] Application time: 0.0000310 seconds
[2019-01-14T09:17:22.378+0000][6948][safepoint    ] Total time for which application threads were stopped: 0.0000442 seconds, Stopping threads took: 0.0000123 seconds
[2019-01-14T09:17:22.378+0000][6948][safepoint    ] Application time: 0.0000281 seconds
[2019-01-14T09:17:22.378+0000][6948][safepoint    ] Total time for which application threads were stopped: 0.0000362 seconds, Stopping threads took: 0.0000100 seconds
[2019-01-14T09:17:22.378+0000][6948][safepoint    ] Application time: 0.0000308 seconds
[2019-01-14T09:17:22.378+0000][6948][safepoint    ] Total time for which application threads were stopped: 0.0000382 seconds, Stopping threads took: 0.0000130 seconds
[2019-01-14T09:17:22.378+0000][6948][safepoint    ] Application time: 0.0000280 seconds
[2019-01-14T09:17:22.378+0000][6948][safepoint    ] Total time for which application threads were stopped: 0.0000378 seconds, Stopping threads took: 0.0000103 seconds
[2019-01-14T09:17:22.378+0000][6948][safepoint    ] Application time: 0.0000311 seconds
[2019-01-14T09:17:22.378+0000][6948][safepoint    ] Total time for which application threads were stopped: 0.0000437 seconds, Stopping threads took: 0.0000024 seconds
[2019-01-14T09:17:22.378+0000][6948][safepoint    ] Application time: 0.0000278 seconds
[2019-01-14T09:17:22.378+0000][6948][safepoint    ] Total time for which application threads were stopped: 0.0000247 seconds, Stopping threads took: 0.0000018 seconds
[2019-01-14T09:17:22.470+0000][6948][safepoint    ] Application time: 0.0913250 seconds
[2019-01-14T09:17:22.470+0000][6948][gc,start     ] GC(10) Pause Young (Allocation Failure)
[2019-01-14T09:17:22.470+0000][6948][gc,task      ] GC(10) Using 2 workers of 2 for evacuation
[2019-01-14T09:17:22.474+0000][6948][gc,age       ] GC(10) Desired survivor size 4456448 bytes, new threshold 6 (max threshold 6)
[2019-01-14T09:17:22.474+0000][6948][gc,age       ] GC(10) Age table with threshold 6 (max threshold 6)
[2019-01-14T09:17:22.474+0000][6948][gc,age       ] GC(10) - age   1:     822304 bytes,     822304 total
[2019-01-14T09:17:22.474+0000][6948][gc,age       ] GC(10) - age   2:     547312 bytes,    1369616 total
[2019-01-14T09:17:22.474+0000][6948][gc,age       ] GC(10) - age   3:    1119600 bytes,    2489216 total
[2019-01-14T09:17:22.474+0000][6948][gc,age       ] GC(10) - age   4:     802112 bytes,    3291328 total
[2019-01-14T09:17:22.474+0000][6948][gc,heap      ] GC(10) ParNew: 74841K->3752K(78656K)
[2019-01-14T09:17:22.474+0000][6948][gc,heap      ] GC(10) CMS: 12796K->12796K(174784K)
[2019-01-14T09:17:22.474+0000][6948][gc,metaspace ] GC(10) Metaspace: 28708K->28708K(1075200K)
[2019-01-14T09:17:22.474+0000][6948][gc           ] GC(10) Pause Young (Allocation Failure) 85M->16M(247M) 4.430ms
[2019-01-14T09:17:22.474+0000][6948][gc,cpu       ] GC(10) User=0.01s Sys=0.00s Real=0.01s
[2019-01-14T09:17:22.474+0000][6948][safepoint    ] Total time for which application threads were stopped: 0.0045458 seconds, Stopping threads took: 0.0000045 seconds
[2019-01-14T09:17:22.493+0000][6948][safepoint    ] Application time: 0.0187723 seconds
[2019-01-14T09:17:22.493+0000][6948][safepoint    ] Total time for which application threads were stopped: 0.0000688 seconds, Stopping threads took: 0.0000107 seconds
[2019-01-14T09:17:22.550+0000][6948][safepoint    ] Application time: 0.0564323 seconds
[2019-01-14T09:17:22.550+0000][6948][gc,start     ] GC(11) Pause Young (Allocation Failure)
[2019-01-14T09:17:22.550+0000][6948][gc,task      ] GC(11) Using 2 workers of 2 for evacuation
[2019-01-14T09:17:22.552+0000][6948][gc,age       ] GC(11) Desired survivor size 4456448 bytes, new threshold 6 (max threshold 6)
[2019-01-14T09:17:22.552+0000][6948][gc,age       ] GC(11) Age table with threshold 6 (max threshold 6)
[2019-01-14T09:17:22.552+0000][6948][gc,age       ] GC(11) - age   1:     153616 bytes,     153616 total
[2019-01-14T09:17:22.552+0000][6948][gc,age       ] GC(11) - age   2:     321984 bytes,     475600 total
[2019-01-14T09:17:22.552+0000][6948][gc,age       ] GC(11) - age   3:     547200 bytes,    1022800 total
[2019-01-14T09:17:22.552+0000][6948][gc,age       ] GC(11) - age   4:    1119600 bytes,    2142400 total
[2019-01-14T09:17:22.552+0000][6948][gc,age       ] GC(11) - age   5:     802112 bytes,    2944512 total
[2019-01-14T09:17:22.552+0000][6948][gc,heap      ] GC(11) ParNew: 73704K->3790K(78656K)
[2019-01-14T09:17:22.552+0000][6948][gc,heap      ] GC(11) CMS: 12796K->12796K(174784K)
[2019-01-14T09:17:22.552+0000][6948][gc,metaspace ] GC(11) Metaspace: 28799K->28799K(1077248K)
[2019-01-14T09:17:22.552+0000][6948][gc           ] GC(11) Pause Young (Allocation Failure) 84M->16M(247M) 2.049ms
[2019-01-14T09:17:22.552+0000][6948][gc,cpu       ] GC(11) User=0.01s Sys=0.00s Real=0.00s
[2019-01-14T09:17:22.552+0000][6948][safepoint    ] Total time for which application threads were stopped: 0.0021419 seconds, Stopping threads took: 0.0000144 seconds
[2019-01-14T09:17:22.634+0000][6948][safepoint    ] Application time: 0.0824996 seconds
[2019-01-14T09:17:22.634+0000][6948][gc,start     ] GC(12) Pause Young (Allocation Failure)
[2019-01-14T09:17:22.634+0000][6948][gc,task      ] GC(12) Using 2 workers of 2 for evacuation
[2019-01-14T09:17:22.636+0000][6948][gc,age       ] GC(12) Desired survivor size 4456448 bytes, new threshold 6 (max threshold 6)
[2019-01-14T09:17:22.636+0000][6948][gc,age       ] GC(12) Age table with threshold 6 (max threshold 6)
[2019-01-14T09:17:22.636+0000][6948][gc,age       ] GC(12) - age   1:     484024 bytes,     484024 total
[2019-01-14T09:17:22.636+0000][6948][gc,age       ] GC(12) - age   2:      92696 bytes,     576720 total
[2019-01-14T09:17:22.636+0000][6948][gc,age       ] GC(12) - age   3:     321984 bytes,     898704 total
[2019-01-14T09:17:22.636+0000][6948][gc,age       ] GC(12) - age   4:     547096 bytes,    1445800 total
[2019-01-14T09:17:22.636+0000][6948][gc,age       ] GC(12) - age   5:    1119456 bytes,    2565256 total
[2019-01-14T09:17:22.636+0000][6948][gc,age       ] GC(12) - age   6:     802088 bytes,    3367344 total
[2019-01-14T09:17:22.637+0000][6948][gc,heap      ] GC(12) ParNew: 73742K->5577K(78656K)
[2019-01-14T09:17:22.637+0000][6948][gc,heap      ] GC(12) CMS: 12796K->12796K(174784K)
[2019-01-14T09:17:22.637+0000][6948][gc,metaspace ] GC(12) Metaspace: 28854K->28854K(1077248K)
[2019-01-14T09:17:22.637+0000][6948][gc           ] GC(12) Pause Young (Allocation Failure) 84M->17M(247M) 2.255ms
[2019-01-14T09:17:22.637+0000][6948][gc,cpu       ] GC(12) User=0.00s Sys=0.00s Real=0.00s
[2019-01-14T09:17:22.637+0000][6948][safepoint    ] Total time for which application threads were stopped: 0.0023398 seconds, Stopping threads took: 0.0000126 seconds
[2019-01-14T09:17:22.710+0000][6948][safepoint    ] Application time: 0.0734564 seconds
[2019-01-14T09:17:22.710+0000][6948][gc,start     ] GC(13) Pause Young (Allocation Failure)
[2019-01-14T09:17:22.710+0000][6948][gc,task      ] GC(13) Using 2 workers of 2 for evacuation
[2019-01-14T09:17:22.714+0000][6948][gc,age       ] GC(13) Desired survivor size 4456448 bytes, new threshold 6 (max threshold 6)
[2019-01-14T09:17:22.715+0000][6948][gc,age       ] GC(13) Age table with threshold 6 (max threshold 6)
[2019-01-14T09:17:22.715+0000][6948][gc,age       ] GC(13) - age   1:    1938344 bytes,    1938344 total
[2019-01-14T09:17:22.715+0000][6948][gc,age       ] GC(13) - age   2:     321616 bytes,    2259960 total
[2019-01-14T09:17:22.715+0000][6948][gc,age       ] GC(13) - age   3:      92584 bytes,    2352544 total
[2019-01-14T09:17:22.715+0000][6948][gc,age       ] GC(13) - age   4:     321984 bytes,    2674528 total
[2019-01-14T09:17:22.715+0000][6948][gc,age       ] GC(13) - age   5:     547096 bytes,    3221624 total
[2019-01-14T09:17:22.715+0000][6948][gc,age       ] GC(13) - age   6:    1119312 bytes,    4340936 total
[2019-01-14T09:17:22.715+0000][6948][gc,heap      ] GC(13) ParNew: 75529K->6326K(78656K)
[2019-01-14T09:17:22.715+0000][6948][gc,heap      ] GC(13) CMS: 12796K->13585K(174784K)
[2019-01-14T09:17:22.715+0000][6948][gc,metaspace ] GC(13) Metaspace: 29066K->29066K(1077248K)
[2019-01-14T09:17:22.715+0000][6948][gc           ] GC(13) Pause Young (Allocation Failure) 86M->19M(247M) 4.480ms
[2019-01-14T09:17:22.715+0000][6948][gc,cpu       ] GC(13) User=0.01s Sys=0.00s Real=0.01s
[2019-01-14T09:17:22.715+0000][6948][safepoint    ] Total time for which application threads were stopped: 0.0045749 seconds, Stopping threads took: 0.0000120 seconds
[2019-01-14T09:17:22.870+0000][6948][safepoint    ] Application time: 0.1550828 seconds
[2019-01-14T09:17:22.870+0000][6948][safepoint    ] Total time for which application threads were stopped: 0.0000582 seconds, Stopping threads took: 0.0000106 seconds
[2019-01-14T09:17:22.870+0000][6948][safepoint    ] Application time: 0.0000735 seconds
[2019-01-14T09:17:22.870+0000][6948][safepoint    ] Total time for which application threads were stopped: 0.0000678 seconds, Stopping threads took: 0.0000061 seconds
[2019-01-14T09:17:23.189+0000][6948][safepoint    ] Application time: 0.3187667 seconds
[2019-01-14T09:17:23.189+0000][6948][safepoint    ] Total time for which application threads were stopped: 0.0005101 seconds, Stopping threads took: 0.0000109 seconds
[2019-01-14T09:17:23.470+0000][6948][safepoint    ] Application time: 0.2803517 seconds
[2019-01-14T09:17:23.470+0000][6948][gc,start     ] GC(14) Pause Young (Allocation Failure)
[2019-01-14T09:17:23.470+0000][6948][gc,task      ] GC(14) Using 2 workers of 2 for evacuation
[2019-01-14T09:17:23.486+0000][6948][gc,age       ] GC(14) Desired survivor size 4456448 bytes, new threshold 1 (max threshold 6)
[2019-01-14T09:17:23.487+0000][6948][gc,age       ] GC(14) Age table with threshold 1 (max threshold 6)
[2019-01-14T09:17:23.487+0000][6948][gc,age       ] GC(14) - age   1:    6762608 bytes,    6762608 total
[2019-01-14T09:17:23.487+0000][6948][gc,age       ] GC(14) - age   2:     107480 bytes,    6870088 total
[2019-01-14T09:17:23.487+0000][6948][gc,age       ] GC(14) - age   3:     321360 bytes,    7191448 total
[2019-01-14T09:17:23.487+0000][6948][gc,age       ] GC(14) - age   4:      92472 bytes,    7283920 total
[2019-01-14T09:17:23.487+0000][6948][gc,age       ] GC(14) - age   5:     321792 bytes,    7605712 total
[2019-01-14T09:17:23.487+0000][6948][gc,age       ] GC(14) - age   6:     541848 bytes,    8147560 total
[2019-01-14T09:17:23.487+0000][6948][gc,heap      ] GC(14) ParNew: 76278K->8704K(78656K)
[2019-01-14T09:17:23.487+0000][6948][gc,heap      ] GC(14) CMS: 13585K->15641K(174784K)
[2019-01-14T09:17:23.487+0000][6948][gc,metaspace ] GC(14) Metaspace: 34938K->34938K(1081344K)
[2019-01-14T09:17:23.487+0000][6948][gc           ] GC(14) Pause Young (Allocation Failure) 87M->23M(247M) 16.731ms
[2019-01-14T09:17:23.487+0000][6948][gc,cpu       ] GC(14) User=0.04s Sys=0.00s Real=0.02s
[2019-01-14T09:17:23.487+0000][6948][safepoint    ] Total time for which application threads were stopped: 0.0169730 seconds, Stopping threads took: 0.0000135 seconds
[2019-01-14T09:17:24.030+0000][6948][safepoint    ] Application time: 0.5428646 seconds
[2019-01-14T09:17:24.030+0000][6948][gc,start     ] GC(15) Pause Young (Allocation Failure)
[2019-01-14T09:17:24.030+0000][6948][gc,task      ] GC(15) Using 2 workers of 2 for evacuation
[2019-01-14T09:17:24.065+0000][6948][gc,age       ] GC(15) Desired survivor size 4456448 bytes, new threshold 1 (max threshold 6)
[2019-01-14T09:17:24.065+0000][6948][gc,age       ] GC(15) Age table with threshold 1 (max threshold 6)
[2019-01-14T09:17:24.065+0000][6948][gc,age       ] GC(15) - age   1:    8708504 bytes,    8708504 total
[2019-01-14T09:17:24.065+0000][6948][gc,heap      ] GC(15) ParNew: 78656K->8704K(78656K)
[2019-01-14T09:17:24.065+0000][6948][gc,heap      ] GC(15) CMS: 15641K->26414K(174784K)
[2019-01-14T09:17:24.065+0000][6948][gc,metaspace ] GC(15) Metaspace: 34992K->34992K(1081344K)
[2019-01-14T09:17:24.065+0000][6948][gc           ] GC(15) Pause Young (Allocation Failure) 92M->34M(247M) 35.000ms
[2019-01-14T09:17:24.065+0000][6948][gc,cpu       ] GC(15) User=0.07s Sys=0.00s Real=0.04s
[2019-01-14T09:17:24.065+0000][6948][safepoint    ] Total time for which application threads were stopped: 0.0350949 seconds, Stopping threads took: 0.0000111 seconds
[2019-01-14T09:17:24.630+0000][6948][safepoint    ] Application time: 0.5648757 seconds
[2019-01-14T09:17:24.630+0000][6948][gc,start     ] GC(16) Pause Young (Allocation Failure)
[2019-01-14T09:17:24.630+0000][6948][gc,task      ] GC(16) Using 2 workers of 2 for evacuation
[2019-01-14T09:17:24.666+0000][6948][gc,age       ] GC(16) Desired survivor size 4456448 bytes, new threshold 1 (max threshold 6)
[2019-01-14T09:17:24.666+0000][6948][gc,age       ] GC(16) Age table with threshold 1 (max threshold 6)
[2019-01-14T09:17:24.666+0000][6948][gc,age       ] GC(16) - age   1:    7891696 bytes,    7891696 total
[2019-01-14T09:17:24.666+0000][6948][gc,heap      ] GC(16) ParNew: 78656K->8704K(78656K)
[2019-01-14T09:17:24.666+0000][6948][gc,heap      ] GC(16) CMS: 26414K->37163K(174784K)
[2019-01-14T09:17:24.666+0000][6948][gc,metaspace ] GC(16) Metaspace: 35038K->35038K(1081344K)
[2019-01-14T09:17:24.666+0000][6948][gc           ] GC(16) Pause Young (Allocation Failure) 102M->44M(247M) 36.744ms
[2019-01-14T09:17:24.666+0000][6948][gc,cpu       ] GC(16) User=0.07s Sys=0.00s Real=0.04s
[2019-01-14T09:17:24.666+0000][6948][safepoint    ] Total time for which application threads were stopped: 0.0368343 seconds, Stopping threads took: 0.0000122 seconds
[2019-01-14T09:17:24.738+0000][6948][safepoint    ] Application time: 0.0717255 seconds
[2019-01-14T09:17:24.738+0000][6948][safepoint    ] Total time for which application threads were stopped: 0.0000717 seconds, Stopping threads took: 0.0000113 seconds
[2019-01-14T09:17:24.831+0000][6948][safepoint    ] Application time: 0.0927398 seconds
[2019-01-14T09:17:24.831+0000][6948][safepoint    ] Total time for which application threads were stopped: 0.0002490 seconds, Stopping threads took: 0.0000107 seconds
[2019-01-14T09:17:24.842+0000][6948][safepoint    ] Application time: 0.0104823 seconds
[2019-01-14T09:17:24.842+0000][6948][safepoint    ] Total time for which application threads were stopped: 0.0000892 seconds, Stopping threads took: 0.0000109 seconds
[2019-01-14T09:17:24.872+0000][6948][safepoint    ] Application time: 0.0300068 seconds
[2019-01-14T09:17:24.872+0000][6948][safepoint    ] Total time for which application threads were stopped: 0.0001220 seconds, Stopping threads took: 0.0000110 seconds
[2019-01-14T09:17:24.902+0000][6948][safepoint    ] Application time: 0.0296050 seconds
[2019-01-14T09:17:24.902+0000][6948][safepoint    ] Total time for which application threads were stopped: 0.0002645 seconds, Stopping threads took: 0.0000899 seconds
[2019-01-14T09:17:24.934+0000][6948][safepoint    ] Application time: 0.0322253 seconds
[2019-01-14T09:17:24.934+0000][6948][safepoint    ] Total time for which application threads were stopped: 0.0001512 seconds, Stopping threads took: 0.0000108 seconds
[2019-01-14T09:17:24.951+0000][6948][safepoint    ] Application time: 0.0164680 seconds
[2019-01-14T09:17:24.951+0000][6948][safepoint    ] Total time for which application threads were stopped: 0.0003787 seconds, Stopping threads took: 0.0000387 seconds
[2019-01-14T09:17:24.953+0000][6948][safepoint    ] Application time: 0.0019006 seconds
[2019-01-14T09:17:24.953+0000][6948][safepoint    ] Total time for which application threads were stopped: 0.0000930 seconds, Stopping threads took: 0.0000085 seconds
[2019-01-14T09:17:24.991+0000][6948][safepoint    ] Application time: 0.0379767 seconds
[2019-01-14T09:17:24.992+0000][6948][safepoint    ] Total time for which application threads were stopped: 0.0001355 seconds, Stopping threads took: 0.0000104 seconds
[2019-01-14T09:17:25.018+0000][6948][safepoint    ] Application time: 0.0267497 seconds
[2019-01-14T09:17:25.019+0000][6948][safepoint    ] Total time for which application threads were stopped: 0.0001581 seconds, Stopping threads took: 0.0000267 seconds
[2019-01-14T09:17:25.037+0000][6948][safepoint    ] Application time: 0.0187977 seconds
[2019-01-14T09:17:25.038+0000][6948][safepoint    ] Total time for which application threads were stopped: 0.0001417 seconds, Stopping threads took: 0.0000112 seconds
[2019-01-14T09:17:25.060+0000][6948][safepoint    ] Application time: 0.0222012 seconds
[2019-01-14T09:17:25.060+0000][6948][safepoint    ] Total time for which application threads were stopped: 0.0001458 seconds, Stopping threads took: 0.0000112 seconds
[2019-01-14T09:17:25.081+0000][6948][safepoint    ] Application time: 0.0210021 seconds
[2019-01-14T09:17:25.081+0000][6948][safepoint    ] Total time for which application threads were stopped: 0.0000829 seconds, Stopping threads took: 0.0000112 seconds
[2019-01-14T09:17:25.097+0000][6948][safepoint    ] Application time: 0.0162783 seconds
[2019-01-14T09:17:25.105+0000][6948][safepoint    ] Total time for which application threads were stopped: 0.0074122 seconds, Stopping threads took: 0.0000100 seconds
[2019-01-14T09:17:25.107+0000][6948][safepoint    ] Application time: 0.0026067 seconds
[2019-01-14T09:17:25.108+0000][6948][safepoint    ] Total time for which application threads were stopped: 0.0000833 seconds, Stopping threads took: 0.0000109 seconds
[2019-01-14T09:17:25.157+0000][6948][safepoint    ] Application time: 0.0497146 seconds
[2019-01-14T09:17:25.157+0000][6948][safepoint    ] Total time for which application threads were stopped: 0.0001620 seconds, Stopping threads took: 0.0000107 seconds
[2019-01-14T09:17:25.189+0000][6948][safepoint    ] Application time: 0.0310568 seconds
[2019-01-14T09:17:25.189+0000][6948][safepoint    ] Total time for which application threads were stopped: 0.0001433 seconds, Stopping threads took: 0.0000111 seconds
[2019-01-14T09:17:25.205+0000][6948][safepoint    ] Application time: 0.0160639 seconds
[2019-01-14T09:17:25.205+0000][6948][safepoint    ] Total time for which application threads were stopped: 0.0000913 seconds, Stopping threads took: 0.0000108 seconds
[2019-01-14T09:17:25.247+0000][6948][safepoint    ] Application time: 0.0419355 seconds
[2019-01-14T09:17:25.247+0000][6948][safepoint    ] Total time for which application threads were stopped: 0.0001497 seconds, Stopping threads took: 0.0000107 seconds
[2019-01-14T09:17:25.272+0000][6948][safepoint    ] Application time: 0.0247336 seconds
[2019-01-14T09:17:25.272+0000][6948][safepoint    ] Total time for which application threads were stopped: 0.0001409 seconds, Stopping threads took: 0.0000110 seconds
[2019-01-14T09:17:25.293+0000][6948][safepoint    ] Application time: 0.0210634 seconds
[2019-01-14T09:17:25.293+0000][6948][safepoint    ] Total time for which application threads were stopped: 0.0001580 seconds, Stopping threads took: 0.0000104 seconds
[2019-01-14T09:17:25.329+0000][6948][safepoint    ] Application time: 0.0354785 seconds
[2019-01-14T09:17:25.329+0000][6948][safepoint    ] Total time for which application threads were stopped: 0.0001848 seconds, Stopping threads took: 0.0000102 seconds
[2019-01-14T09:17:25.350+0000][6948][safepoint    ] Application time: 0.0214376 seconds
[2019-01-14T09:17:25.351+0000][6948][safepoint    ] Total time for which application threads were stopped: 0.0002316 seconds, Stopping threads took: 0.0000425 seconds
[2019-01-14T09:17:25.371+0000][6948][safepoint    ] Application time: 0.0203441 seconds
[2019-01-14T09:17:25.371+0000][6948][safepoint    ] Total time for which application threads were stopped: 0.0001382 seconds, Stopping threads took: 0.0000106 seconds
[2019-01-14T09:17:25.380+0000][6948][safepoint    ] Application time: 0.0083084 seconds
[2019-01-14T09:17:25.380+0000][6948][gc,start     ] GC(17) Pause Young (Allocation Failure)
[2019-01-14T09:17:25.380+0000][6948][gc,task      ] GC(17) Using 2 workers of 2 for evacuation
[2019-01-14T09:17:25.396+0000][6948][gc,age       ] GC(17) Desired survivor size 4456448 bytes, new threshold 6 (max threshold 6)
[2019-01-14T09:17:25.397+0000][6948][gc,age       ] GC(17) Age table with threshold 6 (max threshold 6)
[2019-01-14T09:17:25.397+0000][6948][gc,age       ] GC(17) - age   1:    3110672 bytes,    3110672 total
[2019-01-14T09:17:25.397+0000][6948][gc,heap      ] GC(17) ParNew: 78656K->7809K(78656K)
[2019-01-14T09:17:25.397+0000][6948][gc,heap      ] GC(17) CMS: 37163K->45187K(174784K)
[2019-01-14T09:17:25.397+0000][6948][gc,metaspace ] GC(17) Metaspace: 43251K->43251K(1089536K)
[2019-01-14T09:17:25.397+0000][6948][gc           ] GC(17) Pause Young (Allocation Failure) 113M->51M(247M) 16.990ms
[2019-01-14T09:17:25.397+0000][6948][gc,cpu       ] GC(17) User=0.04s Sys=0.00s Real=0.02s
[2019-01-14T09:17:25.397+0000][6948][safepoint    ] Total time for which application threads were stopped: 0.0170772 seconds, Stopping threads took: 0.0000111 seconds
[2019-01-14T09:17:25.400+0000][6948][safepoint    ] Application time: 0.0028940 seconds
[2019-01-14T09:17:25.400+0000][6948][gc,start     ] GC(18) Pause Initial Mark
[2019-01-14T09:17:25.404+0000][6948][gc           ] GC(18) Pause Initial Mark 53M->53M(247M) 3.529ms
[2019-01-14T09:17:25.404+0000][6948][gc,cpu       ] GC(18) User=0.00s Sys=0.00s Real=0.00s
[2019-01-14T09:17:25.404+0000][6948][safepoint    ] Total time for which application threads were stopped: 0.0040500 seconds, Stopping threads took: 0.0004548 seconds
[2019-01-14T09:17:25.404+0000][6948][gc           ] GC(18) Concurrent Mark
[2019-01-14T09:17:25.433+0000][6948][safepoint    ] Application time: 0.0289279 seconds
[2019-01-14T09:17:25.433+0000][6948][safepoint    ] Total time for which application threads were stopped: 0.0001410 seconds, Stopping threads took: 0.0000054 seconds
[2019-01-14T09:17:25.473+0000][6948][safepoint    ] Application time: 0.0403912 seconds
[2019-01-14T09:17:25.473+0000][6948][safepoint    ] Total time for which application threads were stopped: 0.0001379 seconds, Stopping threads took: 0.0000112 seconds
[2019-01-14T09:17:25.478+0000][6948][gc           ] GC(18) Concurrent Mark 74.545ms
[2019-01-14T09:17:25.478+0000][6948][gc,cpu       ] GC(18) User=0.14s Sys=0.01s Real=0.07s
[2019-01-14T09:17:25.478+0000][6948][gc           ] GC(18) Concurrent Preclean
[2019-01-14T09:17:25.479+0000][6948][gc           ] GC(18) Concurrent Preclean 0.697ms
[2019-01-14T09:17:25.479+0000][6948][gc,cpu       ] GC(18) User=0.00s Sys=0.00s Real=0.00s
[2019-01-14T09:17:25.479+0000][6948][gc           ] GC(18) Concurrent Abortable Preclean
[2019-01-14T09:17:25.508+0000][6948][safepoint    ] Application time: 0.0344995 seconds
[2019-01-14T09:17:25.508+0000][6948][safepoint    ] Total time for which application threads were stopped: 0.0001392 seconds, Stopping threads took: 0.0000040 seconds
[2019-01-14T09:17:25.542+0000][6948][safepoint    ] Application time: 0.0342270 seconds
[2019-01-14T09:17:25.543+0000][6948][safepoint    ] Total time for which application threads were stopped: 0.0002840 seconds, Stopping threads took: 0.0000412 seconds
[2019-01-14T09:17:25.590+0000][6948][safepoint    ] Application time: 0.0471143 seconds
[2019-01-14T09:17:25.590+0000][6948][safepoint    ] Total time for which application threads were stopped: 0.0000991 seconds, Stopping threads took: 0.0000105 seconds
[2019-01-14T09:17:25.629+0000][6948][safepoint    ] Application time: 0.0389425 seconds
[2019-01-14T09:17:25.629+0000][6948][safepoint    ] Total time for which application threads were stopped: 0.0001402 seconds, Stopping threads took: 0.0000104 seconds
[2019-01-14T09:17:25.673+0000][6948][safepoint    ] Application time: 0.0440757 seconds
[2019-01-14T09:17:25.673+0000][6948][safepoint    ] Total time for which application threads were stopped: 0.0001452 seconds, Stopping threads took: 0.0000127 seconds
[2019-01-14T09:17:25.712+0000][6948][safepoint    ] Application time: 0.0383598 seconds
[2019-01-14T09:17:25.712+0000][6948][safepoint    ] Total time for which application threads were stopped: 0.0001529 seconds, Stopping threads took: 0.0000111 seconds
[2019-01-14T09:17:25.750+0000][6948][safepoint    ] Application time: 0.0386892 seconds
[2019-01-14T09:17:25.751+0000][6948][safepoint    ] Total time for which application threads were stopped: 0.0001283 seconds, Stopping threads took: 0.0000036 seconds
[2019-01-14T09:17:25.774+0000][6948][safepoint    ] Application time: 0.0236201 seconds
[2019-01-14T09:17:25.774+0000][6948][safepoint    ] Total time for which application threads were stopped: 0.0001329 seconds, Stopping threads took: 0.0000106 seconds
[2019-01-14T09:17:25.805+0000][6948][safepoint    ] Application time: 0.0308612 seconds
[2019-01-14T09:17:25.805+0000][6948][safepoint    ] Total time for which application threads were stopped: 0.0001397 seconds, Stopping threads took: 0.0000124 seconds
[2019-01-14T09:17:25.830+0000][6948][safepoint    ] Application time: 0.0244466 seconds
[2019-01-14T09:17:25.830+0000][6948][safepoint    ] Total time for which application threads were stopped: 0.0001121 seconds, Stopping threads took: 0.0000111 seconds
[2019-01-14T09:17:25.872+0000][6948][safepoint    ] Application time: 0.0416690 seconds
[2019-01-14T09:17:25.873+0000][6948][safepoint    ] Total time for which application threads were stopped: 0.0002362 seconds, Stopping threads took: 0.0000476 seconds
[2019-01-14T09:17:25.896+0000][6948][safepoint    ] Application time: 0.0229512 seconds
[2019-01-14T09:17:25.896+0000][6948][safepoint    ] Total time for which application threads were stopped: 0.0001002 seconds, Stopping threads took: 0.0000105 seconds
[2019-01-14T09:17:25.941+0000][6948][safepoint    ] Application time: 0.0451562 seconds
[2019-01-14T09:17:25.941+0000][6948][safepoint    ] Total time for which application threads were stopped: 0.0001538 seconds, Stopping threads took: 0.0000099 seconds
[2019-01-14T09:17:25.982+0000][6948][safepoint    ] Application time: 0.0406835 seconds
[2019-01-14T09:17:25.982+0000][6948][safepoint    ] Total time for which application threads were stopped: 0.0000939 seconds, Stopping threads took: 0.0000106 seconds
[2019-01-14T09:17:26.023+0000][6948][safepoint    ] Application time: 0.0415592 seconds
[2019-01-14T09:17:26.024+0000][6948][safepoint    ] Total time for which application threads were stopped: 0.0001392 seconds, Stopping threads took: 0.0000116 seconds
[2019-01-14T09:17:26.054+0000][6948][safepoint    ] Application time: 0.0304534 seconds
[2019-01-14T09:17:26.054+0000][6948][safepoint    ] Total time for which application threads were stopped: 0.0001268 seconds, Stopping threads took: 0.0000108 seconds
[2019-01-14T09:17:26.084+0000][6948][safepoint    ] Application time: 0.0301697 seconds
[2019-01-14T09:17:26.085+0000][6948][safepoint    ] Total time for which application threads were stopped: 0.0000766 seconds, Stopping threads took: 0.0000327 seconds
[2019-01-14T09:17:26.085+0000][6948][safepoint    ] Application time: 0.0001621 seconds
[2019-01-14T09:17:26.085+0000][6948][safepoint    ] Total time for which application threads were stopped: 0.0000213 seconds, Stopping threads took: 0.0000016 seconds
[2019-01-14T09:17:26.360+0000][6948][safepoint    ] Application time: 0.2749971 seconds
[2019-01-14T09:17:26.360+0000][6948][safepoint    ] Total time for which application threads were stopped: 0.0001438 seconds, Stopping threads took: 0.0000108 seconds
[2019-01-14T09:17:26.360+0000][6948][gc           ] GC(18) Concurrent Abortable Preclean 880.964ms
[2019-01-14T09:17:26.360+0000][6948][gc,cpu       ] GC(18) User=1.64s Sys=0.09s Real=0.89s
[2019-01-14T09:17:26.360+0000][6948][safepoint    ] Application time: 0.0001488 seconds
[2019-01-14T09:17:26.360+0000][6948][gc,start     ] GC(18) Pause Remark
[2019-01-14T09:17:26.386+0000][6948][gc           ] GC(18) Pause Remark 92M->92M(247M) 25.135ms
[2019-01-14T09:17:26.386+0000][6948][gc,cpu       ] GC(18) User=0.04s Sys=0.00s Real=0.02s
[2019-01-14T09:17:26.386+0000][6948][safepoint    ] Total time for which application threads were stopped: 0.0254976 seconds, Stopping threads took: 0.0002870 seconds
[2019-01-14T09:17:26.392+0000][6948][gc           ] GC(18) Concurrent Sweep
[2019-01-14T09:17:26.414+0000][6948][gc           ] GC(18) Concurrent Sweep 22.128ms
[2019-01-14T09:17:26.415+0000][6948][gc,cpu       ] GC(18) User=0.04s Sys=0.00s Real=0.02s
[2019-01-14T09:17:26.415+0000][6948][gc           ] GC(18) Concurrent Reset
[2019-01-14T09:17:26.415+0000][6948][gc           ] GC(18) Concurrent Reset 0.173ms
[2019-01-14T09:17:26.415+0000][6948][gc,cpu       ] GC(18) User=0.00s Sys=0.00s Real=0.00s
[2019-01-14T09:17:26.415+0000][6948][gc,heap      ] GC(18) Old: 45187K->44994K(174784K)
[2019-01-14T09:17:26.923+0000][6948][safepoint    ] Application time: 0.5369352 seconds
[2019-01-14T09:17:26.923+0000][6948][gc,start     ] GC(19) Pause Young (Allocation Failure)
[2019-01-14T09:17:26.923+0000][6948][gc,task      ] GC(19) Using 2 workers of 2 for evacuation
[2019-01-14T09:17:26.940+0000][6948][gc,age       ] GC(19) Desired survivor size 4456448 bytes, new threshold 2 (max threshold 6)
[2019-01-14T09:17:26.940+0000][6948][gc,age       ] GC(19) Age table with threshold 2 (max threshold 6)
[2019-01-14T09:17:26.940+0000][6948][gc,age       ] GC(19) - age   1:    2595648 bytes,    2595648 total
[2019-01-14T09:17:26.940+0000][6948][gc,age       ] GC(19) - age   2:    3041312 bytes,    5636960 total
[2019-01-14T09:17:26.940+0000][6948][gc,heap      ] GC(19) ParNew: 77761K->8135K(78656K)
[2019-01-14T09:17:26.940+0000][6948][gc,heap      ] GC(19) CMS: 44994K->44994K(174784K)
[2019-01-14T09:17:26.940+0000][6948][gc,metaspace ] GC(19) Metaspace: 50929K->50929K(1095680K)
[2019-01-14T09:17:26.940+0000][6948][gc           ] GC(19) Pause Young (Allocation Failure) 119M->51M(247M) 17.301ms
[2019-01-14T09:17:26.940+0000][6948][gc,cpu       ] GC(19) User=0.03s Sys=0.00s Real=0.01s
[2019-01-14T09:17:26.940+0000][6948][safepoint    ] Total time for which application threads were stopped: 0.0174410 seconds, Stopping threads took: 0.0000103 seconds
[2019-01-14T09:17:27.107+0000][6948][safepoint    ] Application time: 0.1674265 seconds
[2019-01-14T09:17:27.108+0000][6948][safepoint    ] Total time for which application threads were stopped: 0.0003790 seconds, Stopping threads took: 0.0000443 seconds
[2019-01-14T09:17:27.108+0000][6948][safepoint    ] Application time: 0.0000589 seconds
[2019-01-14T09:17:27.108+0000][6948][safepoint    ] Total time for which application threads were stopped: 0.0000284 seconds, Stopping threads took: 0.0000064 seconds
[2019-01-14T09:17:27.108+0000][6948][safepoint    ] Application time: 0.0000413 seconds
[2019-01-14T09:17:27.108+0000][6948][safepoint    ] Total time for which application threads were stopped: 0.0000232 seconds, Stopping threads took: 0.0000065 seconds
[2019-01-14T09:17:27.109+0000][6948][safepoint    ] Application time: 0.0010625 seconds
[2019-01-14T09:17:27.109+0000][6948][safepoint    ] Total time for which application threads were stopped: 0.0000307 seconds, Stopping threads took: 0.0000083 seconds
[2019-01-14T09:17:27.109+0000][6948][safepoint    ] Application time: 0.0001840 seconds
[2019-01-14T09:17:27.109+0000][6948][safepoint    ] Total time for which application threads were stopped: 0.0000297 seconds, Stopping threads took: 0.0000071 seconds
[2019-01-14T09:17:27.109+0000][6948][safepoint    ] Application time: 0.0000307 seconds
[2019-01-14T09:17:27.109+0000][6948][safepoint    ] Total time for which application threads were stopped: 0.0000244 seconds, Stopping threads took: 0.0000062 seconds
[2019-01-14T09:17:27.109+0000][6948][safepoint    ] Application time: 0.0000291 seconds
[2019-01-14T09:17:27.110+0000][6948][safepoint    ] Total time for which application threads were stopped: 0.0000231 seconds, Stopping threads took: 0.0000062 seconds
[2019-01-14T09:17:27.110+0000][6948][safepoint    ] Application time: 0.0000280 seconds
[2019-01-14T09:17:27.110+0000][6948][safepoint    ] Total time for which application threads were stopped: 0.0000235 seconds, Stopping threads took: 0.0000060 seconds
[2019-01-14T09:17:27.110+0000][6948][safepoint    ] Application time: 0.0000279 seconds
[2019-01-14T09:17:27.110+0000][6948][safepoint    ] Total time for which application threads were stopped: 0.0000224 seconds, Stopping threads took: 0.0000059 seconds
[2019-01-14T09:17:27.110+0000][6948][safepoint    ] Application time: 0.0000289 seconds
[2019-01-14T09:17:27.110+0000][6948][safepoint    ] Total time for which application threads were stopped: 0.0000219 seconds, Stopping threads took: 0.0000058 seconds
[2019-01-14T09:17:27.110+0000][6948][safepoint    ] Application time: 0.0000278 seconds
[2019-01-14T09:17:27.110+0000][6948][safepoint    ] Total time for which application threads were stopped: 0.0000219 seconds, Stopping threads took: 0.0000058 seconds
[2019-01-14T09:17:27.110+0000][6948][safepoint    ] Application time: 0.0000378 seconds
[2019-01-14T09:17:27.110+0000][6948][safepoint    ] Total time for which application threads were stopped: 0.0000220 seconds, Stopping threads took: 0.0000059 seconds
[2019-01-14T09:17:27.110+0000][6948][safepoint    ] Application time: 0.0000279 seconds
[2019-01-14T09:17:27.110+0000][6948][safepoint    ] Total time for which application threads were stopped: 0.0000218 seconds, Stopping threads took: 0.0000057 seconds
[2019-01-14T09:17:27.110+0000][6948][safepoint    ] Application time: 0.0000282 seconds
[2019-01-14T09:17:27.110+0000][6948][safepoint    ] Total time for which application threads were stopped: 0.0000233 seconds, Stopping threads took: 0.0000058 seconds
[2019-01-14T09:17:27.110+0000][6948][safepoint    ] Application time: 0.0000278 seconds
[2019-01-14T09:17:27.110+0000][6948][safepoint    ] Total time for which application threads were stopped: 0.0000236 seconds, Stopping threads took: 0.0000059 seconds
[2019-01-14T09:17:27.110+0000][6948][safepoint    ] Application time: 0.0000293 seconds
[2019-01-14T09:17:27.110+0000][6948][safepoint    ] Total time for which application threads were stopped: 0.0000225 seconds, Stopping threads took: 0.0000058 seconds
[2019-01-14T09:17:27.110+0000][6948][safepoint    ] Application time: 0.0000278 seconds
[2019-01-14T09:17:27.110+0000][6948][safepoint    ] Total time for which application threads were stopped: 0.0000218 seconds, Stopping threads took: 0.0000059 seconds
[2019-01-14T09:17:27.110+0000][6948][safepoint    ] Application time: 0.0000279 seconds
[2019-01-14T09:17:27.110+0000][6948][safepoint    ] Total time for which application threads were stopped: 0.0000235 seconds, Stopping threads took: 0.0000059 seconds
[2019-01-14T09:17:27.110+0000][6948][safepoint    ] Application time: 0.0000274 seconds
[2019-01-14T09:17:27.110+0000][6948][safepoint    ] Total time for which application threads were stopped: 0.0000399 seconds, Stopping threads took: 0.0000210 seconds
[2019-01-14T09:17:27.110+0000][6948][safepoint    ] Application time: 0.0000286 seconds
[2019-01-14T09:17:27.110+0000][6948][safepoint    ] Total time for which application threads were stopped: 0.0000277 seconds, Stopping threads took: 0.0000065 seconds
[2019-01-14T09:17:27.110+0000][6948][safepoint    ] Application time: 0.0000291 seconds
[2019-01-14T09:17:27.110+0000][6948][safepoint    ] Total time for which application threads were stopped: 0.0000227 seconds, Stopping threads took: 0.0000060 seconds
[2019-01-14T09:17:27.111+0000][6948][safepoint    ] Application time: 0.0000278 seconds
[2019-01-14T09:17:27.111+0000][6948][safepoint    ] Total time for which application threads were stopped: 0.0000217 seconds, Stopping threads took: 0.0000059 seconds
[2019-01-14T09:17:27.111+0000][6948][safepoint    ] Application time: 0.0000284 seconds
[2019-01-14T09:17:27.111+0000][6948][safepoint    ] Total time for which application threads were stopped: 0.0000229 seconds, Stopping threads took: 0.0000058 seconds
[2019-01-14T09:17:27.111+0000][6948][safepoint    ] Application time: 0.0000282 seconds
[2019-01-14T09:17:27.111+0000][6948][safepoint    ] Total time for which application threads were stopped: 0.0000628 seconds, Stopping threads took: 0.0000057 seconds
[2019-01-14T09:17:27.111+0000][6948][safepoint    ] Application time: 0.0000572 seconds
[2019-01-14T09:17:27.111+0000][6948][safepoint    ] Total time for which application threads were stopped: 0.0000458 seconds, Stopping threads took: 0.0000059 seconds
[2019-01-14T09:17:27.111+0000][6948][safepoint    ] Application time: 0.0000300 seconds
[2019-01-14T09:17:27.111+0000][6948][safepoint    ] Total time for which application threads were stopped: 0.0000228 seconds, Stopping threads took: 0.0000059 seconds
[2019-01-14T09:17:27.111+0000][6948][safepoint    ] Application time: 0.0000325 seconds
[2019-01-14T09:17:27.111+0000][6948][safepoint    ] Total time for which application threads were stopped: 0.0000225 seconds, Stopping threads took: 0.0000058 seconds
[2019-01-14T09:17:27.111+0000][6948][safepoint    ] Application time: 0.0000310 seconds
[2019-01-14T09:17:27.111+0000][6948][safepoint    ] Total time for which application threads were stopped: 0.0000246 seconds, Stopping threads took: 0.0000058 seconds
[2019-01-14T09:17:27.113+0000][6948][safepoint    ] Application time: 0.0017508 seconds
[2019-01-14T09:17:27.113+0000][6948][safepoint    ] Total time for which application threads were stopped: 0.0000483 seconds, Stopping threads took: 0.0000155 seconds
[2019-01-14T09:17:27.113+0000][6948][safepoint    ] Application time: 0.0003155 seconds
[2019-01-14T09:17:27.113+0000][6948][safepoint    ] Total time for which application threads were stopped: 0.0000274 seconds, Stopping threads took: 0.0000020 seconds
[2019-01-14T09:17:27.113+0000][6948][safepoint    ] Application time: 0.0000542 seconds
[2019-01-14T09:17:27.113+0000][6948][safepoint    ] Total time for which application threads were stopped: 0.0000495 seconds, Stopping threads took: 0.0000068 seconds
[2019-01-14T09:17:27.114+0000][6948][safepoint    ] Application time: 0.0006214 seconds
[2019-01-14T09:17:27.114+0000][6948][safepoint    ] Total time for which application threads were stopped: 0.0000433 seconds, Stopping threads took: 0.0000081 seconds
[2019-01-14T09:17:27.114+0000][6948][safepoint    ] Application time: 0.0000312 seconds
[2019-01-14T09:17:27.114+0000][6948][safepoint    ] Total time for which application threads were stopped: 0.0000291 seconds, Stopping threads took: 0.0000065 seconds
[2019-01-14T09:17:27.114+0000][6948][safepoint    ] Application time: 0.0000295 seconds
[2019-01-14T09:17:27.114+0000][6948][safepoint    ] Total time for which application threads were stopped: 0.0000270 seconds, Stopping threads took: 0.0000059 seconds
[2019-01-14T09:17:27.114+0000][6948][safepoint    ] Application time: 0.0000281 seconds
[2019-01-14T09:17:27.114+0000][6948][safepoint    ] Total time for which application threads were stopped: 0.0000343 seconds, Stopping threads took: 0.0000086 seconds
[2019-01-14T09:17:27.114+0000][6948][safepoint    ] Application time: 0.0000282 seconds
[2019-01-14T09:17:27.114+0000][6948][safepoint    ] Total time for which application threads were stopped: 0.0000298 seconds, Stopping threads took: 0.0000067 seconds
[2019-01-14T09:17:27.114+0000][6948][safepoint    ] Application time: 0.0000282 seconds
[2019-01-14T09:17:27.114+0000][6948][safepoint    ] Total time for which application threads were stopped: 0.0000298 seconds, Stopping threads took: 0.0000064 seconds
[2019-01-14T09:17:27.114+0000][6948][safepoint    ] Application time: 0.0000281 seconds
[2019-01-14T09:17:27.115+0000][6948][safepoint    ] Total time for which application threads were stopped: 0.0000280 seconds, Stopping threads took: 0.0000059 seconds
[2019-01-14T09:17:27.115+0000][6948][safepoint    ] Application time: 0.0000278 seconds
[2019-01-14T09:17:27.115+0000][6948][safepoint    ] Total time for which application threads were stopped: 0.0000262 seconds, Stopping threads took: 0.0000059 seconds
[2019-01-14T09:17:27.115+0000][6948][safepoint    ] Application time: 0.0000277 seconds
[2019-01-14T09:17:27.115+0000][6948][safepoint    ] Total time for which application threads were stopped: 0.0000263 seconds, Stopping threads took: 0.0000059 seconds
[2019-01-14T09:17:27.115+0000][6948][safepoint    ] Application time: 0.0000279 seconds
[2019-01-14T09:17:27.115+0000][6948][safepoint    ] Total time for which application threads were stopped: 0.0000261 seconds, Stopping threads took: 0.0000060 seconds
[2019-01-14T09:17:27.115+0000][6948][safepoint    ] Application time: 0.0000426 seconds
[2019-01-14T09:17:27.115+0000][6948][safepoint    ] Total time for which application threads were stopped: 0.0000267 seconds, Stopping threads took: 0.0000059 seconds
[2019-01-14T09:17:27.115+0000][6948][safepoint    ] Application time: 0.0000280 seconds
[2019-01-14T09:17:27.115+0000][6948][safepoint    ] Total time for which application threads were stopped: 0.0000264 seconds, Stopping threads took: 0.0000060 seconds
[2019-01-14T09:17:27.115+0000][6948][safepoint    ] Application time: 0.0000279 seconds
[2019-01-14T09:17:27.115+0000][6948][safepoint    ] Total time for which application threads were stopped: 0.0000263 seconds, Stopping threads took: 0.0000059 seconds
[2019-01-14T09:17:27.115+0000][6948][safepoint    ] Application time: 0.0000280 seconds
[2019-01-14T09:17:27.115+0000][6948][safepoint    ] Total time for which application threads were stopped: 0.0000265 seconds, Stopping threads took: 0.0000059 seconds
[2019-01-14T09:17:27.115+0000][6948][safepoint    ] Application time: 0.0000286 seconds
[2019-01-14T09:17:27.115+0000][6948][safepoint    ] Total time for which application threads were stopped: 0.0000263 seconds, Stopping threads took: 0.0000059 seconds
[2019-01-14T09:17:27.115+0000][6948][safepoint    ] Application time: 0.0000291 seconds
[2019-01-14T09:17:27.115+0000][6948][safepoint    ] Total time for which application threads were stopped: 0.0000265 seconds, Stopping threads took: 0.0000059 seconds
[2019-01-14T09:17:27.115+0000][6948][safepoint    ] Application time: 0.0001179 seconds
[2019-01-14T09:17:27.115+0000][6948][safepoint    ] Total time for which application threads were stopped: 0.0000432 seconds, Stopping threads took: 0.0000103 seconds
[2019-01-14T09:17:27.127+0000][6948][safepoint    ] Application time: 0.0116587 seconds
[2019-01-14T09:17:27.127+0000][6948][safepoint    ] Total time for which application threads were stopped: 0.0000655 seconds, Stopping threads took: 0.0000041 seconds
[2019-01-14T09:17:27.127+0000][6948][safepoint    ] Application time: 0.0000559 seconds
[2019-01-14T09:17:27.127+0000][6948][safepoint    ] Total time for which application threads were stopped: 0.0000347 seconds, Stopping threads took: 0.0000021 seconds
[2019-01-14T09:17:27.128+0000][6948][safepoint    ] Application time: 0.0005750 seconds
[2019-01-14T09:17:27.128+0000][6948][safepoint    ] Total time for which application threads were stopped: 0.0000490 seconds, Stopping threads took: 0.0000092 seconds
[2019-01-14T09:17:27.129+0000][6948][safepoint    ] Application time: 0.0012663 seconds
[2019-01-14T09:17:27.129+0000][6948][safepoint    ] Total time for which application threads were stopped: 0.0000640 seconds, Stopping threads took: 0.0000126 seconds
[2019-01-14T09:17:27.129+0000][6948][safepoint    ] Application time: 0.0000415 seconds
[2019-01-14T09:17:27.129+0000][6948][safepoint    ] Total time for which application threads were stopped: 0.0000644 seconds, Stopping threads took: 0.0000065 seconds
[2019-01-14T09:17:27.130+0000][6948][safepoint    ] Application time: 0.0003513 seconds
[2019-01-14T09:17:27.130+0000][6948][safepoint    ] Total time for which application threads were stopped: 0.0000422 seconds, Stopping threads took: 0.0000079 seconds
[2019-01-14T09:17:27.130+0000][6948][safepoint    ] Application time: 0.0000375 seconds
[2019-01-14T09:17:27.130+0000][6948][safepoint    ] Total time for which application threads were stopped: 0.0000542 seconds, Stopping threads took: 0.0000139 seconds
[2019-01-14T09:17:27.131+0000][6948][safepoint    ] Application time: 0.0007430 seconds
[2019-01-14T09:17:27.131+0000][6948][safepoint    ] Total time for which application threads were stopped: 0.0000924 seconds, Stopping threads took: 0.0000541 seconds
[2019-01-14T09:17:27.140+0000][6948][safepoint    ] Application time: 0.0087458 seconds
[2019-01-14T09:17:27.140+0000][6948][safepoint    ] Total time for which application threads were stopped: 0.0001051 seconds, Stopping threads took: 0.0000456 seconds
[2019-01-14T09:17:27.143+0000][6948][safepoint    ] Application time: 0.0035380 seconds
[2019-01-14T09:17:27.143+0000][6948][safepoint    ] Total time for which application threads were stopped: 0.0001184 seconds, Stopping threads took: 0.0000274 seconds
[2019-01-14T09:17:27.148+0000][6948][safepoint    ] Application time: 0.0046799 seconds
[2019-01-14T09:17:27.148+0000][6948][safepoint    ] Total time for which application threads were stopped: 0.0000795 seconds, Stopping threads took: 0.0000338 seconds
[2019-01-14T09:17:27.213+0000][6948][safepoint    ] Application time: 0.0648862 seconds
[2019-01-14T09:17:27.213+0000][6948][safepoint    ] Total time for which application threads were stopped: 0.0000811 seconds, Stopping threads took: 0.0000053 seconds
[2019-01-14T09:17:27.213+0000][6948][safepoint    ] Application time: 0.0002492 seconds
[2019-01-14T09:17:27.213+0000][6948][safepoint    ] Total time for which application threads were stopped: 0.0000379 seconds, Stopping threads took: 0.0000031 seconds
[2019-01-14T09:17:27.214+0000][6948][safepoint    ] Application time: 0.0004286 seconds
[2019-01-14T09:17:27.214+0000][6948][safepoint    ] Total time for which application threads were stopped: 0.0000735 seconds, Stopping threads took: 0.0000302 seconds
[2019-01-14T09:17:27.215+0000][6948][safepoint    ] Application time: 0.0006604 seconds
[2019-01-14T09:17:27.215+0000][6948][safepoint    ] Total time for which application threads were stopped: 0.0001220 seconds, Stopping threads took: 0.0000494 seconds
[2019-01-14T09:17:27.215+0000][6948][safepoint    ] Application time: 0.0001575 seconds
[2019-01-14T09:17:27.215+0000][6948][safepoint    ] Total time for which application threads were stopped: 0.0000763 seconds, Stopping threads took: 0.0000025 seconds
[2019-01-14T09:17:27.215+0000][6948][safepoint    ] Application time: 0.0001486 seconds
[2019-01-14T09:17:27.215+0000][6948][safepoint    ] Total time for which application threads were stopped: 0.0000692 seconds, Stopping threads took: 0.0000238 seconds
[2019-01-14T09:17:27.216+0000][6948][safepoint    ] Application time: 0.0002454 seconds
[2019-01-14T09:17:27.216+0000][6948][safepoint    ] Total time for which application threads were stopped: 0.0000349 seconds, Stopping threads took: 0.0000020 seconds
[2019-01-14T09:17:27.216+0000][6948][safepoint    ] Application time: 0.0001270 seconds
[2019-01-14T09:17:27.216+0000][6948][safepoint    ] Total time for which application threads were stopped: 0.0000590 seconds, Stopping threads took: 0.0000304 seconds
[2019-01-14T09:17:27.216+0000][6948][safepoint    ] Application time: 0.0002289 seconds
[2019-01-14T09:17:27.216+0000][6948][safepoint    ] Total time for which application threads were stopped: 0.0000704 seconds, Stopping threads took: 0.0000453 seconds
[2019-01-14T09:17:27.216+0000][6948][safepoint    ] Application time: 0.0001248 seconds
[2019-01-14T09:17:27.216+0000][6948][safepoint    ] Total time for which application threads were stopped: 0.0000248 seconds, Stopping threads took: 0.0000020 seconds
[2019-01-14T09:17:27.217+0000][6948][safepoint    ] Application time: 0.0005281 seconds
[2019-01-14T09:17:27.217+0000][6948][safepoint    ] Total time for which application threads were stopped: 0.0001271 seconds, Stopping threads took: 0.0000907 seconds
[2019-01-14T09:17:27.217+0000][6948][safepoint    ] Application time: 0.0002744 seconds
[2019-01-14T09:17:27.217+0000][6948][safepoint    ] Total time for which application threads were stopped: 0.0000619 seconds, Stopping threads took: 0.0000249 seconds
[2019-01-14T09:17:27.218+0000][6948][safepoint    ] Application time: 0.0002590 seconds
[2019-01-14T09:17:27.218+0000][6948][safepoint    ] Total time for which application threads were stopped: 0.0000837 seconds, Stopping threads took: 0.0000618 seconds
[2019-01-14T09:17:27.218+0000][6948][safepoint    ] Application time: 0.0002721 seconds
[2019-01-14T09:17:27.218+0000][6948][safepoint    ] Total time for which application threads were stopped: 0.0000621 seconds, Stopping threads took: 0.0000270 seconds
[2019-01-14T09:17:27.218+0000][6948][safepoint    ] Application time: 0.0002028 seconds
[2019-01-14T09:17:27.218+0000][6948][safepoint    ] Total time for which application threads were stopped: 0.0000802 seconds, Stopping threads took: 0.0000379 seconds
[2019-01-14T09:17:27.219+0000][6948][safepoint    ] Application time: 0.0001885 seconds
[2019-01-14T09:17:27.219+0000][6948][safepoint    ] Total time for which application threads were stopped: 0.0000975 seconds, Stopping threads took: 0.0000075 seconds
[2019-01-14T09:17:27.219+0000][6948][safepoint    ] Application time: 0.0007765 seconds
[2019-01-14T09:17:27.220+0000][6948][safepoint    ] Total time for which application threads were stopped: 0.0001551 seconds, Stopping threads took: 0.0000312 seconds
[2019-01-14T09:17:27.220+0000][6948][safepoint    ] Application time: 0.0004707 seconds
[2019-01-14T09:17:27.220+0000][6948][safepoint    ] Total time for which application threads were stopped: 0.0000410 seconds, Stopping threads took: 0.0000022 seconds
[2019-01-14T09:17:27.221+0000][6948][safepoint    ] Application time: 0.0003422 seconds
[2019-01-14T09:17:27.221+0000][6948][safepoint    ] Total time for which application threads were stopped: 0.0000409 seconds, Stopping threads took: 0.0000136 seconds
[2019-01-14T09:17:27.221+0000][6948][safepoint    ] Application time: 0.0001204 seconds
[2019-01-14T09:17:27.221+0000][6948][safepoint    ] Total time for which application threads were stopped: 0.0000674 seconds, Stopping threads took: 0.0000315 seconds
[2019-01-14T09:17:27.221+0000][6948][safepoint    ] Application time: 0.0003226 seconds
[2019-01-14T09:17:27.221+0000][6948][safepoint    ] Total time for which application threads were stopped: 0.0000622 seconds, Stopping threads took: 0.0000263 seconds
[2019-01-14T09:17:27.221+0000][6948][safepoint    ] Application time: 0.0001204 seconds
[2019-01-14T09:17:27.221+0000][6948][safepoint    ] Total time for which application threads were stopped: 0.0000549 seconds, Stopping threads took: 0.0000115 seconds
[2019-01-14T09:17:27.222+0000][6948][safepoint    ] Application time: 0.0001961 seconds
[2019-01-14T09:17:27.222+0000][6948][safepoint    ] Total time for which application threads were stopped: 0.0000668 seconds, Stopping threads took: 0.0000284 seconds
[2019-01-14T09:17:27.222+0000][6948][safepoint    ] Application time: 0.0001954 seconds
[2019-01-14T09:17:27.222+0000][6948][safepoint    ] Total time for which application threads were stopped: 0.0000654 seconds, Stopping threads took: 0.0000304 seconds
[2019-01-14T09:17:27.222+0000][6948][safepoint    ] Application time: 0.0001322 seconds
[2019-01-14T09:17:27.222+0000][6948][safepoint    ] Total time for which application threads were stopped: 0.0000650 seconds, Stopping threads took: 0.0000262 seconds
[2019-01-14T09:17:27.224+0000][6948][safepoint    ] Application time: 0.0014113 seconds
[2019-01-14T09:17:27.224+0000][6948][safepoint    ] Total time for which application threads were stopped: 0.0000627 seconds, Stopping threads took: 0.0000174 seconds
[2019-01-14T09:17:27.224+0000][6948][safepoint    ] Application time: 0.0002308 seconds
[2019-01-14T09:17:27.224+0000][6948][safepoint    ] Total time for which application threads were stopped: 0.0000403 seconds, Stopping threads took: 0.0000024 seconds
[2019-01-14T09:17:27.225+0000][6948][safepoint    ] Application time: 0.0008944 seconds
[2019-01-14T09:17:27.225+0000][6948][safepoint    ] Total time for which application threads were stopped: 0.0000931 seconds, Stopping threads took: 0.0000044 seconds
[2019-01-14T09:17:27.225+0000][6948][safepoint    ] Application time: 0.0003553 seconds
[2019-01-14T09:17:27.225+0000][6948][safepoint    ] Total time for which application threads were stopped: 0.0000484 seconds, Stopping threads took: 0.0000031 seconds
[2019-01-14T09:17:27.226+0000][6948][safepoint    ] Application time: 0.0005439 seconds
[2019-01-14T09:17:27.226+0000][6948][safepoint    ] Total time for which application threads were stopped: 0.0000437 seconds, Stopping threads took: 0.0000040 seconds
[2019-01-14T09:17:27.226+0000][6948][safepoint    ] Application time: 0.0003212 seconds
[2019-01-14T09:17:27.226+0000][6948][safepoint    ] Total time for which application threads were stopped: 0.0000596 seconds, Stopping threads took: 0.0000199 seconds
[2019-01-14T09:17:27.227+0000][6948][safepoint    ] Application time: 0.0001746 seconds
[2019-01-14T09:17:27.227+0000][6948][safepoint    ] Total time for which application threads were stopped: 0.0000995 seconds, Stopping threads took: 0.0000718 seconds
[2019-01-14T09:17:27.227+0000][6948][safepoint    ] Application time: 0.0002734 seconds
[2019-01-14T09:17:27.227+0000][6948][safepoint    ] Total time for which application threads were stopped: 0.0000485 seconds, Stopping threads took: 0.0000158 seconds
[2019-01-14T09:17:27.233+0000][6948][safepoint    ] Application time: 0.0054930 seconds
[2019-01-14T09:17:27.233+0000][6948][safepoint    ] Total time for which application threads were stopped: 0.0004143 seconds, Stopping threads took: 0.0003425 seconds
[2019-01-14T09:17:27.234+0000][6948][safepoint    ] Application time: 0.0004136 seconds
[2019-01-14T09:17:27.234+0000][6948][safepoint    ] Total time for which application threads were stopped: 0.0000493 seconds, Stopping threads took: 0.0000230 seconds
[2019-01-14T09:17:27.236+0000][6948][safepoint    ] Application time: 0.0019373 seconds
[2019-01-14T09:17:27.236+0000][6948][safepoint    ] Total time for which application threads were stopped: 0.0002627 seconds, Stopping threads took: 0.0001220 seconds
[2019-01-14T09:17:27.238+0000][6948][safepoint    ] Application time: 0.0016943 seconds
[2019-01-14T09:17:27.238+0000][6948][safepoint    ] Total time for which application threads were stopped: 0.0000726 seconds, Stopping threads took: 0.0000223 seconds
[2019-01-14T09:17:27.238+0000][6948][safepoint    ] Application time: 0.0001325 seconds
[2019-01-14T09:17:27.238+0000][6948][safepoint    ] Total time for which application threads were stopped: 0.0000450 seconds, Stopping threads took: 0.0000023 seconds
[2019-01-14T09:17:27.238+0000][6948][safepoint    ] Application time: 0.0000815 seconds
[2019-01-14T09:17:27.238+0000][6948][safepoint    ] Total time for which application threads were stopped: 0.0000533 seconds, Stopping threads took: 0.0000239 seconds
[2019-01-14T09:17:27.239+0000][6948][safepoint    ] Application time: 0.0004364 seconds
[2019-01-14T09:17:27.239+0000][6948][safepoint    ] Total time for which application threads were stopped: 0.0000523 seconds, Stopping threads took: 0.0000291 seconds
[2019-01-14T09:17:27.241+0000][6948][safepoint    ] Application time: 0.0018137 seconds
[2019-01-14T09:17:27.241+0000][6948][safepoint    ] Total time for which application threads were stopped: 0.0001329 seconds, Stopping threads took: 0.0000410 seconds
[2019-01-14T09:17:27.241+0000][6948][safepoint    ] Application time: 0.0003607 seconds
[2019-01-14T09:17:27.241+0000][6948][safepoint    ] Total time for which application threads were stopped: 0.0000385 seconds, Stopping threads took: 0.0000021 seconds
[2019-01-14T09:17:27.241+0000][6948][safepoint    ] Application time: 0.0000628 seconds
[2019-01-14T09:17:27.247+0000][6948][safepoint    ] Total time for which application threads were stopped: 0.0061790 seconds, Stopping threads took: 0.0000173 seconds
[2019-01-14T09:17:27.248+0000][6948][safepoint    ] Application time: 0.0001340 seconds
[2019-01-14T09:17:27.248+0000][6948][safepoint    ] Total time for which application threads were stopped: 0.0000791 seconds, Stopping threads took: 0.0000070 seconds
[2019-01-14T09:17:27.286+0000][6948][safepoint    ] Application time: 0.0386988 seconds
[2019-01-14T09:17:27.287+0000][6948][safepoint    ] Total time for which application threads were stopped: 0.0000820 seconds, Stopping threads took: 0.0000111 seconds
[2019-01-14T09:17:27.287+0000][6948][safepoint    ] Application time: 0.0001696 seconds
[2019-01-14T09:17:27.287+0000][6948][safepoint    ] Total time for which application threads were stopped: 0.0000439 seconds, Stopping threads took: 0.0000074 seconds
[2019-01-14T09:17:27.501+0000][6948][safepoint    ] Application time: 0.2143158 seconds
[2019-01-14T09:17:27.501+0000][6948][safepoint    ] Total time for which application threads were stopped: 0.0000615 seconds, Stopping threads took: 0.0000150 seconds
[2019-01-14T09:17:27.502+0000][6948][safepoint    ] Application time: 0.0004969 seconds
[2019-01-14T09:17:27.502+0000][6948][safepoint    ] Total time for which application threads were stopped: 0.0000705 seconds, Stopping threads took: 0.0000329 seconds
[2019-01-14T09:17:27.507+0000][6948][safepoint    ] Application time: 0.0051476 seconds
[2019-01-14T09:17:27.508+0000][6948][safepoint    ] Total time for which application threads were stopped: 0.0005874 seconds, Stopping threads took: 0.0000311 seconds
[2019-01-14T09:17:27.508+0000][6948][safepoint    ] Application time: 0.0000537 seconds
[2019-01-14T09:17:27.508+0000][6948][safepoint    ] Total time for which application threads were stopped: 0.0000217 seconds, Stopping threads took: 0.0000077 seconds
[2019-01-14T09:17:27.508+0000][6948][safepoint    ] Application time: 0.0000673 seconds
[2019-01-14T09:17:27.508+0000][6948][safepoint    ] Total time for which application threads were stopped: 0.0000199 seconds, Stopping threads took: 0.0000063 seconds
[2019-01-14T09:17:27.783+0000][6948][safepoint    ] Application time: 0.2744988 seconds
[2019-01-14T09:17:27.783+0000][6948][safepoint    ] Total time for which application threads were stopped: 0.0000532 seconds, Stopping threads took: 0.0000128 seconds
[2019-01-14T09:17:27.783+0000][6948][safepoint    ] Application time: 0.0003878 seconds
[2019-01-14T09:17:27.783+0000][6948][safepoint    ] Total time for which application threads were stopped: 0.0000249 seconds, Stopping threads took: 0.0000086 seconds
[2019-01-14T09:17:27.784+0000][6948][safepoint    ] Application time: 0.0002142 seconds
[2019-01-14T09:17:27.784+0000][6948][safepoint    ] Total time for which application threads were stopped: 0.0000332 seconds, Stopping threads took: 0.0000095 seconds
[2019-01-14T09:17:27.784+0000][6948][safepoint    ] Application time: 0.0000788 seconds
[2019-01-14T09:17:27.784+0000][6948][safepoint    ] Total time for which application threads were stopped: 0.0000965 seconds, Stopping threads took: 0.0000064 seconds
[2019-01-14T09:17:27.847+0000][6948][safepoint    ] Application time: 0.0632547 seconds
[2019-01-14T09:17:27.847+0000][6948][gc,start     ] GC(20) Pause Young (Allocation Failure)
[2019-01-14T09:17:27.847+0000][6948][gc,task      ] GC(20) Using 2 workers of 2 for evacuation
[2019-01-14T09:17:27.878+0000][6948][gc,age       ] GC(20) Desired survivor size 4456448 bytes, new threshold 2 (max threshold 6)
[2019-01-14T09:17:27.878+0000][6948][gc,age       ] GC(20) Age table with threshold 2 (max threshold 6)
[2019-01-14T09:17:27.878+0000][6948][gc,age       ] GC(20) - age   1:    2355360 bytes,    2355360 total
[2019-01-14T09:17:27.878+0000][6948][gc,age       ] GC(20) - age   2:    2491432 bytes,    4846792 total
[2019-01-14T09:17:27.878+0000][6948][gc,heap      ] GC(20) ParNew: 78087K->7209K(78656K)
[2019-01-14T09:17:27.878+0000][6948][gc,heap      ] GC(20) CMS: 44994K->47935K(174784K)
[2019-01-14T09:17:27.878+0000][6948][gc,metaspace ] GC(20) Metaspace: 57383K->57383K(1101824K)
[2019-01-14T09:17:27.878+0000][6948][gc           ] GC(20) Pause Young (Allocation Failure) 120M->53M(247M) 30.442ms
[2019-01-14T09:17:27.878+0000][6948][gc,cpu       ] GC(20) User=0.05s Sys=0.00s Real=0.03s
[2019-01-14T09:17:27.878+0000][6948][safepoint    ] Total time for which application threads were stopped: 0.0305349 seconds, Stopping threads took: 0.0000123 seconds
[2019-01-14T09:17:28.092+0000][6948][safepoint    ] Application time: 0.2140711 seconds
[2019-01-14T09:17:28.092+0000][6948][safepoint    ] Total time for which application threads were stopped: 0.0000767 seconds, Stopping threads took: 0.0000063 seconds
[2019-01-14T09:17:28.092+0000][6948][safepoint    ] Application time: 0.0005630 seconds
[2019-01-14T09:17:28.093+0000][6948][safepoint    ] Total time for which application threads were stopped: 0.0000248 seconds, Stopping threads took: 0.0000044 seconds
[2019-01-14T09:17:29.093+0000][6948][safepoint    ] Application time: 1.0002242 seconds
[2019-01-14T09:17:29.094+0000][6948][safepoint    ] Total time for which application threads were stopped: 0.0007584 seconds, Stopping threads took: 0.0000111 seconds
[2019-01-14T09:17:29.094+0000][6948][safepoint    ] Application time: 0.0004056 seconds
[2019-01-14T09:17:29.094+0000][6948][safepoint    ] Total time for which application threads were stopped: 0.0000391 seconds, Stopping threads took: 0.0000084 seconds
[2019-01-14T09:17:29.094+0000][6948][safepoint    ] Application time: 0.0000196 seconds
[2019-01-14T09:17:29.094+0000][6948][safepoint    ] Total time for which application threads were stopped: 0.0000179 seconds, Stopping threads took: 0.0000048 seconds
[2019-01-14T09:17:29.094+0000][6948][safepoint    ] Application time: 0.0000315 seconds
[2019-01-14T09:17:29.094+0000][6948][safepoint    ] Total time for which application threads were stopped: 0.0000150 seconds, Stopping threads took: 0.0000049 seconds
[2019-01-14T09:17:29.882+0000][6948][safepoint    ] Application time: 0.7875871 seconds
[2019-01-14T09:17:29.883+0000][6948][safepoint    ] Total time for which application threads were stopped: 0.0016188 seconds, Stopping threads took: 0.0000441 seconds
[2019-01-14T09:17:30.099+0000][6948][safepoint    ] Application time: 0.2158658 seconds
[2019-01-14T09:17:30.100+0000][6948][safepoint    ] Total time for which application threads were stopped: 0.0003921 seconds, Stopping threads took: 0.0003378 seconds
[2019-01-14T09:17:30.228+0000][6948][safepoint    ] Application time: 0.1280201 seconds
[2019-01-14T09:17:30.228+0000][6948][gc,start     ] GC(21) Pause Young (Allocation Failure)
[2019-01-14T09:17:30.228+0000][6948][gc,task      ] GC(21) Using 2 workers of 2 for evacuation
[2019-01-14T09:17:30.258+0000][6948][gc,age       ] GC(21) Desired survivor size 4456448 bytes, new threshold 2 (max threshold 6)
[2019-01-14T09:17:30.258+0000][6948][gc,age       ] GC(21) Age table with threshold 2 (max threshold 6)
[2019-01-14T09:17:30.258+0000][6948][gc,age       ] GC(21) - age   1:    3499264 bytes,    3499264 total
[2019-01-14T09:17:30.258+0000][6948][gc,age       ] GC(21) - age   2:    2283064 bytes,    5782328 total
[2019-01-14T09:17:30.258+0000][6948][gc,heap      ] GC(21) ParNew: 77161K->8704K(78656K)
[2019-01-14T09:17:30.258+0000][6948][gc,heap      ] GC(21) CMS: 47935K->50452K(174784K)
[2019-01-14T09:17:30.258+0000][6948][gc,metaspace ] GC(21) Metaspace: 64868K->64868K(1107968K)
[2019-01-14T09:17:30.258+0000][6948][gc           ] GC(21) Pause Young (Allocation Failure) 122M->57M(247M) 30.409ms
[2019-01-14T09:17:30.258+0000][6948][gc,cpu       ] GC(21) User=0.03s Sys=0.01s Real=0.03s
[2019-01-14T09:17:30.258+0000][6948][safepoint    ] Total time for which application threads were stopped: 0.0306025 seconds, Stopping threads took: 0.0000267 seconds
[2019-01-14T09:17:30.911+0000][6948][safepoint    ] Application time: 0.6527316 seconds
[2019-01-14T09:17:30.911+0000][6948][safepoint    ] Total time for which application threads were stopped: 0.0002361 seconds, Stopping threads took: 0.0000070 seconds
[2019-01-14T09:17:31.074+0000][6948][safepoint    ] Application time: 0.1624177 seconds
[2019-01-14T09:17:31.078+0000][6948][safepoint    ] Total time for which application threads were stopped: 0.0043628 seconds, Stopping threads took: 0.0042040 seconds
[2019-01-14T09:17:31.078+0000][6948][safepoint    ] Application time: 0.0000505 seconds
[2019-01-14T09:17:31.084+0000][6948][safepoint    ] Total time for which application threads were stopped: 0.0052167 seconds, Stopping threads took: 0.0050708 seconds
[2019-01-14T09:17:31.084+0000][6948][safepoint    ] Application time: 0.0001012 seconds
[2019-01-14T09:17:31.084+0000][6948][safepoint    ] Total time for which application threads were stopped: 0.0001657 seconds, Stopping threads took: 0.0000342 seconds
[2019-01-14T09:17:31.084+0000][6948][safepoint    ] Application time: 0.0000540 seconds
[2019-01-14T09:17:31.086+0000][6948][safepoint    ] Total time for which application threads were stopped: 0.0017663 seconds, Stopping threads took: 0.0014789 seconds
[2019-01-14T09:17:31.115+0000][6948][safepoint    ] Application time: 0.0286353 seconds
[2019-01-14T09:17:31.116+0000][6948][safepoint    ] Total time for which application threads were stopped: 0.0017025 seconds, Stopping threads took: 0.0016268 seconds
[2019-01-14T09:17:31.239+0000][6948][safepoint    ] Application time: 0.1221920 seconds
[2019-01-14T09:17:31.239+0000][6948][safepoint    ] Total time for which application threads were stopped: 0.0005060 seconds, Stopping threads took: 0.0000076 seconds
[2019-01-14T09:17:31.267+0000][6948][safepoint    ] Application time: 0.0275639 seconds
[2019-01-14T09:17:31.269+0000][6948][safepoint    ] Total time for which application threads were stopped: 0.0023594 seconds, Stopping threads took: 0.0017120 seconds
[2019-01-14T09:17:31.269+0000][6948][safepoint    ] Application time: 0.0002279 seconds
[2019-01-14T09:17:31.272+0000][6948][safepoint    ] Total time for which application threads were stopped: 0.0027208 seconds, Stopping threads took: 0.0026121 seconds
[2019-01-14T09:17:31.273+0000][6948][safepoint    ] Application time: 0.0006318 seconds
[2019-01-14T09:17:31.273+0000][6948][safepoint    ] Total time for which application threads were stopped: 0.0000602 seconds, Stopping threads took: 0.0000177 seconds
[2019-01-14T09:17:31.273+0000][6948][safepoint    ] Application time: 0.0004533 seconds
[2019-01-14T09:17:31.273+0000][6948][safepoint    ] Total time for which application threads were stopped: 0.0000542 seconds, Stopping threads took: 0.0000092 seconds
[2019-01-14T09:17:31.274+0000][6948][safepoint    ] Application time: 0.0002753 seconds
[2019-01-14T09:17:31.274+0000][6948][safepoint    ] Total time for which application threads were stopped: 0.0000405 seconds, Stopping threads took: 0.0000087 seconds
[2019-01-14T09:17:31.274+0000][6948][safepoint    ] Application time: 0.0000264 seconds
[2019-01-14T09:17:31.274+0000][6948][safepoint    ] Total time for which application threads were stopped: 0.0000261 seconds, Stopping threads took: 0.0000052 seconds
[2019-01-14T09:17:31.274+0000][6948][safepoint    ] Application time: 0.0001981 seconds
[2019-01-14T09:17:31.274+0000][6948][safepoint    ] Total time for which application threads were stopped: 0.0000318 seconds, Stopping threads took: 0.0000077 seconds
[2019-01-14T09:17:31.279+0000][6948][safepoint    ] Application time: 0.0045259 seconds
[2019-01-14T09:17:31.279+0000][6948][safepoint    ] Total time for which application threads were stopped: 0.0001237 seconds, Stopping threads took: 0.0000360 seconds
[2019-01-14T09:17:31.279+0000][6948][safepoint    ] Application time: 0.0004251 seconds
[2019-01-14T09:17:31.279+0000][6948][safepoint    ] Total time for which application threads were stopped: 0.0000952 seconds, Stopping threads took: 0.0000092 seconds
[2019-01-14T09:17:31.279+0000][6948][safepoint    ] Application time: 0.0000526 seconds
[2019-01-14T09:17:31.280+0000][6948][safepoint    ] Total time for which application threads were stopped: 0.0000826 seconds, Stopping threads took: 0.0000137 seconds
[2019-01-14T09:17:31.280+0000][6948][safepoint    ] Application time: 0.0000409 seconds
[2019-01-14T09:17:31.280+0000][6948][safepoint    ] Total time for which application threads were stopped: 0.0000532 seconds, Stopping threads took: 0.0000063 seconds
[2019-01-14T09:17:31.280+0000][6948][safepoint    ] Application time: 0.0000408 seconds
[2019-01-14T09:17:31.280+0000][6948][safepoint    ] Total time for which application threads were stopped: 0.0000385 seconds, Stopping threads took: 0.0000058 seconds
[2019-01-14T09:17:31.287+0000][6948][safepoint    ] Application time: 0.0068506 seconds
[2019-01-14T09:17:31.287+0000][6948][safepoint    ] Total time for which application threads were stopped: 0.0000582 seconds, Stopping threads took: 0.0000130 seconds
[2019-01-14T09:17:31.287+0000][6948][safepoint    ] Application time: 0.0003533 seconds
[2019-01-14T09:17:31.287+0000][6948][safepoint    ] Total time for which application threads were stopped: 0.0000387 seconds, Stopping threads took: 0.0000083 seconds
[2019-01-14T09:17:31.295+0000][6948][safepoint    ] Application time: 0.0082584 seconds
[2019-01-14T09:17:31.295+0000][6948][safepoint    ] Total time for which application threads were stopped: 0.0000555 seconds, Stopping threads took: 0.0000128 seconds
[2019-01-14T09:17:31.296+0000][6948][safepoint    ] Application time: 0.0000553 seconds
[2019-01-14T09:17:31.296+0000][6948][safepoint    ] Total time for which application threads were stopped: 0.0000293 seconds, Stopping threads took: 0.0000055 seconds
[2019-01-14T09:17:31.312+0000][6948][safepoint    ] Application time: 0.0168053 seconds
[2019-01-14T09:17:31.313+0000][6948][safepoint    ] Total time for which application threads were stopped: 0.0006679 seconds, Stopping threads took: 0.0001934 seconds
[2019-01-14T09:17:31.326+0000][6948][safepoint    ] Application time: 0.0132173 seconds
[2019-01-14T09:17:31.327+0000][6948][safepoint    ] Total time for which application threads were stopped: 0.0001413 seconds, Stopping threads took: 0.0000101 seconds
[2019-01-14T09:17:31.328+0000][6948][safepoint    ] Application time: 0.0017830 seconds
[2019-01-14T09:17:31.329+0000][6948][safepoint    ] Total time for which application threads were stopped: 0.0002560 seconds, Stopping threads took: 0.0000514 seconds
[2019-01-14T09:17:31.330+0000][6948][safepoint    ] Application time: 0.0009111 seconds
[2019-01-14T09:17:31.330+0000][6948][safepoint    ] Total time for which application threads were stopped: 0.0000747 seconds, Stopping threads took: 0.0000078 seconds
[2019-01-14T09:17:31.333+0000][6948][safepoint    ] Application time: 0.0027256 seconds
[2019-01-14T09:17:31.333+0000][6948][safepoint    ] Total time for which application threads were stopped: 0.0000511 seconds, Stopping threads took: 0.0000072 seconds
[2019-01-14T09:17:31.334+0000][6948][safepoint    ] Application time: 0.0010357 seconds
[2019-01-14T09:17:31.334+0000][6948][safepoint    ] Total time for which application threads were stopped: 0.0000525 seconds, Stopping threads took: 0.0000072 seconds
[2019-01-14T09:17:31.336+0000][6948][safepoint    ] Application time: 0.0025562 seconds
[2019-01-14T09:17:31.336+0000][6948][safepoint    ] Total time for which application threads were stopped: 0.0000849 seconds, Stopping threads took: 0.0000070 seconds
[2019-01-14T09:17:31.517+0000][6948][safepoint    ] Application time: 0.1801348 seconds
[2019-01-14T09:17:31.517+0000][6948][safepoint    ] Total time for which application threads were stopped: 0.0007325 seconds, Stopping threads took: 0.0006691 seconds
[2019-01-14T09:17:31.530+0000][6948][safepoint    ] Application time: 0.0127963 seconds
[2019-01-14T09:17:31.538+0000][6948][safepoint    ] Total time for which application threads were stopped: 0.0081546 seconds, Stopping threads took: 0.0080844 seconds
[2019-01-14T09:17:31.544+0000][6948][safepoint    ] Application time: 0.0050443 seconds
[2019-01-14T09:17:31.545+0000][6948][safepoint    ] Total time for which application threads were stopped: 0.0010181 seconds, Stopping threads took: 0.0008737 seconds
[2019-01-14T09:17:31.545+0000][6948][safepoint    ] Application time: 0.0000337 seconds
[2019-01-14T09:17:31.545+0000][6948][safepoint    ] Total time for which application threads were stopped: 0.0000242 seconds, Stopping threads took: 0.0000048 seconds
[2019-01-14T09:17:31.545+0000][6948][safepoint    ] Application time: 0.0000260 seconds
[2019-01-14T09:17:31.545+0000][6948][safepoint    ] Total time for which application threads were stopped: 0.0000169 seconds, Stopping threads took: 0.0000012 seconds
[2019-01-14T09:17:31.554+0000][6948][safepoint    ] Application time: 0.0092080 seconds
[2019-01-14T09:17:31.557+0000][6948][safepoint    ] Total time for which application threads were stopped: 0.0026702 seconds, Stopping threads took: 0.0025897 seconds
[2019-01-14T09:17:31.565+0000][6948][safepoint    ] Application time: 0.0078540 seconds
[2019-01-14T09:17:31.565+0000][6948][safepoint    ] Total time for which application threads were stopped: 0.0000613 seconds, Stopping threads took: 0.0000116 seconds
[2019-01-14T09:17:31.574+0000][6948][safepoint    ] Application time: 0.0075463 seconds
[2019-01-14T09:17:31.574+0000][6948][safepoint    ] Total time for which application threads were stopped: 0.0000536 seconds, Stopping threads took: 0.0000173 seconds
[2019-01-14T09:17:31.575+0000][6948][safepoint    ] Application time: 0.0007842 seconds
[2019-01-14T09:17:31.575+0000][6948][safepoint    ] Total time for which application threads were stopped: 0.0000523 seconds, Stopping threads took: 0.0000227 seconds
[2019-01-14T09:17:31.576+0000][6948][safepoint    ] Application time: 0.0018450 seconds
[2019-01-14T09:17:31.577+0000][6948][safepoint    ] Total time for which application threads were stopped: 0.0000489 seconds, Stopping threads took: 0.0000126 seconds
[2019-01-14T09:17:31.577+0000][6948][safepoint    ] Application time: 0.0000528 seconds
[2019-01-14T09:17:31.577+0000][6948][safepoint    ] Total time for which application threads were stopped: 0.0000212 seconds, Stopping threads took: 0.0000028 seconds
[2019-01-14T09:17:31.577+0000][6948][safepoint    ] Application time: 0.0001361 seconds
[2019-01-14T09:17:31.577+0000][6948][safepoint    ] Total time for which application threads were stopped: 0.0000219 seconds, Stopping threads took: 0.0000020 seconds
[2019-01-14T09:17:31.577+0000][6948][safepoint    ] Application time: 0.0000167 seconds
[2019-01-14T09:17:31.577+0000][6948][safepoint    ] Total time for which application threads were stopped: 0.0000154 seconds, Stopping threads took: 0.0000011 seconds
[2019-01-14T09:17:31.577+0000][6948][safepoint    ] Application time: 0.0000144 seconds
[2019-01-14T09:17:31.577+0000][6948][safepoint    ] Total time for which application threads were stopped: 0.0000159 seconds, Stopping threads took: 0.0000010 seconds
[2019-01-14T09:17:31.577+0000][6948][safepoint    ] Application time: 0.0002900 seconds
[2019-01-14T09:17:31.577+0000][6948][safepoint    ] Total time for which application threads were stopped: 0.0000261 seconds, Stopping threads took: 0.0000026 seconds
[2019-01-14T09:17:31.577+0000][6948][safepoint    ] Application time: 0.0000173 seconds
[2019-01-14T09:17:31.577+0000][6948][safepoint    ] Total time for which application threads were stopped: 0.0000163 seconds, Stopping threads took: 0.0000010 seconds
[2019-01-14T09:17:31.577+0000][6948][safepoint    ] Application time: 0.0000136 seconds
[2019-01-14T09:17:31.577+0000][6948][safepoint    ] Total time for which application threads were stopped: 0.0000163 seconds, Stopping threads took: 0.0000010 seconds
[2019-01-14T09:17:31.584+0000][6948][safepoint    ] Application time: 0.0064922 seconds
[2019-01-14T09:17:31.584+0000][6948][safepoint    ] Total time for which application threads were stopped: 0.0000512 seconds, Stopping threads took: 0.0000181 seconds
[2019-01-14T09:17:31.610+0000][6948][safepoint    ] Application time: 0.0261493 seconds
[2019-01-14T09:17:31.613+0000][6948][safepoint    ] Total time for which application threads were stopped: 0.0025206 seconds, Stopping threads took: 0.0024613 seconds
[2019-01-14T09:17:31.613+0000][6948][safepoint    ] Application time: 0.0003133 seconds
[2019-01-14T09:17:31.613+0000][6948][safepoint    ] Total time for which application threads were stopped: 0.0001101 seconds, Stopping threads took: 0.0000041 seconds
[2019-01-14T09:17:31.616+0000][6948][safepoint    ] Application time: 0.0031366 seconds
[2019-01-14T09:17:31.621+0000][6948][safepoint    ] Total time for which application threads were stopped: 0.0042763 seconds, Stopping threads took: 0.0042180 seconds
[2019-01-14T09:17:31.627+0000][6948][safepoint    ] Application time: 0.0063159 seconds
[2019-01-14T09:17:31.630+0000][6948][safepoint    ] Total time for which application threads were stopped: 0.0027761 seconds, Stopping threads took: 0.0025262 seconds
[2019-01-14T09:17:31.637+0000][6948][safepoint    ] Application time: 0.0068521 seconds
[2019-01-14T09:17:31.640+0000][6948][safepoint    ] Total time for which application threads were stopped: 0.0031339 seconds, Stopping threads took: 0.0030701 seconds
[2019-01-14T09:17:31.641+0000][6948][safepoint    ] Application time: 0.0007722 seconds
[2019-01-14T09:17:31.641+0000][6948][safepoint    ] Total time for which application threads were stopped: 0.0001086 seconds, Stopping threads took: 0.0000052 seconds
[2019-01-14T09:17:31.642+0000][6948][safepoint    ] Application time: 0.0006072 seconds
[2019-01-14T09:17:31.642+0000][6948][safepoint    ] Total time for which application threads were stopped: 0.0000468 seconds, Stopping threads took: 0.0000038 seconds
[2019-01-14T09:17:31.642+0000][6948][safepoint    ] Application time: 0.0000351 seconds
[2019-01-14T09:17:31.642+0000][6948][safepoint    ] Total time for which application threads were stopped: 0.0000244 seconds, Stopping threads took: 0.0000017 seconds
[2019-01-14T09:17:31.643+0000][6948][safepoint    ] Application time: 0.0009337 seconds
[2019-01-14T09:17:31.643+0000][6948][safepoint    ] Total time for which application threads were stopped: 0.0000723 seconds, Stopping threads took: 0.0000046 seconds
[2019-01-14T09:17:31.643+0000][6948][safepoint    ] Application time: 0.0000257 seconds
[2019-01-14T09:17:31.643+0000][6948][safepoint    ] Total time for which application threads were stopped: 0.0000280 seconds, Stopping threads took: 0.0000018 seconds
[2019-01-14T09:17:31.643+0000][6948][safepoint    ] Application time: 0.0004783 seconds
[2019-01-14T09:17:31.643+0000][6948][safepoint    ] Total time for which application threads were stopped: 0.0000962 seconds, Stopping threads took: 0.0000184 seconds
[2019-01-14T09:17:31.646+0000][6948][safepoint    ] Application time: 0.0028518 seconds
[2019-01-14T09:17:31.647+0000][6948][safepoint    ] Total time for which application threads were stopped: 0.0001773 seconds, Stopping threads took: 0.0000070 seconds
[2019-01-14T09:17:31.647+0000][6948][safepoint    ] Application time: 0.0000672 seconds
[2019-01-14T09:17:31.647+0000][6948][safepoint    ] Total time for which application threads were stopped: 0.0000397 seconds, Stopping threads took: 0.0000102 seconds
[2019-01-14T09:17:31.647+0000][6948][safepoint    ] Application time: 0.0000561 seconds
[2019-01-14T09:17:31.647+0000][6948][safepoint    ] Total time for which application threads were stopped: 0.0000485 seconds, Stopping threads took: 0.0000116 seconds
[2019-01-14T09:17:31.647+0000][6948][safepoint    ] Application time: 0.0000207 seconds
[2019-01-14T09:17:31.647+0000][6948][safepoint    ] Total time for which application threads were stopped: 0.0002582 seconds, Stopping threads took: 0.0002263 seconds
[2019-01-14T09:17:31.647+0000][6948][safepoint    ] Application time: 0.0000516 seconds
[2019-01-14T09:17:31.647+0000][6948][safepoint    ] Total time for which application threads were stopped: 0.0000290 seconds, Stopping threads took: 0.0000020 seconds
[2019-01-14T09:17:31.647+0000][6948][safepoint    ] Application time: 0.0003292 seconds
[2019-01-14T09:17:31.648+0000][6948][safepoint    ] Total time for which application threads were stopped: 0.0000468 seconds, Stopping threads took: 0.0000147 seconds
[2019-01-14T09:17:31.648+0000][6948][safepoint    ] Application time: 0.0001981 seconds
[2019-01-14T09:17:31.648+0000][6948][safepoint    ] Total time for which application threads were stopped: 0.0000475 seconds, Stopping threads took: 0.0000155 seconds
[2019-01-14T09:17:31.649+0000][6948][safepoint    ] Application time: 0.0006907 seconds
[2019-01-14T09:17:31.649+0000][6948][safepoint    ] Total time for which application threads were stopped: 0.0006983 seconds, Stopping threads took: 0.0004262 seconds
[2019-01-14T09:17:31.650+0000][6948][safepoint    ] Application time: 0.0003483 seconds
[2019-01-14T09:17:31.650+0000][6948][safepoint    ] Total time for which application threads were stopped: 0.0002775 seconds, Stopping threads took: 0.0001897 seconds
[2019-01-14T09:17:31.658+0000][6948][safepoint    ] Application time: 0.0081526 seconds
[2019-01-14T09:17:31.658+0000][6948][safepoint    ] Total time for which application threads were stopped: 0.0003213 seconds, Stopping threads took: 0.0002649 seconds
[2019-01-14T09:17:31.659+0000][6948][safepoint    ] Application time: 0.0009222 seconds
[2019-01-14T09:17:31.659+0000][6948][safepoint    ] Total time for which application threads were stopped: 0.0000504 seconds, Stopping threads took: 0.0000070 seconds
[2019-01-14T09:17:31.660+0000][6948][safepoint    ] Application time: 0.0001477 seconds
[2019-01-14T09:17:31.660+0000][6948][safepoint    ] Total time for which application threads were stopped: 0.0000344 seconds, Stopping threads took: 0.0000032 seconds
[2019-01-14T09:17:31.660+0000][6948][safepoint    ] Application time: 0.0000203 seconds
[2019-01-14T09:17:31.660+0000][6948][safepoint    ] Total time for which application threads were stopped: 0.0000241 seconds, Stopping threads took: 0.0000014 seconds
[2019-01-14T09:17:31.661+0000][6948][safepoint    ] Application time: 0.0008465 seconds
[2019-01-14T09:17:31.661+0000][6948][safepoint    ] Total time for which application threads were stopped: 0.0000455 seconds, Stopping threads took: 0.0000040 seconds
[2019-01-14T09:17:31.661+0000][6948][safepoint    ] Application time: 0.0005422 seconds
[2019-01-14T09:17:31.661+0000][6948][safepoint    ] Total time for which application threads were stopped: 0.0000593 seconds, Stopping threads took: 0.0000050 seconds
[2019-01-14T09:17:31.661+0000][6948][safepoint    ] Application time: 0.0001441 seconds
[2019-01-14T09:17:31.661+0000][6948][safepoint    ] Total time for which application threads were stopped: 0.0000346 seconds, Stopping threads took: 0.0000033 seconds
[2019-01-14T09:17:31.662+0000][6948][safepoint    ] Application time: 0.0007120 seconds
[2019-01-14T09:17:31.662+0000][6948][safepoint    ] Total time for which application threads were stopped: 0.0000469 seconds, Stopping threads took: 0.0000054 seconds
[2019-01-14T09:17:31.666+0000][6948][safepoint    ] Application time: 0.0038489 seconds
[2019-01-14T09:17:31.666+0000][6948][safepoint    ] Total time for which application threads were stopped: 0.0000664 seconds, Stopping threads took: 0.0000162 seconds
[2019-01-14T09:17:31.666+0000][6948][safepoint    ] Application time: 0.0001039 seconds
[2019-01-14T09:17:31.666+0000][6948][safepoint    ] Total time for which application threads were stopped: 0.0000707 seconds, Stopping threads took: 0.0000092 seconds
[2019-01-14T09:17:31.667+0000][6948][safepoint    ] Application time: 0.0006383 seconds
[2019-01-14T09:17:31.667+0000][6948][safepoint    ] Total time for which application threads were stopped: 0.0000414 seconds, Stopping threads took: 0.0000046 seconds
[2019-01-14T09:17:31.667+0000][6948][safepoint    ] Application time: 0.0000762 seconds
[2019-01-14T09:17:31.667+0000][6948][safepoint    ] Total time for which application threads were stopped: 0.0000295 seconds, Stopping threads took: 0.0000024 seconds
[2019-01-14T09:17:31.667+0000][6948][safepoint    ] Application time: 0.0002939 seconds
[2019-01-14T09:17:31.668+0000][6948][safepoint    ] Total time for which application threads were stopped: 0.0000342 seconds, Stopping threads took: 0.0000032 seconds
[2019-01-14T09:17:31.668+0000][6948][safepoint    ] Application time: 0.0000514 seconds
[2019-01-14T09:17:31.668+0000][6948][safepoint    ] Total time for which application threads were stopped: 0.0000264 seconds, Stopping threads took: 0.0000023 seconds
[2019-01-14T09:17:31.668+0000][6948][safepoint    ] Application time: 0.0000605 seconds
[2019-01-14T09:17:31.668+0000][6948][safepoint    ] Total time for which application threads were stopped: 0.0000305 seconds, Stopping threads took: 0.0000039 seconds
[2019-01-14T09:17:31.668+0000][6948][safepoint    ] Application time: 0.0001350 seconds
[2019-01-14T09:17:31.668+0000][6948][safepoint    ] Total time for which application threads were stopped: 0.0000259 seconds, Stopping threads took: 0.0000022 seconds
[2019-01-14T09:17:31.668+0000][6948][safepoint    ] Application time: 0.0000636 seconds
[2019-01-14T09:17:31.668+0000][6948][safepoint    ] Total time for which application threads were stopped: 0.0000250 seconds, Stopping threads took: 0.0000020 seconds
[2019-01-14T09:17:31.668+0000][6948][safepoint    ] Application time: 0.0000629 seconds
[2019-01-14T09:17:31.668+0000][6948][safepoint    ] Total time for which application threads were stopped: 0.0000247 seconds, Stopping threads took: 0.0000020 seconds
[2019-01-14T09:17:31.670+0000][6948][safepoint    ] Application time: 0.0016841 seconds
[2019-01-14T09:17:31.670+0000][6948][safepoint    ] Total time for which application threads were stopped: 0.0001289 seconds, Stopping threads took: 0.0000491 seconds
[2019-01-14T09:17:31.675+0000][6948][safepoint    ] Application time: 0.0050074 seconds
[2019-01-14T09:17:31.676+0000][6948][safepoint    ] Total time for which application threads were stopped: 0.0006348 seconds, Stopping threads took: 0.0005293 seconds
[2019-01-14T09:17:31.676+0000][6948][safepoint    ] Application time: 0.0002665 seconds
[2019-01-14T09:17:31.676+0000][6948][safepoint    ] Total time for which application threads were stopped: 0.0000368 seconds, Stopping threads took: 0.0000038 seconds
[2019-01-14T09:17:31.678+0000][6948][safepoint    ] Application time: 0.0023339 seconds
[2019-01-14T09:17:31.678+0000][6948][safepoint    ] Total time for which application threads were stopped: 0.0000584 seconds, Stopping threads took: 0.0000073 seconds
[2019-01-14T09:17:31.678+0000][6948][safepoint    ] Application time: 0.0000278 seconds
[2019-01-14T09:17:31.679+0000][6948][safepoint    ] Total time for which application threads were stopped: 0.0000285 seconds, Stopping threads took: 0.0000019 seconds
[2019-01-14T09:17:31.680+0000][6948][safepoint    ] Application time: 0.0009871 seconds
[2019-01-14T09:17:31.680+0000][6948][safepoint    ] Total time for which application threads were stopped: 0.0001781 seconds, Stopping threads took: 0.0000154 seconds
[2019-01-14T09:17:31.681+0000][6948][safepoint    ] Application time: 0.0012817 seconds
[2019-01-14T09:17:31.681+0000][6948][safepoint    ] Total time for which application threads were stopped: 0.0001152 seconds, Stopping threads took: 0.0000477 seconds
[2019-01-14T09:17:31.681+0000][6948][safepoint    ] Application time: 0.0003313 seconds
[2019-01-14T09:17:31.682+0000][6948][safepoint    ] Total time for which application threads were stopped: 0.0002696 seconds, Stopping threads took: 0.0002290 seconds
[2019-01-14T09:17:31.683+0000][6948][safepoint    ] Application time: 0.0007329 seconds
[2019-01-14T09:17:31.683+0000][6948][safepoint    ] Total time for which application threads were stopped: 0.0000656 seconds, Stopping threads took: 0.0000047 seconds
[2019-01-14T09:17:31.691+0000][6948][safepoint    ] Application time: 0.0082264 seconds
[2019-01-14T09:17:31.691+0000][6948][safepoint    ] Total time for which application threads were stopped: 0.0003116 seconds, Stopping threads took: 0.0002661 seconds
[2019-01-14T09:17:31.693+0000][6948][safepoint    ] Application time: 0.0014830 seconds
[2019-01-14T09:17:31.693+0000][6948][safepoint    ] Total time for which application threads were stopped: 0.0000703 seconds, Stopping threads took: 0.0000197 seconds
[2019-01-14T09:17:31.693+0000][6948][safepoint    ] Application time: 0.0000819 seconds
[2019-01-14T09:17:31.693+0000][6948][safepoint    ] Total time for which application threads were stopped: 0.0000320 seconds, Stopping threads took: 0.0000045 seconds
[2019-01-14T09:17:31.694+0000][6948][safepoint    ] Application time: 0.0007382 seconds
[2019-01-14T09:17:31.694+0000][6948][safepoint    ] Total time for which application threads were stopped: 0.0000496 seconds, Stopping threads took: 0.0000107 seconds
[2019-01-14T09:17:31.695+0000][6948][safepoint    ] Application time: 0.0007334 seconds
[2019-01-14T09:17:31.695+0000][6948][safepoint    ] Total time for which application threads were stopped: 0.0000384 seconds, Stopping threads took: 0.0000062 seconds
[2019-01-14T09:17:31.697+0000][6948][safepoint    ] Application time: 0.0026722 seconds
[2019-01-14T09:17:31.697+0000][6948][safepoint    ] Total time for which application threads were stopped: 0.0001194 seconds, Stopping threads took: 0.0000282 seconds
[2019-01-14T09:17:31.698+0000][6948][safepoint    ] Application time: 0.0007693 seconds
[2019-01-14T09:17:31.698+0000][6948][safepoint    ] Total time for which application threads were stopped: 0.0000330 seconds, Stopping threads took: 0.0000043 seconds
[2019-01-14T09:17:31.716+0000][6948][safepoint    ] Application time: 0.0172901 seconds
[2019-01-14T09:17:31.716+0000][6948][safepoint    ] Total time for which application threads were stopped: 0.0000639 seconds, Stopping threads took: 0.0000170 seconds
[2019-01-14T09:17:31.852+0000][6948][safepoint    ] Application time: 0.1367711 seconds
[2019-01-14T09:17:31.853+0000][6948][safepoint    ] Total time for which application threads were stopped: 0.0000925 seconds, Stopping threads took: 0.0000383 seconds
[2019-01-14T09:17:31.853+0000][6948][safepoint    ] Application time: 0.0002510 seconds
[2019-01-14T09:17:31.853+0000][6948][safepoint    ] Total time for which application threads were stopped: 0.0000658 seconds, Stopping threads took: 0.0000043 seconds
[2019-01-14T09:17:31.853+0000][6948][safepoint    ] Application time: 0.0000753 seconds
[2019-01-14T09:17:31.853+0000][6948][safepoint    ] Total time for which application threads were stopped: 0.0000245 seconds, Stopping threads took: 0.0000035 seconds
[2019-01-14T09:17:31.853+0000][6948][safepoint    ] Application time: 0.0000577 seconds
[2019-01-14T09:17:31.853+0000][6948][safepoint    ] Total time for which application threads were stopped: 0.0000243 seconds, Stopping threads took: 0.0000034 seconds
[2019-01-14T09:17:31.853+0000][6948][safepoint    ] Application time: 0.0000591 seconds
[2019-01-14T09:17:31.853+0000][6948][safepoint    ] Total time for which application threads were stopped: 0.0000234 seconds, Stopping threads took: 0.0000033 seconds
[2019-01-14T09:17:31.853+0000][6948][safepoint    ] Application time: 0.0000773 seconds
[2019-01-14T09:17:31.853+0000][6948][safepoint    ] Total time for which application threads were stopped: 0.0000237 seconds, Stopping threads took: 0.0000039 seconds
[2019-01-14T09:17:31.853+0000][6948][safepoint    ] Application time: 0.0001108 seconds
[2019-01-14T09:17:31.853+0000][6948][safepoint    ] Total time for which application threads were stopped: 0.0000234 seconds, Stopping threads took: 0.0000037 seconds
[2019-01-14T09:17:31.854+0000][6948][safepoint    ] Application time: 0.0000589 seconds
[2019-01-14T09:17:31.854+0000][6948][safepoint    ] Total time for which application threads were stopped: 0.0000229 seconds, Stopping threads took: 0.0000034 seconds
[2019-01-14T09:17:32.577+0000][6948][safepoint    ] Application time: 0.7231022 seconds
[2019-01-14T09:17:32.578+0000][6948][safepoint    ] Total time for which application threads were stopped: 0.0016535 seconds, Stopping threads took: 0.0004323 seconds
[2019-01-14T09:17:32.579+0000][6948][safepoint    ] Application time: 0.0004199 seconds
[2019-01-14T09:17:32.579+0000][6948][safepoint    ] Total time for which application threads were stopped: 0.0000690 seconds, Stopping threads took: 0.0000073 seconds
[2019-01-14T09:17:32.580+0000][6948][safepoint    ] Application time: 0.0012152 seconds
[2019-01-14T09:17:32.580+0000][6948][safepoint    ] Total time for which application threads were stopped: 0.0000868 seconds, Stopping threads took: 0.0000076 seconds
[2019-01-14T09:17:32.581+0000][6948][safepoint    ] Application time: 0.0003111 seconds
[2019-01-14T09:17:32.581+0000][6948][safepoint    ] Total time for which application threads were stopped: 0.0003829 seconds, Stopping threads took: 0.0000059 seconds
[2019-01-14T09:17:32.582+0000][6948][safepoint    ] Application time: 0.0005450 seconds
[2019-01-14T09:17:32.582+0000][6948][safepoint    ] Total time for which application threads were stopped: 0.0000639 seconds, Stopping threads took: 0.0000068 seconds
[2019-01-14T09:17:32.583+0000][6948][safepoint    ] Application time: 0.0006945 seconds
[2019-01-14T09:17:32.583+0000][6948][safepoint    ] Total time for which application threads were stopped: 0.0000942 seconds, Stopping threads took: 0.0000079 seconds
[2019-01-14T09:17:32.584+0000][6948][safepoint    ] Application time: 0.0014166 seconds
[2019-01-14T09:17:32.584+0000][6948][safepoint    ] Total time for which application threads were stopped: 0.0000696 seconds, Stopping threads took: 0.0000070 seconds
[2019-01-14T09:17:32.585+0000][6948][safepoint    ] Application time: 0.0009348 seconds
[2019-01-14T09:17:32.585+0000][6948][safepoint    ] Total time for which application threads were stopped: 0.0000458 seconds, Stopping threads took: 0.0000047 seconds
[2019-01-14T09:17:32.586+0000][6948][safepoint    ] Application time: 0.0007517 seconds
[2019-01-14T09:17:32.586+0000][6948][safepoint    ] Total time for which application threads were stopped: 0.0001007 seconds, Stopping threads took: 0.0000691 seconds
[2019-01-14T09:17:32.586+0000][6948][safepoint    ] Application time: 0.0002764 seconds
[2019-01-14T09:17:32.586+0000][6948][safepoint    ] Total time for which application threads were stopped: 0.0000727 seconds, Stopping threads took: 0.0000215 seconds
[2019-01-14T09:17:33.574+0000][6948][safepoint    ] Application time: 0.9878302 seconds
[2019-01-14T09:17:33.575+0000][6948][safepoint    ] Total time for which application threads were stopped: 0.0005102 seconds, Stopping threads took: 0.0002473 seconds
[2019-01-14T09:17:33.575+0000][6948][safepoint    ] Application time: 0.0006375 seconds
[2019-01-14T09:17:33.576+0000][6948][safepoint    ] Total time for which application threads were stopped: 0.0003892 seconds, Stopping threads took: 0.0000143 seconds
[2019-01-14T09:17:33.577+0000][6948][safepoint    ] Application time: 0.0011167 seconds
[2019-01-14T09:17:33.577+0000][6948][safepoint    ] Total time for which application threads were stopped: 0.0002559 seconds, Stopping threads took: 0.0000055 seconds
[2019-01-14T09:17:33.580+0000][6948][safepoint    ] Application time: 0.0024883 seconds
[2019-01-14T09:17:33.580+0000][6948][safepoint    ] Total time for which application threads were stopped: 0.0003344 seconds, Stopping threads took: 0.0000083 seconds
[2019-01-14T09:17:34.577+0000][6948][safepoint    ] Application time: 0.9972687 seconds
[2019-01-14T09:17:34.578+0000][6948][safepoint    ] Total time for which application threads were stopped: 0.0000689 seconds, Stopping threads took: 0.0000067 seconds
[2019-01-14T09:17:34.578+0000][6948][safepoint    ] Application time: 0.0001550 seconds
[2019-01-14T09:17:34.578+0000][6948][safepoint    ] Total time for which application threads were stopped: 0.0000432 seconds, Stopping threads took: 0.0000163 seconds
[2019-01-14T09:17:34.641+0000][6948][safepoint    ] Application time: 0.0632965 seconds
[2019-01-14T09:17:34.644+0000][6948][safepoint    ] Total time for which application threads were stopped: 0.0026770 seconds, Stopping threads took: 0.0024136 seconds
[2019-01-14T09:17:34.644+0000][6948][safepoint    ] Application time: 0.0000714 seconds
[2019-01-14T09:17:34.644+0000][6948][safepoint    ] Total time for which application threads were stopped: 0.0000457 seconds, Stopping threads took: 0.0000032 seconds
[2019-01-14T09:17:34.648+0000][6948][safepoint    ] Application time: 0.0036984 seconds
[2019-01-14T09:17:34.648+0000][6948][safepoint    ] Total time for which application threads were stopped: 0.0000850 seconds, Stopping threads took: 0.0000181 seconds
[2019-01-14T09:17:34.649+0000][6948][safepoint    ] Application time: 0.0009759 seconds
[2019-01-14T09:17:34.651+0000][6948][safepoint    ] Total time for which application threads were stopped: 0.0018652 seconds, Stopping threads took: 0.0015852 seconds
[2019-01-14T09:17:34.653+0000][6948][safepoint    ] Application time: 0.0024071 seconds
[2019-01-14T09:17:34.654+0000][6948][safepoint    ] Total time for which application threads were stopped: 0.0000731 seconds, Stopping threads took: 0.0000189 seconds
[2019-01-14T09:17:34.655+0000][6948][safepoint    ] Application time: 0.0017597 seconds
[2019-01-14T09:17:34.656+0000][6948][safepoint    ] Total time for which application threads were stopped: 0.0002849 seconds, Stopping threads took: 0.0000400 seconds
[2019-01-14T09:17:34.657+0000][6948][safepoint    ] Application time: 0.0017940 seconds
[2019-01-14T09:17:34.658+0000][6948][safepoint    ] Total time for which application threads were stopped: 0.0001029 seconds, Stopping threads took: 0.0000128 seconds
[2019-01-14T09:17:34.661+0000][6948][safepoint    ] Application time: 0.0028986 seconds
[2019-01-14T09:17:34.661+0000][6948][safepoint    ] Total time for which application threads were stopped: 0.0004978 seconds, Stopping threads took: 0.0003992 seconds
[2019-01-14T09:17:34.692+0000][6948][safepoint    ] Application time: 0.0311877 seconds
[2019-01-14T09:17:34.695+0000][6948][safepoint    ] Total time for which application threads were stopped: 0.0025381 seconds, Stopping threads took: 0.0024741 seconds
[2019-01-14T09:17:34.696+0000][6948][safepoint    ] Application time: 0.0008482 seconds
[2019-01-14T09:17:34.696+0000][6948][safepoint    ] Total time for which application threads were stopped: 0.0000638 seconds, Stopping threads took: 0.0000188 seconds
[2019-01-14T09:17:34.698+0000][6948][safepoint    ] Application time: 0.0021382 seconds
[2019-01-14T09:17:34.701+0000][6948][safepoint    ] Total time for which application threads were stopped: 0.0027713 seconds, Stopping threads took: 0.0027182 seconds
[2019-01-14T09:17:34.702+0000][6948][safepoint    ] Application time: 0.0011103 seconds
[2019-01-14T09:17:34.702+0000][6948][safepoint    ] Total time for which application threads were stopped: 0.0000516 seconds, Stopping threads took: 0.0000089 seconds
[2019-01-14T09:17:34.711+0000][6948][safepoint    ] Application time: 0.0087400 seconds
[2019-01-14T09:17:34.716+0000][6948][safepoint    ] Total time for which application threads were stopped: 0.0046203 seconds, Stopping threads took: 0.0041916 seconds
[2019-01-14T09:17:34.716+0000][6948][safepoint    ] Application time: 0.0000967 seconds
[2019-01-14T09:17:34.716+0000][6948][safepoint    ] Total time for which application threads were stopped: 0.0000745 seconds, Stopping threads took: 0.0000098 seconds
[2019-01-14T09:17:34.716+0000][6948][safepoint    ] Application time: 0.0000451 seconds
[2019-01-14T09:17:34.716+0000][6948][safepoint    ] Total time for which application threads were stopped: 0.0000311 seconds, Stopping threads took: 0.0000064 seconds
[2019-01-14T09:17:34.771+0000][6948][safepoint    ] Application time: 0.0547834 seconds
[2019-01-14T09:17:34.771+0000][6948][safepoint    ] Total time for which application threads were stopped: 0.0000829 seconds, Stopping threads took: 0.0000221 seconds
[2019-01-14T09:17:34.771+0000][6948][safepoint    ] Application time: 0.0000358 seconds
[2019-01-14T09:17:34.771+0000][6948][safepoint    ] Total time for which application threads were stopped: 0.0000248 seconds, Stopping threads took: 0.0000061 seconds
[2019-01-14T09:17:34.819+0000][6948][safepoint    ] Application time: 0.0480300 seconds
[2019-01-14T09:17:34.819+0000][6948][safepoint    ] Total time for which application threads were stopped: 0.0000606 seconds, Stopping threads took: 0.0000186 seconds
[2019-01-14T09:17:34.830+0000][6948][safepoint    ] Application time: 0.0111208 seconds
[2019-01-14T09:17:34.830+0000][6948][safepoint    ] Total time for which application threads were stopped: 0.0000596 seconds, Stopping threads took: 0.0000225 seconds
[2019-01-14T09:17:34.836+0000][6948][safepoint    ] Application time: 0.0056984 seconds
[2019-01-14T09:17:34.836+0000][6948][safepoint    ] Total time for which application threads were stopped: 0.0001930 seconds, Stopping threads took: 0.0001304 seconds
[2019-01-14T09:17:34.836+0000][6948][safepoint    ] Application time: 0.0000633 seconds
[2019-01-14T09:17:34.836+0000][6948][safepoint    ] Total time for which application threads were stopped: 0.0000250 seconds, Stopping threads took: 0.0000062 seconds
[2019-01-14T09:17:34.837+0000][6948][safepoint    ] Application time: 0.0004389 seconds
[2019-01-14T09:17:34.837+0000][6948][safepoint    ] Total time for which application threads were stopped: 0.0000552 seconds, Stopping threads took: 0.0000296 seconds
[2019-01-14T09:17:34.843+0000][6948][safepoint    ] Application time: 0.0064985 seconds
[2019-01-14T09:17:34.844+0000][6948][safepoint    ] Total time for which application threads were stopped: 0.0003291 seconds, Stopping threads took: 0.0001323 seconds
[2019-01-14T09:17:34.844+0000][6948][safepoint    ] Application time: 0.0003076 seconds
[2019-01-14T09:17:34.845+0000][6948][safepoint    ] Total time for which application threads were stopped: 0.0006681 seconds, Stopping threads took: 0.0000505 seconds
[2019-01-14T09:17:34.855+0000][6948][safepoint    ] Application time: 0.0102428 seconds
[2019-01-14T09:17:34.855+0000][6948][safepoint    ] Total time for which application threads were stopped: 0.0000620 seconds, Stopping threads took: 0.0000148 seconds
[2019-01-14T09:17:34.855+0000][6948][safepoint    ] Application time: 0.0000278 seconds
[2019-01-14T09:17:34.855+0000][6948][safepoint    ] Total time for which application threads were stopped: 0.0000224 seconds, Stopping threads took: 0.0000020 seconds
[2019-01-14T09:17:34.881+0000][6948][safepoint    ] Application time: 0.0256055 seconds
[2019-01-14T09:17:34.882+0000][6948][safepoint    ] Total time for which application threads were stopped: 0.0001151 seconds, Stopping threads took: 0.0000294 seconds
[2019-01-14T09:17:34.995+0000][6948][safepoint    ] Application time: 0.1130591 seconds
[2019-01-14T09:17:34.999+0000][6948][gc,start     ] GC(22) Pause Young (Allocation Failure)
[2019-01-14T09:17:34.999+0000][6948][gc,task      ] GC(22) Using 2 workers of 2 for evacuation
[2019-01-14T09:17:35.065+0000][6948][gc,age       ] GC(22) Desired survivor size 4456448 bytes, new threshold 1 (max threshold 6)
[2019-01-14T09:17:35.065+0000][6948][gc,age       ] GC(22) Age table with threshold 1 (max threshold 6)
[2019-01-14T09:17:35.065+0000][6948][gc,age       ] GC(22) - age   1:    6349232 bytes,    6349232 total
[2019-01-14T09:17:35.065+0000][6948][gc,age       ] GC(22) - age   2:    2099544 bytes,    8448776 total
[2019-01-14T09:17:35.065+0000][6948][gc,heap      ] GC(22) ParNew: 78656K->8704K(78656K)
[2019-01-14T09:17:35.065+0000][6948][gc,heap      ] GC(22) CMS: 50452K->54308K(174784K)
[2019-01-14T09:17:35.065+0000][6948][gc,metaspace ] GC(22) Metaspace: 70907K->70907K(1114112K)
[2019-01-14T09:17:35.065+0000][6948][gc           ] GC(22) Pause Young (Allocation Failure) 126M->61M(247M) 65.975ms
[2019-01-14T09:17:35.065+0000][6948][gc,cpu       ] GC(22) User=0.05s Sys=0.01s Real=0.07s
[2019-01-14T09:17:35.065+0000][6948][safepoint    ] Total time for which application threads were stopped: 0.0700465 seconds, Stopping threads took: 0.0034371 seconds
[2019-01-14T09:17:35.369+0000][6948][safepoint    ] Application time: 0.3042954 seconds
[2019-01-14T09:17:35.369+0000][6948][safepoint    ] Total time for which application threads were stopped: 0.0000640 seconds, Stopping threads took: 0.0000114 seconds
[2019-01-14T09:17:35.370+0000][6948][safepoint    ] Application time: 0.0009584 seconds
[2019-01-14T09:17:35.370+0000][6948][safepoint    ] Total time for which application threads were stopped: 0.0000407 seconds, Stopping threads took: 0.0000087 seconds
[2019-01-14T09:17:35.640+0000][6948][safepoint    ] Application time: 0.2696374 seconds
[2019-01-14T09:17:35.642+0000][6948][safepoint    ] Total time for which application threads were stopped: 0.0021861 seconds, Stopping threads took: 0.0021214 seconds
[2019-01-14T09:17:35.679+0000][6948][safepoint    ] Application time: 0.0371619 seconds
[2019-01-14T09:17:35.679+0000][6948][safepoint    ] Total time for which application threads were stopped: 0.0000608 seconds, Stopping threads took: 0.0000119 seconds
[2019-01-14T09:17:35.682+0000][6948][safepoint    ] Application time: 0.0025773 seconds
[2019-01-14T09:17:35.682+0000][6948][safepoint    ] Total time for which application threads were stopped: 0.0000640 seconds, Stopping threads took: 0.0000127 seconds
[2019-01-14T09:17:35.701+0000][6948][safepoint    ] Application time: 0.0187145 seconds
[2019-01-14T09:17:35.703+0000][6948][safepoint    ] Total time for which application threads were stopped: 0.0000977 seconds, Stopping threads took: 0.0000176 seconds
[2019-01-14T09:17:35.707+0000][6948][safepoint    ] Application time: 0.0045764 seconds
[2019-01-14T09:17:35.716+0000][6948][safepoint    ] Total time for which application threads were stopped: 0.0086394 seconds, Stopping threads took: 0.0085535 seconds
[2019-01-14T09:17:35.717+0000][6948][safepoint    ] Application time: 0.0010566 seconds
[2019-01-14T09:17:35.717+0000][6948][gc,start     ] GC(23) Pause Young (Allocation Failure)
[2019-01-14T09:17:35.717+0000][6948][gc,task      ] GC(23) Using 2 workers of 2 for evacuation
[2019-01-14T09:17:35.833+0000][6948][gc,age       ] GC(23) Desired survivor size 4456448 bytes, new threshold 1 (max threshold 6)
[2019-01-14T09:17:35.833+0000][6948][gc,age       ] GC(23) Age table with threshold 1 (max threshold 6)
[2019-01-14T09:17:35.833+0000][6948][gc,age       ] GC(23) - age   1:    8912808 bytes,    8912808 total
[2019-01-14T09:17:35.833+0000][6948][gc,heap      ] GC(23) ParNew: 78656K->8704K(78656K)
[2019-01-14T09:17:35.833+0000][6948][gc,heap      ] GC(23) CMS: 54308K->78990K(174784K)
[2019-01-14T09:17:35.833+0000][6948][gc,metaspace ] GC(23) Metaspace: 72073K->72073K(1116160K)
[2019-01-14T09:17:35.833+0000][6948][gc           ] GC(23) Pause Young (Allocation Failure) 129M->85M(247M) 115.295ms
[2019-01-14T09:17:35.833+0000][6948][gc,cpu       ] GC(23) User=0.11s Sys=0.01s Real=0.12s
[2019-01-14T09:17:35.833+0000][6948][safepoint    ] Total time for which application threads were stopped: 0.1154913 seconds, Stopping threads took: 0.0000749 seconds
[2019-01-14T09:17:35.852+0000][6948][safepoint    ] Application time: 0.0189921 seconds
[2019-01-14T09:17:35.855+0000][6948][safepoint    ] Total time for which application threads were stopped: 0.0028752 seconds, Stopping threads took: 0.0027767 seconds
[2019-01-14T09:17:35.865+0000][6948][safepoint    ] Application time: 0.0101303 seconds
[2019-01-14T09:17:35.865+0000][6948][safepoint    ] Total time for which application threads were stopped: 0.0004437 seconds, Stopping threads took: 0.0000220 seconds
[2019-01-14T09:17:35.924+0000][6948][safepoint    ] Application time: 0.0587740 seconds
[2019-01-14T09:17:35.929+0000][6948][safepoint    ] Total time for which application threads were stopped: 0.0027190 seconds, Stopping threads took: 0.0026412 seconds
[2019-01-14T09:17:35.940+0000][6948][safepoint    ] Application time: 0.0110048 seconds
[2019-01-14T09:17:35.951+0000][6948][safepoint    ] Total time for which application threads were stopped: 0.0111979 seconds, Stopping threads took: 0.0111269 seconds
[2019-01-14T09:17:35.960+0000][6948][safepoint    ] Application time: 0.0081197 seconds
[2019-01-14T09:17:35.963+0000][6948][safepoint    ] Total time for which application threads were stopped: 0.0038579 seconds, Stopping threads took: 0.0037562 seconds
[2019-01-14T09:17:35.964+0000][6948][safepoint    ] Application time: 0.0005627 seconds
[2019-01-14T09:17:35.964+0000][6948][safepoint    ] Total time for which application threads were stopped: 0.0003770 seconds, Stopping threads took: 0.0000069 seconds
[2019-01-14T09:17:35.964+0000][6948][safepoint    ] Application time: 0.0000594 seconds
[2019-01-14T09:17:35.968+0000][6948][safepoint    ] Total time for which application threads were stopped: 0.0031252 seconds, Stopping threads took: 0.0028067 seconds
[2019-01-14T09:17:35.968+0000][6948][safepoint    ] Application time: 0.0002633 seconds
[2019-01-14T09:17:35.968+0000][6948][safepoint    ] Total time for which application threads were stopped: 0.0005639 seconds, Stopping threads took: 0.0005248 seconds
[2019-01-14T09:17:35.976+0000][6948][safepoint    ] Application time: 0.0078228 seconds
[2019-01-14T09:17:35.976+0000][6948][safepoint    ] Total time for which application threads were stopped: 0.0000816 seconds, Stopping threads took: 0.0000191 seconds
[2019-01-14T09:17:35.991+0000][6948][safepoint    ] Application time: 0.0146887 seconds
[2019-01-14T09:17:35.991+0000][6948][safepoint    ] Total time for which application threads were stopped: 0.0000740 seconds, Stopping threads took: 0.0000181 seconds
[2019-01-14T09:17:35.999+0000][6948][safepoint    ] Application time: 0.0073824 seconds
[2019-01-14T09:17:36.006+0000][6948][safepoint    ] Total time for which application threads were stopped: 0.0051809 seconds, Stopping threads took: 0.0022087 seconds
[2019-01-14T09:17:36.008+0000][6948][safepoint    ] Application time: 0.0011107 seconds
[2019-01-14T09:17:36.008+0000][6948][safepoint    ] Total time for which application threads were stopped: 0.0000678 seconds, Stopping threads took: 0.0000099 seconds
[2019-01-14T09:17:36.009+0000][6948][safepoint    ] Application time: 0.0007092 seconds
[2019-01-14T09:17:36.009+0000][6948][safepoint    ] Total time for which application threads were stopped: 0.0000548 seconds, Stopping threads took: 0.0000070 seconds
[2019-01-14T09:17:36.101+0000][6948][safepoint    ] Application time: 0.0921011 seconds
[2019-01-14T09:17:36.101+0000][6948][safepoint    ] Total time for which application threads were stopped: 0.0000901 seconds, Stopping threads took: 0.0000431 seconds
[2019-01-14T09:17:36.101+0000][6948][safepoint    ] Application time: 0.0002124 seconds
[2019-01-14T09:17:36.101+0000][6948][safepoint    ] Total time for which application threads were stopped: 0.0000455 seconds, Stopping threads took: 0.0000122 seconds
[2019-01-14T09:17:36.349+0000][6948][safepoint    ] Application time: 0.2478062 seconds
[2019-01-14T09:17:36.357+0000][6948][safepoint    ] Total time for which application threads were stopped: 0.0080770 seconds, Stopping threads took: 0.0074303 seconds
[2019-01-14T09:17:36.578+0000][6948][safepoint    ] Application time: 0.2205050 seconds
[2019-01-14T09:17:36.578+0000][6948][safepoint    ] Total time for which application threads were stopped: 0.0001418 seconds, Stopping threads took: 0.0000186 seconds
[2019-01-14T09:17:36.579+0000][6948][safepoint    ] Application time: 0.0010927 seconds
[2019-01-14T09:17:36.579+0000][6948][safepoint    ] Total time for which application threads were stopped: 0.0000403 seconds, Stopping threads took: 0.0000069 seconds
[2019-01-14T09:17:36.601+0000][6948][safepoint    ] Application time: 0.0215390 seconds
[2019-01-14T09:17:36.601+0000][6948][safepoint    ] Total time for which application threads were stopped: 0.0000664 seconds, Stopping threads took: 0.0000225 seconds
[2019-01-14T09:17:36.614+0000][6948][safepoint    ] Application time: 0.0131252 seconds
[2019-01-14T09:17:36.614+0000][6948][safepoint    ] Total time for which application threads were stopped: 0.0000646 seconds, Stopping threads took: 0.0000189 seconds
[2019-01-14T09:17:36.614+0000][6948][safepoint    ] Application time: 0.0002395 seconds
[2019-01-14T09:17:36.614+0000][6948][safepoint    ] Total time for which application threads were stopped: 0.0000385 seconds, Stopping threads took: 0.0000108 seconds
[2019-01-14T09:17:36.655+0000][6948][safepoint    ] Application time: 0.0408738 seconds
[2019-01-14T09:17:36.655+0000][6948][safepoint    ] Total time for which application threads were stopped: 0.0000789 seconds, Stopping threads took: 0.0000177 seconds
[2019-01-14T09:17:36.655+0000][6948][safepoint    ] Application time: 0.0000442 seconds
[2019-01-14T09:17:36.655+0000][6948][safepoint    ] Total time for which application threads were stopped: 0.0000280 seconds, Stopping threads took: 0.0000071 seconds
[2019-01-14T09:17:36.655+0000][6948][safepoint    ] Application time: 0.0001575 seconds
[2019-01-14T09:17:36.655+0000][6948][safepoint    ] Total time for which application threads were stopped: 0.0000309 seconds, Stopping threads took: 0.0000086 seconds
[2019-01-14T09:17:36.665+0000][6948][safepoint    ] Application time: 0.0093210 seconds
[2019-01-14T09:17:36.665+0000][6948][safepoint    ] Total time for which application threads were stopped: 0.0000597 seconds, Stopping threads took: 0.0000184 seconds
[2019-01-14T09:17:36.668+0000][6948][safepoint    ] Application time: 0.0028373 seconds
[2019-01-14T09:17:36.671+0000][6948][safepoint    ] Total time for which application threads were stopped: 0.0034196 seconds, Stopping threads took: 0.0022463 seconds
[2019-01-14T09:17:36.679+0000][6948][safepoint    ] Application time: 0.0076610 seconds
[2019-01-14T09:17:36.680+0000][6948][safepoint    ] Total time for which application threads were stopped: 0.0012257 seconds, Stopping threads took: 0.0010423 seconds
[2019-01-14T09:17:36.680+0000][6948][safepoint    ] Application time: 0.0000398 seconds
[2019-01-14T09:17:36.680+0000][6948][safepoint    ] Total time for which application threads were stopped: 0.0000497 seconds, Stopping threads took: 0.0000128 seconds
[2019-01-14T09:17:36.680+0000][6948][safepoint    ] Application time: 0.0000566 seconds
[2019-01-14T09:17:36.681+0000][6948][safepoint    ] Total time for which application threads were stopped: 0.0000247 seconds, Stopping threads took: 0.0000063 seconds
[2019-01-14T09:17:36.681+0000][6948][safepoint    ] Application time: 0.0000141 seconds
[2019-01-14T09:17:36.681+0000][6948][safepoint    ] Total time for which application threads were stopped: 0.0000209 seconds, Stopping threads took: 0.0000056 seconds
[2019-01-14T09:17:36.681+0000][6948][safepoint    ] Application time: 0.0000198 seconds
[2019-01-14T09:17:36.681+0000][6948][safepoint    ] Total time for which application threads were stopped: 0.0000211 seconds, Stopping threads took: 0.0000057 seconds
[2019-01-14T09:17:36.681+0000][6948][safepoint    ] Application time: 0.0000197 seconds
[2019-01-14T09:17:36.681+0000][6948][safepoint    ] Total time for which application threads were stopped: 0.0000222 seconds, Stopping threads took: 0.0000057 seconds
[2019-01-14T09:17:36.681+0000][6948][safepoint    ] Application time: 0.0000130 seconds
[2019-01-14T09:17:36.681+0000][6948][safepoint    ] Total time for which application threads were stopped: 0.0000207 seconds, Stopping threads took: 0.0000054 seconds
[2019-01-14T09:17:36.681+0000][6948][safepoint    ] Application time: 0.0000136 seconds
[2019-01-14T09:17:36.681+0000][6948][safepoint    ] Total time for which application threads were stopped: 0.0000533 seconds, Stopping threads took: 0.0000054 seconds
[2019-01-14T09:17:36.714+0000][6948][safepoint    ] Application time: 0.0336368 seconds
[2019-01-14T09:17:36.715+0000][6948][safepoint    ] Total time for which application threads were stopped: 0.0000608 seconds, Stopping threads took: 0.0000213 seconds
[2019-01-14T09:17:36.734+0000][6948][safepoint    ] Application time: 0.0190575 seconds
[2019-01-14T09:17:36.734+0000][6948][safepoint    ] Total time for which application threads were stopped: 0.0000690 seconds, Stopping threads took: 0.0000180 seconds
[2019-01-14T09:17:36.735+0000][6948][safepoint    ] Application time: 0.0009212 seconds
[2019-01-14T09:17:36.735+0000][6948][safepoint    ] Total time for which application threads were stopped: 0.0001238 seconds, Stopping threads took: 0.0000183 seconds
[2019-01-14T09:17:36.735+0000][6948][safepoint    ] Application time: 0.0000505 seconds
[2019-01-14T09:17:36.735+0000][6948][safepoint    ] Total time for which application threads were stopped: 0.0000321 seconds, Stopping threads took: 0.0000070 seconds
[2019-01-14T09:17:36.735+0000][6948][safepoint    ] Application time: 0.0004222 seconds
[2019-01-14T09:17:36.735+0000][6948][safepoint    ] Total time for which application threads were stopped: 0.0000377 seconds, Stopping threads took: 0.0000100 seconds
[2019-01-14T09:17:36.737+0000][6948][safepoint    ] Application time: 0.0012500 seconds
[2019-01-14T09:17:36.737+0000][6948][safepoint    ] Total time for which application threads were stopped: 0.0000576 seconds, Stopping threads took: 0.0000112 seconds
[2019-01-14T09:17:36.767+0000][6948][safepoint    ] Application time: 0.0299744 seconds
[2019-01-14T09:17:36.768+0000][6948][safepoint    ] Total time for which application threads were stopped: 0.0013924 seconds, Stopping threads took: 0.0012644 seconds
[2019-01-14T09:17:36.769+0000][6948][safepoint    ] Application time: 0.0010572 seconds
[2019-01-14T09:17:36.769+0000][6948][safepoint    ] Total time for which application threads were stopped: 0.0000842 seconds, Stopping threads took: 0.0000262 seconds
[2019-01-14T09:17:36.775+0000][6948][safepoint    ] Application time: 0.0051470 seconds
[2019-01-14T09:17:36.775+0000][6948][safepoint    ] Total time for which application threads were stopped: 0.0000603 seconds, Stopping threads took: 0.0000155 seconds
[2019-01-14T09:17:36.785+0000][6948][safepoint    ] Application time: 0.0107628 seconds
[2019-01-14T09:17:36.785+0000][6948][safepoint    ] Total time for which application threads were stopped: 0.0000602 seconds, Stopping threads took: 0.0000130 seconds
[2019-01-14T09:17:36.820+0000][6948][safepoint    ] Application time: 0.0345058 seconds
[2019-01-14T09:17:36.820+0000][6948][safepoint    ] Total time for which application threads were stopped: 0.0001046 seconds, Stopping threads took: 0.0000158 seconds
[2019-01-14T09:17:36.826+0000][6948][safepoint    ] Application time: 0.0054004 seconds
[2019-01-14T09:17:36.826+0000][6948][safepoint    ] Total time for which application threads were stopped: 0.0001057 seconds, Stopping threads took: 0.0000341 seconds
[2019-01-14T09:17:36.827+0000][6948][safepoint    ] Application time: 0.0015177 seconds
[2019-01-14T09:17:36.828+0000][6948][safepoint    ] Total time for which application threads were stopped: 0.0003275 seconds, Stopping threads took: 0.0001141 seconds
[2019-01-14T09:17:36.829+0000][6948][safepoint    ] Application time: 0.0008117 seconds
[2019-01-14T09:17:36.829+0000][6948][safepoint    ] Total time for which application threads were stopped: 0.0001169 seconds, Stopping threads took: 0.0000442 seconds
[2019-01-14T09:17:36.829+0000][6948][safepoint    ] Application time: 0.0000527 seconds
[2019-01-14T09:17:36.829+0000][6948][safepoint    ] Total time for which application threads were stopped: 0.0000489 seconds, Stopping threads took: 0.0000070 seconds
[2019-01-14T09:17:36.829+0000][6948][safepoint    ] Application time: 0.0002099 seconds
[2019-01-14T09:17:36.829+0000][6948][safepoint    ] Total time for which application threads were stopped: 0.0000355 seconds, Stopping threads took: 0.0000087 seconds
[2019-01-14T09:17:36.829+0000][6948][safepoint    ] Application time: 0.0000206 seconds
[2019-01-14T09:17:36.829+0000][6948][safepoint    ] Total time for which application threads were stopped: 0.0000264 seconds, Stopping threads took: 0.0000067 seconds
[2019-01-14T09:17:36.829+0000][6948][safepoint    ] Application time: 0.0000344 seconds
[2019-01-14T09:17:36.829+0000][6948][safepoint    ] Total time for which application threads were stopped: 0.0000314 seconds, Stopping threads took: 0.0000117 seconds
[2019-01-14T09:17:36.830+0000][6948][safepoint    ] Application time: 0.0004624 seconds
[2019-01-14T09:17:36.830+0000][6948][safepoint    ] Total time for which application threads were stopped: 0.0000466 seconds, Stopping threads took: 0.0000151 seconds
[2019-01-14T09:17:36.830+0000][6948][safepoint    ] Application time: 0.0003157 seconds
[2019-01-14T09:17:36.830+0000][6948][safepoint    ] Total time for which application threads were stopped: 0.0000424 seconds, Stopping threads took: 0.0000113 seconds
[2019-01-14T09:17:36.830+0000][6948][safepoint    ] Application time: 0.0000219 seconds
[2019-01-14T09:17:36.830+0000][6948][safepoint    ] Total time for which application threads were stopped: 0.0000485 seconds, Stopping threads took: 0.0000066 seconds
[2019-01-14T09:17:36.830+0000][6948][safepoint    ] Application time: 0.0000192 seconds
[2019-01-14T09:17:36.830+0000][6948][safepoint    ] Total time for which application threads were stopped: 0.0000469 seconds, Stopping threads took: 0.0000063 seconds
[2019-01-14T09:17:36.830+0000][6948][safepoint    ] Application time: 0.0000270 seconds
[2019-01-14T09:17:36.830+0000][6948][safepoint    ] Total time for which application threads were stopped: 0.0000307 seconds, Stopping threads took: 0.0000071 seconds
[2019-01-14T09:17:36.831+0000][6948][safepoint    ] Application time: 0.0001216 seconds
[2019-01-14T09:17:36.831+0000][6948][safepoint    ] Total time for which application threads were stopped: 0.0000390 seconds, Stopping threads took: 0.0000141 seconds
[2019-01-14T09:17:36.832+0000][6948][safepoint    ] Application time: 0.0017185 seconds
[2019-01-14T09:17:36.832+0000][6948][safepoint    ] Total time for which application threads were stopped: 0.0000835 seconds, Stopping threads took: 0.0000194 seconds
[2019-01-14T09:17:36.833+0000][6948][safepoint    ] Application time: 0.0001340 seconds
[2019-01-14T09:17:36.833+0000][6948][safepoint    ] Total time for which application threads were stopped: 0.0000341 seconds, Stopping threads took: 0.0000086 seconds
[2019-01-14T09:17:36.833+0000][6948][safepoint    ] Application time: 0.0000204 seconds
[2019-01-14T09:17:36.833+0000][6948][safepoint    ] Total time for which application threads were stopped: 0.0000246 seconds, Stopping threads took: 0.0000063 seconds
[2019-01-14T09:17:36.833+0000][6948][safepoint    ] Application time: 0.0000165 seconds
[2019-01-14T09:17:36.833+0000][6948][safepoint    ] Total time for which application threads were stopped: 0.0000239 seconds, Stopping threads took: 0.0000060 seconds
[2019-01-14T09:17:36.833+0000][6948][safepoint    ] Application time: 0.0002150 seconds
[2019-01-14T09:17:36.833+0000][6948][safepoint    ] Total time for which application threads were stopped: 0.0000382 seconds, Stopping threads took: 0.0000112 seconds
[2019-01-14T09:17:36.833+0000][6948][safepoint    ] Application time: 0.0000221 seconds
[2019-01-14T09:17:36.833+0000][6948][safepoint    ] Total time for which application threads were stopped: 0.0000258 seconds, Stopping threads took: 0.0000062 seconds
[2019-01-14T09:17:36.833+0000][6948][safepoint    ] Application time: 0.0000172 seconds
[2019-01-14T09:17:36.833+0000][6948][safepoint    ] Total time for which application threads were stopped: 0.0000431 seconds, Stopping threads took: 0.0000059 seconds
[2019-01-14T09:17:36.839+0000][6948][safepoint    ] Application time: 0.0062912 seconds
[2019-01-14T09:17:36.840+0000][6948][safepoint    ] Total time for which application threads were stopped: 0.0000688 seconds, Stopping threads took: 0.0000213 seconds
[2019-01-14T09:17:36.840+0000][6948][safepoint    ] Application time: 0.0000258 seconds
[2019-01-14T09:17:36.840+0000][6948][safepoint    ] Total time for which application threads were stopped: 0.0000259 seconds, Stopping threads took: 0.0000062 seconds
[2019-01-14T09:17:36.840+0000][6948][safepoint    ] Application time: 0.0002001 seconds
[2019-01-14T09:17:36.840+0000][6948][safepoint    ] Total time for which application threads were stopped: 0.0000705 seconds, Stopping threads took: 0.0000280 seconds
[2019-01-14T09:17:36.840+0000][6948][safepoint    ] Application time: 0.0001146 seconds
[2019-01-14T09:17:36.840+0000][6948][safepoint    ] Total time for which application threads were stopped: 0.0000310 seconds, Stopping threads took: 0.0000083 seconds
[2019-01-14T09:17:36.840+0000][6948][safepoint    ] Application time: 0.0000750 seconds
[2019-01-14T09:17:36.840+0000][6948][safepoint    ] Total time for which application threads were stopped: 0.0000297 seconds, Stopping threads took: 0.0000081 seconds
[2019-01-14T09:17:36.840+0000][6948][safepoint    ] Application time: 0.0000192 seconds
[2019-01-14T09:17:36.840+0000][6948][safepoint    ] Total time for which application threads were stopped: 0.0000341 seconds, Stopping threads took: 0.0000110 seconds
[2019-01-14T09:17:36.840+0000][6948][safepoint    ] Application time: 0.0000232 seconds
[2019-01-14T09:17:36.840+0000][6948][safepoint    ] Total time for which application threads were stopped: 0.0000249 seconds, Stopping threads took: 0.0000061 seconds
[2019-01-14T09:17:36.840+0000][6948][safepoint    ] Application time: 0.0000175 seconds
[2019-01-14T09:17:36.840+0000][6948][safepoint    ] Total time for which application threads were stopped: 0.0000240 seconds, Stopping threads took: 0.0000061 seconds
[2019-01-14T09:17:36.840+0000][6948][safepoint    ] Application time: 0.0000164 seconds
[2019-01-14T09:17:36.840+0000][6948][safepoint    ] Total time for which application threads were stopped: 0.0000240 seconds, Stopping threads took: 0.0000061 seconds
[2019-01-14T09:17:36.840+0000][6948][safepoint    ] Application time: 0.0000164 seconds
[2019-01-14T09:17:36.841+0000][6948][safepoint    ] Total time for which application threads were stopped: 0.0000238 seconds, Stopping threads took: 0.0000059 seconds
[2019-01-14T09:17:36.841+0000][6948][safepoint    ] Application time: 0.0000361 seconds
[2019-01-14T09:17:36.841+0000][6948][safepoint    ] Total time for which application threads were stopped: 0.0000249 seconds, Stopping threads took: 0.0000062 seconds
[2019-01-14T09:17:36.841+0000][6948][safepoint    ] Application time: 0.0000299 seconds
[2019-01-14T09:17:36.841+0000][6948][safepoint    ] Total time for which application threads were stopped: 0.0000239 seconds, Stopping threads took: 0.0000059 seconds
[2019-01-14T09:17:36.841+0000][6948][safepoint    ] Application time: 0.0000171 seconds
[2019-01-14T09:17:36.841+0000][6948][safepoint    ] Total time for which application threads were stopped: 0.0000237 seconds, Stopping threads took: 0.0000059 seconds
[2019-01-14T09:17:36.841+0000][6948][safepoint    ] Application time: 0.0001178 seconds
[2019-01-14T09:17:36.841+0000][6948][safepoint    ] Total time for which application threads were stopped: 0.0000335 seconds, Stopping threads took: 0.0000095 seconds
[2019-01-14T09:17:36.841+0000][6948][safepoint    ] Application time: 0.0000197 seconds
[2019-01-14T09:17:36.841+0000][6948][safepoint    ] Total time for which application threads were stopped: 0.0000245 seconds, Stopping threads took: 0.0000059 seconds
[2019-01-14T09:17:36.841+0000][6948][safepoint    ] Application time: 0.0000178 seconds
[2019-01-14T09:17:36.841+0000][6948][safepoint    ] Total time for which application threads were stopped: 0.0000244 seconds, Stopping threads took: 0.0000058 seconds
[2019-01-14T09:17:36.841+0000][6948][safepoint    ] Application time: 0.0000172 seconds
[2019-01-14T09:17:36.841+0000][6948][safepoint    ] Total time for which application threads were stopped: 0.0003465 seconds, Stopping threads took: 0.0000058 seconds
[2019-01-14T09:17:36.954+0000][6948][safepoint    ] Application time: 0.1126346 seconds
[2019-01-14T09:17:36.954+0000][6948][safepoint    ] Total time for which application threads were stopped: 0.0000847 seconds, Stopping threads took: 0.0000244 seconds
[2019-01-14T09:17:36.977+0000][6948][safepoint    ] Application time: 0.0228851 seconds
[2019-01-14T09:17:36.981+0000][6948][safepoint    ] Total time for which application threads were stopped: 0.0034515 seconds, Stopping threads took: 0.0033700 seconds
[2019-01-14T09:17:37.019+0000][6948][safepoint    ] Application time: 0.0383443 seconds
[2019-01-14T09:17:37.021+0000][6948][gc,start     ] GC(24) Pause Young (Allocation Failure)
[2019-01-14T09:17:37.021+0000][6948][gc,task      ] GC(24) Using 2 workers of 2 for evacuation
[2019-01-14T09:17:37.070+0000][6948][gc,age       ] GC(24) Desired survivor size 4456448 bytes, new threshold 6 (max threshold 6)
[2019-01-14T09:17:37.071+0000][6948][gc,age       ] GC(24) Age table with threshold 6 (max threshold 6)
[2019-01-14T09:17:37.071+0000][6948][gc,age       ] GC(24) - age   1:    1521408 bytes,    1521408 total
[2019-01-14T09:17:37.071+0000][6948][gc,heap      ] GC(24) ParNew: 78656K->8413K(78656K)
[2019-01-14T09:17:37.071+0000][6948][gc,heap      ] GC(24) CMS: 78990K->87699K(174784K)
[2019-01-14T09:17:37.071+0000][6948][gc,metaspace ] GC(24) Metaspace: 75356K->75356K(1118208K)
[2019-01-14T09:17:37.071+0000][6948][gc           ] GC(24) Pause Young (Allocation Failure) 153M->93M(247M) 49.178ms
[2019-01-14T09:17:37.071+0000][6948][gc,cpu       ] GC(24) User=0.03s Sys=0.01s Real=0.04s
[2019-01-14T09:17:37.071+0000][6948][safepoint    ] Total time for which application threads were stopped: 0.0516465 seconds, Stopping threads took: 0.0023308 seconds
[2019-01-14T09:17:37.113+0000][6948][safepoint    ] Application time: 0.0424423 seconds
[2019-01-14T09:17:37.113+0000][6948][safepoint    ] Total time for which application threads were stopped: 0.0000957 seconds, Stopping threads took: 0.0000395 seconds
[2019-01-14T09:17:37.150+0000][6948][safepoint    ] Application time: 0.0363860 seconds
[2019-01-14T09:17:37.150+0000][6948][safepoint    ] Total time for which application threads were stopped: 0.0001994 seconds, Stopping threads took: 0.0001038 seconds
[2019-01-14T09:17:37.165+0000][6948][safepoint    ] Application time: 0.0068055 seconds
[2019-01-14T09:17:37.165+0000][6948][safepoint    ] Total time for which application threads were stopped: 0.0000985 seconds, Stopping threads took: 0.0000430 seconds
[2019-01-14T09:17:37.216+0000][6948][safepoint    ] Application time: 0.0508847 seconds
[2019-01-14T09:17:37.216+0000][6948][safepoint    ] Total time for which application threads were stopped: 0.0001859 seconds, Stopping threads took: 0.0000320 seconds
[2019-01-14T09:17:37.357+0000][6948][safepoint    ] Application time: 0.1404194 seconds
[2019-01-14T09:17:37.358+0000][6948][safepoint    ] Total time for which application threads were stopped: 0.0011584 seconds, Stopping threads took: 0.0010365 seconds
[2019-01-14T09:17:37.362+0000][6948][safepoint    ] Application time: 0.0040425 seconds
[2019-01-14T09:17:37.364+0000][6948][safepoint    ] Total time for which application threads were stopped: 0.0020269 seconds, Stopping threads took: 0.0019462 seconds
[2019-01-14T09:17:37.381+0000][6948][safepoint    ] Application time: 0.0174001 seconds
[2019-01-14T09:17:37.384+0000][6948][safepoint    ] Total time for which application threads were stopped: 0.0027961 seconds, Stopping threads took: 0.0026959 seconds
[2019-01-14T09:17:37.401+0000][6948][safepoint    ] Application time: 0.0172421 seconds
[2019-01-14T09:17:37.405+0000][6948][safepoint    ] Total time for which application threads were stopped: 0.0034547 seconds, Stopping threads took: 0.0030199 seconds
[2019-01-14T09:17:37.414+0000][6948][safepoint    ] Application time: 0.0083874 seconds
[2019-01-14T09:17:37.416+0000][6948][safepoint    ] Total time for which application threads were stopped: 0.0028191 seconds, Stopping threads took: 0.0027451 seconds
[2019-01-14T09:17:37.420+0000][6948][safepoint    ] Application time: 0.0035922 seconds
[2019-01-14T09:17:37.420+0000][6948][safepoint    ] Total time for which application threads were stopped: 0.0000911 seconds, Stopping threads took: 0.0000315 seconds
[2019-01-14T09:17:37.429+0000][6948][safepoint    ] Application time: 0.0085623 seconds
[2019-01-14T09:17:37.429+0000][6948][safepoint    ] Total time for which application threads were stopped: 0.0000647 seconds, Stopping threads took: 0.0000104 seconds
[2019-01-14T09:17:37.433+0000][6948][safepoint    ] Application time: 0.0038066 seconds
[2019-01-14T09:17:37.433+0000][6948][safepoint    ] Total time for which application threads were stopped: 0.0000690 seconds, Stopping threads took: 0.0000189 seconds
[2019-01-14T09:17:37.434+0000][6948][safepoint    ] Application time: 0.0008058 seconds
[2019-01-14T09:17:37.434+0000][6948][safepoint    ] Total time for which application threads were stopped: 0.0000577 seconds, Stopping threads took: 0.0000167 seconds
[2019-01-14T09:17:37.449+0000][6948][safepoint    ] Application time: 0.0156951 seconds
[2019-01-14T09:17:37.452+0000][6948][safepoint    ] Total time for which application threads were stopped: 0.0030053 seconds, Stopping threads took: 0.0029044 seconds
[2019-01-14T09:17:37.455+0000][6948][safepoint    ] Application time: 0.0022725 seconds
[2019-01-14T09:17:37.455+0000][6948][safepoint    ] Total time for which application threads were stopped: 0.0001267 seconds, Stopping threads took: 0.0000508 seconds
[2019-01-14T09:17:37.475+0000][6948][safepoint    ] Application time: 0.0199336 seconds
[2019-01-14T09:17:37.484+0000][6948][safepoint    ] Total time for which application threads were stopped: 0.0090198 seconds, Stopping threads took: 0.0089296 seconds
[2019-01-14T09:17:37.534+0000][6948][safepoint    ] Application time: 0.0496179 seconds
[2019-01-14T09:17:37.534+0000][6948][safepoint    ] Total time for which application threads were stopped: 0.0000706 seconds, Stopping threads took: 0.0000187 seconds
[2019-01-14T09:17:37.844+0000][6948][safepoint    ] Application time: 0.3099744 seconds
[2019-01-14T09:17:37.844+0000][6948][safepoint    ] Total time for which application threads were stopped: 0.0000923 seconds, Stopping threads took: 0.0000167 seconds
[2019-01-14T09:17:37.845+0000][6948][safepoint    ] Application time: 0.0008927 seconds
[2019-01-14T09:17:37.845+0000][6948][safepoint    ] Total time for which application threads were stopped: 0.0000516 seconds, Stopping threads took: 0.0000139 seconds
[2019-01-14T09:17:37.845+0000][6948][safepoint    ] Application time: 0.0001034 seconds
[2019-01-14T09:17:37.845+0000][6948][safepoint    ] Total time for which application threads were stopped: 0.0000362 seconds, Stopping threads took: 0.0000093 seconds
[2019-01-14T09:17:37.845+0000][6948][safepoint    ] Application time: 0.0000400 seconds
[2019-01-14T09:17:37.845+0000][6948][safepoint    ] Total time for which application threads were stopped: 0.0000331 seconds, Stopping threads took: 0.0000089 seconds
[2019-01-14T09:17:37.845+0000][6948][safepoint    ] Application time: 0.0000318 seconds
[2019-01-14T09:17:37.845+0000][6948][safepoint    ] Total time for which application threads were stopped: 0.0000318 seconds, Stopping threads took: 0.0000086 seconds
[2019-01-14T09:17:37.845+0000][6948][safepoint    ] Application time: 0.0000873 seconds
[2019-01-14T09:17:37.846+0000][6948][safepoint    ] Total time for which application threads were stopped: 0.0000326 seconds, Stopping threads took: 0.0000089 seconds
[2019-01-14T09:17:37.846+0000][6948][safepoint    ] Application time: 0.0000403 seconds
[2019-01-14T09:17:37.846+0000][6948][safepoint    ] Total time for which application threads were stopped: 0.0000540 seconds, Stopping threads took: 0.0000088 seconds
[2019-01-14T09:17:37.846+0000][6948][safepoint    ] Application time: 0.0002296 seconds
[2019-01-14T09:17:37.846+0000][6948][safepoint    ] Total time for which application threads were stopped: 0.0000515 seconds, Stopping threads took: 0.0000100 seconds
[2019-01-14T09:17:37.846+0000][6948][safepoint    ] Application time: 0.0000753 seconds
[2019-01-14T09:17:37.846+0000][6948][safepoint    ] Total time for which application threads were stopped: 0.0000340 seconds, Stopping threads took: 0.0000093 seconds
[2019-01-14T09:17:37.846+0000][6948][safepoint    ] Application time: 0.0000532 seconds
[2019-01-14T09:17:37.846+0000][6948][safepoint    ] Total time for which application threads were stopped: 0.0000323 seconds, Stopping threads took: 0.0000090 seconds
[2019-01-14T09:17:37.846+0000][6948][safepoint    ] Application time: 0.0000500 seconds
[2019-01-14T09:17:37.846+0000][6948][safepoint    ] Total time for which application threads were stopped: 0.0000318 seconds, Stopping threads took: 0.0000086 seconds
[2019-01-14T09:17:37.846+0000][6948][safepoint    ] Application time: 0.0000380 seconds
[2019-01-14T09:17:37.846+0000][6948][safepoint    ] Total time for which application threads were stopped: 0.0000319 seconds, Stopping threads took: 0.0000089 seconds
[2019-01-14T09:17:37.846+0000][6948][safepoint    ] Application time: 0.0000297 seconds
[2019-01-14T09:17:37.846+0000][6948][safepoint    ] Total time for which application threads were stopped: 0.0000307 seconds, Stopping threads took: 0.0000082 seconds
[2019-01-14T09:17:37.846+0000][6948][safepoint    ] Application time: 0.0000489 seconds
[2019-01-14T09:17:37.847+0000][6948][safepoint    ] Total time for which application threads were stopped: 0.0000314 seconds, Stopping threads took: 0.0000084 seconds
[2019-01-14T09:17:37.847+0000][6948][safepoint    ] Application time: 0.0000373 seconds
[2019-01-14T09:17:37.847+0000][6948][safepoint    ] Total time for which application threads were stopped: 0.0000472 seconds, Stopping threads took: 0.0000213 seconds
[2019-01-14T09:17:37.847+0000][6948][safepoint    ] Application time: 0.0000294 seconds
[2019-01-14T09:17:37.847+0000][6948][safepoint    ] Total time for which application threads were stopped: 0.0000312 seconds, Stopping threads took: 0.0000082 seconds
[2019-01-14T09:17:37.847+0000][6948][safepoint    ] Application time: 0.0000394 seconds
[2019-01-14T09:17:37.847+0000][6948][safepoint    ] Total time for which application threads were stopped: 0.0000314 seconds, Stopping threads took: 0.0000086 seconds
[2019-01-14T09:17:38.847+0000][6948][safepoint    ] Application time: 1.0002633 seconds
[2019-01-14T09:17:38.847+0000][6948][safepoint    ] Total time for which application threads were stopped: 0.0000618 seconds, Stopping threads took: 0.0000180 seconds
[2019-01-14T09:17:39.848+0000][6948][safepoint    ] Application time: 1.0003670 seconds
[2019-01-14T09:17:39.848+0000][6948][safepoint    ] Total time for which application threads were stopped: 0.0001269 seconds, Stopping threads took: 0.0000819 seconds
[2019-01-14T09:17:40.848+0000][6948][safepoint    ] Application time: 1.0004749 seconds
[2019-01-14T09:17:40.848+0000][6948][safepoint    ] Total time for which application threads were stopped: 0.0000583 seconds, Stopping threads took: 0.0000165 seconds
[2019-01-14T09:17:41.090+0000][6948][safepoint    ] Application time: 0.2412694 seconds
[2019-01-14T09:17:41.090+0000][6948][safepoint    ] Total time for which application threads were stopped: 0.0000985 seconds, Stopping threads took: 0.0000195 seconds
[2019-01-14T09:17:41.090+0000][6948][safepoint    ] Application time: 0.0000430 seconds
[2019-01-14T09:17:41.090+0000][6948][safepoint    ] Total time for which application threads were stopped: 0.0000345 seconds, Stopping threads took: 0.0000080 seconds
[2019-01-14T09:17:41.090+0000][6948][safepoint    ] Application time: 0.0000212 seconds
[2019-01-14T09:17:41.090+0000][6948][safepoint    ] Total time for which application threads were stopped: 0.0000257 seconds, Stopping threads took: 0.0000064 seconds
[2019-01-14T09:17:41.090+0000][6948][safepoint    ] Application time: 0.0000477 seconds
[2019-01-14T09:17:41.090+0000][6948][safepoint    ] Total time for which application threads were stopped: 0.0002182 seconds, Stopping threads took: 0.0001428 seconds
[2019-01-14T09:17:41.090+0000][6948][safepoint    ] Application time: 0.0001756 seconds
[2019-01-14T09:17:41.091+0000][6948][safepoint    ] Total time for which application threads were stopped: 0.0001301 seconds, Stopping threads took: 0.0000968 seconds
[2019-01-14T09:17:42.091+0000][6948][safepoint    ] Application time: 1.0001215 seconds
[2019-01-14T09:17:42.091+0000][6948][safepoint    ] Total time for which application threads were stopped: 0.0000957 seconds, Stopping threads took: 0.0000150 seconds
[2019-01-14T09:17:43.091+0000][6948][safepoint    ] Application time: 1.0002286 seconds
[2019-01-14T09:17:43.091+0000][6948][safepoint    ] Total time for which application threads were stopped: 0.0000701 seconds, Stopping threads took: 0.0000179 seconds
[2019-01-14T09:17:44.092+0000][6948][safepoint    ] Application time: 1.0003595 seconds
[2019-01-14T09:17:44.092+0000][6948][safepoint    ] Total time for which application threads were stopped: 0.0000643 seconds, Stopping threads took: 0.0000164 seconds
[2019-01-14T09:17:45.092+0000][6948][safepoint    ] Application time: 1.0003555 seconds
[2019-01-14T09:17:45.092+0000][6948][safepoint    ] Total time for which application threads were stopped: 0.0000589 seconds, Stopping threads took: 0.0000166 seconds
[2019-01-14T09:17:46.092+0000][6948][safepoint    ] Application time: 1.0001455 seconds
[2019-01-14T09:17:46.092+0000][6948][safepoint    ] Total time for which application threads were stopped: 0.0000566 seconds, Stopping threads took: 0.0000136 seconds
[2019-01-14T09:17:47.093+0000][6948][safepoint    ] Application time: 1.0003927 seconds
[2019-01-14T09:17:47.093+0000][6948][safepoint    ] Total time for which application threads were stopped: 0.0000584 seconds, Stopping threads took: 0.0000166 seconds
[2019-01-14T09:17:48.093+0000][6948][safepoint    ] Application time: 1.0002250 seconds
[2019-01-14T09:17:48.093+0000][6948][safepoint    ] Total time for which application threads were stopped: 0.0000913 seconds, Stopping threads took: 0.0000167 seconds
[2019-01-14T09:17:49.094+0000][6948][safepoint    ] Application time: 1.0002810 seconds
[2019-01-14T09:17:49.094+0000][6948][safepoint    ] Total time for which application threads were stopped: 0.0000802 seconds, Stopping threads took: 0.0000293 seconds
[2019-01-14T09:17:50.094+0000][6948][safepoint    ] Application time: 1.0001443 seconds
[2019-01-14T09:17:50.094+0000][6948][safepoint    ] Total time for which application threads were stopped: 0.0000854 seconds, Stopping threads took: 0.0000222 seconds
[2019-01-14T09:17:51.095+0000][6948][safepoint    ] Application time: 1.0004963 seconds
[2019-01-14T09:17:51.095+0000][6948][safepoint    ] Total time for which application threads were stopped: 0.0000678 seconds, Stopping threads took: 0.0000177 seconds
[2019-01-14T09:17:52.097+0000][6948][safepoint    ] Application time: 1.0011001 seconds
[2019-01-14T09:17:52.100+0000][6948][safepoint    ] Total time for which application threads were stopped: 0.0029136 seconds, Stopping threads took: 0.0000258 seconds
[2019-01-14T09:17:53.102+0000][6948][safepoint    ] Application time: 1.0001546 seconds
[2019-01-14T09:17:53.104+0000][6948][safepoint    ] Total time for which application threads were stopped: 0.0012314 seconds, Stopping threads took: 0.0000277 seconds
[2019-01-14T09:17:54.104+0000][6948][safepoint    ] Application time: 1.0001123 seconds
[2019-01-14T09:17:54.104+0000][6948][safepoint    ] Total time for which application threads were stopped: 0.0000716 seconds, Stopping threads took: 0.0000247 seconds
[2019-01-14T09:17:55.105+0000][6948][safepoint    ] Application time: 1.0011332 seconds
[2019-01-14T09:17:55.108+0000][6948][safepoint    ] Total time for which application threads were stopped: 0.0015105 seconds, Stopping threads took: 0.0000171 seconds
[2019-01-14T09:17:56.109+0000][6948][safepoint    ] Application time: 1.0005287 seconds
[2019-01-14T09:17:56.109+0000][6948][safepoint    ] Total time for which application threads were stopped: 0.0000620 seconds, Stopping threads took: 0.0000147 seconds
[2019-01-14T09:17:57.109+0000][6948][safepoint    ] Application time: 1.0003545 seconds
[2019-01-14T09:17:57.109+0000][6948][safepoint    ] Total time for which application threads were stopped: 0.0000675 seconds, Stopping threads took: 0.0000186 seconds
[2019-01-14T09:17:58.113+0000][6948][safepoint    ] Application time: 1.0027713 seconds
[2019-01-14T09:17:58.118+0000][6948][safepoint    ] Total time for which application threads were stopped: 0.0016488 seconds, Stopping threads took: 0.0000343 seconds
[2019-01-14T09:17:59.159+0000][6948][safepoint    ] Application time: 1.0230834 seconds
[2019-01-14T09:17:59.181+0000][6948][safepoint    ] Total time for which application threads were stopped: 0.0038135 seconds, Stopping threads took: 0.0015788 seconds
[2019-01-14T09:18:00.183+0000][6948][safepoint    ] Application time: 1.0004381 seconds
[2019-01-14T09:18:00.190+0000][6948][safepoint    ] Total time for which application threads were stopped: 0.0064298 seconds, Stopping threads took: 0.0053854 seconds
[2019-01-14T09:18:01.191+0000][6948][safepoint    ] Application time: 1.0005057 seconds
[2019-01-14T09:18:01.292+0000][6948][safepoint    ] Total time for which application threads were stopped: 0.0201617 seconds, Stopping threads took: 0.0189660 seconds
[2019-01-14T09:18:02.298+0000][6948][safepoint    ] Application time: 1.0031165 seconds
[2019-01-14T09:18:02.304+0000][6948][safepoint    ] Total time for which application threads were stopped: 0.0036375 seconds, Stopping threads took: 0.0010373 seconds
[2019-01-14T09:18:03.307+0000][6948][safepoint    ] Application time: 1.0020377 seconds
[2019-01-14T09:18:03.312+0000][6948][safepoint    ] Total time for which application threads were stopped: 0.0031519 seconds, Stopping threads took: 0.0011421 seconds
[2019-01-14T09:18:04.320+0000][6948][safepoint    ] Application time: 1.0050297 seconds
[2019-01-14T09:18:04.432+0000][6948][safepoint    ] Total time for which application threads were stopped: 0.0753866 seconds, Stopping threads took: 0.0515434 seconds
[2019-01-14T09:18:05.469+0000][6948][safepoint    ] Application time: 1.0199834 seconds
[2019-01-14T09:18:05.500+0000][6948][safepoint    ] Total time for which application threads were stopped: 0.0181238 seconds, Stopping threads took: 0.0109873 seconds
[2019-01-14T09:18:05.988+0000][6948][safepoint    ] Application time: 0.4797884 seconds
[2019-01-14T09:18:06.272+0000][6948][safepoint    ] Total time for which application threads were stopped: 0.2800871 seconds, Stopping threads took: 0.0004065 seconds
[2019-01-14T09:18:07.287+0000][6948][safepoint    ] Application time: 1.0034090 seconds
[2019-01-14T09:18:07.303+0000][6948][safepoint    ] Total time for which application threads were stopped: 0.0100610 seconds, Stopping threads took: 0.0083361 seconds
[2019-01-14T09:18:07.309+0000][6948][safepoint    ] Application time: 0.0057951 seconds
[2019-01-14T09:18:07.309+0000][6948][safepoint    ] Total time for which application threads were stopped: 0.0004166 seconds, Stopping threads took: 0.0001233 seconds
[2019-01-14T09:18:08.753+0000][6948][safepoint    ] Application time: 1.4090036 seconds
[2019-01-14T09:18:08.876+0000][6948][safepoint    ] Total time for which application threads were stopped: 0.0914144 seconds, Stopping threads took: 0.0117986 seconds
[2019-01-14T09:18:08.909+0000][6948][safepoint    ] Application time: 0.0266908 seconds
[2019-01-14T09:18:08.920+0000][6948][safepoint    ] Total time for which application threads were stopped: 0.0107431 seconds, Stopping threads took: 0.0052183 seconds
[2019-01-14T09:18:08.929+0000][6948][safepoint    ] Application time: 0.0084145 seconds
[2019-01-14T09:18:08.940+0000][6948][safepoint    ] Total time for which application threads were stopped: 0.0108797 seconds, Stopping threads took: 0.0107707 seconds
[2019-01-14T09:18:09.174+0000][6948][safepoint    ] Application time: 0.2328399 seconds
[2019-01-14T09:18:09.190+0000][6948][safepoint    ] Total time for which application threads were stopped: 0.0147104 seconds, Stopping threads took: 0.0000693 seconds
[2019-01-14T09:18:09.218+0000][6948][safepoint    ] Application time: 0.0283407 seconds
[2019-01-14T09:18:09.223+0000][6948][safepoint    ] Total time for which application threads were stopped: 0.0035125 seconds, Stopping threads took: 0.0006327 seconds
[2019-01-14T09:18:09.258+0000][6948][safepoint    ] Application time: 0.0306917 seconds
[2019-01-14T09:18:09.260+0000][6948][safepoint    ] Total time for which application threads were stopped: 0.0028141 seconds, Stopping threads took: 0.0006473 seconds
[2019-01-14T09:18:09.310+0000][6948][safepoint    ] Application time: 0.0478730 seconds
[2019-01-14T09:18:09.318+0000][6948][safepoint    ] Total time for which application threads were stopped: 0.0056788 seconds, Stopping threads took: 0.0000305 seconds
[2019-01-14T09:18:10.322+0000][6948][safepoint    ] Application time: 1.0017366 seconds
[2019-01-14T09:18:10.326+0000][6948][safepoint    ] Total time for which application threads were stopped: 0.0018186 seconds, Stopping threads took: 0.0000266 seconds
[2019-01-14T09:18:11.328+0000][6948][safepoint    ] Application time: 1.0008242 seconds
[2019-01-14T09:18:11.378+0000][6948][safepoint    ] Total time for which application threads were stopped: 0.0484520 seconds, Stopping threads took: 0.0377451 seconds
[2019-01-14T09:18:12.387+0000][6948][safepoint    ] Application time: 1.0033745 seconds
[2019-01-14T09:18:12.398+0000][6948][safepoint    ] Total time for which application threads were stopped: 0.0094408 seconds, Stopping threads took: 0.0020589 seconds
[2019-01-14T09:18:13.402+0000][6948][safepoint    ] Application time: 1.0025194 seconds
[2019-01-14T09:18:13.406+0000][6948][safepoint    ] Total time for which application threads were stopped: 0.0031898 seconds, Stopping threads took: 0.0014387 seconds
[2019-01-14T09:18:14.411+0000][6948][safepoint    ] Application time: 1.0026706 seconds
[2019-01-14T09:18:14.416+0000][6948][safepoint    ] Total time for which application threads were stopped: 0.0035390 seconds, Stopping threads took: 0.0012931 seconds
[2019-01-14T09:18:15.419+0000][6948][safepoint    ] Application time: 1.0016350 seconds
[2019-01-14T09:18:15.425+0000][6948][safepoint    ] Total time for which application threads were stopped: 0.0036908 seconds, Stopping threads took: 0.0012889 seconds
[2019-01-14T09:18:16.432+0000][6948][safepoint    ] Application time: 1.0032243 seconds
[2019-01-14T09:18:16.450+0000][6948][safepoint    ] Total time for which application threads were stopped: 0.0110940 seconds, Stopping threads took: 0.0022222 seconds
[2019-01-14T09:18:17.453+0000][6948][safepoint    ] Application time: 1.0010145 seconds
[2019-01-14T09:18:17.484+0000][6948][safepoint    ] Total time for which application threads were stopped: 0.0290127 seconds, Stopping threads took: 0.0006675 seconds
[2019-01-14T09:18:18.553+0000][6948][safepoint    ] Application time: 1.0671284 seconds
[2019-01-14T09:18:18.565+0000][6948][safepoint    ] Total time for which application threads were stopped: 0.0081793 seconds, Stopping threads took: 0.0022873 seconds
[2019-01-14T09:18:19.568+0000][6948][safepoint    ] Application time: 1.0003407 seconds
[2019-01-14T09:18:19.569+0000][6948][safepoint    ] Total time for which application threads were stopped: 0.0010104 seconds, Stopping threads took: 0.0000362 seconds
[2019-01-14T09:18:20.569+0000][6948][safepoint    ] Application time: 1.0001214 seconds
[2019-01-14T09:18:20.570+0000][6948][safepoint    ] Total time for which application threads were stopped: 0.0004219 seconds, Stopping threads took: 0.0000237 seconds
[2019-01-14T09:18:21.570+0000][6948][safepoint    ] Application time: 1.0001701 seconds
[2019-01-14T09:18:21.573+0000][6948][safepoint    ] Total time for which application threads were stopped: 0.0028625 seconds, Stopping threads took: 0.0001083 seconds
[2019-01-14T09:18:22.594+0000][6948][safepoint    ] Application time: 1.0186734 seconds
[2019-01-14T09:18:22.605+0000][6948][safepoint    ] Total time for which application threads were stopped: 0.0042307 seconds, Stopping threads took: 0.0020682 seconds
[2019-01-14T09:18:23.609+0000][6948][safepoint    ] Application time: 1.0028028 seconds
[2019-01-14T09:18:23.614+0000][6948][safepoint    ] Total time for which application threads were stopped: 0.0038628 seconds, Stopping threads took: 0.0014857 seconds
[2019-01-14T09:18:24.793+0000][6948][safepoint    ] Application time: 1.1593797 seconds
[2019-01-14T09:18:24.859+0000][6948][safepoint    ] Total time for which application threads were stopped: 0.0593836 seconds, Stopping threads took: 0.0524533 seconds
[2019-01-14T09:18:25.868+0000][6948][safepoint    ] Application time: 1.0068039 seconds
[2019-01-14T09:18:25.877+0000][6948][safepoint    ] Total time for which application threads were stopped: 0.0062823 seconds, Stopping threads took: 0.0028647 seconds
[2019-01-14T09:18:26.880+0000][6948][safepoint    ] Application time: 1.0015018 seconds
[2019-01-14T09:18:26.886+0000][6948][safepoint    ] Total time for which application threads were stopped: 0.0040698 seconds, Stopping threads took: 0.0014339 seconds
[2019-01-14T09:18:27.890+0000][6948][safepoint    ] Application time: 1.0023551 seconds
[2019-01-14T09:18:27.896+0000][6948][safepoint    ] Total time for which application threads were stopped: 0.0048761 seconds, Stopping threads took: 0.0014822 seconds
[2019-01-14T09:18:28.898+0000][6948][safepoint    ] Application time: 1.0011015 seconds
[2019-01-14T09:18:28.902+0000][6948][safepoint    ] Total time for which application threads were stopped: 0.0018990 seconds, Stopping threads took: 0.0000264 seconds
[2019-01-14T09:18:29.906+0000][6948][safepoint    ] Application time: 1.0045307 seconds
[2019-01-14T09:18:29.906+0000][6948][safepoint    ] Total time for which application threads were stopped: 0.0001143 seconds, Stopping threads took: 0.0000412 seconds
[2019-01-14T09:18:30.907+0000][6948][safepoint    ] Application time: 1.0001606 seconds
[2019-01-14T09:18:30.907+0000][6948][safepoint    ] Total time for which application threads were stopped: 0.0000877 seconds, Stopping threads took: 0.0000181 seconds
[2019-01-14T09:18:31.907+0000][6948][safepoint    ] Application time: 1.0006803 seconds
[2019-01-14T09:18:31.907+0000][6948][safepoint    ] Total time for which application threads were stopped: 0.0000772 seconds, Stopping threads took: 0.0000188 seconds
[2019-01-14T09:18:32.534+0000][6948][safepoint    ] Application time: 0.6268698 seconds
[2019-01-14T09:18:32.537+0000][6948][gc,start     ] GC(25) Pause Young (Allocation Failure)
[2019-01-14T09:18:32.540+0000][6948][gc,task      ] GC(25) Using 2 workers of 2 for evacuation
[2019-01-14T09:18:32.868+0000][6948][gc,age       ] GC(25) Desired survivor size 4456448 bytes, new threshold 6 (max threshold 6)
[2019-01-14T09:18:32.868+0000][6948][gc,age       ] GC(25) Age table with threshold 6 (max threshold 6)
[2019-01-14T09:18:32.868+0000][6948][gc,age       ] GC(25) - age   1:     689128 bytes,     689128 total
[2019-01-14T09:18:32.868+0000][6948][gc,age       ] GC(25) - age   2:    1458672 bytes,    2147800 total
[2019-01-14T09:18:32.868+0000][6948][gc,heap      ] GC(25) ParNew: 78365K->3573K(78656K)
[2019-01-14T09:18:32.868+0000][6948][gc,heap      ] GC(25) CMS: 87699K->87699K(174784K)
[2019-01-14T09:18:32.869+0000][6948][gc,metaspace ] GC(25) Metaspace: 77340K->77340K(1120256K)
[2019-01-14T09:18:32.869+0000][6948][gc           ] GC(25) Pause Young (Allocation Failure) 162M->89M(247M) 331.532ms
[2019-01-14T09:18:32.869+0000][6948][gc,cpu       ] GC(25) User=0.00s Sys=0.11s Real=0.33s
[2019-01-14T09:18:32.869+0000][6948][safepoint    ] Total time for which application threads were stopped: 0.3343490 seconds, Stopping threads took: 0.0000404 seconds
[2019-01-14T09:18:33.869+0000][6948][safepoint    ] Application time: 1.0006123 seconds
[2019-01-14T09:18:33.870+0000][6948][safepoint    ] Total time for which application threads were stopped: 0.0000968 seconds, Stopping threads took: 0.0000173 seconds
[2019-01-14T09:18:34.871+0000][6948][safepoint    ] Application time: 1.0003597 seconds
[2019-01-14T09:18:34.871+0000][6948][safepoint    ] Total time for which application threads were stopped: 0.0000763 seconds, Stopping threads took: 0.0000170 seconds
[2019-01-14T09:18:35.886+0000][6948][safepoint    ] Application time: 1.0140939 seconds
[2019-01-14T09:18:35.896+0000][6948][safepoint    ] Total time for which application threads were stopped: 0.0071974 seconds, Stopping threads took: 0.0005792 seconds
[2019-01-14T09:18:36.899+0000][6948][safepoint    ] Application time: 1.0018250 seconds
[2019-01-14T09:18:36.900+0000][6948][safepoint    ] Total time for which application threads were stopped: 0.0015845 seconds, Stopping threads took: 0.0000962 seconds
[2019-01-14T09:18:37.901+0000][6948][safepoint    ] Application time: 1.0003803 seconds
[2019-01-14T09:18:37.916+0000][6948][safepoint    ] Total time for which application threads were stopped: 0.0000778 seconds, Stopping threads took: 0.0000292 seconds
[2019-01-14T09:18:38.930+0000][6948][safepoint    ] Application time: 1.0139072 seconds
[2019-01-14T09:18:38.990+0000][6948][safepoint    ] Total time for which application threads were stopped: 0.0583122 seconds, Stopping threads took: 0.0164153 seconds
[2019-01-14T09:18:39.056+0000][6948][safepoint    ] Application time: 0.0660335 seconds
[2019-01-14T09:18:39.081+0000][6948][safepoint    ] Total time for which application threads were stopped: 0.0251688 seconds, Stopping threads took: 0.0108423 seconds
[2019-01-14T09:18:39.110+0000][6948][safepoint    ] Application time: 0.0293379 seconds
[2019-01-14T09:18:39.111+0000][6948][safepoint    ] Total time for which application threads were stopped: 0.0000809 seconds, Stopping threads took: 0.0000192 seconds
[2019-01-14T09:18:39.121+0000][6948][safepoint    ] Application time: 0.0106042 seconds
[2019-01-14T09:18:39.121+0000][6948][safepoint    ] Total time for which application threads were stopped: 0.0000721 seconds, Stopping threads took: 0.0000184 seconds
[2019-01-14T09:18:39.163+0000][6948][safepoint    ] Application time: 0.0421597 seconds
[2019-01-14T09:18:39.164+0000][6948][safepoint    ] Total time for which application threads were stopped: 0.0001011 seconds, Stopping threads took: 0.0000190 seconds
[2019-01-14T09:18:39.234+0000][6948][safepoint    ] Application time: 0.0704998 seconds
[2019-01-14T09:18:39.269+0000][6948][safepoint    ] Total time for which application threads were stopped: 0.0347658 seconds, Stopping threads took: 0.0000196 seconds
[2019-01-14T09:18:39.285+0000][6948][safepoint    ] Application time: 0.0157550 seconds
[2019-01-14T09:18:39.285+0000][6948][safepoint    ] Total time for which application threads were stopped: 0.0000696 seconds, Stopping threads took: 0.0000115 seconds
[2019-01-14T09:18:39.294+0000][6948][safepoint    ] Application time: 0.0090104 seconds
[2019-01-14T09:18:39.294+0000][6948][safepoint    ] Total time for which application threads were stopped: 0.0001977 seconds, Stopping threads took: 0.0001440 seconds
[2019-01-14T09:18:39.666+0000][6948][safepoint    ] Application time: 0.3717362 seconds
[2019-01-14T09:18:39.668+0000][6948][safepoint    ] Total time for which application threads were stopped: 0.0021869 seconds, Stopping threads took: 0.0004487 seconds
[2019-01-14T09:18:39.673+0000][6948][safepoint    ] Application time: 0.0050600 seconds
[2019-01-14T09:18:39.673+0000][6948][safepoint    ] Total time for which application threads were stopped: 0.0001530 seconds, Stopping threads took: 0.0000638 seconds
[2019-01-14T09:18:39.714+0000][6948][safepoint    ] Application time: 0.0402591 seconds
[2019-01-14T09:18:39.723+0000][6948][safepoint    ] Total time for which application threads were stopped: 0.0091435 seconds, Stopping threads took: 0.0090444 seconds
[2019-01-14T09:18:39.723+0000][6948][safepoint    ] Application time: 0.0001850 seconds
[2019-01-14T09:18:39.730+0000][6948][safepoint    ] Total time for which application threads were stopped: 0.0073808 seconds, Stopping threads took: 0.0070251 seconds
[2019-01-14T09:18:39.761+0000][6948][safepoint    ] Application time: 0.0304044 seconds
[2019-01-14T09:18:39.798+0000][6948][safepoint    ] Total time for which application threads were stopped: 0.0369647 seconds, Stopping threads took: 0.0368695 seconds
[2019-01-14T09:18:39.799+0000][6948][safepoint    ] Application time: 0.0010944 seconds
[2019-01-14T09:18:39.800+0000][6948][safepoint    ] Total time for which application threads were stopped: 0.0011126 seconds, Stopping threads took: 0.0010081 seconds
[2019-01-14T09:18:39.800+0000][6948][safepoint    ] Application time: 0.0001421 seconds
[2019-01-14T09:18:39.800+0000][6948][safepoint    ] Total time for which application threads were stopped: 0.0000732 seconds, Stopping threads took: 0.0000042 seconds
[2019-01-14T09:18:39.801+0000][6948][safepoint    ] Application time: 0.0001195 seconds
[2019-01-14T09:18:39.801+0000][6948][safepoint    ] Total time for which application threads were stopped: 0.0003234 seconds, Stopping threads took: 0.0002776 seconds
[2019-01-14T09:18:39.849+0000][6948][safepoint    ] Application time: 0.0482947 seconds
[2019-01-14T09:18:39.849+0000][6948][safepoint    ] Total time for which application threads were stopped: 0.0000774 seconds, Stopping threads took: 0.0000121 seconds
[2019-01-14T09:18:39.943+0000][6948][safepoint    ] Application time: 0.0939324 seconds
[2019-01-14T09:18:39.951+0000][6948][safepoint    ] Total time for which application threads were stopped: 0.0077208 seconds, Stopping threads took: 0.0075787 seconds
[2019-01-14T09:18:39.981+0000][6948][safepoint    ] Application time: 0.0296411 seconds
[2019-01-14T09:18:39.981+0000][6948][safepoint    ] Total time for which application threads were stopped: 0.0001213 seconds, Stopping threads took: 0.0000193 seconds
[2019-01-14T09:18:39.981+0000][6948][safepoint    ] Application time: 0.0003213 seconds
[2019-01-14T09:18:39.981+0000][6948][safepoint    ] Total time for which application threads were stopped: 0.0000842 seconds, Stopping threads took: 0.0000373 seconds
[2019-01-14T09:18:39.983+0000][6948][safepoint    ] Application time: 0.0017228 seconds
[2019-01-14T09:18:40.003+0000][6948][safepoint    ] Total time for which application threads were stopped: 0.0202537 seconds, Stopping threads took: 0.0201686 seconds
[2019-01-14T09:18:40.008+0000][6948][safepoint    ] Application time: 0.0051250 seconds
[2019-01-14T09:18:40.019+0000][6948][safepoint    ] Total time for which application threads were stopped: 0.0103733 seconds, Stopping threads took: 0.0095442 seconds
[2019-01-14T09:18:40.019+0000][6948][safepoint    ] Application time: 0.0000808 seconds
[2019-01-14T09:18:40.019+0000][6948][safepoint    ] Total time for which application threads were stopped: 0.0000649 seconds, Stopping threads took: 0.0000069 seconds
[2019-01-14T09:18:40.022+0000][6948][safepoint    ] Application time: 0.0028974 seconds
[2019-01-14T09:18:40.023+0000][6948][safepoint    ] Total time for which application threads were stopped: 0.0005861 seconds, Stopping threads took: 0.0003274 seconds
[2019-01-14T09:18:40.025+0000][6948][safepoint    ] Application time: 0.0023013 seconds
[2019-01-14T09:18:40.025+0000][6948][safepoint    ] Total time for which application threads were stopped: 0.0000832 seconds, Stopping threads took: 0.0000145 seconds
[2019-01-14T09:18:40.084+0000][6948][safepoint    ] Application time: 0.0592848 seconds
[2019-01-14T09:18:40.088+0000][6948][safepoint    ] Total time for which application threads were stopped: 0.0031545 seconds, Stopping threads took: 0.0030704 seconds
[2019-01-14T09:18:40.088+0000][6948][safepoint    ] Application time: 0.0002522 seconds
[2019-01-14T09:18:40.091+0000][6948][safepoint    ] Total time for which application threads were stopped: 0.0035036 seconds, Stopping threads took: 0.0033523 seconds
[2019-01-14T09:18:40.128+0000][6948][safepoint    ] Application time: 0.0362879 seconds
[2019-01-14T09:18:40.128+0000][6948][safepoint    ] Total time for which application threads were stopped: 0.0005515 seconds, Stopping threads took: 0.0002190 seconds
[2019-01-14T09:18:40.129+0000][6948][safepoint    ] Application time: 0.0004708 seconds
[2019-01-14T09:18:40.129+0000][6948][safepoint    ] Total time for which application threads were stopped: 0.0001359 seconds, Stopping threads took: 0.0000268 seconds
[2019-01-14T09:18:40.152+0000][6948][safepoint    ] Application time: 0.0222537 seconds
[2019-01-14T09:18:40.153+0000][6948][safepoint    ] Total time for which application threads were stopped: 0.0014864 seconds, Stopping threads took: 0.0013362 seconds
[2019-01-14T09:18:40.288+0000][6948][safepoint    ] Application time: 0.1344670 seconds
[2019-01-14T09:18:40.306+0000][6948][safepoint    ] Total time for which application threads were stopped: 0.0188869 seconds, Stopping threads took: 0.0187650 seconds
[2019-01-14T09:18:40.346+0000][6948][safepoint    ] Application time: 0.0394057 seconds
[2019-01-14T09:18:40.355+0000][6948][safepoint    ] Total time for which application threads were stopped: 0.0093971 seconds, Stopping threads took: 0.0092975 seconds
[2019-01-14T09:18:40.370+0000][6948][safepoint    ] Application time: 0.0144840 seconds
[2019-01-14T09:18:40.370+0000][6948][safepoint    ] Total time for which application threads were stopped: 0.0000996 seconds, Stopping threads took: 0.0000400 seconds
[2019-01-14T09:18:40.388+0000][6948][safepoint    ] Application time: 0.0181935 seconds
[2019-01-14T09:18:40.388+0000][6948][safepoint    ] Total time for which application threads were stopped: 0.0000804 seconds, Stopping threads took: 0.0000130 seconds
[2019-01-14T09:18:40.405+0000][6948][safepoint    ] Application time: 0.0166075 seconds
[2019-01-14T09:18:40.405+0000][6948][safepoint    ] Total time for which application threads were stopped: 0.0000851 seconds, Stopping threads took: 0.0000125 seconds
[2019-01-14T09:18:40.540+0000][6948][safepoint    ] Application time: 0.1347625 seconds
[2019-01-14T09:18:40.540+0000][6948][safepoint    ] Total time for which application threads were stopped: 0.0002705 seconds, Stopping threads took: 0.0000199 seconds
[2019-01-14T09:18:40.540+0000][6948][safepoint    ] Application time: 0.0001835 seconds
[2019-01-14T09:18:40.541+0000][6948][safepoint    ] Total time for which application threads were stopped: 0.0005078 seconds, Stopping threads took: 0.0002561 seconds
[2019-01-14T09:18:40.545+0000][6948][safepoint    ] Application time: 0.0035063 seconds
[2019-01-14T09:18:40.545+0000][6948][safepoint    ] Total time for which application threads were stopped: 0.0008431 seconds, Stopping threads took: 0.0002311 seconds
[2019-01-14T09:18:40.641+0000][6948][safepoint    ] Application time: 0.0956599 seconds
[2019-01-14T09:18:40.641+0000][6948][safepoint    ] Total time for which application threads were stopped: 0.0000867 seconds, Stopping threads took: 0.0000207 seconds
[2019-01-14T09:18:43.643+0000][6948][safepoint    ] Application time: 3.0014606 seconds
[2019-01-14T09:18:43.645+0000][6948][safepoint    ] Total time for which application threads were stopped: 0.0015820 seconds, Stopping threads took: 0.0000286 seconds
[2019-01-14T09:18:46.650+0000][6948][safepoint    ] Application time: 3.0013201 seconds
[2019-01-14T09:18:46.655+0000][6948][safepoint    ] Total time for which application threads were stopped: 0.0034970 seconds, Stopping threads took: 0.0000250 seconds
[2019-01-14T09:18:47.658+0000][6948][safepoint    ] Application time: 1.0024015 seconds
[2019-01-14T09:18:47.659+0000][6948][safepoint    ] Total time for which application threads were stopped: 0.0008877 seconds, Stopping threads took: 0.0000231 seconds
[2019-01-14T09:18:48.662+0000][6948][safepoint    ] Application time: 1.0014344 seconds
[2019-01-14T09:18:48.667+0000][6948][safepoint    ] Total time for which application threads were stopped: 0.0031345 seconds, Stopping threads took: 0.0000262 seconds
[2019-01-14T09:18:50.670+0000][6948][safepoint    ] Application time: 2.0018740 seconds
[2019-01-14T09:18:50.674+0000][6948][safepoint    ] Total time for which application threads were stopped: 0.0033366 seconds, Stopping threads took: 0.0017805 seconds
[2019-01-14T09:18:53.676+0000][6948][safepoint    ] Application time: 3.0010024 seconds
[2019-01-14T09:18:53.678+0000][6948][safepoint    ] Total time for which application threads were stopped: 0.0012492 seconds, Stopping threads took: 0.0000291 seconds
[2019-01-14T09:18:54.681+0000][6948][safepoint    ] Application time: 1.0017420 seconds
[2019-01-14T09:18:54.704+0000][6948][safepoint    ] Total time for which application threads were stopped: 0.0021548 seconds, Stopping threads took: 0.0001109 seconds
[2019-01-14T09:18:58.708+0000][6948][safepoint    ] Application time: 4.0036021 seconds
[2019-01-14T09:18:58.710+0000][6948][safepoint    ] Total time for which application threads were stopped: 0.0018767 seconds, Stopping threads took: 0.0000480 seconds
[2019-01-14T09:19:01.351+0000][6948][safepoint    ] Application time: 2.6411299 seconds
[2019-01-14T09:19:01.353+0000][6948][safepoint    ] Total time for which application threads were stopped: 0.0008255 seconds, Stopping threads took: 0.0000204 seconds
[2019-01-14T09:19:02.353+0000][6948][safepoint    ] Application time: 1.0002399 seconds
[2019-01-14T09:19:02.356+0000][6948][safepoint    ] Total time for which application threads were stopped: 0.0015158 seconds, Stopping threads took: 0.0000266 seconds
[2019-01-14T09:19:03.356+0000][6948][safepoint    ] Application time: 1.0000923 seconds
[2019-01-14T09:19:03.356+0000][6948][safepoint    ] Total time for which application threads were stopped: 0.0001179 seconds, Stopping threads took: 0.0000203 seconds
[2019-01-14T09:19:04.356+0000][6948][safepoint    ] Application time: 1.0003399 seconds
[2019-01-14T09:19:04.356+0000][6948][safepoint    ] Total time for which application threads were stopped: 0.0000861 seconds, Stopping threads took: 0.0000184 seconds
[2019-01-14T09:19:05.362+0000][6948][safepoint    ] Application time: 1.0039906 seconds
[2019-01-14T09:19:05.366+0000][6948][safepoint    ] Total time for which application threads were stopped: 0.0034363 seconds, Stopping threads took: 0.0009471 seconds
[2019-01-14T09:19:08.369+0000][6948][safepoint    ] Application time: 3.0022404 seconds
[2019-01-14T09:19:08.371+0000][6948][safepoint    ] Total time for which application threads were stopped: 0.0013865 seconds, Stopping threads took: 0.0000279 seconds
[2019-01-14T09:19:09.005+0000][6948][safepoint    ] Application time: 0.6336679 seconds
[2019-01-14T09:19:09.005+0000][6948][safepoint    ] Total time for which application threads were stopped: 0.0003789 seconds, Stopping threads took: 0.0000206 seconds
[2019-01-14T09:19:09.020+0000][6948][safepoint    ] Application time: 0.0145537 seconds
[2019-01-14T09:19:09.020+0000][6948][safepoint    ] Total time for which application threads were stopped: 0.0001165 seconds, Stopping threads took: 0.0000172 seconds
[2019-01-14T09:19:09.020+0000][6948][safepoint    ] Application time: 0.0001203 seconds
[2019-01-14T09:19:09.020+0000][6948][safepoint    ] Total time for which application threads were stopped: 0.0000441 seconds, Stopping threads took: 0.0000058 seconds
[2019-01-14T09:19:09.020+0000][6948][safepoint    ] Application time: 0.0000638 seconds
[2019-01-14T09:19:09.020+0000][6948][safepoint    ] Total time for which application threads were stopped: 0.0000337 seconds, Stopping threads took: 0.0000035 seconds
[2019-01-14T09:19:09.020+0000][6948][safepoint    ] Application time: 0.0000580 seconds
[2019-01-14T09:19:09.020+0000][6948][safepoint    ] Total time for which application threads were stopped: 0.0000327 seconds, Stopping threads took: 0.0000034 seconds
[2019-01-14T09:19:10.021+0000][6948][safepoint    ] Application time: 1.0007203 seconds
[2019-01-14T09:19:10.024+0000][6948][safepoint    ] Total time for which application threads were stopped: 0.0016063 seconds, Stopping threads took: 0.0006755 seconds
[2019-01-14T09:19:11.040+0000][6948][safepoint    ] Application time: 1.0123535 seconds
[2019-01-14T09:19:11.051+0000][6948][safepoint    ] Total time for which application threads were stopped: 0.0058930 seconds, Stopping threads took: 0.0000935 seconds
[2019-01-14T09:19:14.810+0000][6948][safepoint    ] Application time: 3.7580796 seconds
[2019-01-14T09:19:14.813+0000][6948][safepoint    ] Total time for which application threads were stopped: 0.0012243 seconds, Stopping threads took: 0.0002494 seconds
[2019-01-14T09:19:17.842+0000][6948][safepoint    ] Application time: 3.0275714 seconds
[2019-01-14T09:19:17.847+0000][6948][safepoint    ] Total time for which application threads were stopped: 0.0032606 seconds, Stopping threads took: 0.0012501 seconds
[2019-01-14T09:19:18.851+0000][6948][safepoint    ] Application time: 1.0025784 seconds
[2019-01-14T09:19:18.856+0000][6948][safepoint    ] Total time for which application threads were stopped: 0.0036009 seconds, Stopping threads took: 0.0012672 seconds
[2019-01-14T09:19:19.858+0000][6948][safepoint    ] Application time: 1.0003610 seconds
[2019-01-14T09:19:19.861+0000][6948][safepoint    ] Total time for which application threads were stopped: 0.0011720 seconds, Stopping threads took: 0.0000663 seconds
[2019-01-14T09:19:20.862+0000][6948][safepoint    ] Application time: 1.0008853 seconds
[2019-01-14T09:19:20.865+0000][6948][safepoint    ] Total time for which application threads were stopped: 0.0016033 seconds, Stopping threads took: 0.0001092 seconds
[2019-01-14T09:19:24.873+0000][6948][safepoint    ] Application time: 4.0077064 seconds
[2019-01-14T09:19:24.881+0000][6948][safepoint    ] Total time for which application threads were stopped: 0.0057730 seconds, Stopping threads took: 0.0031087 seconds
[2019-01-14T09:19:25.885+0000][6948][safepoint    ] Application time: 1.0027054 seconds
[2019-01-14T09:19:25.893+0000][6948][safepoint    ] Total time for which application threads were stopped: 0.0058479 seconds, Stopping threads took: 0.0019809 seconds
[2019-01-14T09:19:28.920+0000][6948][safepoint    ] Application time: 3.0235142 seconds
[2019-01-14T09:19:28.927+0000][6948][safepoint    ] Total time for which application threads were stopped: 0.0057266 seconds, Stopping threads took: 0.0024910 seconds
[2019-01-14T09:19:29.664+0000][6948][safepoint    ] Application time: 0.7360387 seconds
[2019-01-14T09:19:29.667+0000][6948][safepoint    ] Total time for which application threads were stopped: 0.0028542 seconds, Stopping threads took: 0.0000503 seconds
[2019-01-14T09:19:30.668+0000][6948][safepoint    ] Application time: 1.0003910 seconds
[2019-01-14T09:19:30.670+0000][6948][safepoint    ] Total time for which application threads were stopped: 0.0010818 seconds, Stopping threads took: 0.0000249 seconds
[2019-01-14T09:19:32.672+0000][6948][safepoint    ] Application time: 2.0019544 seconds
[2019-01-14T09:19:32.674+0000][6948][safepoint    ] Total time for which application threads were stopped: 0.0009969 seconds, Stopping threads took: 0.0000224 seconds
[2019-01-14T09:19:39.682+0000][6948][safepoint    ] Application time: 7.0070122 seconds
[2019-01-14T09:19:39.691+0000][6948][safepoint    ] Total time for which application threads were stopped: 0.0042470 seconds, Stopping threads took: 0.0013807 seconds
[2019-01-14T09:19:41.695+0000][6948][safepoint    ] Application time: 2.0018934 seconds
[2019-01-14T09:19:41.696+0000][6948][safepoint    ] Total time for which application threads were stopped: 0.0007716 seconds, Stopping threads took: 0.0000298 seconds
[2019-01-14T09:19:44.712+0000][6948][safepoint    ] Application time: 3.0142948 seconds
[2019-01-14T09:19:44.715+0000][6948][safepoint    ] Total time for which application threads were stopped: 0.0020941 seconds, Stopping threads took: 0.0000319 seconds
[2019-01-14T09:19:49.038+0000][6948][safepoint    ] Application time: 4.3224198 seconds
[2019-01-14T09:19:49.042+0000][6948][safepoint    ] Total time for which application threads were stopped: 0.0031343 seconds, Stopping threads took: 0.0000211 seconds
[2019-01-14T09:19:49.062+0000][6948][safepoint    ] Application time: 0.0198239 seconds
[2019-01-14T09:19:49.067+0000][6948][safepoint    ] Total time for which application threads were stopped: 0.0046360 seconds, Stopping threads took: 0.0044577 seconds
[2019-01-14T09:19:52.071+0000][6948][safepoint    ] Application time: 3.0040395 seconds
[2019-01-14T09:19:52.076+0000][6948][safepoint    ] Total time for which application threads were stopped: 0.0027527 seconds, Stopping threads took: 0.0000429 seconds
[2019-01-14T09:19:58.875+0000][6948][safepoint    ] Application time: 6.7987844 seconds
[2019-01-14T09:19:58.879+0000][6948][gc,start     ] GC(26) Pause Young (Allocation Failure)
[2019-01-14T09:19:58.880+0000][6948][gc,task      ] GC(26) Using 2 workers of 2 for evacuation
[2019-01-14T09:19:59.044+0000][6948][gc,age       ] GC(26) Desired survivor size 4456448 bytes, new threshold 6 (max threshold 6)
[2019-01-14T09:19:59.044+0000][6948][gc,age       ] GC(26) Age table with threshold 6 (max threshold 6)
[2019-01-14T09:19:59.044+0000][6948][gc,age       ] GC(26) - age   1:    1087472 bytes,    1087472 total
[2019-01-14T09:19:59.044+0000][6948][gc,age       ] GC(26) - age   2:     672912 bytes,    1760384 total
[2019-01-14T09:19:59.044+0000][6948][gc,age       ] GC(26) - age   3:    1409584 bytes,    3169968 total
[2019-01-14T09:19:59.047+0000][6948][gc,heap      ] GC(26) ParNew: 73525K->4146K(78656K)
[2019-01-14T09:19:59.047+0000][6948][gc,heap      ] GC(26) CMS: 87699K->104083K(174784K)
[2019-01-14T09:19:59.047+0000][6948][gc,metaspace ] GC(26) Metaspace: 80788K->80788K(1124352K)
[2019-01-14T09:19:59.048+0000][6948][gc           ] GC(26) Pause Young (Allocation Failure) 157M->105M(247M) 168.265ms
[2019-01-14T09:19:59.048+0000][6948][gc,cpu       ] GC(26) User=0.12s Sys=0.06s Real=0.17s
[2019-01-14T09:19:59.048+0000][6948][safepoint    ] Total time for which application threads were stopped: 0.1708499 seconds, Stopping threads took: 0.0001437 seconds
[2019-01-14T09:19:59.051+0000][6948][safepoint    ] Application time: 0.0036608 seconds
[2019-01-14T09:19:59.054+0000][6948][safepoint    ] Total time for which application threads were stopped: 0.0030981 seconds, Stopping threads took: 0.0004914 seconds
[2019-01-14T09:20:06.181+0000][6948][safepoint    ] Application time: 7.1253307 seconds
[2019-01-14T09:20:06.213+0000][6948][safepoint    ] Total time for which application threads were stopped: 0.0295253 seconds, Stopping threads took: 0.0022814 seconds
[2019-01-14T09:20:11.254+0000][6948][safepoint    ] Application time: 5.0364431 seconds
[2019-01-14T09:20:11.289+0000][6948][safepoint    ] Total time for which application threads were stopped: 0.0280603 seconds, Stopping threads took: 0.0015168 seconds
[2019-01-14T09:20:15.326+0000][6948][safepoint    ] Application time: 4.0337527 seconds
[2019-01-14T09:20:15.351+0000][6948][safepoint    ] Total time for which application threads were stopped: 0.0094085 seconds, Stopping threads took: 0.0011187 seconds
[2019-01-14T09:20:25.478+0000][6948][safepoint    ] Application time: 10.1241544 seconds
[2019-01-14T09:20:25.486+0000][6948][safepoint    ] Total time for which application threads were stopped: 0.0047279 seconds, Stopping threads took: 0.0026470 seconds
[2019-01-14T09:20:26.491+0000][6948][safepoint    ] Application time: 1.0034323 seconds
[2019-01-14T09:20:26.499+0000][6948][safepoint    ] Total time for which application threads were stopped: 0.0058920 seconds, Stopping threads took: 0.0016359 seconds
[2019-01-14T09:20:27.501+0000][6948][safepoint    ] Application time: 1.0008009 seconds
[2019-01-14T09:20:27.504+0000][6948][safepoint    ] Total time for which application threads were stopped: 0.0018152 seconds, Stopping threads took: 0.0000837 seconds
[2019-01-14T09:20:40.533+0000][6948][safepoint    ] Application time: 13.0244470 seconds
[2019-01-14T09:20:40.555+0000][6948][safepoint    ] Total time for which application threads were stopped: 0.0130559 seconds, Stopping threads took: 0.0013759 seconds
[2019-01-14T09:20:50.562+0000][6948][safepoint    ] Application time: 10.0065299 seconds
[2019-01-14T09:20:50.563+0000][6948][safepoint    ] Total time for which application threads were stopped: 0.0004477 seconds, Stopping threads took: 0.0000212 seconds
[2019-01-14T09:21:10.605+0000][6948][safepoint    ] Application time: 20.0406235 seconds
[2019-01-14T09:21:10.616+0000][6948][safepoint    ] Total time for which application threads were stopped: 0.0060140 seconds, Stopping threads took: 0.0041573 seconds
[2019-01-14T09:21:19.631+0000][6948][safepoint    ] Application time: 9.0146920 seconds
[2019-01-14T09:21:19.637+0000][6948][safepoint    ] Total time for which application threads were stopped: 0.0040133 seconds, Stopping threads took: 0.0014037 seconds
[2019-01-14T09:21:57.308+0000][6948][safepoint    ] Application time: 37.6708289 seconds
[2019-01-14T09:21:57.331+0000][6948][safepoint    ] Total time for which application threads were stopped: 0.0070822 seconds, Stopping threads took: 0.0066399 seconds
[2019-01-14T09:21:57.332+0000][6948][safepoint    ] Application time: 0.0007599 seconds
[2019-01-14T09:21:57.332+0000][6948][safepoint    ] Total time for which application threads were stopped: 0.0001869 seconds, Stopping threads took: 0.0000974 seconds
[2019-01-14T09:21:57.332+0000][6948][safepoint    ] Application time: 0.0002620 seconds
[2019-01-14T09:21:57.335+0000][6948][safepoint    ] Total time for which application threads were stopped: 0.0027420 seconds, Stopping threads took: 0.0026841 seconds
[2019-01-14T09:21:57.359+0000][6948][safepoint    ] Application time: 0.0233326 seconds
[2019-01-14T09:21:57.368+0000][6948][safepoint    ] Total time for which application threads were stopped: 0.0098097 seconds, Stopping threads took: 0.0097153 seconds
[2019-01-14T09:21:57.410+0000][6948][safepoint    ] Application time: 0.0412854 seconds
[2019-01-14T09:21:57.419+0000][6948][safepoint    ] Total time for which application threads were stopped: 0.0088655 seconds, Stopping threads took: 0.0087505 seconds
[2019-01-14T09:21:57.422+0000][6948][safepoint    ] Application time: 0.0036701 seconds
[2019-01-14T09:21:57.438+0000][6948][safepoint    ] Total time for which application threads were stopped: 0.0156467 seconds, Stopping threads took: 0.0155820 seconds
[2019-01-14T09:21:57.448+0000][6948][safepoint    ] Application time: 0.0100331 seconds
[2019-01-14T09:21:57.448+0000][6948][safepoint    ] Total time for which application threads were stopped: 0.0003166 seconds, Stopping threads took: 0.0002486 seconds
[2019-01-14T09:21:57.452+0000][6948][safepoint    ] Application time: 0.0038394 seconds
[2019-01-14T09:21:57.455+0000][6948][safepoint    ] Total time for which application threads were stopped: 0.0027609 seconds, Stopping threads took: 0.0027063 seconds
[2019-01-14T09:21:57.456+0000][6948][safepoint    ] Application time: 0.0013505 seconds
[2019-01-14T09:21:57.457+0000][6948][safepoint    ] Total time for which application threads were stopped: 0.0000943 seconds, Stopping threads took: 0.0000229 seconds
[2019-01-14T09:21:57.464+0000][6948][safepoint    ] Application time: 0.0069306 seconds
[2019-01-14T09:21:57.466+0000][6948][safepoint    ] Total time for which application threads were stopped: 0.0019327 seconds, Stopping threads took: 0.0018244 seconds
[2019-01-14T09:21:57.487+0000][6948][safepoint    ] Application time: 0.0215031 seconds
[2019-01-14T09:21:57.494+0000][6948][safepoint    ] Total time for which application threads were stopped: 0.0064736 seconds, Stopping threads took: 0.0063980 seconds
[2019-01-14T09:21:57.758+0000][6948][safepoint    ] Application time: 0.2640617 seconds
[2019-01-14T09:21:57.758+0000][6948][safepoint    ] Total time for which application threads were stopped: 0.0001429 seconds, Stopping threads took: 0.0000372 seconds
[2019-01-14T09:21:57.759+0000][6948][safepoint    ] Application time: 0.0010604 seconds
[2019-01-14T09:21:57.759+0000][6948][safepoint    ] Total time for which application threads were stopped: 0.0000683 seconds, Stopping threads took: 0.0000113 seconds
[2019-01-14T09:21:57.761+0000][6948][safepoint    ] Application time: 0.0012262 seconds
[2019-01-14T09:21:57.761+0000][6948][safepoint    ] Total time for which application threads were stopped: 0.0000440 seconds, Stopping threads took: 0.0000058 seconds
[2019-01-14T09:21:57.762+0000][6948][safepoint    ] Application time: 0.0011389 seconds
[2019-01-14T09:21:57.762+0000][6948][safepoint    ] Total time for which application threads were stopped: 0.0000385 seconds, Stopping threads took: 0.0000056 seconds
[2019-01-14T09:21:57.762+0000][6948][safepoint    ] Application time: 0.0001841 seconds
[2019-01-14T09:21:57.762+0000][6948][safepoint    ] Total time for which application threads were stopped: 0.0000380 seconds, Stopping threads took: 0.0000057 seconds
[2019-01-14T09:21:57.763+0000][6948][safepoint    ] Application time: 0.0009566 seconds
[2019-01-14T09:21:57.763+0000][6948][safepoint    ] Total time for which application threads were stopped: 0.0000381 seconds, Stopping threads took: 0.0000052 seconds
[2019-01-14T09:21:57.775+0000][6948][safepoint    ] Application time: 0.0115207 seconds
[2019-01-14T09:21:57.775+0000][6948][safepoint    ] Total time for which application threads were stopped: 0.0001116 seconds, Stopping threads took: 0.0000649 seconds
[2019-01-14T09:21:57.775+0000][6948][safepoint    ] Application time: 0.0000827 seconds
[2019-01-14T09:21:57.775+0000][6948][safepoint    ] Total time for which application threads were stopped: 0.0000516 seconds, Stopping threads took: 0.0000235 seconds
[2019-01-14T09:21:57.775+0000][6948][safepoint    ] Application time: 0.0000772 seconds
[2019-01-14T09:21:57.775+0000][6948][safepoint    ] Total time for which application threads were stopped: 0.0000982 seconds, Stopping threads took: 0.0000390 seconds
[2019-01-14T09:21:57.776+0000][6948][safepoint    ] Application time: 0.0002650 seconds
[2019-01-14T09:21:57.776+0000][6948][safepoint    ] Total time for which application threads were stopped: 0.0000325 seconds, Stopping threads took: 0.0000102 seconds
[2019-01-14T09:21:57.776+0000][6948][safepoint    ] Application time: 0.0000654 seconds
[2019-01-14T09:21:57.776+0000][6948][safepoint    ] Total time for which application threads were stopped: 0.0000890 seconds, Stopping threads took: 0.0000483 seconds
[2019-01-14T09:21:57.787+0000][6948][safepoint    ] Application time: 0.0115931 seconds
[2019-01-14T09:21:57.788+0000][6948][safepoint    ] Total time for which application threads were stopped: 0.0002165 seconds, Stopping threads took: 0.0001659 seconds
[2019-01-14T09:21:57.801+0000][6948][safepoint    ] Application time: 0.0136894 seconds
[2019-01-14T09:21:57.801+0000][6948][safepoint    ] Total time for which application threads were stopped: 0.0000708 seconds, Stopping threads took: 0.0000167 seconds
[2019-01-14T09:21:57.807+0000][6948][safepoint    ] Application time: 0.0050577 seconds
[2019-01-14T09:21:57.807+0000][6948][safepoint    ] Total time for which application threads were stopped: 0.0000946 seconds, Stopping threads took: 0.0000360 seconds
[2019-01-14T09:21:57.817+0000][6948][safepoint    ] Application time: 0.0107725 seconds
[2019-01-14T09:21:57.818+0000][6948][safepoint    ] Total time for which application threads were stopped: 0.0000676 seconds, Stopping threads took: 0.0000156 seconds
[2019-01-14T09:21:57.818+0000][6948][safepoint    ] Application time: 0.0000930 seconds
[2019-01-14T09:21:57.818+0000][6948][safepoint    ] Total time for which application threads were stopped: 0.0000278 seconds, Stopping threads took: 0.0000067 seconds
[2019-01-14T09:21:57.818+0000][6948][safepoint    ] Application time: 0.0000175 seconds
[2019-01-14T09:21:57.818+0000][6948][safepoint    ] Total time for which application threads were stopped: 0.0000202 seconds, Stopping threads took: 0.0000048 seconds
[2019-01-14T09:21:57.818+0000][6948][safepoint    ] Application time: 0.0000218 seconds
[2019-01-14T09:21:57.818+0000][6948][safepoint    ] Total time for which application threads were stopped: 0.0000191 seconds, Stopping threads took: 0.0000050 seconds
[2019-01-14T09:21:57.818+0000][6948][safepoint    ] Application time: 0.0000129 seconds
[2019-01-14T09:21:57.818+0000][6948][safepoint    ] Total time for which application threads were stopped: 0.0000188 seconds, Stopping threads took: 0.0000048 seconds
[2019-01-14T09:21:57.818+0000][6948][safepoint    ] Application time: 0.0000152 seconds
[2019-01-14T09:21:57.818+0000][6948][safepoint    ] Total time for which application threads were stopped: 0.0000187 seconds, Stopping threads took: 0.0000049 seconds
[2019-01-14T09:21:57.818+0000][6948][safepoint    ] Application time: 0.0000127 seconds
[2019-01-14T09:21:57.818+0000][6948][safepoint    ] Total time for which application threads were stopped: 0.0000188 seconds, Stopping threads took: 0.0000048 seconds
[2019-01-14T09:21:57.818+0000][6948][safepoint    ] Application time: 0.0000423 seconds
[2019-01-14T09:21:57.818+0000][6948][safepoint    ] Total time for which application threads were stopped: 0.0000255 seconds, Stopping threads took: 0.0000071 seconds
[2019-01-14T09:21:57.818+0000][6948][safepoint    ] Application time: 0.0000152 seconds
[2019-01-14T09:21:57.818+0000][6948][safepoint    ] Total time for which application threads were stopped: 0.0000192 seconds, Stopping threads took: 0.0000048 seconds
[2019-01-14T09:21:57.819+0000][6948][safepoint    ] Application time: 0.0006918 seconds
[2019-01-14T09:21:57.819+0000][6948][safepoint    ] Total time for which application threads were stopped: 0.0000291 seconds, Stopping threads took: 0.0000079 seconds
[2019-01-14T09:21:57.819+0000][6948][safepoint    ] Application time: 0.0000459 seconds
[2019-01-14T09:21:57.819+0000][6948][safepoint    ] Total time for which application threads were stopped: 0.0000201 seconds, Stopping threads took: 0.0000055 seconds
[2019-01-14T09:21:57.819+0000][6948][safepoint    ] Application time: 0.0000283 seconds
[2019-01-14T09:21:57.819+0000][6948][safepoint    ] Total time for which application threads were stopped: 0.0000334 seconds, Stopping threads took: 0.0000051 seconds
[2019-01-14T09:21:57.819+0000][6948][safepoint    ] Application time: 0.0002084 seconds
[2019-01-14T09:21:57.819+0000][6948][safepoint    ] Total time for which application threads were stopped: 0.0000265 seconds, Stopping threads took: 0.0000074 seconds
[2019-01-14T09:21:57.823+0000][6948][safepoint    ] Application time: 0.0037846 seconds
[2019-01-14T09:21:57.823+0000][6948][safepoint    ] Total time for which application threads were stopped: 0.0000479 seconds, Stopping threads took: 0.0000056 seconds
[2019-01-14T09:21:57.824+0000][6948][safepoint    ] Application time: 0.0006699 seconds
[2019-01-14T09:21:57.824+0000][6948][safepoint    ] Total time for which application threads were stopped: 0.0000326 seconds, Stopping threads took: 0.0000037 seconds
[2019-01-14T09:21:57.825+0000][6948][safepoint    ] Application time: 0.0013583 seconds
[2019-01-14T09:21:57.834+0000][6948][safepoint    ] Total time for which application threads were stopped: 0.0083069 seconds, Stopping threads took: 0.0082703 seconds
[2019-01-14T09:21:57.834+0000][6948][safepoint    ] Application time: 0.0001621 seconds
[2019-01-14T09:21:57.834+0000][6948][safepoint    ] Total time for which application threads were stopped: 0.0000358 seconds, Stopping threads took: 0.0000087 seconds
[2019-01-14T09:21:57.834+0000][6948][safepoint    ] Application time: 0.0000810 seconds
[2019-01-14T09:21:57.834+0000][6948][safepoint    ] Total time for which application threads were stopped: 0.0000261 seconds, Stopping threads took: 0.0000073 seconds
[2019-01-14T09:21:57.834+0000][6948][safepoint    ] Application time: 0.0000470 seconds
[2019-01-14T09:21:57.834+0000][6948][safepoint    ] Total time for which application threads were stopped: 0.0000208 seconds, Stopping threads took: 0.0000056 seconds
[2019-01-14T09:21:57.834+0000][6948][safepoint    ] Application time: 0.0000623 seconds
[2019-01-14T09:21:57.834+0000][6948][safepoint    ] Total time for which application threads were stopped: 0.0000260 seconds, Stopping threads took: 0.0000058 seconds
[2019-01-14T09:21:57.834+0000][6948][safepoint    ] Application time: 0.0000973 seconds
[2019-01-14T09:21:57.834+0000][6948][safepoint    ] Total time for which application threads were stopped: 0.0000213 seconds, Stopping threads took: 0.0000058 seconds
[2019-01-14T09:21:57.834+0000][6948][safepoint    ] Application time: 0.0000649 seconds
[2019-01-14T09:21:57.834+0000][6948][safepoint    ] Total time for which application threads were stopped: 0.0000433 seconds, Stopping threads took: 0.0000062 seconds
[2019-01-14T09:21:57.834+0000][6948][safepoint    ] Application time: 0.0001077 seconds
[2019-01-14T09:21:57.834+0000][6948][safepoint    ] Total time for which application threads were stopped: 0.0000230 seconds, Stopping threads took: 0.0000062 seconds
[2019-01-14T09:21:57.835+0000][6948][safepoint    ] Application time: 0.0001124 seconds
[2019-01-14T09:21:57.835+0000][6948][safepoint    ] Total time for which application threads were stopped: 0.0000213 seconds, Stopping threads took: 0.0000063 seconds
[2019-01-14T09:21:57.839+0000][6948][safepoint    ] Application time: 0.0044239 seconds
[2019-01-14T09:21:57.839+0000][6948][safepoint    ] Total time for which application threads were stopped: 0.0000579 seconds, Stopping threads took: 0.0000059 seconds
[2019-01-14T09:21:57.840+0000][6948][safepoint    ] Application time: 0.0003728 seconds
[2019-01-14T09:21:57.840+0000][6948][safepoint    ] Total time for which application threads were stopped: 0.0000363 seconds, Stopping threads took: 0.0000034 seconds
[2019-01-14T09:21:57.840+0000][6948][safepoint    ] Application time: 0.0001150 seconds
[2019-01-14T09:21:57.840+0000][6948][safepoint    ] Total time for which application threads were stopped: 0.0000631 seconds, Stopping threads took: 0.0000023 seconds
[2019-01-14T09:21:57.840+0000][6948][safepoint    ] Application time: 0.0001058 seconds
[2019-01-14T09:21:57.840+0000][6948][safepoint    ] Total time for which application threads were stopped: 0.0000283 seconds, Stopping threads took: 0.0000021 seconds
[2019-01-14T09:21:57.840+0000][6948][safepoint    ] Application time: 0.0001357 seconds
[2019-01-14T09:21:57.840+0000][6948][safepoint    ] Total time for which application threads were stopped: 0.0000260 seconds, Stopping threads took: 0.0000021 seconds
[2019-01-14T09:21:57.840+0000][6948][safepoint    ] Application time: 0.0000528 seconds
[2019-01-14T09:21:57.840+0000][6948][safepoint    ] Total time for which application threads were stopped: 0.0000256 seconds, Stopping threads took: 0.0000021 seconds
[2019-01-14T09:21:57.840+0000][6948][safepoint    ] Application time: 0.0000560 seconds
[2019-01-14T09:21:57.840+0000][6948][safepoint    ] Total time for which application threads were stopped: 0.0000250 seconds, Stopping threads took: 0.0000021 seconds
[2019-01-14T09:21:57.840+0000][6948][safepoint    ] Application time: 0.0001028 seconds
[2019-01-14T09:21:57.840+0000][6948][safepoint    ] Total time for which application threads were stopped: 0.0000258 seconds, Stopping threads took: 0.0000020 seconds
[2019-01-14T09:21:57.841+0000][6948][safepoint    ] Application time: 0.0002602 seconds
[2019-01-14T09:21:57.841+0000][6948][safepoint    ] Total time for which application threads were stopped: 0.0001892 seconds, Stopping threads took: 0.0001588 seconds
[2019-01-14T09:21:57.841+0000][6948][safepoint    ] Application time: 0.0000395 seconds
[2019-01-14T09:21:57.841+0000][6948][safepoint    ] Total time for which application threads were stopped: 0.0000311 seconds, Stopping threads took: 0.0000074 seconds
[2019-01-14T09:21:57.841+0000][6948][safepoint    ] Application time: 0.0000582 seconds
[2019-01-14T09:21:57.841+0000][6948][safepoint    ] Total time for which application threads were stopped: 0.0003047 seconds, Stopping threads took: 0.0002761 seconds
[2019-01-14T09:21:57.842+0000][6948][safepoint    ] Application time: 0.0001808 seconds
[2019-01-14T09:21:57.842+0000][6948][safepoint    ] Total time for which application threads were stopped: 0.0003391 seconds, Stopping threads took: 0.0003092 seconds
[2019-01-14T09:21:57.842+0000][6948][safepoint    ] Application time: 0.0004706 seconds
[2019-01-14T09:21:57.843+0000][6948][safepoint    ] Total time for which application threads were stopped: 0.0000546 seconds, Stopping threads took: 0.0000230 seconds
[2019-01-14T09:21:57.843+0000][6948][safepoint    ] Application time: 0.0004375 seconds
[2019-01-14T09:21:57.843+0000][6948][safepoint    ] Total time for which application threads were stopped: 0.0000328 seconds, Stopping threads took: 0.0000051 seconds
[2019-01-14T09:21:57.847+0000][6948][safepoint    ] Application time: 0.0034260 seconds
[2019-01-14T09:21:57.847+0000][6948][safepoint    ] Total time for which application threads were stopped: 0.0003629 seconds, Stopping threads took: 0.0003121 seconds
[2019-01-14T09:21:57.847+0000][6948][safepoint    ] Application time: 0.0004726 seconds
[2019-01-14T09:21:57.847+0000][6948][safepoint    ] Total time for which application threads were stopped: 0.0000577 seconds, Stopping threads took: 0.0000244 seconds
[2019-01-14T09:21:57.848+0000][6948][safepoint    ] Application time: 0.0002449 seconds
[2019-01-14T09:21:57.848+0000][6948][safepoint    ] Total time for which application threads were stopped: 0.0003146 seconds, Stopping threads took: 0.0002791 seconds
[2019-01-14T09:21:57.848+0000][6948][safepoint    ] Application time: 0.0001358 seconds
[2019-01-14T09:21:57.848+0000][6948][safepoint    ] Total time for which application threads were stopped: 0.0001141 seconds, Stopping threads took: 0.0000586 seconds
[2019-01-14T09:21:57.849+0000][6948][safepoint    ] Application time: 0.0005759 seconds
[2019-01-14T09:21:57.849+0000][6948][safepoint    ] Total time for which application threads were stopped: 0.0001297 seconds, Stopping threads took: 0.0000973 seconds
[2019-01-14T09:21:57.849+0000][6948][safepoint    ] Application time: 0.0000551 seconds
[2019-01-14T09:21:57.849+0000][6948][safepoint    ] Total time for which application threads were stopped: 0.0000566 seconds, Stopping threads took: 0.0000218 seconds
[2019-01-14T09:21:57.850+0000][6948][safepoint    ] Application time: 0.0003264 seconds
[2019-01-14T09:21:57.850+0000][6948][safepoint    ] Total time for which application threads were stopped: 0.0000698 seconds, Stopping threads took: 0.0000409 seconds
[2019-01-14T09:21:57.850+0000][6948][safepoint    ] Application time: 0.0000772 seconds
[2019-01-14T09:21:57.850+0000][6948][safepoint    ] Total time for which application threads were stopped: 0.0000291 seconds, Stopping threads took: 0.0000071 seconds
[2019-01-14T09:21:57.850+0000][6948][safepoint    ] Application time: 0.0001352 seconds
[2019-01-14T09:21:57.850+0000][6948][safepoint    ] Total time for which application threads were stopped: 0.0001033 seconds, Stopping threads took: 0.0000635 seconds
[2019-01-14T09:21:57.855+0000][6948][safepoint    ] Application time: 0.0052839 seconds
[2019-01-14T09:21:57.856+0000][6948][safepoint    ] Total time for which application threads were stopped: 0.0000958 seconds, Stopping threads took: 0.0000302 seconds
[2019-01-14T09:21:57.856+0000][6948][safepoint    ] Application time: 0.0002504 seconds
[2019-01-14T09:21:57.856+0000][6948][safepoint    ] Total time for which application threads were stopped: 0.0001111 seconds, Stopping threads took: 0.0000743 seconds
[2019-01-14T09:21:57.856+0000][6948][safepoint    ] Application time: 0.0000416 seconds
[2019-01-14T09:21:57.856+0000][6948][safepoint    ] Total time for which application threads were stopped: 0.0000756 seconds, Stopping threads took: 0.0000073 seconds
[2019-01-14T09:21:57.856+0000][6948][safepoint    ] Application time: 0.0000426 seconds
[2019-01-14T09:21:57.856+0000][6948][safepoint    ] Total time for which application threads were stopped: 0.0000288 seconds, Stopping threads took: 0.0000064 seconds
[2019-01-14T09:21:57.856+0000][6948][safepoint    ] Application time: 0.0000331 seconds
[2019-01-14T09:21:57.856+0000][6948][safepoint    ] Total time for which application threads were stopped: 0.0000284 seconds, Stopping threads took: 0.0000063 seconds
[2019-01-14T09:21:57.856+0000][6948][safepoint    ] Application time: 0.0000196 seconds
[2019-01-14T09:21:57.856+0000][6948][safepoint    ] Total time for which application threads were stopped: 0.0000226 seconds, Stopping threads took: 0.0000051 seconds
[2019-01-14T09:21:57.856+0000][6948][safepoint    ] Application time: 0.0000328 seconds
[2019-01-14T09:21:57.856+0000][6948][safepoint    ] Total time for which application threads were stopped: 0.0001646 seconds, Stopping threads took: 0.0000063 seconds
[2019-01-14T09:21:57.857+0000][6948][safepoint    ] Application time: 0.0000665 seconds
[2019-01-14T09:21:57.857+0000][6948][safepoint    ] Total time for which application threads were stopped: 0.0000521 seconds, Stopping threads took: 0.0000198 seconds
[2019-01-14T09:21:57.857+0000][6948][safepoint    ] Application time: 0.0001720 seconds
[2019-01-14T09:21:57.857+0000][6948][safepoint    ] Total time for which application threads were stopped: 0.0003980 seconds, Stopping threads took: 0.0003683 seconds
[2019-01-14T09:21:57.857+0000][6948][safepoint    ] Application time: 0.0001682 seconds
[2019-01-14T09:21:57.857+0000][6948][safepoint    ] Total time for which application threads were stopped: 0.0000588 seconds, Stopping threads took: 0.0000256 seconds
[2019-01-14T09:21:57.858+0000][6948][safepoint    ] Application time: 0.0002205 seconds
[2019-01-14T09:21:57.858+0000][6948][safepoint    ] Total time for which application threads were stopped: 0.0000855 seconds, Stopping threads took: 0.0000568 seconds
[2019-01-14T09:21:57.859+0000][6948][safepoint    ] Application time: 0.0006923 seconds
[2019-01-14T09:21:57.859+0000][6948][safepoint    ] Total time for which application threads were stopped: 0.0002903 seconds, Stopping threads took: 0.0002547 seconds
[2019-01-14T09:21:57.859+0000][6948][safepoint    ] Application time: 0.0001398 seconds
[2019-01-14T09:21:57.859+0000][6948][safepoint    ] Total time for which application threads were stopped: 0.0002999 seconds, Stopping threads took: 0.0002727 seconds
[2019-01-14T09:21:57.860+0000][6948][safepoint    ] Application time: 0.0001776 seconds
[2019-01-14T09:21:57.860+0000][6948][safepoint    ] Total time for which application threads were stopped: 0.0003770 seconds, Stopping threads took: 0.0003502 seconds
[2019-01-14T09:21:57.860+0000][6948][safepoint    ] Application time: 0.0002125 seconds
[2019-01-14T09:21:57.860+0000][6948][safepoint    ] Total time for which application threads were stopped: 0.0000416 seconds, Stopping threads took: 0.0000030 seconds
[2019-01-14T09:21:57.860+0000][6948][safepoint    ] Application time: 0.0002216 seconds
[2019-01-14T09:21:57.861+0000][6948][safepoint    ] Total time for which application threads were stopped: 0.0000805 seconds, Stopping threads took: 0.0000557 seconds
[2019-01-14T09:21:57.861+0000][6948][safepoint    ] Application time: 0.0004781 seconds
[2019-01-14T09:21:57.861+0000][6948][safepoint    ] Total time for which application threads were stopped: 0.0000302 seconds, Stopping threads took: 0.0000047 seconds
[2019-01-14T09:21:57.861+0000][6948][safepoint    ] Application time: 0.0001169 seconds
[2019-01-14T09:21:57.861+0000][6948][safepoint    ] Total time for which application threads were stopped: 0.0002328 seconds, Stopping threads took: 0.0002043 seconds
[2019-01-14T09:21:57.862+0000][6948][safepoint    ] Application time: 0.0001241 seconds
[2019-01-14T09:21:57.862+0000][6948][safepoint    ] Total time for which application threads were stopped: 0.0004077 seconds, Stopping threads took: 0.0003803 seconds
[2019-01-14T09:21:57.862+0000][6948][safepoint    ] Application time: 0.0001208 seconds
[2019-01-14T09:21:57.862+0000][6948][safepoint    ] Total time for which application threads were stopped: 0.0003539 seconds, Stopping threads took: 0.0003268 seconds
[2019-01-14T09:21:57.863+0000][6948][safepoint    ] Application time: 0.0001149 seconds
[2019-01-14T09:21:57.863+0000][6948][safepoint    ] Total time for which application threads were stopped: 0.0002563 seconds, Stopping threads took: 0.0002299 seconds
[2019-01-14T09:21:57.863+0000][6948][safepoint    ] Application time: 0.0001087 seconds
[2019-01-14T09:21:57.863+0000][6948][safepoint    ] Total time for which application threads were stopped: 0.0002577 seconds, Stopping threads took: 0.0002327 seconds
[2019-01-14T09:21:57.863+0000][6948][safepoint    ] Application time: 0.0001199 seconds
[2019-01-14T09:21:57.863+0000][6948][safepoint    ] Total time for which application threads were stopped: 0.0000380 seconds, Stopping threads took: 0.0000043 seconds
[2019-01-14T09:21:57.864+0000][6948][safepoint    ] Application time: 0.0001218 seconds
[2019-01-14T09:21:57.864+0000][6948][safepoint    ] Total time for which application threads were stopped: 0.0000261 seconds, Stopping threads took: 0.0000045 seconds
[2019-01-14T09:21:57.864+0000][6948][safepoint    ] Application time: 0.0001108 seconds
[2019-01-14T09:21:57.864+0000][6948][safepoint    ] Total time for which application threads were stopped: 0.0000441 seconds, Stopping threads took: 0.0000201 seconds
[2019-01-14T09:21:57.865+0000][6948][safepoint    ] Application time: 0.0009688 seconds
[2019-01-14T09:21:57.865+0000][6948][safepoint    ] Total time for which application threads were stopped: 0.0000293 seconds, Stopping threads took: 0.0000025 seconds
[2019-01-14T09:21:57.865+0000][6948][safepoint    ] Application time: 0.0002063 seconds
[2019-01-14T09:21:57.865+0000][6948][safepoint    ] Total time for which application threads were stopped: 0.0000256 seconds, Stopping threads took: 0.0000022 seconds
[2019-01-14T09:21:57.865+0000][6948][safepoint    ] Application time: 0.0001440 seconds
[2019-01-14T09:21:57.865+0000][6948][safepoint    ] Total time for which application threads were stopped: 0.0000252 seconds, Stopping threads took: 0.0000022 seconds
[2019-01-14T09:21:57.865+0000][6948][safepoint    ] Application time: 0.0001414 seconds
[2019-01-14T09:21:57.866+0000][6948][safepoint    ] Total time for which application threads were stopped: 0.0001740 seconds, Stopping threads took: 0.0000022 seconds
[2019-01-14T09:21:57.866+0000][6948][safepoint    ] Application time: 0.0001166 seconds
[2019-01-14T09:21:57.866+0000][6948][safepoint    ] Total time for which application threads were stopped: 0.0000253 seconds, Stopping threads took: 0.0000020 seconds
[2019-01-14T09:21:57.866+0000][6948][safepoint    ] Application time: 0.0001528 seconds
[2019-01-14T09:21:57.866+0000][6948][safepoint    ] Total time for which application threads were stopped: 0.0000359 seconds, Stopping threads took: 0.0000021 seconds
[2019-01-14T09:21:57.866+0000][6948][safepoint    ] Application time: 0.0001385 seconds
[2019-01-14T09:21:57.866+0000][6948][safepoint    ] Total time for which application threads were stopped: 0.0000236 seconds, Stopping threads took: 0.0000022 seconds
[2019-01-14T09:21:57.866+0000][6948][safepoint    ] Application time: 0.0001921 seconds
[2019-01-14T09:21:57.866+0000][6948][safepoint    ] Total time for which application threads were stopped: 0.0000238 seconds, Stopping threads took: 0.0000022 seconds
[2019-01-14T09:21:57.867+0000][6948][safepoint    ] Application time: 0.0002666 seconds
[2019-01-14T09:21:57.867+0000][6948][safepoint    ] Total time for which application threads were stopped: 0.0000234 seconds, Stopping threads took: 0.0000020 seconds
[2019-01-14T09:21:57.867+0000][6948][safepoint    ] Application time: 0.0001368 seconds
[2019-01-14T09:21:57.867+0000][6948][safepoint    ] Total time for which application threads were stopped: 0.0000236 seconds, Stopping threads took: 0.0000021 seconds
[2019-01-14T09:21:57.867+0000][6948][safepoint    ] Application time: 0.0000695 seconds
[2019-01-14T09:21:57.867+0000][6948][safepoint    ] Total time for which application threads were stopped: 0.0000237 seconds, Stopping threads took: 0.0000021 seconds
[2019-01-14T09:21:57.867+0000][6948][safepoint    ] Application time: 0.0001104 seconds
[2019-01-14T09:21:57.867+0000][6948][safepoint    ] Total time for which application threads were stopped: 0.0000237 seconds, Stopping threads took: 0.0000021 seconds
[2019-01-14T09:21:57.872+0000][6948][safepoint    ] Application time: 0.0044220 seconds
[2019-01-14T09:21:57.872+0000][6948][safepoint    ] Total time for which application threads were stopped: 0.0000655 seconds, Stopping threads took: 0.0000074 seconds
[2019-01-14T09:21:57.874+0000][6948][safepoint    ] Application time: 0.0019512 seconds
[2019-01-14T09:21:57.874+0000][6948][safepoint    ] Total time for which application threads were stopped: 0.0000443 seconds, Stopping threads took: 0.0000043 seconds
[2019-01-14T09:21:57.874+0000][6948][safepoint    ] Application time: 0.0001681 seconds
[2019-01-14T09:21:57.874+0000][6948][safepoint    ] Total time for which application threads were stopped: 0.0000372 seconds, Stopping threads took: 0.0000115 seconds
[2019-01-14T09:21:57.874+0000][6948][safepoint    ] Application time: 0.0001697 seconds
[2019-01-14T09:21:57.874+0000][6948][safepoint    ] Total time for which application threads were stopped: 0.0000243 seconds, Stopping threads took: 0.0000022 seconds
[2019-01-14T09:21:57.874+0000][6948][safepoint    ] Application time: 0.0001610 seconds
[2019-01-14T09:21:57.874+0000][6948][safepoint    ] Total time for which application threads were stopped: 0.0000240 seconds, Stopping threads took: 0.0000020 seconds
[2019-01-14T09:21:57.874+0000][6948][safepoint    ] Application time: 0.0001926 seconds
[2019-01-14T09:21:57.875+0000][6948][safepoint    ] Total time for which application threads were stopped: 0.0000235 seconds, Stopping threads took: 0.0000021 seconds
[2019-01-14T09:21:57.875+0000][6948][safepoint    ] Application time: 0.0001682 seconds
[2019-01-14T09:21:57.875+0000][6948][safepoint    ] Total time for which application threads were stopped: 0.0000238 seconds, Stopping threads took: 0.0000020 seconds
[2019-01-14T09:21:57.878+0000][6948][safepoint    ] Application time: 0.0029454 seconds
[2019-01-14T09:21:57.878+0000][6948][safepoint    ] Total time for which application threads were stopped: 0.0000344 seconds, Stopping threads took: 0.0000043 seconds
[2019-01-14T09:21:57.879+0000][6948][safepoint    ] Application time: 0.0011240 seconds
[2019-01-14T09:21:57.879+0000][6948][safepoint    ] Total time for which application threads were stopped: 0.0001993 seconds, Stopping threads took: 0.0000174 seconds
[2019-01-14T09:21:57.896+0000][6948][safepoint    ] Application time: 0.0172431 seconds
[2019-01-14T09:21:57.897+0000][6948][safepoint    ] Total time for which application threads were stopped: 0.0001211 seconds, Stopping threads took: 0.0000822 seconds
[2019-01-14T09:21:57.904+0000][6948][safepoint    ] Application time: 0.0077513 seconds
[2019-01-14T09:21:57.904+0000][6948][safepoint    ] Total time for which application threads were stopped: 0.0000212 seconds, Stopping threads took: 0.0000033 seconds
[2019-01-14T09:21:57.906+0000][6948][safepoint    ] Application time: 0.0020148 seconds
[2019-01-14T09:21:57.906+0000][6948][safepoint    ] Total time for which application threads were stopped: 0.0000268 seconds, Stopping threads took: 0.0000024 seconds
[2019-01-14T09:21:57.923+0000][6948][safepoint    ] Application time: 0.0168388 seconds
[2019-01-14T09:21:57.923+0000][6948][safepoint    ] Total time for which application threads were stopped: 0.0000629 seconds, Stopping threads took: 0.0000052 seconds
[2019-01-14T09:21:57.927+0000][6948][gc,heap,exit ] Heap
[2019-01-14T09:21:57.927+0000][6948][gc,heap,exit ]  par new generation   total 78656K, used 51653K [0x00000000f0000000, 0x00000000f5550000, 0x00000000f5550000)
[2019-01-14T09:21:57.927+0000][6948][gc,heap,exit ]   eden space 69952K,  67% used [0x00000000f0000000, 0x00000000f2e64c70, 0x00000000f4450000)
[2019-01-14T09:21:57.927+0000][6948][gc,heap,exit ]   from space 8704K,  47% used [0x00000000f4cd0000, 0x00000000f50dc890, 0x00000000f5550000)
[2019-01-14T09:21:57.927+0000][6948][gc,heap,exit ]   to   space 8704K,   0% used [0x00000000f4450000, 0x00000000f4450000, 0x00000000f4cd0000)
[2019-01-14T09:21:57.927+0000][6948][gc,heap,exit ]  concurrent mark-sweep generation total 174784K, used 104083K [0x00000000f5550000, 0x0000000100000000, 0x0000000100000000)
[2019-01-14T09:21:57.927+0000][6948][gc,heap,exit ]  Metaspace       used 81058K, capacity 85646K, committed 86408K, reserved 1124352K
[2019-01-14T09:21:57.927+0000][6948][gc,heap,exit ]   class space    used 10121K, capacity 12199K, committed 12252K, reserved 1048576K
[2019-01-14T09:21:57.928+0000][6948][safepoint    ] Application time: 0.0041224 seconds
