[2019-01-14T08:38:45.691+0000][3297][gc] Using Concurrent Mark Sweep
[2019-01-14T08:38:45.691+0000][3297][gc,heap,coops] Heap address: 0x00000000f0000000, size: 256 MB, Compressed Oops mode: 32-bit
[2019-01-14T08:38:45.784+0000][3297][safepoint    ] Total time for which application threads were stopped: 0.0000574 seconds, Stopping threads took: 0.0000300 seconds
[2019-01-14T08:38:45.793+0000][3297][safepoint    ] Application time: 0.0095725 seconds
[2019-01-14T08:38:45.793+0000][3297][safepoint    ] Total time for which application threads were stopped: 0.0000352 seconds, Stopping threads took: 0.0000019 seconds
[2019-01-14T08:38:45.802+0000][3297][safepoint    ] Application time: 0.0086141 seconds
[2019-01-14T08:38:45.803+0000][3297][safepoint    ] Total time for which application threads were stopped: 0.0003180 seconds, Stopping threads took: 0.0002487 seconds
[2019-01-14T08:38:46.037+0000][3297][safepoint    ] Application time: 0.2347610 seconds
[2019-01-14T08:38:46.037+0000][3297][safepoint    ] Total time for which application threads were stopped: 0.0000509 seconds, Stopping threads took: 0.0000034 seconds
[2019-01-14T08:38:46.100+0000][3297][safepoint    ] Application time: 0.0627676 seconds
[2019-01-14T08:38:46.100+0000][3297][safepoint    ] Total time for which application threads were stopped: 0.0000768 seconds, Stopping threads took: 0.0000025 seconds
[2019-01-14T08:38:46.104+0000][3297][safepoint    ] Application time: 0.0035490 seconds
[2019-01-14T08:38:46.104+0000][3297][safepoint    ] Total time for which application threads were stopped: 0.0000409 seconds, Stopping threads took: 0.0000029 seconds
[2019-01-14T08:38:46.217+0000][3297][safepoint    ] Application time: 0.1130355 seconds
[2019-01-14T08:38:46.217+0000][3297][safepoint    ] Total time for which application threads were stopped: 0.0001730 seconds, Stopping threads took: 0.0000031 seconds
[2019-01-14T08:38:46.297+0000][3297][safepoint    ] Application time: 0.0799666 seconds
[2019-01-14T08:38:46.297+0000][3297][safepoint    ] Total time for which application threads were stopped: 0.0000610 seconds, Stopping threads took: 0.0000024 seconds
[2019-01-14T08:38:46.760+0000][3297][safepoint    ] Application time: 0.4630135 seconds
[2019-01-14T08:38:46.760+0000][3297][safepoint    ] Total time for which application threads were stopped: 0.0001102 seconds, Stopping threads took: 0.0000087 seconds
[2019-01-14T08:38:47.037+0000][3297][safepoint    ] Application time: 0.2766009 seconds
[2019-01-14T08:38:47.037+0000][3297][safepoint    ] Total time for which application threads were stopped: 0.0001236 seconds, Stopping threads took: 0.0000028 seconds
[2019-01-14T08:38:47.325+0000][3297][safepoint    ] Application time: 0.2883102 seconds
[2019-01-14T08:38:47.326+0000][3297][safepoint    ] Total time for which application threads were stopped: 0.0001199 seconds, Stopping threads took: 0.0000096 seconds
[2019-01-14T08:38:47.943+0000][3297][safepoint    ] Application time: 0.6176082 seconds
[2019-01-14T08:38:47.944+0000][3297][safepoint    ] Total time for which application threads were stopped: 0.0002198 seconds, Stopping threads took: 0.0000156 seconds
[2019-01-14T08:38:48.365+0000][3297][safepoint    ] Application time: 0.4212526 seconds
[2019-01-14T08:38:48.366+0000][3297][safepoint    ] Total time for which application threads were stopped: 0.0015964 seconds, Stopping threads took: 0.0000279 seconds
[2019-01-14T08:38:48.367+0000][3297][safepoint    ] Application time: 0.0001345 seconds
[2019-01-14T08:38:48.367+0000][3297][safepoint    ] Total time for which application threads were stopped: 0.0000900 seconds, Stopping threads took: 0.0000062 seconds
[2019-01-14T08:38:48.409+0000][3297][safepoint    ] Application time: 0.0424825 seconds
[2019-01-14T08:38:48.409+0000][3297][safepoint    ] Total time for which application threads were stopped: 0.0001481 seconds, Stopping threads took: 0.0000032 seconds
[2019-01-14T08:38:48.445+0000][3297][safepoint    ] Application time: 0.0360247 seconds
[2019-01-14T08:38:48.446+0000][3297][safepoint    ] Total time for which application threads were stopped: 0.0005373 seconds, Stopping threads took: 0.0005043 seconds
[2019-01-14T08:38:48.448+0000][3297][safepoint    ] Application time: 0.0016767 seconds
[2019-01-14T08:38:48.448+0000][3297][safepoint    ] Total time for which application threads were stopped: 0.0001402 seconds, Stopping threads took: 0.0001038 seconds
[2019-01-14T08:38:48.448+0000][3297][safepoint    ] Application time: 0.0001178 seconds
[2019-01-14T08:38:48.448+0000][3297][safepoint    ] Total time for which application threads were stopped: 0.0002097 seconds, Stopping threads took: 0.0001874 seconds
[2019-01-14T08:38:48.450+0000][3297][safepoint    ] Application time: 0.0016720 seconds
[2019-01-14T08:38:48.450+0000][3297][safepoint    ] Total time for which application threads were stopped: 0.0000863 seconds, Stopping threads took: 0.0000604 seconds
[2019-01-14T08:38:48.451+0000][3297][safepoint    ] Application time: 0.0013551 seconds
[2019-01-14T08:38:48.452+0000][3297][safepoint    ] Total time for which application threads were stopped: 0.0004197 seconds, Stopping threads took: 0.0003514 seconds
[2019-01-14T08:38:48.647+0000][3297][safepoint    ] Application time: 0.1950656 seconds
[2019-01-14T08:38:48.647+0000][3297][safepoint    ] Total time for which application threads were stopped: 0.0001550 seconds, Stopping threads took: 0.0000034 seconds
[2019-01-14T08:38:48.692+0000][3297][safepoint    ] Application time: 0.0450498 seconds
[2019-01-14T08:38:48.692+0000][3297][safepoint    ] Total time for which application threads were stopped: 0.0001945 seconds, Stopping threads took: 0.0000118 seconds
[2019-01-14T08:38:48.843+0000][3297][safepoint    ] Application time: 0.1507525 seconds
[2019-01-14T08:38:48.843+0000][3297][safepoint    ] Total time for which application threads were stopped: 0.0000433 seconds, Stopping threads took: 0.0000043 seconds
[2019-01-14T08:38:48.851+0000][3297][safepoint    ] Application time: 0.0079978 seconds
[2019-01-14T08:38:48.851+0000][3297][safepoint    ] Total time for which application threads were stopped: 0.0001302 seconds, Stopping threads took: 0.0000036 seconds
[2019-01-14T08:38:48.856+0000][3297][safepoint    ] Application time: 0.0041567 seconds
[2019-01-14T08:38:48.856+0000][3297][safepoint    ] Total time for which application threads were stopped: 0.0000333 seconds, Stopping threads took: 0.0000035 seconds
[2019-01-14T08:38:48.874+0000][3297][safepoint    ] Application time: 0.0180072 seconds
[2019-01-14T08:38:48.874+0000][3297][gc,start     ] GC(0) Pause Young (Allocation Failure)
[2019-01-14T08:38:48.874+0000][3297][gc,task      ] GC(0) Using 2 workers of 2 for evacuation
[2019-01-14T08:38:48.889+0000][3297][gc,age       ] GC(0) Desired survivor size 4456448 bytes, new threshold 1 (max threshold 6)
[2019-01-14T08:38:48.889+0000][3297][gc,age       ] GC(0) Age table with threshold 1 (max threshold 6)
[2019-01-14T08:38:48.889+0000][3297][gc,age       ] GC(0) - age   1:    6443440 bytes,    6443440 total
[2019-01-14T08:38:48.890+0000][3297][gc,heap      ] GC(0) ParNew: 69952K->6343K(78656K)
[2019-01-14T08:38:48.890+0000][3297][gc,heap      ] GC(0) CMS: 0K->0K(174784K)
[2019-01-14T08:38:48.890+0000][3297][gc,metaspace ] GC(0) Metaspace: 21630K->21630K(1069056K)
[2019-01-14T08:38:48.890+0000][3297][gc           ] GC(0) Pause Young (Allocation Failure) 68M->6M(247M) 15.981ms
[2019-01-14T08:38:48.890+0000][3297][gc,cpu       ] GC(0) User=0.02s Sys=0.00s Real=0.02s
[2019-01-14T08:38:48.890+0000][3297][safepoint    ] Total time for which application threads were stopped: 0.0160729 seconds, Stopping threads took: 0.0000035 seconds
[2019-01-14T08:38:48.891+0000][3297][safepoint    ] Application time: 0.0016085 seconds
[2019-01-14T08:38:48.892+0000][3297][gc,start     ] GC(1) Pause Initial Mark
[2019-01-14T08:38:48.894+0000][3297][gc           ] GC(1) Pause Initial Mark 8M->8M(247M) 2.016ms
[2019-01-14T08:38:48.894+0000][3297][gc,cpu       ] GC(1) User=0.00s Sys=0.00s Real=0.00s
[2019-01-14T08:38:48.894+0000][3297][safepoint    ] Total time for which application threads were stopped: 0.0021380 seconds, Stopping threads took: 0.0000228 seconds
[2019-01-14T08:38:48.894+0000][3297][gc           ] GC(1) Concurrent Mark
[2019-01-14T08:38:48.895+0000][3297][gc           ] GC(1) Concurrent Mark 0.778ms
[2019-01-14T08:38:48.895+0000][3297][gc,cpu       ] GC(1) User=0.00s Sys=0.00s Real=0.00s
[2019-01-14T08:38:48.895+0000][3297][gc           ] GC(1) Concurrent Preclean
[2019-01-14T08:38:48.895+0000][3297][gc           ] GC(1) Concurrent Preclean 0.297ms
[2019-01-14T08:38:48.895+0000][3297][gc,cpu       ] GC(1) User=0.00s Sys=0.00s Real=0.00s
[2019-01-14T08:38:48.895+0000][3297][gc           ] GC(1) Concurrent Abortable Preclean
[2019-01-14T08:38:48.895+0000][3297][safepoint    ] Application time: 0.0015159 seconds
[2019-01-14T08:38:48.895+0000][3297][safepoint    ] Total time for which application threads were stopped: 0.0000488 seconds, Stopping threads took: 0.0000036 seconds
[2019-01-14T08:38:48.916+0000][3297][safepoint    ] Application time: 0.0203481 seconds
[2019-01-14T08:38:48.916+0000][3297][safepoint    ] Total time for which application threads were stopped: 0.0000955 seconds, Stopping threads took: 0.0000055 seconds
[2019-01-14T08:38:48.927+0000][3297][safepoint    ] Application time: 0.0110107 seconds
[2019-01-14T08:38:48.927+0000][3297][safepoint    ] Total time for which application threads were stopped: 0.0002181 seconds, Stopping threads took: 0.0000038 seconds
[2019-01-14T08:38:48.974+0000][3297][safepoint    ] Application time: 0.0469897 seconds
[2019-01-14T08:38:48.974+0000][3297][safepoint    ] Total time for which application threads were stopped: 0.0002127 seconds, Stopping threads took: 0.0000708 seconds
[2019-01-14T08:38:49.282+0000][3297][safepoint    ] Application time: 0.3074245 seconds
[2019-01-14T08:38:49.282+0000][3297][safepoint    ] Total time for which application threads were stopped: 0.0001108 seconds, Stopping threads took: 0.0000050 seconds
[2019-01-14T08:38:49.322+0000][3297][safepoint    ] Application time: 0.0405240 seconds
[2019-01-14T08:38:49.323+0000][3297][safepoint    ] Total time for which application threads were stopped: 0.0001915 seconds, Stopping threads took: 0.0000038 seconds
[2019-01-14T08:38:49.380+0000][3297][safepoint    ] Application time: 0.0569279 seconds
[2019-01-14T08:38:49.382+0000][3297][safepoint    ] Total time for which application threads were stopped: 0.0022118 seconds, Stopping threads took: 0.0020486 seconds
[2019-01-14T08:38:49.486+0000][3297][safepoint    ] Application time: 0.1046200 seconds
[2019-01-14T08:38:49.486+0000][3297][gc,start     ] GC(2) Pause Young (Allocation Failure)
[2019-01-14T08:38:49.487+0000][3297][gc,task      ] GC(2) Using 2 workers of 2 for evacuation
[2019-01-14T08:38:49.489+0000][3297][gc           ] GC(1) Concurrent Abortable Preclean 593.897ms
[2019-01-14T08:38:49.489+0000][3297][gc,cpu       ] GC(1) User=0.69s Sys=0.15s Real=0.60s
[2019-01-14T08:38:49.522+0000][3297][gc,age       ] GC(2) Desired survivor size 4456448 bytes, new threshold 6 (max threshold 6)
[2019-01-14T08:38:49.523+0000][3297][gc,age       ] GC(2) Age table with threshold 6 (max threshold 6)
[2019-01-14T08:38:49.523+0000][3297][gc,age       ] GC(2) - age   1:    1375928 bytes,    1375928 total
[2019-01-14T08:38:49.523+0000][3297][gc,heap      ] GC(2) ParNew: 76295K->4224K(78656K)
[2019-01-14T08:38:49.523+0000][3297][gc,heap      ] GC(2) CMS: 0K->6882K(174784K)
[2019-01-14T08:38:49.523+0000][3297][gc,metaspace ] GC(2) Metaspace: 23225K->23225K(1071104K)
[2019-01-14T08:38:49.523+0000][3297][gc           ] GC(2) Pause Young (Allocation Failure) 74M->10M(247M) 36.104ms
[2019-01-14T08:38:49.523+0000][3297][gc,cpu       ] GC(2) User=0.05s Sys=0.01s Real=0.03s
[2019-01-14T08:38:49.523+0000][3297][safepoint    ] Total time for which application threads were stopped: 0.0362097 seconds, Stopping threads took: 0.0000093 seconds
[2019-01-14T08:38:49.525+0000][3297][safepoint    ] Application time: 0.0022406 seconds
[2019-01-14T08:38:49.526+0000][3297][gc,start     ] GC(1) Pause Remark
[2019-01-14T08:38:49.540+0000][3297][gc           ] GC(1) Pause Remark 12M->12M(247M) 14.720ms
[2019-01-14T08:38:49.542+0000][3297][gc,cpu       ] GC(1) User=0.03s Sys=0.00s Real=0.01s
[2019-01-14T08:38:49.542+0000][3297][safepoint    ] Total time for which application threads were stopped: 0.0169169 seconds, Stopping threads took: 0.0006326 seconds
[2019-01-14T08:38:49.551+0000][3297][gc           ] GC(1) Concurrent Sweep
[2019-01-14T08:38:49.555+0000][3297][gc           ] GC(1) Concurrent Sweep 3.616ms
[2019-01-14T08:38:49.555+0000][3297][gc,cpu       ] GC(1) User=0.00s Sys=0.01s Real=0.00s
[2019-01-14T08:38:49.555+0000][3297][gc           ] GC(1) Concurrent Reset
[2019-01-14T08:38:49.555+0000][3297][gc           ] GC(1) Concurrent Reset 0.128ms
[2019-01-14T08:38:49.555+0000][3297][gc,cpu       ] GC(1) User=0.00s Sys=0.00s Real=0.00s
[2019-01-14T08:38:49.561+0000][3297][gc,heap      ] GC(1) Old: 0K->6882K(174784K)
[2019-01-14T08:38:49.878+0000][3297][safepoint    ] Application time: 0.3364802 seconds
[2019-01-14T08:38:49.878+0000][3297][gc,start     ] GC(3) Pause Young (Allocation Failure)
[2019-01-14T08:38:49.878+0000][3297][gc,task      ] GC(3) Using 2 workers of 2 for evacuation
[2019-01-14T08:38:49.886+0000][3297][gc,age       ] GC(3) Desired survivor size 4456448 bytes, new threshold 6 (max threshold 6)
[2019-01-14T08:38:49.886+0000][3297][gc,age       ] GC(3) Age table with threshold 6 (max threshold 6)
[2019-01-14T08:38:49.886+0000][3297][gc,age       ] GC(3) - age   1:    1166672 bytes,    1166672 total
[2019-01-14T08:38:49.886+0000][3297][gc,age       ] GC(3) - age   2:     464984 bytes,    1631656 total
[2019-01-14T08:38:49.886+0000][3297][gc,heap      ] GC(3) ParNew: 74176K->2784K(78656K)
[2019-01-14T08:38:49.886+0000][3297][gc,heap      ] GC(3) CMS: 6882K->6882K(174784K)
[2019-01-14T08:38:49.886+0000][3297][gc,metaspace ] GC(3) Metaspace: 23856K->23856K(1071104K)
[2019-01-14T08:38:49.886+0000][3297][gc           ] GC(3) Pause Young (Allocation Failure) 79M->9M(247M) 7.197ms
[2019-01-14T08:38:49.886+0000][3297][gc,cpu       ] GC(3) User=0.00s Sys=0.01s Real=0.01s
[2019-01-14T08:38:49.886+0000][3297][safepoint    ] Total time for which application threads were stopped: 0.0073175 seconds, Stopping threads took: 0.0000040 seconds
[2019-01-14T08:38:49.886+0000][3297][safepoint    ] Application time: 0.0001522 seconds
[2019-01-14T08:38:49.886+0000][3297][safepoint    ] Total time for which application threads were stopped: 0.0000489 seconds, Stopping threads took: 0.0000114 seconds
[2019-01-14T08:38:49.886+0000][3297][safepoint    ] Application time: 0.0000161 seconds
[2019-01-14T08:38:49.886+0000][3297][safepoint    ] Total time for which application threads were stopped: 0.0000168 seconds, Stopping threads took: 0.0000008 seconds
[2019-01-14T08:38:49.886+0000][3297][safepoint    ] Application time: 0.0000178 seconds
[2019-01-14T08:38:49.886+0000][3297][safepoint    ] Total time for which application threads were stopped: 0.0000141 seconds, Stopping threads took: 0.0000007 seconds
[2019-01-14T08:38:49.886+0000][3297][safepoint    ] Application time: 0.0000121 seconds
[2019-01-14T08:38:49.886+0000][3297][safepoint    ] Total time for which application threads were stopped: 0.0000130 seconds, Stopping threads took: 0.0000006 seconds
[2019-01-14T08:38:49.886+0000][3297][safepoint    ] Application time: 0.0000134 seconds
[2019-01-14T08:38:49.886+0000][3297][safepoint    ] Total time for which application threads were stopped: 0.0000479 seconds, Stopping threads took: 0.0000005 seconds
[2019-01-14T08:38:49.886+0000][3297][safepoint    ] Application time: 0.0000301 seconds
[2019-01-14T08:38:49.886+0000][3297][safepoint    ] Total time for which application threads were stopped: 0.0000427 seconds, Stopping threads took: 0.0000006 seconds
[2019-01-14T08:38:49.886+0000][3297][safepoint    ] Application time: 0.0000202 seconds
[2019-01-14T08:38:49.886+0000][3297][safepoint    ] Total time for which application threads were stopped: 0.0000175 seconds, Stopping threads took: 0.0000007 seconds
[2019-01-14T08:38:49.886+0000][3297][safepoint    ] Application time: 0.0000125 seconds
[2019-01-14T08:38:49.886+0000][3297][safepoint    ] Total time for which application threads were stopped: 0.0000134 seconds, Stopping threads took: 0.0000006 seconds
[2019-01-14T08:38:49.886+0000][3297][safepoint    ] Application time: 0.0000143 seconds
[2019-01-14T08:38:49.886+0000][3297][safepoint    ] Total time for which application threads were stopped: 0.0000134 seconds, Stopping threads took: 0.0000007 seconds
[2019-01-14T08:38:49.886+0000][3297][safepoint    ] Application time: 0.0000117 seconds
[2019-01-14T08:38:49.886+0000][3297][safepoint    ] Total time for which application threads were stopped: 0.0000125 seconds, Stopping threads took: 0.0000006 seconds
[2019-01-14T08:38:49.886+0000][3297][safepoint    ] Application time: 0.0000130 seconds
[2019-01-14T08:38:49.886+0000][3297][safepoint    ] Total time for which application threads were stopped: 0.0000128 seconds, Stopping threads took: 0.0000005 seconds
[2019-01-14T08:38:49.886+0000][3297][safepoint    ] Application time: 0.0000115 seconds
[2019-01-14T08:38:49.886+0000][3297][safepoint    ] Total time for which application threads were stopped: 0.0000125 seconds, Stopping threads took: 0.0000006 seconds
[2019-01-14T08:38:49.886+0000][3297][safepoint    ] Application time: 0.0000139 seconds
[2019-01-14T08:38:49.886+0000][3297][safepoint    ] Total time for which application threads were stopped: 0.0000130 seconds, Stopping threads took: 0.0000005 seconds
[2019-01-14T08:38:49.887+0000][3297][safepoint    ] Application time: 0.0000115 seconds
[2019-01-14T08:38:49.887+0000][3297][safepoint    ] Total time for which application threads were stopped: 0.0000127 seconds, Stopping threads took: 0.0000006 seconds
[2019-01-14T08:38:49.887+0000][3297][safepoint    ] Application time: 0.0000132 seconds
[2019-01-14T08:38:49.887+0000][3297][safepoint    ] Total time for which application threads were stopped: 0.0000129 seconds, Stopping threads took: 0.0000005 seconds
[2019-01-14T08:38:49.963+0000][3297][safepoint    ] Application time: 0.0765635 seconds
[2019-01-14T08:38:49.964+0000][3297][safepoint    ] Total time for which application threads were stopped: 0.0004132 seconds, Stopping threads took: 0.0000057 seconds
[2019-01-14T08:38:50.055+0000][3297][safepoint    ] Application time: 0.0915339 seconds
[2019-01-14T08:38:50.055+0000][3297][safepoint    ] Total time for which application threads were stopped: 0.0002537 seconds, Stopping threads took: 0.0000037 seconds
[2019-01-14T08:38:50.318+0000][3297][safepoint    ] Application time: 0.2624510 seconds
[2019-01-14T08:38:50.318+0000][3297][gc,start     ] GC(4) Pause Young (Allocation Failure)
[2019-01-14T08:38:50.318+0000][3297][gc,task      ] GC(4) Using 2 workers of 2 for evacuation
[2019-01-14T08:38:50.325+0000][3297][gc,age       ] GC(4) Desired survivor size 4456448 bytes, new threshold 3 (max threshold 6)
[2019-01-14T08:38:50.325+0000][3297][gc,age       ] GC(4) Age table with threshold 3 (max threshold 6)
[2019-01-14T08:38:50.325+0000][3297][gc,age       ] GC(4) - age   1:    3133168 bytes,    3133168 total
[2019-01-14T08:38:50.325+0000][3297][gc,age       ] GC(4) - age   2:    1142512 bytes,    4275680 total
[2019-01-14T08:38:50.325+0000][3297][gc,age       ] GC(4) - age   3:     464784 bytes,    4740464 total
[2019-01-14T08:38:50.325+0000][3297][gc,heap      ] GC(4) ParNew: 72736K->5303K(78656K)
[2019-01-14T08:38:50.325+0000][3297][gc,heap      ] GC(4) CMS: 6882K->6882K(174784K)
[2019-01-14T08:38:50.325+0000][3297][gc,metaspace ] GC(4) Metaspace: 26804K->26804K(1073152K)
[2019-01-14T08:38:50.325+0000][3297][gc           ] GC(4) Pause Young (Allocation Failure) 77M->11M(247M) 6.745ms
[2019-01-14T08:38:50.325+0000][3297][gc,cpu       ] GC(4) User=0.01s Sys=0.00s Real=0.01s
[2019-01-14T08:38:50.325+0000][3297][safepoint    ] Total time for which application threads were stopped: 0.0068730 seconds, Stopping threads took: 0.0000118 seconds
[2019-01-14T08:38:50.325+0000][3297][safepoint    ] Application time: 0.0001773 seconds
[2019-01-14T08:38:50.327+0000][3297][safepoint    ] Total time for which application threads were stopped: 0.0022989 seconds, Stopping threads took: 0.0022489 seconds
[2019-01-14T08:38:50.327+0000][3297][safepoint    ] Application time: 0.0000397 seconds
[2019-01-14T08:38:50.327+0000][3297][safepoint    ] Total time for which application threads were stopped: 0.0000416 seconds, Stopping threads took: 0.0000165 seconds
[2019-01-14T08:38:50.438+0000][3297][safepoint    ] Application time: 0.1108466 seconds
[2019-01-14T08:38:50.438+0000][3297][gc,start     ] GC(5) Pause Young (Allocation Failure)
[2019-01-14T08:38:50.438+0000][3297][gc,task      ] GC(5) Using 2 workers of 2 for evacuation
[2019-01-14T08:38:50.443+0000][3297][gc,age       ] GC(5) Desired survivor size 4456448 bytes, new threshold 3 (max threshold 6)
[2019-01-14T08:38:50.443+0000][3297][gc,age       ] GC(5) Age table with threshold 3 (max threshold 6)
[2019-01-14T08:38:50.443+0000][3297][gc,age       ] GC(5) - age   1:     985408 bytes,     985408 total
[2019-01-14T08:38:50.443+0000][3297][gc,age       ] GC(5) - age   2:    2469192 bytes,    3454600 total
[2019-01-14T08:38:50.443+0000][3297][gc,age       ] GC(5) - age   3:    1141896 bytes,    4596496 total
[2019-01-14T08:38:50.443+0000][3297][gc,heap      ] GC(5) ParNew: 75255K->4914K(78656K)
[2019-01-14T08:38:50.443+0000][3297][gc,heap      ] GC(5) CMS: 6882K->7347K(174784K)
[2019-01-14T08:38:50.443+0000][3297][gc,metaspace ] GC(5) Metaspace: 27015K->27015K(1075200K)
[2019-01-14T08:38:50.443+0000][3297][gc           ] GC(5) Pause Young (Allocation Failure) 80M->11M(247M) 4.807ms
[2019-01-14T08:38:50.443+0000][3297][gc,cpu       ] GC(5) User=0.01s Sys=0.00s Real=0.01s
[2019-01-14T08:38:50.443+0000][3297][safepoint    ] Total time for which application threads were stopped: 0.0048983 seconds, Stopping threads took: 0.0000121 seconds
[2019-01-14T08:38:50.469+0000][3297][safepoint    ] Application time: 0.0262292 seconds
[2019-01-14T08:38:50.470+0000][3297][safepoint    ] Total time for which application threads were stopped: 0.0002974 seconds, Stopping threads took: 0.0000107 seconds
[2019-01-14T08:38:50.581+0000][3297][safepoint    ] Application time: 0.1107409 seconds
[2019-01-14T08:38:50.581+0000][3297][gc,start     ] GC(6) Pause Young (Allocation Failure)
[2019-01-14T08:38:50.581+0000][3297][gc,task      ] GC(6) Using 2 workers of 2 for evacuation
[2019-01-14T08:38:50.587+0000][3297][gc,age       ] GC(6) Desired survivor size 4456448 bytes, new threshold 6 (max threshold 6)
[2019-01-14T08:38:50.587+0000][3297][gc,age       ] GC(6) Age table with threshold 6 (max threshold 6)
[2019-01-14T08:38:50.587+0000][3297][gc,age       ] GC(6) - age   1:    1437640 bytes,    1437640 total
[2019-01-14T08:38:50.587+0000][3297][gc,age       ] GC(6) - age   2:     463688 bytes,    1901328 total
[2019-01-14T08:38:50.587+0000][3297][gc,age       ] GC(6) - age   3:    2469192 bytes,    4370520 total
[2019-01-14T08:38:50.587+0000][3297][gc,heap      ] GC(6) ParNew: 74866K->6278K(78656K)
[2019-01-14T08:38:50.587+0000][3297][gc,heap      ] GC(6) CMS: 7347K->8469K(174784K)
[2019-01-14T08:38:50.587+0000][3297][gc,metaspace ] GC(6) Metaspace: 27146K->27146K(1075200K)
[2019-01-14T08:38:50.587+0000][3297][gc           ] GC(6) Pause Young (Allocation Failure) 80M->14M(247M) 6.777ms
[2019-01-14T08:38:50.587+0000][3297][gc,cpu       ] GC(6) User=0.02s Sys=0.00s Real=0.01s
[2019-01-14T08:38:50.587+0000][3297][safepoint    ] Total time for which application threads were stopped: 0.0069399 seconds, Stopping threads took: 0.0000159 seconds
[2019-01-14T08:38:50.712+0000][3297][safepoint    ] Application time: 0.1241166 seconds
[2019-01-14T08:38:50.712+0000][3297][gc,start     ] GC(7) Pause Young (Allocation Failure)
[2019-01-14T08:38:50.712+0000][3297][gc,task      ] GC(7) Using 2 workers of 2 for evacuation
[2019-01-14T08:38:50.717+0000][3297][gc,age       ] GC(7) Desired survivor size 4456448 bytes, new threshold 4 (max threshold 6)
[2019-01-14T08:38:50.717+0000][3297][gc,age       ] GC(7) Age table with threshold 4 (max threshold 6)
[2019-01-14T08:38:50.717+0000][3297][gc,age       ] GC(7) - age   1:    1990416 bytes,    1990416 total
[2019-01-14T08:38:50.717+0000][3297][gc,age       ] GC(7) - age   2:    1426592 bytes,    3417008 total
[2019-01-14T08:38:50.717+0000][3297][gc,age       ] GC(7) - age   3:     463512 bytes,    3880520 total
[2019-01-14T08:38:50.717+0000][3297][gc,age       ] GC(7) - age   4:    2469008 bytes,    6349528 total
[2019-01-14T08:38:50.717+0000][3297][gc,heap      ] GC(7) ParNew: 76230K->8495K(78656K)
[2019-01-14T08:38:50.717+0000][3297][gc,heap      ] GC(7) CMS: 8469K->8469K(174784K)
[2019-01-14T08:38:50.717+0000][3297][gc,metaspace ] GC(7) Metaspace: 27396K->27396K(1075200K)
[2019-01-14T08:38:50.717+0000][3297][gc           ] GC(7) Pause Young (Allocation Failure) 82M->16M(247M) 5.376ms
[2019-01-14T08:38:50.717+0000][3297][gc,cpu       ] GC(7) User=0.01s Sys=0.00s Real=0.01s
[2019-01-14T08:38:50.717+0000][3297][safepoint    ] Total time for which application threads were stopped: 0.0055281 seconds, Stopping threads took: 0.0000269 seconds
[2019-01-14T08:38:50.826+0000][3297][safepoint    ] Application time: 0.1092025 seconds
[2019-01-14T08:38:50.827+0000][3297][gc,start     ] GC(8) Pause Young (Allocation Failure)
[2019-01-14T08:38:50.827+0000][3297][gc,task      ] GC(8) Using 2 workers of 2 for evacuation
[2019-01-14T08:38:50.838+0000][3297][gc,age       ] GC(8) Desired survivor size 4456448 bytes, new threshold 6 (max threshold 6)
[2019-01-14T08:38:50.838+0000][3297][gc,age       ] GC(8) Age table with threshold 6 (max threshold 6)
[2019-01-14T08:38:50.838+0000][3297][gc,age       ] GC(8) - age   1:    1670128 bytes,    1670128 total
[2019-01-14T08:38:50.838+0000][3297][gc,age       ] GC(8) - age   2:     852608 bytes,    2522736 total
[2019-01-14T08:38:50.838+0000][3297][gc,age       ] GC(8) - age   3:    1426592 bytes,    3949328 total
[2019-01-14T08:38:50.838+0000][3297][gc,age       ] GC(8) - age   4:     463512 bytes,    4412840 total
[2019-01-14T08:38:50.838+0000][3297][gc,heap      ] GC(8) ParNew: 78447K->5712K(78656K)
[2019-01-14T08:38:50.838+0000][3297][gc,heap      ] GC(8) CMS: 8469K->10910K(174784K)
[2019-01-14T08:38:50.838+0000][3297][gc,metaspace ] GC(8) Metaspace: 27713K->27713K(1075200K)
[2019-01-14T08:38:50.838+0000][3297][gc           ] GC(8) Pause Young (Allocation Failure) 84M->16M(247M) 11.258ms
[2019-01-14T08:38:50.838+0000][3297][gc,cpu       ] GC(8) User=0.01s Sys=0.00s Real=0.01s
[2019-01-14T08:38:50.838+0000][3297][safepoint    ] Total time for which application threads were stopped: 0.0113437 seconds, Stopping threads took: 0.0000042 seconds
[2019-01-14T08:38:51.038+0000][3297][safepoint    ] Application time: 0.2004338 seconds
[2019-01-14T08:38:51.038+0000][3297][gc,start     ] GC(9) Pause Young (Allocation Failure)
[2019-01-14T08:38:51.038+0000][3297][gc,task      ] GC(9) Using 2 workers of 2 for evacuation
[2019-01-14T08:38:51.042+0000][3297][gc,age       ] GC(9) Desired survivor size 4456448 bytes, new threshold 4 (max threshold 6)
[2019-01-14T08:38:51.042+0000][3297][gc,age       ] GC(9) Age table with threshold 4 (max threshold 6)
[2019-01-14T08:38:51.042+0000][3297][gc,age       ] GC(9) - age   1:    1108320 bytes,    1108320 total
[2019-01-14T08:38:51.042+0000][3297][gc,age       ] GC(9) - age   2:    1111080 bytes,    2219400 total
[2019-01-14T08:38:51.042+0000][3297][gc,age       ] GC(9) - age   3:     852528 bytes,    3071928 total
[2019-01-14T08:38:51.042+0000][3297][gc,age       ] GC(9) - age   4:    1424272 bytes,    4496200 total
[2019-01-14T08:38:51.042+0000][3297][gc,age       ] GC(9) - age   5:     463512 bytes,    4959712 total
[2019-01-14T08:38:51.042+0000][3297][gc,heap      ] GC(9) ParNew: 75664K->6990K(78656K)
[2019-01-14T08:38:51.042+0000][3297][gc,heap      ] GC(9) CMS: 10910K->10910K(174784K)
[2019-01-14T08:38:51.042+0000][3297][gc,metaspace ] GC(9) Metaspace: 28696K->28696K(1075200K)
[2019-01-14T08:38:51.042+0000][3297][gc           ] GC(9) Pause Young (Allocation Failure) 84M->17M(247M) 3.765ms
[2019-01-14T08:38:51.042+0000][3297][gc,cpu       ] GC(9) User=0.01s Sys=0.00s Real=0.00s
[2019-01-14T08:38:51.042+0000][3297][safepoint    ] Total time for which application threads were stopped: 0.0038736 seconds, Stopping threads took: 0.0000106 seconds
[2019-01-14T08:38:51.042+0000][3297][safepoint    ] Application time: 0.0001558 seconds
[2019-01-14T08:38:51.045+0000][3297][safepoint    ] Total time for which application threads were stopped: 0.0021797 seconds, Stopping threads took: 0.0021123 seconds
[2019-01-14T08:38:51.045+0000][3297][safepoint    ] Application time: 0.0000587 seconds
[2019-01-14T08:38:51.047+0000][3297][safepoint    ] Total time for which application threads were stopped: 0.0023189 seconds, Stopping threads took: 0.0022721 seconds
[2019-01-14T08:38:51.047+0000][3297][safepoint    ] Application time: 0.0000660 seconds
[2019-01-14T08:38:51.047+0000][3297][safepoint    ] Total time for which application threads were stopped: 0.0000273 seconds, Stopping threads took: 0.0000025 seconds
[2019-01-14T08:38:51.047+0000][3297][safepoint    ] Application time: 0.0000521 seconds
[2019-01-14T08:38:51.056+0000][3297][safepoint    ] Total time for which application threads were stopped: 0.0088026 seconds, Stopping threads took: 0.0087314 seconds
[2019-01-14T08:38:51.056+0000][3297][safepoint    ] Application time: 0.0000906 seconds
[2019-01-14T08:38:51.056+0000][3297][safepoint    ] Total time for which application threads were stopped: 0.0000324 seconds, Stopping threads took: 0.0000028 seconds
[2019-01-14T08:38:51.056+0000][3297][safepoint    ] Application time: 0.0000553 seconds
[2019-01-14T08:38:51.056+0000][3297][safepoint    ] Total time for which application threads were stopped: 0.0000209 seconds, Stopping threads took: 0.0000022 seconds
[2019-01-14T08:38:51.060+0000][3297][safepoint    ] Application time: 0.0033090 seconds
[2019-01-14T08:38:51.060+0000][3297][safepoint    ] Total time for which application threads were stopped: 0.0000880 seconds, Stopping threads took: 0.0000054 seconds
[2019-01-14T08:38:51.060+0000][3297][safepoint    ] Application time: 0.0001171 seconds
[2019-01-14T08:38:51.062+0000][3297][safepoint    ] Total time for which application threads were stopped: 0.0026689 seconds, Stopping threads took: 0.0025387 seconds
[2019-01-14T08:38:51.063+0000][3297][safepoint    ] Application time: 0.0002078 seconds
[2019-01-14T08:38:51.063+0000][3297][safepoint    ] Total time for which application threads were stopped: 0.0002054 seconds, Stopping threads took: 0.0000092 seconds
[2019-01-14T08:38:51.063+0000][3297][safepoint    ] Application time: 0.0001642 seconds
[2019-01-14T08:38:51.063+0000][3297][safepoint    ] Total time for which application threads were stopped: 0.0001210 seconds, Stopping threads took: 0.0000101 seconds
[2019-01-14T08:38:51.064+0000][3297][safepoint    ] Application time: 0.0001433 seconds
[2019-01-14T08:38:51.066+0000][3297][safepoint    ] Total time for which application threads were stopped: 0.0020748 seconds, Stopping threads took: 0.0018799 seconds
[2019-01-14T08:38:51.067+0000][3297][safepoint    ] Application time: 0.0008164 seconds
[2019-01-14T08:38:51.067+0000][3297][safepoint    ] Total time for which application threads were stopped: 0.0002809 seconds, Stopping threads took: 0.0000850 seconds
[2019-01-14T08:38:51.071+0000][3297][safepoint    ] Application time: 0.0036439 seconds
[2019-01-14T08:38:51.071+0000][3297][safepoint    ] Total time for which application threads were stopped: 0.0002450 seconds, Stopping threads took: 0.0000386 seconds
[2019-01-14T08:38:51.141+0000][3297][safepoint    ] Application time: 0.0701340 seconds
[2019-01-14T08:38:51.142+0000][3297][safepoint    ] Total time for which application threads were stopped: 0.0004461 seconds, Stopping threads took: 0.0000343 seconds
[2019-01-14T08:38:51.198+0000][3297][safepoint    ] Application time: 0.0561609 seconds
[2019-01-14T08:38:51.200+0000][3297][gc,start     ] GC(10) Pause Young (Allocation Failure)
[2019-01-14T08:38:51.200+0000][3297][gc,task      ] GC(10) Using 2 workers of 2 for evacuation
[2019-01-14T08:38:51.217+0000][3297][gc,age       ] GC(10) Desired survivor size 4456448 bytes, new threshold 6 (max threshold 6)
[2019-01-14T08:38:51.217+0000][3297][gc,age       ] GC(10) Age table with threshold 6 (max threshold 6)
[2019-01-14T08:38:51.217+0000][3297][gc,age       ] GC(10) - age   1:     363304 bytes,     363304 total
[2019-01-14T08:38:51.217+0000][3297][gc,age       ] GC(10) - age   2:     793528 bytes,    1156832 total
[2019-01-14T08:38:51.217+0000][3297][gc,age       ] GC(10) - age   3:    1110968 bytes,    2267800 total
[2019-01-14T08:38:51.217+0000][3297][gc,age       ] GC(10) - age   4:     852528 bytes,    3120328 total
[2019-01-14T08:38:51.217+0000][3297][gc,heap      ] GC(10) ParNew: 76942K->7195K(78656K)
[2019-01-14T08:38:51.217+0000][3297][gc,heap      ] GC(10) CMS: 10910K->12775K(174784K)
[2019-01-14T08:38:51.217+0000][3297][gc,metaspace ] GC(10) Metaspace: 28780K->28780K(1075200K)
[2019-01-14T08:38:51.217+0000][3297][gc           ] GC(10) Pause Young (Allocation Failure) 85M->19M(247M) 16.618ms
[2019-01-14T08:38:51.217+0000][3297][gc,cpu       ] GC(10) User=0.01s Sys=0.00s Real=0.02s
[2019-01-14T08:38:51.217+0000][3297][safepoint    ] Total time for which application threads were stopped: 0.0188822 seconds, Stopping threads took: 0.0000135 seconds
[2019-01-14T08:38:51.316+0000][3297][safepoint    ] Application time: 0.0997935 seconds
[2019-01-14T08:38:51.317+0000][3297][gc,start     ] GC(11) Pause Young (Allocation Failure)
[2019-01-14T08:38:51.317+0000][3297][gc,task      ] GC(11) Using 2 workers of 2 for evacuation
[2019-01-14T08:38:51.319+0000][3297][gc,age       ] GC(11) Desired survivor size 4456448 bytes, new threshold 6 (max threshold 6)
[2019-01-14T08:38:51.319+0000][3297][gc,age       ] GC(11) Age table with threshold 6 (max threshold 6)
[2019-01-14T08:38:51.319+0000][3297][gc,age       ] GC(11) - age   1:     723744 bytes,     723744 total
[2019-01-14T08:38:51.319+0000][3297][gc,age       ] GC(11) - age   2:      91008 bytes,     814752 total
[2019-01-14T08:38:51.319+0000][3297][gc,age       ] GC(11) - age   3:     793528 bytes,    1608280 total
[2019-01-14T08:38:51.319+0000][3297][gc,age       ] GC(11) - age   4:    1110968 bytes,    2719248 total
[2019-01-14T08:38:51.319+0000][3297][gc,age       ] GC(11) - age   5:     852504 bytes,    3571752 total
[2019-01-14T08:38:51.319+0000][3297][gc,heap      ] GC(11) ParNew: 77147K->4684K(78656K)
[2019-01-14T08:38:51.319+0000][3297][gc,heap      ] GC(11) CMS: 12775K->12775K(174784K)
[2019-01-14T08:38:51.319+0000][3297][gc,metaspace ] GC(11) Metaspace: 28830K->28830K(1077248K)
[2019-01-14T08:38:51.319+0000][3297][gc           ] GC(11) Pause Young (Allocation Failure) 87M->17M(247M) 2.498ms
[2019-01-14T08:38:51.319+0000][3297][gc,cpu       ] GC(11) User=0.00s Sys=0.00s Real=0.00s
[2019-01-14T08:38:51.319+0000][3297][safepoint    ] Total time for which application threads were stopped: 0.0025815 seconds, Stopping threads took: 0.0000099 seconds
[2019-01-14T08:38:51.395+0000][3297][safepoint    ] Application time: 0.0754637 seconds
[2019-01-14T08:38:51.395+0000][3297][gc,start     ] GC(12) Pause Young (Allocation Failure)
[2019-01-14T08:38:51.395+0000][3297][gc,task      ] GC(12) Using 2 workers of 2 for evacuation
[2019-01-14T08:38:51.397+0000][3297][gc,age       ] GC(12) Desired survivor size 4456448 bytes, new threshold 6 (max threshold 6)
[2019-01-14T08:38:51.397+0000][3297][gc,age       ] GC(12) Age table with threshold 6 (max threshold 6)
[2019-01-14T08:38:51.397+0000][3297][gc,age       ] GC(12) - age   1:     564864 bytes,     564864 total
[2019-01-14T08:38:51.397+0000][3297][gc,age       ] GC(12) - age   2:     237064 bytes,     801928 total
[2019-01-14T08:38:51.397+0000][3297][gc,age       ] GC(12) - age   3:      91008 bytes,     892936 total
[2019-01-14T08:38:51.397+0000][3297][gc,age       ] GC(12) - age   4:     793424 bytes,    1686360 total
[2019-01-14T08:38:51.397+0000][3297][gc,age       ] GC(12) - age   5:    1110824 bytes,    2797184 total
[2019-01-14T08:38:51.397+0000][3297][gc,age       ] GC(12) - age   6:     852360 bytes,    3649544 total
[2019-01-14T08:38:51.398+0000][3297][gc,heap      ] GC(12) ParNew: 74636K->6402K(78656K)
[2019-01-14T08:38:51.398+0000][3297][gc,heap      ] GC(12) CMS: 12775K->12775K(174784K)
[2019-01-14T08:38:51.398+0000][3297][gc,metaspace ] GC(12) Metaspace: 28841K->28841K(1077248K)
[2019-01-14T08:38:51.398+0000][3297][gc           ] GC(12) Pause Young (Allocation Failure) 85M->18M(247M) 2.900ms
[2019-01-14T08:38:51.398+0000][3297][gc,cpu       ] GC(12) User=0.01s Sys=0.00s Real=0.01s
[2019-01-14T08:38:51.398+0000][3297][safepoint    ] Total time for which application threads were stopped: 0.0029901 seconds, Stopping threads took: 0.0000117 seconds
[2019-01-14T08:38:51.430+0000][3297][safepoint    ] Application time: 0.0326581 seconds
[2019-01-14T08:38:51.431+0000][3297][safepoint    ] Total time for which application threads were stopped: 0.0003824 seconds, Stopping threads took: 0.0000103 seconds
[2019-01-14T08:38:51.441+0000][3297][safepoint    ] Application time: 0.0104139 seconds
[2019-01-14T08:38:51.441+0000][3297][safepoint    ] Total time for which application threads were stopped: 0.0003395 seconds, Stopping threads took: 0.0000400 seconds
[2019-01-14T08:38:51.594+0000][3297][safepoint    ] Application time: 0.1523921 seconds
[2019-01-14T08:38:51.594+0000][3297][safepoint    ] Total time for which application threads were stopped: 0.0000495 seconds, Stopping threads took: 0.0000036 seconds
[2019-01-14T08:38:51.594+0000][3297][safepoint    ] Application time: 0.0000899 seconds
[2019-01-14T08:38:51.594+0000][3297][safepoint    ] Total time for which application threads were stopped: 0.0000169 seconds, Stopping threads took: 0.0000022 seconds
[2019-01-14T08:38:52.005+0000][3297][safepoint    ] Application time: 0.4109478 seconds
[2019-01-14T08:38:52.006+0000][3297][safepoint    ] Total time for which application threads were stopped: 0.0004547 seconds, Stopping threads took: 0.0000043 seconds
[2019-01-14T08:38:52.027+0000][3297][safepoint    ] Application time: 0.0212673 seconds
[2019-01-14T08:38:52.027+0000][3297][safepoint    ] Total time for which application threads were stopped: 0.0003133 seconds, Stopping threads took: 0.0000043 seconds
[2019-01-14T08:38:52.314+0000][3297][safepoint    ] Application time: 0.2870590 seconds
[2019-01-14T08:38:52.314+0000][3297][gc,start     ] GC(13) Pause Young (Allocation Failure)
[2019-01-14T08:38:52.314+0000][3297][gc,task      ] GC(13) Using 2 workers of 2 for evacuation
[2019-01-14T08:38:52.325+0000][3297][gc,age       ] GC(13) Desired survivor size 4456448 bytes, new threshold 1 (max threshold 6)
[2019-01-14T08:38:52.325+0000][3297][gc,age       ] GC(13) Age table with threshold 1 (max threshold 6)
[2019-01-14T08:38:52.325+0000][3297][gc,age       ] GC(13) - age   1:    6170136 bytes,    6170136 total
[2019-01-14T08:38:52.325+0000][3297][gc,age       ] GC(13) - age   2:     155024 bytes,    6325160 total
[2019-01-14T08:38:52.325+0000][3297][gc,age       ] GC(13) - age   3:     236664 bytes,    6561824 total
[2019-01-14T08:38:52.325+0000][3297][gc,age       ] GC(13) - age   4:      90896 bytes,    6652720 total
[2019-01-14T08:38:52.325+0000][3297][gc,age       ] GC(13) - age   5:     787992 bytes,    7440712 total
[2019-01-14T08:38:52.325+0000][3297][gc,age       ] GC(13) - age   6:    1110576 bytes,    8551288 total
[2019-01-14T08:38:52.325+0000][3297][gc,heap      ] GC(13) ParNew: 76354K->8704K(78656K)
[2019-01-14T08:38:52.325+0000][3297][gc,heap      ] GC(13) CMS: 12775K->13637K(174784K)
[2019-01-14T08:38:52.325+0000][3297][gc,metaspace ] GC(13) Metaspace: 34973K->34973K(1081344K)
[2019-01-14T08:38:52.325+0000][3297][gc           ] GC(13) Pause Young (Allocation Failure) 87M->21M(247M) 10.476ms
[2019-01-14T08:38:52.325+0000][3297][gc,cpu       ] GC(13) User=0.02s Sys=0.00s Real=0.02s
[2019-01-14T08:38:52.325+0000][3297][safepoint    ] Total time for which application threads were stopped: 0.0106922 seconds, Stopping threads took: 0.0000043 seconds
[2019-01-14T08:38:52.879+0000][3297][safepoint    ] Application time: 0.5535438 seconds
[2019-01-14T08:38:52.879+0000][3297][gc,start     ] GC(14) Pause Young (Allocation Failure)
[2019-01-14T08:38:52.879+0000][3297][gc,task      ] GC(14) Using 2 workers of 2 for evacuation
[2019-01-14T08:38:52.918+0000][3297][gc,age       ] GC(14) Desired survivor size 4456448 bytes, new threshold 1 (max threshold 6)
[2019-01-14T08:38:52.918+0000][3297][gc,age       ] GC(14) Age table with threshold 1 (max threshold 6)
[2019-01-14T08:38:52.918+0000][3297][gc,age       ] GC(14) - age   1:    7758880 bytes,    7758880 total
[2019-01-14T08:38:52.918+0000][3297][gc,heap      ] GC(14) ParNew: 78656K->8704K(78656K)
[2019-01-14T08:38:52.918+0000][3297][gc,heap      ] GC(14) CMS: 13637K->25609K(174784K)
[2019-01-14T08:38:52.918+0000][3297][gc,metaspace ] GC(14) Metaspace: 35022K->35022K(1081344K)
[2019-01-14T08:38:52.918+0000][3297][gc           ] GC(14) Pause Young (Allocation Failure) 90M->33M(247M) 39.123ms
[2019-01-14T08:38:52.918+0000][3297][gc,cpu       ] GC(14) User=0.07s Sys=0.01s Real=0.04s
[2019-01-14T08:38:52.918+0000][3297][safepoint    ] Total time for which application threads were stopped: 0.0392299 seconds, Stopping threads took: 0.0000123 seconds
[2019-01-14T08:38:53.371+0000][3297][safepoint    ] Application time: 0.4528972 seconds
[2019-01-14T08:38:53.371+0000][3297][gc,start     ] GC(15) Pause Young (Allocation Failure)
[2019-01-14T08:38:53.371+0000][3297][gc,task      ] GC(15) Using 2 workers of 2 for evacuation
[2019-01-14T08:38:53.394+0000][3297][gc,age       ] GC(15) Desired survivor size 4456448 bytes, new threshold 1 (max threshold 6)
[2019-01-14T08:38:53.394+0000][3297][gc,age       ] GC(15) Age table with threshold 1 (max threshold 6)
[2019-01-14T08:38:53.394+0000][3297][gc,age       ] GC(15) - age   1:    8912744 bytes,    8912744 total
[2019-01-14T08:38:53.394+0000][3297][gc,heap      ] GC(15) ParNew: 78656K->8704K(78656K)
[2019-01-14T08:38:53.394+0000][3297][gc,heap      ] GC(15) CMS: 25609K->34122K(174784K)
[2019-01-14T08:38:53.394+0000][3297][gc,metaspace ] GC(15) Metaspace: 35066K->35066K(1081344K)
[2019-01-14T08:38:53.394+0000][3297][gc           ] GC(15) Pause Young (Allocation Failure) 101M->41M(247M) 23.083ms
[2019-01-14T08:38:53.394+0000][3297][gc,cpu       ] GC(15) User=0.05s Sys=0.00s Real=0.02s
[2019-01-14T08:38:53.394+0000][3297][safepoint    ] Total time for which application threads were stopped: 0.0232053 seconds, Stopping threads took: 0.0000105 seconds
[2019-01-14T08:38:53.730+0000][3297][safepoint    ] Application time: 0.3361468 seconds
[2019-01-14T08:38:53.730+0000][3297][safepoint    ] Total time for which application threads were stopped: 0.0002089 seconds, Stopping threads took: 0.0000195 seconds
[2019-01-14T08:38:53.767+0000][3297][safepoint    ] Application time: 0.0362345 seconds
[2019-01-14T08:38:53.767+0000][3297][safepoint    ] Total time for which application threads were stopped: 0.0001499 seconds, Stopping threads took: 0.0000106 seconds
[2019-01-14T08:38:53.769+0000][3297][safepoint    ] Application time: 0.0022631 seconds
[2019-01-14T08:38:53.769+0000][3297][safepoint    ] Total time for which application threads were stopped: 0.0003350 seconds, Stopping threads took: 0.0000097 seconds
[2019-01-14T08:38:53.780+0000][3297][safepoint    ] Application time: 0.0102265 seconds
[2019-01-14T08:38:53.780+0000][3297][safepoint    ] Total time for which application threads were stopped: 0.0001996 seconds, Stopping threads took: 0.0000103 seconds
[2019-01-14T08:38:53.830+0000][3297][safepoint    ] Application time: 0.0501399 seconds
[2019-01-14T08:38:53.830+0000][3297][safepoint    ] Total time for which application threads were stopped: 0.0001514 seconds, Stopping threads took: 0.0000125 seconds
[2019-01-14T08:38:53.860+0000][3297][safepoint    ] Application time: 0.0301699 seconds
[2019-01-14T08:38:53.861+0000][3297][safepoint    ] Total time for which application threads were stopped: 0.0004076 seconds, Stopping threads took: 0.0000122 seconds
[2019-01-14T08:38:53.887+0000][3297][safepoint    ] Application time: 0.0262342 seconds
[2019-01-14T08:38:53.887+0000][3297][safepoint    ] Total time for which application threads were stopped: 0.0002785 seconds, Stopping threads took: 0.0000105 seconds
[2019-01-14T08:38:53.915+0000][3297][safepoint    ] Application time: 0.0274887 seconds
[2019-01-14T08:38:53.917+0000][3297][safepoint    ] Total time for which application threads were stopped: 0.0023700 seconds, Stopping threads took: 0.0021049 seconds
[2019-01-14T08:38:53.978+0000][3297][safepoint    ] Application time: 0.0601564 seconds
[2019-01-14T08:38:53.978+0000][3297][safepoint    ] Total time for which application threads were stopped: 0.0002108 seconds, Stopping threads took: 0.0000049 seconds
[2019-01-14T08:38:54.005+0000][3297][safepoint    ] Application time: 0.0190185 seconds
[2019-01-14T08:38:54.005+0000][3297][safepoint    ] Total time for which application threads were stopped: 0.0000491 seconds, Stopping threads took: 0.0000049 seconds
[2019-01-14T08:38:54.039+0000][3297][safepoint    ] Application time: 0.0338990 seconds
[2019-01-14T08:38:54.040+0000][3297][gc,start     ] GC(16) Pause Young (Allocation Failure)
[2019-01-14T08:38:54.040+0000][3297][gc,task      ] GC(16) Using 2 workers of 2 for evacuation
[2019-01-14T08:38:54.074+0000][3297][gc,age       ] GC(16) Desired survivor size 4456448 bytes, new threshold 6 (max threshold 6)
[2019-01-14T08:38:54.074+0000][3297][gc,age       ] GC(16) Age table with threshold 6 (max threshold 6)
[2019-01-14T08:38:54.074+0000][3297][gc,age       ] GC(16) - age   1:    3960272 bytes,    3960272 total
[2019-01-14T08:38:54.075+0000][3297][gc,heap      ] GC(16) ParNew: 78656K->8373K(78656K)
[2019-01-14T08:38:54.075+0000][3297][gc,heap      ] GC(16) CMS: 34122K->43271K(174784K)
[2019-01-14T08:38:54.075+0000][3297][gc,metaspace ] GC(16) Metaspace: 40337K->40337K(1087488K)
[2019-01-14T08:38:54.075+0000][3297][gc           ] GC(16) Pause Young (Allocation Failure) 110M->50M(247M) 34.967ms
[2019-01-14T08:38:54.075+0000][3297][gc,cpu       ] GC(16) User=0.05s Sys=0.01s Real=0.03s
[2019-01-14T08:38:54.075+0000][3297][safepoint    ] Total time for which application threads were stopped: 0.0364976 seconds, Stopping threads took: 0.0001828 seconds
[2019-01-14T08:38:54.078+0000][3297][safepoint    ] Application time: 0.0023002 seconds
[2019-01-14T08:38:54.078+0000][3297][gc,start     ] GC(17) Pause Initial Mark
[2019-01-14T08:38:54.084+0000][3297][gc           ] GC(17) Pause Initial Mark 51M->51M(247M) 6.477ms
[2019-01-14T08:38:54.084+0000][3297][gc,cpu       ] GC(17) User=0.01s Sys=0.00s Real=0.01s
[2019-01-14T08:38:54.084+0000][3297][safepoint    ] Total time for which application threads were stopped: 0.0065810 seconds, Stopping threads took: 0.0000061 seconds
[2019-01-14T08:38:54.085+0000][3297][gc           ] GC(17) Concurrent Mark
[2019-01-14T08:38:54.121+0000][3297][safepoint    ] Application time: 0.0368108 seconds
[2019-01-14T08:38:54.121+0000][3297][safepoint    ] Total time for which application threads were stopped: 0.0001759 seconds, Stopping threads took: 0.0000064 seconds
[2019-01-14T08:38:54.156+0000][3297][gc           ] GC(17) Concurrent Mark 70.805ms
[2019-01-14T08:38:54.156+0000][3297][gc,cpu       ] GC(17) User=0.11s Sys=0.01s Real=0.07s
[2019-01-14T08:38:54.156+0000][3297][gc           ] GC(17) Concurrent Preclean
[2019-01-14T08:38:54.156+0000][3297][gc           ] GC(17) Concurrent Preclean 0.609ms
[2019-01-14T08:38:54.156+0000][3297][gc,cpu       ] GC(17) User=0.00s Sys=0.00s Real=0.00s
[2019-01-14T08:38:54.156+0000][3297][gc           ] GC(17) Concurrent Abortable Preclean
[2019-01-14T08:38:54.206+0000][3297][safepoint    ] Application time: 0.0843857 seconds
[2019-01-14T08:38:54.206+0000][3297][safepoint    ] Total time for which application threads were stopped: 0.0001145 seconds, Stopping threads took: 0.0000119 seconds
[2019-01-14T08:38:54.262+0000][3297][safepoint    ] Application time: 0.0560974 seconds
[2019-01-14T08:38:54.262+0000][3297][safepoint    ] Total time for which application threads were stopped: 0.0000957 seconds, Stopping threads took: 0.0000038 seconds
[2019-01-14T08:38:54.322+0000][3297][safepoint    ] Application time: 0.0600741 seconds
[2019-01-14T08:38:54.322+0000][3297][safepoint    ] Total time for which application threads were stopped: 0.0000948 seconds, Stopping threads took: 0.0000041 seconds
[2019-01-14T08:38:54.361+0000][3297][safepoint    ] Application time: 0.0384768 seconds
[2019-01-14T08:38:54.363+0000][3297][safepoint    ] Total time for which application threads were stopped: 0.0022267 seconds, Stopping threads took: 0.0000118 seconds
[2019-01-14T08:38:54.430+0000][3297][safepoint    ] Application time: 0.0670363 seconds
[2019-01-14T08:38:54.430+0000][3297][safepoint    ] Total time for which application threads were stopped: 0.0001965 seconds, Stopping threads took: 0.0000108 seconds
[2019-01-14T08:38:54.512+0000][3297][safepoint    ] Application time: 0.0812411 seconds
[2019-01-14T08:38:54.512+0000][3297][safepoint    ] Total time for which application threads were stopped: 0.0001408 seconds, Stopping threads took: 0.0000113 seconds
[2019-01-14T08:38:54.555+0000][3297][safepoint    ] Application time: 0.0433710 seconds
[2019-01-14T08:38:54.555+0000][3297][safepoint    ] Total time for which application threads were stopped: 0.0000792 seconds, Stopping threads took: 0.0000037 seconds
[2019-01-14T08:38:54.562+0000][3297][safepoint    ] Application time: 0.0065831 seconds
[2019-01-14T08:38:54.562+0000][3297][safepoint    ] Total time for which application threads were stopped: 0.0003461 seconds, Stopping threads took: 0.0000043 seconds
[2019-01-14T08:38:54.600+0000][3297][safepoint    ] Application time: 0.0374695 seconds
[2019-01-14T08:38:54.600+0000][3297][safepoint    ] Total time for which application threads were stopped: 0.0001511 seconds, Stopping threads took: 0.0000107 seconds
[2019-01-14T08:38:54.676+0000][3297][safepoint    ] Application time: 0.0756213 seconds
[2019-01-14T08:38:54.676+0000][3297][safepoint    ] Total time for which application threads were stopped: 0.0001290 seconds, Stopping threads took: 0.0000043 seconds
[2019-01-14T08:38:54.711+0000][3297][safepoint    ] Application time: 0.0355279 seconds
[2019-01-14T08:38:54.711+0000][3297][safepoint    ] Total time for which application threads were stopped: 0.0001525 seconds, Stopping threads took: 0.0000119 seconds
[2019-01-14T08:38:54.772+0000][3297][safepoint    ] Application time: 0.0601062 seconds
[2019-01-14T08:38:54.772+0000][3297][safepoint    ] Total time for which application threads were stopped: 0.0001530 seconds, Stopping threads took: 0.0000064 seconds
[2019-01-14T08:38:54.830+0000][3297][safepoint    ] Application time: 0.0582115 seconds
[2019-01-14T08:38:54.830+0000][3297][safepoint    ] Total time for which application threads were stopped: 0.0001018 seconds, Stopping threads took: 0.0000115 seconds
[2019-01-14T08:38:54.871+0000][3297][safepoint    ] Application time: 0.0413409 seconds
[2019-01-14T08:38:54.872+0000][3297][safepoint    ] Total time for which application threads were stopped: 0.0001372 seconds, Stopping threads took: 0.0000043 seconds
[2019-01-14T08:38:54.953+0000][3297][safepoint    ] Application time: 0.0814081 seconds
[2019-01-14T08:38:54.953+0000][3297][safepoint    ] Total time for which application threads were stopped: 0.0000961 seconds, Stopping threads took: 0.0000053 seconds
[2019-01-14T08:38:55.010+0000][3297][safepoint    ] Application time: 0.0567873 seconds
[2019-01-14T08:38:55.010+0000][3297][safepoint    ] Total time for which application threads were stopped: 0.0001463 seconds, Stopping threads took: 0.0000047 seconds
[2019-01-14T08:38:55.067+0000][3297][safepoint    ] Application time: 0.0566424 seconds
[2019-01-14T08:38:55.067+0000][3297][safepoint    ] Total time for which application threads were stopped: 0.0002158 seconds, Stopping threads took: 0.0000037 seconds
[2019-01-14T08:38:55.121+0000][3297][safepoint    ] Application time: 0.0537563 seconds
[2019-01-14T08:38:55.121+0000][3297][safepoint    ] Total time for which application threads were stopped: 0.0001743 seconds, Stopping threads took: 0.0000041 seconds
[2019-01-14T08:38:55.161+0000][3297][safepoint    ] Application time: 0.0399386 seconds
[2019-01-14T08:38:55.161+0000][3297][safepoint    ] Total time for which application threads were stopped: 0.0002976 seconds, Stopping threads took: 0.0000094 seconds
[2019-01-14T08:38:55.227+0000][3297][safepoint    ] Application time: 0.0661265 seconds
[2019-01-14T08:38:55.228+0000][3297][safepoint    ] Total time for which application threads were stopped: 0.0004596 seconds, Stopping threads took: 0.0000071 seconds
[2019-01-14T08:38:55.257+0000][3297][safepoint    ] Application time: 0.0290812 seconds
[2019-01-14T08:38:55.257+0000][3297][safepoint    ] Total time for which application threads were stopped: 0.0002087 seconds, Stopping threads took: 0.0000048 seconds
[2019-01-14T08:38:55.257+0000][3297][gc           ] GC(17) Concurrent Abortable Preclean 1100.977ms
[2019-01-14T08:38:55.257+0000][3297][gc,cpu       ] GC(17) User=1.70s Sys=0.19s Real=1.10s
[2019-01-14T08:38:55.257+0000][3297][safepoint    ] Application time: 0.0001603 seconds
[2019-01-14T08:38:55.258+0000][3297][gc,start     ] GC(17) Pause Remark
[2019-01-14T08:38:55.313+0000][3297][gc           ] GC(17) Pause Remark 86M->86M(247M) 55.389ms
[2019-01-14T08:38:55.313+0000][3297][gc,cpu       ] GC(17) User=0.07s Sys=0.00s Real=0.05s
[2019-01-14T08:38:55.313+0000][3297][safepoint    ] Total time for which application threads were stopped: 0.0555722 seconds, Stopping threads took: 0.0001044 seconds
[2019-01-14T08:38:55.313+0000][3297][gc           ] GC(17) Concurrent Sweep
[2019-01-14T08:38:55.330+0000][3297][gc           ] GC(17) Concurrent Sweep 17.357ms
[2019-01-14T08:38:55.331+0000][3297][gc,cpu       ] GC(17) User=0.03s Sys=0.01s Real=0.02s
[2019-01-14T08:38:55.331+0000][3297][gc           ] GC(17) Concurrent Reset
[2019-01-14T08:38:55.331+0000][3297][gc           ] GC(17) Concurrent Reset 0.130ms
[2019-01-14T08:38:55.331+0000][3297][gc,cpu       ] GC(17) User=0.00s Sys=0.00s Real=0.00s
[2019-01-14T08:38:55.331+0000][3297][gc,heap      ] GC(17) Old: 43271K->43080K(174784K)
[2019-01-14T08:38:55.537+0000][3297][safepoint    ] Application time: 0.2238806 seconds
[2019-01-14T08:38:55.537+0000][3297][safepoint    ] Total time for which application threads were stopped: 0.0000927 seconds, Stopping threads took: 0.0000219 seconds
[2019-01-14T08:38:56.145+0000][3297][safepoint    ] Application time: 0.6073963 seconds
[2019-01-14T08:38:56.145+0000][3297][gc,start     ] GC(18) Pause Young (Allocation Failure)
[2019-01-14T08:38:56.145+0000][3297][gc,task      ] GC(18) Using 2 workers of 2 for evacuation
[2019-01-14T08:38:56.157+0000][3297][gc,age       ] GC(18) Desired survivor size 4456448 bytes, new threshold 2 (max threshold 6)
[2019-01-14T08:38:56.157+0000][3297][gc,age       ] GC(18) Age table with threshold 2 (max threshold 6)
[2019-01-14T08:38:56.157+0000][3297][gc,age       ] GC(18) - age   1:    2607112 bytes,    2607112 total
[2019-01-14T08:38:56.157+0000][3297][gc,age       ] GC(18) - age   2:    3896072 bytes,    6503184 total
[2019-01-14T08:38:56.158+0000][3297][gc,heap      ] GC(18) ParNew: 78325K->8704K(78656K)
[2019-01-14T08:38:56.158+0000][3297][gc,heap      ] GC(18) CMS: 43080K->43080K(174784K)
[2019-01-14T08:38:56.158+0000][3297][gc,metaspace ] GC(18) Metaspace: 49234K->49234K(1093632K)
[2019-01-14T08:38:56.158+0000][3297][gc           ] GC(18) Pause Young (Allocation Failure) 118M->50M(247M) 12.834ms
[2019-01-14T08:38:56.158+0000][3297][gc,cpu       ] GC(18) User=0.02s Sys=0.00s Real=0.01s
[2019-01-14T08:38:56.158+0000][3297][safepoint    ] Total time for which application threads were stopped: 0.0130028 seconds, Stopping threads took: 0.0000170 seconds
[2019-01-14T08:38:56.386+0000][3297][safepoint    ] Application time: 0.2280155 seconds
[2019-01-14T08:38:56.386+0000][3297][safepoint    ] Total time for which application threads were stopped: 0.0000900 seconds, Stopping threads took: 0.0000137 seconds
[2019-01-14T08:38:56.593+0000][3297][safepoint    ] Application time: 0.2070725 seconds
[2019-01-14T08:38:56.593+0000][3297][safepoint    ] Total time for which application threads were stopped: 0.0003548 seconds, Stopping threads took: 0.0000208 seconds
[2019-01-14T08:38:56.593+0000][3297][safepoint    ] Application time: 0.0000814 seconds
[2019-01-14T08:38:56.593+0000][3297][safepoint    ] Total time for which application threads were stopped: 0.0000327 seconds, Stopping threads took: 0.0000026 seconds
[2019-01-14T08:38:56.593+0000][3297][safepoint    ] Application time: 0.0000500 seconds
[2019-01-14T08:38:56.593+0000][3297][safepoint    ] Total time for which application threads were stopped: 0.0000366 seconds, Stopping threads took: 0.0000129 seconds
[2019-01-14T08:38:56.595+0000][3297][safepoint    ] Application time: 0.0011464 seconds
[2019-01-14T08:38:56.595+0000][3297][safepoint    ] Total time for which application threads were stopped: 0.0000537 seconds, Stopping threads took: 0.0000147 seconds
[2019-01-14T08:38:56.595+0000][3297][safepoint    ] Application time: 0.0005560 seconds
[2019-01-14T08:38:56.595+0000][3297][safepoint    ] Total time for which application threads were stopped: 0.0000872 seconds, Stopping threads took: 0.0000323 seconds
[2019-01-14T08:38:56.596+0000][3297][safepoint    ] Application time: 0.0007738 seconds
[2019-01-14T08:38:56.596+0000][3297][safepoint    ] Total time for which application threads were stopped: 0.0000504 seconds, Stopping threads took: 0.0000028 seconds
[2019-01-14T08:38:56.600+0000][3297][safepoint    ] Application time: 0.0033955 seconds
[2019-01-14T08:38:56.600+0000][3297][safepoint    ] Total time for which application threads were stopped: 0.0000611 seconds, Stopping threads took: 0.0000046 seconds
[2019-01-14T08:38:56.600+0000][3297][safepoint    ] Application time: 0.0000594 seconds
[2019-01-14T08:38:56.600+0000][3297][safepoint    ] Total time for which application threads were stopped: 0.0000317 seconds, Stopping threads took: 0.0000027 seconds
[2019-01-14T08:38:56.600+0000][3297][safepoint    ] Application time: 0.0000483 seconds
[2019-01-14T08:38:56.601+0000][3297][safepoint    ] Total time for which application threads were stopped: 0.0006774 seconds, Stopping threads took: 0.0006361 seconds
[2019-01-14T08:38:56.601+0000][3297][safepoint    ] Application time: 0.0001479 seconds
[2019-01-14T08:38:56.601+0000][3297][safepoint    ] Total time for which application threads were stopped: 0.0003227 seconds, Stopping threads took: 0.0002826 seconds
[2019-01-14T08:38:56.601+0000][3297][safepoint    ] Application time: 0.0001452 seconds
[2019-01-14T08:38:56.601+0000][3297][safepoint    ] Total time for which application threads were stopped: 0.0000241 seconds, Stopping threads took: 0.0000025 seconds
[2019-01-14T08:38:56.601+0000][3297][safepoint    ] Application time: 0.0000975 seconds
[2019-01-14T08:38:56.601+0000][3297][safepoint    ] Total time for which application threads were stopped: 0.0001076 seconds, Stopping threads took: 0.0000176 seconds
[2019-01-14T08:38:56.602+0000][3297][safepoint    ] Application time: 0.0001570 seconds
[2019-01-14T08:38:56.602+0000][3297][safepoint    ] Total time for which application threads were stopped: 0.0000792 seconds, Stopping threads took: 0.0000241 seconds
[2019-01-14T08:38:56.602+0000][3297][safepoint    ] Application time: 0.0001439 seconds
[2019-01-14T08:38:56.602+0000][3297][safepoint    ] Total time for which application threads were stopped: 0.0000789 seconds, Stopping threads took: 0.0000308 seconds
[2019-01-14T08:38:56.602+0000][3297][safepoint    ] Application time: 0.0001434 seconds
[2019-01-14T08:38:56.602+0000][3297][safepoint    ] Total time for which application threads were stopped: 0.0000769 seconds, Stopping threads took: 0.0000276 seconds
[2019-01-14T08:38:56.602+0000][3297][safepoint    ] Application time: 0.0001496 seconds
[2019-01-14T08:38:56.602+0000][3297][safepoint    ] Total time for which application threads were stopped: 0.0001016 seconds, Stopping threads took: 0.0000417 seconds
[2019-01-14T08:38:56.603+0000][3297][safepoint    ] Application time: 0.0001386 seconds
[2019-01-14T08:38:56.603+0000][3297][safepoint    ] Total time for which application threads were stopped: 0.0000738 seconds, Stopping threads took: 0.0000273 seconds
[2019-01-14T08:38:56.603+0000][3297][safepoint    ] Application time: 0.0001931 seconds
[2019-01-14T08:38:56.603+0000][3297][safepoint    ] Total time for which application threads were stopped: 0.0001304 seconds, Stopping threads took: 0.0000498 seconds
[2019-01-14T08:38:56.603+0000][3297][safepoint    ] Application time: 0.0001848 seconds
[2019-01-14T08:38:56.603+0000][3297][safepoint    ] Total time for which application threads were stopped: 0.0001202 seconds, Stopping threads took: 0.0000053 seconds
[2019-01-14T08:38:56.604+0000][3297][safepoint    ] Application time: 0.0001182 seconds
[2019-01-14T08:38:56.604+0000][3297][safepoint    ] Total time for which application threads were stopped: 0.0002366 seconds, Stopping threads took: 0.0001341 seconds
[2019-01-14T08:38:56.604+0000][3297][safepoint    ] Application time: 0.0001783 seconds
[2019-01-14T08:38:56.604+0000][3297][safepoint    ] Total time for which application threads were stopped: 0.0001007 seconds, Stopping threads took: 0.0000470 seconds
[2019-01-14T08:38:56.605+0000][3297][safepoint    ] Application time: 0.0007673 seconds
[2019-01-14T08:38:56.606+0000][3297][safepoint    ] Total time for which application threads were stopped: 0.0013635 seconds, Stopping threads took: 0.0012846 seconds
[2019-01-14T08:38:56.607+0000][3297][safepoint    ] Application time: 0.0001488 seconds
[2019-01-14T08:38:56.607+0000][3297][safepoint    ] Total time for which application threads were stopped: 0.0000976 seconds, Stopping threads took: 0.0000412 seconds
[2019-01-14T08:38:56.607+0000][3297][safepoint    ] Application time: 0.0001473 seconds
[2019-01-14T08:38:56.607+0000][3297][safepoint    ] Total time for which application threads were stopped: 0.0001094 seconds, Stopping threads took: 0.0000025 seconds
[2019-01-14T08:38:56.607+0000][3297][safepoint    ] Application time: 0.0001906 seconds
[2019-01-14T08:38:56.607+0000][3297][safepoint    ] Total time for which application threads were stopped: 0.0003227 seconds, Stopping threads took: 0.0002685 seconds
[2019-01-14T08:38:56.608+0000][3297][safepoint    ] Application time: 0.0001434 seconds
[2019-01-14T08:38:56.608+0000][3297][safepoint    ] Total time for which application threads were stopped: 0.0000321 seconds, Stopping threads took: 0.0000025 seconds
[2019-01-14T08:38:56.608+0000][3297][safepoint    ] Application time: 0.0001253 seconds
[2019-01-14T08:38:56.611+0000][3297][safepoint    ] Total time for which application threads were stopped: 0.0036168 seconds, Stopping threads took: 0.0035620 seconds
[2019-01-14T08:38:56.612+0000][3297][safepoint    ] Application time: 0.0004539 seconds
[2019-01-14T08:38:56.612+0000][3297][safepoint    ] Total time for which application threads were stopped: 0.0000558 seconds, Stopping threads took: 0.0000019 seconds
[2019-01-14T08:38:56.612+0000][3297][safepoint    ] Application time: 0.0000622 seconds
[2019-01-14T08:38:56.612+0000][3297][safepoint    ] Total time for which application threads were stopped: 0.0000259 seconds, Stopping threads took: 0.0000024 seconds
[2019-01-14T08:38:56.612+0000][3297][safepoint    ] Application time: 0.0000162 seconds
[2019-01-14T08:38:56.612+0000][3297][safepoint    ] Total time for which application threads were stopped: 0.0000164 seconds, Stopping threads took: 0.0000010 seconds
[2019-01-14T08:38:56.612+0000][3297][safepoint    ] Application time: 0.0000141 seconds
[2019-01-14T08:38:56.612+0000][3297][safepoint    ] Total time for which application threads were stopped: 0.0000154 seconds, Stopping threads took: 0.0000008 seconds
[2019-01-14T08:38:56.612+0000][3297][safepoint    ] Application time: 0.0000134 seconds
[2019-01-14T08:38:56.612+0000][3297][safepoint    ] Total time for which application threads were stopped: 0.0000152 seconds, Stopping threads took: 0.0000008 seconds
[2019-01-14T08:38:56.612+0000][3297][safepoint    ] Application time: 0.0000132 seconds
[2019-01-14T08:38:56.612+0000][3297][safepoint    ] Total time for which application threads were stopped: 0.0000148 seconds, Stopping threads took: 0.0000006 seconds
[2019-01-14T08:38:56.612+0000][3297][safepoint    ] Application time: 0.0000132 seconds
[2019-01-14T08:38:56.612+0000][3297][safepoint    ] Total time for which application threads were stopped: 0.0000148 seconds, Stopping threads took: 0.0000007 seconds
[2019-01-14T08:38:56.612+0000][3297][safepoint    ] Application time: 0.0000195 seconds
[2019-01-14T08:38:56.612+0000][3297][safepoint    ] Total time for which application threads were stopped: 0.0000217 seconds, Stopping threads took: 0.0000016 seconds
[2019-01-14T08:38:56.612+0000][3297][safepoint    ] Application time: 0.0000140 seconds
[2019-01-14T08:38:56.612+0000][3297][safepoint    ] Total time for which application threads were stopped: 0.0000155 seconds, Stopping threads took: 0.0000007 seconds
[2019-01-14T08:38:56.612+0000][3297][safepoint    ] Application time: 0.0000136 seconds
[2019-01-14T08:38:56.612+0000][3297][safepoint    ] Total time for which application threads were stopped: 0.0000156 seconds, Stopping threads took: 0.0000007 seconds
[2019-01-14T08:38:56.612+0000][3297][safepoint    ] Application time: 0.0000134 seconds
[2019-01-14T08:38:56.612+0000][3297][safepoint    ] Total time for which application threads were stopped: 0.0000147 seconds, Stopping threads took: 0.0000008 seconds
[2019-01-14T08:38:56.612+0000][3297][safepoint    ] Application time: 0.0000133 seconds
[2019-01-14T08:38:56.613+0000][3297][safepoint    ] Total time for which application threads were stopped: 0.0000148 seconds, Stopping threads took: 0.0000007 seconds
[2019-01-14T08:38:56.613+0000][3297][safepoint    ] Application time: 0.0000134 seconds
[2019-01-14T08:38:56.613+0000][3297][safepoint    ] Total time for which application threads were stopped: 0.0000147 seconds, Stopping threads took: 0.0000008 seconds
[2019-01-14T08:38:56.613+0000][3297][safepoint    ] Application time: 0.0000131 seconds
[2019-01-14T08:38:56.613+0000][3297][safepoint    ] Total time for which application threads were stopped: 0.0000148 seconds, Stopping threads took: 0.0000007 seconds
[2019-01-14T08:38:56.613+0000][3297][safepoint    ] Application time: 0.0000131 seconds
[2019-01-14T08:38:56.613+0000][3297][safepoint    ] Total time for which application threads were stopped: 0.0000147 seconds, Stopping threads took: 0.0000007 seconds
[2019-01-14T08:38:56.613+0000][3297][safepoint    ] Application time: 0.0000139 seconds
[2019-01-14T08:38:56.613+0000][3297][safepoint    ] Total time for which application threads were stopped: 0.0000148 seconds, Stopping threads took: 0.0000007 seconds
[2019-01-14T08:38:56.613+0000][3297][safepoint    ] Application time: 0.0000143 seconds
[2019-01-14T08:38:56.613+0000][3297][safepoint    ] Total time for which application threads were stopped: 0.0000149 seconds, Stopping threads took: 0.0000008 seconds
[2019-01-14T08:38:56.619+0000][3297][safepoint    ] Application time: 0.0058105 seconds
[2019-01-14T08:38:56.619+0000][3297][safepoint    ] Total time for which application threads were stopped: 0.0001168 seconds, Stopping threads took: 0.0000376 seconds
[2019-01-14T08:38:56.621+0000][3297][safepoint    ] Application time: 0.0019088 seconds
[2019-01-14T08:38:56.621+0000][3297][safepoint    ] Total time for which application threads were stopped: 0.0002922 seconds, Stopping threads took: 0.0001755 seconds
[2019-01-14T08:38:56.621+0000][3297][safepoint    ] Application time: 0.0000761 seconds
[2019-01-14T08:38:56.621+0000][3297][safepoint    ] Total time for which application threads were stopped: 0.0000440 seconds, Stopping threads took: 0.0000240 seconds
[2019-01-14T08:38:56.622+0000][3297][safepoint    ] Application time: 0.0004971 seconds
[2019-01-14T08:38:56.622+0000][3297][safepoint    ] Total time for which application threads were stopped: 0.0001020 seconds, Stopping threads took: 0.0000761 seconds
[2019-01-14T08:38:56.622+0000][3297][safepoint    ] Application time: 0.0000922 seconds
[2019-01-14T08:38:56.622+0000][3297][safepoint    ] Total time for which application threads were stopped: 0.0000713 seconds, Stopping threads took: 0.0000322 seconds
[2019-01-14T08:38:56.624+0000][3297][safepoint    ] Application time: 0.0024995 seconds
[2019-01-14T08:38:56.625+0000][3297][safepoint    ] Total time for which application threads were stopped: 0.0000823 seconds, Stopping threads took: 0.0000205 seconds
[2019-01-14T08:38:56.625+0000][3297][safepoint    ] Application time: 0.0000919 seconds
[2019-01-14T08:38:56.625+0000][3297][safepoint    ] Total time for which application threads were stopped: 0.0000638 seconds, Stopping threads took: 0.0000146 seconds
[2019-01-14T08:38:56.625+0000][3297][safepoint    ] Application time: 0.0006143 seconds
[2019-01-14T08:38:56.625+0000][3297][safepoint    ] Total time for which application threads were stopped: 0.0000757 seconds, Stopping threads took: 0.0000268 seconds
[2019-01-14T08:38:56.627+0000][3297][safepoint    ] Application time: 0.0017894 seconds
[2019-01-14T08:38:56.627+0000][3297][safepoint    ] Total time for which application threads were stopped: 0.0000950 seconds, Stopping threads took: 0.0000031 seconds
[2019-01-14T08:38:56.627+0000][3297][safepoint    ] Application time: 0.0000977 seconds
[2019-01-14T08:38:56.628+0000][3297][safepoint    ] Total time for which application threads were stopped: 0.0000470 seconds, Stopping threads took: 0.0000022 seconds
[2019-01-14T08:38:56.628+0000][3297][safepoint    ] Application time: 0.0003774 seconds
[2019-01-14T08:38:56.628+0000][3297][safepoint    ] Total time for which application threads were stopped: 0.0000459 seconds, Stopping threads took: 0.0000020 seconds
[2019-01-14T08:38:56.628+0000][3297][safepoint    ] Application time: 0.0000970 seconds
[2019-01-14T08:38:56.628+0000][3297][safepoint    ] Total time for which application threads were stopped: 0.0001023 seconds, Stopping threads took: 0.0000019 seconds
[2019-01-14T08:38:56.635+0000][3297][safepoint    ] Application time: 0.0067720 seconds
[2019-01-14T08:38:56.635+0000][3297][safepoint    ] Total time for which application threads were stopped: 0.0000774 seconds, Stopping threads took: 0.0000200 seconds
[2019-01-14T08:38:56.712+0000][3297][safepoint    ] Application time: 0.0766294 seconds
[2019-01-14T08:38:56.712+0000][3297][safepoint    ] Total time for which application threads were stopped: 0.0001285 seconds, Stopping threads took: 0.0000048 seconds
[2019-01-14T08:38:56.713+0000][3297][safepoint    ] Application time: 0.0015736 seconds
[2019-01-14T08:38:56.714+0000][3297][safepoint    ] Total time for which application threads were stopped: 0.0000656 seconds, Stopping threads took: 0.0000113 seconds
[2019-01-14T08:38:56.714+0000][3297][safepoint    ] Application time: 0.0000752 seconds
[2019-01-14T08:38:56.714+0000][3297][safepoint    ] Total time for which application threads were stopped: 0.0000380 seconds, Stopping threads took: 0.0000065 seconds
[2019-01-14T08:38:56.714+0000][3297][safepoint    ] Application time: 0.0003686 seconds
[2019-01-14T08:38:56.714+0000][3297][safepoint    ] Total time for which application threads were stopped: 0.0000460 seconds, Stopping threads took: 0.0000072 seconds
[2019-01-14T08:38:56.714+0000][3297][safepoint    ] Application time: 0.0001022 seconds
[2019-01-14T08:38:56.714+0000][3297][safepoint    ] Total time for which application threads were stopped: 0.0000385 seconds, Stopping threads took: 0.0000062 seconds
[2019-01-14T08:38:56.714+0000][3297][safepoint    ] Application time: 0.0000230 seconds
[2019-01-14T08:38:56.714+0000][3297][safepoint    ] Total time for which application threads were stopped: 0.0000360 seconds, Stopping threads took: 0.0000060 seconds
[2019-01-14T08:38:56.714+0000][3297][safepoint    ] Application time: 0.0000243 seconds
[2019-01-14T08:38:56.714+0000][3297][safepoint    ] Total time for which application threads were stopped: 0.0000273 seconds, Stopping threads took: 0.0000053 seconds
[2019-01-14T08:38:56.714+0000][3297][safepoint    ] Application time: 0.0000363 seconds
[2019-01-14T08:38:56.714+0000][3297][safepoint    ] Total time for which application threads were stopped: 0.0000329 seconds, Stopping threads took: 0.0000063 seconds
[2019-01-14T08:38:56.725+0000][3297][safepoint    ] Application time: 0.0103986 seconds
[2019-01-14T08:38:56.725+0000][3297][safepoint    ] Total time for which application threads were stopped: 0.0000678 seconds, Stopping threads took: 0.0000104 seconds
[2019-01-14T08:38:56.725+0000][3297][safepoint    ] Application time: 0.0000220 seconds
[2019-01-14T08:38:56.725+0000][3297][safepoint    ] Total time for which application threads were stopped: 0.0000317 seconds, Stopping threads took: 0.0000054 seconds
[2019-01-14T08:38:56.725+0000][3297][safepoint    ] Application time: 0.0000154 seconds
[2019-01-14T08:38:56.725+0000][3297][safepoint    ] Total time for which application threads were stopped: 0.0001182 seconds, Stopping threads took: 0.0000047 seconds
[2019-01-14T08:38:56.725+0000][3297][safepoint    ] Application time: 0.0000660 seconds
[2019-01-14T08:38:56.725+0000][3297][safepoint    ] Total time for which application threads were stopped: 0.0000347 seconds, Stopping threads took: 0.0000056 seconds
[2019-01-14T08:38:56.725+0000][3297][safepoint    ] Application time: 0.0000253 seconds
[2019-01-14T08:38:56.725+0000][3297][safepoint    ] Total time for which application threads were stopped: 0.0000258 seconds, Stopping threads took: 0.0000049 seconds
[2019-01-14T08:38:56.725+0000][3297][safepoint    ] Application time: 0.0000484 seconds
[2019-01-14T08:38:56.725+0000][3297][safepoint    ] Total time for which application threads were stopped: 0.0000269 seconds, Stopping threads took: 0.0000055 seconds
[2019-01-14T08:38:56.726+0000][3297][safepoint    ] Application time: 0.0000166 seconds
[2019-01-14T08:38:56.726+0000][3297][safepoint    ] Total time for which application threads were stopped: 0.0000247 seconds, Stopping threads took: 0.0000048 seconds
[2019-01-14T08:38:56.726+0000][3297][safepoint    ] Application time: 0.0000234 seconds
[2019-01-14T08:38:56.726+0000][3297][safepoint    ] Total time for which application threads were stopped: 0.0000247 seconds, Stopping threads took: 0.0000046 seconds
[2019-01-14T08:38:56.734+0000][3297][safepoint    ] Application time: 0.0087952 seconds
[2019-01-14T08:38:56.734+0000][3297][safepoint    ] Total time for which application threads were stopped: 0.0000615 seconds, Stopping threads took: 0.0000136 seconds
[2019-01-14T08:38:56.735+0000][3297][safepoint    ] Application time: 0.0000251 seconds
[2019-01-14T08:38:56.735+0000][3297][safepoint    ] Total time for which application threads were stopped: 0.0000446 seconds, Stopping threads took: 0.0000053 seconds
[2019-01-14T08:38:56.735+0000][3297][safepoint    ] Application time: 0.0000242 seconds
[2019-01-14T08:38:56.735+0000][3297][safepoint    ] Total time for which application threads were stopped: 0.0000278 seconds, Stopping threads took: 0.0000054 seconds
[2019-01-14T08:38:56.735+0000][3297][safepoint    ] Application time: 0.0000182 seconds
[2019-01-14T08:38:56.735+0000][3297][safepoint    ] Total time for which application threads were stopped: 0.0000245 seconds, Stopping threads took: 0.0000050 seconds
[2019-01-14T08:38:56.735+0000][3297][safepoint    ] Application time: 0.0000903 seconds
[2019-01-14T08:38:56.735+0000][3297][safepoint    ] Total time for which application threads were stopped: 0.0000240 seconds, Stopping threads took: 0.0000054 seconds
[2019-01-14T08:38:56.735+0000][3297][safepoint    ] Application time: 0.0000197 seconds
[2019-01-14T08:38:56.735+0000][3297][safepoint    ] Total time for which application threads were stopped: 0.0000247 seconds, Stopping threads took: 0.0000049 seconds
[2019-01-14T08:38:56.735+0000][3297][safepoint    ] Application time: 0.0003576 seconds
[2019-01-14T08:38:56.735+0000][3297][safepoint    ] Total time for which application threads were stopped: 0.0000354 seconds, Stopping threads took: 0.0000096 seconds
[2019-01-14T08:38:56.737+0000][3297][safepoint    ] Application time: 0.0018863 seconds
[2019-01-14T08:38:56.737+0000][3297][safepoint    ] Total time for which application threads were stopped: 0.0000464 seconds, Stopping threads took: 0.0000114 seconds
[2019-01-14T08:38:56.738+0000][3297][safepoint    ] Application time: 0.0006089 seconds
[2019-01-14T08:38:56.738+0000][3297][safepoint    ] Total time for which application threads were stopped: 0.0000473 seconds, Stopping threads took: 0.0000100 seconds
[2019-01-14T08:38:56.738+0000][3297][safepoint    ] Application time: 0.0000187 seconds
[2019-01-14T08:38:56.738+0000][3297][safepoint    ] Total time for which application threads were stopped: 0.0000318 seconds, Stopping threads took: 0.0000075 seconds
[2019-01-14T08:38:56.738+0000][3297][safepoint    ] Application time: 0.0003014 seconds
[2019-01-14T08:38:56.738+0000][3297][safepoint    ] Total time for which application threads were stopped: 0.0000419 seconds, Stopping threads took: 0.0000095 seconds
[2019-01-14T08:38:56.738+0000][3297][safepoint    ] Application time: 0.0000185 seconds
[2019-01-14T08:38:56.738+0000][3297][safepoint    ] Total time for which application threads were stopped: 0.0000287 seconds, Stopping threads took: 0.0000051 seconds
[2019-01-14T08:38:56.738+0000][3297][safepoint    ] Application time: 0.0000140 seconds
[2019-01-14T08:38:56.738+0000][3297][safepoint    ] Total time for which application threads were stopped: 0.0000278 seconds, Stopping threads took: 0.0000048 seconds
[2019-01-14T08:38:56.739+0000][3297][safepoint    ] Application time: 0.0000145 seconds
[2019-01-14T08:38:56.739+0000][3297][safepoint    ] Total time for which application threads were stopped: 0.0000487 seconds, Stopping threads took: 0.0000186 seconds
[2019-01-14T08:38:56.739+0000][3297][safepoint    ] Application time: 0.0000177 seconds
[2019-01-14T08:38:56.739+0000][3297][safepoint    ] Total time for which application threads were stopped: 0.0000277 seconds, Stopping threads took: 0.0000050 seconds
[2019-01-14T08:38:56.739+0000][3297][safepoint    ] Application time: 0.0000157 seconds
[2019-01-14T08:38:56.739+0000][3297][safepoint    ] Total time for which application threads were stopped: 0.0000268 seconds, Stopping threads took: 0.0000047 seconds
[2019-01-14T08:38:56.739+0000][3297][safepoint    ] Application time: 0.0000139 seconds
[2019-01-14T08:38:56.739+0000][3297][safepoint    ] Total time for which application threads were stopped: 0.0000268 seconds, Stopping threads took: 0.0000047 seconds
[2019-01-14T08:38:56.739+0000][3297][safepoint    ] Application time: 0.0000137 seconds
[2019-01-14T08:38:56.739+0000][3297][safepoint    ] Total time for which application threads were stopped: 0.0000270 seconds, Stopping threads took: 0.0000048 seconds
[2019-01-14T08:38:56.739+0000][3297][safepoint    ] Application time: 0.0000136 seconds
[2019-01-14T08:38:56.739+0000][3297][safepoint    ] Total time for which application threads were stopped: 0.0000271 seconds, Stopping threads took: 0.0000048 seconds
[2019-01-14T08:38:56.739+0000][3297][safepoint    ] Application time: 0.0000145 seconds
[2019-01-14T08:38:56.739+0000][3297][safepoint    ] Total time for which application threads were stopped: 0.0000290 seconds, Stopping threads took: 0.0000069 seconds
[2019-01-14T08:38:56.739+0000][3297][safepoint    ] Application time: 0.0004540 seconds
[2019-01-14T08:38:56.739+0000][3297][safepoint    ] Total time for which application threads were stopped: 0.0000361 seconds, Stopping threads took: 0.0000097 seconds
[2019-01-14T08:38:56.739+0000][3297][safepoint    ] Application time: 0.0000197 seconds
[2019-01-14T08:38:56.739+0000][3297][safepoint    ] Total time for which application threads were stopped: 0.0000222 seconds, Stopping threads took: 0.0000052 seconds
[2019-01-14T08:38:56.739+0000][3297][safepoint    ] Application time: 0.0000144 seconds
[2019-01-14T08:38:56.739+0000][3297][safepoint    ] Total time for which application threads were stopped: 0.0000206 seconds, Stopping threads took: 0.0000048 seconds
[2019-01-14T08:38:56.740+0000][3297][safepoint    ] Application time: 0.0000329 seconds
[2019-01-14T08:38:56.740+0000][3297][safepoint    ] Total time for which application threads were stopped: 0.0000268 seconds, Stopping threads took: 0.0000061 seconds
[2019-01-14T08:38:56.740+0000][3297][safepoint    ] Application time: 0.0000138 seconds
[2019-01-14T08:38:56.740+0000][3297][safepoint    ] Total time for which application threads were stopped: 0.0000202 seconds, Stopping threads took: 0.0000047 seconds
[2019-01-14T08:38:56.740+0000][3297][safepoint    ] Application time: 0.0000136 seconds
[2019-01-14T08:38:56.740+0000][3297][safepoint    ] Total time for which application threads were stopped: 0.0000590 seconds, Stopping threads took: 0.0000050 seconds
[2019-01-14T08:38:56.740+0000][3297][safepoint    ] Application time: 0.0000777 seconds
[2019-01-14T08:38:56.740+0000][3297][safepoint    ] Total time for which application threads were stopped: 0.0000282 seconds, Stopping threads took: 0.0000077 seconds
[2019-01-14T08:38:56.743+0000][3297][safepoint    ] Application time: 0.0029371 seconds
[2019-01-14T08:38:56.743+0000][3297][safepoint    ] Total time for which application threads were stopped: 0.0000568 seconds, Stopping threads took: 0.0000220 seconds
[2019-01-14T08:38:56.747+0000][3297][safepoint    ] Application time: 0.0039493 seconds
[2019-01-14T08:38:56.747+0000][3297][safepoint    ] Total time for which application threads were stopped: 0.0000622 seconds, Stopping threads took: 0.0000107 seconds
[2019-01-14T08:38:56.747+0000][3297][safepoint    ] Application time: 0.0000190 seconds
[2019-01-14T08:38:56.747+0000][3297][safepoint    ] Total time for which application threads were stopped: 0.0000940 seconds, Stopping threads took: 0.0000050 seconds
[2019-01-14T08:38:56.747+0000][3297][safepoint    ] Application time: 0.0000179 seconds
[2019-01-14T08:38:56.747+0000][3297][safepoint    ] Total time for which application threads were stopped: 0.0000296 seconds, Stopping threads took: 0.0000056 seconds
[2019-01-14T08:38:56.747+0000][3297][safepoint    ] Application time: 0.0002078 seconds
[2019-01-14T08:38:56.747+0000][3297][safepoint    ] Total time for which application threads were stopped: 0.0000318 seconds, Stopping threads took: 0.0000065 seconds
[2019-01-14T08:38:56.747+0000][3297][safepoint    ] Application time: 0.0000743 seconds
[2019-01-14T08:38:56.749+0000][3297][safepoint    ] Total time for which application threads were stopped: 0.0011978 seconds, Stopping threads took: 0.0000245 seconds
[2019-01-14T08:38:56.749+0000][3297][safepoint    ] Application time: 0.0004239 seconds
[2019-01-14T08:38:56.749+0000][3297][safepoint    ] Total time for which application threads were stopped: 0.0000468 seconds, Stopping threads took: 0.0000084 seconds
[2019-01-14T08:38:56.749+0000][3297][safepoint    ] Application time: 0.0003173 seconds
[2019-01-14T08:38:56.750+0000][3297][safepoint    ] Total time for which application threads were stopped: 0.0000409 seconds, Stopping threads took: 0.0000082 seconds
[2019-01-14T08:38:56.750+0000][3297][safepoint    ] Application time: 0.0000816 seconds
[2019-01-14T08:38:56.750+0000][3297][safepoint    ] Total time for which application threads were stopped: 0.0000308 seconds, Stopping threads took: 0.0000064 seconds
[2019-01-14T08:38:56.750+0000][3297][safepoint    ] Application time: 0.0001331 seconds
[2019-01-14T08:38:56.750+0000][3297][safepoint    ] Total time for which application threads were stopped: 0.0000337 seconds, Stopping threads took: 0.0000071 seconds
[2019-01-14T08:38:56.758+0000][3297][safepoint    ] Application time: 0.0083831 seconds
[2019-01-14T08:38:56.758+0000][3297][safepoint    ] Total time for which application threads were stopped: 0.0001082 seconds, Stopping threads took: 0.0000112 seconds
[2019-01-14T08:38:56.758+0000][3297][safepoint    ] Application time: 0.0000403 seconds
[2019-01-14T08:38:56.758+0000][3297][safepoint    ] Total time for which application threads were stopped: 0.0000381 seconds, Stopping threads took: 0.0000056 seconds
[2019-01-14T08:38:56.758+0000][3297][safepoint    ] Application time: 0.0000186 seconds
[2019-01-14T08:38:56.759+0000][3297][safepoint    ] Total time for which application threads were stopped: 0.0000639 seconds, Stopping threads took: 0.0000050 seconds
[2019-01-14T08:38:56.759+0000][3297][safepoint    ] Application time: 0.0000183 seconds
[2019-01-14T08:38:56.759+0000][3297][safepoint    ] Total time for which application threads were stopped: 0.0000300 seconds, Stopping threads took: 0.0000051 seconds
[2019-01-14T08:38:56.779+0000][3297][safepoint    ] Application time: 0.0202576 seconds
[2019-01-14T08:38:56.779+0000][3297][safepoint    ] Total time for which application threads were stopped: 0.0000737 seconds, Stopping threads took: 0.0000112 seconds
[2019-01-14T08:38:56.779+0000][3297][safepoint    ] Application time: 0.0000245 seconds
[2019-01-14T08:38:56.779+0000][3297][safepoint    ] Total time for which application threads were stopped: 0.0000324 seconds, Stopping threads took: 0.0000051 seconds
[2019-01-14T08:38:56.779+0000][3297][safepoint    ] Application time: 0.0000208 seconds
[2019-01-14T08:38:56.779+0000][3297][safepoint    ] Total time for which application threads were stopped: 0.0000859 seconds, Stopping threads took: 0.0000054 seconds
[2019-01-14T08:38:56.784+0000][3297][safepoint    ] Application time: 0.0049166 seconds
[2019-01-14T08:38:56.784+0000][3297][safepoint    ] Total time for which application threads were stopped: 0.0000700 seconds, Stopping threads took: 0.0000115 seconds
[2019-01-14T08:38:56.784+0000][3297][safepoint    ] Application time: 0.0001394 seconds
[2019-01-14T08:38:56.784+0000][3297][safepoint    ] Total time for which application threads were stopped: 0.0000399 seconds, Stopping threads took: 0.0000075 seconds
[2019-01-14T08:38:57.212+0000][3297][safepoint    ] Application time: 0.4274790 seconds
[2019-01-14T08:38:57.212+0000][3297][gc,start     ] GC(19) Pause Young (Allocation Failure)
[2019-01-14T08:38:57.212+0000][3297][gc,task      ] GC(19) Using 2 workers of 2 for evacuation
[2019-01-14T08:38:57.234+0000][3297][gc,age       ] GC(19) Desired survivor size 4456448 bytes, new threshold 2 (max threshold 6)
[2019-01-14T08:38:57.234+0000][3297][gc,age       ] GC(19) Age table with threshold 2 (max threshold 6)
[2019-01-14T08:38:57.234+0000][3297][gc,age       ] GC(19) - age   1:    2781416 bytes,    2781416 total
[2019-01-14T08:38:57.234+0000][3297][gc,age       ] GC(19) - age   2:    2453016 bytes,    5234432 total
[2019-01-14T08:38:57.234+0000][3297][gc,heap      ] GC(19) ParNew: 78656K->5648K(78656K)
[2019-01-14T08:38:57.234+0000][3297][gc,heap      ] GC(19) CMS: 43080K->46931K(174784K)
[2019-01-14T08:38:57.234+0000][3297][gc,metaspace ] GC(19) Metaspace: 55568K->55568K(1099776K)
[2019-01-14T08:38:57.234+0000][3297][gc           ] GC(19) Pause Young (Allocation Failure) 118M->51M(247M) 22.097ms
[2019-01-14T08:38:57.234+0000][3297][gc,cpu       ] GC(19) User=0.04s Sys=0.00s Real=0.02s
[2019-01-14T08:38:57.234+0000][3297][safepoint    ] Total time for which application threads were stopped: 0.0222477 seconds, Stopping threads took: 0.0000130 seconds
[2019-01-14T08:38:57.455+0000][3297][safepoint    ] Application time: 0.2205054 seconds
[2019-01-14T08:38:57.455+0000][3297][safepoint    ] Total time for which application threads were stopped: 0.0000431 seconds, Stopping threads took: 0.0000109 seconds
[2019-01-14T08:38:57.456+0000][3297][safepoint    ] Application time: 0.0014317 seconds
[2019-01-14T08:38:57.456+0000][3297][safepoint    ] Total time for which application threads were stopped: 0.0000313 seconds, Stopping threads took: 0.0000094 seconds
[2019-01-14T08:38:57.578+0000][3297][safepoint    ] Application time: 0.1216265 seconds
[2019-01-14T08:38:57.578+0000][3297][safepoint    ] Total time for which application threads were stopped: 0.0000613 seconds, Stopping threads took: 0.0000152 seconds
[2019-01-14T08:38:57.583+0000][3297][safepoint    ] Application time: 0.0049197 seconds
[2019-01-14T08:38:57.583+0000][3297][safepoint    ] Total time for which application threads were stopped: 0.0001591 seconds, Stopping threads took: 0.0000160 seconds
[2019-01-14T08:38:57.937+0000][3297][safepoint    ] Application time: 0.3537777 seconds
[2019-01-14T08:38:57.938+0000][3297][safepoint    ] Total time for which application threads were stopped: 0.0005441 seconds, Stopping threads took: 0.0000481 seconds
[2019-01-14T08:38:57.974+0000][3297][safepoint    ] Application time: 0.0365211 seconds
[2019-01-14T08:38:57.974+0000][3297][safepoint    ] Total time for which application threads were stopped: 0.0000814 seconds, Stopping threads took: 0.0000123 seconds
[2019-01-14T08:38:57.974+0000][3297][safepoint    ] Application time: 0.0000515 seconds
[2019-01-14T08:38:57.974+0000][3297][safepoint    ] Total time for which application threads were stopped: 0.0000273 seconds, Stopping threads took: 0.0000060 seconds
[2019-01-14T08:38:57.974+0000][3297][safepoint    ] Application time: 0.0000633 seconds
[2019-01-14T08:38:57.974+0000][3297][safepoint    ] Total time for which application threads were stopped: 0.0000237 seconds, Stopping threads took: 0.0000055 seconds
[2019-01-14T08:38:57.977+0000][3297][safepoint    ] Application time: 0.0026151 seconds
[2019-01-14T08:38:57.977+0000][3297][safepoint    ] Total time for which application threads were stopped: 0.0000497 seconds, Stopping threads took: 0.0000120 seconds
[2019-01-14T08:38:58.175+0000][3297][safepoint    ] Application time: 0.1984036 seconds
[2019-01-14T08:38:58.176+0000][3297][gc,start     ] GC(20) Pause Young (Allocation Failure)
[2019-01-14T08:38:58.176+0000][3297][gc,task      ] GC(20) Using 2 workers of 2 for evacuation
[2019-01-14T08:38:58.191+0000][3297][gc,age       ] GC(20) Desired survivor size 4456448 bytes, new threshold 2 (max threshold 6)
[2019-01-14T08:38:58.191+0000][3297][gc,age       ] GC(20) Age table with threshold 2 (max threshold 6)
[2019-01-14T08:38:58.191+0000][3297][gc,age       ] GC(20) - age   1:    3134928 bytes,    3134928 total
[2019-01-14T08:38:58.191+0000][3297][gc,age       ] GC(20) - age   2:    2713168 bytes,    5848096 total
[2019-01-14T08:38:58.192+0000][3297][gc,heap      ] GC(20) ParNew: 75600K->7869K(78656K)
[2019-01-14T08:38:58.192+0000][3297][gc,heap      ] GC(20) CMS: 46931K->49389K(174784K)
[2019-01-14T08:38:58.192+0000][3297][gc,metaspace ] GC(20) Metaspace: 63595K->63595K(1107968K)
[2019-01-14T08:38:58.192+0000][3297][gc           ] GC(20) Pause Young (Allocation Failure) 119M->55M(247M) 15.120ms
[2019-01-14T08:38:58.192+0000][3297][gc,cpu       ] GC(20) User=0.03s Sys=0.00s Real=0.01s
[2019-01-14T08:38:58.192+0000][3297][safepoint    ] Total time for which application threads were stopped: 0.0160512 seconds, Stopping threads took: 0.0000286 seconds
[2019-01-14T08:38:58.200+0000][3297][safepoint    ] Application time: 0.0081830 seconds
[2019-01-14T08:38:58.200+0000][3297][safepoint    ] Total time for which application threads were stopped: 0.0004089 seconds, Stopping threads took: 0.0000061 seconds
[2019-01-14T08:38:58.599+0000][3297][safepoint    ] Application time: 0.3992527 seconds
[2019-01-14T08:38:58.600+0000][3297][safepoint    ] Total time for which application threads were stopped: 0.0001084 seconds, Stopping threads took: 0.0000226 seconds
[2019-01-14T08:38:58.600+0000][3297][safepoint    ] Application time: 0.0000800 seconds
[2019-01-14T08:38:58.600+0000][3297][safepoint    ] Total time for which application threads were stopped: 0.0000354 seconds, Stopping threads took: 0.0000031 seconds
[2019-01-14T08:38:58.600+0000][3297][safepoint    ] Application time: 0.0000733 seconds
[2019-01-14T08:38:58.600+0000][3297][safepoint    ] Total time for which application threads were stopped: 0.0000292 seconds, Stopping threads took: 0.0000117 seconds
[2019-01-14T08:38:58.811+0000][3297][safepoint    ] Application time: 0.2107878 seconds
[2019-01-14T08:38:58.811+0000][3297][safepoint    ] Total time for which application threads were stopped: 0.0005448 seconds, Stopping threads took: 0.0000421 seconds
[2019-01-14T08:38:58.821+0000][3297][safepoint    ] Application time: 0.0097139 seconds
[2019-01-14T08:38:58.821+0000][3297][safepoint    ] Total time for which application threads were stopped: 0.0004212 seconds, Stopping threads took: 0.0000144 seconds
[2019-01-14T08:38:58.822+0000][3297][safepoint    ] Application time: 0.0001698 seconds
[2019-01-14T08:38:58.822+0000][3297][safepoint    ] Total time for which application threads were stopped: 0.0000349 seconds, Stopping threads took: 0.0000080 seconds
[2019-01-14T08:38:58.822+0000][3297][safepoint    ] Application time: 0.0002767 seconds
[2019-01-14T08:38:58.822+0000][3297][safepoint    ] Total time for which application threads were stopped: 0.0000497 seconds, Stopping threads took: 0.0000113 seconds
[2019-01-14T08:38:58.822+0000][3297][safepoint    ] Application time: 0.0003275 seconds
[2019-01-14T08:38:58.823+0000][3297][safepoint    ] Total time for which application threads were stopped: 0.0000474 seconds, Stopping threads took: 0.0000074 seconds
[2019-01-14T08:38:58.823+0000][3297][safepoint    ] Application time: 0.0001907 seconds
[2019-01-14T08:38:58.823+0000][3297][safepoint    ] Total time for which application threads were stopped: 0.0000404 seconds, Stopping threads took: 0.0000070 seconds
[2019-01-14T08:38:58.823+0000][3297][safepoint    ] Application time: 0.0000230 seconds
[2019-01-14T08:38:58.823+0000][3297][safepoint    ] Total time for which application threads were stopped: 0.0000278 seconds, Stopping threads took: 0.0000052 seconds
[2019-01-14T08:38:58.823+0000][3297][safepoint    ] Application time: 0.0001477 seconds
[2019-01-14T08:38:58.823+0000][3297][safepoint    ] Total time for which application threads were stopped: 0.0000350 seconds, Stopping threads took: 0.0000096 seconds
[2019-01-14T08:38:58.823+0000][3297][safepoint    ] Application time: 0.0001294 seconds
[2019-01-14T08:38:58.823+0000][3297][safepoint    ] Total time for which application threads were stopped: 0.0000245 seconds, Stopping threads took: 0.0000064 seconds
[2019-01-14T08:38:58.823+0000][3297][safepoint    ] Application time: 0.0001202 seconds
[2019-01-14T08:38:58.824+0000][3297][safepoint    ] Total time for which application threads were stopped: 0.0001465 seconds, Stopping threads took: 0.0000064 seconds
[2019-01-14T08:38:58.824+0000][3297][safepoint    ] Application time: 0.0000204 seconds
[2019-01-14T08:38:58.824+0000][3297][safepoint    ] Total time for which application threads were stopped: 0.0000259 seconds, Stopping threads took: 0.0000050 seconds
[2019-01-14T08:38:58.824+0000][3297][safepoint    ] Application time: 0.0000172 seconds
[2019-01-14T08:38:58.824+0000][3297][safepoint    ] Total time for which application threads were stopped: 0.0000267 seconds, Stopping threads took: 0.0000049 seconds
[2019-01-14T08:38:58.824+0000][3297][safepoint    ] Application time: 0.0000156 seconds
[2019-01-14T08:38:58.824+0000][3297][safepoint    ] Total time for which application threads were stopped: 0.0000241 seconds, Stopping threads took: 0.0000049 seconds
[2019-01-14T08:38:58.824+0000][3297][safepoint    ] Application time: 0.0002441 seconds
[2019-01-14T08:38:58.824+0000][3297][safepoint    ] Total time for which application threads were stopped: 0.0000593 seconds, Stopping threads took: 0.0000225 seconds
[2019-01-14T08:38:58.824+0000][3297][safepoint    ] Application time: 0.0002093 seconds
[2019-01-14T08:38:58.824+0000][3297][safepoint    ] Total time for which application threads were stopped: 0.0000281 seconds, Stopping threads took: 0.0000070 seconds
[2019-01-14T08:38:58.825+0000][3297][safepoint    ] Application time: 0.0008818 seconds
[2019-01-14T08:38:58.825+0000][3297][safepoint    ] Total time for which application threads were stopped: 0.0000421 seconds, Stopping threads took: 0.0000090 seconds
[2019-01-14T08:38:58.825+0000][3297][safepoint    ] Application time: 0.0000576 seconds
[2019-01-14T08:38:58.825+0000][3297][safepoint    ] Total time for which application threads were stopped: 0.0000286 seconds, Stopping threads took: 0.0000062 seconds
[2019-01-14T08:38:58.829+0000][3297][safepoint    ] Application time: 0.0034501 seconds
[2019-01-14T08:38:58.829+0000][3297][safepoint    ] Total time for which application threads were stopped: 0.0000455 seconds, Stopping threads took: 0.0000125 seconds
[2019-01-14T08:38:58.829+0000][3297][safepoint    ] Application time: 0.0002392 seconds
[2019-01-14T08:38:58.830+0000][3297][safepoint    ] Total time for which application threads were stopped: 0.0004294 seconds, Stopping threads took: 0.0000035 seconds
[2019-01-14T08:38:58.836+0000][3297][safepoint    ] Application time: 0.0065595 seconds
[2019-01-14T08:38:58.836+0000][3297][safepoint    ] Total time for which application threads were stopped: 0.0000475 seconds, Stopping threads took: 0.0000111 seconds
[2019-01-14T08:38:58.836+0000][3297][safepoint    ] Application time: 0.0000451 seconds
[2019-01-14T08:38:58.836+0000][3297][safepoint    ] Total time for which application threads were stopped: 0.0000248 seconds, Stopping threads took: 0.0000062 seconds
[2019-01-14T08:38:58.836+0000][3297][safepoint    ] Application time: 0.0000468 seconds
[2019-01-14T08:38:58.836+0000][3297][safepoint    ] Total time for which application threads were stopped: 0.0000271 seconds, Stopping threads took: 0.0000073 seconds
[2019-01-14T08:38:58.836+0000][3297][safepoint    ] Application time: 0.0000521 seconds
[2019-01-14T08:38:58.837+0000][3297][safepoint    ] Total time for which application threads were stopped: 0.0000205 seconds, Stopping threads took: 0.0000056 seconds
[2019-01-14T08:38:58.837+0000][3297][safepoint    ] Application time: 0.0000399 seconds
[2019-01-14T08:38:58.837+0000][3297][safepoint    ] Total time for which application threads were stopped: 0.0000199 seconds, Stopping threads took: 0.0000054 seconds
[2019-01-14T08:38:58.895+0000][3297][safepoint    ] Application time: 0.0588508 seconds
[2019-01-14T08:38:58.899+0000][3297][safepoint    ] Total time for which application threads were stopped: 0.0035577 seconds, Stopping threads took: 0.0032241 seconds
[2019-01-14T08:38:58.902+0000][3297][safepoint    ] Application time: 0.0032810 seconds
[2019-01-14T08:38:58.903+0000][3297][safepoint    ] Total time for which application threads were stopped: 0.0001076 seconds, Stopping threads took: 0.0000734 seconds
[2019-01-14T08:38:58.903+0000][3297][safepoint    ] Application time: 0.0005724 seconds
[2019-01-14T08:38:58.903+0000][3297][safepoint    ] Total time for which application threads were stopped: 0.0000755 seconds, Stopping threads took: 0.0000336 seconds
[2019-01-14T08:38:58.905+0000][3297][safepoint    ] Application time: 0.0016293 seconds
[2019-01-14T08:38:58.907+0000][3297][safepoint    ] Total time for which application threads were stopped: 0.0023604 seconds, Stopping threads took: 0.0023313 seconds
[2019-01-14T08:38:58.908+0000][3297][safepoint    ] Application time: 0.0002894 seconds
[2019-01-14T08:38:58.909+0000][3297][safepoint    ] Total time for which application threads were stopped: 0.0015135 seconds, Stopping threads took: 0.0014802 seconds
[2019-01-14T08:38:58.909+0000][3297][safepoint    ] Application time: 0.0000967 seconds
[2019-01-14T08:38:58.909+0000][3297][safepoint    ] Total time for which application threads were stopped: 0.0000210 seconds, Stopping threads took: 0.0000032 seconds
[2019-01-14T08:38:58.909+0000][3297][safepoint    ] Application time: 0.0000338 seconds
[2019-01-14T08:38:58.909+0000][3297][safepoint    ] Total time for which application threads were stopped: 0.0000196 seconds, Stopping threads took: 0.0000026 seconds
[2019-01-14T08:38:58.910+0000][3297][safepoint    ] Application time: 0.0007243 seconds
[2019-01-14T08:38:58.910+0000][3297][safepoint    ] Total time for which application threads were stopped: 0.0000253 seconds, Stopping threads took: 0.0000031 seconds
[2019-01-14T08:38:58.914+0000][3297][safepoint    ] Application time: 0.0039090 seconds
[2019-01-14T08:38:58.914+0000][3297][safepoint    ] Total time for which application threads were stopped: 0.0000861 seconds, Stopping threads took: 0.0000063 seconds
[2019-01-14T08:38:58.919+0000][3297][safepoint    ] Application time: 0.0049582 seconds
[2019-01-14T08:38:58.923+0000][3297][safepoint    ] Total time for which application threads were stopped: 0.0039758 seconds, Stopping threads took: 0.0039235 seconds
[2019-01-14T08:38:58.934+0000][3297][safepoint    ] Application time: 0.0107335 seconds
[2019-01-14T08:38:58.934+0000][3297][safepoint    ] Total time for which application threads were stopped: 0.0000588 seconds, Stopping threads took: 0.0000159 seconds
[2019-01-14T08:38:58.934+0000][3297][safepoint    ] Application time: 0.0000251 seconds
[2019-01-14T08:38:58.934+0000][3297][safepoint    ] Total time for which application threads were stopped: 0.0000268 seconds, Stopping threads took: 0.0000072 seconds
[2019-01-14T08:38:58.936+0000][3297][safepoint    ] Application time: 0.0023875 seconds
[2019-01-14T08:38:58.939+0000][3297][safepoint    ] Total time for which application threads were stopped: 0.0029303 seconds, Stopping threads took: 0.0028879 seconds
[2019-01-14T08:38:58.940+0000][3297][safepoint    ] Application time: 0.0009784 seconds
[2019-01-14T08:38:58.941+0000][3297][safepoint    ] Total time for which application threads were stopped: 0.0002685 seconds, Stopping threads took: 0.0002136 seconds
[2019-01-14T08:38:58.942+0000][3297][safepoint    ] Application time: 0.0011734 seconds
[2019-01-14T08:38:58.942+0000][3297][safepoint    ] Total time for which application threads were stopped: 0.0001213 seconds, Stopping threads took: 0.0000519 seconds
[2019-01-14T08:38:58.942+0000][3297][safepoint    ] Application time: 0.0002235 seconds
[2019-01-14T08:38:58.942+0000][3297][safepoint    ] Total time for which application threads were stopped: 0.0000858 seconds, Stopping threads took: 0.0000267 seconds
[2019-01-14T08:38:58.943+0000][3297][safepoint    ] Application time: 0.0002200 seconds
[2019-01-14T08:38:58.943+0000][3297][safepoint    ] Total time for which application threads were stopped: 0.0000864 seconds, Stopping threads took: 0.0000464 seconds
[2019-01-14T08:38:58.943+0000][3297][safepoint    ] Application time: 0.0001135 seconds
[2019-01-14T08:38:58.943+0000][3297][safepoint    ] Total time for which application threads were stopped: 0.0000290 seconds, Stopping threads took: 0.0000041 seconds
[2019-01-14T08:38:58.943+0000][3297][safepoint    ] Application time: 0.0000488 seconds
[2019-01-14T08:38:58.943+0000][3297][safepoint    ] Total time for which application threads were stopped: 0.0000507 seconds, Stopping threads took: 0.0000036 seconds
[2019-01-14T08:38:58.947+0000][3297][safepoint    ] Application time: 0.0043074 seconds
[2019-01-14T08:38:58.947+0000][3297][safepoint    ] Total time for which application threads were stopped: 0.0000533 seconds, Stopping threads took: 0.0000079 seconds
[2019-01-14T08:38:58.948+0000][3297][safepoint    ] Application time: 0.0005291 seconds
[2019-01-14T08:38:58.948+0000][3297][safepoint    ] Total time for which application threads were stopped: 0.0000462 seconds, Stopping threads took: 0.0000048 seconds
[2019-01-14T08:38:58.948+0000][3297][safepoint    ] Application time: 0.0000525 seconds
[2019-01-14T08:38:58.948+0000][3297][safepoint    ] Total time for which application threads were stopped: 0.0000705 seconds, Stopping threads took: 0.0000020 seconds
[2019-01-14T08:38:58.948+0000][3297][safepoint    ] Application time: 0.0000574 seconds
[2019-01-14T08:38:58.948+0000][3297][safepoint    ] Total time for which application threads were stopped: 0.0000288 seconds, Stopping threads took: 0.0000025 seconds
[2019-01-14T08:38:58.948+0000][3297][safepoint    ] Application time: 0.0000297 seconds
[2019-01-14T08:38:58.948+0000][3297][safepoint    ] Total time for which application threads were stopped: 0.0000202 seconds, Stopping threads took: 0.0000019 seconds
[2019-01-14T08:38:58.948+0000][3297][safepoint    ] Application time: 0.0001502 seconds
[2019-01-14T08:38:58.948+0000][3297][safepoint    ] Total time for which application threads were stopped: 0.0000540 seconds, Stopping threads took: 0.0000022 seconds
[2019-01-14T08:38:58.949+0000][3297][safepoint    ] Application time: 0.0001226 seconds
[2019-01-14T08:38:58.949+0000][3297][safepoint    ] Total time for which application threads were stopped: 0.0000491 seconds, Stopping threads took: 0.0000131 seconds
[2019-01-14T08:38:58.949+0000][3297][safepoint    ] Application time: 0.0000671 seconds
[2019-01-14T08:38:58.949+0000][3297][safepoint    ] Total time for which application threads were stopped: 0.0000281 seconds, Stopping threads took: 0.0000062 seconds
[2019-01-14T08:38:58.949+0000][3297][safepoint    ] Application time: 0.0001543 seconds
[2019-01-14T08:38:58.949+0000][3297][safepoint    ] Total time for which application threads were stopped: 0.0000336 seconds, Stopping threads took: 0.0000075 seconds
[2019-01-14T08:38:58.960+0000][3297][safepoint    ] Application time: 0.0109618 seconds
[2019-01-14T08:38:58.960+0000][3297][safepoint    ] Total time for which application threads were stopped: 0.0000753 seconds, Stopping threads took: 0.0000075 seconds
[2019-01-14T08:38:58.969+0000][3297][safepoint    ] Application time: 0.0093664 seconds
[2019-01-14T08:38:58.970+0000][3297][safepoint    ] Total time for which application threads were stopped: 0.0000814 seconds, Stopping threads took: 0.0000233 seconds
[2019-01-14T08:38:58.978+0000][3297][safepoint    ] Application time: 0.0079257 seconds
[2019-01-14T08:38:58.979+0000][3297][safepoint    ] Total time for which application threads were stopped: 0.0014334 seconds, Stopping threads took: 0.0013633 seconds
[2019-01-14T08:38:58.991+0000][3297][safepoint    ] Application time: 0.0116082 seconds
[2019-01-14T08:38:58.991+0000][3297][safepoint    ] Total time for which application threads were stopped: 0.0006193 seconds, Stopping threads took: 0.0003467 seconds
[2019-01-14T08:38:58.992+0000][3297][safepoint    ] Application time: 0.0003114 seconds
[2019-01-14T08:38:58.992+0000][3297][safepoint    ] Total time for which application threads were stopped: 0.0001220 seconds, Stopping threads took: 0.0000682 seconds
[2019-01-14T08:38:58.998+0000][3297][safepoint    ] Application time: 0.0063035 seconds
[2019-01-14T08:38:58.998+0000][3297][safepoint    ] Total time for which application threads were stopped: 0.0001449 seconds, Stopping threads took: 0.0000943 seconds
[2019-01-14T08:38:59.000+0000][3297][safepoint    ] Application time: 0.0018644 seconds
[2019-01-14T08:38:59.000+0000][3297][safepoint    ] Total time for which application threads were stopped: 0.0000731 seconds, Stopping threads took: 0.0000239 seconds
[2019-01-14T08:38:59.004+0000][3297][safepoint    ] Application time: 0.0042496 seconds
[2019-01-14T08:38:59.005+0000][3297][safepoint    ] Total time for which application threads were stopped: 0.0004629 seconds, Stopping threads took: 0.0001475 seconds
[2019-01-14T08:38:59.005+0000][3297][safepoint    ] Application time: 0.0004008 seconds
[2019-01-14T08:38:59.005+0000][3297][safepoint    ] Total time for which application threads were stopped: 0.0000684 seconds, Stopping threads took: 0.0000175 seconds
[2019-01-14T08:38:59.008+0000][3297][safepoint    ] Application time: 0.0028680 seconds
[2019-01-14T08:38:59.008+0000][3297][safepoint    ] Total time for which application threads were stopped: 0.0001099 seconds, Stopping threads took: 0.0000474 seconds
[2019-01-14T08:38:59.028+0000][3297][safepoint    ] Application time: 0.0190152 seconds
[2019-01-14T08:38:59.028+0000][3297][safepoint    ] Total time for which application threads were stopped: 0.0001249 seconds, Stopping threads took: 0.0000092 seconds
[2019-01-14T08:38:59.028+0000][3297][safepoint    ] Application time: 0.0000323 seconds
[2019-01-14T08:38:59.028+0000][3297][safepoint    ] Total time for which application threads were stopped: 0.0000358 seconds, Stopping threads took: 0.0000022 seconds
[2019-01-14T08:38:59.035+0000][3297][safepoint    ] Application time: 0.0075972 seconds
[2019-01-14T08:38:59.035+0000][3297][safepoint    ] Total time for which application threads were stopped: 0.0000661 seconds, Stopping threads took: 0.0000172 seconds
[2019-01-14T08:38:59.036+0000][3297][safepoint    ] Application time: 0.0001452 seconds
[2019-01-14T08:38:59.036+0000][3297][safepoint    ] Total time for which application threads were stopped: 0.0000369 seconds, Stopping threads took: 0.0000037 seconds
[2019-01-14T08:38:59.036+0000][3297][safepoint    ] Application time: 0.0000914 seconds
[2019-01-14T08:38:59.036+0000][3297][safepoint    ] Total time for which application threads were stopped: 0.0000401 seconds, Stopping threads took: 0.0000156 seconds
[2019-01-14T08:38:59.036+0000][3297][safepoint    ] Application time: 0.0001410 seconds
[2019-01-14T08:38:59.036+0000][3297][safepoint    ] Total time for which application threads were stopped: 0.0000883 seconds, Stopping threads took: 0.0000076 seconds
[2019-01-14T08:38:59.036+0000][3297][safepoint    ] Application time: 0.0000519 seconds
[2019-01-14T08:38:59.036+0000][3297][safepoint    ] Total time for which application threads were stopped: 0.0000319 seconds, Stopping threads took: 0.0000062 seconds
[2019-01-14T08:38:59.036+0000][3297][safepoint    ] Application time: 0.0000154 seconds
[2019-01-14T08:38:59.036+0000][3297][safepoint    ] Total time for which application threads were stopped: 0.0000261 seconds, Stopping threads took: 0.0000053 seconds
[2019-01-14T08:38:59.040+0000][3297][safepoint    ] Application time: 0.0035554 seconds
[2019-01-14T08:38:59.040+0000][3297][safepoint    ] Total time for which application threads were stopped: 0.0000558 seconds, Stopping threads took: 0.0000155 seconds
[2019-01-14T08:38:59.040+0000][3297][safepoint    ] Application time: 0.0000443 seconds
[2019-01-14T08:38:59.040+0000][3297][safepoint    ] Total time for which application threads were stopped: 0.0000292 seconds, Stopping threads took: 0.0000062 seconds
[2019-01-14T08:38:59.041+0000][3297][safepoint    ] Application time: 0.0006552 seconds
[2019-01-14T08:38:59.041+0000][3297][safepoint    ] Total time for which application threads were stopped: 0.0000702 seconds, Stopping threads took: 0.0000051 seconds
[2019-01-14T08:38:59.041+0000][3297][safepoint    ] Application time: 0.0003881 seconds
[2019-01-14T08:38:59.041+0000][3297][safepoint    ] Total time for which application threads were stopped: 0.0000424 seconds, Stopping threads took: 0.0000035 seconds
[2019-01-14T08:38:59.041+0000][3297][safepoint    ] Application time: 0.0001146 seconds
[2019-01-14T08:38:59.044+0000][3297][safepoint    ] Total time for which application threads were stopped: 0.0027619 seconds, Stopping threads took: 0.0027016 seconds
[2019-01-14T08:38:59.044+0000][3297][safepoint    ] Application time: 0.0003845 seconds
[2019-01-14T08:38:59.047+0000][3297][safepoint    ] Total time for which application threads were stopped: 0.0025239 seconds, Stopping threads took: 0.0024669 seconds
[2019-01-14T08:38:59.047+0000][3297][safepoint    ] Application time: 0.0001462 seconds
[2019-01-14T08:38:59.048+0000][3297][safepoint    ] Total time for which application threads were stopped: 0.0000852 seconds, Stopping threads took: 0.0000382 seconds
[2019-01-14T08:38:59.050+0000][3297][safepoint    ] Application time: 0.0016542 seconds
[2019-01-14T08:38:59.050+0000][3297][safepoint    ] Total time for which application threads were stopped: 0.0000749 seconds, Stopping threads took: 0.0000066 seconds
[2019-01-14T08:38:59.050+0000][3297][safepoint    ] Application time: 0.0004963 seconds
[2019-01-14T08:38:59.050+0000][3297][safepoint    ] Total time for which application threads were stopped: 0.0000519 seconds, Stopping threads took: 0.0000048 seconds
[2019-01-14T08:38:59.051+0000][3297][safepoint    ] Application time: 0.0005913 seconds
[2019-01-14T08:38:59.051+0000][3297][safepoint    ] Total time for which application threads were stopped: 0.0000463 seconds, Stopping threads took: 0.0000053 seconds
[2019-01-14T08:38:59.052+0000][3297][safepoint    ] Application time: 0.0005110 seconds
[2019-01-14T08:38:59.052+0000][3297][safepoint    ] Total time for which application threads were stopped: 0.0000393 seconds, Stopping threads took: 0.0000093 seconds
[2019-01-14T08:38:59.052+0000][3297][safepoint    ] Application time: 0.0001586 seconds
[2019-01-14T08:38:59.052+0000][3297][safepoint    ] Total time for which application threads were stopped: 0.0000355 seconds, Stopping threads took: 0.0000088 seconds
[2019-01-14T08:38:59.052+0000][3297][safepoint    ] Application time: 0.0001661 seconds
[2019-01-14T08:38:59.052+0000][3297][safepoint    ] Total time for which application threads were stopped: 0.0000338 seconds, Stopping threads took: 0.0000080 seconds
[2019-01-14T08:38:59.052+0000][3297][safepoint    ] Application time: 0.0001043 seconds
[2019-01-14T08:38:59.052+0000][3297][safepoint    ] Total time for which application threads were stopped: 0.0000306 seconds, Stopping threads took: 0.0000078 seconds
[2019-01-14T08:38:59.061+0000][3297][safepoint    ] Application time: 0.0088852 seconds
[2019-01-14T08:38:59.061+0000][3297][safepoint    ] Total time for which application threads were stopped: 0.0001740 seconds, Stopping threads took: 0.0000749 seconds
[2019-01-14T08:38:59.063+0000][3297][safepoint    ] Application time: 0.0012893 seconds
[2019-01-14T08:38:59.063+0000][3297][safepoint    ] Total time for which application threads were stopped: 0.0001150 seconds, Stopping threads took: 0.0000207 seconds
[2019-01-14T08:38:59.065+0000][3297][safepoint    ] Application time: 0.0022383 seconds
[2019-01-14T08:38:59.065+0000][3297][safepoint    ] Total time for which application threads were stopped: 0.0000507 seconds, Stopping threads took: 0.0000130 seconds
[2019-01-14T08:38:59.066+0000][3297][safepoint    ] Application time: 0.0005423 seconds
[2019-01-14T08:38:59.066+0000][3297][safepoint    ] Total time for which application threads were stopped: 0.0000412 seconds, Stopping threads took: 0.0000127 seconds
[2019-01-14T08:38:59.645+0000][3297][safepoint    ] Application time: 0.5796845 seconds
[2019-01-14T08:38:59.646+0000][3297][safepoint    ] Total time for which application threads were stopped: 0.0000476 seconds, Stopping threads took: 0.0000094 seconds
[2019-01-14T08:38:59.646+0000][3297][safepoint    ] Application time: 0.0000350 seconds
[2019-01-14T08:38:59.646+0000][3297][safepoint    ] Total time for which application threads were stopped: 0.0000205 seconds, Stopping threads took: 0.0000026 seconds
[2019-01-14T08:38:59.646+0000][3297][safepoint    ] Application time: 0.0000148 seconds
[2019-01-14T08:38:59.646+0000][3297][safepoint    ] Total time for which application threads were stopped: 0.0000171 seconds, Stopping threads took: 0.0000017 seconds
[2019-01-14T08:38:59.646+0000][3297][safepoint    ] Application time: 0.0000138 seconds
[2019-01-14T08:38:59.646+0000][3297][safepoint    ] Total time for which application threads were stopped: 0.0000169 seconds, Stopping threads took: 0.0000016 seconds
[2019-01-14T08:38:59.646+0000][3297][safepoint    ] Application time: 0.0000138 seconds
[2019-01-14T08:38:59.646+0000][3297][safepoint    ] Total time for which application threads were stopped: 0.0000169 seconds, Stopping threads took: 0.0000015 seconds
[2019-01-14T08:38:59.646+0000][3297][safepoint    ] Application time: 0.0000163 seconds
[2019-01-14T08:38:59.646+0000][3297][safepoint    ] Total time for which application threads were stopped: 0.0000169 seconds, Stopping threads took: 0.0000016 seconds
[2019-01-14T08:38:59.646+0000][3297][safepoint    ] Application time: 0.0000146 seconds
[2019-01-14T08:38:59.646+0000][3297][safepoint    ] Total time for which application threads were stopped: 0.0000515 seconds, Stopping threads took: 0.0000016 seconds
[2019-01-14T08:38:59.646+0000][3297][safepoint    ] Application time: 0.0000223 seconds
[2019-01-14T08:38:59.646+0000][3297][safepoint    ] Total time for which application threads were stopped: 0.0000196 seconds, Stopping threads took: 0.0000018 seconds
[2019-01-14T08:38:59.922+0000][3297][safepoint    ] Application time: 0.2756744 seconds
[2019-01-14T08:38:59.922+0000][3297][safepoint    ] Total time for which application threads were stopped: 0.0000552 seconds, Stopping threads took: 0.0000072 seconds
[2019-01-14T08:38:59.922+0000][3297][safepoint    ] Application time: 0.0002302 seconds
[2019-01-14T08:38:59.922+0000][3297][safepoint    ] Total time for which application threads were stopped: 0.0000362 seconds, Stopping threads took: 0.0000029 seconds
[2019-01-14T08:38:59.922+0000][3297][safepoint    ] Application time: 0.0001517 seconds
[2019-01-14T08:38:59.922+0000][3297][safepoint    ] Total time for which application threads were stopped: 0.0000352 seconds, Stopping threads took: 0.0000037 seconds
[2019-01-14T08:38:59.922+0000][3297][safepoint    ] Application time: 0.0001453 seconds
[2019-01-14T08:38:59.922+0000][3297][safepoint    ] Total time for which application threads were stopped: 0.0000322 seconds, Stopping threads took: 0.0000025 seconds
[2019-01-14T08:38:59.923+0000][3297][safepoint    ] Application time: 0.0004361 seconds
[2019-01-14T08:38:59.923+0000][3297][safepoint    ] Total time for which application threads were stopped: 0.0000375 seconds, Stopping threads took: 0.0000035 seconds
[2019-01-14T08:38:59.923+0000][3297][safepoint    ] Application time: 0.0004064 seconds
[2019-01-14T08:38:59.923+0000][3297][safepoint    ] Total time for which application threads were stopped: 0.0000378 seconds, Stopping threads took: 0.0000033 seconds
[2019-01-14T08:38:59.924+0000][3297][safepoint    ] Application time: 0.0009916 seconds
[2019-01-14T08:38:59.924+0000][3297][safepoint    ] Total time for which application threads were stopped: 0.0000361 seconds, Stopping threads took: 0.0000041 seconds
[2019-01-14T08:38:59.926+0000][3297][safepoint    ] Application time: 0.0015791 seconds
[2019-01-14T08:38:59.926+0000][3297][safepoint    ] Total time for which application threads were stopped: 0.0000817 seconds, Stopping threads took: 0.0000056 seconds
[2019-01-14T08:38:59.927+0000][3297][safepoint    ] Application time: 0.0010829 seconds
[2019-01-14T08:38:59.927+0000][3297][safepoint    ] Total time for which application threads were stopped: 0.0000395 seconds, Stopping threads took: 0.0000066 seconds
[2019-01-14T08:38:59.928+0000][3297][safepoint    ] Application time: 0.0004251 seconds
[2019-01-14T08:38:59.928+0000][3297][safepoint    ] Total time for which application threads were stopped: 0.0000319 seconds, Stopping threads took: 0.0000045 seconds
[2019-01-14T08:38:59.928+0000][3297][safepoint    ] Application time: 0.0000734 seconds
[2019-01-14T08:38:59.928+0000][3297][safepoint    ] Total time for which application threads were stopped: 0.0000215 seconds, Stopping threads took: 0.0000021 seconds
[2019-01-14T08:38:59.928+0000][3297][safepoint    ] Application time: 0.0000841 seconds
[2019-01-14T08:38:59.928+0000][3297][safepoint    ] Total time for which application threads were stopped: 0.0000221 seconds, Stopping threads took: 0.0000022 seconds
[2019-01-14T08:38:59.928+0000][3297][safepoint    ] Application time: 0.0001947 seconds
[2019-01-14T08:38:59.928+0000][3297][safepoint    ] Total time for which application threads were stopped: 0.0000319 seconds, Stopping threads took: 0.0000087 seconds
[2019-01-14T08:38:59.928+0000][3297][safepoint    ] Application time: 0.0001229 seconds
[2019-01-14T08:38:59.928+0000][3297][safepoint    ] Total time for which application threads were stopped: 0.0000283 seconds, Stopping threads took: 0.0000074 seconds
[2019-01-14T08:38:59.929+0000][3297][safepoint    ] Application time: 0.0005544 seconds
[2019-01-14T08:38:59.929+0000][3297][safepoint    ] Total time for which application threads were stopped: 0.0000308 seconds, Stopping threads took: 0.0000086 seconds
[2019-01-14T08:38:59.930+0000][3297][safepoint    ] Application time: 0.0010494 seconds
[2019-01-14T08:38:59.930+0000][3297][safepoint    ] Total time for which application threads were stopped: 0.0000383 seconds, Stopping threads took: 0.0000109 seconds
[2019-01-14T08:39:00.922+0000][3297][safepoint    ] Application time: 0.9920923 seconds
[2019-01-14T08:39:00.924+0000][3297][safepoint    ] Total time for which application threads were stopped: 0.0014716 seconds, Stopping threads took: 0.0000846 seconds
[2019-01-14T08:39:00.924+0000][3297][safepoint    ] Application time: 0.0003987 seconds
[2019-01-14T08:39:00.925+0000][3297][safepoint    ] Total time for which application threads were stopped: 0.0004450 seconds, Stopping threads took: 0.0000049 seconds
[2019-01-14T08:39:00.925+0000][3297][safepoint    ] Application time: 0.0004845 seconds
[2019-01-14T08:39:00.925+0000][3297][safepoint    ] Total time for which application threads were stopped: 0.0001055 seconds, Stopping threads took: 0.0000465 seconds
[2019-01-14T08:39:00.926+0000][3297][safepoint    ] Application time: 0.0010309 seconds
[2019-01-14T08:39:00.927+0000][3297][safepoint    ] Total time for which application threads were stopped: 0.0003601 seconds, Stopping threads took: 0.0000120 seconds
[2019-01-14T08:39:00.928+0000][3297][safepoint    ] Application time: 0.0014046 seconds
[2019-01-14T08:39:00.928+0000][3297][safepoint    ] Total time for which application threads were stopped: 0.0000519 seconds, Stopping threads took: 0.0000052 seconds
[2019-01-14T08:39:00.929+0000][3297][safepoint    ] Application time: 0.0005920 seconds
[2019-01-14T08:39:00.929+0000][3297][safepoint    ] Total time for which application threads were stopped: 0.0004895 seconds, Stopping threads took: 0.0000211 seconds
[2019-01-14T08:39:01.928+0000][3297][safepoint    ] Application time: 0.9983337 seconds
[2019-01-14T08:39:01.928+0000][3297][safepoint    ] Total time for which application threads were stopped: 0.0000647 seconds, Stopping threads took: 0.0000092 seconds
[2019-01-14T08:39:01.928+0000][3297][safepoint    ] Application time: 0.0001976 seconds
[2019-01-14T08:39:01.928+0000][3297][safepoint    ] Total time for which application threads were stopped: 0.0000364 seconds, Stopping threads took: 0.0000054 seconds
[2019-01-14T08:39:01.967+0000][3297][safepoint    ] Application time: 0.0385772 seconds
[2019-01-14T08:39:01.967+0000][3297][safepoint    ] Total time for which application threads were stopped: 0.0001489 seconds, Stopping threads took: 0.0000797 seconds
[2019-01-14T08:39:01.968+0000][3297][safepoint    ] Application time: 0.0015229 seconds
[2019-01-14T08:39:01.977+0000][3297][safepoint    ] Total time for which application threads were stopped: 0.0090271 seconds, Stopping threads took: 0.0089579 seconds
[2019-01-14T08:39:01.979+0000][3297][safepoint    ] Application time: 0.0013690 seconds
[2019-01-14T08:39:01.979+0000][3297][safepoint    ] Total time for which application threads were stopped: 0.0000517 seconds, Stopping threads took: 0.0000068 seconds
[2019-01-14T08:39:01.979+0000][3297][safepoint    ] Application time: 0.0006056 seconds
[2019-01-14T08:39:01.979+0000][3297][safepoint    ] Total time for which application threads were stopped: 0.0000428 seconds, Stopping threads took: 0.0000066 seconds
[2019-01-14T08:39:02.009+0000][3297][safepoint    ] Application time: 0.0292394 seconds
[2019-01-14T08:39:02.009+0000][3297][safepoint    ] Total time for which application threads were stopped: 0.0000711 seconds, Stopping threads took: 0.0000082 seconds
[2019-01-14T08:39:02.009+0000][3297][safepoint    ] Application time: 0.0001810 seconds
[2019-01-14T08:39:02.009+0000][3297][safepoint    ] Total time for which application threads were stopped: 0.0001100 seconds, Stopping threads took: 0.0000060 seconds
[2019-01-14T08:39:02.029+0000][3297][safepoint    ] Application time: 0.0193787 seconds
[2019-01-14T08:39:02.029+0000][3297][safepoint    ] Total time for which application threads were stopped: 0.0000670 seconds, Stopping threads took: 0.0000104 seconds
[2019-01-14T08:39:02.039+0000][3297][safepoint    ] Application time: 0.0101973 seconds
[2019-01-14T08:39:02.039+0000][3297][safepoint    ] Total time for which application threads were stopped: 0.0003137 seconds, Stopping threads took: 0.0002651 seconds
[2019-01-14T08:39:02.039+0000][3297][safepoint    ] Application time: 0.0002807 seconds
[2019-01-14T08:39:02.040+0000][3297][safepoint    ] Total time for which application threads were stopped: 0.0000886 seconds, Stopping threads took: 0.0000062 seconds
[2019-01-14T08:39:02.043+0000][3297][safepoint    ] Application time: 0.0038036 seconds
[2019-01-14T08:39:02.044+0000][3297][safepoint    ] Total time for which application threads were stopped: 0.0002205 seconds, Stopping threads took: 0.0001750 seconds
[2019-01-14T08:39:02.064+0000][3297][safepoint    ] Application time: 0.0203585 seconds
[2019-01-14T08:39:02.064+0000][3297][safepoint    ] Total time for which application threads were stopped: 0.0002379 seconds, Stopping threads took: 0.0000800 seconds
[2019-01-14T08:39:02.064+0000][3297][safepoint    ] Application time: 0.0001019 seconds
[2019-01-14T08:39:02.065+0000][3297][safepoint    ] Total time for which application threads were stopped: 0.0000735 seconds, Stopping threads took: 0.0000090 seconds
[2019-01-14T08:39:02.073+0000][3297][safepoint    ] Application time: 0.0088387 seconds
[2019-01-14T08:39:02.074+0000][3297][safepoint    ] Total time for which application threads were stopped: 0.0001217 seconds, Stopping threads took: 0.0000474 seconds
[2019-01-14T08:39:02.075+0000][3297][safepoint    ] Application time: 0.0009926 seconds
[2019-01-14T08:39:02.075+0000][3297][safepoint    ] Total time for which application threads were stopped: 0.0001502 seconds, Stopping threads took: 0.0000091 seconds
[2019-01-14T08:39:02.085+0000][3297][safepoint    ] Application time: 0.0098562 seconds
[2019-01-14T08:39:02.085+0000][3297][safepoint    ] Total time for which application threads were stopped: 0.0000875 seconds, Stopping threads took: 0.0000439 seconds
[2019-01-14T08:39:02.085+0000][3297][safepoint    ] Application time: 0.0000457 seconds
[2019-01-14T08:39:02.085+0000][3297][safepoint    ] Total time for which application threads were stopped: 0.0000261 seconds, Stopping threads took: 0.0000039 seconds
[2019-01-14T08:39:02.085+0000][3297][safepoint    ] Application time: 0.0004897 seconds
[2019-01-14T08:39:02.085+0000][3297][safepoint    ] Total time for which application threads were stopped: 0.0000580 seconds, Stopping threads took: 0.0000267 seconds
[2019-01-14T08:39:02.086+0000][3297][safepoint    ] Application time: 0.0001657 seconds
[2019-01-14T08:39:02.094+0000][3297][safepoint    ] Total time for which application threads were stopped: 0.0087624 seconds, Stopping threads took: 0.0086839 seconds
[2019-01-14T08:39:02.095+0000][3297][safepoint    ] Application time: 0.0001732 seconds
[2019-01-14T08:39:02.095+0000][3297][safepoint    ] Total time for which application threads were stopped: 0.0001067 seconds, Stopping threads took: 0.0000120 seconds
[2019-01-14T08:39:02.098+0000][3297][safepoint    ] Application time: 0.0035706 seconds
[2019-01-14T08:39:02.102+0000][3297][safepoint    ] Total time for which application threads were stopped: 0.0008042 seconds, Stopping threads took: 0.0007461 seconds
[2019-01-14T08:39:02.102+0000][3297][safepoint    ] Application time: 0.0005934 seconds
[2019-01-14T08:39:02.103+0000][3297][safepoint    ] Total time for which application threads were stopped: 0.0000502 seconds, Stopping threads took: 0.0000074 seconds
[2019-01-14T08:39:02.103+0000][3297][safepoint    ] Application time: 0.0004361 seconds
[2019-01-14T08:39:02.103+0000][3297][safepoint    ] Total time for which application threads were stopped: 0.0000382 seconds, Stopping threads took: 0.0000054 seconds
[2019-01-14T08:39:02.104+0000][3297][safepoint    ] Application time: 0.0008079 seconds
[2019-01-14T08:39:02.105+0000][3297][safepoint    ] Total time for which application threads were stopped: 0.0002211 seconds, Stopping threads took: 0.0001176 seconds
[2019-01-14T08:39:02.105+0000][3297][safepoint    ] Application time: 0.0004883 seconds
[2019-01-14T08:39:02.114+0000][3297][safepoint    ] Total time for which application threads were stopped: 0.0091700 seconds, Stopping threads took: 0.0090835 seconds
[2019-01-14T08:39:02.141+0000][3297][safepoint    ] Application time: 0.0266304 seconds
[2019-01-14T08:39:02.141+0000][3297][safepoint    ] Total time for which application threads were stopped: 0.0001610 seconds, Stopping threads took: 0.0000147 seconds
[2019-01-14T08:39:02.145+0000][3297][safepoint    ] Application time: 0.0031171 seconds
[2019-01-14T08:39:02.145+0000][3297][safepoint    ] Total time for which application threads were stopped: 0.0004142 seconds, Stopping threads took: 0.0003340 seconds
[2019-01-14T08:39:02.157+0000][3297][safepoint    ] Application time: 0.0120560 seconds
[2019-01-14T08:39:02.157+0000][3297][safepoint    ] Total time for which application threads were stopped: 0.0000943 seconds, Stopping threads took: 0.0000098 seconds
[2019-01-14T08:39:02.187+0000][3297][safepoint    ] Application time: 0.0299667 seconds
[2019-01-14T08:39:02.187+0000][3297][safepoint    ] Total time for which application threads were stopped: 0.0000713 seconds, Stopping threads took: 0.0000235 seconds
[2019-01-14T08:39:02.195+0000][3297][safepoint    ] Application time: 0.0079855 seconds
[2019-01-14T08:39:02.195+0000][3297][safepoint    ] Total time for which application threads were stopped: 0.0000699 seconds, Stopping threads took: 0.0000186 seconds
[2019-01-14T08:39:02.196+0000][3297][safepoint    ] Application time: 0.0002384 seconds
[2019-01-14T08:39:02.196+0000][3297][safepoint    ] Total time for which application threads were stopped: 0.0000335 seconds, Stopping threads took: 0.0000099 seconds
[2019-01-14T08:39:02.211+0000][3297][safepoint    ] Application time: 0.0156514 seconds
[2019-01-14T08:39:02.211+0000][3297][safepoint    ] Total time for which application threads were stopped: 0.0000562 seconds, Stopping threads took: 0.0000184 seconds
[2019-01-14T08:39:02.212+0000][3297][safepoint    ] Application time: 0.0000581 seconds
[2019-01-14T08:39:02.212+0000][3297][safepoint    ] Total time for which application threads were stopped: 0.0000324 seconds, Stopping threads took: 0.0000093 seconds
[2019-01-14T08:39:02.212+0000][3297][safepoint    ] Application time: 0.0000325 seconds
[2019-01-14T08:39:02.212+0000][3297][safepoint    ] Total time for which application threads were stopped: 0.0000428 seconds, Stopping threads took: 0.0000222 seconds
[2019-01-14T08:39:02.212+0000][3297][safepoint    ] Application time: 0.0000309 seconds
[2019-01-14T08:39:02.212+0000][3297][safepoint    ] Total time for which application threads were stopped: 0.0000279 seconds, Stopping threads took: 0.0000079 seconds
[2019-01-14T08:39:02.212+0000][3297][safepoint    ] Application time: 0.0005815 seconds
[2019-01-14T08:39:02.212+0000][3297][safepoint    ] Total time for which application threads were stopped: 0.0000348 seconds, Stopping threads took: 0.0000100 seconds
[2019-01-14T08:39:02.244+0000][3297][safepoint    ] Application time: 0.0315025 seconds
[2019-01-14T08:39:02.244+0000][3297][safepoint    ] Total time for which application threads were stopped: 0.0000886 seconds, Stopping threads took: 0.0000144 seconds
[2019-01-14T08:39:02.269+0000][3297][safepoint    ] Application time: 0.0248858 seconds
[2019-01-14T08:39:02.269+0000][3297][safepoint    ] Total time for which application threads were stopped: 0.0002011 seconds, Stopping threads took: 0.0000300 seconds
[2019-01-14T08:39:02.269+0000][3297][safepoint    ] Application time: 0.0002414 seconds
[2019-01-14T08:39:02.269+0000][3297][safepoint    ] Total time for which application threads were stopped: 0.0000596 seconds, Stopping threads took: 0.0000235 seconds
[2019-01-14T08:39:02.270+0000][3297][safepoint    ] Application time: 0.0000963 seconds
[2019-01-14T08:39:02.270+0000][3297][safepoint    ] Total time for which application threads were stopped: 0.0000292 seconds, Stopping threads took: 0.0000048 seconds
[2019-01-14T08:39:02.270+0000][3297][safepoint    ] Application time: 0.0000567 seconds
[2019-01-14T08:39:02.270+0000][3297][safepoint    ] Total time for which application threads were stopped: 0.0000250 seconds, Stopping threads took: 0.0000038 seconds
[2019-01-14T08:39:02.270+0000][3297][safepoint    ] Application time: 0.0004625 seconds
[2019-01-14T08:39:02.270+0000][3297][safepoint    ] Total time for which application threads were stopped: 0.0000287 seconds, Stopping threads took: 0.0000041 seconds
[2019-01-14T08:39:02.272+0000][3297][safepoint    ] Application time: 0.0021320 seconds
[2019-01-14T08:39:02.272+0000][3297][safepoint    ] Total time for which application threads were stopped: 0.0000362 seconds, Stopping threads took: 0.0000065 seconds
[2019-01-14T08:39:02.273+0000][3297][safepoint    ] Application time: 0.0002192 seconds
[2019-01-14T08:39:02.273+0000][3297][safepoint    ] Total time for which application threads were stopped: 0.0000295 seconds, Stopping threads took: 0.0000048 seconds
[2019-01-14T08:39:02.275+0000][3297][safepoint    ] Application time: 0.0018354 seconds
[2019-01-14T08:39:02.275+0000][3297][safepoint    ] Total time for which application threads were stopped: 0.0002682 seconds, Stopping threads took: 0.0000089 seconds
[2019-01-14T08:39:02.275+0000][3297][safepoint    ] Application time: 0.0000813 seconds
[2019-01-14T08:39:02.275+0000][3297][safepoint    ] Total time for which application threads were stopped: 0.0000694 seconds, Stopping threads took: 0.0000059 seconds
[2019-01-14T08:39:02.282+0000][3297][safepoint    ] Application time: 0.0073316 seconds
[2019-01-14T08:39:02.283+0000][3297][safepoint    ] Total time for which application threads were stopped: 0.0007835 seconds, Stopping threads took: 0.0000328 seconds
[2019-01-14T08:39:02.318+0000][3297][safepoint    ] Application time: 0.0347658 seconds
[2019-01-14T08:39:02.321+0000][3297][gc,start     ] GC(21) Pause Young (Allocation Failure)
[2019-01-14T08:39:02.321+0000][3297][gc,task      ] GC(21) Using 2 workers of 2 for evacuation
[2019-01-14T08:39:02.354+0000][3297][gc,age       ] GC(21) Desired survivor size 4456448 bytes, new threshold 2 (max threshold 6)
[2019-01-14T08:39:02.354+0000][3297][gc,age       ] GC(21) Age table with threshold 2 (max threshold 6)
[2019-01-14T08:39:02.354+0000][3297][gc,age       ] GC(21) - age   1:    3226400 bytes,    3226400 total
[2019-01-14T08:39:02.354+0000][3297][gc,age       ] GC(21) - age   2:    2832064 bytes,    6058464 total
[2019-01-14T08:39:02.354+0000][3297][gc,heap      ] GC(21) ParNew: 77821K->8392K(78656K)
[2019-01-14T08:39:02.354+0000][3297][gc,heap      ] GC(21) CMS: 49389K->52069K(174784K)
[2019-01-14T08:39:02.355+0000][3297][gc,metaspace ] GC(21) Metaspace: 70893K->70893K(1114112K)
[2019-01-14T08:39:02.355+0000][3297][gc           ] GC(21) Pause Young (Allocation Failure) 124M->59M(247M) 34.492ms
[2019-01-14T08:39:02.355+0000][3297][gc,cpu       ] GC(21) User=0.04s Sys=0.01s Real=0.03s
[2019-01-14T08:39:02.355+0000][3297][safepoint    ] Total time for which application threads were stopped: 0.0370720 seconds, Stopping threads took: 0.0000535 seconds
[2019-01-14T08:39:02.357+0000][3297][safepoint    ] Application time: 0.0017615 seconds
[2019-01-14T08:39:02.359+0000][3297][safepoint    ] Total time for which application threads were stopped: 0.0026013 seconds, Stopping threads took: 0.0025506 seconds
[2019-01-14T08:39:02.367+0000][3297][safepoint    ] Application time: 0.0079019 seconds
[2019-01-14T08:39:02.368+0000][3297][safepoint    ] Total time for which application threads were stopped: 0.0001452 seconds, Stopping threads took: 0.0000474 seconds
[2019-01-14T08:39:02.373+0000][3297][safepoint    ] Application time: 0.0052509 seconds
[2019-01-14T08:39:02.373+0000][3297][safepoint    ] Total time for which application threads were stopped: 0.0001308 seconds, Stopping threads took: 0.0000415 seconds
[2019-01-14T08:39:02.373+0000][3297][safepoint    ] Application time: 0.0002436 seconds
[2019-01-14T08:39:02.374+0000][3297][safepoint    ] Total time for which application threads were stopped: 0.0004338 seconds, Stopping threads took: 0.0003798 seconds
[2019-01-14T08:39:02.428+0000][3297][safepoint    ] Application time: 0.0542852 seconds
[2019-01-14T08:39:02.428+0000][3297][safepoint    ] Total time for which application threads were stopped: 0.0000774 seconds, Stopping threads took: 0.0000188 seconds
[2019-01-14T08:39:02.447+0000][3297][safepoint    ] Application time: 0.0184697 seconds
[2019-01-14T08:39:02.447+0000][3297][safepoint    ] Total time for which application threads were stopped: 0.0000512 seconds, Stopping threads took: 0.0000090 seconds
[2019-01-14T08:39:02.620+0000][3297][safepoint    ] Application time: 0.1734355 seconds
[2019-01-14T08:39:02.620+0000][3297][safepoint    ] Total time for which application threads were stopped: 0.0000910 seconds, Stopping threads took: 0.0000171 seconds
[2019-01-14T08:39:02.700+0000][3297][safepoint    ] Application time: 0.0793435 seconds
[2019-01-14T08:39:02.700+0000][3297][safepoint    ] Total time for which application threads were stopped: 0.0000808 seconds, Stopping threads took: 0.0000224 seconds
[2019-01-14T08:39:02.708+0000][3297][safepoint    ] Application time: 0.0075812 seconds
[2019-01-14T08:39:02.711+0000][3297][safepoint    ] Total time for which application threads were stopped: 0.0011401 seconds, Stopping threads took: 0.0000714 seconds
[2019-01-14T08:39:02.746+0000][3297][safepoint    ] Application time: 0.0345407 seconds
[2019-01-14T08:39:02.746+0000][3297][safepoint    ] Total time for which application threads were stopped: 0.0000706 seconds, Stopping threads took: 0.0000107 seconds
[2019-01-14T08:39:02.794+0000][3297][safepoint    ] Application time: 0.0485005 seconds
[2019-01-14T08:39:02.795+0000][3297][safepoint    ] Total time for which application threads were stopped: 0.0001858 seconds, Stopping threads took: 0.0001099 seconds
[2019-01-14T08:39:02.864+0000][3297][safepoint    ] Application time: 0.0690472 seconds
[2019-01-14T08:39:02.864+0000][3297][safepoint    ] Total time for which application threads were stopped: 0.0001087 seconds, Stopping threads took: 0.0000307 seconds
[2019-01-14T08:39:02.912+0000][3297][safepoint    ] Application time: 0.0484739 seconds
[2019-01-14T08:39:02.913+0000][3297][safepoint    ] Total time for which application threads were stopped: 0.0001558 seconds, Stopping threads took: 0.0000244 seconds
[2019-01-14T08:39:02.952+0000][3297][safepoint    ] Application time: 0.0396842 seconds
[2019-01-14T08:39:02.958+0000][3297][safepoint    ] Total time for which application threads were stopped: 0.0052307 seconds, Stopping threads took: 0.0051474 seconds
[2019-01-14T08:39:03.012+0000][3297][safepoint    ] Application time: 0.0546645 seconds
[2019-01-14T08:39:03.015+0000][3297][safepoint    ] Total time for which application threads were stopped: 0.0024320 seconds, Stopping threads took: 0.0023279 seconds
[2019-01-14T08:39:03.015+0000][3297][safepoint    ] Application time: 0.0000533 seconds
[2019-01-14T08:39:03.015+0000][3297][safepoint    ] Total time for which application threads were stopped: 0.0000300 seconds, Stopping threads took: 0.0000049 seconds
[2019-01-14T08:39:03.015+0000][3297][safepoint    ] Application time: 0.0002964 seconds
[2019-01-14T08:39:03.015+0000][3297][safepoint    ] Total time for which application threads were stopped: 0.0000252 seconds, Stopping threads took: 0.0000038 seconds
[2019-01-14T08:39:03.015+0000][3297][safepoint    ] Application time: 0.0000160 seconds
[2019-01-14T08:39:03.015+0000][3297][safepoint    ] Total time for which application threads were stopped: 0.0000178 seconds, Stopping threads took: 0.0000019 seconds
[2019-01-14T08:39:03.015+0000][3297][safepoint    ] Application time: 0.0000142 seconds
[2019-01-14T08:39:03.015+0000][3297][safepoint    ] Total time for which application threads were stopped: 0.0000171 seconds, Stopping threads took: 0.0000019 seconds
[2019-01-14T08:39:03.015+0000][3297][safepoint    ] Application time: 0.0000207 seconds
[2019-01-14T08:39:03.015+0000][3297][safepoint    ] Total time for which application threads were stopped: 0.0000173 seconds, Stopping threads took: 0.0000018 seconds
[2019-01-14T08:39:03.015+0000][3297][safepoint    ] Application time: 0.0000120 seconds
[2019-01-14T08:39:03.015+0000][3297][safepoint    ] Total time for which application threads were stopped: 0.0000164 seconds, Stopping threads took: 0.0000017 seconds
[2019-01-14T08:39:03.015+0000][3297][safepoint    ] Application time: 0.0000123 seconds
[2019-01-14T08:39:03.015+0000][3297][safepoint    ] Total time for which application threads were stopped: 0.0000166 seconds, Stopping threads took: 0.0000017 seconds
[2019-01-14T08:39:03.070+0000][3297][safepoint    ] Application time: 0.0542447 seconds
[2019-01-14T08:39:03.070+0000][3297][safepoint    ] Total time for which application threads were stopped: 0.0000693 seconds, Stopping threads took: 0.0000232 seconds
[2019-01-14T08:39:03.070+0000][3297][safepoint    ] Application time: 0.0000547 seconds
[2019-01-14T08:39:03.070+0000][3297][safepoint    ] Total time for which application threads were stopped: 0.0000452 seconds, Stopping threads took: 0.0000169 seconds
[2019-01-14T08:39:03.071+0000][3297][safepoint    ] Application time: 0.0015137 seconds
[2019-01-14T08:39:03.074+0000][3297][safepoint    ] Total time for which application threads were stopped: 0.0025986 seconds, Stopping threads took: 0.0025508 seconds
[2019-01-14T08:39:03.093+0000][3297][safepoint    ] Application time: 0.0191496 seconds
[2019-01-14T08:39:03.096+0000][3297][safepoint    ] Total time for which application threads were stopped: 0.0026103 seconds, Stopping threads took: 0.0025353 seconds
[2019-01-14T08:39:03.113+0000][3297][safepoint    ] Application time: 0.0172470 seconds
[2019-01-14T08:39:03.116+0000][3297][safepoint    ] Total time for which application threads were stopped: 0.0032032 seconds, Stopping threads took: 0.0031301 seconds
[2019-01-14T08:39:03.118+0000][3297][safepoint    ] Application time: 0.0018693 seconds
[2019-01-14T08:39:03.121+0000][3297][safepoint    ] Total time for which application threads were stopped: 0.0027511 seconds, Stopping threads took: 0.0026910 seconds
[2019-01-14T08:39:03.124+0000][3297][safepoint    ] Application time: 0.0034075 seconds
[2019-01-14T08:39:03.125+0000][3297][safepoint    ] Total time for which application threads were stopped: 0.0000777 seconds, Stopping threads took: 0.0000289 seconds
[2019-01-14T08:39:03.125+0000][3297][safepoint    ] Application time: 0.0002689 seconds
[2019-01-14T08:39:03.125+0000][3297][safepoint    ] Total time for which application threads were stopped: 0.0000388 seconds, Stopping threads took: 0.0000061 seconds
[2019-01-14T08:39:03.135+0000][3297][safepoint    ] Application time: 0.0097835 seconds
[2019-01-14T08:39:03.135+0000][3297][safepoint    ] Total time for which application threads were stopped: 0.0000767 seconds, Stopping threads took: 0.0000253 seconds
[2019-01-14T08:39:03.169+0000][3297][safepoint    ] Application time: 0.0343220 seconds
[2019-01-14T08:39:03.169+0000][3297][safepoint    ] Total time for which application threads were stopped: 0.0000779 seconds, Stopping threads took: 0.0000220 seconds
[2019-01-14T08:39:04.170+0000][3297][safepoint    ] Application time: 1.0002625 seconds
[2019-01-14T08:39:04.170+0000][3297][safepoint    ] Total time for which application threads were stopped: 0.0000699 seconds, Stopping threads took: 0.0000166 seconds
[2019-01-14T08:39:05.170+0000][3297][safepoint    ] Application time: 1.0005815 seconds
[2019-01-14T08:39:05.170+0000][3297][safepoint    ] Total time for which application threads were stopped: 0.0000633 seconds, Stopping threads took: 0.0000191 seconds
[2019-01-14T08:39:06.171+0000][3297][safepoint    ] Application time: 1.0002272 seconds
[2019-01-14T08:39:06.171+0000][3297][safepoint    ] Total time for which application threads were stopped: 0.0000649 seconds, Stopping threads took: 0.0000171 seconds
[2019-01-14T08:39:07.171+0000][3297][safepoint    ] Application time: 1.0005205 seconds
[2019-01-14T08:39:07.171+0000][3297][safepoint    ] Total time for which application threads were stopped: 0.0000710 seconds, Stopping threads took: 0.0000162 seconds
[2019-01-14T08:39:08.172+0000][3297][safepoint    ] Application time: 1.0003993 seconds
[2019-01-14T08:39:08.172+0000][3297][safepoint    ] Total time for which application threads were stopped: 0.0000517 seconds, Stopping threads took: 0.0000154 seconds
[2019-01-14T08:39:09.172+0000][3297][safepoint    ] Application time: 1.0004081 seconds
[2019-01-14T08:39:09.173+0000][3297][safepoint    ] Total time for which application threads were stopped: 0.0001404 seconds, Stopping threads took: 0.0000168 seconds
[2019-01-14T08:39:10.173+0000][3297][safepoint    ] Application time: 1.0005600 seconds
[2019-01-14T08:39:10.173+0000][3297][safepoint    ] Total time for which application threads were stopped: 0.0000511 seconds, Stopping threads took: 0.0000147 seconds
[2019-01-14T08:39:11.174+0000][3297][safepoint    ] Application time: 1.0002456 seconds
[2019-01-14T08:39:11.174+0000][3297][safepoint    ] Total time for which application threads were stopped: 0.0000718 seconds, Stopping threads took: 0.0000170 seconds
[2019-01-14T08:39:12.174+0000][3297][safepoint    ] Application time: 1.0003251 seconds
[2019-01-14T08:39:12.174+0000][3297][safepoint    ] Total time for which application threads were stopped: 0.0000950 seconds, Stopping threads took: 0.0000322 seconds
[2019-01-14T08:39:13.174+0000][3297][safepoint    ] Application time: 1.0001827 seconds
[2019-01-14T08:39:13.174+0000][3297][safepoint    ] Total time for which application threads were stopped: 0.0000655 seconds, Stopping threads took: 0.0000165 seconds
[2019-01-14T08:39:14.175+0000][3297][safepoint    ] Application time: 1.0002938 seconds
[2019-01-14T08:39:14.175+0000][3297][safepoint    ] Total time for which application threads were stopped: 0.0000727 seconds, Stopping threads took: 0.0000173 seconds
[2019-01-14T08:39:15.176+0000][3297][safepoint    ] Application time: 1.0006165 seconds
[2019-01-14T08:39:15.176+0000][3297][safepoint    ] Total time for which application threads were stopped: 0.0000514 seconds, Stopping threads took: 0.0000150 seconds
[2019-01-14T08:39:16.176+0000][3297][safepoint    ] Application time: 1.0002085 seconds
[2019-01-14T08:39:16.176+0000][3297][safepoint    ] Total time for which application threads were stopped: 0.0000652 seconds, Stopping threads took: 0.0000161 seconds
[2019-01-14T08:39:17.177+0000][3297][safepoint    ] Application time: 1.0003030 seconds
[2019-01-14T08:39:17.177+0000][3297][safepoint    ] Total time for which application threads were stopped: 0.0001222 seconds, Stopping threads took: 0.0000493 seconds
[2019-01-14T08:39:18.177+0000][3297][safepoint    ] Application time: 1.0004900 seconds
[2019-01-14T08:39:18.177+0000][3297][safepoint    ] Total time for which application threads were stopped: 0.0000525 seconds, Stopping threads took: 0.0000153 seconds
[2019-01-14T08:39:18.658+0000][3297][safepoint    ] Application time: 0.4810120 seconds
[2019-01-14T08:39:18.659+0000][3297][gc,start     ] GC(22) Pause Young (Allocation Failure)
[2019-01-14T08:39:18.659+0000][3297][gc,task      ] GC(22) Using 2 workers of 2 for evacuation
[2019-01-14T08:39:18.673+0000][3297][gc,age       ] GC(22) Desired survivor size 4456448 bytes, new threshold 6 (max threshold 6)
[2019-01-14T08:39:18.673+0000][3297][gc,age       ] GC(22) Age table with threshold 6 (max threshold 6)
[2019-01-14T08:39:18.673+0000][3297][gc,age       ] GC(22) - age   1:    1117328 bytes,    1117328 total
[2019-01-14T08:39:18.673+0000][3297][gc,age       ] GC(22) - age   2:    2896048 bytes,    4013376 total
[2019-01-14T08:39:18.673+0000][3297][gc,heap      ] GC(22) ParNew: 78344K->5836K(78656K)
[2019-01-14T08:39:18.673+0000][3297][gc,heap      ] GC(22) CMS: 52069K->54935K(174784K)
[2019-01-14T08:39:18.673+0000][3297][gc,metaspace ] GC(22) Metaspace: 74350K->74350K(1118208K)
[2019-01-14T08:39:18.673+0000][3297][gc           ] GC(22) Pause Young (Allocation Failure) 127M->59M(247M) 14.141ms
[2019-01-14T08:39:18.673+0000][3297][gc,cpu       ] GC(22) User=0.02s Sys=0.00s Real=0.01s
[2019-01-14T08:39:18.673+0000][3297][safepoint    ] Total time for which application threads were stopped: 0.0143058 seconds, Stopping threads took: 0.0000212 seconds
[2019-01-14T08:39:19.538+0000][3297][safepoint    ] Application time: 0.8655614 seconds
[2019-01-14T08:39:19.538+0000][3297][safepoint    ] Total time for which application threads were stopped: 0.0000777 seconds, Stopping threads took: 0.0000091 seconds
[2019-01-14T08:39:19.539+0000][3297][safepoint    ] Application time: 0.0008803 seconds
[2019-01-14T08:39:19.539+0000][3297][safepoint    ] Total time for which application threads were stopped: 0.0000443 seconds, Stopping threads took: 0.0000062 seconds
[2019-01-14T08:39:19.551+0000][3297][safepoint    ] Application time: 0.0116173 seconds
[2019-01-14T08:39:19.551+0000][3297][safepoint    ] Total time for which application threads were stopped: 0.0003440 seconds, Stopping threads took: 0.0000114 seconds
[2019-01-14T08:39:19.553+0000][3297][safepoint    ] Application time: 0.0014981 seconds
[2019-01-14T08:39:19.553+0000][3297][safepoint    ] Total time for which application threads were stopped: 0.0000512 seconds, Stopping threads took: 0.0000085 seconds
[2019-01-14T08:39:19.601+0000][3297][safepoint    ] Application time: 0.0479548 seconds
[2019-01-14T08:39:19.601+0000][3297][safepoint    ] Total time for which application threads were stopped: 0.0004666 seconds, Stopping threads took: 0.0000097 seconds
[2019-01-14T08:39:19.610+0000][3297][safepoint    ] Application time: 0.0082496 seconds
[2019-01-14T08:39:19.610+0000][3297][safepoint    ] Total time for which application threads were stopped: 0.0000475 seconds, Stopping threads took: 0.0000098 seconds
[2019-01-14T08:39:19.616+0000][3297][safepoint    ] Application time: 0.0060080 seconds
[2019-01-14T08:39:19.616+0000][3297][safepoint    ] Total time for which application threads were stopped: 0.0000447 seconds, Stopping threads took: 0.0000099 seconds
[2019-01-14T08:39:19.633+0000][3297][safepoint    ] Application time: 0.0175762 seconds
[2019-01-14T08:39:19.634+0000][3297][safepoint    ] Total time for which application threads were stopped: 0.0004762 seconds, Stopping threads took: 0.0000097 seconds
[2019-01-14T08:39:19.640+0000][3297][safepoint    ] Application time: 0.0065031 seconds
[2019-01-14T08:39:19.641+0000][3297][safepoint    ] Total time for which application threads were stopped: 0.0000531 seconds, Stopping threads took: 0.0000100 seconds
[2019-01-14T08:39:19.653+0000][3297][safepoint    ] Application time: 0.0120075 seconds
[2019-01-14T08:39:19.653+0000][3297][safepoint    ] Total time for which application threads were stopped: 0.0004731 seconds, Stopping threads took: 0.0000096 seconds
[2019-01-14T08:39:20.654+0000][3297][safepoint    ] Application time: 1.0006044 seconds
[2019-01-14T08:39:20.654+0000][3297][safepoint    ] Total time for which application threads were stopped: 0.0000764 seconds, Stopping threads took: 0.0000267 seconds
[2019-01-14T08:39:21.654+0000][3297][safepoint    ] Application time: 1.0004374 seconds
[2019-01-14T08:39:21.654+0000][3297][safepoint    ] Total time for which application threads were stopped: 0.0000598 seconds, Stopping threads took: 0.0000162 seconds
[2019-01-14T08:39:22.655+0000][3297][safepoint    ] Application time: 1.0007578 seconds
[2019-01-14T08:39:22.655+0000][3297][safepoint    ] Total time for which application threads were stopped: 0.0000567 seconds, Stopping threads took: 0.0000147 seconds
[2019-01-14T08:39:23.655+0000][3297][safepoint    ] Application time: 1.0000948 seconds
[2019-01-14T08:39:23.656+0000][3297][safepoint    ] Total time for which application threads were stopped: 0.0000643 seconds, Stopping threads took: 0.0000171 seconds
[2019-01-14T08:39:24.656+0000][3297][safepoint    ] Application time: 1.0001404 seconds
[2019-01-14T08:39:24.656+0000][3297][safepoint    ] Total time for which application threads were stopped: 0.0000646 seconds, Stopping threads took: 0.0000164 seconds
[2019-01-14T08:39:25.656+0000][3297][safepoint    ] Application time: 1.0001174 seconds
[2019-01-14T08:39:25.656+0000][3297][safepoint    ] Total time for which application threads were stopped: 0.0000602 seconds, Stopping threads took: 0.0000149 seconds
[2019-01-14T08:39:26.657+0000][3297][safepoint    ] Application time: 1.0004553 seconds
[2019-01-14T08:39:26.657+0000][3297][safepoint    ] Total time for which application threads were stopped: 0.0000595 seconds, Stopping threads took: 0.0000169 seconds
[2019-01-14T08:39:27.657+0000][3297][safepoint    ] Application time: 1.0002183 seconds
[2019-01-14T08:39:27.657+0000][3297][safepoint    ] Total time for which application threads were stopped: 0.0000747 seconds, Stopping threads took: 0.0000186 seconds
[2019-01-14T08:39:28.657+0000][3297][safepoint    ] Application time: 1.0002942 seconds
[2019-01-14T08:39:28.657+0000][3297][safepoint    ] Total time for which application threads were stopped: 0.0000708 seconds, Stopping threads took: 0.0000270 seconds
[2019-01-14T08:39:29.658+0000][3297][safepoint    ] Application time: 1.0005965 seconds
[2019-01-14T08:39:29.658+0000][3297][safepoint    ] Total time for which application threads were stopped: 0.0000655 seconds, Stopping threads took: 0.0000175 seconds
[2019-01-14T08:39:30.659+0000][3297][safepoint    ] Application time: 1.0008378 seconds
[2019-01-14T08:39:30.659+0000][3297][safepoint    ] Total time for which application threads were stopped: 0.0000656 seconds, Stopping threads took: 0.0000172 seconds
[2019-01-14T08:39:31.660+0000][3297][safepoint    ] Application time: 1.0004477 seconds
[2019-01-14T08:39:31.660+0000][3297][safepoint    ] Total time for which application threads were stopped: 0.0000624 seconds, Stopping threads took: 0.0000165 seconds
[2019-01-14T08:39:32.661+0000][3297][safepoint    ] Application time: 1.0005046 seconds
[2019-01-14T08:39:32.661+0000][3297][safepoint    ] Total time for which application threads were stopped: 0.0000749 seconds, Stopping threads took: 0.0000164 seconds
[2019-01-14T08:39:33.661+0000][3297][safepoint    ] Application time: 1.0001554 seconds
[2019-01-14T08:39:33.661+0000][3297][safepoint    ] Total time for which application threads were stopped: 0.0000553 seconds, Stopping threads took: 0.0000142 seconds
[2019-01-14T08:39:34.661+0000][3297][safepoint    ] Application time: 1.0001523 seconds
[2019-01-14T08:39:34.661+0000][3297][safepoint    ] Total time for which application threads were stopped: 0.0000725 seconds, Stopping threads took: 0.0000164 seconds
[2019-01-14T08:39:35.661+0000][3297][safepoint    ] Application time: 1.0002785 seconds
[2019-01-14T08:39:35.662+0000][3297][safepoint    ] Total time for which application threads were stopped: 0.0000629 seconds, Stopping threads took: 0.0000160 seconds
[2019-01-14T08:39:36.662+0000][3297][safepoint    ] Application time: 1.0007130 seconds
[2019-01-14T08:39:36.662+0000][3297][safepoint    ] Total time for which application threads were stopped: 0.0000654 seconds, Stopping threads took: 0.0000170 seconds
[2019-01-14T08:39:37.663+0000][3297][safepoint    ] Application time: 1.0001971 seconds
[2019-01-14T08:39:37.663+0000][3297][safepoint    ] Total time for which application threads were stopped: 0.0000655 seconds, Stopping threads took: 0.0000171 seconds
[2019-01-14T08:39:38.663+0000][3297][safepoint    ] Application time: 1.0003621 seconds
[2019-01-14T08:39:38.663+0000][3297][safepoint    ] Total time for which application threads were stopped: 0.0000670 seconds, Stopping threads took: 0.0000178 seconds
[2019-01-14T08:39:39.664+0000][3297][safepoint    ] Application time: 1.0004622 seconds
[2019-01-14T08:39:39.664+0000][3297][safepoint    ] Total time for which application threads were stopped: 0.0001005 seconds, Stopping threads took: 0.0000368 seconds
[2019-01-14T08:39:40.665+0000][3297][safepoint    ] Application time: 1.0005137 seconds
[2019-01-14T08:39:40.665+0000][3297][safepoint    ] Total time for which application threads were stopped: 0.0001392 seconds, Stopping threads took: 0.0000487 seconds
[2019-01-14T08:39:41.665+0000][3297][safepoint    ] Application time: 1.0003300 seconds
[2019-01-14T08:39:41.665+0000][3297][safepoint    ] Total time for which application threads were stopped: 0.0000654 seconds, Stopping threads took: 0.0000149 seconds
[2019-01-14T08:39:42.666+0000][3297][safepoint    ] Application time: 1.0003018 seconds
[2019-01-14T08:39:42.666+0000][3297][safepoint    ] Total time for which application threads were stopped: 0.0000661 seconds, Stopping threads took: 0.0000167 seconds
[2019-01-14T08:39:43.666+0000][3297][safepoint    ] Application time: 1.0001849 seconds
[2019-01-14T08:39:43.666+0000][3297][safepoint    ] Total time for which application threads were stopped: 0.0000740 seconds, Stopping threads took: 0.0000294 seconds
[2019-01-14T08:39:44.666+0000][3297][safepoint    ] Application time: 1.0003414 seconds
[2019-01-14T08:39:44.666+0000][3297][safepoint    ] Total time for which application threads were stopped: 0.0000917 seconds, Stopping threads took: 0.0000164 seconds
[2019-01-14T08:39:45.667+0000][3297][safepoint    ] Application time: 1.0001544 seconds
[2019-01-14T08:39:45.667+0000][3297][safepoint    ] Total time for which application threads were stopped: 0.0000654 seconds, Stopping threads took: 0.0000162 seconds
[2019-01-14T08:39:46.667+0000][3297][safepoint    ] Application time: 1.0003374 seconds
[2019-01-14T08:39:46.667+0000][3297][safepoint    ] Total time for which application threads were stopped: 0.0000666 seconds, Stopping threads took: 0.0000178 seconds
[2019-01-14T08:39:47.668+0000][3297][safepoint    ] Application time: 1.0004618 seconds
[2019-01-14T08:39:47.668+0000][3297][safepoint    ] Total time for which application threads were stopped: 0.0000741 seconds, Stopping threads took: 0.0000202 seconds
[2019-01-14T08:39:48.458+0000][3297][safepoint    ] Application time: 0.7905394 seconds
[2019-01-14T08:39:48.458+0000][3297][safepoint    ] Total time for which application threads were stopped: 0.0000666 seconds, Stopping threads took: 0.0000154 seconds
[2019-01-14T08:39:49.459+0000][3297][safepoint    ] Application time: 1.0003018 seconds
[2019-01-14T08:39:49.459+0000][3297][safepoint    ] Total time for which application threads were stopped: 0.0000734 seconds, Stopping threads took: 0.0000193 seconds
[2019-01-14T08:39:50.459+0000][3297][safepoint    ] Application time: 1.0001334 seconds
[2019-01-14T08:39:50.459+0000][3297][safepoint    ] Total time for which application threads were stopped: 0.0000743 seconds, Stopping threads took: 0.0000158 seconds
[2019-01-14T08:39:51.459+0000][3297][safepoint    ] Application time: 1.0001283 seconds
[2019-01-14T08:39:51.460+0000][3297][safepoint    ] Total time for which application threads were stopped: 0.0001666 seconds, Stopping threads took: 0.0000698 seconds
[2019-01-14T08:39:52.460+0000][3297][safepoint    ] Application time: 1.0001663 seconds
[2019-01-14T08:39:52.460+0000][3297][safepoint    ] Total time for which application threads were stopped: 0.0001093 seconds, Stopping threads took: 0.0000175 seconds
[2019-01-14T08:39:53.461+0000][3297][safepoint    ] Application time: 1.0006314 seconds
[2019-01-14T08:39:53.461+0000][3297][safepoint    ] Total time for which application threads were stopped: 0.0000687 seconds, Stopping threads took: 0.0000175 seconds
[2019-01-14T08:39:54.461+0000][3297][safepoint    ] Application time: 1.0003948 seconds
[2019-01-14T08:39:54.461+0000][3297][safepoint    ] Total time for which application threads were stopped: 0.0001068 seconds, Stopping threads took: 0.0000180 seconds
[2019-01-14T08:39:55.462+0000][3297][safepoint    ] Application time: 1.0002986 seconds
[2019-01-14T08:39:55.462+0000][3297][safepoint    ] Total time for which application threads were stopped: 0.0000708 seconds, Stopping threads took: 0.0000174 seconds
[2019-01-14T08:39:56.463+0000][3297][safepoint    ] Application time: 1.0007820 seconds
[2019-01-14T08:39:56.463+0000][3297][safepoint    ] Total time for which application threads were stopped: 0.0000724 seconds, Stopping threads took: 0.0000181 seconds
[2019-01-14T08:39:57.463+0000][3297][safepoint    ] Application time: 1.0007979 seconds
[2019-01-14T08:39:57.464+0000][3297][safepoint    ] Total time for which application threads were stopped: 0.0000810 seconds, Stopping threads took: 0.0000178 seconds
[2019-01-14T08:39:58.464+0000][3297][safepoint    ] Application time: 1.0001980 seconds
[2019-01-14T08:39:58.464+0000][3297][safepoint    ] Total time for which application threads were stopped: 0.0000986 seconds, Stopping threads took: 0.0000178 seconds
[2019-01-14T08:39:59.465+0000][3297][safepoint    ] Application time: 1.0002531 seconds
[2019-01-14T08:39:59.465+0000][3297][safepoint    ] Total time for which application threads were stopped: 0.0000625 seconds, Stopping threads took: 0.0000155 seconds
[2019-01-14T08:40:00.465+0000][3297][safepoint    ] Application time: 1.0002105 seconds
[2019-01-14T08:40:00.465+0000][3297][safepoint    ] Total time for which application threads were stopped: 0.0000755 seconds, Stopping threads took: 0.0000186 seconds
[2019-01-14T08:40:02.466+0000][3297][safepoint    ] Application time: 2.0004751 seconds
[2019-01-14T08:40:02.466+0000][3297][safepoint    ] Total time for which application threads were stopped: 0.0000765 seconds, Stopping threads took: 0.0000170 seconds
[2019-01-14T08:40:13.469+0000][3297][safepoint    ] Application time: 11.0034696 seconds
[2019-01-14T08:40:13.469+0000][3297][safepoint    ] Total time for which application threads were stopped: 0.0000731 seconds, Stopping threads took: 0.0000174 seconds
[2019-01-14T08:40:14.470+0000][3297][safepoint    ] Application time: 1.0001905 seconds
[2019-01-14T08:40:14.470+0000][3297][safepoint    ] Total time for which application threads were stopped: 0.0000691 seconds, Stopping threads took: 0.0000163 seconds
[2019-01-14T08:40:18.472+0000][3297][safepoint    ] Application time: 4.0022641 seconds
[2019-01-14T08:40:18.472+0000][3297][safepoint    ] Total time for which application threads were stopped: 0.0000718 seconds, Stopping threads took: 0.0000161 seconds
[2019-01-14T08:40:21.473+0000][3297][safepoint    ] Application time: 3.0008136 seconds
[2019-01-14T08:40:21.473+0000][3297][safepoint    ] Total time for which application threads were stopped: 0.0000797 seconds, Stopping threads took: 0.0000265 seconds
[2019-01-14T08:40:23.474+0000][3297][safepoint    ] Application time: 2.0003794 seconds
[2019-01-14T08:40:23.474+0000][3297][safepoint    ] Total time for which application threads were stopped: 0.0001641 seconds, Stopping threads took: 0.0000164 seconds
[2019-01-14T08:40:28.724+0000][3297][safepoint    ] Application time: 5.2499883 seconds
[2019-01-14T08:40:28.724+0000][3297][gc,start     ] GC(23) Pause Young (Allocation Failure)
[2019-01-14T08:40:28.724+0000][3297][gc,task      ] GC(23) Using 2 workers of 2 for evacuation
[2019-01-14T08:40:28.736+0000][3297][gc,age       ] GC(23) Desired survivor size 4456448 bytes, new threshold 6 (max threshold 6)
[2019-01-14T08:40:28.736+0000][3297][gc,age       ] GC(23) Age table with threshold 6 (max threshold 6)
[2019-01-14T08:40:28.736+0000][3297][gc,age       ] GC(23) - age   1:     449728 bytes,     449728 total
[2019-01-14T08:40:28.736+0000][3297][gc,age       ] GC(23) - age   2:    1105120 bytes,    1554848 total
[2019-01-14T08:40:28.736+0000][3297][gc,age       ] GC(23) - age   3:    2877688 bytes,    4432536 total
[2019-01-14T08:40:28.736+0000][3297][gc,heap      ] GC(23) ParNew: 75788K->6597K(78656K)
[2019-01-14T08:40:28.736+0000][3297][gc,heap      ] GC(23) CMS: 54935K->71319K(174784K)
[2019-01-14T08:40:28.736+0000][3297][gc,metaspace ] GC(23) Metaspace: 75797K->75797K(1118208K)
[2019-01-14T08:40:28.736+0000][3297][gc           ] GC(23) Pause Young (Allocation Failure) 127M->76M(247M) 12.344ms
[2019-01-14T08:40:28.736+0000][3297][gc,cpu       ] GC(23) User=0.02s Sys=0.00s Real=0.01s
[2019-01-14T08:40:28.736+0000][3297][safepoint    ] Total time for which application threads were stopped: 0.0124974 seconds, Stopping threads took: 0.0000118 seconds
[2019-01-14T08:40:33.779+0000][3297][safepoint    ] Application time: 5.0431120 seconds
[2019-01-14T08:40:33.780+0000][3297][safepoint    ] Total time for which application threads were stopped: 0.0000641 seconds, Stopping threads took: 0.0000144 seconds
[2019-01-14T08:40:34.780+0000][3297][safepoint    ] Application time: 1.0003504 seconds
[2019-01-14T08:40:34.780+0000][3297][safepoint    ] Total time for which application threads were stopped: 0.0000696 seconds, Stopping threads took: 0.0000157 seconds
[2019-01-14T08:40:38.781+0000][3297][safepoint    ] Application time: 4.0006770 seconds
[2019-01-14T08:40:38.781+0000][3297][safepoint    ] Total time for which application threads were stopped: 0.0001350 seconds, Stopping threads took: 0.0000293 seconds
[2019-01-14T08:40:42.783+0000][3297][safepoint    ] Application time: 4.0016896 seconds
[2019-01-14T08:40:42.783+0000][3297][safepoint    ] Total time for which application threads were stopped: 0.0000956 seconds, Stopping threads took: 0.0000213 seconds
[2019-01-14T08:40:44.783+0000][3297][safepoint    ] Application time: 2.0004287 seconds
[2019-01-14T08:40:44.783+0000][3297][safepoint    ] Total time for which application threads were stopped: 0.0000784 seconds, Stopping threads took: 0.0000152 seconds
[2019-01-14T08:40:48.785+0000][3297][safepoint    ] Application time: 4.0012696 seconds
[2019-01-14T08:40:48.785+0000][3297][safepoint    ] Total time for which application threads were stopped: 0.0000807 seconds, Stopping threads took: 0.0000160 seconds
[2019-01-14T08:40:49.786+0000][3297][safepoint    ] Application time: 1.0005821 seconds
[2019-01-14T08:40:49.786+0000][3297][safepoint    ] Total time for which application threads were stopped: 0.0000692 seconds, Stopping threads took: 0.0000160 seconds
[2019-01-14T08:40:50.787+0000][3297][safepoint    ] Application time: 1.0006038 seconds
[2019-01-14T08:40:50.787+0000][3297][safepoint    ] Total time for which application threads were stopped: 0.0000706 seconds, Stopping threads took: 0.0000156 seconds
[2019-01-14T08:40:53.788+0000][3297][safepoint    ] Application time: 3.0012503 seconds
[2019-01-14T08:40:53.789+0000][3297][safepoint    ] Total time for which application threads were stopped: 0.0002871 seconds, Stopping threads took: 0.0001279 seconds
[2019-01-14T08:41:00.791+0000][3297][safepoint    ] Application time: 7.0020013 seconds
[2019-01-14T08:41:00.791+0000][3297][safepoint    ] Total time for which application threads were stopped: 0.0000714 seconds, Stopping threads took: 0.0000170 seconds
[2019-01-14T08:41:02.792+0000][3297][safepoint    ] Application time: 2.0009187 seconds
[2019-01-14T08:41:02.792+0000][3297][safepoint    ] Total time for which application threads were stopped: 0.0000737 seconds, Stopping threads took: 0.0000161 seconds
[2019-01-14T08:41:06.794+0000][3297][safepoint    ] Application time: 4.0015383 seconds
[2019-01-14T08:41:06.794+0000][3297][safepoint    ] Total time for which application threads were stopped: 0.0000963 seconds, Stopping threads took: 0.0000154 seconds
[2019-01-14T08:41:14.797+0000][3297][safepoint    ] Application time: 8.0030324 seconds
[2019-01-14T08:41:14.797+0000][3297][safepoint    ] Total time for which application threads were stopped: 0.0000958 seconds, Stopping threads took: 0.0000172 seconds
[2019-01-14T08:41:15.798+0000][3297][safepoint    ] Application time: 1.0004222 seconds
[2019-01-14T08:41:15.798+0000][3297][safepoint    ] Total time for which application threads were stopped: 0.0000904 seconds, Stopping threads took: 0.0000167 seconds
[2019-01-14T08:41:26.802+0000][3297][safepoint    ] Application time: 11.0032574 seconds
[2019-01-14T08:41:26.802+0000][3297][safepoint    ] Total time for which application threads were stopped: 0.0000742 seconds, Stopping threads took: 0.0000204 seconds
[2019-01-14T08:41:32.804+0000][3297][safepoint    ] Application time: 6.0012613 seconds
[2019-01-14T08:41:32.804+0000][3297][safepoint    ] Total time for which application threads were stopped: 0.0002305 seconds, Stopping threads took: 0.0000220 seconds
[2019-01-14T08:41:45.810+0000][3297][safepoint    ] Application time: 13.0061149 seconds
[2019-01-14T08:41:45.810+0000][3297][safepoint    ] Total time for which application threads were stopped: 0.0000594 seconds, Stopping threads took: 0.0000136 seconds
[2019-01-14T08:41:49.811+0000][3297][safepoint    ] Application time: 4.0011392 seconds
[2019-01-14T08:41:49.812+0000][3297][safepoint    ] Total time for which application threads were stopped: 0.0000788 seconds, Stopping threads took: 0.0000185 seconds
[2019-01-14T08:41:56.814+0000][3297][safepoint    ] Application time: 7.0028841 seconds
[2019-01-14T08:41:56.815+0000][3297][safepoint    ] Total time for which application threads were stopped: 0.0000823 seconds, Stopping threads took: 0.0000274 seconds
[2019-01-14T08:42:02.816+0000][3297][safepoint    ] Application time: 6.0011183 seconds
[2019-01-14T08:42:02.816+0000][3297][safepoint    ] Total time for which application threads were stopped: 0.0000661 seconds, Stopping threads took: 0.0000146 seconds
[2019-01-14T08:42:10.818+0000][3297][safepoint    ] Application time: 8.0026251 seconds
[2019-01-14T08:42:10.819+0000][3297][safepoint    ] Total time for which application threads were stopped: 0.0000756 seconds, Stopping threads took: 0.0000175 seconds
[2019-01-14T08:42:13.862+0000][3297][safepoint    ] Application time: 3.0433214 seconds
[2019-01-14T08:42:13.862+0000][3297][gc,start     ] GC(24) Pause Young (Allocation Failure)
[2019-01-14T08:42:13.863+0000][3297][gc,task      ] GC(24) Using 2 workers of 2 for evacuation
[2019-01-14T08:42:13.871+0000][3297][gc,age       ] GC(24) Desired survivor size 4456448 bytes, new threshold 6 (max threshold 6)
[2019-01-14T08:42:13.871+0000][3297][gc,age       ] GC(24) Age table with threshold 6 (max threshold 6)
[2019-01-14T08:42:13.871+0000][3297][gc,age       ] GC(24) - age   1:       5096 bytes,       5096 total
[2019-01-14T08:42:13.871+0000][3297][gc,age       ] GC(24) - age   2:     442360 bytes,     447456 total
[2019-01-14T08:42:13.871+0000][3297][gc,age       ] GC(24) - age   3:    1105120 bytes,    1552576 total
[2019-01-14T08:42:13.871+0000][3297][gc,age       ] GC(24) - age   4:    2877688 bytes,    4430264 total
[2019-01-14T08:42:13.871+0000][3297][gc,heap      ] GC(24) ParNew: 76549K->6516K(78656K)
[2019-01-14T08:42:13.871+0000][3297][gc,heap      ] GC(24) CMS: 71319K->71319K(174784K)
[2019-01-14T08:42:13.872+0000][3297][gc,metaspace ] GC(24) Metaspace: 75855K->75855K(1118208K)
[2019-01-14T08:42:13.872+0000][3297][gc           ] GC(24) Pause Young (Allocation Failure) 144M->76M(247M) 9.118ms
[2019-01-14T08:42:13.872+0000][3297][gc,cpu       ] GC(24) User=0.01s Sys=0.01s Real=0.01s
[2019-01-14T08:42:13.872+0000][3297][safepoint    ] Total time for which application threads were stopped: 0.0099359 seconds, Stopping threads took: 0.0000232 seconds
[2019-01-14T08:42:14.873+0000][3297][safepoint    ] Application time: 1.0005875 seconds
[2019-01-14T08:42:14.873+0000][3297][safepoint    ] Total time for which application threads were stopped: 0.0000689 seconds, Stopping threads took: 0.0000158 seconds
[2019-01-14T08:42:15.874+0000][3297][safepoint    ] Application time: 1.0008712 seconds
[2019-01-14T08:42:15.874+0000][3297][safepoint    ] Total time for which application threads were stopped: 0.0000701 seconds, Stopping threads took: 0.0000156 seconds
[2019-01-14T08:42:31.880+0000][3297][safepoint    ] Application time: 16.0068076 seconds
[2019-01-14T08:42:31.881+0000][3297][safepoint    ] Total time for which application threads were stopped: 0.0000824 seconds, Stopping threads took: 0.0000266 seconds
[2019-01-14T08:42:32.881+0000][3297][safepoint    ] Application time: 1.0008501 seconds
[2019-01-14T08:42:32.882+0000][3297][safepoint    ] Total time for which application threads were stopped: 0.0001014 seconds, Stopping threads took: 0.0000168 seconds
[2019-01-14T08:42:40.885+0000][3297][safepoint    ] Application time: 8.0031284 seconds
[2019-01-14T08:42:40.885+0000][3297][safepoint    ] Total time for which application threads were stopped: 0.0000715 seconds, Stopping threads took: 0.0000163 seconds
[2019-01-14T08:42:41.885+0000][3297][safepoint    ] Application time: 1.0004969 seconds
[2019-01-14T08:42:41.886+0000][3297][safepoint    ] Total time for which application threads were stopped: 0.0001162 seconds, Stopping threads took: 0.0000342 seconds
[2019-01-14T08:42:55.892+0000][3297][safepoint    ] Application time: 14.0061535 seconds
[2019-01-14T08:42:55.892+0000][3297][safepoint    ] Total time for which application threads were stopped: 0.0000916 seconds, Stopping threads took: 0.0000273 seconds
[2019-01-14T08:42:59.894+0000][3297][safepoint    ] Application time: 4.0015317 seconds
[2019-01-14T08:42:59.894+0000][3297][safepoint    ] Total time for which application threads were stopped: 0.0000743 seconds, Stopping threads took: 0.0000150 seconds
[2019-01-14T08:43:00.895+0000][3297][safepoint    ] Application time: 1.0008311 seconds
[2019-01-14T08:43:00.895+0000][3297][safepoint    ] Total time for which application threads were stopped: 0.0000760 seconds, Stopping threads took: 0.0000157 seconds
[2019-01-14T08:43:51.916+0000][3297][safepoint    ] Application time: 51.0210055 seconds
[2019-01-14T08:43:51.916+0000][3297][safepoint    ] Total time for which application threads were stopped: 0.0000835 seconds, Stopping threads took: 0.0000275 seconds
[2019-01-14T08:43:53.917+0000][3297][safepoint    ] Application time: 2.0008897 seconds
[2019-01-14T08:43:53.917+0000][3297][safepoint    ] Total time for which application threads were stopped: 0.0000746 seconds, Stopping threads took: 0.0000170 seconds
[2019-01-14T08:43:58.940+0000][3297][safepoint    ] Application time: 5.0225855 seconds
[2019-01-14T08:43:58.940+0000][3297][gc,start     ] GC(25) Pause Young (Allocation Failure)
[2019-01-14T08:43:58.940+0000][3297][gc,task      ] GC(25) Using 2 workers of 2 for evacuation
[2019-01-14T08:43:58.947+0000][3297][gc,age       ] GC(25) Desired survivor size 4456448 bytes, new threshold 6 (max threshold 6)
[2019-01-14T08:43:58.948+0000][3297][gc,age       ] GC(25) Age table with threshold 6 (max threshold 6)
[2019-01-14T08:43:58.948+0000][3297][gc,age       ] GC(25) - age   1:       7304 bytes,       7304 total
[2019-01-14T08:43:58.948+0000][3297][gc,age       ] GC(25) - age   2:        600 bytes,       7904 total
[2019-01-14T08:43:58.948+0000][3297][gc,age       ] GC(25) - age   3:     417336 bytes,     425240 total
[2019-01-14T08:43:58.948+0000][3297][gc,age       ] GC(25) - age   4:    1057416 bytes,    1482656 total
[2019-01-14T08:43:58.948+0000][3297][gc,age       ] GC(25) - age   5:    2521280 bytes,    4003936 total
[2019-01-14T08:43:58.948+0000][3297][gc,heap      ] GC(25) ParNew: 76468K->4329K(78656K)
[2019-01-14T08:43:58.948+0000][3297][gc,heap      ] GC(25) CMS: 71319K->71319K(174784K)
[2019-01-14T08:43:58.948+0000][3297][gc,metaspace ] GC(25) Metaspace: 75892K->75892K(1118208K)
[2019-01-14T08:43:58.948+0000][3297][gc           ] GC(25) Pause Young (Allocation Failure) 144M->73M(247M) 7.504ms
[2019-01-14T08:43:58.948+0000][3297][gc,cpu       ] GC(25) User=0.01s Sys=0.00s Real=0.01s
[2019-01-14T08:43:58.948+0000][3297][safepoint    ] Total time for which application threads were stopped: 0.0076624 seconds, Stopping threads took: 0.0000257 seconds
[2019-01-14T08:44:06.950+0000][3297][safepoint    ] Application time: 8.0024866 seconds
[2019-01-14T08:44:06.950+0000][3297][safepoint    ] Total time for which application threads were stopped: 0.0000807 seconds, Stopping threads took: 0.0000192 seconds
[2019-01-14T08:44:24.957+0000][3297][safepoint    ] Application time: 18.0060985 seconds
[2019-01-14T08:44:24.960+0000][3297][safepoint    ] Total time for which application threads were stopped: 0.0000911 seconds, Stopping threads took: 0.0000267 seconds
[2019-01-14T08:44:32.963+0000][3297][safepoint    ] Application time: 8.0028323 seconds
[2019-01-14T08:44:32.963+0000][3297][safepoint    ] Total time for which application threads were stopped: 0.0000813 seconds, Stopping threads took: 0.0000156 seconds
[2019-01-14T08:44:54.971+0000][3297][safepoint    ] Application time: 22.0078723 seconds
[2019-01-14T08:44:54.972+0000][3297][safepoint    ] Total time for which application threads were stopped: 0.0000872 seconds, Stopping threads took: 0.0000291 seconds
[2019-01-14T08:45:02.976+0000][3297][safepoint    ] Application time: 8.0042872 seconds
[2019-01-14T08:45:02.976+0000][3297][safepoint    ] Total time for which application threads were stopped: 0.0000743 seconds, Stopping threads took: 0.0000162 seconds
[2019-01-14T08:45:32.987+0000][3297][safepoint    ] Application time: 30.0106148 seconds
[2019-01-14T08:45:32.989+0000][3297][safepoint    ] Total time for which application threads were stopped: 0.0000993 seconds, Stopping threads took: 0.0000434 seconds
[2019-01-14T08:45:49.276+0000][3297][safepoint    ] Application time: 16.2776889 seconds
[2019-01-14T08:45:49.277+0000][3297][gc,start     ] GC(26) Pause Young (Allocation Failure)
[2019-01-14T08:45:49.278+0000][3297][gc,task      ] GC(26) Using 2 workers of 2 for evacuation
[2019-01-14T08:45:49.503+0000][3297][gc,age       ] GC(26) Desired survivor size 4456448 bytes, new threshold 6 (max threshold 6)
[2019-01-14T08:45:49.503+0000][3297][gc,age       ] GC(26) Age table with threshold 6 (max threshold 6)
[2019-01-14T08:45:49.503+0000][3297][gc,age       ] GC(26) - age   1:       6600 bytes,       6600 total
[2019-01-14T08:45:49.503+0000][3297][gc,age       ] GC(26) - age   2:       1752 bytes,       8352 total
[2019-01-14T08:45:49.503+0000][3297][gc,age       ] GC(26) - age   3:        600 bytes,       8952 total
[2019-01-14T08:45:49.503+0000][3297][gc,age       ] GC(26) - age   4:     417336 bytes,     426288 total
[2019-01-14T08:45:49.503+0000][3297][gc,age       ] GC(26) - age   5:    1057416 bytes,    1483704 total
[2019-01-14T08:45:49.503+0000][3297][gc,age       ] GC(26) - age   6:    2519216 bytes,    4002920 total
[2019-01-14T08:45:49.503+0000][3297][gc,heap      ] GC(26) ParNew: 74281K->6020K(78656K)
[2019-01-14T08:45:49.503+0000][3297][gc,heap      ] GC(26) CMS: 71319K->71319K(174784K)
[2019-01-14T08:45:49.503+0000][3297][gc,metaspace ] GC(26) Metaspace: 75917K->75917K(1118208K)
[2019-01-14T08:45:49.503+0000][3297][gc           ] GC(26) Pause Young (Allocation Failure) 142M->75M(247M) 226.623ms
[2019-01-14T08:45:49.503+0000][3297][gc,cpu       ] GC(26) User=0.01s Sys=0.02s Real=0.23s
[2019-01-14T08:45:49.503+0000][3297][safepoint    ] Total time for which application threads were stopped: 0.2276227 seconds, Stopping threads took: 0.0000208 seconds
[2019-01-14T08:45:50.504+0000][3297][safepoint    ] Application time: 1.0002664 seconds
[2019-01-14T08:45:50.504+0000][3297][safepoint    ] Total time for which application threads were stopped: 0.0004057 seconds, Stopping threads took: 0.0003449 seconds
[2019-01-14T08:46:10.512+0000][3297][safepoint    ] Application time: 20.0081587 seconds
[2019-01-14T08:46:10.513+0000][3297][safepoint    ] Total time for which application threads were stopped: 0.0001227 seconds, Stopping threads took: 0.0000254 seconds
[2019-01-14T08:46:26.518+0000][3297][safepoint    ] Application time: 16.0053688 seconds
[2019-01-14T08:46:26.518+0000][3297][safepoint    ] Total time for which application threads were stopped: 0.0000800 seconds, Stopping threads took: 0.0000266 seconds
[2019-01-14T08:46:29.520+0000][3297][safepoint    ] Application time: 3.0013916 seconds
[2019-01-14T08:46:29.520+0000][3297][safepoint    ] Total time for which application threads were stopped: 0.0000966 seconds, Stopping threads took: 0.0000338 seconds
[2019-01-14T08:46:43.525+0000][3297][safepoint    ] Application time: 14.0055408 seconds
[2019-01-14T08:46:43.525+0000][3297][safepoint    ] Total time for which application threads were stopped: 0.0000811 seconds, Stopping threads took: 0.0000262 seconds
[2019-01-14T08:46:48.528+0000][3297][safepoint    ] Application time: 5.0015187 seconds
[2019-01-14T08:46:48.529+0000][3297][safepoint    ] Total time for which application threads were stopped: 0.0001247 seconds, Stopping threads took: 0.0000295 seconds
[2019-01-14T08:47:15.538+0000][3297][safepoint    ] Application time: 27.0088641 seconds
[2019-01-14T08:47:15.540+0000][3297][safepoint    ] Total time for which application threads were stopped: 0.0001011 seconds, Stopping threads took: 0.0000425 seconds
[2019-01-14T08:47:20.542+0000][3297][safepoint    ] Application time: 5.0014100 seconds
[2019-01-14T08:47:20.547+0000][3297][safepoint    ] Total time for which application threads were stopped: 0.0002093 seconds, Stopping threads took: 0.0000262 seconds
[2019-01-14T08:47:21.547+0000][3297][safepoint    ] Application time: 1.0002155 seconds
[2019-01-14T08:47:21.547+0000][3297][safepoint    ] Total time for which application threads were stopped: 0.0001141 seconds, Stopping threads took: 0.0000156 seconds
[2019-01-14T08:47:34.623+0000][3297][safepoint    ] Application time: 13.0764661 seconds
[2019-01-14T08:47:34.626+0000][3297][gc,start     ] GC(27) Pause Young (Allocation Failure)
[2019-01-14T08:47:34.626+0000][3297][gc,task      ] GC(27) Using 2 workers of 2 for evacuation
[2019-01-14T08:47:34.697+0000][3297][gc,age       ] GC(27) Desired survivor size 4456448 bytes, new threshold 6 (max threshold 6)
[2019-01-14T08:47:34.697+0000][3297][gc,age       ] GC(27) Age table with threshold 6 (max threshold 6)
[2019-01-14T08:47:34.697+0000][3297][gc,age       ] GC(27) - age   1:       6976 bytes,       6976 total
[2019-01-14T08:47:34.697+0000][3297][gc,age       ] GC(27) - age   2:       1072 bytes,       8048 total
[2019-01-14T08:47:34.697+0000][3297][gc,age       ] GC(27) - age   3:       1752 bytes,       9800 total
[2019-01-14T08:47:34.697+0000][3297][gc,age       ] GC(27) - age   4:        600 bytes,      10400 total
[2019-01-14T08:47:34.697+0000][3297][gc,age       ] GC(27) - age   5:     417216 bytes,     427616 total
[2019-01-14T08:47:34.697+0000][3297][gc,age       ] GC(27) - age   6:    1057416 bytes,    1485032 total
[2019-01-14T08:47:34.697+0000][3297][gc,heap      ] GC(27) ParNew: 75972K->3935K(78656K)
[2019-01-14T08:47:34.697+0000][3297][gc,heap      ] GC(27) CMS: 71319K->73849K(174784K)
[2019-01-14T08:47:34.697+0000][3297][gc,metaspace ] GC(27) Metaspace: 75933K->75933K(1118208K)
[2019-01-14T08:47:34.697+0000][3297][gc           ] GC(27) Pause Young (Allocation Failure) 143M->75M(247M) 71.635ms
[2019-01-14T08:47:34.697+0000][3297][gc,cpu       ] GC(27) User=0.02s Sys=0.03s Real=0.07s
[2019-01-14T08:47:34.697+0000][3297][safepoint    ] Total time for which application threads were stopped: 0.0718627 seconds, Stopping threads took: 0.0000387 seconds
[2019-01-14T08:47:45.703+0000][3297][safepoint    ] Application time: 11.0048246 seconds
[2019-01-14T08:47:45.703+0000][3297][safepoint    ] Total time for which application threads were stopped: 0.0000883 seconds, Stopping threads took: 0.0000181 seconds
[2019-01-14T08:47:59.729+0000][3297][safepoint    ] Application time: 14.0181296 seconds
[2019-01-14T08:47:59.730+0000][3297][safepoint    ] Total time for which application threads were stopped: 0.0005699 seconds, Stopping threads took: 0.0004997 seconds
[2019-01-14T08:48:26.767+0000][3297][safepoint    ] Application time: 25.9595570 seconds
[2019-01-14T08:48:26.773+0000][3297][safepoint    ] Total time for which application threads were stopped: 0.0060091 seconds, Stopping threads took: 0.0058909 seconds
[2019-01-14T08:48:26.773+0000][3297][safepoint    ] Application time: 0.0001967 seconds
[2019-01-14T08:48:26.774+0000][3297][safepoint    ] Total time for which application threads were stopped: 0.0002887 seconds, Stopping threads took: 0.0002363 seconds
[2019-01-14T08:48:26.774+0000][3297][safepoint    ] Application time: 0.0000676 seconds
[2019-01-14T08:48:26.774+0000][3297][safepoint    ] Total time for which application threads were stopped: 0.0000258 seconds, Stopping threads took: 0.0000033 seconds
[2019-01-14T08:48:26.774+0000][3297][safepoint    ] Application time: 0.0000263 seconds
[2019-01-14T08:48:26.774+0000][3297][safepoint    ] Total time for which application threads were stopped: 0.0000179 seconds, Stopping threads took: 0.0000018 seconds
[2019-01-14T08:48:26.796+0000][3297][safepoint    ] Application time: 0.0220846 seconds
[2019-01-14T08:48:26.835+0000][3297][safepoint    ] Total time for which application threads were stopped: 0.0387974 seconds, Stopping threads took: 0.0104507 seconds
[2019-01-14T08:48:26.835+0000][3297][safepoint    ] Application time: 0.0002768 seconds
[2019-01-14T08:48:26.835+0000][3297][safepoint    ] Total time for which application threads were stopped: 0.0001111 seconds, Stopping threads took: 0.0000598 seconds
[2019-01-14T08:48:27.039+0000][3297][safepoint    ] Application time: 0.2034762 seconds
[2019-01-14T08:48:27.039+0000][3297][safepoint    ] Total time for which application threads were stopped: 0.0000819 seconds, Stopping threads took: 0.0000120 seconds
[2019-01-14T08:48:27.082+0000][3297][safepoint    ] Application time: 0.0434777 seconds
[2019-01-14T08:48:27.083+0000][3297][safepoint    ] Total time for which application threads were stopped: 0.0005581 seconds, Stopping threads took: 0.0004927 seconds
[2019-01-14T08:48:27.083+0000][3297][safepoint    ] Application time: 0.0001421 seconds
[2019-01-14T08:48:27.083+0000][3297][safepoint    ] Total time for which application threads were stopped: 0.0004017 seconds, Stopping threads took: 0.0003561 seconds
[2019-01-14T08:48:27.084+0000][3297][safepoint    ] Application time: 0.0001066 seconds
[2019-01-14T08:48:27.084+0000][3297][safepoint    ] Total time for which application threads were stopped: 0.0002984 seconds, Stopping threads took: 0.0002658 seconds
[2019-01-14T08:48:27.086+0000][3297][safepoint    ] Application time: 0.0018358 seconds
[2019-01-14T08:48:27.087+0000][3297][safepoint    ] Total time for which application threads were stopped: 0.0014681 seconds, Stopping threads took: 0.0011143 seconds
[2019-01-14T08:48:27.097+0000][3297][safepoint    ] Application time: 0.0097252 seconds
[2019-01-14T08:48:27.103+0000][3297][safepoint    ] Total time for which application threads were stopped: 0.0061025 seconds, Stopping threads took: 0.0050563 seconds
[2019-01-14T08:48:27.138+0000][3297][safepoint    ] Application time: 0.0350366 seconds
[2019-01-14T08:48:27.147+0000][3297][safepoint    ] Total time for which application threads were stopped: 0.0086647 seconds, Stopping threads took: 0.0086031 seconds
[2019-01-14T08:48:27.186+0000][3297][safepoint    ] Application time: 0.0389944 seconds
[2019-01-14T08:48:27.187+0000][3297][safepoint    ] Total time for which application threads were stopped: 0.0004718 seconds, Stopping threads took: 0.0000596 seconds
[2019-01-14T08:48:27.187+0000][3297][safepoint    ] Application time: 0.0000500 seconds
[2019-01-14T08:48:27.187+0000][3297][safepoint    ] Total time for which application threads were stopped: 0.0000835 seconds, Stopping threads took: 0.0000107 seconds
[2019-01-14T08:48:27.189+0000][3297][safepoint    ] Application time: 0.0020757 seconds
[2019-01-14T08:48:27.189+0000][3297][safepoint    ] Total time for which application threads were stopped: 0.0000766 seconds, Stopping threads took: 0.0000188 seconds
[2019-01-14T08:48:27.239+0000][3297][safepoint    ] Application time: 0.0502316 seconds
[2019-01-14T08:48:27.239+0000][3297][safepoint    ] Total time for which application threads were stopped: 0.0001209 seconds, Stopping threads took: 0.0000699 seconds
[2019-01-14T08:48:27.244+0000][3297][safepoint    ] Application time: 0.0047877 seconds
[2019-01-14T08:48:27.244+0000][3297][safepoint    ] Total time for which application threads were stopped: 0.0000842 seconds, Stopping threads took: 0.0000191 seconds
[2019-01-14T08:48:27.250+0000][3297][safepoint    ] Application time: 0.0055160 seconds
[2019-01-14T08:48:27.250+0000][3297][safepoint    ] Total time for which application threads were stopped: 0.0000542 seconds, Stopping threads took: 0.0000114 seconds
[2019-01-14T08:48:27.251+0000][3297][safepoint    ] Application time: 0.0008020 seconds
[2019-01-14T08:48:27.251+0000][3297][safepoint    ] Total time for which application threads were stopped: 0.0000579 seconds, Stopping threads took: 0.0000118 seconds
[2019-01-14T08:48:27.261+0000][3297][safepoint    ] Application time: 0.0105044 seconds
[2019-01-14T08:48:27.261+0000][3297][safepoint    ] Total time for which application threads were stopped: 0.0000579 seconds, Stopping threads took: 0.0000106 seconds
[2019-01-14T08:48:27.410+0000][3297][safepoint    ] Application time: 0.1483162 seconds
[2019-01-14T08:48:27.410+0000][3297][safepoint    ] Total time for which application threads were stopped: 0.0001833 seconds, Stopping threads took: 0.0000237 seconds
[2019-01-14T08:48:27.410+0000][3297][safepoint    ] Application time: 0.0001239 seconds
[2019-01-14T08:48:27.410+0000][3297][safepoint    ] Total time for which application threads were stopped: 0.0000277 seconds, Stopping threads took: 0.0000036 seconds
[2019-01-14T08:48:27.411+0000][3297][safepoint    ] Application time: 0.0006939 seconds
[2019-01-14T08:48:27.411+0000][3297][safepoint    ] Total time for which application threads were stopped: 0.0001284 seconds, Stopping threads took: 0.0000988 seconds
[2019-01-14T08:48:27.411+0000][3297][safepoint    ] Application time: 0.0000771 seconds
[2019-01-14T08:48:27.411+0000][3297][safepoint    ] Total time for which application threads were stopped: 0.0001044 seconds, Stopping threads took: 0.0000469 seconds
[2019-01-14T08:48:27.415+0000][3297][safepoint    ] Application time: 0.0035945 seconds
[2019-01-14T08:48:27.415+0000][3297][safepoint    ] Total time for which application threads were stopped: 0.0000722 seconds, Stopping threads took: 0.0000284 seconds
[2019-01-14T08:48:27.415+0000][3297][safepoint    ] Application time: 0.0005074 seconds
[2019-01-14T08:48:27.415+0000][3297][safepoint    ] Total time for which application threads were stopped: 0.0000719 seconds, Stopping threads took: 0.0000071 seconds
[2019-01-14T08:48:27.518+0000][3297][safepoint    ] Application time: 0.1027666 seconds
[2019-01-14T08:48:27.518+0000][3297][safepoint    ] Total time for which application threads were stopped: 0.0001614 seconds, Stopping threads took: 0.0000328 seconds
[2019-01-14T08:48:27.525+0000][3297][safepoint    ] Application time: 0.0066327 seconds
[2019-01-14T08:48:27.525+0000][3297][safepoint    ] Total time for which application threads were stopped: 0.0000376 seconds, Stopping threads took: 0.0000106 seconds
[2019-01-14T08:48:27.525+0000][3297][safepoint    ] Application time: 0.0001803 seconds
[2019-01-14T08:48:27.525+0000][3297][safepoint    ] Total time for which application threads were stopped: 0.0000214 seconds, Stopping threads took: 0.0000074 seconds
[2019-01-14T08:48:27.535+0000][3297][safepoint    ] Application time: 0.0093168 seconds
[2019-01-14T08:48:27.535+0000][3297][safepoint    ] Total time for which application threads were stopped: 0.0000358 seconds, Stopping threads took: 0.0000041 seconds
[2019-01-14T08:48:27.569+0000][3297][safepoint    ] Application time: 0.0338845 seconds
[2019-01-14T08:48:27.569+0000][3297][safepoint    ] Total time for which application threads were stopped: 0.0000765 seconds, Stopping threads took: 0.0000340 seconds
[2019-01-14T08:48:27.579+0000][3297][safepoint    ] Application time: 0.0098275 seconds
[2019-01-14T08:48:27.579+0000][3297][safepoint    ] Total time for which application threads were stopped: 0.0005704 seconds, Stopping threads took: 0.0005414 seconds
[2019-01-14T08:48:27.585+0000][3297][safepoint    ] Application time: 0.0053757 seconds
[2019-01-14T08:48:27.585+0000][3297][safepoint    ] Total time for which application threads were stopped: 0.0000362 seconds, Stopping threads took: 0.0000165 seconds
[2019-01-14T08:48:27.585+0000][3297][safepoint    ] Application time: 0.0001653 seconds
[2019-01-14T08:48:27.585+0000][3297][safepoint    ] Total time for which application threads were stopped: 0.0000198 seconds, Stopping threads took: 0.0000083 seconds
[2019-01-14T08:48:27.585+0000][3297][safepoint    ] Application time: 0.0001333 seconds
[2019-01-14T08:48:27.585+0000][3297][safepoint    ] Total time for which application threads were stopped: 0.0002554 seconds, Stopping threads took: 0.0002436 seconds
[2019-01-14T08:48:27.586+0000][3297][safepoint    ] Application time: 0.0006233 seconds
[2019-01-14T08:48:27.586+0000][3297][safepoint    ] Total time for which application threads were stopped: 0.0002137 seconds, Stopping threads took: 0.0001988 seconds
[2019-01-14T08:48:27.588+0000][3297][gc,heap,exit ] Heap
[2019-01-14T08:48:27.588+0000][3297][gc,heap,exit ]  par new generation   total 78656K, used 48423K [0x00000000f0000000, 0x00000000f5550000, 0x00000000f5550000)
[2019-01-14T08:48:27.588+0000][3297][gc,heap,exit ]   eden space 69952K,  63% used [0x00000000f0000000, 0x00000000f2b71f68, 0x00000000f4450000)
[2019-01-14T08:48:27.588+0000][3297][gc,heap,exit ]   from space 8704K,  45% used [0x00000000f4450000, 0x00000000f4827cb0, 0x00000000f4cd0000)
[2019-01-14T08:48:27.588+0000][3297][gc,heap,exit ]   to   space 8704K,   0% used [0x00000000f4cd0000, 0x00000000f4cd0000, 0x00000000f5550000)
[2019-01-14T08:48:27.588+0000][3297][gc,heap,exit ]  concurrent mark-sweep generation total 174784K, used 73849K [0x00000000f5550000, 0x0000000100000000, 0x0000000100000000)
[2019-01-14T08:48:27.588+0000][3297][gc,heap,exit ]  Metaspace       used 76089K, capacity 80395K, committed 81092K, reserved 1118208K
[2019-01-14T08:48:27.588+0000][3297][gc,heap,exit ]   class space    used 9510K, capacity 11441K, committed 11528K, reserved 1048576K
[2019-01-14T08:48:27.588+0000][3297][safepoint    ] Application time: 0.0019252 seconds
