[2019-01-14T13:43:10.053+0000][3263][gc] Using Concurrent Mark Sweep
[2019-01-14T13:43:10.053+0000][3263][gc,heap,coops] Heap address: 0x00000000f0000000, size: 256 MB, Compressed Oops mode: 32-bit
[2019-01-14T13:43:10.248+0000][3263][safepoint    ] Total time for which application threads were stopped: 0.0000468 seconds, Stopping threads took: 0.0000020 seconds
[2019-01-14T13:43:10.272+0000][3263][safepoint    ] Application time: 0.0247399 seconds
[2019-01-14T13:43:10.273+0000][3263][safepoint    ] Total time for which application threads were stopped: 0.0000739 seconds, Stopping threads took: 0.0000039 seconds
[2019-01-14T13:43:10.287+0000][3263][safepoint    ] Application time: 0.0145365 seconds
[2019-01-14T13:43:10.289+0000][3263][safepoint    ] Total time for which application threads were stopped: 0.0013058 seconds, Stopping threads took: 0.0012273 seconds
[2019-01-14T13:43:10.548+0000][3263][safepoint    ] Application time: 0.2596151 seconds
[2019-01-14T13:43:10.548+0000][3263][safepoint    ] Total time for which application threads were stopped: 0.0000603 seconds, Stopping threads took: 0.0000029 seconds
[2019-01-14T13:43:10.634+0000][3263][safepoint    ] Application time: 0.0850332 seconds
[2019-01-14T13:43:10.634+0000][3263][safepoint    ] Total time for which application threads were stopped: 0.0000531 seconds, Stopping threads took: 0.0000032 seconds
[2019-01-14T13:43:10.713+0000][3263][safepoint    ] Application time: 0.0797652 seconds
[2019-01-14T13:43:10.713+0000][3263][safepoint    ] Total time for which application threads were stopped: 0.0000659 seconds, Stopping threads took: 0.0000135 seconds
[2019-01-14T13:43:10.878+0000][3263][safepoint    ] Application time: 0.1645980 seconds
[2019-01-14T13:43:10.878+0000][3263][safepoint    ] Total time for which application threads were stopped: 0.0001014 seconds, Stopping threads took: 0.0000106 seconds
[2019-01-14T13:43:11.660+0000][3263][safepoint    ] Application time: 0.7821156 seconds
[2019-01-14T13:43:11.661+0000][3263][safepoint    ] Total time for which application threads were stopped: 0.0001238 seconds, Stopping threads took: 0.0000024 seconds
[2019-01-14T13:43:11.664+0000][3263][safepoint    ] Application time: 0.0032173 seconds
[2019-01-14T13:43:11.664+0000][3263][safepoint    ] Total time for which application threads were stopped: 0.0001372 seconds, Stopping threads took: 0.0000023 seconds
[2019-01-14T13:43:11.745+0000][3263][safepoint    ] Application time: 0.0805872 seconds
[2019-01-14T13:43:11.745+0000][3263][safepoint    ] Total time for which application threads were stopped: 0.0001166 seconds, Stopping threads took: 0.0000035 seconds
[2019-01-14T13:43:11.762+0000][3263][safepoint    ] Application time: 0.0176215 seconds
[2019-01-14T13:43:11.763+0000][3263][safepoint    ] Total time for which application threads were stopped: 0.0001318 seconds, Stopping threads took: 0.0000029 seconds
[2019-01-14T13:43:12.044+0000][3263][safepoint    ] Application time: 0.2816490 seconds
[2019-01-14T13:43:12.045+0000][3263][safepoint    ] Total time for which application threads were stopped: 0.0002343 seconds, Stopping threads took: 0.0000039 seconds
[2019-01-14T13:43:12.954+0000][3263][safepoint    ] Application time: 0.9097883 seconds
[2019-01-14T13:43:12.955+0000][3263][safepoint    ] Total time for which application threads were stopped: 0.0002154 seconds, Stopping threads took: 0.0000026 seconds
[2019-01-14T13:43:13.328+0000][3263][safepoint    ] Application time: 0.3736452 seconds
[2019-01-14T13:43:13.329+0000][3263][safepoint    ] Total time for which application threads were stopped: 0.0002957 seconds, Stopping threads took: 0.0000030 seconds
[2019-01-14T13:43:13.329+0000][3263][safepoint    ] Application time: 0.0002700 seconds
[2019-01-14T13:43:13.329+0000][3263][safepoint    ] Total time for which application threads were stopped: 0.0001626 seconds, Stopping threads took: 0.0000046 seconds
[2019-01-14T13:43:13.423+0000][3263][safepoint    ] Application time: 0.0937934 seconds
[2019-01-14T13:43:13.423+0000][3263][safepoint    ] Total time for which application threads were stopped: 0.0003587 seconds, Stopping threads took: 0.0000086 seconds
[2019-01-14T13:43:13.468+0000][3263][safepoint    ] Application time: 0.0441954 seconds
[2019-01-14T13:43:13.468+0000][3263][safepoint    ] Total time for which application threads were stopped: 0.0002120 seconds, Stopping threads took: 0.0000050 seconds
[2019-01-14T13:43:13.525+0000][3263][safepoint    ] Application time: 0.0567943 seconds
[2019-01-14T13:43:13.533+0000][3263][safepoint    ] Total time for which application threads were stopped: 0.0078876 seconds, Stopping threads took: 0.0077960 seconds
[2019-01-14T13:43:13.544+0000][3263][safepoint    ] Application time: 0.0110228 seconds
[2019-01-14T13:43:13.546+0000][3263][safepoint    ] Total time for which application threads were stopped: 0.0022359 seconds, Stopping threads took: 0.0021678 seconds
[2019-01-14T13:43:13.546+0000][3263][safepoint    ] Application time: 0.0001916 seconds
[2019-01-14T13:43:13.547+0000][3263][safepoint    ] Total time for which application threads were stopped: 0.0009367 seconds, Stopping threads took: 0.0009077 seconds
[2019-01-14T13:43:13.547+0000][3263][safepoint    ] Application time: 0.0001861 seconds
[2019-01-14T13:43:13.547+0000][3263][safepoint    ] Total time for which application threads were stopped: 0.0000246 seconds, Stopping threads took: 0.0000020 seconds
[2019-01-14T13:43:13.806+0000][3263][safepoint    ] Application time: 0.2583742 seconds
[2019-01-14T13:43:13.806+0000][3263][safepoint    ] Total time for which application threads were stopped: 0.0000733 seconds, Stopping threads took: 0.0000047 seconds
[2019-01-14T13:43:13.844+0000][3263][safepoint    ] Application time: 0.0377809 seconds
[2019-01-14T13:43:13.844+0000][3263][safepoint    ] Total time for which application threads were stopped: 0.0002253 seconds, Stopping threads took: 0.0000051 seconds
[2019-01-14T13:43:14.081+0000][3263][safepoint    ] Application time: 0.2365456 seconds
[2019-01-14T13:43:14.081+0000][3263][safepoint    ] Total time for which application threads were stopped: 0.0002967 seconds, Stopping threads took: 0.0000089 seconds
[2019-01-14T13:43:14.161+0000][3263][safepoint    ] Application time: 0.0793098 seconds
[2019-01-14T13:43:14.161+0000][3263][gc,start     ] GC(0) Pause Initial Mark
[2019-01-14T13:43:14.192+0000][3263][gc           ] GC(0) Pause Initial Mark 68M->68M(247M) 31.136ms
[2019-01-14T13:43:14.192+0000][3263][gc,cpu       ] GC(0) User=0.04s Sys=0.01s Real=0.04s
[2019-01-14T13:43:14.192+0000][3263][safepoint    ] Total time for which application threads were stopped: 0.0312803 seconds, Stopping threads took: 0.0000051 seconds
[2019-01-14T13:43:14.195+0000][3263][gc           ] GC(0) Concurrent Mark
[2019-01-14T13:43:14.197+0000][3263][gc           ] GC(0) Concurrent Mark 1.412ms
[2019-01-14T13:43:14.197+0000][3263][gc,cpu       ] GC(0) User=0.00s Sys=0.00s Real=0.00s
[2019-01-14T13:43:14.197+0000][3263][gc           ] GC(0) Concurrent Preclean
[2019-01-14T13:43:14.198+0000][3263][gc           ] GC(0) Concurrent Preclean 1.725ms
[2019-01-14T13:43:14.198+0000][3263][gc,cpu       ] GC(0) User=0.01s Sys=0.00s Real=0.00s
[2019-01-14T13:43:14.198+0000][3263][gc           ] GC(0) Concurrent Abortable Preclean
[2019-01-14T13:43:14.219+0000][3263][safepoint    ] Application time: 0.0273984 seconds
[2019-01-14T13:43:14.223+0000][3263][safepoint    ] Total time for which application threads were stopped: 0.0032060 seconds, Stopping threads took: 0.0029985 seconds
[2019-01-14T13:43:14.228+0000][3263][safepoint    ] Application time: 0.0049612 seconds
[2019-01-14T13:43:14.229+0000][3263][gc,start     ] GC(1) Pause Young (Allocation Failure)
[2019-01-14T13:43:14.229+0000][3263][gc,task      ] GC(1) Using 2 workers of 2 for evacuation
[2019-01-14T13:43:14.246+0000][3263][gc,age       ] GC(1) Desired survivor size 4456448 bytes, new threshold 1 (max threshold 6)
[2019-01-14T13:43:14.247+0000][3263][gc,age       ] GC(1) Age table with threshold 1 (max threshold 6)
[2019-01-14T13:43:14.247+0000][3263][gc,age       ] GC(1) - age   1:    6425888 bytes,    6425888 total
[2019-01-14T13:43:14.247+0000][3263][gc,heap      ] GC(1) ParNew: 69952K->6327K(78656K)
[2019-01-14T13:43:14.247+0000][3263][gc,heap      ] GC(1) CMS: 0K->0K(174784K)
[2019-01-14T13:43:14.247+0000][3263][gc,metaspace ] GC(1) Metaspace: 21479K->21479K(1069056K)
[2019-01-14T13:43:14.247+0000][3263][gc           ] GC(1) Pause Young (Allocation Failure) 68M->6M(247M) 18.676ms
[2019-01-14T13:43:14.247+0000][3263][gc,cpu       ] GC(1) User=0.03s Sys=0.00s Real=0.02s
[2019-01-14T13:43:14.247+0000][3263][safepoint    ] Total time for which application threads were stopped: 0.0197119 seconds, Stopping threads took: 0.0000185 seconds
[2019-01-14T13:43:14.259+0000][3263][safepoint    ] Application time: 0.0120385 seconds
[2019-01-14T13:43:14.260+0000][3263][safepoint    ] Total time for which application threads were stopped: 0.0000678 seconds, Stopping threads took: 0.0000077 seconds
[2019-01-14T13:43:14.260+0000][3263][safepoint    ] Application time: 0.0001202 seconds
[2019-01-14T13:43:14.260+0000][3263][safepoint    ] Total time for which application threads were stopped: 0.0000363 seconds, Stopping threads took: 0.0000043 seconds
[2019-01-14T13:43:14.290+0000][3263][safepoint    ] Application time: 0.0304400 seconds
[2019-01-14T13:43:14.291+0000][3263][safepoint    ] Total time for which application threads were stopped: 0.0003194 seconds, Stopping threads took: 0.0000192 seconds
[2019-01-14T13:43:14.351+0000][3263][safepoint    ] Application time: 0.0602701 seconds
[2019-01-14T13:43:14.351+0000][3263][safepoint    ] Total time for which application threads were stopped: 0.0003147 seconds, Stopping threads took: 0.0000078 seconds
[2019-01-14T13:43:14.362+0000][3263][safepoint    ] Application time: 0.0103392 seconds
[2019-01-14T13:43:14.362+0000][3263][safepoint    ] Total time for which application threads were stopped: 0.0003524 seconds, Stopping threads took: 0.0000060 seconds
[2019-01-14T13:43:14.663+0000][3263][safepoint    ] Application time: 0.3010155 seconds
[2019-01-14T13:43:14.664+0000][3263][safepoint    ] Total time for which application threads were stopped: 0.0005129 seconds, Stopping threads took: 0.0001084 seconds
[2019-01-14T13:43:14.754+0000][3263][safepoint    ] Application time: 0.0902026 seconds
[2019-01-14T13:43:14.754+0000][3263][safepoint    ] Total time for which application threads were stopped: 0.0001701 seconds, Stopping threads took: 0.0000048 seconds
[2019-01-14T13:43:14.828+0000][3263][safepoint    ] Application time: 0.0740175 seconds
[2019-01-14T13:43:14.828+0000][3263][safepoint    ] Total time for which application threads were stopped: 0.0001608 seconds, Stopping threads took: 0.0000046 seconds
[2019-01-14T13:43:14.855+0000][3263][safepoint    ] Application time: 0.0270162 seconds
[2019-01-14T13:43:14.855+0000][3263][safepoint    ] Total time for which application threads were stopped: 0.0000777 seconds, Stopping threads took: 0.0000064 seconds
[2019-01-14T13:43:14.856+0000][3263][gc           ] GC(0) Concurrent Abortable Preclean 657.235ms
[2019-01-14T13:43:14.856+0000][3263][gc,cpu       ] GC(0) User=0.95s Sys=0.13s Real=0.66s
[2019-01-14T13:43:14.856+0000][3263][safepoint    ] Application time: 0.0002855 seconds
[2019-01-14T13:43:14.856+0000][3263][gc,start     ] GC(0) Pause Remark
[2019-01-14T13:43:14.909+0000][3263][gc           ] GC(0) Pause Remark 44M->44M(247M) 52.785ms
[2019-01-14T13:43:14.909+0000][3263][gc,cpu       ] GC(0) User=0.05s Sys=0.00s Real=0.05s
[2019-01-14T13:43:14.909+0000][3263][safepoint    ] Total time for which application threads were stopped: 0.0529680 seconds, Stopping threads took: 0.0000374 seconds
[2019-01-14T13:43:14.909+0000][3263][gc           ] GC(0) Concurrent Sweep
[2019-01-14T13:43:14.909+0000][3263][gc           ] GC(0) Concurrent Sweep 0.039ms
[2019-01-14T13:43:14.909+0000][3263][gc,cpu       ] GC(0) User=0.00s Sys=0.00s Real=0.00s
[2019-01-14T13:43:14.909+0000][3263][gc           ] GC(0) Concurrent Reset
[2019-01-14T13:43:14.910+0000][3263][gc           ] GC(0) Concurrent Reset 1.123ms
[2019-01-14T13:43:14.910+0000][3263][gc,cpu       ] GC(0) User=0.00s Sys=0.00s Real=0.00s
[2019-01-14T13:43:14.910+0000][3263][gc,heap      ] GC(0) Old: 0K->0K(174784K)
[2019-01-14T13:43:14.970+0000][3263][safepoint    ] Application time: 0.0611957 seconds
[2019-01-14T13:43:14.970+0000][3263][safepoint    ] Total time for which application threads were stopped: 0.0001050 seconds, Stopping threads took: 0.0000217 seconds
[2019-01-14T13:43:14.975+0000][3263][safepoint    ] Application time: 0.0047251 seconds
[2019-01-14T13:43:14.975+0000][3263][safepoint    ] Total time for which application threads were stopped: 0.0000567 seconds, Stopping threads took: 0.0000126 seconds
[2019-01-14T13:43:15.035+0000][3263][safepoint    ] Application time: 0.0596726 seconds
[2019-01-14T13:43:15.038+0000][3263][gc,start     ] GC(2) Pause Young (Allocation Failure)
[2019-01-14T13:43:15.038+0000][3263][gc,task      ] GC(2) Using 2 workers of 2 for evacuation
[2019-01-14T13:43:15.083+0000][3263][gc,age       ] GC(2) Desired survivor size 4456448 bytes, new threshold 6 (max threshold 6)
[2019-01-14T13:43:15.083+0000][3263][gc,age       ] GC(2) Age table with threshold 6 (max threshold 6)
[2019-01-14T13:43:15.083+0000][3263][gc,age       ] GC(2) - age   1:    1684024 bytes,    1684024 total
[2019-01-14T13:43:15.083+0000][3263][gc,heap      ] GC(2) ParNew: 76279K->4212K(78656K)
[2019-01-14T13:43:15.083+0000][3263][gc,heap      ] GC(2) CMS: 0K->6877K(174784K)
[2019-01-14T13:43:15.083+0000][3263][gc,metaspace ] GC(2) Metaspace: 23008K->23008K(1071104K)
[2019-01-14T13:43:15.083+0000][3263][gc           ] GC(2) Pause Young (Allocation Failure) 74M->10M(247M) 45.380ms
[2019-01-14T13:43:15.083+0000][3263][gc,cpu       ] GC(2) User=0.07s Sys=0.02s Real=0.05s
[2019-01-14T13:43:15.083+0000][3263][safepoint    ] Total time for which application threads were stopped: 0.0484787 seconds, Stopping threads took: 0.0000414 seconds
[2019-01-14T13:43:15.313+0000][3263][safepoint    ] Application time: 0.2295944 seconds
[2019-01-14T13:43:15.313+0000][3263][gc,start     ] GC(3) Pause Young (Allocation Failure)
[2019-01-14T13:43:15.313+0000][3263][gc,task      ] GC(3) Using 2 workers of 2 for evacuation
[2019-01-14T13:43:15.328+0000][3263][gc,age       ] GC(3) Desired survivor size 4456448 bytes, new threshold 6 (max threshold 6)
[2019-01-14T13:43:15.328+0000][3263][gc,age       ] GC(3) Age table with threshold 6 (max threshold 6)
[2019-01-14T13:43:15.328+0000][3263][gc,age       ] GC(3) - age   1:     573600 bytes,     573600 total
[2019-01-14T13:43:15.328+0000][3263][gc,age       ] GC(3) - age   2:     437400 bytes,    1011000 total
[2019-01-14T13:43:15.328+0000][3263][gc,heap      ] GC(3) ParNew: 74164K->2196K(78656K)
[2019-01-14T13:43:15.328+0000][3263][gc,heap      ] GC(3) CMS: 6877K->6877K(174784K)
[2019-01-14T13:43:15.328+0000][3263][gc,metaspace ] GC(3) Metaspace: 23098K->23098K(1071104K)
[2019-01-14T13:43:15.328+0000][3263][gc           ] GC(3) Pause Young (Allocation Failure) 79M->8M(247M) 15.426ms
[2019-01-14T13:43:15.328+0000][3263][gc,cpu       ] GC(3) User=0.01s Sys=0.00s Real=0.01s
[2019-01-14T13:43:15.328+0000][3263][safepoint    ] Total time for which application threads were stopped: 0.0155941 seconds, Stopping threads took: 0.0000433 seconds
[2019-01-14T13:43:15.329+0000][3263][safepoint    ] Application time: 0.0004967 seconds
[2019-01-14T13:43:15.329+0000][3263][safepoint    ] Total time for which application threads were stopped: 0.0004798 seconds, Stopping threads took: 0.0001106 seconds
[2019-01-14T13:43:15.330+0000][3263][safepoint    ] Application time: 0.0001675 seconds
[2019-01-14T13:43:15.330+0000][3263][safepoint    ] Total time for which application threads were stopped: 0.0004216 seconds, Stopping threads took: 0.0000618 seconds
[2019-01-14T13:43:15.331+0000][3263][safepoint    ] Application time: 0.0000528 seconds
[2019-01-14T13:43:15.331+0000][3263][safepoint    ] Total time for which application threads were stopped: 0.0001798 seconds, Stopping threads took: 0.0000021 seconds
[2019-01-14T13:43:15.331+0000][3263][safepoint    ] Application time: 0.0000193 seconds
[2019-01-14T13:43:15.331+0000][3263][safepoint    ] Total time for which application threads were stopped: 0.0000609 seconds, Stopping threads took: 0.0000012 seconds
[2019-01-14T13:43:15.582+0000][3263][safepoint    ] Application time: 0.2508015 seconds
[2019-01-14T13:43:15.582+0000][3263][safepoint    ] Total time for which application threads were stopped: 0.0004754 seconds, Stopping threads took: 0.0000209 seconds
[2019-01-14T13:43:15.815+0000][3263][safepoint    ] Application time: 0.2326788 seconds
[2019-01-14T13:43:15.816+0000][3263][safepoint    ] Total time for which application threads were stopped: 0.0007534 seconds, Stopping threads took: 0.0000077 seconds
[2019-01-14T13:43:16.100+0000][3263][safepoint    ] Application time: 0.2836696 seconds
[2019-01-14T13:43:16.100+0000][3263][gc,start     ] GC(4) Pause Young (Allocation Failure)
[2019-01-14T13:43:16.100+0000][3263][gc,task      ] GC(4) Using 2 workers of 2 for evacuation
[2019-01-14T13:43:16.106+0000][3263][gc,age       ] GC(4) Desired survivor size 4456448 bytes, new threshold 6 (max threshold 6)
[2019-01-14T13:43:16.106+0000][3263][gc,age       ] GC(4) Age table with threshold 6 (max threshold 6)
[2019-01-14T13:43:16.106+0000][3263][gc,age       ] GC(4) - age   1:    2713008 bytes,    2713008 total
[2019-01-14T13:43:16.106+0000][3263][gc,age       ] GC(4) - age   2:     563648 bytes,    3276656 total
[2019-01-14T13:43:16.106+0000][3263][gc,age       ] GC(4) - age   3:     437016 bytes,    3713672 total
[2019-01-14T13:43:16.106+0000][3263][gc,heap      ] GC(4) ParNew: 72148K->3909K(78656K)
[2019-01-14T13:43:16.106+0000][3263][gc,heap      ] GC(4) CMS: 6877K->6877K(174784K)
[2019-01-14T13:43:16.106+0000][3263][gc,metaspace ] GC(4) Metaspace: 25882K->25882K(1073152K)
[2019-01-14T13:43:16.106+0000][3263][gc           ] GC(4) Pause Young (Allocation Failure) 77M->10M(247M) 6.614ms
[2019-01-14T13:43:16.106+0000][3263][gc,cpu       ] GC(4) User=0.01s Sys=0.00s Real=0.01s
[2019-01-14T13:43:16.106+0000][3263][safepoint    ] Total time for which application threads were stopped: 0.0068643 seconds, Stopping threads took: 0.0000133 seconds
[2019-01-14T13:43:16.107+0000][3263][safepoint    ] Application time: 0.0001436 seconds
[2019-01-14T13:43:16.107+0000][3263][safepoint    ] Total time for which application threads were stopped: 0.0001243 seconds, Stopping threads took: 0.0000417 seconds
[2019-01-14T13:43:16.107+0000][3263][safepoint    ] Application time: 0.0000569 seconds
[2019-01-14T13:43:16.107+0000][3263][safepoint    ] Total time for which application threads were stopped: 0.0000473 seconds, Stopping threads took: 0.0000023 seconds
[2019-01-14T13:43:16.107+0000][3263][safepoint    ] Application time: 0.0001065 seconds
[2019-01-14T13:43:16.107+0000][3263][safepoint    ] Total time for which application threads were stopped: 0.0001759 seconds, Stopping threads took: 0.0000614 seconds
[2019-01-14T13:43:16.107+0000][3263][safepoint    ] Application time: 0.0000620 seconds
[2019-01-14T13:43:16.107+0000][3263][safepoint    ] Total time for which application threads were stopped: 0.0000807 seconds, Stopping threads took: 0.0000042 seconds
[2019-01-14T13:43:16.107+0000][3263][safepoint    ] Application time: 0.0000717 seconds
[2019-01-14T13:43:16.108+0000][3263][safepoint    ] Total time for which application threads were stopped: 0.0002101 seconds, Stopping threads took: 0.0001346 seconds
[2019-01-14T13:43:16.108+0000][3263][safepoint    ] Application time: 0.0000711 seconds
[2019-01-14T13:43:16.108+0000][3263][safepoint    ] Total time for which application threads were stopped: 0.0000699 seconds, Stopping threads took: 0.0000036 seconds
[2019-01-14T13:43:16.108+0000][3263][safepoint    ] Application time: 0.0000618 seconds
[2019-01-14T13:43:16.108+0000][3263][safepoint    ] Total time for which application threads were stopped: 0.0001825 seconds, Stopping threads took: 0.0000774 seconds
[2019-01-14T13:43:16.108+0000][3263][safepoint    ] Application time: 0.0000709 seconds
[2019-01-14T13:43:16.108+0000][3263][safepoint    ] Total time for which application threads were stopped: 0.0000817 seconds, Stopping threads took: 0.0000037 seconds
[2019-01-14T13:43:16.108+0000][3263][safepoint    ] Application time: 0.0000624 seconds
[2019-01-14T13:43:16.108+0000][3263][safepoint    ] Total time for which application threads were stopped: 0.0000814 seconds, Stopping threads took: 0.0000035 seconds
[2019-01-14T13:43:16.109+0000][3263][safepoint    ] Application time: 0.0000598 seconds
[2019-01-14T13:43:16.109+0000][3263][safepoint    ] Total time for which application threads were stopped: 0.0000815 seconds, Stopping threads took: 0.0000034 seconds
[2019-01-14T13:43:16.109+0000][3263][safepoint    ] Application time: 0.0000529 seconds
[2019-01-14T13:43:16.109+0000][3263][safepoint    ] Total time for which application threads were stopped: 0.0000807 seconds, Stopping threads took: 0.0000036 seconds
[2019-01-14T13:43:16.109+0000][3263][safepoint    ] Application time: 0.0000606 seconds
[2019-01-14T13:43:16.109+0000][3263][safepoint    ] Total time for which application threads were stopped: 0.0001556 seconds, Stopping threads took: 0.0000538 seconds
[2019-01-14T13:43:16.109+0000][3263][safepoint    ] Application time: 0.0000531 seconds
[2019-01-14T13:43:16.109+0000][3263][safepoint    ] Total time for which application threads were stopped: 0.0000811 seconds, Stopping threads took: 0.0000035 seconds
[2019-01-14T13:43:16.132+0000][3263][safepoint    ] Application time: 0.0222950 seconds
[2019-01-14T13:43:16.132+0000][3263][safepoint    ] Total time for which application threads were stopped: 0.0000827 seconds, Stopping threads took: 0.0000063 seconds
[2019-01-14T13:43:16.397+0000][3263][safepoint    ] Application time: 0.2650329 seconds
[2019-01-14T13:43:16.397+0000][3263][gc,start     ] GC(5) Pause Young (Allocation Failure)
[2019-01-14T13:43:16.397+0000][3263][gc,task      ] GC(5) Using 2 workers of 2 for evacuation
[2019-01-14T13:43:16.407+0000][3263][gc,age       ] GC(5) Desired survivor size 4456448 bytes, new threshold 2 (max threshold 6)
[2019-01-14T13:43:16.407+0000][3263][gc,age       ] GC(5) Age table with threshold 2 (max threshold 6)
[2019-01-14T13:43:16.407+0000][3263][gc,age       ] GC(5) - age   1:    2078432 bytes,    2078432 total
[2019-01-14T13:43:16.407+0000][3263][gc,age       ] GC(5) - age   2:    2681928 bytes,    4760360 total
[2019-01-14T13:43:16.407+0000][3263][gc,age       ] GC(5) - age   3:     563424 bytes,    5323784 total
[2019-01-14T13:43:16.407+0000][3263][gc,age       ] GC(5) - age   4:     436792 bytes,    5760576 total
[2019-01-14T13:43:16.407+0000][3263][gc,heap      ] GC(5) ParNew: 73861K->6971K(78656K)
[2019-01-14T13:43:16.407+0000][3263][gc,heap      ] GC(5) CMS: 6877K->6877K(174784K)
[2019-01-14T13:43:16.407+0000][3263][gc,metaspace ] GC(5) Metaspace: 26883K->26883K(1075200K)
[2019-01-14T13:43:16.407+0000][3263][gc           ] GC(5) Pause Young (Allocation Failure) 78M->13M(247M) 10.237ms
[2019-01-14T13:43:16.407+0000][3263][gc,cpu       ] GC(5) User=0.01s Sys=0.00s Real=0.01s
[2019-01-14T13:43:16.407+0000][3263][safepoint    ] Total time for which application threads were stopped: 0.0103705 seconds, Stopping threads took: 0.0000042 seconds
[2019-01-14T13:43:16.526+0000][3263][safepoint    ] Application time: 0.1183737 seconds
[2019-01-14T13:43:16.527+0000][3263][safepoint    ] Total time for which application threads were stopped: 0.0011535 seconds, Stopping threads took: 0.0000175 seconds
[2019-01-14T13:43:16.686+0000][3263][safepoint    ] Application time: 0.1589657 seconds
[2019-01-14T13:43:16.686+0000][3263][gc,start     ] GC(6) Pause Young (Allocation Failure)
[2019-01-14T13:43:16.686+0000][3263][gc,task      ] GC(6) Using 2 workers of 2 for evacuation
[2019-01-14T13:43:16.709+0000][3263][gc,age       ] GC(6) Desired survivor size 4456448 bytes, new threshold 6 (max threshold 6)
[2019-01-14T13:43:16.709+0000][3263][gc,age       ] GC(6) Age table with threshold 6 (max threshold 6)
[2019-01-14T13:43:16.709+0000][3263][gc,age       ] GC(6) - age   1:    2637200 bytes,    2637200 total
[2019-01-14T13:43:16.709+0000][3263][gc,age       ] GC(6) - age   2:     539080 bytes,    3176280 total
[2019-01-14T13:43:16.709+0000][3263][gc,heap      ] GC(6) ParNew: 76923K->4798K(78656K)
[2019-01-14T13:43:16.709+0000][3263][gc,heap      ] GC(6) CMS: 6877K->10509K(174784K)
[2019-01-14T13:43:16.709+0000][3263][gc,metaspace ] GC(6) Metaspace: 27129K->27129K(1075200K)
[2019-01-14T13:43:16.709+0000][3263][gc           ] GC(6) Pause Young (Allocation Failure) 81M->14M(247M) 23.372ms
[2019-01-14T13:43:16.709+0000][3263][gc,cpu       ] GC(6) User=0.04s Sys=0.00s Real=0.02s
[2019-01-14T13:43:16.710+0000][3263][safepoint    ] Total time for which application threads were stopped: 0.0236087 seconds, Stopping threads took: 0.0000068 seconds
[2019-01-14T13:43:16.917+0000][3263][safepoint    ] Application time: 0.2072523 seconds
[2019-01-14T13:43:16.917+0000][3263][gc,start     ] GC(7) Pause Young (Allocation Failure)
[2019-01-14T13:43:16.917+0000][3263][gc,task      ] GC(7) Using 2 workers of 2 for evacuation
[2019-01-14T13:43:16.931+0000][3263][gc,age       ] GC(7) Desired survivor size 4456448 bytes, new threshold 6 (max threshold 6)
[2019-01-14T13:43:16.931+0000][3263][gc,age       ] GC(7) Age table with threshold 6 (max threshold 6)
[2019-01-14T13:43:16.931+0000][3263][gc,age       ] GC(7) - age   1:    2048104 bytes,    2048104 total
[2019-01-14T13:43:16.931+0000][3263][gc,age       ] GC(7) - age   2:    1822160 bytes,    3870264 total
[2019-01-14T13:43:16.931+0000][3263][gc,age       ] GC(7) - age   3:     538952 bytes,    4409216 total
[2019-01-14T13:43:16.931+0000][3263][gc,heap      ] GC(7) ParNew: 74750K->5289K(78656K)
[2019-01-14T13:43:16.931+0000][3263][gc,heap      ] GC(7) CMS: 10509K->10509K(174784K)
[2019-01-14T13:43:16.931+0000][3263][gc,metaspace ] GC(7) Metaspace: 27376K->27376K(1075200K)
[2019-01-14T13:43:16.931+0000][3263][gc           ] GC(7) Pause Young (Allocation Failure) 83M->15M(247M) 13.789ms
[2019-01-14T13:43:16.931+0000][3263][gc,cpu       ] GC(7) User=0.02s Sys=0.01s Real=0.01s
[2019-01-14T13:43:16.931+0000][3263][safepoint    ] Total time for which application threads were stopped: 0.0139384 seconds, Stopping threads took: 0.0000067 seconds
[2019-01-14T13:43:17.133+0000][3263][safepoint    ] Application time: 0.2019883 seconds
[2019-01-14T13:43:17.133+0000][3263][gc,start     ] GC(8) Pause Young (Allocation Failure)
[2019-01-14T13:43:17.133+0000][3263][gc,task      ] GC(8) Using 2 workers of 2 for evacuation
[2019-01-14T13:43:17.141+0000][3263][gc,age       ] GC(8) Desired survivor size 4456448 bytes, new threshold 4 (max threshold 6)
[2019-01-14T13:43:17.141+0000][3263][gc,age       ] GC(8) Age table with threshold 4 (max threshold 6)
[2019-01-14T13:43:17.141+0000][3263][gc,age       ] GC(8) - age   1:    1546880 bytes,    1546880 total
[2019-01-14T13:43:17.141+0000][3263][gc,age       ] GC(8) - age   2:     802696 bytes,    2349576 total
[2019-01-14T13:43:17.141+0000][3263][gc,age       ] GC(8) - age   3:    1822160 bytes,    4171736 total
[2019-01-14T13:43:17.141+0000][3263][gc,age       ] GC(8) - age   4:     538952 bytes,    4710688 total
[2019-01-14T13:43:17.141+0000][3263][gc,heap      ] GC(8) ParNew: 75241K->8221K(78656K)
[2019-01-14T13:43:17.141+0000][3263][gc,heap      ] GC(8) CMS: 10509K->10509K(174784K)
[2019-01-14T13:43:17.141+0000][3263][gc,metaspace ] GC(8) Metaspace: 27668K->27668K(1075200K)
[2019-01-14T13:43:17.141+0000][3263][gc           ] GC(8) Pause Young (Allocation Failure) 83M->18M(247M) 8.456ms
[2019-01-14T13:43:17.141+0000][3263][gc,cpu       ] GC(8) User=0.01s Sys=0.00s Real=0.00s
[2019-01-14T13:43:17.141+0000][3263][safepoint    ] Total time for which application threads were stopped: 0.0085789 seconds, Stopping threads took: 0.0000051 seconds
[2019-01-14T13:43:17.455+0000][3263][safepoint    ] Application time: 0.3139560 seconds
[2019-01-14T13:43:17.455+0000][3263][gc,start     ] GC(9) Pause Young (Allocation Failure)
[2019-01-14T13:43:17.456+0000][3263][gc,task      ] GC(9) Using 2 workers of 2 for evacuation
[2019-01-14T13:43:17.464+0000][3263][gc,age       ] GC(9) Desired survivor size 4456448 bytes, new threshold 4 (max threshold 6)
[2019-01-14T13:43:17.464+0000][3263][gc,age       ] GC(9) Age table with threshold 4 (max threshold 6)
[2019-01-14T13:43:17.464+0000][3263][gc,age       ] GC(9) - age   1:     715808 bytes,     715808 total
[2019-01-14T13:43:17.464+0000][3263][gc,age       ] GC(9) - age   2:    1119552 bytes,    1835360 total
[2019-01-14T13:43:17.464+0000][3263][gc,age       ] GC(9) - age   3:     802504 bytes,    2637864 total
[2019-01-14T13:43:17.464+0000][3263][gc,age       ] GC(9) - age   4:    1820128 bytes,    4457992 total
[2019-01-14T13:43:17.464+0000][3263][gc,heap      ] GC(9) ParNew: 78173K->6881K(78656K)
[2019-01-14T13:43:17.464+0000][3263][gc,heap      ] GC(9) CMS: 10509K->11050K(174784K)
[2019-01-14T13:43:17.464+0000][3263][gc,metaspace ] GC(9) Metaspace: 28507K->28507K(1075200K)
[2019-01-14T13:43:17.464+0000][3263][gc           ] GC(9) Pause Young (Allocation Failure) 86M->17M(247M) 8.893ms
[2019-01-14T13:43:17.464+0000][3263][gc,cpu       ] GC(9) User=0.02s Sys=0.00s Real=0.01s
[2019-01-14T13:43:17.464+0000][3263][safepoint    ] Total time for which application threads were stopped: 0.0090316 seconds, Stopping threads took: 0.0000118 seconds
[2019-01-14T13:43:17.465+0000][3263][safepoint    ] Application time: 0.0004213 seconds
[2019-01-14T13:43:17.465+0000][3263][safepoint    ] Total time for which application threads were stopped: 0.0001145 seconds, Stopping threads took: 0.0000368 seconds
[2019-01-14T13:43:17.465+0000][3263][safepoint    ] Application time: 0.0000915 seconds
[2019-01-14T13:43:17.465+0000][3263][safepoint    ] Total time for which application threads were stopped: 0.0000603 seconds, Stopping threads took: 0.0000041 seconds
[2019-01-14T13:43:17.465+0000][3263][safepoint    ] Application time: 0.0000767 seconds
[2019-01-14T13:43:17.465+0000][3263][safepoint    ] Total time for which application threads were stopped: 0.0000552 seconds, Stopping threads took: 0.0000037 seconds
[2019-01-14T13:43:17.465+0000][3263][safepoint    ] Application time: 0.0000627 seconds
[2019-01-14T13:43:17.466+0000][3263][safepoint    ] Total time for which application threads were stopped: 0.0000539 seconds, Stopping threads took: 0.0000037 seconds
[2019-01-14T13:43:17.466+0000][3263][safepoint    ] Application time: 0.0001019 seconds
[2019-01-14T13:43:17.466+0000][3263][safepoint    ] Total time for which application threads were stopped: 0.0000722 seconds, Stopping threads took: 0.0000034 seconds
[2019-01-14T13:43:17.466+0000][3263][safepoint    ] Application time: 0.0000313 seconds
[2019-01-14T13:43:17.466+0000][3263][safepoint    ] Total time for which application threads were stopped: 0.0000298 seconds, Stopping threads took: 0.0000020 seconds
[2019-01-14T13:43:17.466+0000][3263][safepoint    ] Application time: 0.0000349 seconds
[2019-01-14T13:43:17.466+0000][3263][safepoint    ] Total time for which application threads were stopped: 0.0000296 seconds, Stopping threads took: 0.0000018 seconds
[2019-01-14T13:43:17.466+0000][3263][safepoint    ] Application time: 0.0000338 seconds
[2019-01-14T13:43:17.466+0000][3263][safepoint    ] Total time for which application threads were stopped: 0.0000291 seconds, Stopping threads took: 0.0000021 seconds
[2019-01-14T13:43:17.466+0000][3263][safepoint    ] Application time: 0.0000311 seconds
[2019-01-14T13:43:17.466+0000][3263][safepoint    ] Total time for which application threads were stopped: 0.0000286 seconds, Stopping threads took: 0.0000019 seconds
[2019-01-14T13:43:17.466+0000][3263][safepoint    ] Application time: 0.0000329 seconds
[2019-01-14T13:43:17.466+0000][3263][safepoint    ] Total time for which application threads were stopped: 0.0000288 seconds, Stopping threads took: 0.0000021 seconds
[2019-01-14T13:43:17.466+0000][3263][safepoint    ] Application time: 0.0000311 seconds
[2019-01-14T13:43:17.466+0000][3263][safepoint    ] Total time for which application threads were stopped: 0.0000300 seconds, Stopping threads took: 0.0000021 seconds
[2019-01-14T13:43:17.466+0000][3263][safepoint    ] Application time: 0.0000336 seconds
[2019-01-14T13:43:17.466+0000][3263][safepoint    ] Total time for which application threads were stopped: 0.0000298 seconds, Stopping threads took: 0.0000018 seconds
[2019-01-14T13:43:17.466+0000][3263][safepoint    ] Application time: 0.0000321 seconds
[2019-01-14T13:43:17.466+0000][3263][safepoint    ] Total time for which application threads were stopped: 0.0000289 seconds, Stopping threads took: 0.0000019 seconds
[2019-01-14T13:43:17.633+0000][3263][safepoint    ] Application time: 0.1665524 seconds
[2019-01-14T13:43:17.633+0000][3263][gc,start     ] GC(10) Pause Young (Allocation Failure)
[2019-01-14T13:43:17.633+0000][3263][gc,task      ] GC(10) Using 2 workers of 2 for evacuation
[2019-01-14T13:43:17.642+0000][3263][gc,age       ] GC(10) Desired survivor size 4456448 bytes, new threshold 6 (max threshold 6)
[2019-01-14T13:43:17.643+0000][3263][gc,age       ] GC(10) Age table with threshold 6 (max threshold 6)
[2019-01-14T13:43:17.643+0000][3263][gc,age       ] GC(10) - age   1:     808320 bytes,     808320 total
[2019-01-14T13:43:17.643+0000][3263][gc,age       ] GC(10) - age   2:     694736 bytes,    1503056 total
[2019-01-14T13:43:17.643+0000][3263][gc,age       ] GC(10) - age   3:    1119456 bytes,    2622512 total
[2019-01-14T13:43:17.643+0000][3263][gc,age       ] GC(10) - age   4:     802504 bytes,    3425016 total
[2019-01-14T13:43:17.643+0000][3263][gc,heap      ] GC(10) ParNew: 76833K->5929K(78656K)
[2019-01-14T13:43:17.643+0000][3263][gc,heap      ] GC(10) CMS: 11050K->12840K(174784K)
[2019-01-14T13:43:17.643+0000][3263][gc,metaspace ] GC(10) Metaspace: 28689K->28689K(1075200K)
[2019-01-14T13:43:17.643+0000][3263][gc           ] GC(10) Pause Young (Allocation Failure) 85M->18M(247M) 9.518ms
[2019-01-14T13:43:17.643+0000][3263][gc,cpu       ] GC(10) User=0.02s Sys=0.00s Real=0.00s
[2019-01-14T13:43:17.643+0000][3263][safepoint    ] Total time for which application threads were stopped: 0.0096943 seconds, Stopping threads took: 0.0000226 seconds
[2019-01-14T13:43:17.671+0000][3263][safepoint    ] Application time: 0.0284907 seconds
[2019-01-14T13:43:17.671+0000][3263][safepoint    ] Total time for which application threads were stopped: 0.0001233 seconds, Stopping threads took: 0.0000211 seconds
[2019-01-14T13:43:17.777+0000][3263][safepoint    ] Application time: 0.1055761 seconds
[2019-01-14T13:43:17.777+0000][3263][gc,start     ] GC(11) Pause Young (Allocation Failure)
[2019-01-14T13:43:17.777+0000][3263][gc,task      ] GC(11) Using 2 workers of 2 for evacuation
[2019-01-14T13:43:17.780+0000][3263][gc,age       ] GC(11) Desired survivor size 4456448 bytes, new threshold 6 (max threshold 6)
[2019-01-14T13:43:17.780+0000][3263][gc,age       ] GC(11) Age table with threshold 6 (max threshold 6)
[2019-01-14T13:43:17.780+0000][3263][gc,age       ] GC(11) - age   1:     164584 bytes,     164584 total
[2019-01-14T13:43:17.780+0000][3263][gc,age       ] GC(11) - age   2:     174984 bytes,     339568 total
[2019-01-14T13:43:17.780+0000][3263][gc,age       ] GC(11) - age   3:     694624 bytes,    1034192 total
[2019-01-14T13:43:17.780+0000][3263][gc,age       ] GC(11) - age   4:    1119456 bytes,    2153648 total
[2019-01-14T13:43:17.780+0000][3263][gc,age       ] GC(11) - age   5:     802504 bytes,    2956152 total
[2019-01-14T13:43:17.780+0000][3263][gc,heap      ] GC(11) ParNew: 75881K->4484K(78656K)
[2019-01-14T13:43:17.780+0000][3263][gc,heap      ] GC(11) CMS: 12840K->12840K(174784K)
[2019-01-14T13:43:17.780+0000][3263][gc,metaspace ] GC(11) Metaspace: 28774K->28774K(1075200K)
[2019-01-14T13:43:17.780+0000][3263][gc           ] GC(11) Pause Young (Allocation Failure) 86M->16M(247M) 2.744ms
[2019-01-14T13:43:17.780+0000][3263][gc,cpu       ] GC(11) User=0.00s Sys=0.00s Real=0.00s
[2019-01-14T13:43:17.780+0000][3263][safepoint    ] Total time for which application threads were stopped: 0.0029389 seconds, Stopping threads took: 0.0000234 seconds
[2019-01-14T13:43:17.957+0000][3263][safepoint    ] Application time: 0.1772775 seconds
[2019-01-14T13:43:17.957+0000][3263][gc,start     ] GC(12) Pause Young (Allocation Failure)
[2019-01-14T13:43:17.957+0000][3263][gc,task      ] GC(12) Using 2 workers of 2 for evacuation
[2019-01-14T13:43:17.962+0000][3263][gc,age       ] GC(12) Desired survivor size 4456448 bytes, new threshold 6 (max threshold 6)
[2019-01-14T13:43:17.962+0000][3263][gc,age       ] GC(12) Age table with threshold 6 (max threshold 6)
[2019-01-14T13:43:17.962+0000][3263][gc,age       ] GC(12) - age   1:     921672 bytes,     921672 total
[2019-01-14T13:43:17.962+0000][3263][gc,age       ] GC(12) - age   2:      92608 bytes,    1014280 total
[2019-01-14T13:43:17.962+0000][3263][gc,age       ] GC(12) - age   3:     174984 bytes,    1189264 total
[2019-01-14T13:43:17.962+0000][3263][gc,age       ] GC(12) - age   4:     694520 bytes,    1883784 total
[2019-01-14T13:43:17.962+0000][3263][gc,age       ] GC(12) - age   5:    1119312 bytes,    3003096 total
[2019-01-14T13:43:17.962+0000][3263][gc,age       ] GC(12) - age   6:     802480 bytes,    3805576 total
[2019-01-14T13:43:17.962+0000][3263][gc,heap      ] GC(12) ParNew: 74436K->5452K(78656K)
[2019-01-14T13:43:17.962+0000][3263][gc,heap      ] GC(12) CMS: 12840K->12840K(174784K)
[2019-01-14T13:43:17.962+0000][3263][gc,metaspace ] GC(12) Metaspace: 28825K->28825K(1077248K)
[2019-01-14T13:43:17.962+0000][3263][gc           ] GC(12) Pause Young (Allocation Failure) 85M->17M(247M) 4.517ms
[2019-01-14T13:43:17.962+0000][3263][gc,cpu       ] GC(12) User=0.01s Sys=0.00s Real=0.00s
[2019-01-14T13:43:17.962+0000][3263][safepoint    ] Total time for which application threads were stopped: 0.0046626 seconds, Stopping threads took: 0.0000141 seconds
[2019-01-14T13:43:18.345+0000][3263][safepoint    ] Application time: 0.3828931 seconds
[2019-01-14T13:43:18.345+0000][3263][gc,start     ] GC(13) Pause Young (Allocation Failure)
[2019-01-14T13:43:18.345+0000][3263][gc,task      ] GC(13) Using 2 workers of 2 for evacuation
[2019-01-14T13:43:18.351+0000][3263][gc,age       ] GC(13) Desired survivor size 4456448 bytes, new threshold 6 (max threshold 6)
[2019-01-14T13:43:18.351+0000][3263][gc,age       ] GC(13) Age table with threshold 6 (max threshold 6)
[2019-01-14T13:43:18.351+0000][3263][gc,age       ] GC(13) - age   1:    2097184 bytes,    2097184 total
[2019-01-14T13:43:18.351+0000][3263][gc,age       ] GC(13) - age   2:     321544 bytes,    2418728 total
[2019-01-14T13:43:18.351+0000][3263][gc,age       ] GC(13) - age   3:      92496 bytes,    2511224 total
[2019-01-14T13:43:18.351+0000][3263][gc,age       ] GC(13) - age   4:     174984 bytes,    2686208 total
[2019-01-14T13:43:18.351+0000][3263][gc,age       ] GC(13) - age   5:     694520 bytes,    3380728 total
[2019-01-14T13:43:18.351+0000][3263][gc,age       ] GC(13) - age   6:    1119168 bytes,    4499896 total
[2019-01-14T13:43:18.351+0000][3263][gc,heap      ] GC(13) ParNew: 75404K->5202K(78656K)
[2019-01-14T13:43:18.351+0000][3263][gc,heap      ] GC(13) CMS: 12840K->13629K(174784K)
[2019-01-14T13:43:18.351+0000][3263][gc,metaspace ] GC(13) Metaspace: 29036K->29036K(1077248K)
[2019-01-14T13:43:18.351+0000][3263][gc           ] GC(13) Pause Young (Allocation Failure) 86M->18M(247M) 5.769ms
[2019-01-14T13:43:18.351+0000][3263][gc,cpu       ] GC(13) User=0.01s Sys=0.00s Real=0.00s
[2019-01-14T13:43:18.351+0000][3263][safepoint    ] Total time for which application threads were stopped: 0.0058694 seconds, Stopping threads took: 0.0000055 seconds
[2019-01-14T13:43:18.424+0000][3263][safepoint    ] Application time: 0.0728996 seconds
[2019-01-14T13:43:18.424+0000][3263][safepoint    ] Total time for which application threads were stopped: 0.0005092 seconds, Stopping threads took: 0.0000504 seconds
[2019-01-14T13:43:18.691+0000][3263][safepoint    ] Application time: 0.2666040 seconds
[2019-01-14T13:43:18.691+0000][3263][safepoint    ] Total time for which application threads were stopped: 0.0000856 seconds, Stopping threads took: 0.0000065 seconds
[2019-01-14T13:43:18.691+0000][3263][safepoint    ] Application time: 0.0003193 seconds
[2019-01-14T13:43:18.691+0000][3263][safepoint    ] Total time for which application threads were stopped: 0.0000249 seconds, Stopping threads took: 0.0000028 seconds
[2019-01-14T13:43:19.466+0000][3263][safepoint    ] Application time: 0.7742982 seconds
[2019-01-14T13:43:19.467+0000][3263][safepoint    ] Total time for which application threads were stopped: 0.0008681 seconds, Stopping threads took: 0.0000164 seconds
[2019-01-14T13:43:19.491+0000][3263][safepoint    ] Application time: 0.0241373 seconds
[2019-01-14T13:43:19.491+0000][3263][safepoint    ] Total time for which application threads were stopped: 0.0003649 seconds, Stopping threads took: 0.0000122 seconds
[2019-01-14T13:43:20.190+0000][3263][safepoint    ] Application time: 0.6990837 seconds
[2019-01-14T13:43:20.191+0000][3263][gc,start     ] GC(14) Pause Young (Allocation Failure)
[2019-01-14T13:43:20.191+0000][3263][gc,task      ] GC(14) Using 2 workers of 2 for evacuation
[2019-01-14T13:43:20.228+0000][3263][gc,age       ] GC(14) Desired survivor size 4456448 bytes, new threshold 1 (max threshold 6)
[2019-01-14T13:43:20.228+0000][3263][gc,age       ] GC(14) Age table with threshold 1 (max threshold 6)
[2019-01-14T13:43:20.228+0000][3263][gc,age       ] GC(14) - age   1:    6525704 bytes,    6525704 total
[2019-01-14T13:43:20.228+0000][3263][gc,age       ] GC(14) - age   2:     105240 bytes,    6630944 total
[2019-01-14T13:43:20.228+0000][3263][gc,age       ] GC(14) - age   3:     320776 bytes,    6951720 total
[2019-01-14T13:43:20.228+0000][3263][gc,age       ] GC(14) - age   4:      92112 bytes,    7043832 total
[2019-01-14T13:43:20.228+0000][3263][gc,age       ] GC(14) - age   5:     173848 bytes,    7217680 total
[2019-01-14T13:43:20.228+0000][3263][gc,age       ] GC(14) - age   6:     684920 bytes,    7902600 total
[2019-01-14T13:43:20.228+0000][3263][gc,heap      ] GC(14) ParNew: 75154K->8704K(78656K)
[2019-01-14T13:43:20.228+0000][3263][gc,heap      ] GC(14) CMS: 13629K->16311K(174784K)
[2019-01-14T13:43:20.228+0000][3263][gc,metaspace ] GC(14) Metaspace: 34991K->34991K(1081344K)
[2019-01-14T13:43:20.228+0000][3263][gc           ] GC(14) Pause Young (Allocation Failure) 86M->24M(247M) 37.812ms
[2019-01-14T13:43:20.228+0000][3263][gc,cpu       ] GC(14) User=0.06s Sys=0.00s Real=0.04s
[2019-01-14T13:43:20.229+0000][3263][safepoint    ] Total time for which application threads were stopped: 0.0382063 seconds, Stopping threads took: 0.0000071 seconds
[2019-01-14T13:43:21.229+0000][3263][safepoint    ] Application time: 1.0002648 seconds
[2019-01-14T13:43:21.229+0000][3263][safepoint    ] Total time for which application threads were stopped: 0.0001027 seconds, Stopping threads took: 0.0000420 seconds
[2019-01-14T13:43:21.297+0000][3263][safepoint    ] Application time: 0.0680892 seconds
[2019-01-14T13:43:21.297+0000][3263][gc,start     ] GC(15) Pause Young (Allocation Failure)
[2019-01-14T13:43:21.297+0000][3263][gc,task      ] GC(15) Using 2 workers of 2 for evacuation
[2019-01-14T13:43:21.388+0000][3263][gc,age       ] GC(15) Desired survivor size 4456448 bytes, new threshold 1 (max threshold 6)
[2019-01-14T13:43:21.389+0000][3263][gc,age       ] GC(15) Age table with threshold 1 (max threshold 6)
[2019-01-14T13:43:21.389+0000][3263][gc,age       ] GC(15) - age   1:    7575128 bytes,    7575128 total
[2019-01-14T13:43:21.389+0000][3263][gc,heap      ] GC(15) ParNew: 78656K->8704K(78656K)
[2019-01-14T13:43:21.389+0000][3263][gc,heap      ] GC(15) CMS: 16311K->27892K(174784K)
[2019-01-14T13:43:21.389+0000][3263][gc,metaspace ] GC(15) Metaspace: 35054K->35054K(1081344K)
[2019-01-14T13:43:21.389+0000][3263][gc           ] GC(15) Pause Young (Allocation Failure) 92M->35M(247M) 91.484ms
[2019-01-14T13:43:21.389+0000][3263][gc,cpu       ] GC(15) User=0.14s Sys=0.01s Real=0.09s
[2019-01-14T13:43:21.389+0000][3263][safepoint    ] Total time for which application threads were stopped: 0.0915864 seconds, Stopping threads took: 0.0000053 seconds
[2019-01-14T13:43:22.389+0000][3263][safepoint    ] Application time: 1.0004495 seconds
[2019-01-14T13:43:22.389+0000][3263][safepoint    ] Total time for which application threads were stopped: 0.0001157 seconds, Stopping threads took: 0.0000682 seconds
[2019-01-14T13:43:22.490+0000][3263][safepoint    ] Application time: 0.1008920 seconds
[2019-01-14T13:43:22.490+0000][3263][gc,start     ] GC(16) Pause Young (Allocation Failure)
[2019-01-14T13:43:22.490+0000][3263][gc,task      ] GC(16) Using 2 workers of 2 for evacuation
[2019-01-14T13:43:22.531+0000][3263][gc,age       ] GC(16) Desired survivor size 4456448 bytes, new threshold 1 (max threshold 6)
[2019-01-14T13:43:22.531+0000][3263][gc,age       ] GC(16) Age table with threshold 1 (max threshold 6)
[2019-01-14T13:43:22.531+0000][3263][gc,age       ] GC(16) - age   1:    6730016 bytes,    6730016 total
[2019-01-14T13:43:22.531+0000][3263][gc,heap      ] GC(16) ParNew: 78656K->8704K(78656K)
[2019-01-14T13:43:22.531+0000][3263][gc,heap      ] GC(16) CMS: 27892K->38715K(174784K)
[2019-01-14T13:43:22.531+0000][3263][gc,metaspace ] GC(16) Metaspace: 35088K->35088K(1081344K)
[2019-01-14T13:43:22.531+0000][3263][gc           ] GC(16) Pause Young (Allocation Failure) 104M->46M(247M) 40.613ms
[2019-01-14T13:43:22.531+0000][3263][gc,cpu       ] GC(16) User=0.07s Sys=0.00s Real=0.05s
[2019-01-14T13:43:22.531+0000][3263][safepoint    ] Total time for which application threads were stopped: 0.0407595 seconds, Stopping threads took: 0.0000072 seconds
[2019-01-14T13:43:22.966+0000][3263][safepoint    ] Application time: 0.4344842 seconds
[2019-01-14T13:43:22.966+0000][3263][safepoint    ] Total time for which application threads were stopped: 0.0001832 seconds, Stopping threads took: 0.0000136 seconds
[2019-01-14T13:43:23.041+0000][3263][safepoint    ] Application time: 0.0751499 seconds
[2019-01-14T13:43:23.041+0000][3263][safepoint    ] Total time for which application threads were stopped: 0.0003354 seconds, Stopping threads took: 0.0000208 seconds
[2019-01-14T13:43:23.105+0000][3263][safepoint    ] Application time: 0.0636891 seconds
[2019-01-14T13:43:23.105+0000][3263][safepoint    ] Total time for which application threads were stopped: 0.0001851 seconds, Stopping threads took: 0.0000181 seconds
[2019-01-14T13:43:23.151+0000][3263][safepoint    ] Application time: 0.0452391 seconds
[2019-01-14T13:43:23.151+0000][3263][safepoint    ] Total time for which application threads were stopped: 0.0002602 seconds, Stopping threads took: 0.0000182 seconds
[2019-01-14T13:43:23.172+0000][3263][safepoint    ] Application time: 0.0211233 seconds
[2019-01-14T13:43:23.172+0000][3263][safepoint    ] Total time for which application threads were stopped: 0.0004335 seconds, Stopping threads took: 0.0000158 seconds
[2019-01-14T13:43:23.188+0000][3263][safepoint    ] Application time: 0.0153909 seconds
[2019-01-14T13:43:23.188+0000][3263][safepoint    ] Total time for which application threads were stopped: 0.0002954 seconds, Stopping threads took: 0.0000273 seconds
[2019-01-14T13:43:23.262+0000][3263][safepoint    ] Application time: 0.0732093 seconds
[2019-01-14T13:43:23.262+0000][3263][safepoint    ] Total time for which application threads were stopped: 0.0005485 seconds, Stopping threads took: 0.0000266 seconds
[2019-01-14T13:43:23.309+0000][3263][safepoint    ] Application time: 0.0467549 seconds
[2019-01-14T13:43:23.309+0000][3263][safepoint    ] Total time for which application threads were stopped: 0.0003119 seconds, Stopping threads took: 0.0000302 seconds
[2019-01-14T13:43:23.356+0000][3263][safepoint    ] Application time: 0.0471641 seconds
[2019-01-14T13:43:23.357+0000][3263][safepoint    ] Total time for which application threads were stopped: 0.0003143 seconds, Stopping threads took: 0.0000207 seconds
[2019-01-14T13:43:23.393+0000][3263][safepoint    ] Application time: 0.0363253 seconds
[2019-01-14T13:43:23.393+0000][3263][safepoint    ] Total time for which application threads were stopped: 0.0001798 seconds, Stopping threads took: 0.0000143 seconds
[2019-01-14T13:43:23.425+0000][3263][safepoint    ] Application time: 0.0315907 seconds
[2019-01-14T13:43:23.425+0000][3263][safepoint    ] Total time for which application threads were stopped: 0.0001611 seconds, Stopping threads took: 0.0000165 seconds
[2019-01-14T13:43:23.450+0000][3263][safepoint    ] Application time: 0.0247112 seconds
[2019-01-14T13:43:23.450+0000][3263][safepoint    ] Total time for which application threads were stopped: 0.0000649 seconds, Stopping threads took: 0.0000134 seconds
[2019-01-14T13:43:23.506+0000][3263][safepoint    ] Application time: 0.0557330 seconds
[2019-01-14T13:43:23.506+0000][3263][safepoint    ] Total time for which application threads were stopped: 0.0002027 seconds, Stopping threads took: 0.0000134 seconds
[2019-01-14T13:43:23.560+0000][3263][safepoint    ] Application time: 0.0537950 seconds
[2019-01-14T13:43:23.560+0000][3263][safepoint    ] Total time for which application threads were stopped: 0.0001836 seconds, Stopping threads took: 0.0000128 seconds
[2019-01-14T13:43:23.593+0000][3263][safepoint    ] Application time: 0.0327053 seconds
[2019-01-14T13:43:23.593+0000][3263][safepoint    ] Total time for which application threads were stopped: 0.0001883 seconds, Stopping threads took: 0.0000136 seconds
[2019-01-14T13:43:23.677+0000][3263][safepoint    ] Application time: 0.0836993 seconds
[2019-01-14T13:43:23.677+0000][3263][safepoint    ] Total time for which application threads were stopped: 0.0001763 seconds, Stopping threads took: 0.0000145 seconds
[2019-01-14T13:43:23.730+0000][3263][safepoint    ] Application time: 0.0531402 seconds
[2019-01-14T13:43:23.730+0000][3263][safepoint    ] Total time for which application threads were stopped: 0.0002340 seconds, Stopping threads took: 0.0000152 seconds
[2019-01-14T13:43:23.775+0000][3263][safepoint    ] Application time: 0.0447629 seconds
[2019-01-14T13:43:23.776+0000][3263][safepoint    ] Total time for which application threads were stopped: 0.0003056 seconds, Stopping threads took: 0.0000227 seconds
[2019-01-14T13:43:23.833+0000][3263][safepoint    ] Application time: 0.0577053 seconds
[2019-01-14T13:43:23.834+0000][3263][safepoint    ] Total time for which application threads were stopped: 0.0001926 seconds, Stopping threads took: 0.0000134 seconds
[2019-01-14T13:43:23.880+0000][3263][safepoint    ] Application time: 0.0465470 seconds
[2019-01-14T13:43:23.880+0000][3263][safepoint    ] Total time for which application threads were stopped: 0.0001813 seconds, Stopping threads took: 0.0000235 seconds
[2019-01-14T13:43:23.938+0000][3263][safepoint    ] Application time: 0.0580228 seconds
[2019-01-14T13:43:23.939+0000][3263][safepoint    ] Total time for which application threads were stopped: 0.0002202 seconds, Stopping threads took: 0.0000185 seconds
[2019-01-14T13:43:23.988+0000][3263][safepoint    ] Application time: 0.0489723 seconds
[2019-01-14T13:43:23.988+0000][3263][safepoint    ] Total time for which application threads were stopped: 0.0001597 seconds, Stopping threads took: 0.0000141 seconds
[2019-01-14T13:43:24.026+0000][3263][safepoint    ] Application time: 0.0386146 seconds
[2019-01-14T13:43:24.027+0000][3263][safepoint    ] Total time for which application threads were stopped: 0.0002995 seconds, Stopping threads took: 0.0000237 seconds
[2019-01-14T13:43:24.029+0000][3263][safepoint    ] Application time: 0.0021236 seconds
[2019-01-14T13:43:24.029+0000][3263][gc,start     ] GC(17) Pause Young (Allocation Failure)
[2019-01-14T13:43:24.029+0000][3263][gc,task      ] GC(17) Using 2 workers of 2 for evacuation
[2019-01-14T13:43:24.056+0000][3263][gc,age       ] GC(17) Desired survivor size 4456448 bytes, new threshold 6 (max threshold 6)
[2019-01-14T13:43:24.056+0000][3263][gc,age       ] GC(17) Age table with threshold 6 (max threshold 6)
[2019-01-14T13:43:24.056+0000][3263][gc,age       ] GC(17) - age   1:    3048032 bytes,    3048032 total
[2019-01-14T13:43:24.056+0000][3263][gc,heap      ] GC(17) ParNew: 78656K->6743K(78656K)
[2019-01-14T13:43:24.056+0000][3263][gc,heap      ] GC(17) CMS: 38715K->45304K(174784K)
[2019-01-14T13:43:24.056+0000][3263][gc,metaspace ] GC(17) Metaspace: 43615K->43615K(1089536K)
[2019-01-14T13:43:24.056+0000][3263][gc           ] GC(17) Pause Young (Allocation Failure) 114M->50M(247M) 27.287ms
[2019-01-14T13:43:24.056+0000][3263][gc,cpu       ] GC(17) User=0.05s Sys=0.00s Real=0.03s
[2019-01-14T13:43:24.056+0000][3263][safepoint    ] Total time for which application threads were stopped: 0.0273899 seconds, Stopping threads took: 0.0000118 seconds
[2019-01-14T13:43:24.059+0000][3263][safepoint    ] Application time: 0.0023321 seconds
[2019-01-14T13:43:24.059+0000][3263][gc,start     ] GC(18) Pause Initial Mark
[2019-01-14T13:43:24.063+0000][3263][gc           ] GC(18) Pause Initial Mark 52M->52M(247M) 3.860ms
[2019-01-14T13:43:24.063+0000][3263][gc,cpu       ] GC(18) User=0.01s Sys=0.00s Real=0.00s
[2019-01-14T13:43:24.063+0000][3263][safepoint    ] Total time for which application threads were stopped: 0.0039491 seconds, Stopping threads took: 0.0000041 seconds
[2019-01-14T13:43:24.067+0000][3263][gc           ] GC(18) Concurrent Mark
[2019-01-14T13:43:24.093+0000][3263][safepoint    ] Application time: 0.0306678 seconds
[2019-01-14T13:43:24.094+0000][3263][safepoint    ] Total time for which application threads were stopped: 0.0002876 seconds, Stopping threads took: 0.0000061 seconds
[2019-01-14T13:43:24.123+0000][3263][safepoint    ] Application time: 0.0295449 seconds
[2019-01-14T13:43:24.124+0000][3263][safepoint    ] Total time for which application threads were stopped: 0.0002525 seconds, Stopping threads took: 0.0000038 seconds
[2019-01-14T13:43:24.166+0000][3263][safepoint    ] Application time: 0.0420862 seconds
[2019-01-14T13:43:24.166+0000][3263][safepoint    ] Total time for which application threads were stopped: 0.0002777 seconds, Stopping threads took: 0.0000068 seconds
[2019-01-14T13:43:24.199+0000][3263][gc           ] GC(18) Concurrent Mark 131.563ms
[2019-01-14T13:43:24.199+0000][3263][gc,cpu       ] GC(18) User=0.23s Sys=0.01s Real=0.13s
[2019-01-14T13:43:24.199+0000][3263][gc           ] GC(18) Concurrent Preclean
[2019-01-14T13:43:24.211+0000][3263][gc           ] GC(18) Concurrent Preclean 12.756ms
[2019-01-14T13:43:24.211+0000][3263][gc,cpu       ] GC(18) User=0.03s Sys=0.00s Real=0.02s
[2019-01-14T13:43:24.211+0000][3263][gc           ] GC(18) Concurrent Abortable Preclean
[2019-01-14T13:43:24.238+0000][3263][safepoint    ] Application time: 0.0718188 seconds
[2019-01-14T13:43:24.238+0000][3263][safepoint    ] Total time for which application threads were stopped: 0.0002887 seconds, Stopping threads took: 0.0000048 seconds
[2019-01-14T13:43:24.302+0000][3263][safepoint    ] Application time: 0.0639307 seconds
[2019-01-14T13:43:24.302+0000][3263][safepoint    ] Total time for which application threads were stopped: 0.0001872 seconds, Stopping threads took: 0.0000122 seconds
[2019-01-14T13:43:24.374+0000][3263][safepoint    ] Application time: 0.0716946 seconds
[2019-01-14T13:43:24.374+0000][3263][safepoint    ] Total time for which application threads were stopped: 0.0002841 seconds, Stopping threads took: 0.0000230 seconds
[2019-01-14T13:43:24.453+0000][3263][safepoint    ] Application time: 0.0782069 seconds
[2019-01-14T13:43:24.453+0000][3263][safepoint    ] Total time for which application threads were stopped: 0.0001214 seconds, Stopping threads took: 0.0000304 seconds
[2019-01-14T13:43:24.511+0000][3263][safepoint    ] Application time: 0.0578317 seconds
[2019-01-14T13:43:24.511+0000][3263][safepoint    ] Total time for which application threads were stopped: 0.0003076 seconds, Stopping threads took: 0.0000182 seconds
[2019-01-14T13:43:24.612+0000][3263][safepoint    ] Application time: 0.1002283 seconds
[2019-01-14T13:43:24.612+0000][3263][safepoint    ] Total time for which application threads were stopped: 0.0002559 seconds, Stopping threads took: 0.0000231 seconds
[2019-01-14T13:43:24.681+0000][3263][safepoint    ] Application time: 0.0689057 seconds
[2019-01-14T13:43:24.681+0000][3263][safepoint    ] Total time for which application threads were stopped: 0.0002565 seconds, Stopping threads took: 0.0000378 seconds
[2019-01-14T13:43:24.733+0000][3263][safepoint    ] Application time: 0.0517880 seconds
[2019-01-14T13:43:24.733+0000][3263][safepoint    ] Total time for which application threads were stopped: 0.0003501 seconds, Stopping threads took: 0.0001008 seconds
[2019-01-14T13:43:24.796+0000][3263][safepoint    ] Application time: 0.0631299 seconds
[2019-01-14T13:43:24.797+0000][3263][safepoint    ] Total time for which application threads were stopped: 0.0001297 seconds, Stopping threads took: 0.0000042 seconds
[2019-01-14T13:43:24.895+0000][3263][safepoint    ] Application time: 0.0987231 seconds
[2019-01-14T13:43:24.896+0000][3263][safepoint    ] Total time for which application threads were stopped: 0.0002945 seconds, Stopping threads took: 0.0000062 seconds
[2019-01-14T13:43:24.937+0000][3263][safepoint    ] Application time: 0.0414775 seconds
[2019-01-14T13:43:24.939+0000][3263][safepoint    ] Total time for which application threads were stopped: 0.0016860 seconds, Stopping threads took: 0.0013377 seconds
[2019-01-14T13:43:25.013+0000][3263][safepoint    ] Application time: 0.0739240 seconds
[2019-01-14T13:43:25.013+0000][3263][safepoint    ] Total time for which application threads were stopped: 0.0002806 seconds, Stopping threads took: 0.0000215 seconds
[2019-01-14T13:43:25.079+0000][3263][safepoint    ] Application time: 0.0655771 seconds
[2019-01-14T13:43:25.079+0000][3263][safepoint    ] Total time for which application threads were stopped: 0.0001585 seconds, Stopping threads took: 0.0000055 seconds
[2019-01-14T13:43:25.159+0000][3263][safepoint    ] Application time: 0.0800234 seconds
[2019-01-14T13:43:25.160+0000][3263][safepoint    ] Total time for which application threads were stopped: 0.0003329 seconds, Stopping threads took: 0.0000094 seconds
[2019-01-14T13:43:25.161+0000][3263][safepoint    ] Application time: 0.0012470 seconds
[2019-01-14T13:43:25.161+0000][3263][safepoint    ] Total time for which application threads were stopped: 0.0000475 seconds, Stopping threads took: 0.0000201 seconds
[2019-01-14T13:43:25.161+0000][3263][safepoint    ] Application time: 0.0003166 seconds
[2019-01-14T13:43:25.161+0000][3263][safepoint    ] Total time for which application threads were stopped: 0.0001006 seconds, Stopping threads took: 0.0000158 seconds
[2019-01-14T13:43:25.562+0000][3263][gc           ] GC(18) Concurrent Abortable Preclean 1350.407ms
[2019-01-14T13:43:25.562+0000][3263][gc,cpu       ] GC(18) User=2.22s Sys=0.15s Real=1.34s
[2019-01-14T13:43:25.562+0000][3263][safepoint    ] Application time: 0.4006782 seconds
[2019-01-14T13:43:25.566+0000][3263][gc,start     ] GC(18) Pause Remark
[2019-01-14T13:43:25.595+0000][3263][gc           ] GC(18) Pause Remark 87M->87M(247M) 28.742ms
[2019-01-14T13:43:25.595+0000][3263][gc,cpu       ] GC(18) User=0.04s Sys=0.00s Real=0.03s
[2019-01-14T13:43:25.595+0000][3263][safepoint    ] Total time for which application threads were stopped: 0.0325623 seconds, Stopping threads took: 0.0036715 seconds
[2019-01-14T13:43:25.595+0000][3263][gc           ] GC(18) Concurrent Sweep
[2019-01-14T13:43:25.652+0000][3263][gc           ] GC(18) Concurrent Sweep 57.341ms
[2019-01-14T13:43:25.652+0000][3263][gc,cpu       ] GC(18) User=0.10s Sys=0.00s Real=0.06s
[2019-01-14T13:43:25.652+0000][3263][gc           ] GC(18) Concurrent Reset
[2019-01-14T13:43:25.652+0000][3263][gc           ] GC(18) Concurrent Reset 0.143ms
[2019-01-14T13:43:25.652+0000][3263][gc,cpu       ] GC(18) User=0.00s Sys=0.00s Real=0.00s
[2019-01-14T13:43:25.652+0000][3263][gc,heap      ] GC(18) Old: 45304K->45054K(174784K)
[2019-01-14T13:43:26.595+0000][3263][safepoint    ] Application time: 1.0001868 seconds
[2019-01-14T13:43:26.595+0000][3263][safepoint    ] Total time for which application threads were stopped: 0.0001270 seconds, Stopping threads took: 0.0000067 seconds
[2019-01-14T13:43:26.638+0000][3263][safepoint    ] Application time: 0.0430051 seconds
[2019-01-14T13:43:26.638+0000][3263][gc,start     ] GC(19) Pause Young (Allocation Failure)
[2019-01-14T13:43:26.638+0000][3263][gc,task      ] GC(19) Using 2 workers of 2 for evacuation
[2019-01-14T13:43:26.660+0000][3263][gc,age       ] GC(19) Desired survivor size 4456448 bytes, new threshold 2 (max threshold 6)
[2019-01-14T13:43:26.660+0000][3263][gc,age       ] GC(19) Age table with threshold 2 (max threshold 6)
[2019-01-14T13:43:26.660+0000][3263][gc,age       ] GC(19) - age   1:    3313464 bytes,    3313464 total
[2019-01-14T13:43:26.660+0000][3263][gc,age       ] GC(19) - age   2:    2977576 bytes,    6291040 total
[2019-01-14T13:43:26.660+0000][3263][gc,heap      ] GC(19) ParNew: 76695K->7004K(78656K)
[2019-01-14T13:43:26.660+0000][3263][gc,heap      ] GC(19) CMS: 45054K->45054K(174784K)
[2019-01-14T13:43:26.660+0000][3263][gc,metaspace ] GC(19) Metaspace: 51059K->51059K(1095680K)
[2019-01-14T13:43:26.660+0000][3263][gc           ] GC(19) Pause Young (Allocation Failure) 118M->50M(247M) 21.638ms
[2019-01-14T13:43:26.660+0000][3263][gc,cpu       ] GC(19) User=0.03s Sys=0.00s Real=0.02s
[2019-01-14T13:43:26.660+0000][3263][safepoint    ] Total time for which application threads were stopped: 0.0217966 seconds, Stopping threads took: 0.0000131 seconds
[2019-01-14T13:43:27.034+0000][3263][safepoint    ] Application time: 0.3744443 seconds
[2019-01-14T13:43:27.037+0000][3263][safepoint    ] Total time for which application threads were stopped: 0.0022763 seconds, Stopping threads took: 0.0000132 seconds
[2019-01-14T13:43:27.038+0000][3263][safepoint    ] Application time: 0.0009056 seconds
[2019-01-14T13:43:27.038+0000][3263][safepoint    ] Total time for which application threads were stopped: 0.0001302 seconds, Stopping threads took: 0.0000739 seconds
[2019-01-14T13:43:27.038+0000][3263][safepoint    ] Application time: 0.0000826 seconds
[2019-01-14T13:43:27.038+0000][3263][safepoint    ] Total time for which application threads were stopped: 0.0000513 seconds, Stopping threads took: 0.0000134 seconds
[2019-01-14T13:43:27.040+0000][3263][safepoint    ] Application time: 0.0021225 seconds
[2019-01-14T13:43:27.040+0000][3263][safepoint    ] Total time for which application threads were stopped: 0.0000376 seconds, Stopping threads took: 0.0000124 seconds
[2019-01-14T13:43:27.041+0000][3263][safepoint    ] Application time: 0.0007115 seconds
[2019-01-14T13:43:27.041+0000][3263][safepoint    ] Total time for which application threads were stopped: 0.0001200 seconds, Stopping threads took: 0.0000563 seconds
[2019-01-14T13:43:27.043+0000][3263][safepoint    ] Application time: 0.0020951 seconds
[2019-01-14T13:43:27.043+0000][3263][safepoint    ] Total time for which application threads were stopped: 0.0001456 seconds, Stopping threads took: 0.0000895 seconds
[2019-01-14T13:43:27.043+0000][3263][safepoint    ] Application time: 0.0000458 seconds
[2019-01-14T13:43:27.044+0000][3263][safepoint    ] Total time for which application threads were stopped: 0.0000321 seconds, Stopping threads took: 0.0000084 seconds
[2019-01-14T13:43:27.044+0000][3263][safepoint    ] Application time: 0.0000387 seconds
[2019-01-14T13:43:27.044+0000][3263][safepoint    ] Total time for which application threads were stopped: 0.0000294 seconds, Stopping threads took: 0.0000078 seconds
[2019-01-14T13:43:27.044+0000][3263][safepoint    ] Application time: 0.0000362 seconds
[2019-01-14T13:43:27.044+0000][3263][safepoint    ] Total time for which application threads were stopped: 0.0000291 seconds, Stopping threads took: 0.0000078 seconds
[2019-01-14T13:43:27.044+0000][3263][safepoint    ] Application time: 0.0000365 seconds
[2019-01-14T13:43:27.044+0000][3263][safepoint    ] Total time for which application threads were stopped: 0.0000292 seconds, Stopping threads took: 0.0000078 seconds
[2019-01-14T13:43:27.044+0000][3263][safepoint    ] Application time: 0.0000356 seconds
[2019-01-14T13:43:27.044+0000][3263][safepoint    ] Total time for which application threads were stopped: 0.0000286 seconds, Stopping threads took: 0.0000078 seconds
[2019-01-14T13:43:27.044+0000][3263][safepoint    ] Application time: 0.0000356 seconds
[2019-01-14T13:43:27.044+0000][3263][safepoint    ] Total time for which application threads were stopped: 0.0000282 seconds, Stopping threads took: 0.0000076 seconds
[2019-01-14T13:43:27.044+0000][3263][safepoint    ] Application time: 0.0000348 seconds
[2019-01-14T13:43:27.044+0000][3263][safepoint    ] Total time for which application threads were stopped: 0.0000288 seconds, Stopping threads took: 0.0000077 seconds
[2019-01-14T13:43:27.044+0000][3263][safepoint    ] Application time: 0.0000369 seconds
[2019-01-14T13:43:27.044+0000][3263][safepoint    ] Total time for which application threads were stopped: 0.0000288 seconds, Stopping threads took: 0.0000077 seconds
[2019-01-14T13:43:27.044+0000][3263][safepoint    ] Application time: 0.0000356 seconds
[2019-01-14T13:43:27.044+0000][3263][safepoint    ] Total time for which application threads were stopped: 0.0000284 seconds, Stopping threads took: 0.0000077 seconds
[2019-01-14T13:43:27.044+0000][3263][safepoint    ] Application time: 0.0000371 seconds
[2019-01-14T13:43:27.044+0000][3263][safepoint    ] Total time for which application threads were stopped: 0.0000283 seconds, Stopping threads took: 0.0000077 seconds
[2019-01-14T13:43:27.044+0000][3263][safepoint    ] Application time: 0.0000357 seconds
[2019-01-14T13:43:27.044+0000][3263][safepoint    ] Total time for which application threads were stopped: 0.0000284 seconds, Stopping threads took: 0.0000076 seconds
[2019-01-14T13:43:27.044+0000][3263][safepoint    ] Application time: 0.0000355 seconds
[2019-01-14T13:43:27.044+0000][3263][safepoint    ] Total time for which application threads were stopped: 0.0000441 seconds, Stopping threads took: 0.0000216 seconds
[2019-01-14T13:43:27.045+0000][3263][safepoint    ] Application time: 0.0000356 seconds
[2019-01-14T13:43:27.045+0000][3263][safepoint    ] Total time for which application threads were stopped: 0.0000287 seconds, Stopping threads took: 0.0000077 seconds
[2019-01-14T13:43:27.045+0000][3263][safepoint    ] Application time: 0.0000365 seconds
[2019-01-14T13:43:27.045+0000][3263][safepoint    ] Total time for which application threads were stopped: 0.0000289 seconds, Stopping threads took: 0.0000077 seconds
[2019-01-14T13:43:27.045+0000][3263][safepoint    ] Application time: 0.0000370 seconds
[2019-01-14T13:43:27.045+0000][3263][safepoint    ] Total time for which application threads were stopped: 0.0000285 seconds, Stopping threads took: 0.0000077 seconds
[2019-01-14T13:43:27.045+0000][3263][safepoint    ] Application time: 0.0000355 seconds
[2019-01-14T13:43:27.045+0000][3263][safepoint    ] Total time for which application threads were stopped: 0.0000285 seconds, Stopping threads took: 0.0000077 seconds
[2019-01-14T13:43:27.045+0000][3263][safepoint    ] Application time: 0.0000354 seconds
[2019-01-14T13:43:27.045+0000][3263][safepoint    ] Total time for which application threads were stopped: 0.0000285 seconds, Stopping threads took: 0.0000076 seconds
[2019-01-14T13:43:27.045+0000][3263][safepoint    ] Application time: 0.0000500 seconds
[2019-01-14T13:43:27.045+0000][3263][safepoint    ] Total time for which application threads were stopped: 0.0001046 seconds, Stopping threads took: 0.0000079 seconds
[2019-01-14T13:43:27.045+0000][3263][safepoint    ] Application time: 0.0000668 seconds
[2019-01-14T13:43:27.045+0000][3263][safepoint    ] Total time for which application threads were stopped: 0.0000358 seconds, Stopping threads took: 0.0000081 seconds
[2019-01-14T13:43:27.045+0000][3263][safepoint    ] Application time: 0.0000377 seconds
[2019-01-14T13:43:27.045+0000][3263][safepoint    ] Total time for which application threads were stopped: 0.0000290 seconds, Stopping threads took: 0.0000076 seconds
[2019-01-14T13:43:27.045+0000][3263][safepoint    ] Application time: 0.0000399 seconds
[2019-01-14T13:43:27.045+0000][3263][safepoint    ] Total time for which application threads were stopped: 0.0000290 seconds, Stopping threads took: 0.0000075 seconds
[2019-01-14T13:43:27.045+0000][3263][safepoint    ] Application time: 0.0000378 seconds
[2019-01-14T13:43:27.045+0000][3263][safepoint    ] Total time for which application threads were stopped: 0.0000465 seconds, Stopping threads took: 0.0000209 seconds
[2019-01-14T13:43:27.046+0000][3263][safepoint    ] Application time: 0.0003551 seconds
[2019-01-14T13:43:27.046+0000][3263][safepoint    ] Total time for which application threads were stopped: 0.0001103 seconds, Stopping threads took: 0.0000239 seconds
[2019-01-14T13:43:27.047+0000][3263][safepoint    ] Application time: 0.0008010 seconds
[2019-01-14T13:43:27.047+0000][3263][safepoint    ] Total time for which application threads were stopped: 0.0001066 seconds, Stopping threads took: 0.0000540 seconds
[2019-01-14T13:43:27.047+0000][3263][safepoint    ] Application time: 0.0001147 seconds
[2019-01-14T13:43:27.047+0000][3263][safepoint    ] Total time for which application threads were stopped: 0.0000884 seconds, Stopping threads took: 0.0000531 seconds
[2019-01-14T13:43:27.048+0000][3263][safepoint    ] Application time: 0.0007358 seconds
[2019-01-14T13:43:27.048+0000][3263][safepoint    ] Total time for which application threads were stopped: 0.0000562 seconds, Stopping threads took: 0.0000122 seconds
[2019-01-14T13:43:27.048+0000][3263][safepoint    ] Application time: 0.0000396 seconds
[2019-01-14T13:43:27.048+0000][3263][safepoint    ] Total time for which application threads were stopped: 0.0000382 seconds, Stopping threads took: 0.0000084 seconds
[2019-01-14T13:43:27.048+0000][3263][safepoint    ] Application time: 0.0000368 seconds
[2019-01-14T13:43:27.048+0000][3263][safepoint    ] Total time for which application threads were stopped: 0.0000353 seconds, Stopping threads took: 0.0000084 seconds
[2019-01-14T13:43:27.048+0000][3263][safepoint    ] Application time: 0.0000179 seconds
[2019-01-14T13:43:27.048+0000][3263][safepoint    ] Total time for which application threads were stopped: 0.0000260 seconds, Stopping threads took: 0.0000061 seconds
[2019-01-14T13:43:27.048+0000][3263][safepoint    ] Application time: 0.0000170 seconds
[2019-01-14T13:43:27.048+0000][3263][safepoint    ] Total time for which application threads were stopped: 0.0000253 seconds, Stopping threads took: 0.0000059 seconds
[2019-01-14T13:43:27.048+0000][3263][safepoint    ] Application time: 0.0000170 seconds
[2019-01-14T13:43:27.048+0000][3263][safepoint    ] Total time for which application threads were stopped: 0.0000477 seconds, Stopping threads took: 0.0000060 seconds
[2019-01-14T13:43:27.048+0000][3263][safepoint    ] Application time: 0.0000391 seconds
[2019-01-14T13:43:27.048+0000][3263][safepoint    ] Total time for which application threads were stopped: 0.0000343 seconds, Stopping threads took: 0.0000081 seconds
[2019-01-14T13:43:27.049+0000][3263][safepoint    ] Application time: 0.0000358 seconds
[2019-01-14T13:43:27.049+0000][3263][safepoint    ] Total time for which application threads were stopped: 0.0000339 seconds, Stopping threads took: 0.0000079 seconds
[2019-01-14T13:43:27.049+0000][3263][safepoint    ] Application time: 0.0000362 seconds
[2019-01-14T13:43:27.049+0000][3263][safepoint    ] Total time for which application threads were stopped: 0.0000343 seconds, Stopping threads took: 0.0000080 seconds
[2019-01-14T13:43:27.049+0000][3263][safepoint    ] Application time: 0.0000360 seconds
[2019-01-14T13:43:27.049+0000][3263][safepoint    ] Total time for which application threads were stopped: 0.0000342 seconds, Stopping threads took: 0.0000080 seconds
[2019-01-14T13:43:27.049+0000][3263][safepoint    ] Application time: 0.0000367 seconds
[2019-01-14T13:43:27.049+0000][3263][safepoint    ] Total time for which application threads were stopped: 0.0000341 seconds, Stopping threads took: 0.0000080 seconds
[2019-01-14T13:43:27.049+0000][3263][safepoint    ] Application time: 0.0000361 seconds
[2019-01-14T13:43:27.049+0000][3263][safepoint    ] Total time for which application threads were stopped: 0.0000489 seconds, Stopping threads took: 0.0000078 seconds
[2019-01-14T13:43:27.049+0000][3263][safepoint    ] Application time: 0.0000364 seconds
[2019-01-14T13:43:27.049+0000][3263][safepoint    ] Total time for which application threads were stopped: 0.0000344 seconds, Stopping threads took: 0.0000081 seconds
[2019-01-14T13:43:27.049+0000][3263][safepoint    ] Application time: 0.0000377 seconds
[2019-01-14T13:43:27.049+0000][3263][safepoint    ] Total time for which application threads were stopped: 0.0000344 seconds, Stopping threads took: 0.0000081 seconds
[2019-01-14T13:43:27.058+0000][3263][safepoint    ] Application time: 0.0088341 seconds
[2019-01-14T13:43:27.061+0000][3263][safepoint    ] Total time for which application threads were stopped: 0.0032873 seconds, Stopping threads took: 0.0031763 seconds
[2019-01-14T13:43:27.063+0000][3263][safepoint    ] Application time: 0.0017264 seconds
[2019-01-14T13:43:27.066+0000][3263][safepoint    ] Total time for which application threads were stopped: 0.0028191 seconds, Stopping threads took: 0.0026978 seconds
[2019-01-14T13:43:27.067+0000][3263][safepoint    ] Application time: 0.0014646 seconds
[2019-01-14T13:43:27.068+0000][3263][safepoint    ] Total time for which application threads were stopped: 0.0000935 seconds, Stopping threads took: 0.0000108 seconds
[2019-01-14T13:43:27.080+0000][3263][safepoint    ] Application time: 0.0122495 seconds
[2019-01-14T13:43:27.080+0000][3263][safepoint    ] Total time for which application threads were stopped: 0.0000804 seconds, Stopping threads took: 0.0000136 seconds
[2019-01-14T13:43:27.080+0000][3263][safepoint    ] Application time: 0.0000511 seconds
[2019-01-14T13:43:27.080+0000][3263][safepoint    ] Total time for which application threads were stopped: 0.0000509 seconds, Stopping threads took: 0.0000084 seconds
[2019-01-14T13:43:27.081+0000][3263][safepoint    ] Application time: 0.0012910 seconds
[2019-01-14T13:43:27.082+0000][3263][safepoint    ] Total time for which application threads were stopped: 0.0001040 seconds, Stopping threads took: 0.0000272 seconds
[2019-01-14T13:43:27.089+0000][3263][safepoint    ] Application time: 0.0078335 seconds
[2019-01-14T13:43:27.090+0000][3263][safepoint    ] Total time for which application threads were stopped: 0.0000909 seconds, Stopping threads took: 0.0000152 seconds
[2019-01-14T13:43:27.090+0000][3263][safepoint    ] Application time: 0.0000389 seconds
[2019-01-14T13:43:27.090+0000][3263][safepoint    ] Total time for which application threads were stopped: 0.0000407 seconds, Stopping threads took: 0.0000071 seconds
[2019-01-14T13:43:27.090+0000][3263][safepoint    ] Application time: 0.0005790 seconds
[2019-01-14T13:43:27.090+0000][3263][safepoint    ] Total time for which application threads were stopped: 0.0000748 seconds, Stopping threads took: 0.0000166 seconds
[2019-01-14T13:43:27.090+0000][3263][safepoint    ] Application time: 0.0000449 seconds
[2019-01-14T13:43:27.090+0000][3263][safepoint    ] Total time for which application threads were stopped: 0.0000499 seconds, Stopping threads took: 0.0000111 seconds
[2019-01-14T13:43:27.091+0000][3263][safepoint    ] Application time: 0.0006710 seconds
[2019-01-14T13:43:27.091+0000][3263][safepoint    ] Total time for which application threads were stopped: 0.0000468 seconds, Stopping threads took: 0.0000121 seconds
[2019-01-14T13:43:27.091+0000][3263][safepoint    ] Application time: 0.0000340 seconds
[2019-01-14T13:43:27.091+0000][3263][safepoint    ] Total time for which application threads were stopped: 0.0002266 seconds, Stopping threads took: 0.0000067 seconds
[2019-01-14T13:43:27.097+0000][3263][safepoint    ] Application time: 0.0053810 seconds
[2019-01-14T13:43:27.097+0000][3263][safepoint    ] Total time for which application threads were stopped: 0.0004119 seconds, Stopping threads took: 0.0000488 seconds
[2019-01-14T13:43:27.105+0000][3263][safepoint    ] Application time: 0.0079777 seconds
[2019-01-14T13:43:27.106+0000][3263][safepoint    ] Total time for which application threads were stopped: 0.0001472 seconds, Stopping threads took: 0.0000355 seconds
[2019-01-14T13:43:27.106+0000][3263][safepoint    ] Application time: 0.0000401 seconds
[2019-01-14T13:43:27.106+0000][3263][safepoint    ] Total time for which application threads were stopped: 0.0000398 seconds, Stopping threads took: 0.0000070 seconds
[2019-01-14T13:43:27.180+0000][3263][safepoint    ] Application time: 0.0740242 seconds
[2019-01-14T13:43:27.180+0000][3263][safepoint    ] Total time for which application threads were stopped: 0.0003125 seconds, Stopping threads took: 0.0000723 seconds
[2019-01-14T13:43:27.188+0000][3263][safepoint    ] Application time: 0.0077510 seconds
[2019-01-14T13:43:27.188+0000][3263][safepoint    ] Total time for which application threads were stopped: 0.0000845 seconds, Stopping threads took: 0.0000199 seconds
[2019-01-14T13:43:27.189+0000][3263][safepoint    ] Application time: 0.0009421 seconds
[2019-01-14T13:43:27.189+0000][3263][safepoint    ] Total time for which application threads were stopped: 0.0000726 seconds, Stopping threads took: 0.0000156 seconds
[2019-01-14T13:43:27.190+0000][3263][safepoint    ] Application time: 0.0004302 seconds
[2019-01-14T13:43:27.190+0000][3263][safepoint    ] Total time for which application threads were stopped: 0.0000835 seconds, Stopping threads took: 0.0000339 seconds
[2019-01-14T13:43:27.190+0000][3263][safepoint    ] Application time: 0.0003986 seconds
[2019-01-14T13:43:27.190+0000][3263][safepoint    ] Total time for which application threads were stopped: 0.0000624 seconds, Stopping threads took: 0.0000321 seconds
[2019-01-14T13:43:27.190+0000][3263][safepoint    ] Application time: 0.0001806 seconds
[2019-01-14T13:43:27.190+0000][3263][safepoint    ] Total time for which application threads were stopped: 0.0000461 seconds, Stopping threads took: 0.0000140 seconds
[2019-01-14T13:43:27.190+0000][3263][safepoint    ] Application time: 0.0000211 seconds
[2019-01-14T13:43:27.190+0000][3263][safepoint    ] Total time for which application threads were stopped: 0.0000271 seconds, Stopping threads took: 0.0000063 seconds
[2019-01-14T13:43:27.190+0000][3263][safepoint    ] Application time: 0.0000179 seconds
[2019-01-14T13:43:27.191+0000][3263][safepoint    ] Total time for which application threads were stopped: 0.0000744 seconds, Stopping threads took: 0.0000061 seconds
[2019-01-14T13:43:27.191+0000][3263][safepoint    ] Application time: 0.0001006 seconds
[2019-01-14T13:43:27.191+0000][3263][safepoint    ] Total time for which application threads were stopped: 0.0000341 seconds, Stopping threads took: 0.0000066 seconds
[2019-01-14T13:43:27.191+0000][3263][safepoint    ] Application time: 0.0000336 seconds
[2019-01-14T13:43:27.191+0000][3263][safepoint    ] Total time for which application threads were stopped: 0.0000769 seconds, Stopping threads took: 0.0000063 seconds
[2019-01-14T13:43:27.191+0000][3263][safepoint    ] Application time: 0.0000815 seconds
[2019-01-14T13:43:27.191+0000][3263][safepoint    ] Total time for which application threads were stopped: 0.0000320 seconds, Stopping threads took: 0.0000070 seconds
[2019-01-14T13:43:27.191+0000][3263][safepoint    ] Application time: 0.0000213 seconds
[2019-01-14T13:43:27.191+0000][3263][safepoint    ] Total time for which application threads were stopped: 0.0000258 seconds, Stopping threads took: 0.0000061 seconds
[2019-01-14T13:43:27.191+0000][3263][safepoint    ] Application time: 0.0000305 seconds
[2019-01-14T13:43:27.191+0000][3263][safepoint    ] Total time for which application threads were stopped: 0.0000303 seconds, Stopping threads took: 0.0000103 seconds
[2019-01-14T13:43:27.196+0000][3263][safepoint    ] Application time: 0.0043540 seconds
[2019-01-14T13:43:27.196+0000][3263][safepoint    ] Total time for which application threads were stopped: 0.0001074 seconds, Stopping threads took: 0.0000295 seconds
[2019-01-14T13:43:27.196+0000][3263][safepoint    ] Application time: 0.0000804 seconds
[2019-01-14T13:43:27.196+0000][3263][safepoint    ] Total time for which application threads were stopped: 0.0000966 seconds, Stopping threads took: 0.0000305 seconds
[2019-01-14T13:43:27.196+0000][3263][safepoint    ] Application time: 0.0000689 seconds
[2019-01-14T13:43:27.196+0000][3263][safepoint    ] Total time for which application threads were stopped: 0.0000566 seconds, Stopping threads took: 0.0000168 seconds
[2019-01-14T13:43:27.196+0000][3263][safepoint    ] Application time: 0.0000421 seconds
[2019-01-14T13:43:27.196+0000][3263][safepoint    ] Total time for which application threads were stopped: 0.0000484 seconds, Stopping threads took: 0.0000105 seconds
[2019-01-14T13:43:27.196+0000][3263][safepoint    ] Application time: 0.0000371 seconds
[2019-01-14T13:43:27.196+0000][3263][safepoint    ] Total time for which application threads were stopped: 0.0000810 seconds, Stopping threads took: 0.0000106 seconds
[2019-01-14T13:43:27.197+0000][3263][safepoint    ] Application time: 0.0001924 seconds
[2019-01-14T13:43:27.197+0000][3263][safepoint    ] Total time for which application threads were stopped: 0.0000575 seconds, Stopping threads took: 0.0000118 seconds
[2019-01-14T13:43:27.197+0000][3263][safepoint    ] Application time: 0.0000403 seconds
[2019-01-14T13:43:27.197+0000][3263][safepoint    ] Total time for which application threads were stopped: 0.0000487 seconds, Stopping threads took: 0.0000106 seconds
[2019-01-14T13:43:27.197+0000][3263][safepoint    ] Application time: 0.0004847 seconds
[2019-01-14T13:43:27.197+0000][3263][safepoint    ] Total time for which application threads were stopped: 0.0000946 seconds, Stopping threads took: 0.0000139 seconds
[2019-01-14T13:43:27.197+0000][3263][safepoint    ] Application time: 0.0000390 seconds
[2019-01-14T13:43:27.197+0000][3263][safepoint    ] Total time for which application threads were stopped: 0.0000497 seconds, Stopping threads took: 0.0000110 seconds
[2019-01-14T13:43:27.197+0000][3263][safepoint    ] Application time: 0.0000321 seconds
[2019-01-14T13:43:27.198+0000][3263][safepoint    ] Total time for which application threads were stopped: 0.0000467 seconds, Stopping threads took: 0.0000103 seconds
[2019-01-14T13:43:27.198+0000][3263][safepoint    ] Application time: 0.0000326 seconds
[2019-01-14T13:43:27.198+0000][3263][safepoint    ] Total time for which application threads were stopped: 0.0000468 seconds, Stopping threads took: 0.0000103 seconds
[2019-01-14T13:43:27.198+0000][3263][safepoint    ] Application time: 0.0000303 seconds
[2019-01-14T13:43:27.198+0000][3263][safepoint    ] Total time for which application threads were stopped: 0.0000758 seconds, Stopping threads took: 0.0000101 seconds
[2019-01-14T13:43:27.198+0000][3263][safepoint    ] Application time: 0.0000386 seconds
[2019-01-14T13:43:27.198+0000][3263][safepoint    ] Total time for which application threads were stopped: 0.0000578 seconds, Stopping threads took: 0.0000110 seconds
[2019-01-14T13:43:27.198+0000][3263][safepoint    ] Application time: 0.0000388 seconds
[2019-01-14T13:43:27.198+0000][3263][safepoint    ] Total time for which application threads were stopped: 0.0000488 seconds, Stopping threads took: 0.0000120 seconds
[2019-01-14T13:43:27.198+0000][3263][safepoint    ] Application time: 0.0000388 seconds
[2019-01-14T13:43:27.198+0000][3263][safepoint    ] Total time for which application threads were stopped: 0.0000383 seconds, Stopping threads took: 0.0000017 seconds
[2019-01-14T13:43:27.198+0000][3263][safepoint    ] Application time: 0.0000268 seconds
[2019-01-14T13:43:27.198+0000][3263][safepoint    ] Total time for which application threads were stopped: 0.0000385 seconds, Stopping threads took: 0.0000017 seconds
[2019-01-14T13:43:27.198+0000][3263][safepoint    ] Application time: 0.0000582 seconds
[2019-01-14T13:43:27.198+0000][3263][safepoint    ] Total time for which application threads were stopped: 0.0000520 seconds, Stopping threads took: 0.0000038 seconds
[2019-01-14T13:43:27.198+0000][3263][safepoint    ] Application time: 0.0000306 seconds
[2019-01-14T13:43:27.198+0000][3263][safepoint    ] Total time for which application threads were stopped: 0.0000384 seconds, Stopping threads took: 0.0000019 seconds
[2019-01-14T13:43:27.198+0000][3263][safepoint    ] Application time: 0.0000258 seconds
[2019-01-14T13:43:27.199+0000][3263][safepoint    ] Total time for which application threads were stopped: 0.0000375 seconds, Stopping threads took: 0.0000017 seconds
[2019-01-14T13:43:27.199+0000][3263][safepoint    ] Application time: 0.0000260 seconds
[2019-01-14T13:43:27.199+0000][3263][safepoint    ] Total time for which application threads were stopped: 0.0000381 seconds, Stopping threads took: 0.0000017 seconds
[2019-01-14T13:43:27.199+0000][3263][safepoint    ] Application time: 0.0000608 seconds
[2019-01-14T13:43:27.199+0000][3263][safepoint    ] Total time for which application threads were stopped: 0.0002229 seconds, Stopping threads took: 0.0001608 seconds
[2019-01-14T13:43:27.199+0000][3263][safepoint    ] Application time: 0.0000728 seconds
[2019-01-14T13:43:27.199+0000][3263][safepoint    ] Total time for which application threads were stopped: 0.0000570 seconds, Stopping threads took: 0.0000041 seconds
[2019-01-14T13:43:27.199+0000][3263][safepoint    ] Application time: 0.0000693 seconds
[2019-01-14T13:43:27.199+0000][3263][safepoint    ] Total time for which application threads were stopped: 0.0000782 seconds, Stopping threads took: 0.0000245 seconds
[2019-01-14T13:43:27.199+0000][3263][safepoint    ] Application time: 0.0000365 seconds
[2019-01-14T13:43:27.199+0000][3263][safepoint    ] Total time for which application threads were stopped: 0.0000434 seconds, Stopping threads took: 0.0000018 seconds
[2019-01-14T13:43:27.199+0000][3263][safepoint    ] Application time: 0.0000285 seconds
[2019-01-14T13:43:27.200+0000][3263][safepoint    ] Total time for which application threads were stopped: 0.0001126 seconds, Stopping threads took: 0.0000015 seconds
[2019-01-14T13:43:27.200+0000][3263][safepoint    ] Application time: 0.0001178 seconds
[2019-01-14T13:43:27.200+0000][3263][safepoint    ] Total time for which application threads were stopped: 0.0000573 seconds, Stopping threads took: 0.0000049 seconds
[2019-01-14T13:43:27.200+0000][3263][safepoint    ] Application time: 0.0006433 seconds
[2019-01-14T13:43:27.201+0000][3263][safepoint    ] Total time for which application threads were stopped: 0.0002258 seconds, Stopping threads took: 0.0001587 seconds
[2019-01-14T13:43:27.201+0000][3263][safepoint    ] Application time: 0.0003724 seconds
[2019-01-14T13:43:27.201+0000][3263][safepoint    ] Total time for which application threads were stopped: 0.0000391 seconds, Stopping threads took: 0.0000028 seconds
[2019-01-14T13:43:27.201+0000][3263][safepoint    ] Application time: 0.0000666 seconds
[2019-01-14T13:43:27.201+0000][3263][safepoint    ] Total time for which application threads were stopped: 0.0000691 seconds, Stopping threads took: 0.0000443 seconds
[2019-01-14T13:43:27.201+0000][3263][safepoint    ] Application time: 0.0000422 seconds
[2019-01-14T13:43:27.201+0000][3263][safepoint    ] Total time for which application threads were stopped: 0.0000227 seconds, Stopping threads took: 0.0000024 seconds
[2019-01-14T13:43:27.201+0000][3263][safepoint    ] Application time: 0.0000207 seconds
[2019-01-14T13:43:27.201+0000][3263][safepoint    ] Total time for which application threads were stopped: 0.0000164 seconds, Stopping threads took: 0.0000013 seconds
[2019-01-14T13:43:27.204+0000][3263][safepoint    ] Application time: 0.0022396 seconds
[2019-01-14T13:43:27.204+0000][3263][safepoint    ] Total time for which application threads were stopped: 0.0000761 seconds, Stopping threads took: 0.0000060 seconds
[2019-01-14T13:43:27.204+0000][3263][safepoint    ] Application time: 0.0001233 seconds
[2019-01-14T13:43:27.204+0000][3263][safepoint    ] Total time for which application threads were stopped: 0.0000345 seconds, Stopping threads took: 0.0000020 seconds
[2019-01-14T13:43:27.204+0000][3263][safepoint    ] Application time: 0.0004230 seconds
[2019-01-14T13:43:27.204+0000][3263][safepoint    ] Total time for which application threads were stopped: 0.0000434 seconds, Stopping threads took: 0.0000025 seconds
[2019-01-14T13:43:27.205+0000][3263][safepoint    ] Application time: 0.0004417 seconds
[2019-01-14T13:43:27.205+0000][3263][safepoint    ] Total time for which application threads were stopped: 0.0000399 seconds, Stopping threads took: 0.0000023 seconds
[2019-01-14T13:43:27.205+0000][3263][safepoint    ] Application time: 0.0000909 seconds
[2019-01-14T13:43:27.205+0000][3263][safepoint    ] Total time for which application threads were stopped: 0.0000297 seconds, Stopping threads took: 0.0000017 seconds
[2019-01-14T13:43:27.205+0000][3263][safepoint    ] Application time: 0.0001955 seconds
[2019-01-14T13:43:27.205+0000][3263][safepoint    ] Total time for which application threads were stopped: 0.0000344 seconds, Stopping threads took: 0.0000020 seconds
[2019-01-14T13:43:27.207+0000][3263][safepoint    ] Application time: 0.0017891 seconds
[2019-01-14T13:43:27.207+0000][3263][safepoint    ] Total time for which application threads were stopped: 0.0000740 seconds, Stopping threads took: 0.0000156 seconds
[2019-01-14T13:43:27.207+0000][3263][safepoint    ] Application time: 0.0000329 seconds
[2019-01-14T13:43:27.207+0000][3263][safepoint    ] Total time for which application threads were stopped: 0.0000322 seconds, Stopping threads took: 0.0000069 seconds
[2019-01-14T13:43:27.207+0000][3263][safepoint    ] Application time: 0.0000255 seconds
[2019-01-14T13:43:27.207+0000][3263][safepoint    ] Total time for which application threads were stopped: 0.0000292 seconds, Stopping threads took: 0.0000062 seconds
[2019-01-14T13:43:27.207+0000][3263][safepoint    ] Application time: 0.0000227 seconds
[2019-01-14T13:43:27.208+0000][3263][safepoint    ] Total time for which application threads were stopped: 0.0000296 seconds, Stopping threads took: 0.0000062 seconds
[2019-01-14T13:43:27.220+0000][3263][safepoint    ] Application time: 0.0127155 seconds
[2019-01-14T13:43:27.220+0000][3263][safepoint    ] Total time for which application threads were stopped: 0.0000858 seconds, Stopping threads took: 0.0000140 seconds
[2019-01-14T13:43:27.221+0000][3263][safepoint    ] Application time: 0.0002116 seconds
[2019-01-14T13:43:27.221+0000][3263][safepoint    ] Total time for which application threads were stopped: 0.0000869 seconds, Stopping threads took: 0.0000205 seconds
[2019-01-14T13:43:27.968+0000][3263][safepoint    ] Application time: 0.7469898 seconds
[2019-01-14T13:43:27.968+0000][3263][gc,start     ] GC(20) Pause Young (Allocation Failure)
[2019-01-14T13:43:27.968+0000][3263][gc,task      ] GC(20) Using 2 workers of 2 for evacuation
[2019-01-14T13:43:28.012+0000][3263][gc,age       ] GC(20) Desired survivor size 4456448 bytes, new threshold 2 (max threshold 6)
[2019-01-14T13:43:28.012+0000][3263][gc,age       ] GC(20) Age table with threshold 2 (max threshold 6)
[2019-01-14T13:43:28.012+0000][3263][gc,age       ] GC(20) - age   1:    1594904 bytes,    1594904 total
[2019-01-14T13:43:28.012+0000][3263][gc,age       ] GC(20) - age   2:    3216752 bytes,    4811656 total
[2019-01-14T13:43:28.012+0000][3263][gc,heap      ] GC(20) ParNew: 76956K->5307K(78656K)
[2019-01-14T13:43:28.012+0000][3263][gc,heap      ] GC(20) CMS: 45054K->47933K(174784K)
[2019-01-14T13:43:28.012+0000][3263][gc,metaspace ] GC(20) Metaspace: 57583K->57583K(1101824K)
[2019-01-14T13:43:28.012+0000][3263][gc           ] GC(20) Pause Young (Allocation Failure) 119M->51M(247M) 43.906ms
[2019-01-14T13:43:28.012+0000][3263][gc,cpu       ] GC(20) User=0.08s Sys=0.00s Real=0.05s
[2019-01-14T13:43:28.012+0000][3263][safepoint    ] Total time for which application threads were stopped: 0.0440271 seconds, Stopping threads took: 0.0000135 seconds
[2019-01-14T13:43:28.013+0000][3263][safepoint    ] Application time: 0.0007569 seconds
[2019-01-14T13:43:28.013+0000][3263][safepoint    ] Total time for which application threads were stopped: 0.0000710 seconds, Stopping threads took: 0.0000052 seconds
[2019-01-14T13:43:28.014+0000][3263][safepoint    ] Application time: 0.0011406 seconds
[2019-01-14T13:43:28.014+0000][3263][safepoint    ] Total time for which application threads were stopped: 0.0002674 seconds, Stopping threads took: 0.0002142 seconds
[2019-01-14T13:43:29.015+0000][3263][safepoint    ] Application time: 1.0005091 seconds
[2019-01-14T13:43:29.020+0000][3263][safepoint    ] Total time for which application threads were stopped: 0.0057318 seconds, Stopping threads took: 0.0050638 seconds
[2019-01-14T13:43:29.036+0000][3263][safepoint    ] Application time: 0.0151360 seconds
[2019-01-14T13:43:29.043+0000][3263][safepoint    ] Total time for which application threads were stopped: 0.0077137 seconds, Stopping threads took: 0.0075735 seconds
[2019-01-14T13:43:29.044+0000][3263][safepoint    ] Application time: 0.0001233 seconds
[2019-01-14T13:43:29.047+0000][3263][safepoint    ] Total time for which application threads were stopped: 0.0033314 seconds, Stopping threads took: 0.0032928 seconds
[2019-01-14T13:43:29.047+0000][3263][safepoint    ] Application time: 0.0000904 seconds
[2019-01-14T13:43:29.047+0000][3263][safepoint    ] Total time for which application threads were stopped: 0.0000278 seconds, Stopping threads took: 0.0000047 seconds
[2019-01-14T13:43:29.425+0000][3263][safepoint    ] Application time: 0.3782439 seconds
[2019-01-14T13:43:29.428+0000][3263][safepoint    ] Total time for which application threads were stopped: 0.0027414 seconds, Stopping threads took: 0.0000159 seconds
[2019-01-14T13:43:29.796+0000][3263][safepoint    ] Application time: 0.3679504 seconds
[2019-01-14T13:43:29.797+0000][3263][gc,start     ] GC(21) Pause Young (Allocation Failure)
[2019-01-14T13:43:29.797+0000][3263][gc,task      ] GC(21) Using 2 workers of 2 for evacuation
[2019-01-14T13:43:29.827+0000][3263][gc,age       ] GC(21) Desired survivor size 4456448 bytes, new threshold 2 (max threshold 6)
[2019-01-14T13:43:29.827+0000][3263][gc,age       ] GC(21) Age table with threshold 2 (max threshold 6)
[2019-01-14T13:43:29.827+0000][3263][gc,age       ] GC(21) - age   1:    3570728 bytes,    3570728 total
[2019-01-14T13:43:29.827+0000][3263][gc,age       ] GC(21) - age   2:    1557152 bytes,    5127880 total
[2019-01-14T13:43:29.827+0000][3263][gc,heap      ] GC(21) ParNew: 75259K->7276K(78656K)
[2019-01-14T13:43:29.827+0000][3263][gc,heap      ] GC(21) CMS: 47933K->51158K(174784K)
[2019-01-14T13:43:29.827+0000][3263][gc,metaspace ] GC(21) Metaspace: 65055K->65055K(1107968K)
[2019-01-14T13:43:29.827+0000][3263][gc           ] GC(21) Pause Young (Allocation Failure) 120M->57M(247M) 30.365ms
[2019-01-14T13:43:29.827+0000][3263][gc,cpu       ] GC(21) User=0.04s Sys=0.01s Real=0.03s
[2019-01-14T13:43:29.827+0000][3263][safepoint    ] Total time for which application threads were stopped: 0.0305143 seconds, Stopping threads took: 0.0000368 seconds
[2019-01-14T13:43:30.050+0000][3263][safepoint    ] Application time: 0.2227200 seconds
[2019-01-14T13:43:30.050+0000][3263][safepoint    ] Total time for which application threads were stopped: 0.0000821 seconds, Stopping threads took: 0.0000219 seconds
[2019-01-14T13:43:30.145+0000][3263][safepoint    ] Application time: 0.0946140 seconds
[2019-01-14T13:43:30.146+0000][3263][safepoint    ] Total time for which application threads were stopped: 0.0006025 seconds, Stopping threads took: 0.0004532 seconds
[2019-01-14T13:43:30.146+0000][3263][safepoint    ] Application time: 0.0001154 seconds
[2019-01-14T13:43:30.146+0000][3263][safepoint    ] Total time for which application threads were stopped: 0.0000574 seconds, Stopping threads took: 0.0000060 seconds
[2019-01-14T13:43:30.146+0000][3263][safepoint    ] Application time: 0.0000711 seconds
[2019-01-14T13:43:30.146+0000][3263][safepoint    ] Total time for which application threads were stopped: 0.0002027 seconds, Stopping threads took: 0.0000052 seconds
[2019-01-14T13:43:30.146+0000][3263][safepoint    ] Application time: 0.0000741 seconds
[2019-01-14T13:43:30.146+0000][3263][safepoint    ] Total time for which application threads were stopped: 0.0000543 seconds, Stopping threads took: 0.0000045 seconds
[2019-01-14T13:43:30.199+0000][3263][safepoint    ] Application time: 0.0524001 seconds
[2019-01-14T13:43:30.199+0000][3263][safepoint    ] Total time for which application threads were stopped: 0.0002780 seconds, Stopping threads took: 0.0000058 seconds
[2019-01-14T13:43:30.342+0000][3263][safepoint    ] Application time: 0.1429335 seconds
[2019-01-14T13:43:30.342+0000][3263][safepoint    ] Total time for which application threads were stopped: 0.0001550 seconds, Stopping threads took: 0.0000158 seconds
[2019-01-14T13:43:30.425+0000][3263][safepoint    ] Application time: 0.0824452 seconds
[2019-01-14T13:43:30.425+0000][3263][safepoint    ] Total time for which application threads were stopped: 0.0001272 seconds, Stopping threads took: 0.0000233 seconds
[2019-01-14T13:43:30.548+0000][3263][safepoint    ] Application time: 0.1227299 seconds
[2019-01-14T13:43:30.548+0000][3263][safepoint    ] Total time for which application threads were stopped: 0.0005115 seconds, Stopping threads took: 0.0000152 seconds
[2019-01-14T13:43:30.564+0000][3263][safepoint    ] Application time: 0.0157158 seconds
[2019-01-14T13:43:30.565+0000][3263][safepoint    ] Total time for which application threads were stopped: 0.0006844 seconds, Stopping threads took: 0.0000232 seconds
[2019-01-14T13:43:30.565+0000][3263][safepoint    ] Application time: 0.0002640 seconds
[2019-01-14T13:43:30.565+0000][3263][safepoint    ] Total time for which application threads were stopped: 0.0000657 seconds, Stopping threads took: 0.0000159 seconds
[2019-01-14T13:43:30.566+0000][3263][safepoint    ] Application time: 0.0006040 seconds
[2019-01-14T13:43:30.566+0000][3263][safepoint    ] Total time for which application threads were stopped: 0.0000733 seconds, Stopping threads took: 0.0000243 seconds
[2019-01-14T13:43:30.566+0000][3263][safepoint    ] Application time: 0.0006690 seconds
[2019-01-14T13:43:30.566+0000][3263][safepoint    ] Total time for which application threads were stopped: 0.0000586 seconds, Stopping threads took: 0.0000167 seconds
[2019-01-14T13:43:30.567+0000][3263][safepoint    ] Application time: 0.0004022 seconds
[2019-01-14T13:43:30.567+0000][3263][safepoint    ] Total time for which application threads were stopped: 0.0000671 seconds, Stopping threads took: 0.0000168 seconds
[2019-01-14T13:43:30.567+0000][3263][safepoint    ] Application time: 0.0000498 seconds
[2019-01-14T13:43:30.567+0000][3263][safepoint    ] Total time for which application threads were stopped: 0.0001398 seconds, Stopping threads took: 0.0000117 seconds
[2019-01-14T13:43:30.567+0000][3263][safepoint    ] Application time: 0.0001697 seconds
[2019-01-14T13:43:30.567+0000][3263][safepoint    ] Total time for which application threads were stopped: 0.0000375 seconds, Stopping threads took: 0.0000084 seconds
[2019-01-14T13:43:30.569+0000][3263][safepoint    ] Application time: 0.0014639 seconds
[2019-01-14T13:43:30.569+0000][3263][safepoint    ] Total time for which application threads were stopped: 0.0000756 seconds, Stopping threads took: 0.0000204 seconds
[2019-01-14T13:43:30.569+0000][3263][safepoint    ] Application time: 0.0003322 seconds
[2019-01-14T13:43:30.569+0000][3263][safepoint    ] Total time for which application threads were stopped: 0.0000481 seconds, Stopping threads took: 0.0000103 seconds
[2019-01-14T13:43:30.569+0000][3263][safepoint    ] Application time: 0.0000244 seconds
[2019-01-14T13:43:30.569+0000][3263][safepoint    ] Total time for which application threads were stopped: 0.0000283 seconds, Stopping threads took: 0.0000066 seconds
[2019-01-14T13:43:30.570+0000][3263][safepoint    ] Application time: 0.0000230 seconds
[2019-01-14T13:43:30.570+0000][3263][safepoint    ] Total time for which application threads were stopped: 0.0000450 seconds, Stopping threads took: 0.0000065 seconds
[2019-01-14T13:43:30.570+0000][3263][safepoint    ] Application time: 0.0000287 seconds
[2019-01-14T13:43:30.570+0000][3263][safepoint    ] Total time for which application threads were stopped: 0.0000351 seconds, Stopping threads took: 0.0000077 seconds
[2019-01-14T13:43:30.570+0000][3263][safepoint    ] Application time: 0.0003649 seconds
[2019-01-14T13:43:30.570+0000][3263][safepoint    ] Total time for which application threads were stopped: 0.0000566 seconds, Stopping threads took: 0.0000265 seconds
[2019-01-14T13:43:30.570+0000][3263][safepoint    ] Application time: 0.0002811 seconds
[2019-01-14T13:43:30.570+0000][3263][safepoint    ] Total time for which application threads were stopped: 0.0000310 seconds, Stopping threads took: 0.0000092 seconds
[2019-01-14T13:43:30.572+0000][3263][safepoint    ] Application time: 0.0017519 seconds
[2019-01-14T13:43:30.572+0000][3263][safepoint    ] Total time for which application threads were stopped: 0.0000728 seconds, Stopping threads took: 0.0000199 seconds
[2019-01-14T13:43:30.572+0000][3263][safepoint    ] Application time: 0.0000976 seconds
[2019-01-14T13:43:30.573+0000][3263][safepoint    ] Total time for which application threads were stopped: 0.0000501 seconds, Stopping threads took: 0.0000123 seconds
[2019-01-14T13:43:30.577+0000][3263][safepoint    ] Application time: 0.0040821 seconds
[2019-01-14T13:43:30.577+0000][3263][safepoint    ] Total time for which application threads were stopped: 0.0006740 seconds, Stopping threads took: 0.0000313 seconds
[2019-01-14T13:43:30.581+0000][3263][safepoint    ] Application time: 0.0033169 seconds
[2019-01-14T13:43:30.581+0000][3263][safepoint    ] Total time for which application threads were stopped: 0.0000611 seconds, Stopping threads took: 0.0000137 seconds
[2019-01-14T13:43:30.581+0000][3263][safepoint    ] Application time: 0.0000621 seconds
[2019-01-14T13:43:30.581+0000][3263][safepoint    ] Total time for which application threads were stopped: 0.0000329 seconds, Stopping threads took: 0.0000077 seconds
[2019-01-14T13:43:30.581+0000][3263][safepoint    ] Application time: 0.0000392 seconds
[2019-01-14T13:43:30.581+0000][3263][safepoint    ] Total time for which application threads were stopped: 0.0000370 seconds, Stopping threads took: 0.0000121 seconds
[2019-01-14T13:43:30.581+0000][3263][safepoint    ] Application time: 0.0000692 seconds
[2019-01-14T13:43:30.581+0000][3263][safepoint    ] Total time for which application threads were stopped: 0.0000276 seconds, Stopping threads took: 0.0000073 seconds
[2019-01-14T13:43:30.581+0000][3263][safepoint    ] Application time: 0.0000512 seconds
[2019-01-14T13:43:30.581+0000][3263][safepoint    ] Total time for which application threads were stopped: 0.0000265 seconds, Stopping threads took: 0.0000074 seconds
[2019-01-14T13:43:30.699+0000][3263][safepoint    ] Application time: 0.1173093 seconds
[2019-01-14T13:43:30.699+0000][3263][safepoint    ] Total time for which application threads were stopped: 0.0002372 seconds, Stopping threads took: 0.0000954 seconds
[2019-01-14T13:43:30.707+0000][3263][safepoint    ] Application time: 0.0083197 seconds
[2019-01-14T13:43:30.707+0000][3263][safepoint    ] Total time for which application threads were stopped: 0.0001427 seconds, Stopping threads took: 0.0000806 seconds
[2019-01-14T13:43:30.713+0000][3263][safepoint    ] Application time: 0.0052112 seconds
[2019-01-14T13:43:30.713+0000][3263][safepoint    ] Total time for which application threads were stopped: 0.0001204 seconds, Stopping threads took: 0.0000727 seconds
[2019-01-14T13:43:30.715+0000][3263][safepoint    ] Application time: 0.0018260 seconds
[2019-01-14T13:43:30.718+0000][3263][safepoint    ] Total time for which application threads were stopped: 0.0032216 seconds, Stopping threads took: 0.0031314 seconds
[2019-01-14T13:43:30.718+0000][3263][safepoint    ] Application time: 0.0004694 seconds
[2019-01-14T13:43:30.719+0000][3263][safepoint    ] Total time for which application threads were stopped: 0.0004954 seconds, Stopping threads took: 0.0001679 seconds
[2019-01-14T13:43:30.719+0000][3263][safepoint    ] Application time: 0.0000322 seconds
[2019-01-14T13:43:30.719+0000][3263][safepoint    ] Total time for which application threads were stopped: 0.0000316 seconds, Stopping threads took: 0.0000078 seconds
[2019-01-14T13:43:30.719+0000][3263][safepoint    ] Application time: 0.0000311 seconds
[2019-01-14T13:43:30.719+0000][3263][safepoint    ] Total time for which application threads were stopped: 0.0000276 seconds, Stopping threads took: 0.0000068 seconds
[2019-01-14T13:43:30.719+0000][3263][safepoint    ] Application time: 0.0002161 seconds
[2019-01-14T13:43:30.719+0000][3263][safepoint    ] Total time for which application threads were stopped: 0.0000688 seconds, Stopping threads took: 0.0000110 seconds
[2019-01-14T13:43:30.732+0000][3263][safepoint    ] Application time: 0.0124044 seconds
[2019-01-14T13:43:30.732+0000][3263][safepoint    ] Total time for which application threads were stopped: 0.0001069 seconds, Stopping threads took: 0.0000542 seconds
[2019-01-14T13:43:30.732+0000][3263][safepoint    ] Application time: 0.0000812 seconds
[2019-01-14T13:43:30.732+0000][3263][safepoint    ] Total time for which application threads were stopped: 0.0000646 seconds, Stopping threads took: 0.0000367 seconds
[2019-01-14T13:43:30.736+0000][3263][safepoint    ] Application time: 0.0040315 seconds
[2019-01-14T13:43:30.736+0000][3263][safepoint    ] Total time for which application threads were stopped: 0.0000939 seconds, Stopping threads took: 0.0000267 seconds
[2019-01-14T13:43:30.736+0000][3263][safepoint    ] Application time: 0.0001005 seconds
[2019-01-14T13:43:30.737+0000][3263][safepoint    ] Total time for which application threads were stopped: 0.0000343 seconds, Stopping threads took: 0.0000032 seconds
[2019-01-14T13:43:30.737+0000][3263][safepoint    ] Application time: 0.0005834 seconds
[2019-01-14T13:43:30.737+0000][3263][safepoint    ] Total time for which application threads were stopped: 0.0000918 seconds, Stopping threads took: 0.0000062 seconds
[2019-01-14T13:43:30.737+0000][3263][safepoint    ] Application time: 0.0000462 seconds
[2019-01-14T13:43:30.737+0000][3263][safepoint    ] Total time for which application threads were stopped: 0.0000363 seconds, Stopping threads took: 0.0000031 seconds
[2019-01-14T13:43:30.737+0000][3263][safepoint    ] Application time: 0.0000338 seconds
[2019-01-14T13:43:30.737+0000][3263][safepoint    ] Total time for which application threads were stopped: 0.0000351 seconds, Stopping threads took: 0.0000024 seconds
[2019-01-14T13:43:30.738+0000][3263][safepoint    ] Application time: 0.0005779 seconds
[2019-01-14T13:43:30.738+0000][3263][safepoint    ] Total time for which application threads were stopped: 0.0000390 seconds, Stopping threads took: 0.0000108 seconds
[2019-01-14T13:43:30.738+0000][3263][safepoint    ] Application time: 0.0000243 seconds
[2019-01-14T13:43:30.738+0000][3263][safepoint    ] Total time for which application threads were stopped: 0.0000441 seconds, Stopping threads took: 0.0000068 seconds
[2019-01-14T13:43:30.738+0000][3263][safepoint    ] Application time: 0.0000300 seconds
[2019-01-14T13:43:30.738+0000][3263][safepoint    ] Total time for which application threads were stopped: 0.0000258 seconds, Stopping threads took: 0.0000018 seconds
[2019-01-14T13:43:30.740+0000][3263][safepoint    ] Application time: 0.0017282 seconds
[2019-01-14T13:43:30.744+0000][3263][safepoint    ] Total time for which application threads were stopped: 0.0042940 seconds, Stopping threads took: 0.0041903 seconds
[2019-01-14T13:43:30.751+0000][3263][safepoint    ] Application time: 0.0064242 seconds
[2019-01-14T13:43:30.754+0000][3263][safepoint    ] Total time for which application threads were stopped: 0.0035773 seconds, Stopping threads took: 0.0034405 seconds
[2019-01-14T13:43:30.755+0000][3263][safepoint    ] Application time: 0.0009455 seconds
[2019-01-14T13:43:30.756+0000][3263][safepoint    ] Total time for which application threads were stopped: 0.0006699 seconds, Stopping threads took: 0.0005185 seconds
[2019-01-14T13:43:30.767+0000][3263][safepoint    ] Application time: 0.0108325 seconds
[2019-01-14T13:43:30.767+0000][3263][safepoint    ] Total time for which application threads were stopped: 0.0002767 seconds, Stopping threads took: 0.0001642 seconds
[2019-01-14T13:43:30.771+0000][3263][safepoint    ] Application time: 0.0039506 seconds
[2019-01-14T13:43:30.772+0000][3263][safepoint    ] Total time for which application threads were stopped: 0.0001475 seconds, Stopping threads took: 0.0000267 seconds
[2019-01-14T13:43:30.772+0000][3263][safepoint    ] Application time: 0.0001324 seconds
[2019-01-14T13:43:30.772+0000][3263][safepoint    ] Total time for which application threads were stopped: 0.0005244 seconds, Stopping threads took: 0.0004297 seconds
[2019-01-14T13:43:30.774+0000][3263][safepoint    ] Application time: 0.0015373 seconds
[2019-01-14T13:43:30.778+0000][3263][safepoint    ] Total time for which application threads were stopped: 0.0041076 seconds, Stopping threads took: 0.0039467 seconds
[2019-01-14T13:43:30.779+0000][3263][safepoint    ] Application time: 0.0013119 seconds
[2019-01-14T13:43:30.780+0000][3263][safepoint    ] Total time for which application threads were stopped: 0.0001846 seconds, Stopping threads took: 0.0001001 seconds
[2019-01-14T13:43:30.780+0000][3263][safepoint    ] Application time: 0.0000828 seconds
[2019-01-14T13:43:30.780+0000][3263][safepoint    ] Total time for which application threads were stopped: 0.0000647 seconds, Stopping threads took: 0.0000053 seconds
[2019-01-14T13:43:30.780+0000][3263][safepoint    ] Application time: 0.0003435 seconds
[2019-01-14T13:43:30.780+0000][3263][safepoint    ] Total time for which application threads were stopped: 0.0000853 seconds, Stopping threads took: 0.0000130 seconds
[2019-01-14T13:43:30.782+0000][3263][safepoint    ] Application time: 0.0022986 seconds
[2019-01-14T13:43:30.783+0000][3263][safepoint    ] Total time for which application threads were stopped: 0.0004282 seconds, Stopping threads took: 0.0000321 seconds
[2019-01-14T13:43:30.783+0000][3263][safepoint    ] Application time: 0.0004254 seconds
[2019-01-14T13:43:30.783+0000][3263][safepoint    ] Total time for which application threads were stopped: 0.0000682 seconds, Stopping threads took: 0.0000217 seconds
[2019-01-14T13:43:30.784+0000][3263][safepoint    ] Application time: 0.0000626 seconds
[2019-01-14T13:43:30.784+0000][3263][safepoint    ] Total time for which application threads were stopped: 0.0001025 seconds, Stopping threads took: 0.0000598 seconds
[2019-01-14T13:43:30.784+0000][3263][safepoint    ] Application time: 0.0002246 seconds
[2019-01-14T13:43:30.784+0000][3263][safepoint    ] Total time for which application threads were stopped: 0.0001164 seconds, Stopping threads took: 0.0000452 seconds
[2019-01-14T13:43:30.793+0000][3263][safepoint    ] Application time: 0.0087044 seconds
[2019-01-14T13:43:30.795+0000][3263][safepoint    ] Total time for which application threads were stopped: 0.0025199 seconds, Stopping threads took: 0.0024061 seconds
[2019-01-14T13:43:30.795+0000][3263][safepoint    ] Application time: 0.0000671 seconds
[2019-01-14T13:43:30.796+0000][3263][safepoint    ] Total time for which application threads were stopped: 0.0001089 seconds, Stopping threads took: 0.0000058 seconds
[2019-01-14T13:43:30.804+0000][3263][safepoint    ] Application time: 0.0088121 seconds
[2019-01-14T13:43:30.805+0000][3263][safepoint    ] Total time for which application threads were stopped: 0.0002758 seconds, Stopping threads took: 0.0001858 seconds
[2019-01-14T13:43:30.805+0000][3263][safepoint    ] Application time: 0.0005384 seconds
[2019-01-14T13:43:30.806+0000][3263][safepoint    ] Total time for which application threads were stopped: 0.0001291 seconds, Stopping threads took: 0.0000111 seconds
[2019-01-14T13:43:30.806+0000][3263][safepoint    ] Application time: 0.0002293 seconds
[2019-01-14T13:43:30.806+0000][3263][safepoint    ] Total time for which application threads were stopped: 0.0001974 seconds, Stopping threads took: 0.0000973 seconds
[2019-01-14T13:43:30.806+0000][3263][safepoint    ] Application time: 0.0001137 seconds
[2019-01-14T13:43:30.806+0000][3263][safepoint    ] Total time for which application threads were stopped: 0.0001765 seconds, Stopping threads took: 0.0000569 seconds
[2019-01-14T13:43:30.812+0000][3263][safepoint    ] Application time: 0.0057237 seconds
[2019-01-14T13:43:30.817+0000][3263][safepoint    ] Total time for which application threads were stopped: 0.0043775 seconds, Stopping threads took: 0.0042192 seconds
[2019-01-14T13:43:30.824+0000][3263][safepoint    ] Application time: 0.0069741 seconds
[2019-01-14T13:43:30.824+0000][3263][safepoint    ] Total time for which application threads were stopped: 0.0001005 seconds, Stopping threads took: 0.0000473 seconds
[2019-01-14T13:43:30.825+0000][3263][safepoint    ] Application time: 0.0009824 seconds
[2019-01-14T13:43:30.825+0000][3263][safepoint    ] Total time for which application threads were stopped: 0.0001746 seconds, Stopping threads took: 0.0000669 seconds
[2019-01-14T13:43:30.826+0000][3263][safepoint    ] Application time: 0.0009717 seconds
[2019-01-14T13:43:30.826+0000][3263][safepoint    ] Total time for which application threads were stopped: 0.0000723 seconds, Stopping threads took: 0.0000063 seconds
[2019-01-14T13:43:30.826+0000][3263][safepoint    ] Application time: 0.0001741 seconds
[2019-01-14T13:43:30.826+0000][3263][safepoint    ] Total time for which application threads were stopped: 0.0001060 seconds, Stopping threads took: 0.0000466 seconds
[2019-01-14T13:43:30.826+0000][3263][safepoint    ] Application time: 0.0001345 seconds
[2019-01-14T13:43:30.827+0000][3263][safepoint    ] Total time for which application threads were stopped: 0.0000418 seconds, Stopping threads took: 0.0000036 seconds
[2019-01-14T13:43:30.827+0000][3263][safepoint    ] Application time: 0.0002242 seconds
[2019-01-14T13:43:30.827+0000][3263][safepoint    ] Total time for which application threads were stopped: 0.0000726 seconds, Stopping threads took: 0.0000125 seconds
[2019-01-14T13:43:30.830+0000][3263][safepoint    ] Application time: 0.0030105 seconds
[2019-01-14T13:43:30.830+0000][3263][safepoint    ] Total time for which application threads were stopped: 0.0001298 seconds, Stopping threads took: 0.0000301 seconds
[2019-01-14T13:43:30.832+0000][3263][safepoint    ] Application time: 0.0016748 seconds
[2019-01-14T13:43:30.832+0000][3263][safepoint    ] Total time for which application threads were stopped: 0.0001511 seconds, Stopping threads took: 0.0000070 seconds
[2019-01-14T13:43:30.835+0000][3263][safepoint    ] Application time: 0.0026288 seconds
[2019-01-14T13:43:30.840+0000][3263][safepoint    ] Total time for which application threads were stopped: 0.0058566 seconds, Stopping threads took: 0.0057571 seconds
[2019-01-14T13:43:30.846+0000][3263][safepoint    ] Application time: 0.0054454 seconds
[2019-01-14T13:43:30.846+0000][3263][safepoint    ] Total time for which application threads were stopped: 0.0001385 seconds, Stopping threads took: 0.0000401 seconds
[2019-01-14T13:43:30.849+0000][3263][safepoint    ] Application time: 0.0032225 seconds
[2019-01-14T13:43:30.849+0000][3263][safepoint    ] Total time for which application threads were stopped: 0.0000830 seconds, Stopping threads took: 0.0000228 seconds
[2019-01-14T13:43:30.850+0000][3263][safepoint    ] Application time: 0.0009913 seconds
[2019-01-14T13:43:30.851+0000][3263][safepoint    ] Total time for which application threads were stopped: 0.0000777 seconds, Stopping threads took: 0.0000403 seconds
[2019-01-14T13:43:30.857+0000][3263][safepoint    ] Application time: 0.0058932 seconds
[2019-01-14T13:43:30.857+0000][3263][safepoint    ] Total time for which application threads were stopped: 0.0000689 seconds, Stopping threads took: 0.0000124 seconds
[2019-01-14T13:43:31.297+0000][3263][safepoint    ] Application time: 0.4406783 seconds
[2019-01-14T13:43:31.297+0000][3263][safepoint    ] Total time for which application threads were stopped: 0.0000801 seconds, Stopping threads took: 0.0000148 seconds
[2019-01-14T13:43:31.298+0000][3263][safepoint    ] Application time: 0.0001021 seconds
[2019-01-14T13:43:31.298+0000][3263][safepoint    ] Total time for which application threads were stopped: 0.0000532 seconds, Stopping threads took: 0.0000083 seconds
[2019-01-14T13:43:31.298+0000][3263][safepoint    ] Application time: 0.0000477 seconds
[2019-01-14T13:43:31.298+0000][3263][safepoint    ] Total time for which application threads were stopped: 0.0000389 seconds, Stopping threads took: 0.0000039 seconds
[2019-01-14T13:43:31.298+0000][3263][safepoint    ] Application time: 0.0000348 seconds
[2019-01-14T13:43:31.298+0000][3263][safepoint    ] Total time for which application threads were stopped: 0.0000380 seconds, Stopping threads took: 0.0000036 seconds
[2019-01-14T13:43:31.298+0000][3263][safepoint    ] Application time: 0.0000346 seconds
[2019-01-14T13:43:31.298+0000][3263][safepoint    ] Total time for which application threads were stopped: 0.0000383 seconds, Stopping threads took: 0.0000038 seconds
[2019-01-14T13:43:31.298+0000][3263][safepoint    ] Application time: 0.0000939 seconds
[2019-01-14T13:43:31.298+0000][3263][safepoint    ] Total time for which application threads were stopped: 0.0000552 seconds, Stopping threads took: 0.0000078 seconds
[2019-01-14T13:43:31.298+0000][3263][safepoint    ] Application time: 0.0000299 seconds
[2019-01-14T13:43:31.298+0000][3263][safepoint    ] Total time for which application threads were stopped: 0.0000232 seconds, Stopping threads took: 0.0000022 seconds
[2019-01-14T13:43:31.298+0000][3263][safepoint    ] Application time: 0.0000228 seconds
[2019-01-14T13:43:31.298+0000][3263][safepoint    ] Total time for which application threads were stopped: 0.0000227 seconds, Stopping threads took: 0.0000021 seconds
[2019-01-14T13:43:31.729+0000][3263][safepoint    ] Application time: 0.4302408 seconds
[2019-01-14T13:43:31.729+0000][3263][safepoint    ] Total time for which application threads were stopped: 0.0000740 seconds, Stopping threads took: 0.0000093 seconds
[2019-01-14T13:43:31.729+0000][3263][safepoint    ] Application time: 0.0002410 seconds
[2019-01-14T13:43:31.729+0000][3263][safepoint    ] Total time for which application threads were stopped: 0.0000725 seconds, Stopping threads took: 0.0000249 seconds
[2019-01-14T13:43:31.729+0000][3263][safepoint    ] Application time: 0.0003980 seconds
[2019-01-14T13:43:31.729+0000][3263][safepoint    ] Total time for which application threads were stopped: 0.0000673 seconds, Stopping threads took: 0.0000079 seconds
[2019-01-14T13:43:31.732+0000][3263][safepoint    ] Application time: 0.0029433 seconds
[2019-01-14T13:43:31.733+0000][3263][safepoint    ] Total time for which application threads were stopped: 0.0001060 seconds, Stopping threads took: 0.0000088 seconds
[2019-01-14T13:43:31.733+0000][3263][safepoint    ] Application time: 0.0001360 seconds
[2019-01-14T13:43:31.733+0000][3263][safepoint    ] Total time for which application threads were stopped: 0.0000581 seconds, Stopping threads took: 0.0000046 seconds
[2019-01-14T13:43:31.734+0000][3263][safepoint    ] Application time: 0.0014109 seconds
[2019-01-14T13:43:31.735+0000][3263][safepoint    ] Total time for which application threads were stopped: 0.0003369 seconds, Stopping threads took: 0.0002788 seconds
[2019-01-14T13:43:31.739+0000][3263][safepoint    ] Application time: 0.0039309 seconds
[2019-01-14T13:43:31.739+0000][3263][safepoint    ] Total time for which application threads were stopped: 0.0001025 seconds, Stopping threads took: 0.0000115 seconds
[2019-01-14T13:43:31.740+0000][3263][safepoint    ] Application time: 0.0008296 seconds
[2019-01-14T13:43:31.740+0000][3263][safepoint    ] Total time for which application threads were stopped: 0.0000749 seconds, Stopping threads took: 0.0000150 seconds
[2019-01-14T13:43:31.740+0000][3263][safepoint    ] Application time: 0.0002080 seconds
[2019-01-14T13:43:31.740+0000][3263][safepoint    ] Total time for which application threads were stopped: 0.0000727 seconds, Stopping threads took: 0.0000197 seconds
[2019-01-14T13:43:31.741+0000][3263][safepoint    ] Application time: 0.0007851 seconds
[2019-01-14T13:43:31.741+0000][3263][safepoint    ] Total time for which application threads were stopped: 0.0000557 seconds, Stopping threads took: 0.0000045 seconds
[2019-01-14T13:43:31.742+0000][3263][safepoint    ] Application time: 0.0011339 seconds
[2019-01-14T13:43:31.742+0000][3263][safepoint    ] Total time for which application threads were stopped: 0.0000593 seconds, Stopping threads took: 0.0000074 seconds
[2019-01-14T13:43:31.743+0000][3263][safepoint    ] Application time: 0.0013503 seconds
[2019-01-14T13:43:31.744+0000][3263][safepoint    ] Total time for which application threads were stopped: 0.0001243 seconds, Stopping threads took: 0.0000564 seconds
[2019-01-14T13:43:31.744+0000][3263][safepoint    ] Application time: 0.0005654 seconds
[2019-01-14T13:43:31.744+0000][3263][safepoint    ] Total time for which application threads were stopped: 0.0000378 seconds, Stopping threads took: 0.0000049 seconds
[2019-01-14T13:43:31.745+0000][3263][safepoint    ] Application time: 0.0008877 seconds
[2019-01-14T13:43:31.745+0000][3263][safepoint    ] Total time for which application threads were stopped: 0.0000591 seconds, Stopping threads took: 0.0000172 seconds
[2019-01-14T13:43:31.746+0000][3263][safepoint    ] Application time: 0.0002995 seconds
[2019-01-14T13:43:31.746+0000][3263][safepoint    ] Total time for which application threads were stopped: 0.0000398 seconds, Stopping threads took: 0.0000052 seconds
[2019-01-14T13:43:31.746+0000][3263][safepoint    ] Application time: 0.0004794 seconds
[2019-01-14T13:43:31.746+0000][3263][safepoint    ] Total time for which application threads were stopped: 0.0000325 seconds, Stopping threads took: 0.0000041 seconds
[2019-01-14T13:43:31.747+0000][3263][safepoint    ] Application time: 0.0004955 seconds
[2019-01-14T13:43:31.747+0000][3263][safepoint    ] Total time for which application threads were stopped: 0.0000529 seconds, Stopping threads took: 0.0000071 seconds
[2019-01-14T13:43:32.732+0000][3263][safepoint    ] Application time: 0.9846693 seconds
[2019-01-14T13:43:32.732+0000][3263][safepoint    ] Total time for which application threads were stopped: 0.0001747 seconds, Stopping threads took: 0.0000354 seconds
[2019-01-14T13:43:32.732+0000][3263][safepoint    ] Application time: 0.0003185 seconds
[2019-01-14T13:43:32.732+0000][3263][safepoint    ] Total time for which application threads were stopped: 0.0000809 seconds, Stopping threads took: 0.0000080 seconds
[2019-01-14T13:43:32.733+0000][3263][safepoint    ] Application time: 0.0007569 seconds
[2019-01-14T13:43:32.737+0000][3263][safepoint    ] Total time for which application threads were stopped: 0.0040660 seconds, Stopping threads took: 0.0000341 seconds
[2019-01-14T13:43:32.741+0000][3263][safepoint    ] Application time: 0.0037984 seconds
[2019-01-14T13:43:32.741+0000][3263][safepoint    ] Total time for which application threads were stopped: 0.0003083 seconds, Stopping threads took: 0.0000082 seconds
[2019-01-14T13:43:32.743+0000][3263][safepoint    ] Application time: 0.0020540 seconds
[2019-01-14T13:43:32.743+0000][3263][safepoint    ] Total time for which application threads were stopped: 0.0000794 seconds, Stopping threads took: 0.0000110 seconds
[2019-01-14T13:43:32.745+0000][3263][safepoint    ] Application time: 0.0018125 seconds
[2019-01-14T13:43:32.746+0000][3263][safepoint    ] Total time for which application threads were stopped: 0.0005976 seconds, Stopping threads took: 0.0000102 seconds
[2019-01-14T13:43:32.750+0000][3263][safepoint    ] Application time: 0.0037257 seconds
[2019-01-14T13:43:32.750+0000][3263][safepoint    ] Total time for which application threads were stopped: 0.0005368 seconds, Stopping threads took: 0.0000099 seconds
[2019-01-14T13:43:33.748+0000][3263][safepoint    ] Application time: 0.9977074 seconds
[2019-01-14T13:43:33.748+0000][3263][safepoint    ] Total time for which application threads were stopped: 0.0001410 seconds, Stopping threads took: 0.0000183 seconds
[2019-01-14T13:43:33.749+0000][3263][safepoint    ] Application time: 0.0004411 seconds
[2019-01-14T13:43:33.749+0000][3263][safepoint    ] Total time for which application threads were stopped: 0.0000938 seconds, Stopping threads took: 0.0000151 seconds
[2019-01-14T13:43:33.841+0000][3263][safepoint    ] Application time: 0.0923494 seconds
[2019-01-14T13:43:33.841+0000][3263][safepoint    ] Total time for which application threads were stopped: 0.0000918 seconds, Stopping threads took: 0.0000328 seconds
[2019-01-14T13:43:33.842+0000][3263][safepoint    ] Application time: 0.0003053 seconds
[2019-01-14T13:43:33.842+0000][3263][safepoint    ] Total time for which application threads were stopped: 0.0000751 seconds, Stopping threads took: 0.0000112 seconds
[2019-01-14T13:43:33.845+0000][3263][safepoint    ] Application time: 0.0032344 seconds
[2019-01-14T13:43:33.849+0000][3263][safepoint    ] Total time for which application threads were stopped: 0.0037637 seconds, Stopping threads took: 0.0036819 seconds
[2019-01-14T13:43:33.849+0000][3263][safepoint    ] Application time: 0.0000592 seconds
[2019-01-14T13:43:33.849+0000][3263][safepoint    ] Total time for which application threads were stopped: 0.0000419 seconds, Stopping threads took: 0.0000039 seconds
[2019-01-14T13:43:33.868+0000][3263][safepoint    ] Application time: 0.0186329 seconds
[2019-01-14T13:43:33.868+0000][3263][safepoint    ] Total time for which application threads were stopped: 0.0001503 seconds, Stopping threads took: 0.0000452 seconds
[2019-01-14T13:43:33.871+0000][3263][safepoint    ] Application time: 0.0029740 seconds
[2019-01-14T13:43:33.871+0000][3263][safepoint    ] Total time for which application threads were stopped: 0.0001654 seconds, Stopping threads took: 0.0000772 seconds
[2019-01-14T13:43:33.874+0000][3263][safepoint    ] Application time: 0.0024023 seconds
[2019-01-14T13:43:33.877+0000][3263][safepoint    ] Total time for which application threads were stopped: 0.0035505 seconds, Stopping threads took: 0.0032545 seconds
[2019-01-14T13:43:33.884+0000][3263][safepoint    ] Application time: 0.0073333 seconds
[2019-01-14T13:43:33.885+0000][3263][safepoint    ] Total time for which application threads were stopped: 0.0000821 seconds, Stopping threads took: 0.0000222 seconds
[2019-01-14T13:43:33.907+0000][3263][safepoint    ] Application time: 0.0227137 seconds
[2019-01-14T13:43:33.907+0000][3263][safepoint    ] Total time for which application threads were stopped: 0.0001103 seconds, Stopping threads took: 0.0000143 seconds
[2019-01-14T13:43:33.908+0000][3263][safepoint    ] Application time: 0.0002557 seconds
[2019-01-14T13:43:33.908+0000][3263][safepoint    ] Total time for which application threads were stopped: 0.0000978 seconds, Stopping threads took: 0.0000279 seconds
[2019-01-14T13:43:33.914+0000][3263][safepoint    ] Application time: 0.0058192 seconds
[2019-01-14T13:43:33.914+0000][3263][safepoint    ] Total time for which application threads were stopped: 0.0000817 seconds, Stopping threads took: 0.0000175 seconds
[2019-01-14T13:43:33.914+0000][3263][safepoint    ] Application time: 0.0000972 seconds
[2019-01-14T13:43:33.914+0000][3263][safepoint    ] Total time for which application threads were stopped: 0.0000498 seconds, Stopping threads took: 0.0000112 seconds
[2019-01-14T13:43:33.919+0000][3263][safepoint    ] Application time: 0.0051499 seconds
[2019-01-14T13:43:33.926+0000][3263][safepoint    ] Total time for which application threads were stopped: 0.0064701 seconds, Stopping threads took: 0.0064096 seconds
[2019-01-14T13:43:33.926+0000][3263][safepoint    ] Application time: 0.0002125 seconds
[2019-01-14T13:43:33.926+0000][3263][safepoint    ] Total time for which application threads were stopped: 0.0000430 seconds, Stopping threads took: 0.0000072 seconds
[2019-01-14T13:43:33.926+0000][3263][safepoint    ] Application time: 0.0000275 seconds
[2019-01-14T13:43:33.926+0000][3263][safepoint    ] Total time for which application threads were stopped: 0.0000271 seconds, Stopping threads took: 0.0000048 seconds
[2019-01-14T13:43:33.963+0000][3263][safepoint    ] Application time: 0.0365203 seconds
[2019-01-14T13:43:33.963+0000][3263][safepoint    ] Total time for which application threads were stopped: 0.0001861 seconds, Stopping threads took: 0.0000316 seconds
[2019-01-14T13:43:33.963+0000][3263][safepoint    ] Application time: 0.0000620 seconds
[2019-01-14T13:43:33.963+0000][3263][safepoint    ] Total time for which application threads were stopped: 0.0000596 seconds, Stopping threads took: 0.0000150 seconds
[2019-01-14T13:43:33.992+0000][3263][safepoint    ] Application time: 0.0288675 seconds
[2019-01-14T13:43:33.992+0000][3263][safepoint    ] Total time for which application threads were stopped: 0.0000945 seconds, Stopping threads took: 0.0000500 seconds
[2019-01-14T13:43:34.009+0000][3263][safepoint    ] Application time: 0.0172293 seconds
[2019-01-14T13:43:34.010+0000][3263][safepoint    ] Total time for which application threads were stopped: 0.0001149 seconds, Stopping threads took: 0.0000369 seconds
[2019-01-14T13:43:34.010+0000][3263][safepoint    ] Application time: 0.0005463 seconds
[2019-01-14T13:43:34.010+0000][3263][safepoint    ] Total time for which application threads were stopped: 0.0001110 seconds, Stopping threads took: 0.0000432 seconds
[2019-01-14T13:43:34.011+0000][3263][safepoint    ] Application time: 0.0002154 seconds
[2019-01-14T13:43:34.011+0000][3263][safepoint    ] Total time for which application threads were stopped: 0.0001977 seconds, Stopping threads took: 0.0001384 seconds
[2019-01-14T13:43:34.015+0000][3263][safepoint    ] Application time: 0.0043229 seconds
[2019-01-14T13:43:34.015+0000][3263][safepoint    ] Total time for which application threads were stopped: 0.0000496 seconds, Stopping threads took: 0.0000154 seconds
[2019-01-14T13:43:34.018+0000][3263][safepoint    ] Application time: 0.0029416 seconds
[2019-01-14T13:43:34.018+0000][3263][safepoint    ] Total time for which application threads were stopped: 0.0000861 seconds, Stopping threads took: 0.0000259 seconds
[2019-01-14T13:43:34.018+0000][3263][safepoint    ] Application time: 0.0001083 seconds
[2019-01-14T13:43:34.018+0000][3263][safepoint    ] Total time for which application threads were stopped: 0.0000675 seconds, Stopping threads took: 0.0000183 seconds
[2019-01-14T13:43:34.021+0000][3263][safepoint    ] Application time: 0.0023384 seconds
[2019-01-14T13:43:34.021+0000][3263][safepoint    ] Total time for which application threads were stopped: 0.0000667 seconds, Stopping threads took: 0.0000186 seconds
[2019-01-14T13:43:34.021+0000][3263][safepoint    ] Application time: 0.0000556 seconds
[2019-01-14T13:43:34.021+0000][3263][safepoint    ] Total time for which application threads were stopped: 0.0000412 seconds, Stopping threads took: 0.0000111 seconds
[2019-01-14T13:43:34.037+0000][3263][safepoint    ] Application time: 0.0156677 seconds
[2019-01-14T13:43:34.037+0000][3263][safepoint    ] Total time for which application threads were stopped: 0.0004941 seconds, Stopping threads took: 0.0000314 seconds
[2019-01-14T13:43:34.147+0000][3263][safepoint    ] Application time: 0.1093633 seconds
[2019-01-14T13:43:34.147+0000][3263][gc,start     ] GC(22) Pause Young (Allocation Failure)
[2019-01-14T13:43:34.147+0000][3263][gc,task      ] GC(22) Using 2 workers of 2 for evacuation
[2019-01-14T13:43:34.183+0000][3263][gc,age       ] GC(22) Desired survivor size 4456448 bytes, new threshold 1 (max threshold 6)
[2019-01-14T13:43:34.183+0000][3263][gc,age       ] GC(22) Age table with threshold 1 (max threshold 6)
[2019-01-14T13:43:34.183+0000][3263][gc,age       ] GC(22) - age   1:    6696520 bytes,    6696520 total
[2019-01-14T13:43:34.183+0000][3263][gc,age       ] GC(22) - age   2:    2216280 bytes,    8912800 total
[2019-01-14T13:43:34.183+0000][3263][gc,heap      ] GC(22) ParNew: 77228K->8704K(78656K)
[2019-01-14T13:43:34.183+0000][3263][gc,heap      ] GC(22) CMS: 51158K->55206K(174784K)
[2019-01-14T13:43:34.183+0000][3263][gc,metaspace ] GC(22) Metaspace: 70961K->70961K(1114112K)
[2019-01-14T13:43:34.183+0000][3263][gc           ] GC(22) Pause Young (Allocation Failure) 125M->62M(247M) 36.000ms
[2019-01-14T13:43:34.183+0000][3263][gc,cpu       ] GC(22) User=0.06s Sys=0.00s Real=0.03s
[2019-01-14T13:43:34.183+0000][3263][safepoint    ] Total time for which application threads were stopped: 0.0362197 seconds, Stopping threads took: 0.0000202 seconds
[2019-01-14T13:43:34.447+0000][3263][safepoint    ] Application time: 0.2639912 seconds
[2019-01-14T13:43:34.447+0000][3263][safepoint    ] Total time for which application threads were stopped: 0.0000878 seconds, Stopping threads took: 0.0000213 seconds
[2019-01-14T13:43:34.447+0000][3263][safepoint    ] Application time: 0.0000358 seconds
[2019-01-14T13:43:34.447+0000][3263][safepoint    ] Total time for which application threads were stopped: 0.0000325 seconds, Stopping threads took: 0.0000084 seconds
[2019-01-14T13:43:34.584+0000][3263][safepoint    ] Application time: 0.1371261 seconds
[2019-01-14T13:43:34.585+0000][3263][safepoint    ] Total time for which application threads were stopped: 0.0002449 seconds, Stopping threads took: 0.0000206 seconds
[2019-01-14T13:43:34.606+0000][3263][safepoint    ] Application time: 0.0217062 seconds
[2019-01-14T13:43:34.606+0000][3263][safepoint    ] Total time for which application threads were stopped: 0.0000763 seconds, Stopping threads took: 0.0000195 seconds
[2019-01-14T13:43:34.606+0000][3263][safepoint    ] Application time: 0.0000611 seconds
[2019-01-14T13:43:34.607+0000][3263][safepoint    ] Total time for which application threads were stopped: 0.0000425 seconds, Stopping threads took: 0.0000114 seconds
[2019-01-14T13:43:34.615+0000][3263][safepoint    ] Application time: 0.0086865 seconds
[2019-01-14T13:43:34.622+0000][3263][safepoint    ] Total time for which application threads were stopped: 0.0070219 seconds, Stopping threads took: 0.0068868 seconds
[2019-01-14T13:43:34.633+0000][3263][safepoint    ] Application time: 0.0107109 seconds
[2019-01-14T13:43:34.642+0000][3263][safepoint    ] Total time for which application threads were stopped: 0.0081977 seconds, Stopping threads took: 0.0080258 seconds
[2019-01-14T13:43:34.646+0000][3263][safepoint    ] Application time: 0.0047110 seconds
[2019-01-14T13:43:34.647+0000][3263][safepoint    ] Total time for which application threads were stopped: 0.0000915 seconds, Stopping threads took: 0.0000363 seconds
[2019-01-14T13:43:34.647+0000][3263][safepoint    ] Application time: 0.0001127 seconds
[2019-01-14T13:43:34.647+0000][3263][safepoint    ] Total time for which application threads were stopped: 0.0002813 seconds, Stopping threads took: 0.0000136 seconds
[2019-01-14T13:43:34.649+0000][3263][safepoint    ] Application time: 0.0018949 seconds
[2019-01-14T13:43:34.650+0000][3263][gc,start     ] GC(23) Pause Young (Allocation Failure)
[2019-01-14T13:43:34.650+0000][3263][gc,task      ] GC(23) Using 2 workers of 2 for evacuation
[2019-01-14T13:43:34.766+0000][3263][gc,age       ] GC(23) Desired survivor size 4456448 bytes, new threshold 1 (max threshold 6)
[2019-01-14T13:43:34.766+0000][3263][gc,age       ] GC(23) Age table with threshold 1 (max threshold 6)
[2019-01-14T13:43:34.766+0000][3263][gc,age       ] GC(23) - age   1:    8912832 bytes,    8912832 total
[2019-01-14T13:43:34.766+0000][3263][gc,heap      ] GC(23) ParNew: 78656K->8704K(78656K)
[2019-01-14T13:43:34.766+0000][3263][gc,heap      ] GC(23) CMS: 55206K->79439K(174784K)
[2019-01-14T13:43:34.766+0000][3263][gc,metaspace ] GC(23) Metaspace: 72181K->72181K(1116160K)
[2019-01-14T13:43:34.766+0000][3263][gc           ] GC(23) Pause Young (Allocation Failure) 130M->86M(247M) 116.479ms
[2019-01-14T13:43:34.766+0000][3263][gc,cpu       ] GC(23) User=0.21s Sys=0.00s Real=0.12s
[2019-01-14T13:43:34.766+0000][3263][safepoint    ] Total time for which application threads were stopped: 0.1171760 seconds, Stopping threads took: 0.0005642 seconds
[2019-01-14T13:43:34.774+0000][3263][safepoint    ] Application time: 0.0076155 seconds
[2019-01-14T13:43:34.774+0000][3263][safepoint    ] Total time for which application threads were stopped: 0.0000759 seconds, Stopping threads took: 0.0000107 seconds
[2019-01-14T13:43:34.776+0000][3263][safepoint    ] Application time: 0.0019458 seconds
[2019-01-14T13:43:34.776+0000][3263][safepoint    ] Total time for which application threads were stopped: 0.0001170 seconds, Stopping threads took: 0.0000287 seconds
[2019-01-14T13:43:34.785+0000][3263][safepoint    ] Application time: 0.0087612 seconds
[2019-01-14T13:43:34.787+0000][3263][safepoint    ] Total time for which application threads were stopped: 0.0018356 seconds, Stopping threads took: 0.0017378 seconds
[2019-01-14T13:43:34.806+0000][3263][safepoint    ] Application time: 0.0190500 seconds
[2019-01-14T13:43:34.826+0000][3263][safepoint    ] Total time for which application threads were stopped: 0.0004512 seconds, Stopping threads took: 0.0003469 seconds
[2019-01-14T13:43:34.826+0000][3263][safepoint    ] Application time: 0.0003088 seconds
[2019-01-14T13:43:34.827+0000][3263][safepoint    ] Total time for which application threads were stopped: 0.0005558 seconds, Stopping threads took: 0.0000576 seconds
[2019-01-14T13:43:34.827+0000][3263][safepoint    ] Application time: 0.0000971 seconds
[2019-01-14T13:43:34.828+0000][3263][safepoint    ] Total time for which application threads were stopped: 0.0005637 seconds, Stopping threads took: 0.0000103 seconds
[2019-01-14T13:43:34.828+0000][3263][safepoint    ] Application time: 0.0003579 seconds
[2019-01-14T13:43:34.829+0000][3263][safepoint    ] Total time for which application threads were stopped: 0.0006215 seconds, Stopping threads took: 0.0005454 seconds
[2019-01-14T13:43:34.840+0000][3263][safepoint    ] Application time: 0.0117825 seconds
[2019-01-14T13:43:34.842+0000][3263][safepoint    ] Total time for which application threads were stopped: 0.0017139 seconds, Stopping threads took: 0.0016038 seconds
[2019-01-14T13:43:34.846+0000][3263][safepoint    ] Application time: 0.0037626 seconds
[2019-01-14T13:43:34.846+0000][3263][safepoint    ] Total time for which application threads were stopped: 0.0000737 seconds, Stopping threads took: 0.0000215 seconds
[2019-01-14T13:43:34.869+0000][3263][safepoint    ] Application time: 0.0224995 seconds
[2019-01-14T13:43:34.871+0000][3263][safepoint    ] Total time for which application threads were stopped: 0.0026234 seconds, Stopping threads took: 0.0025325 seconds
[2019-01-14T13:43:34.922+0000][3263][safepoint    ] Application time: 0.0508076 seconds
[2019-01-14T13:43:34.922+0000][3263][safepoint    ] Total time for which application threads were stopped: 0.0001683 seconds, Stopping threads took: 0.0000555 seconds
[2019-01-14T13:43:35.013+0000][3263][safepoint    ] Application time: 0.0907343 seconds
[2019-01-14T13:43:35.014+0000][3263][safepoint    ] Total time for which application threads were stopped: 0.0006381 seconds, Stopping threads took: 0.0000274 seconds
[2019-01-14T13:43:35.245+0000][3263][safepoint    ] Application time: 0.2309154 seconds
[2019-01-14T13:43:35.245+0000][3263][safepoint    ] Total time for which application threads were stopped: 0.0001243 seconds, Stopping threads took: 0.0000196 seconds
[2019-01-14T13:43:35.245+0000][3263][safepoint    ] Application time: 0.0001419 seconds
[2019-01-14T13:43:35.245+0000][3263][safepoint    ] Total time for which application threads were stopped: 0.0000724 seconds, Stopping threads took: 0.0000223 seconds
[2019-01-14T13:43:35.247+0000][3263][safepoint    ] Application time: 0.0015247 seconds
[2019-01-14T13:43:35.247+0000][3263][safepoint    ] Total time for which application threads were stopped: 0.0000481 seconds, Stopping threads took: 0.0000134 seconds
[2019-01-14T13:43:35.262+0000][3263][safepoint    ] Application time: 0.0152864 seconds
[2019-01-14T13:43:35.262+0000][3263][safepoint    ] Total time for which application threads were stopped: 0.0000897 seconds, Stopping threads took: 0.0000291 seconds
[2019-01-14T13:43:35.271+0000][3263][safepoint    ] Application time: 0.0088698 seconds
[2019-01-14T13:43:35.271+0000][3263][safepoint    ] Total time for which application threads were stopped: 0.0000693 seconds, Stopping threads took: 0.0000211 seconds
[2019-01-14T13:43:35.272+0000][3263][safepoint    ] Application time: 0.0004478 seconds
[2019-01-14T13:43:35.272+0000][3263][safepoint    ] Total time for which application threads were stopped: 0.0001099 seconds, Stopping threads took: 0.0000241 seconds
[2019-01-14T13:43:35.331+0000][3263][safepoint    ] Application time: 0.0588872 seconds
[2019-01-14T13:43:35.331+0000][3263][safepoint    ] Total time for which application threads were stopped: 0.0001324 seconds, Stopping threads took: 0.0000203 seconds
[2019-01-14T13:43:35.331+0000][3263][safepoint    ] Application time: 0.0000695 seconds
[2019-01-14T13:43:35.331+0000][3263][safepoint    ] Total time for which application threads were stopped: 0.0000419 seconds, Stopping threads took: 0.0000115 seconds
[2019-01-14T13:43:35.331+0000][3263][safepoint    ] Application time: 0.0002276 seconds
[2019-01-14T13:43:35.331+0000][3263][safepoint    ] Total time for which application threads were stopped: 0.0000588 seconds, Stopping threads took: 0.0000117 seconds
[2019-01-14T13:43:35.339+0000][3263][safepoint    ] Application time: 0.0079028 seconds
[2019-01-14T13:43:35.339+0000][3263][safepoint    ] Total time for which application threads were stopped: 0.0001150 seconds, Stopping threads took: 0.0000335 seconds
[2019-01-14T13:43:35.348+0000][3263][safepoint    ] Application time: 0.0084072 seconds
[2019-01-14T13:43:35.348+0000][3263][safepoint    ] Total time for which application threads were stopped: 0.0001761 seconds, Stopping threads took: 0.0000839 seconds
[2019-01-14T13:43:35.355+0000][3263][safepoint    ] Application time: 0.0070886 seconds
[2019-01-14T13:43:35.355+0000][3263][safepoint    ] Total time for which application threads were stopped: 0.0001113 seconds, Stopping threads took: 0.0000328 seconds
[2019-01-14T13:43:35.355+0000][3263][safepoint    ] Application time: 0.0000378 seconds
[2019-01-14T13:43:35.355+0000][3263][safepoint    ] Total time for which application threads were stopped: 0.0000504 seconds, Stopping threads took: 0.0000131 seconds
[2019-01-14T13:43:35.355+0000][3263][safepoint    ] Application time: 0.0000302 seconds
[2019-01-14T13:43:35.356+0000][3263][safepoint    ] Total time for which application threads were stopped: 0.0000857 seconds, Stopping threads took: 0.0000127 seconds
[2019-01-14T13:43:35.356+0000][3263][safepoint    ] Application time: 0.0000403 seconds
[2019-01-14T13:43:35.356+0000][3263][safepoint    ] Total time for which application threads were stopped: 0.0000511 seconds, Stopping threads took: 0.0000140 seconds
[2019-01-14T13:43:35.356+0000][3263][safepoint    ] Application time: 0.0000245 seconds
[2019-01-14T13:43:35.356+0000][3263][safepoint    ] Total time for which application threads were stopped: 0.0000467 seconds, Stopping threads took: 0.0000124 seconds
[2019-01-14T13:43:35.356+0000][3263][safepoint    ] Application time: 0.0000229 seconds
[2019-01-14T13:43:35.356+0000][3263][safepoint    ] Total time for which application threads were stopped: 0.0000459 seconds, Stopping threads took: 0.0000120 seconds
[2019-01-14T13:43:35.356+0000][3263][safepoint    ] Application time: 0.0000206 seconds
[2019-01-14T13:43:35.356+0000][3263][safepoint    ] Total time for which application threads were stopped: 0.0000458 seconds, Stopping threads took: 0.0000120 seconds
[2019-01-14T13:43:35.356+0000][3263][safepoint    ] Application time: 0.0000574 seconds
[2019-01-14T13:43:35.356+0000][3263][safepoint    ] Total time for which application threads were stopped: 0.0000604 seconds, Stopping threads took: 0.0000183 seconds
[2019-01-14T13:43:35.383+0000][3263][safepoint    ] Application time: 0.0265797 seconds
[2019-01-14T13:43:35.383+0000][3263][safepoint    ] Total time for which application threads were stopped: 0.0001068 seconds, Stopping threads took: 0.0000356 seconds
[2019-01-14T13:43:35.393+0000][3263][safepoint    ] Application time: 0.0103396 seconds
[2019-01-14T13:43:35.394+0000][3263][safepoint    ] Total time for which application threads were stopped: 0.0001377 seconds, Stopping threads took: 0.0000350 seconds
[2019-01-14T13:43:35.394+0000][3263][safepoint    ] Application time: 0.0001099 seconds
[2019-01-14T13:43:35.394+0000][3263][safepoint    ] Total time for which application threads were stopped: 0.0001302 seconds, Stopping threads took: 0.0000559 seconds
[2019-01-14T13:43:35.394+0000][3263][safepoint    ] Application time: 0.0002416 seconds
[2019-01-14T13:43:35.394+0000][3263][safepoint    ] Total time for which application threads were stopped: 0.0001183 seconds, Stopping threads took: 0.0000546 seconds
[2019-01-14T13:43:35.395+0000][3263][safepoint    ] Application time: 0.0010319 seconds
[2019-01-14T13:43:35.395+0000][3263][safepoint    ] Total time for which application threads were stopped: 0.0000445 seconds, Stopping threads took: 0.0000124 seconds
[2019-01-14T13:43:35.396+0000][3263][safepoint    ] Application time: 0.0003402 seconds
[2019-01-14T13:43:35.396+0000][3263][safepoint    ] Total time for which application threads were stopped: 0.0001075 seconds, Stopping threads took: 0.0000723 seconds
[2019-01-14T13:43:35.424+0000][3263][safepoint    ] Application time: 0.0283596 seconds
[2019-01-14T13:43:35.424+0000][3263][safepoint    ] Total time for which application threads were stopped: 0.0000740 seconds, Stopping threads took: 0.0000200 seconds
[2019-01-14T13:43:35.424+0000][3263][safepoint    ] Application time: 0.0000822 seconds
[2019-01-14T13:43:35.425+0000][3263][safepoint    ] Total time for which application threads were stopped: 0.0000521 seconds, Stopping threads took: 0.0000196 seconds
[2019-01-14T13:43:35.425+0000][3263][safepoint    ] Application time: 0.0005734 seconds
[2019-01-14T13:43:35.425+0000][3263][safepoint    ] Total time for which application threads were stopped: 0.0000542 seconds, Stopping threads took: 0.0000164 seconds
[2019-01-14T13:43:35.426+0000][3263][safepoint    ] Application time: 0.0012250 seconds
[2019-01-14T13:43:35.427+0000][3263][safepoint    ] Total time for which application threads were stopped: 0.0001105 seconds, Stopping threads took: 0.0000559 seconds
[2019-01-14T13:43:35.432+0000][3263][safepoint    ] Application time: 0.0051996 seconds
[2019-01-14T13:43:35.432+0000][3263][safepoint    ] Total time for which application threads were stopped: 0.0001273 seconds, Stopping threads took: 0.0000301 seconds
[2019-01-14T13:43:35.446+0000][3263][safepoint    ] Application time: 0.0141526 seconds
[2019-01-14T13:43:35.446+0000][3263][safepoint    ] Total time for which application threads were stopped: 0.0001930 seconds, Stopping threads took: 0.0000775 seconds
[2019-01-14T13:43:35.458+0000][3263][safepoint    ] Application time: 0.0119696 seconds
[2019-01-14T13:43:35.458+0000][3263][safepoint    ] Total time for which application threads were stopped: 0.0000876 seconds, Stopping threads took: 0.0000169 seconds
[2019-01-14T13:43:35.459+0000][3263][safepoint    ] Application time: 0.0003477 seconds
[2019-01-14T13:43:35.459+0000][3263][safepoint    ] Total time for which application threads were stopped: 0.0000452 seconds, Stopping threads took: 0.0000084 seconds
[2019-01-14T13:43:35.459+0000][3263][safepoint    ] Application time: 0.0002985 seconds
[2019-01-14T13:43:35.459+0000][3263][safepoint    ] Total time for which application threads were stopped: 0.0001227 seconds, Stopping threads took: 0.0000141 seconds
[2019-01-14T13:43:35.461+0000][3263][safepoint    ] Application time: 0.0014976 seconds
[2019-01-14T13:43:35.461+0000][3263][safepoint    ] Total time for which application threads were stopped: 0.0000784 seconds, Stopping threads took: 0.0000175 seconds
[2019-01-14T13:43:35.463+0000][3263][safepoint    ] Application time: 0.0021789 seconds
[2019-01-14T13:43:35.463+0000][3263][safepoint    ] Total time for which application threads were stopped: 0.0000959 seconds, Stopping threads took: 0.0000488 seconds
[2019-01-14T13:43:35.463+0000][3263][safepoint    ] Application time: 0.0000753 seconds
[2019-01-14T13:43:35.463+0000][3263][safepoint    ] Total time for which application threads were stopped: 0.0000572 seconds, Stopping threads took: 0.0000276 seconds
[2019-01-14T13:43:35.464+0000][3263][safepoint    ] Application time: 0.0000738 seconds
[2019-01-14T13:43:35.464+0000][3263][safepoint    ] Total time for which application threads were stopped: 0.0000604 seconds, Stopping threads took: 0.0000171 seconds
[2019-01-14T13:43:35.464+0000][3263][safepoint    ] Application time: 0.0000736 seconds
[2019-01-14T13:43:35.464+0000][3263][safepoint    ] Total time for which application threads were stopped: 0.0000455 seconds, Stopping threads took: 0.0000176 seconds
[2019-01-14T13:43:35.464+0000][3263][safepoint    ] Application time: 0.0001818 seconds
[2019-01-14T13:43:35.464+0000][3263][safepoint    ] Total time for which application threads were stopped: 0.0000492 seconds, Stopping threads took: 0.0000208 seconds
[2019-01-14T13:43:35.464+0000][3263][safepoint    ] Application time: 0.0000667 seconds
[2019-01-14T13:43:35.464+0000][3263][safepoint    ] Total time for which application threads were stopped: 0.0000442 seconds, Stopping threads took: 0.0000164 seconds
[2019-01-14T13:43:35.464+0000][3263][safepoint    ] Application time: 0.0000654 seconds
[2019-01-14T13:43:35.464+0000][3263][safepoint    ] Total time for which application threads were stopped: 0.0000449 seconds, Stopping threads took: 0.0000174 seconds
[2019-01-14T13:43:35.464+0000][3263][safepoint    ] Application time: 0.0000635 seconds
[2019-01-14T13:43:35.464+0000][3263][safepoint    ] Total time for which application threads were stopped: 0.0000555 seconds, Stopping threads took: 0.0000279 seconds
[2019-01-14T13:43:35.465+0000][3263][safepoint    ] Application time: 0.0001796 seconds
[2019-01-14T13:43:35.465+0000][3263][safepoint    ] Total time for which application threads were stopped: 0.0000465 seconds, Stopping threads took: 0.0000166 seconds
[2019-01-14T13:43:35.465+0000][3263][safepoint    ] Application time: 0.0001532 seconds
[2019-01-14T13:43:35.465+0000][3263][safepoint    ] Total time for which application threads were stopped: 0.0000466 seconds, Stopping threads took: 0.0000167 seconds
[2019-01-14T13:43:35.465+0000][3263][safepoint    ] Application time: 0.0001426 seconds
[2019-01-14T13:43:35.465+0000][3263][safepoint    ] Total time for which application threads were stopped: 0.0000518 seconds, Stopping threads took: 0.0000056 seconds
[2019-01-14T13:43:35.465+0000][3263][safepoint    ] Application time: 0.0000646 seconds
[2019-01-14T13:43:35.465+0000][3263][safepoint    ] Total time for which application threads were stopped: 0.0000321 seconds, Stopping threads took: 0.0000049 seconds
[2019-01-14T13:43:35.465+0000][3263][safepoint    ] Application time: 0.0000688 seconds
[2019-01-14T13:43:35.465+0000][3263][safepoint    ] Total time for which application threads were stopped: 0.0000337 seconds, Stopping threads took: 0.0000051 seconds
[2019-01-14T13:43:35.466+0000][3263][safepoint    ] Application time: 0.0002865 seconds
[2019-01-14T13:43:35.466+0000][3263][safepoint    ] Total time for which application threads were stopped: 0.0000347 seconds, Stopping threads took: 0.0000053 seconds
[2019-01-14T13:43:35.466+0000][3263][safepoint    ] Application time: 0.0000680 seconds
[2019-01-14T13:43:35.466+0000][3263][safepoint    ] Total time for which application threads were stopped: 0.0000383 seconds, Stopping threads took: 0.0000048 seconds
[2019-01-14T13:43:35.466+0000][3263][safepoint    ] Application time: 0.0000726 seconds
[2019-01-14T13:43:35.466+0000][3263][safepoint    ] Total time for which application threads were stopped: 0.0000319 seconds, Stopping threads took: 0.0000048 seconds
[2019-01-14T13:43:35.466+0000][3263][safepoint    ] Application time: 0.0000700 seconds
[2019-01-14T13:43:35.466+0000][3263][safepoint    ] Total time for which application threads were stopped: 0.0000322 seconds, Stopping threads took: 0.0000050 seconds
[2019-01-14T13:43:35.466+0000][3263][safepoint    ] Application time: 0.0002065 seconds
[2019-01-14T13:43:35.467+0000][3263][safepoint    ] Total time for which application threads were stopped: 0.0007126 seconds, Stopping threads took: 0.0005433 seconds
[2019-01-14T13:43:35.475+0000][3263][safepoint    ] Application time: 0.0081647 seconds
[2019-01-14T13:43:35.476+0000][3263][safepoint    ] Total time for which application threads were stopped: 0.0001920 seconds, Stopping threads took: 0.0000168 seconds
[2019-01-14T13:43:35.476+0000][3263][safepoint    ] Application time: 0.0003620 seconds
[2019-01-14T13:43:35.476+0000][3263][safepoint    ] Total time for which application threads were stopped: 0.0000528 seconds, Stopping threads took: 0.0000089 seconds
[2019-01-14T13:43:35.476+0000][3263][safepoint    ] Application time: 0.0002072 seconds
[2019-01-14T13:43:35.476+0000][3263][safepoint    ] Total time for which application threads were stopped: 0.0000386 seconds, Stopping threads took: 0.0000059 seconds
[2019-01-14T13:43:35.476+0000][3263][safepoint    ] Application time: 0.0000836 seconds
[2019-01-14T13:43:35.476+0000][3263][safepoint    ] Total time for which application threads were stopped: 0.0000884 seconds, Stopping threads took: 0.0000531 seconds
[2019-01-14T13:43:35.477+0000][3263][safepoint    ] Application time: 0.0001427 seconds
[2019-01-14T13:43:35.477+0000][3263][safepoint    ] Total time for which application threads were stopped: 0.0000432 seconds, Stopping threads took: 0.0000080 seconds
[2019-01-14T13:43:35.477+0000][3263][safepoint    ] Application time: 0.0000910 seconds
[2019-01-14T13:43:35.477+0000][3263][safepoint    ] Total time for which application threads were stopped: 0.0000356 seconds, Stopping threads took: 0.0000053 seconds
[2019-01-14T13:43:35.477+0000][3263][safepoint    ] Application time: 0.0000823 seconds
[2019-01-14T13:43:35.477+0000][3263][safepoint    ] Total time for which application threads were stopped: 0.0000341 seconds, Stopping threads took: 0.0000052 seconds
[2019-01-14T13:43:35.477+0000][3263][safepoint    ] Application time: 0.0000882 seconds
[2019-01-14T13:43:35.477+0000][3263][safepoint    ] Total time for which application threads were stopped: 0.0000345 seconds, Stopping threads took: 0.0000048 seconds
[2019-01-14T13:43:35.477+0000][3263][safepoint    ] Application time: 0.0000819 seconds
[2019-01-14T13:43:35.477+0000][3263][safepoint    ] Total time for which application threads were stopped: 0.0000580 seconds, Stopping threads took: 0.0000095 seconds
[2019-01-14T13:43:35.477+0000][3263][safepoint    ] Application time: 0.0001896 seconds
[2019-01-14T13:43:35.478+0000][3263][safepoint    ] Total time for which application threads were stopped: 0.0000751 seconds, Stopping threads took: 0.0000154 seconds
[2019-01-14T13:43:35.478+0000][3263][safepoint    ] Application time: 0.0003807 seconds
[2019-01-14T13:43:35.478+0000][3263][safepoint    ] Total time for which application threads were stopped: 0.0001013 seconds, Stopping threads took: 0.0000117 seconds
[2019-01-14T13:43:35.478+0000][3263][safepoint    ] Application time: 0.0002535 seconds
[2019-01-14T13:43:35.479+0000][3263][safepoint    ] Total time for which application threads were stopped: 0.0000639 seconds, Stopping threads took: 0.0000072 seconds
[2019-01-14T13:43:35.479+0000][3263][safepoint    ] Application time: 0.0001427 seconds
[2019-01-14T13:43:35.479+0000][3263][safepoint    ] Total time for which application threads were stopped: 0.0000406 seconds, Stopping threads took: 0.0000069 seconds
[2019-01-14T13:43:35.479+0000][3263][safepoint    ] Application time: 0.0001282 seconds
[2019-01-14T13:43:35.479+0000][3263][safepoint    ] Total time for which application threads were stopped: 0.0000363 seconds, Stopping threads took: 0.0000055 seconds
[2019-01-14T13:43:35.479+0000][3263][safepoint    ] Application time: 0.0002090 seconds
[2019-01-14T13:43:35.479+0000][3263][safepoint    ] Total time for which application threads were stopped: 0.0003344 seconds, Stopping threads took: 0.0000608 seconds
[2019-01-14T13:43:35.567+0000][3263][safepoint    ] Application time: 0.0875279 seconds
[2019-01-14T13:43:35.571+0000][3263][safepoint    ] Total time for which application threads were stopped: 0.0035348 seconds, Stopping threads took: 0.0034158 seconds
[2019-01-14T13:43:35.609+0000][3263][safepoint    ] Application time: 0.0382756 seconds
[2019-01-14T13:43:35.611+0000][3263][safepoint    ] Total time for which application threads were stopped: 0.0023216 seconds, Stopping threads took: 0.0021865 seconds
[2019-01-14T13:43:35.615+0000][3263][safepoint    ] Application time: 0.0037858 seconds
[2019-01-14T13:43:35.615+0000][3263][safepoint    ] Total time for which application threads were stopped: 0.0000759 seconds, Stopping threads took: 0.0000096 seconds
[2019-01-14T13:43:35.688+0000][3263][safepoint    ] Application time: 0.0730537 seconds
[2019-01-14T13:43:35.689+0000][3263][gc,start     ] GC(24) Pause Young (Allocation Failure)
[2019-01-14T13:43:35.689+0000][3263][gc,task      ] GC(24) Using 2 workers of 2 for evacuation
[2019-01-14T13:43:35.718+0000][3263][gc,age       ] GC(24) Desired survivor size 4456448 bytes, new threshold 6 (max threshold 6)
[2019-01-14T13:43:35.718+0000][3263][gc,age       ] GC(24) Age table with threshold 6 (max threshold 6)
[2019-01-14T13:43:35.718+0000][3263][gc,age       ] GC(24) - age   1:    1420680 bytes,    1420680 total
[2019-01-14T13:43:35.718+0000][3263][gc,heap      ] GC(24) ParNew: 78656K->8470K(78656K)
[2019-01-14T13:43:35.718+0000][3263][gc,heap      ] GC(24) CMS: 79439K->88122K(174784K)
[2019-01-14T13:43:35.718+0000][3263][gc,metaspace ] GC(24) Metaspace: 75649K->75649K(1118208K)
[2019-01-14T13:43:35.718+0000][3263][gc           ] GC(24) Pause Young (Allocation Failure) 154M->94M(247M) 29.803ms
[2019-01-14T13:43:35.718+0000][3263][gc,cpu       ] GC(24) User=0.05s Sys=0.00s Real=0.03s
[2019-01-14T13:43:35.718+0000][3263][safepoint    ] Total time for which application threads were stopped: 0.0301357 seconds, Stopping threads took: 0.0000867 seconds
[2019-01-14T13:43:35.764+0000][3263][safepoint    ] Application time: 0.0458228 seconds
[2019-01-14T13:43:35.767+0000][3263][safepoint    ] Total time for which application threads were stopped: 0.0026428 seconds, Stopping threads took: 0.0025451 seconds
[2019-01-14T13:43:35.774+0000][3263][safepoint    ] Application time: 0.0068550 seconds
[2019-01-14T13:43:35.774+0000][3263][safepoint    ] Total time for which application threads were stopped: 0.0003588 seconds, Stopping threads took: 0.0000996 seconds
[2019-01-14T13:43:36.014+0000][3263][safepoint    ] Application time: 0.2394602 seconds
[2019-01-14T13:43:36.014+0000][3263][safepoint    ] Total time for which application threads were stopped: 0.0003249 seconds, Stopping threads took: 0.0001098 seconds
[2019-01-14T13:43:36.015+0000][3263][safepoint    ] Application time: 0.0005761 seconds
[2019-01-14T13:43:36.015+0000][3263][safepoint    ] Total time for which application threads were stopped: 0.0000990 seconds, Stopping threads took: 0.0000342 seconds
[2019-01-14T13:43:36.015+0000][3263][safepoint    ] Application time: 0.0003712 seconds
[2019-01-14T13:43:36.015+0000][3263][safepoint    ] Total time for which application threads were stopped: 0.0000688 seconds, Stopping threads took: 0.0000237 seconds
[2019-01-14T13:43:36.022+0000][3263][safepoint    ] Application time: 0.0061836 seconds
[2019-01-14T13:43:36.022+0000][3263][safepoint    ] Total time for which application threads were stopped: 0.0003003 seconds, Stopping threads took: 0.0002067 seconds
[2019-01-14T13:43:36.024+0000][3263][safepoint    ] Application time: 0.0014968 seconds
[2019-01-14T13:43:36.024+0000][3263][safepoint    ] Total time for which application threads were stopped: 0.0001001 seconds, Stopping threads took: 0.0000129 seconds
[2019-01-14T13:43:36.032+0000][3263][safepoint    ] Application time: 0.0080675 seconds
[2019-01-14T13:43:36.032+0000][3263][safepoint    ] Total time for which application threads were stopped: 0.0000911 seconds, Stopping threads took: 0.0000345 seconds
[2019-01-14T13:43:36.032+0000][3263][safepoint    ] Application time: 0.0002349 seconds
[2019-01-14T13:43:36.032+0000][3263][safepoint    ] Total time for which application threads were stopped: 0.0001597 seconds, Stopping threads took: 0.0000985 seconds
[2019-01-14T13:43:36.033+0000][3263][safepoint    ] Application time: 0.0008037 seconds
[2019-01-14T13:43:36.033+0000][3263][safepoint    ] Total time for which application threads were stopped: 0.0000776 seconds, Stopping threads took: 0.0000377 seconds
[2019-01-14T13:43:36.038+0000][3263][safepoint    ] Application time: 0.0045335 seconds
[2019-01-14T13:43:36.038+0000][3263][safepoint    ] Total time for which application threads were stopped: 0.0000887 seconds, Stopping threads took: 0.0000153 seconds
[2019-01-14T13:43:36.052+0000][3263][safepoint    ] Application time: 0.0142989 seconds
[2019-01-14T13:43:36.052+0000][3263][safepoint    ] Total time for which application threads were stopped: 0.0001854 seconds, Stopping threads took: 0.0000795 seconds
[2019-01-14T13:43:36.056+0000][3263][safepoint    ] Application time: 0.0037292 seconds
[2019-01-14T13:43:36.058+0000][3263][safepoint    ] Total time for which application threads were stopped: 0.0021592 seconds, Stopping threads took: 0.0020746 seconds
[2019-01-14T13:43:36.070+0000][3263][safepoint    ] Application time: 0.0118113 seconds
[2019-01-14T13:43:36.071+0000][3263][safepoint    ] Total time for which application threads were stopped: 0.0001704 seconds, Stopping threads took: 0.0000595 seconds
[2019-01-14T13:43:36.072+0000][3263][safepoint    ] Application time: 0.0013013 seconds
[2019-01-14T13:43:36.072+0000][3263][safepoint    ] Total time for which application threads were stopped: 0.0000765 seconds, Stopping threads took: 0.0000275 seconds
[2019-01-14T13:43:36.115+0000][3263][safepoint    ] Application time: 0.0435354 seconds
[2019-01-14T13:43:36.116+0000][3263][safepoint    ] Total time for which application threads were stopped: 0.0001464 seconds, Stopping threads took: 0.0000533 seconds
[2019-01-14T13:43:36.117+0000][3263][safepoint    ] Application time: 0.0011597 seconds
[2019-01-14T13:43:36.122+0000][3263][safepoint    ] Total time for which application threads were stopped: 0.0055518 seconds, Stopping threads took: 0.0054053 seconds
[2019-01-14T13:43:36.483+0000][3263][safepoint    ] Application time: 0.3606605 seconds
[2019-01-14T13:43:36.484+0000][3263][safepoint    ] Total time for which application threads were stopped: 0.0005068 seconds, Stopping threads took: 0.0002480 seconds
[2019-01-14T13:43:36.486+0000][3263][safepoint    ] Application time: 0.0021422 seconds
[2019-01-14T13:43:36.486+0000][3263][safepoint    ] Total time for which application threads were stopped: 0.0002150 seconds, Stopping threads took: 0.0000995 seconds
[2019-01-14T13:43:36.486+0000][3263][safepoint    ] Application time: 0.0001204 seconds
[2019-01-14T13:43:36.487+0000][3263][safepoint    ] Total time for which application threads were stopped: 0.0001022 seconds, Stopping threads took: 0.0000256 seconds
[2019-01-14T13:43:36.487+0000][3263][safepoint    ] Application time: 0.0000648 seconds
[2019-01-14T13:43:36.487+0000][3263][safepoint    ] Total time for which application threads were stopped: 0.0001196 seconds, Stopping threads took: 0.0000326 seconds
[2019-01-14T13:43:36.487+0000][3263][safepoint    ] Application time: 0.0000450 seconds
[2019-01-14T13:43:36.487+0000][3263][safepoint    ] Total time for which application threads were stopped: 0.0000955 seconds, Stopping threads took: 0.0000242 seconds
[2019-01-14T13:43:36.487+0000][3263][safepoint    ] Application time: 0.0003484 seconds
[2019-01-14T13:43:36.488+0000][3263][safepoint    ] Total time for which application threads were stopped: 0.0001796 seconds, Stopping threads took: 0.0000352 seconds
[2019-01-14T13:43:36.488+0000][3263][safepoint    ] Application time: 0.0001101 seconds
[2019-01-14T13:43:36.488+0000][3263][safepoint    ] Total time for which application threads were stopped: 0.0001107 seconds, Stopping threads took: 0.0000265 seconds
[2019-01-14T13:43:36.488+0000][3263][safepoint    ] Application time: 0.0000456 seconds
[2019-01-14T13:43:36.488+0000][3263][safepoint    ] Total time for which application threads were stopped: 0.0001776 seconds, Stopping threads took: 0.0000800 seconds
[2019-01-14T13:43:36.488+0000][3263][safepoint    ] Application time: 0.0001348 seconds
[2019-01-14T13:43:36.488+0000][3263][safepoint    ] Total time for which application threads were stopped: 0.0001006 seconds, Stopping threads took: 0.0000258 seconds
[2019-01-14T13:43:36.489+0000][3263][safepoint    ] Application time: 0.0001802 seconds
[2019-01-14T13:43:36.489+0000][3263][safepoint    ] Total time for which application threads were stopped: 0.0002904 seconds, Stopping threads took: 0.0001883 seconds
[2019-01-14T13:43:36.489+0000][3263][safepoint    ] Application time: 0.0001533 seconds
[2019-01-14T13:43:36.489+0000][3263][safepoint    ] Total time for which application threads were stopped: 0.0001210 seconds, Stopping threads took: 0.0000342 seconds
[2019-01-14T13:43:36.489+0000][3263][safepoint    ] Application time: 0.0000650 seconds
[2019-01-14T13:43:36.490+0000][3263][safepoint    ] Total time for which application threads were stopped: 0.0001587 seconds, Stopping threads took: 0.0000242 seconds
[2019-01-14T13:43:36.490+0000][3263][safepoint    ] Application time: 0.0000588 seconds
[2019-01-14T13:43:36.490+0000][3263][safepoint    ] Total time for which application threads were stopped: 0.0001067 seconds, Stopping threads took: 0.0000284 seconds
[2019-01-14T13:43:36.490+0000][3263][safepoint    ] Application time: 0.0001989 seconds
[2019-01-14T13:43:36.490+0000][3263][safepoint    ] Total time for which application threads were stopped: 0.0001230 seconds, Stopping threads took: 0.0000354 seconds
[2019-01-14T13:43:36.490+0000][3263][safepoint    ] Application time: 0.0000840 seconds
[2019-01-14T13:43:36.490+0000][3263][safepoint    ] Total time for which application threads were stopped: 0.0000972 seconds, Stopping threads took: 0.0000242 seconds
[2019-01-14T13:43:36.491+0000][3263][safepoint    ] Application time: 0.0000637 seconds
[2019-01-14T13:43:36.491+0000][3263][safepoint    ] Total time for which application threads were stopped: 0.0001180 seconds, Stopping threads took: 0.0000325 seconds
[2019-01-14T13:43:36.491+0000][3263][safepoint    ] Application time: 0.0000739 seconds
[2019-01-14T13:43:36.491+0000][3263][safepoint    ] Total time for which application threads were stopped: 0.0000951 seconds, Stopping threads took: 0.0000243 seconds
[2019-01-14T13:43:37.491+0000][3263][safepoint    ] Application time: 1.0002698 seconds
[2019-01-14T13:43:37.492+0000][3263][safepoint    ] Total time for which application threads were stopped: 0.0003469 seconds, Stopping threads took: 0.0000342 seconds
[2019-01-14T13:43:38.493+0000][3263][safepoint    ] Application time: 1.0007845 seconds
[2019-01-14T13:43:38.493+0000][3263][safepoint    ] Total time for which application threads were stopped: 0.0002613 seconds, Stopping threads took: 0.0000333 seconds
[2019-01-14T13:43:40.150+0000][3263][safepoint    ] Application time: 1.6572675 seconds
[2019-01-14T13:43:40.150+0000][3263][safepoint    ] Total time for which application threads were stopped: 0.0001626 seconds, Stopping threads took: 0.0000267 seconds
[2019-01-14T13:43:40.151+0000][3263][safepoint    ] Application time: 0.0004470 seconds
[2019-01-14T13:43:40.151+0000][3263][safepoint    ] Total time for which application threads were stopped: 0.0001749 seconds, Stopping threads took: 0.0000192 seconds
[2019-01-14T13:43:40.152+0000][3263][safepoint    ] Application time: 0.0004428 seconds
[2019-01-14T13:43:40.152+0000][3263][safepoint    ] Total time for which application threads were stopped: 0.0001204 seconds, Stopping threads took: 0.0000187 seconds
[2019-01-14T13:43:40.152+0000][3263][safepoint    ] Application time: 0.0004554 seconds
[2019-01-14T13:43:40.153+0000][3263][safepoint    ] Total time for which application threads were stopped: 0.0001214 seconds, Stopping threads took: 0.0000189 seconds
[2019-01-14T13:43:40.153+0000][3263][safepoint    ] Application time: 0.0007341 seconds
[2019-01-14T13:43:40.154+0000][3263][safepoint    ] Total time for which application threads were stopped: 0.0001611 seconds, Stopping threads took: 0.0000584 seconds
[2019-01-14T13:43:41.154+0000][3263][safepoint    ] Application time: 1.0006334 seconds
[2019-01-14T13:43:41.154+0000][3263][safepoint    ] Total time for which application threads were stopped: 0.0001554 seconds, Stopping threads took: 0.0000325 seconds
[2019-01-14T13:43:43.155+0000][3263][safepoint    ] Application time: 2.0003747 seconds
[2019-01-14T13:43:43.155+0000][3263][safepoint    ] Total time for which application threads were stopped: 0.0001729 seconds, Stopping threads took: 0.0000444 seconds
[2019-01-14T13:43:44.155+0000][3263][safepoint    ] Application time: 1.0003114 seconds
[2019-01-14T13:43:44.156+0000][3263][safepoint    ] Total time for which application threads were stopped: 0.0001475 seconds, Stopping threads took: 0.0000320 seconds
[2019-01-14T13:43:46.157+0000][3263][safepoint    ] Application time: 2.0011158 seconds
[2019-01-14T13:43:46.157+0000][3263][safepoint    ] Total time for which application threads were stopped: 0.0001487 seconds, Stopping threads took: 0.0000342 seconds
[2019-01-14T13:43:48.158+0000][3263][safepoint    ] Application time: 2.0010092 seconds
[2019-01-14T13:43:48.158+0000][3263][safepoint    ] Total time for which application threads were stopped: 0.0000717 seconds, Stopping threads took: 0.0000171 seconds
[2019-01-14T13:43:54.161+0000][3263][safepoint    ] Application time: 6.0020922 seconds
[2019-01-14T13:43:54.161+0000][3263][safepoint    ] Total time for which application threads were stopped: 0.0000649 seconds, Stopping threads took: 0.0000162 seconds
[2019-01-14T13:43:55.161+0000][3263][safepoint    ] Application time: 1.0003163 seconds
[2019-01-14T13:43:55.161+0000][3263][safepoint    ] Total time for which application threads were stopped: 0.0000633 seconds, Stopping threads took: 0.0000153 seconds
[2019-01-14T13:43:59.163+0000][3263][safepoint    ] Application time: 4.0018297 seconds
[2019-01-14T13:43:59.163+0000][3263][safepoint    ] Total time for which application threads were stopped: 0.0001178 seconds, Stopping threads took: 0.0000277 seconds
[2019-01-14T13:44:00.164+0000][3263][safepoint    ] Application time: 1.0004997 seconds
[2019-01-14T13:44:00.164+0000][3263][safepoint    ] Total time for which application threads were stopped: 0.0000801 seconds, Stopping threads took: 0.0000174 seconds
[2019-01-14T13:44:02.164+0000][3263][safepoint    ] Application time: 2.0004578 seconds
[2019-01-14T13:44:02.165+0000][3263][safepoint    ] Total time for which application threads were stopped: 0.0000872 seconds, Stopping threads took: 0.0000275 seconds
[2019-01-14T13:44:03.914+0000][3263][safepoint    ] Application time: 1.7492885 seconds
[2019-01-14T13:44:03.914+0000][3263][safepoint    ] Total time for which application threads were stopped: 0.0001010 seconds, Stopping threads took: 0.0000095 seconds
[2019-01-14T13:44:03.936+0000][3263][safepoint    ] Application time: 0.0214856 seconds
[2019-01-14T13:44:03.936+0000][3263][safepoint    ] Total time for which application threads were stopped: 0.0000935 seconds, Stopping threads took: 0.0000185 seconds
[2019-01-14T13:44:04.936+0000][3263][safepoint    ] Application time: 1.0000953 seconds
[2019-01-14T13:44:04.936+0000][3263][safepoint    ] Total time for which application threads were stopped: 0.0001322 seconds, Stopping threads took: 0.0000690 seconds
[2019-01-14T13:44:05.484+0000][3263][safepoint    ] Application time: 0.5480756 seconds
[2019-01-14T13:44:05.484+0000][3263][safepoint    ] Total time for which application threads were stopped: 0.0001256 seconds, Stopping threads took: 0.0000296 seconds
[2019-01-14T13:44:05.497+0000][3263][safepoint    ] Application time: 0.0130271 seconds
[2019-01-14T13:44:05.498+0000][3263][safepoint    ] Total time for which application threads were stopped: 0.0001357 seconds, Stopping threads took: 0.0000275 seconds
[2019-01-14T13:44:05.498+0000][3263][safepoint    ] Application time: 0.0001952 seconds
[2019-01-14T13:44:05.498+0000][3263][safepoint    ] Total time for which application threads were stopped: 0.0000716 seconds, Stopping threads took: 0.0000298 seconds
[2019-01-14T13:44:05.498+0000][3263][safepoint    ] Application time: 0.0000820 seconds
[2019-01-14T13:44:05.499+0000][3263][safepoint    ] Total time for which application threads were stopped: 0.0008918 seconds, Stopping threads took: 0.0001557 seconds
[2019-01-14T13:44:05.499+0000][3263][safepoint    ] Application time: 0.0001780 seconds
[2019-01-14T13:44:05.499+0000][3263][safepoint    ] Total time for which application threads were stopped: 0.0000628 seconds, Stopping threads took: 0.0000117 seconds
[2019-01-14T13:44:05.499+0000][3263][safepoint    ] Application time: 0.0000774 seconds
[2019-01-14T13:44:05.499+0000][3263][safepoint    ] Total time for which application threads were stopped: 0.0000318 seconds, Stopping threads took: 0.0000071 seconds
[2019-01-14T13:44:06.500+0000][3263][safepoint    ] Application time: 1.0005990 seconds
[2019-01-14T13:44:06.500+0000][3263][safepoint    ] Total time for which application threads were stopped: 0.0000703 seconds, Stopping threads took: 0.0000161 seconds
[2019-01-14T13:44:09.501+0000][3263][safepoint    ] Application time: 3.0013934 seconds
[2019-01-14T13:44:09.502+0000][3263][safepoint    ] Total time for which application threads were stopped: 0.0000664 seconds, Stopping threads took: 0.0000150 seconds
[2019-01-14T13:44:10.502+0000][3263][safepoint    ] Application time: 1.0004242 seconds
[2019-01-14T13:44:10.502+0000][3263][safepoint    ] Total time for which application threads were stopped: 0.0001595 seconds, Stopping threads took: 0.0000314 seconds
[2019-01-14T13:44:15.504+0000][3263][safepoint    ] Application time: 5.0015850 seconds
[2019-01-14T13:44:15.504+0000][3263][safepoint    ] Total time for which application threads were stopped: 0.0001062 seconds, Stopping threads took: 0.0000236 seconds
[2019-01-14T13:44:16.504+0000][3263][safepoint    ] Application time: 1.0002892 seconds
[2019-01-14T13:44:16.505+0000][3263][safepoint    ] Total time for which application threads were stopped: 0.0001138 seconds, Stopping threads took: 0.0000165 seconds
[2019-01-14T13:44:20.506+0000][3263][safepoint    ] Application time: 4.0012591 seconds
[2019-01-14T13:44:20.506+0000][3263][safepoint    ] Total time for which application threads were stopped: 0.0000765 seconds, Stopping threads took: 0.0000166 seconds
[2019-01-14T13:44:22.507+0000][3263][safepoint    ] Application time: 2.0007087 seconds
[2019-01-14T13:44:22.507+0000][3263][safepoint    ] Total time for which application threads were stopped: 0.0000751 seconds, Stopping threads took: 0.0000159 seconds
[2019-01-14T13:44:25.367+0000][3263][safepoint    ] Application time: 2.8596621 seconds
[2019-01-14T13:44:25.369+0000][3263][gc,start     ] GC(25) Pause Young (Allocation Failure)
[2019-01-14T13:44:25.370+0000][3263][gc,task      ] GC(25) Using 2 workers of 2 for evacuation
[2019-01-14T13:44:25.390+0000][3263][gc,age       ] GC(25) Desired survivor size 4456448 bytes, new threshold 6 (max threshold 6)
[2019-01-14T13:44:25.390+0000][3263][gc,age       ] GC(25) Age table with threshold 6 (max threshold 6)
[2019-01-14T13:44:25.390+0000][3263][gc,age       ] GC(25) - age   1:     663816 bytes,     663816 total
[2019-01-14T13:44:25.390+0000][3263][gc,age       ] GC(25) - age   2:    1370544 bytes,    2034360 total
[2019-01-14T13:44:25.391+0000][3263][gc,heap      ] GC(25) ParNew: 78422K->3566K(78656K)
[2019-01-14T13:44:25.391+0000][3263][gc,heap      ] GC(25) CMS: 88122K->88122K(174784K)
[2019-01-14T13:44:25.391+0000][3263][gc,metaspace ] GC(25) Metaspace: 77434K->77434K(1120256K)
[2019-01-14T13:44:25.391+0000][3263][gc           ] GC(25) Pause Young (Allocation Failure) 162M->89M(247M) 21.379ms
[2019-01-14T13:44:25.391+0000][3263][gc,cpu       ] GC(25) User=0.01s Sys=0.00s Real=0.03s
[2019-01-14T13:44:25.391+0000][3263][safepoint    ] Total time for which application threads were stopped: 0.0232138 seconds, Stopping threads took: 0.0001314 seconds
[2019-01-14T13:44:26.393+0000][3263][safepoint    ] Application time: 1.0011878 seconds
[2019-01-14T13:44:26.396+0000][3263][safepoint    ] Total time for which application threads were stopped: 0.0013862 seconds, Stopping threads took: 0.0003244 seconds
[2019-01-14T13:44:27.396+0000][3263][safepoint    ] Application time: 1.0002769 seconds
[2019-01-14T13:44:27.397+0000][3263][safepoint    ] Total time for which application threads were stopped: 0.0002546 seconds, Stopping threads took: 0.0001128 seconds
[2019-01-14T13:44:30.399+0000][3263][safepoint    ] Application time: 3.0019717 seconds
[2019-01-14T13:44:30.432+0000][3263][safepoint    ] Total time for which application threads were stopped: 0.0312222 seconds, Stopping threads took: 0.0302213 seconds
[2019-01-14T13:44:31.437+0000][3263][safepoint    ] Application time: 1.0046196 seconds
[2019-01-14T13:44:31.437+0000][3263][safepoint    ] Total time for which application threads were stopped: 0.0002900 seconds, Stopping threads took: 0.0000330 seconds
[2019-01-14T13:44:34.442+0000][3263][safepoint    ] Application time: 3.0024287 seconds
[2019-01-14T13:44:34.453+0000][3263][safepoint    ] Total time for which application threads were stopped: 0.0069166 seconds, Stopping threads took: 0.0000433 seconds
[2019-01-14T13:44:35.511+0000][3263][safepoint    ] Application time: 1.0582023 seconds
[2019-01-14T13:44:35.514+0000][3263][safepoint    ] Total time for which application threads were stopped: 0.0014927 seconds, Stopping threads took: 0.0007790 seconds
[2019-01-14T13:44:35.515+0000][3263][safepoint    ] Application time: 0.0012920 seconds
[2019-01-14T13:44:35.515+0000][3263][safepoint    ] Total time for which application threads were stopped: 0.0000968 seconds, Stopping threads took: 0.0000140 seconds
[2019-01-14T13:44:35.516+0000][3263][safepoint    ] Application time: 0.0005002 seconds
[2019-01-14T13:44:35.516+0000][3263][safepoint    ] Total time for which application threads were stopped: 0.0001003 seconds, Stopping threads took: 0.0000120 seconds
[2019-01-14T13:44:35.516+0000][3263][safepoint    ] Application time: 0.0003109 seconds
[2019-01-14T13:44:35.516+0000][3263][safepoint    ] Total time for which application threads were stopped: 0.0000904 seconds, Stopping threads took: 0.0000103 seconds
[2019-01-14T13:44:35.517+0000][3263][safepoint    ] Application time: 0.0003233 seconds
[2019-01-14T13:44:35.517+0000][3263][safepoint    ] Total time for which application threads were stopped: 0.0000642 seconds, Stopping threads took: 0.0000099 seconds
[2019-01-14T13:44:38.518+0000][3263][safepoint    ] Application time: 3.0012534 seconds
[2019-01-14T13:44:38.518+0000][3263][safepoint    ] Total time for which application threads were stopped: 0.0002299 seconds, Stopping threads took: 0.0001475 seconds
[2019-01-14T13:44:39.519+0000][3263][safepoint    ] Application time: 1.0002111 seconds
[2019-01-14T13:44:39.520+0000][3263][safepoint    ] Total time for which application threads were stopped: 0.0013453 seconds, Stopping threads took: 0.0000157 seconds
[2019-01-14T13:44:45.524+0000][3263][safepoint    ] Application time: 6.0042367 seconds
[2019-01-14T13:44:45.526+0000][3263][safepoint    ] Total time for which application threads were stopped: 0.0012693 seconds, Stopping threads took: 0.0000351 seconds
[2019-01-14T13:44:46.527+0000][3263][safepoint    ] Application time: 1.0004235 seconds
[2019-01-14T13:44:46.527+0000][3263][safepoint    ] Total time for which application threads were stopped: 0.0000922 seconds, Stopping threads took: 0.0000291 seconds
[2019-01-14T13:44:47.527+0000][3263][safepoint    ] Application time: 1.0004377 seconds
[2019-01-14T13:44:47.528+0000][3263][safepoint    ] Total time for which application threads were stopped: 0.0002352 seconds, Stopping threads took: 0.0000858 seconds
[2019-01-14T13:44:48.528+0000][3263][safepoint    ] Application time: 1.0002456 seconds
[2019-01-14T13:44:48.528+0000][3263][safepoint    ] Total time for which application threads were stopped: 0.0002000 seconds, Stopping threads took: 0.0000696 seconds
[2019-01-14T13:44:52.530+0000][3263][safepoint    ] Application time: 4.0020477 seconds
[2019-01-14T13:44:52.531+0000][3263][safepoint    ] Total time for which application threads were stopped: 0.0001705 seconds, Stopping threads took: 0.0000308 seconds
[2019-01-14T13:44:55.532+0000][3263][safepoint    ] Application time: 3.0010235 seconds
[2019-01-14T13:44:55.534+0000][3263][safepoint    ] Total time for which application threads were stopped: 0.0025263 seconds, Stopping threads took: 0.0024291 seconds
[2019-01-14T13:44:57.636+0000][3263][safepoint    ] Application time: 2.0140606 seconds
[2019-01-14T13:44:57.640+0000][3263][safepoint    ] Total time for which application threads were stopped: 0.0014085 seconds, Stopping threads took: 0.0000292 seconds
[2019-01-14T13:45:00.659+0000][3263][safepoint    ] Application time: 3.0170547 seconds
[2019-01-14T13:45:00.673+0000][3263][safepoint    ] Total time for which application threads were stopped: 0.0048678 seconds, Stopping threads took: 0.0015427 seconds
[2019-01-14T13:45:04.003+0000][3263][safepoint    ] Application time: 3.3297403 seconds
[2019-01-14T13:45:04.095+0000][3263][safepoint    ] Total time for which application threads were stopped: 0.0313343 seconds, Stopping threads took: 0.0165988 seconds
[2019-01-14T13:45:04.181+0000][3263][safepoint    ] Application time: 0.0746631 seconds
[2019-01-14T13:45:04.214+0000][3263][safepoint    ] Total time for which application threads were stopped: 0.0240045 seconds, Stopping threads took: 0.0025201 seconds
[2019-01-14T13:45:04.237+0000][3263][safepoint    ] Application time: 0.0201087 seconds
[2019-01-14T13:45:04.247+0000][3263][safepoint    ] Total time for which application threads were stopped: 0.0088033 seconds, Stopping threads took: 0.0008038 seconds
[2019-01-14T13:45:04.251+0000][3263][safepoint    ] Application time: 0.0037144 seconds
[2019-01-14T13:45:04.254+0000][3263][safepoint    ] Total time for which application threads were stopped: 0.0026750 seconds, Stopping threads took: 0.0025888 seconds
[2019-01-14T13:45:04.254+0000][3263][safepoint    ] Application time: 0.0004543 seconds
[2019-01-14T13:45:04.254+0000][3263][safepoint    ] Total time for which application threads were stopped: 0.0000561 seconds, Stopping threads took: 0.0000084 seconds
[2019-01-14T13:45:11.321+0000][3263][safepoint    ] Application time: 7.0601895 seconds
[2019-01-14T13:45:12.404+0000][3263][safepoint    ] Total time for which application threads were stopped: 0.7702722 seconds, Stopping threads took: 0.7459381 seconds
[2019-01-14T13:45:14.671+0000][3263][safepoint    ] Application time: 2.0158082 seconds
[2019-01-14T13:45:14.678+0000][3263][safepoint    ] Total time for which application threads were stopped: 0.0033754 seconds, Stopping threads took: 0.0010556 seconds
[2019-01-14T13:45:15.684+0000][3263][safepoint    ] Application time: 1.0045128 seconds
[2019-01-14T13:45:15.690+0000][3263][safepoint    ] Total time for which application threads were stopped: 0.0050295 seconds, Stopping threads took: 0.0015536 seconds
[2019-01-14T13:45:18.763+0000][3263][safepoint    ] Application time: 3.0701359 seconds
[2019-01-14T13:45:18.778+0000][3263][safepoint    ] Total time for which application threads were stopped: 0.0109213 seconds, Stopping threads took: 0.0066210 seconds
[2019-01-14T13:45:20.815+0000][3263][safepoint    ] Application time: 2.0202093 seconds
[2019-01-14T13:45:20.820+0000][3263][safepoint    ] Total time for which application threads were stopped: 0.0036475 seconds, Stopping threads took: 0.0011484 seconds
[2019-01-14T13:45:26.448+0000][3263][safepoint    ] Application time: 5.6218019 seconds
[2019-01-14T13:45:26.902+0000][3263][safepoint    ] Total time for which application threads were stopped: 0.3008222 seconds, Stopping threads took: 0.2292954 seconds
[2019-01-14T13:45:33.317+0000][3263][safepoint    ] Application time: 6.4065823 seconds
[2019-01-14T13:45:33.324+0000][3263][safepoint    ] Total time for which application threads were stopped: 0.0033501 seconds, Stopping threads took: 0.0014104 seconds
[2019-01-14T13:45:48.013+0000][3263][safepoint    ] Application time: 14.6852529 seconds
[2019-01-14T13:45:48.174+0000][3263][safepoint    ] Total time for which application threads were stopped: 0.1378070 seconds, Stopping threads took: 0.1111808 seconds
[2019-01-14T13:45:50.300+0000][3263][safepoint    ] Application time: 2.1194646 seconds
[2019-01-14T13:45:50.604+0000][3263][safepoint    ] Total time for which application threads were stopped: 0.1428193 seconds, Stopping threads took: 0.0068409 seconds
[2019-01-14T13:45:51.649+0000][3263][safepoint    ] Application time: 1.0132792 seconds
[2019-01-14T13:45:51.890+0000][3263][safepoint    ] Total time for which application threads were stopped: 0.2355715 seconds, Stopping threads took: 0.0076990 seconds
[2019-01-14T13:45:55.090+0000][3263][safepoint    ] Application time: 3.0198357 seconds
[2019-01-14T13:45:55.149+0000][3263][safepoint    ] Total time for which application threads were stopped: 0.0108544 seconds, Stopping threads took: 0.0022393 seconds
[2019-01-14T13:45:59.254+0000][3263][safepoint    ] Application time: 4.0832876 seconds
[2019-01-14T13:45:59.443+0000][3263][safepoint    ] Total time for which application threads were stopped: 0.1688459 seconds, Stopping threads took: 0.1469951 seconds
[2019-01-14T13:46:01.568+0000][3263][safepoint    ] Application time: 2.0764067 seconds
[2019-01-14T13:46:02.043+0000][3263][safepoint    ] Total time for which application threads were stopped: 0.3266736 seconds, Stopping threads took: 0.0910771 seconds
[2019-01-14T13:46:08.313+0000][3263][safepoint    ] Application time: 6.0535240 seconds
[2019-01-14T13:46:09.222+0000][3263][safepoint    ] Total time for which application threads were stopped: 0.8987054 seconds, Stopping threads took: 0.8868947 seconds
[2019-01-14T13:46:12.886+0000][3263][safepoint    ] Application time: 3.6596592 seconds
