[2019-01-15T06:45:00.240+0000][3096][gc] Using Concurrent Mark Sweep
[2019-01-15T06:45:00.240+0000][3096][gc,heap,coops] Heap address: 0x00000000f0000000, size: 256 MB, Compressed Oops mode: 32-bit
[2019-01-15T06:45:00.380+0000][3096][safepoint    ] Total time for which application threads were stopped: 0.0000439 seconds, Stopping threads took: 0.0000023 seconds
[2019-01-15T06:45:00.390+0000][3096][safepoint    ] Application time: 0.0102325 seconds
[2019-01-15T06:45:00.390+0000][3096][safepoint    ] Total time for which application threads were stopped: 0.0000389 seconds, Stopping threads took: 0.0000020 seconds
[2019-01-15T06:45:00.398+0000][3096][safepoint    ] Application time: 0.0075339 seconds
[2019-01-15T06:45:00.399+0000][3096][safepoint    ] Total time for which application threads were stopped: 0.0007343 seconds, Stopping threads took: 0.0007016 seconds
[2019-01-15T06:45:00.547+0000][3096][safepoint    ] Application time: 0.1482100 seconds
[2019-01-15T06:45:00.547+0000][3096][safepoint    ] Total time for which application threads were stopped: 0.0000544 seconds, Stopping threads took: 0.0000031 seconds
[2019-01-15T06:45:00.561+0000][3096][safepoint    ] Application time: 0.0135476 seconds
[2019-01-15T06:45:00.561+0000][3096][safepoint    ] Total time for which application threads were stopped: 0.0000423 seconds, Stopping threads took: 0.0000092 seconds
[2019-01-15T06:45:00.665+0000][3096][safepoint    ] Application time: 0.1040646 seconds
[2019-01-15T06:45:00.665+0000][3096][safepoint    ] Total time for which application threads were stopped: 0.0000708 seconds, Stopping threads took: 0.0000097 seconds
[2019-01-15T06:45:00.748+0000][3096][safepoint    ] Application time: 0.0829442 seconds
[2019-01-15T06:45:00.748+0000][3096][safepoint    ] Total time for which application threads were stopped: 0.0000735 seconds, Stopping threads took: 0.0000097 seconds
[2019-01-15T06:45:01.184+0000][3096][safepoint    ] Application time: 0.4365068 seconds
[2019-01-15T06:45:01.185+0000][3096][safepoint    ] Total time for which application threads were stopped: 0.0001277 seconds, Stopping threads took: 0.0000030 seconds
[2019-01-15T06:45:01.186+0000][3096][safepoint    ] Application time: 0.0016548 seconds
[2019-01-15T06:45:01.186+0000][3096][safepoint    ] Total time for which application threads were stopped: 0.0001469 seconds, Stopping threads took: 0.0000027 seconds
[2019-01-15T06:45:01.312+0000][3096][safepoint    ] Application time: 0.1254650 seconds
[2019-01-15T06:45:01.312+0000][3096][safepoint    ] Total time for which application threads were stopped: 0.0000931 seconds, Stopping threads took: 0.0000022 seconds
[2019-01-15T06:45:01.564+0000][3096][safepoint    ] Application time: 0.2520738 seconds
[2019-01-15T06:45:01.564+0000][3096][safepoint    ] Total time for which application threads were stopped: 0.0001089 seconds, Stopping threads took: 0.0000023 seconds
[2019-01-15T06:45:02.089+0000][3096][safepoint    ] Application time: 0.5251069 seconds
[2019-01-15T06:45:02.090+0000][3096][safepoint    ] Total time for which application threads were stopped: 0.0007170 seconds, Stopping threads took: 0.0000092 seconds
[2019-01-15T06:45:02.385+0000][3096][safepoint    ] Application time: 0.2943728 seconds
[2019-01-15T06:45:02.385+0000][3096][safepoint    ] Total time for which application threads were stopped: 0.0001832 seconds, Stopping threads took: 0.0000094 seconds
[2019-01-15T06:45:02.385+0000][3096][safepoint    ] Application time: 0.0000932 seconds
[2019-01-15T06:45:02.385+0000][3096][safepoint    ] Total time for which application threads were stopped: 0.0001515 seconds, Stopping threads took: 0.0000479 seconds
[2019-01-15T06:45:02.429+0000][3096][safepoint    ] Application time: 0.0438697 seconds
[2019-01-15T06:45:02.429+0000][3096][safepoint    ] Total time for which application threads were stopped: 0.0002041 seconds, Stopping threads took: 0.0000101 seconds
[2019-01-15T06:45:02.441+0000][3096][safepoint    ] Application time: 0.0114730 seconds
[2019-01-15T06:45:02.441+0000][3096][safepoint    ] Total time for which application threads were stopped: 0.0001516 seconds, Stopping threads took: 0.0000033 seconds
[2019-01-15T06:45:02.460+0000][3096][safepoint    ] Application time: 0.0191641 seconds
[2019-01-15T06:45:02.462+0000][3096][safepoint    ] Total time for which application threads were stopped: 0.0016998 seconds, Stopping threads took: 0.0016541 seconds
[2019-01-15T06:45:02.467+0000][3096][safepoint    ] Application time: 0.0052122 seconds
[2019-01-15T06:45:02.467+0000][3096][safepoint    ] Total time for which application threads were stopped: 0.0001227 seconds, Stopping threads took: 0.0000489 seconds
[2019-01-15T06:45:02.468+0000][3096][safepoint    ] Application time: 0.0003843 seconds
[2019-01-15T06:45:02.468+0000][3096][safepoint    ] Total time for which application threads were stopped: 0.0000208 seconds, Stopping threads took: 0.0000023 seconds
[2019-01-15T06:45:02.468+0000][3096][safepoint    ] Application time: 0.0001795 seconds
[2019-01-15T06:45:02.468+0000][3096][safepoint    ] Total time for which application threads were stopped: 0.0000183 seconds, Stopping threads took: 0.0000020 seconds
[2019-01-15T06:45:02.544+0000][3096][safepoint    ] Application time: 0.0759795 seconds
[2019-01-15T06:45:02.544+0000][3096][safepoint    ] Total time for which application threads were stopped: 0.0000438 seconds, Stopping threads took: 0.0000039 seconds
[2019-01-15T06:45:02.675+0000][3096][safepoint    ] Application time: 0.1309999 seconds
[2019-01-15T06:45:02.675+0000][3096][safepoint    ] Total time for which application threads were stopped: 0.0001791 seconds, Stopping threads took: 0.0000045 seconds
[2019-01-15T06:45:02.761+0000][3096][safepoint    ] Application time: 0.0860064 seconds
[2019-01-15T06:45:02.761+0000][3096][safepoint    ] Total time for which application threads were stopped: 0.0002217 seconds, Stopping threads took: 0.0000539 seconds
[2019-01-15T06:45:02.805+0000][3096][safepoint    ] Application time: 0.0438377 seconds
[2019-01-15T06:45:02.805+0000][3096][safepoint    ] Total time for which application threads were stopped: 0.0000498 seconds, Stopping threads took: 0.0000093 seconds
[2019-01-15T06:45:02.809+0000][3096][safepoint    ] Application time: 0.0038154 seconds
[2019-01-15T06:45:02.809+0000][3096][safepoint    ] Total time for which application threads were stopped: 0.0001311 seconds, Stopping threads took: 0.0000100 seconds
[2019-01-15T06:45:02.811+0000][3096][safepoint    ] Application time: 0.0019161 seconds
[2019-01-15T06:45:02.819+0000][3096][gc,start     ] GC(0) Pause Young (Allocation Failure)
[2019-01-15T06:45:02.819+0000][3096][gc,task      ] GC(0) Using 2 workers of 2 for evacuation
[2019-01-15T06:45:02.842+0000][3096][gc,age       ] GC(0) Desired survivor size 4456448 bytes, new threshold 1 (max threshold 6)
[2019-01-15T06:45:02.842+0000][3096][gc,age       ] GC(0) Age table with threshold 1 (max threshold 6)
[2019-01-15T06:45:02.842+0000][3096][gc,age       ] GC(0) - age   1:    6407968 bytes,    6407968 total
[2019-01-15T06:45:02.842+0000][3096][gc,heap      ] GC(0) ParNew: 69952K->6306K(78656K)
[2019-01-15T06:45:02.842+0000][3096][gc,heap      ] GC(0) CMS: 0K->0K(174784K)
[2019-01-15T06:45:02.842+0000][3096][gc,metaspace ] GC(0) Metaspace: 21452K->21452K(1069056K)
[2019-01-15T06:45:02.842+0000][3096][gc           ] GC(0) Pause Young (Allocation Failure) 68M->6M(247M) 23.564ms
[2019-01-15T06:45:02.842+0000][3096][gc,cpu       ] GC(0) User=0.02s Sys=0.01s Real=0.03s
[2019-01-15T06:45:02.842+0000][3096][safepoint    ] Total time for which application threads were stopped: 0.0311102 seconds, Stopping threads took: 0.0000094 seconds
[2019-01-15T06:45:02.844+0000][3096][safepoint    ] Application time: 0.0010703 seconds
[2019-01-15T06:45:02.844+0000][3096][gc,start     ] GC(1) Pause Initial Mark
[2019-01-15T06:45:02.851+0000][3096][gc           ] GC(1) Pause Initial Mark 6M->6M(247M) 7.305ms
[2019-01-15T06:45:02.851+0000][3096][gc,cpu       ] GC(1) User=0.00s Sys=0.00s Real=0.00s
[2019-01-15T06:45:02.851+0000][3096][safepoint    ] Total time for which application threads were stopped: 0.0074346 seconds, Stopping threads took: 0.0000144 seconds
[2019-01-15T06:45:02.861+0000][3096][gc           ] GC(1) Concurrent Mark
[2019-01-15T06:45:02.862+0000][3096][gc           ] GC(1) Concurrent Mark 0.787ms
[2019-01-15T06:45:02.862+0000][3096][gc,cpu       ] GC(1) User=0.00s Sys=0.00s Real=0.00s
[2019-01-15T06:45:02.862+0000][3096][gc           ] GC(1) Concurrent Preclean
[2019-01-15T06:45:02.862+0000][3096][gc           ] GC(1) Concurrent Preclean 0.447ms
[2019-01-15T06:45:02.862+0000][3096][gc,cpu       ] GC(1) User=0.00s Sys=0.00s Real=0.00s
[2019-01-15T06:45:02.862+0000][3096][safepoint    ] Application time: 0.0110951 seconds
[2019-01-15T06:45:02.863+0000][3096][safepoint    ] Total time for which application threads were stopped: 0.0005593 seconds, Stopping threads took: 0.0005284 seconds
[2019-01-15T06:45:02.863+0000][3096][gc           ] GC(1) Concurrent Abortable Preclean
[2019-01-15T06:45:02.897+0000][3096][safepoint    ] Application time: 0.0344576 seconds
[2019-01-15T06:45:02.897+0000][3096][safepoint    ] Total time for which application threads were stopped: 0.0002809 seconds, Stopping threads took: 0.0000038 seconds
[2019-01-15T06:45:02.902+0000][3096][safepoint    ] Application time: 0.0041553 seconds
[2019-01-15T06:45:02.902+0000][3096][safepoint    ] Total time for which application threads were stopped: 0.0002003 seconds, Stopping threads took: 0.0000384 seconds
[2019-01-15T06:45:02.940+0000][3096][safepoint    ] Application time: 0.0382110 seconds
[2019-01-15T06:45:02.940+0000][3096][safepoint    ] Total time for which application threads were stopped: 0.0001811 seconds, Stopping threads took: 0.0000034 seconds
[2019-01-15T06:45:03.069+0000][3096][safepoint    ] Application time: 0.1288735 seconds
[2019-01-15T06:45:03.069+0000][3096][safepoint    ] Total time for which application threads were stopped: 0.0001809 seconds, Stopping threads took: 0.0000234 seconds
[2019-01-15T06:45:03.193+0000][3096][safepoint    ] Application time: 0.1239160 seconds
[2019-01-15T06:45:03.193+0000][3096][safepoint    ] Total time for which application threads were stopped: 0.0000529 seconds, Stopping threads took: 0.0000034 seconds
[2019-01-15T06:45:03.227+0000][3096][safepoint    ] Application time: 0.0339461 seconds
[2019-01-15T06:45:03.228+0000][3096][safepoint    ] Total time for which application threads were stopped: 0.0001654 seconds, Stopping threads took: 0.0000065 seconds
[2019-01-15T06:45:03.242+0000][3096][safepoint    ] Application time: 0.0140168 seconds
[2019-01-15T06:45:03.242+0000][3096][safepoint    ] Total time for which application threads were stopped: 0.0000442 seconds, Stopping threads took: 0.0000100 seconds
[2019-01-15T06:45:03.276+0000][3096][safepoint    ] Application time: 0.0339612 seconds
[2019-01-15T06:45:03.276+0000][3096][safepoint    ] Total time for which application threads were stopped: 0.0001325 seconds, Stopping threads took: 0.0000032 seconds
[2019-01-15T06:45:03.324+0000][3096][safepoint    ] Application time: 0.0479395 seconds
[2019-01-15T06:45:03.324+0000][3096][safepoint    ] Total time for which application threads were stopped: 0.0001897 seconds, Stopping threads took: 0.0000032 seconds
[2019-01-15T06:45:03.324+0000][3096][gc           ] GC(1) Concurrent Abortable Preclean 461.263ms
[2019-01-15T06:45:03.324+0000][3096][gc,cpu       ] GC(1) User=0.68s Sys=0.11s Real=0.46s
[2019-01-15T06:45:03.324+0000][3096][safepoint    ] Application time: 0.0001316 seconds
[2019-01-15T06:45:03.324+0000][3096][gc,start     ] GC(1) Pause Remark
[2019-01-15T06:45:03.346+0000][3096][gc           ] GC(1) Pause Remark 44M->44M(247M) 21.553ms
[2019-01-15T06:45:03.346+0000][3096][gc,cpu       ] GC(1) User=0.02s Sys=0.01s Real=0.02s
[2019-01-15T06:45:03.346+0000][3096][safepoint    ] Total time for which application threads were stopped: 0.0216750 seconds, Stopping threads took: 0.0000300 seconds
[2019-01-15T06:45:03.346+0000][3096][gc           ] GC(1) Concurrent Sweep
[2019-01-15T06:45:03.346+0000][3096][gc           ] GC(1) Concurrent Sweep 0.035ms
[2019-01-15T06:45:03.346+0000][3096][gc,cpu       ] GC(1) User=0.00s Sys=0.00s Real=0.00s
[2019-01-15T06:45:03.346+0000][3096][gc           ] GC(1) Concurrent Reset
[2019-01-15T06:45:03.346+0000][3096][gc           ] GC(1) Concurrent Reset 0.162ms
[2019-01-15T06:45:03.346+0000][3096][gc,cpu       ] GC(1) User=0.00s Sys=0.00s Real=0.00s
[2019-01-15T06:45:03.346+0000][3096][gc,heap      ] GC(1) Old: 0K->0K(174784K)
[2019-01-15T06:45:03.409+0000][3096][safepoint    ] Application time: 0.0631302 seconds
[2019-01-15T06:45:03.409+0000][3096][gc,start     ] GC(2) Pause Young (Allocation Failure)
[2019-01-15T06:45:03.409+0000][3096][gc,task      ] GC(2) Using 2 workers of 2 for evacuation
[2019-01-15T06:45:03.435+0000][3096][gc,age       ] GC(2) Desired survivor size 4456448 bytes, new threshold 6 (max threshold 6)
[2019-01-15T06:45:03.435+0000][3096][gc,age       ] GC(2) Age table with threshold 6 (max threshold 6)
[2019-01-15T06:45:03.435+0000][3096][gc,age       ] GC(2) - age   1:    2261312 bytes,    2261312 total
[2019-01-15T06:45:03.435+0000][3096][gc,heap      ] GC(2) ParNew: 76258K->4191K(78656K)
[2019-01-15T06:45:03.435+0000][3096][gc,heap      ] GC(2) CMS: 0K->6827K(174784K)
[2019-01-15T06:45:03.435+0000][3096][gc,metaspace ] GC(2) Metaspace: 23116K->23116K(1071104K)
[2019-01-15T06:45:03.435+0000][3096][gc           ] GC(2) Pause Young (Allocation Failure) 74M->10M(247M) 26.438ms
[2019-01-15T06:45:03.435+0000][3096][gc,cpu       ] GC(2) User=0.04s Sys=0.00s Real=0.03s
[2019-01-15T06:45:03.436+0000][3096][safepoint    ] Total time for which application threads were stopped: 0.0265447 seconds, Stopping threads took: 0.0000109 seconds
[2019-01-15T06:45:03.670+0000][3096][safepoint    ] Application time: 0.2345471 seconds
[2019-01-15T06:45:03.670+0000][3096][safepoint    ] Total time for which application threads were stopped: 0.0003228 seconds, Stopping threads took: 0.0000047 seconds
[2019-01-15T06:45:03.770+0000][3096][safepoint    ] Application time: 0.0992443 seconds
[2019-01-15T06:45:03.770+0000][3096][safepoint    ] Total time for which application threads were stopped: 0.0002869 seconds, Stopping threads took: 0.0000116 seconds
[2019-01-15T06:45:03.882+0000][3096][safepoint    ] Application time: 0.1120929 seconds
[2019-01-15T06:45:03.882+0000][3096][gc,start     ] GC(3) Pause Young (Allocation Failure)
[2019-01-15T06:45:03.882+0000][3096][gc,task      ] GC(3) Using 2 workers of 2 for evacuation
[2019-01-15T06:45:03.889+0000][3096][gc,age       ] GC(3) Desired survivor size 4456448 bytes, new threshold 6 (max threshold 6)
[2019-01-15T06:45:03.890+0000][3096][gc,age       ] GC(3) Age table with threshold 6 (max threshold 6)
[2019-01-15T06:45:03.890+0000][3096][gc,age       ] GC(3) - age   1:    2571536 bytes,    2571536 total
[2019-01-15T06:45:03.890+0000][3096][gc,age       ] GC(3) - age   2:     511368 bytes,    3082904 total
[2019-01-15T06:45:03.890+0000][3096][gc,heap      ] GC(3) ParNew: 74143K->3757K(78656K)
[2019-01-15T06:45:03.890+0000][3096][gc,heap      ] GC(3) CMS: 6827K->6827K(174784K)
[2019-01-15T06:45:03.890+0000][3096][gc,metaspace ] GC(3) Metaspace: 25887K->25887K(1073152K)
[2019-01-15T06:45:03.890+0000][3096][gc           ] GC(3) Pause Young (Allocation Failure) 79M->10M(247M) 7.323ms
[2019-01-15T06:45:03.890+0000][3096][gc,cpu       ] GC(3) User=0.00s Sys=0.01s Real=0.00s
[2019-01-15T06:45:03.890+0000][3096][safepoint    ] Total time for which application threads were stopped: 0.0074412 seconds, Stopping threads took: 0.0000032 seconds
[2019-01-15T06:45:03.890+0000][3096][safepoint    ] Application time: 0.0001156 seconds
[2019-01-15T06:45:03.890+0000][3096][safepoint    ] Total time for which application threads were stopped: 0.0000986 seconds, Stopping threads took: 0.0000439 seconds
[2019-01-15T06:45:03.890+0000][3096][safepoint    ] Application time: 0.0000321 seconds
[2019-01-15T06:45:03.890+0000][3096][safepoint    ] Total time for which application threads were stopped: 0.0000288 seconds, Stopping threads took: 0.0000023 seconds
[2019-01-15T06:45:03.890+0000][3096][safepoint    ] Application time: 0.0001847 seconds
[2019-01-15T06:45:03.890+0000][3096][safepoint    ] Total time for which application threads were stopped: 0.0000348 seconds, Stopping threads took: 0.0000019 seconds
[2019-01-15T06:45:03.890+0000][3096][safepoint    ] Application time: 0.0000336 seconds
[2019-01-15T06:45:03.890+0000][3096][safepoint    ] Total time for which application threads were stopped: 0.0000251 seconds, Stopping threads took: 0.0000017 seconds
[2019-01-15T06:45:03.890+0000][3096][safepoint    ] Application time: 0.0000549 seconds
[2019-01-15T06:45:03.890+0000][3096][safepoint    ] Total time for which application threads were stopped: 0.0000410 seconds, Stopping threads took: 0.0000034 seconds
[2019-01-15T06:45:03.890+0000][3096][safepoint    ] Application time: 0.0000379 seconds
[2019-01-15T06:45:03.891+0000][3096][safepoint    ] Total time for which application threads were stopped: 0.0000907 seconds, Stopping threads took: 0.0000027 seconds
[2019-01-15T06:45:03.891+0000][3096][safepoint    ] Application time: 0.0000339 seconds
[2019-01-15T06:45:03.891+0000][3096][safepoint    ] Total time for which application threads were stopped: 0.0000342 seconds, Stopping threads took: 0.0000019 seconds
[2019-01-15T06:45:03.891+0000][3096][safepoint    ] Application time: 0.0000262 seconds
[2019-01-15T06:45:03.891+0000][3096][safepoint    ] Total time for which application threads were stopped: 0.0000266 seconds, Stopping threads took: 0.0000017 seconds
[2019-01-15T06:45:03.891+0000][3096][safepoint    ] Application time: 0.0000302 seconds
[2019-01-15T06:45:03.891+0000][3096][safepoint    ] Total time for which application threads were stopped: 0.0000251 seconds, Stopping threads took: 0.0000015 seconds
[2019-01-15T06:45:03.891+0000][3096][safepoint    ] Application time: 0.0000257 seconds
[2019-01-15T06:45:03.891+0000][3096][safepoint    ] Total time for which application threads were stopped: 0.0000227 seconds, Stopping threads took: 0.0000014 seconds
[2019-01-15T06:45:03.891+0000][3096][safepoint    ] Application time: 0.0000292 seconds
[2019-01-15T06:45:03.891+0000][3096][safepoint    ] Total time for which application threads were stopped: 0.0000734 seconds, Stopping threads took: 0.0000492 seconds
[2019-01-15T06:45:03.891+0000][3096][safepoint    ] Application time: 0.0001238 seconds
[2019-01-15T06:45:03.891+0000][3096][safepoint    ] Total time for which application threads were stopped: 0.0000466 seconds, Stopping threads took: 0.0000021 seconds
[2019-01-15T06:45:03.891+0000][3096][safepoint    ] Application time: 0.0000376 seconds
[2019-01-15T06:45:03.891+0000][3096][safepoint    ] Total time for which application threads were stopped: 0.0000708 seconds, Stopping threads took: 0.0000418 seconds
[2019-01-15T06:45:03.891+0000][3096][safepoint    ] Application time: 0.0000323 seconds
[2019-01-15T06:45:03.891+0000][3096][safepoint    ] Total time for which application threads were stopped: 0.0000217 seconds, Stopping threads took: 0.0000020 seconds
[2019-01-15T06:45:03.891+0000][3096][safepoint    ] Application time: 0.0000346 seconds
[2019-01-15T06:45:03.891+0000][3096][safepoint    ] Total time for which application threads were stopped: 0.0000333 seconds, Stopping threads took: 0.0000016 seconds
[2019-01-15T06:45:04.169+0000][3096][safepoint    ] Application time: 0.2778688 seconds
[2019-01-15T06:45:04.169+0000][3096][safepoint    ] Total time for which application threads were stopped: 0.0000736 seconds, Stopping threads took: 0.0000042 seconds
[2019-01-15T06:45:04.291+0000][3096][safepoint    ] Application time: 0.1219786 seconds
[2019-01-15T06:45:04.292+0000][3096][gc,start     ] GC(4) Pause Young (Allocation Failure)
[2019-01-15T06:45:04.292+0000][3096][gc,task      ] GC(4) Using 2 workers of 2 for evacuation
[2019-01-15T06:45:04.299+0000][3096][gc,age       ] GC(4) Desired survivor size 4456448 bytes, new threshold 3 (max threshold 6)
[2019-01-15T06:45:04.299+0000][3096][gc,age       ] GC(4) Age table with threshold 3 (max threshold 6)
[2019-01-15T06:45:04.299+0000][3096][gc,age       ] GC(4) - age   1:    1667200 bytes,    1667200 total
[2019-01-15T06:45:04.299+0000][3096][gc,age       ] GC(4) - age   2:    2540920 bytes,    4208120 total
[2019-01-15T06:45:04.299+0000][3096][gc,age       ] GC(4) - age   3:     511168 bytes,    4719288 total
[2019-01-15T06:45:04.299+0000][3096][gc,heap      ] GC(4) ParNew: 73709K->6806K(78656K)
[2019-01-15T06:45:04.299+0000][3096][gc,heap      ] GC(4) CMS: 6827K->6827K(174784K)
[2019-01-15T06:45:04.299+0000][3096][gc,metaspace ] GC(4) Metaspace: 26861K->26861K(1075200K)
[2019-01-15T06:45:04.299+0000][3096][gc           ] GC(4) Pause Young (Allocation Failure) 78M->13M(247M) 7.286ms
[2019-01-15T06:45:04.299+0000][3096][gc,cpu       ] GC(4) User=0.01s Sys=0.00s Real=0.01s
[2019-01-15T06:45:04.299+0000][3096][safepoint    ] Total time for which application threads were stopped: 0.0073975 seconds, Stopping threads took: 0.0000044 seconds
[2019-01-15T06:45:04.299+0000][3096][safepoint    ] Application time: 0.0001290 seconds
[2019-01-15T06:45:04.299+0000][3096][safepoint    ] Total time for which application threads were stopped: 0.0000538 seconds, Stopping threads took: 0.0000244 seconds
[2019-01-15T06:45:04.299+0000][3096][safepoint    ] Application time: 0.0000344 seconds
[2019-01-15T06:45:04.299+0000][3096][safepoint    ] Total time for which application threads were stopped: 0.0000317 seconds, Stopping threads took: 0.0000111 seconds
[2019-01-15T06:45:04.881+0000][3096][safepoint    ] Application time: 0.5820899 seconds
[2019-01-15T06:45:04.882+0000][3096][gc,start     ] GC(5) Pause Young (Allocation Failure)
[2019-01-15T06:45:04.882+0000][3096][gc,task      ] GC(5) Using 2 workers of 2 for evacuation
[2019-01-15T06:45:04.926+0000][3096][gc,age       ] GC(5) Desired survivor size 4456448 bytes, new threshold 3 (max threshold 6)
[2019-01-15T06:45:04.926+0000][3096][gc,age       ] GC(5) Age table with threshold 3 (max threshold 6)
[2019-01-15T06:45:04.926+0000][3096][gc,age       ] GC(5) - age   1:    1710912 bytes,    1710912 total
[2019-01-15T06:45:04.926+0000][3096][gc,age       ] GC(5) - age   2:    1138656 bytes,    2849568 total
[2019-01-15T06:45:04.926+0000][3096][gc,age       ] GC(5) - age   3:    2540264 bytes,    5389832 total
[2019-01-15T06:45:04.926+0000][3096][gc,heap      ] GC(5) ParNew: 76758K->8274K(78656K)
[2019-01-15T06:45:04.926+0000][3096][gc,heap      ] GC(5) CMS: 6827K->7337K(174784K)
[2019-01-15T06:45:04.926+0000][3096][gc,metaspace ] GC(5) Metaspace: 27077K->27077K(1075200K)
[2019-01-15T06:45:04.927+0000][3096][gc           ] GC(5) Pause Young (Allocation Failure) 81M->15M(247M) 44.910ms
[2019-01-15T06:45:04.927+0000][3096][gc,cpu       ] GC(5) User=0.02s Sys=0.00s Real=0.04s
[2019-01-15T06:45:04.927+0000][3096][safepoint    ] Total time for which application threads were stopped: 0.0450776 seconds, Stopping threads took: 0.0000094 seconds
[2019-01-15T06:45:04.975+0000][3096][safepoint    ] Application time: 0.0483920 seconds
[2019-01-15T06:45:04.976+0000][3096][safepoint    ] Total time for which application threads were stopped: 0.0006130 seconds, Stopping threads took: 0.0000066 seconds
[2019-01-15T06:45:05.233+0000][3096][safepoint    ] Application time: 0.2571884 seconds
[2019-01-15T06:45:05.233+0000][3096][gc,start     ] GC(6) Pause Young (Allocation Failure)
[2019-01-15T06:45:05.233+0000][3096][gc,task      ] GC(6) Using 2 workers of 2 for evacuation
[2019-01-15T06:45:05.245+0000][3096][gc,age       ] GC(6) Desired survivor size 4456448 bytes, new threshold 6 (max threshold 6)
[2019-01-15T06:45:05.245+0000][3096][gc,age       ] GC(6) Age table with threshold 6 (max threshold 6)
[2019-01-15T06:45:05.245+0000][3096][gc,age       ] GC(6) - age   1:    2025784 bytes,    2025784 total
[2019-01-15T06:45:05.245+0000][3096][gc,age       ] GC(6) - age   2:     463280 bytes,    2489064 total
[2019-01-15T06:45:05.245+0000][3096][gc,age       ] GC(6) - age   3:    1138656 bytes,    3627720 total
[2019-01-15T06:45:05.245+0000][3096][gc,heap      ] GC(6) ParNew: 78226K->4981K(78656K)
[2019-01-15T06:45:05.245+0000][3096][gc,heap      ] GC(6) CMS: 7337K->9842K(174784K)
[2019-01-15T06:45:05.245+0000][3096][gc,metaspace ] GC(6) Metaspace: 27198K->27198K(1075200K)
[2019-01-15T06:45:05.245+0000][3096][gc           ] GC(6) Pause Young (Allocation Failure) 83M->14M(247M) 12.270ms
[2019-01-15T06:45:05.245+0000][3096][gc,cpu       ] GC(6) User=0.01s Sys=0.00s Real=0.01s
[2019-01-15T06:45:05.245+0000][3096][safepoint    ] Total time for which application threads were stopped: 0.0123804 seconds, Stopping threads took: 0.0000051 seconds
[2019-01-15T06:45:05.447+0000][3096][safepoint    ] Application time: 0.2019605 seconds
[2019-01-15T06:45:05.448+0000][3096][gc,start     ] GC(7) Pause Young (Allocation Failure)
[2019-01-15T06:45:05.448+0000][3096][gc,task      ] GC(7) Using 2 workers of 2 for evacuation
[2019-01-15T06:45:05.453+0000][3096][gc,age       ] GC(7) Desired survivor size 4456448 bytes, new threshold 4 (max threshold 6)
[2019-01-15T06:45:05.453+0000][3096][gc,age       ] GC(7) Age table with threshold 4 (max threshold 6)
[2019-01-15T06:45:05.453+0000][3096][gc,age       ] GC(7) - age   1:    1431448 bytes,    1431448 total
[2019-01-15T06:45:05.453+0000][3096][gc,age       ] GC(7) - age   2:    2016168 bytes,    3447616 total
[2019-01-15T06:45:05.453+0000][3096][gc,age       ] GC(7) - age   3:     463128 bytes,    3910744 total
[2019-01-15T06:45:05.453+0000][3096][gc,age       ] GC(7) - age   4:    1138528 bytes,    5049272 total
[2019-01-15T06:45:05.453+0000][3096][gc,heap      ] GC(7) ParNew: 74933K->7805K(78656K)
[2019-01-15T06:45:05.453+0000][3096][gc,heap      ] GC(7) CMS: 9842K->9842K(174784K)
[2019-01-15T06:45:05.453+0000][3096][gc,metaspace ] GC(7) Metaspace: 27469K->27469K(1075200K)
[2019-01-15T06:45:05.453+0000][3096][gc           ] GC(7) Pause Young (Allocation Failure) 82M->17M(247M) 4.641ms
[2019-01-15T06:45:05.453+0000][3096][gc,cpu       ] GC(7) User=0.01s Sys=0.00s Real=0.01s
[2019-01-15T06:45:05.453+0000][3096][safepoint    ] Total time for which application threads were stopped: 0.0054752 seconds, Stopping threads took: 0.0000058 seconds
[2019-01-15T06:45:05.657+0000][3096][safepoint    ] Application time: 0.2036558 seconds
[2019-01-15T06:45:05.657+0000][3096][gc,start     ] GC(8) Pause Young (Allocation Failure)
[2019-01-15T06:45:05.657+0000][3096][gc,task      ] GC(8) Using 2 workers of 2 for evacuation
[2019-01-15T06:45:05.664+0000][3096][gc,age       ] GC(8) Desired survivor size 4456448 bytes, new threshold 6 (max threshold 6)
[2019-01-15T06:45:05.664+0000][3096][gc,age       ] GC(8) Age table with threshold 6 (max threshold 6)
[2019-01-15T06:45:05.664+0000][3096][gc,age       ] GC(8) - age   1:    1593096 bytes,    1593096 total
[2019-01-15T06:45:05.664+0000][3096][gc,age       ] GC(8) - age   2:     299664 bytes,    1892760 total
[2019-01-15T06:45:05.664+0000][3096][gc,age       ] GC(8) - age   3:    2016168 bytes,    3908928 total
[2019-01-15T06:45:05.664+0000][3096][gc,age       ] GC(8) - age   4:     463128 bytes,    4372056 total
[2019-01-15T06:45:05.664+0000][3096][gc,heap      ] GC(8) ParNew: 77757K->7010K(78656K)
[2019-01-15T06:45:05.664+0000][3096][gc,heap      ] GC(8) CMS: 9842K->10968K(174784K)
[2019-01-15T06:45:05.664+0000][3096][gc,metaspace ] GC(8) Metaspace: 27979K->27979K(1075200K)
[2019-01-15T06:45:05.664+0000][3096][gc           ] GC(8) Pause Young (Allocation Failure) 85M->17M(247M) 7.302ms
[2019-01-15T06:45:05.664+0000][3096][gc,cpu       ] GC(8) User=0.01s Sys=0.00s Real=0.01s
[2019-01-15T06:45:05.664+0000][3096][safepoint    ] Total time for which application threads were stopped: 0.0074405 seconds, Stopping threads took: 0.0000154 seconds
[2019-01-15T06:45:05.664+0000][3096][safepoint    ] Application time: 0.0001311 seconds
[2019-01-15T06:45:05.664+0000][3096][safepoint    ] Total time for which application threads were stopped: 0.0000529 seconds, Stopping threads took: 0.0000098 seconds
[2019-01-15T06:45:05.664+0000][3096][safepoint    ] Application time: 0.0000162 seconds
[2019-01-15T06:45:05.664+0000][3096][safepoint    ] Total time for which application threads were stopped: 0.0000182 seconds, Stopping threads took: 0.0000007 seconds
[2019-01-15T06:45:05.664+0000][3096][safepoint    ] Application time: 0.0000179 seconds
[2019-01-15T06:45:05.664+0000][3096][safepoint    ] Total time for which application threads were stopped: 0.0000155 seconds, Stopping threads took: 0.0000008 seconds
[2019-01-15T06:45:05.664+0000][3096][safepoint    ] Application time: 0.0000128 seconds
[2019-01-15T06:45:05.664+0000][3096][safepoint    ] Total time for which application threads were stopped: 0.0000138 seconds, Stopping threads took: 0.0000005 seconds
[2019-01-15T06:45:05.664+0000][3096][safepoint    ] Application time: 0.0000146 seconds
[2019-01-15T06:45:05.664+0000][3096][safepoint    ] Total time for which application threads were stopped: 0.0000349 seconds, Stopping threads took: 0.0000005 seconds
[2019-01-15T06:45:05.664+0000][3096][safepoint    ] Application time: 0.0000176 seconds
[2019-01-15T06:45:05.664+0000][3096][safepoint    ] Total time for which application threads were stopped: 0.0000154 seconds, Stopping threads took: 0.0000006 seconds
[2019-01-15T06:45:05.664+0000][3096][safepoint    ] Application time: 0.0000155 seconds
[2019-01-15T06:45:05.665+0000][3096][safepoint    ] Total time for which application threads were stopped: 0.0000142 seconds, Stopping threads took: 0.0000005 seconds
[2019-01-15T06:45:05.665+0000][3096][safepoint    ] Application time: 0.0000123 seconds
[2019-01-15T06:45:05.665+0000][3096][safepoint    ] Total time for which application threads were stopped: 0.0000139 seconds, Stopping threads took: 0.0000005 seconds
[2019-01-15T06:45:05.665+0000][3096][safepoint    ] Application time: 0.0000136 seconds
[2019-01-15T06:45:05.665+0000][3096][safepoint    ] Total time for which application threads were stopped: 0.0000170 seconds, Stopping threads took: 0.0000006 seconds
[2019-01-15T06:45:05.665+0000][3096][safepoint    ] Application time: 0.0000120 seconds
[2019-01-15T06:45:05.665+0000][3096][safepoint    ] Total time for which application threads were stopped: 0.0000142 seconds, Stopping threads took: 0.0000005 seconds
[2019-01-15T06:45:05.665+0000][3096][safepoint    ] Application time: 0.0000135 seconds
[2019-01-15T06:45:05.665+0000][3096][safepoint    ] Total time for which application threads were stopped: 0.0000139 seconds, Stopping threads took: 0.0000005 seconds
[2019-01-15T06:45:05.665+0000][3096][safepoint    ] Application time: 0.0000126 seconds
[2019-01-15T06:45:05.665+0000][3096][safepoint    ] Total time for which application threads were stopped: 0.0000140 seconds, Stopping threads took: 0.0000005 seconds
[2019-01-15T06:45:05.665+0000][3096][safepoint    ] Application time: 0.0000136 seconds
[2019-01-15T06:45:05.665+0000][3096][safepoint    ] Total time for which application threads were stopped: 0.0000136 seconds, Stopping threads took: 0.0000005 seconds
[2019-01-15T06:45:05.951+0000][3096][safepoint    ] Application time: 0.2864767 seconds
[2019-01-15T06:45:05.952+0000][3096][gc,start     ] GC(9) Pause Young (Allocation Failure)
[2019-01-15T06:45:05.952+0000][3096][gc,task      ] GC(9) Using 2 workers of 2 for evacuation
[2019-01-15T06:45:05.963+0000][3096][gc,age       ] GC(9) Desired survivor size 4456448 bytes, new threshold 5 (max threshold 6)
[2019-01-15T06:45:05.963+0000][3096][gc,age       ] GC(9) Age table with threshold 5 (max threshold 6)
[2019-01-15T06:45:05.963+0000][3096][gc,age       ] GC(9) - age   1:     536016 bytes,     536016 total
[2019-01-15T06:45:05.963+0000][3096][gc,age       ] GC(9) - age   2:    1377632 bytes,    1913648 total
[2019-01-15T06:45:05.963+0000][3096][gc,age       ] GC(9) - age   3:     299664 bytes,    2213312 total
[2019-01-15T06:45:05.963+0000][3096][gc,age       ] GC(9) - age   4:    2013848 bytes,    4227160 total
[2019-01-15T06:45:05.963+0000][3096][gc,age       ] GC(9) - age   5:     463128 bytes,    4690288 total
[2019-01-15T06:45:05.963+0000][3096][gc,heap      ] GC(9) ParNew: 76962K->6555K(78656K)
[2019-01-15T06:45:05.963+0000][3096][gc,heap      ] GC(9) CMS: 10968K->10968K(174784K)
[2019-01-15T06:45:05.963+0000][3096][gc,metaspace ] GC(9) Metaspace: 28758K->28758K(1075200K)
[2019-01-15T06:45:05.963+0000][3096][gc           ] GC(9) Pause Young (Allocation Failure) 85M->17M(247M) 11.284ms
[2019-01-15T06:45:05.963+0000][3096][gc,cpu       ] GC(9) User=0.01s Sys=0.00s Real=0.01s
[2019-01-15T06:45:05.963+0000][3096][safepoint    ] Total time for which application threads were stopped: 0.0118717 seconds, Stopping threads took: 0.0000510 seconds
[2019-01-15T06:45:05.997+0000][3096][safepoint    ] Application time: 0.0333512 seconds
[2019-01-15T06:45:05.997+0000][3096][safepoint    ] Total time for which application threads were stopped: 0.0000731 seconds, Stopping threads took: 0.0000128 seconds
[2019-01-15T06:45:06.131+0000][3096][safepoint    ] Application time: 0.1346916 seconds
[2019-01-15T06:45:06.132+0000][3096][gc,start     ] GC(10) Pause Young (Allocation Failure)
[2019-01-15T06:45:06.132+0000][3096][gc,task      ] GC(10) Using 2 workers of 2 for evacuation
[2019-01-15T06:45:06.142+0000][3096][gc,age       ] GC(10) Desired survivor size 4456448 bytes, new threshold 5 (max threshold 6)
[2019-01-15T06:45:06.142+0000][3096][gc,age       ] GC(10) Age table with threshold 5 (max threshold 6)
[2019-01-15T06:45:06.142+0000][3096][gc,age       ] GC(10) - age   1:     456000 bytes,     456000 total
[2019-01-15T06:45:06.142+0000][3096][gc,age       ] GC(10) - age   2:     527232 bytes,     983232 total
[2019-01-15T06:45:06.142+0000][3096][gc,age       ] GC(10) - age   3:    1377520 bytes,    2360752 total
[2019-01-15T06:45:06.142+0000][3096][gc,age       ] GC(10) - age   4:     299664 bytes,    2660416 total
[2019-01-15T06:45:06.142+0000][3096][gc,age       ] GC(10) - age   5:    2013848 bytes,    4674264 total
[2019-01-15T06:45:06.142+0000][3096][gc,heap      ] GC(10) ParNew: 76507K->6791K(78656K)
[2019-01-15T06:45:06.142+0000][3096][gc,heap      ] GC(10) CMS: 10968K->11424K(174784K)
[2019-01-15T06:45:06.142+0000][3096][gc,metaspace ] GC(10) Metaspace: 28842K->28842K(1075200K)
[2019-01-15T06:45:06.142+0000][3096][gc           ] GC(10) Pause Young (Allocation Failure) 85M->17M(247M) 10.300ms
[2019-01-15T06:45:06.142+0000][3096][gc,cpu       ] GC(10) User=0.01s Sys=0.00s Real=0.01s
[2019-01-15T06:45:06.142+0000][3096][safepoint    ] Total time for which application threads were stopped: 0.0106982 seconds, Stopping threads took: 0.0002883 seconds
[2019-01-15T06:45:06.364+0000][3096][safepoint    ] Application time: 0.2213528 seconds
[2019-01-15T06:45:06.364+0000][3096][gc,start     ] GC(11) Pause Young (Allocation Failure)
[2019-01-15T06:45:06.364+0000][3096][gc,task      ] GC(11) Using 2 workers of 2 for evacuation
[2019-01-15T06:45:06.380+0000][3096][gc,age       ] GC(11) Desired survivor size 4456448 bytes, new threshold 6 (max threshold 6)
[2019-01-15T06:45:06.380+0000][3096][gc,age       ] GC(11) Age table with threshold 6 (max threshold 6)
[2019-01-15T06:45:06.380+0000][3096][gc,age       ] GC(11) - age   1:    1350120 bytes,    1350120 total
[2019-01-15T06:45:06.380+0000][3096][gc,age       ] GC(11) - age   2:      94120 bytes,    1444240 total
[2019-01-15T06:45:06.380+0000][3096][gc,age       ] GC(11) - age   3:     527232 bytes,    1971472 total
[2019-01-15T06:45:06.380+0000][3096][gc,age       ] GC(11) - age   4:    1377416 bytes,    3348888 total
[2019-01-15T06:45:06.380+0000][3096][gc,age       ] GC(11) - age   5:     299496 bytes,    3648384 total
[2019-01-15T06:45:06.380+0000][3096][gc,heap      ] GC(11) ParNew: 76743K->6833K(78656K)
[2019-01-15T06:45:06.380+0000][3096][gc,heap      ] GC(11) CMS: 11424K->13401K(174784K)
[2019-01-15T06:45:06.380+0000][3096][gc,metaspace ] GC(11) Metaspace: 28892K->28892K(1077248K)
[2019-01-15T06:45:06.380+0000][3096][gc           ] GC(11) Pause Young (Allocation Failure) 86M->19M(247M) 16.120ms
[2019-01-15T06:45:06.380+0000][3096][gc,cpu       ] GC(11) User=0.01s Sys=0.00s Real=0.02s
[2019-01-15T06:45:06.380+0000][3096][safepoint    ] Total time for which application threads were stopped: 0.0162171 seconds, Stopping threads took: 0.0000050 seconds
[2019-01-15T06:45:06.510+0000][3096][safepoint    ] Application time: 0.1304423 seconds
[2019-01-15T06:45:06.511+0000][3096][safepoint    ] Total time for which application threads were stopped: 0.0004643 seconds, Stopping threads took: 0.0000127 seconds
[2019-01-15T06:45:06.781+0000][3096][safepoint    ] Application time: 0.2698759 seconds
[2019-01-15T06:45:06.781+0000][3096][safepoint    ] Total time for which application threads were stopped: 0.0001018 seconds, Stopping threads took: 0.0000303 seconds
[2019-01-15T06:45:06.783+0000][3096][safepoint    ] Application time: 0.0018904 seconds
[2019-01-15T06:45:06.783+0000][3096][gc,start     ] GC(12) Pause Young (Allocation Failure)
[2019-01-15T06:45:06.783+0000][3096][gc,task      ] GC(12) Using 2 workers of 2 for evacuation
[2019-01-15T06:45:06.793+0000][3096][gc,age       ] GC(12) Desired survivor size 4456448 bytes, new threshold 6 (max threshold 6)
[2019-01-15T06:45:06.793+0000][3096][gc,age       ] GC(12) Age table with threshold 6 (max threshold 6)
[2019-01-15T06:45:06.793+0000][3096][gc,age       ] GC(12) - age   1:     555088 bytes,     555088 total
[2019-01-15T06:45:06.793+0000][3096][gc,age       ] GC(12) - age   2:     322040 bytes,     877128 total
[2019-01-15T06:45:06.793+0000][3096][gc,age       ] GC(12) - age   3:      94008 bytes,     971136 total
[2019-01-15T06:45:06.793+0000][3096][gc,age       ] GC(12) - age   4:     527232 bytes,    1498368 total
[2019-01-15T06:45:06.793+0000][3096][gc,age       ] GC(12) - age   5:    1377416 bytes,    2875784 total
[2019-01-15T06:45:06.793+0000][3096][gc,age       ] GC(12) - age   6:     299144 bytes,    3174928 total
[2019-01-15T06:45:06.793+0000][3096][gc,heap      ] GC(12) ParNew: 76785K->4949K(78656K)
[2019-01-15T06:45:06.793+0000][3096][gc,heap      ] GC(12) CMS: 13401K->13401K(174784K)
[2019-01-15T06:45:06.793+0000][3096][gc,metaspace ] GC(12) Metaspace: 30462K->30462K(1077248K)
[2019-01-15T06:45:06.793+0000][3096][gc           ] GC(12) Pause Young (Allocation Failure) 88M->17M(247M) 10.547ms
[2019-01-15T06:45:06.793+0000][3096][gc,cpu       ] GC(12) User=0.01s Sys=0.00s Real=0.01s
[2019-01-15T06:45:06.793+0000][3096][safepoint    ] Total time for which application threads were stopped: 0.0106860 seconds, Stopping threads took: 0.0000102 seconds
[2019-01-15T06:45:07.328+0000][3096][safepoint    ] Application time: 0.5342729 seconds
[2019-01-15T06:45:07.328+0000][3096][safepoint    ] Total time for which application threads were stopped: 0.0003120 seconds, Stopping threads took: 0.0000117 seconds
[2019-01-15T06:45:07.353+0000][3096][safepoint    ] Application time: 0.0246997 seconds
[2019-01-15T06:45:07.354+0000][3096][safepoint    ] Total time for which application threads were stopped: 0.0008178 seconds, Stopping threads took: 0.0000055 seconds
[2019-01-15T06:45:07.375+0000][3096][safepoint    ] Application time: 0.0208733 seconds
[2019-01-15T06:45:07.375+0000][3096][safepoint    ] Total time for which application threads were stopped: 0.0004173 seconds, Stopping threads took: 0.0000068 seconds
[2019-01-15T06:45:07.933+0000][3096][safepoint    ] Application time: 0.5576700 seconds
[2019-01-15T06:45:07.933+0000][3096][gc,start     ] GC(13) Pause Young (Allocation Failure)
[2019-01-15T06:45:07.933+0000][3096][gc,task      ] GC(13) Using 2 workers of 2 for evacuation
[2019-01-15T06:45:07.961+0000][3096][gc,age       ] GC(13) Desired survivor size 4456448 bytes, new threshold 1 (max threshold 6)
[2019-01-15T06:45:07.961+0000][3096][gc,age       ] GC(13) Age table with threshold 1 (max threshold 6)
[2019-01-15T06:45:07.961+0000][3096][gc,age       ] GC(13) - age   1:    6055104 bytes,    6055104 total
[2019-01-15T06:45:07.961+0000][3096][gc,age       ] GC(13) - age   2:     542880 bytes,    6597984 total
[2019-01-15T06:45:07.961+0000][3096][gc,age       ] GC(13) - age   3:     321816 bytes,    6919800 total
[2019-01-15T06:45:07.961+0000][3096][gc,age       ] GC(13) - age   4:      93864 bytes,    7013664 total
[2019-01-15T06:45:07.961+0000][3096][gc,age       ] GC(13) - age   5:     524096 bytes,    7537760 total
[2019-01-15T06:45:07.961+0000][3096][gc,age       ] GC(13) - age   6:    1374984 bytes,    8912744 total
[2019-01-15T06:45:07.961+0000][3096][gc,heap      ] GC(13) ParNew: 74901K->8704K(78656K)
[2019-01-15T06:45:07.961+0000][3096][gc,heap      ] GC(13) CMS: 13401K->16813K(174784K)
[2019-01-15T06:45:07.961+0000][3096][gc,metaspace ] GC(13) Metaspace: 34999K->34999K(1081344K)
[2019-01-15T06:45:07.961+0000][3096][gc           ] GC(13) Pause Young (Allocation Failure) 86M->24M(247M) 28.391ms
[2019-01-15T06:45:07.961+0000][3096][gc,cpu       ] GC(13) User=0.04s Sys=0.01s Real=0.03s
[2019-01-15T06:45:07.961+0000][3096][safepoint    ] Total time for which application threads were stopped: 0.0286374 seconds, Stopping threads took: 0.0000052 seconds
[2019-01-15T06:45:08.696+0000][3096][safepoint    ] Application time: 0.7347399 seconds
[2019-01-15T06:45:08.696+0000][3096][gc,start     ] GC(14) Pause Young (Allocation Failure)
[2019-01-15T06:45:08.696+0000][3096][gc,task      ] GC(14) Using 2 workers of 2 for evacuation
[2019-01-15T06:45:08.747+0000][3096][gc,age       ] GC(14) Desired survivor size 4456448 bytes, new threshold 1 (max threshold 6)
[2019-01-15T06:45:08.747+0000][3096][gc,age       ] GC(14) Age table with threshold 1 (max threshold 6)
[2019-01-15T06:45:08.747+0000][3096][gc,age       ] GC(14) - age   1:    6592752 bytes,    6592752 total
[2019-01-15T06:45:08.747+0000][3096][gc,heap      ] GC(14) ParNew: 78656K->8704K(78656K)
[2019-01-15T06:45:08.747+0000][3096][gc,heap      ] GC(14) CMS: 16813K->29542K(174784K)
[2019-01-15T06:45:08.747+0000][3096][gc,metaspace ] GC(14) Metaspace: 35049K->35049K(1081344K)
[2019-01-15T06:45:08.747+0000][3096][gc           ] GC(14) Pause Young (Allocation Failure) 93M->37M(247M) 51.220ms
[2019-01-15T06:45:08.747+0000][3096][gc,cpu       ] GC(14) User=0.08s Sys=0.00s Real=0.05s
[2019-01-15T06:45:08.747+0000][3096][safepoint    ] Total time for which application threads were stopped: 0.0513500 seconds, Stopping threads took: 0.0000130 seconds
[2019-01-15T06:45:09.510+0000][3096][safepoint    ] Application time: 0.7621648 seconds
[2019-01-15T06:45:09.510+0000][3096][safepoint    ] Total time for which application threads were stopped: 0.0001119 seconds, Stopping threads took: 0.0000040 seconds
[2019-01-15T06:45:09.695+0000][3096][safepoint    ] Application time: 0.1849498 seconds
[2019-01-15T06:45:09.695+0000][3096][gc,start     ] GC(15) Pause Young (Allocation Failure)
[2019-01-15T06:45:09.695+0000][3096][gc,task      ] GC(15) Using 2 workers of 2 for evacuation
[2019-01-15T06:45:09.738+0000][3096][gc,age       ] GC(15) Desired survivor size 4456448 bytes, new threshold 1 (max threshold 6)
[2019-01-15T06:45:09.738+0000][3096][gc,age       ] GC(15) Age table with threshold 1 (max threshold 6)
[2019-01-15T06:45:09.738+0000][3096][gc,age       ] GC(15) - age   1:    8068880 bytes,    8068880 total
[2019-01-15T06:45:09.738+0000][3096][gc,heap      ] GC(15) ParNew: 78656K->8704K(78656K)
[2019-01-15T06:45:09.738+0000][3096][gc,heap      ] GC(15) CMS: 29542K->38298K(174784K)
[2019-01-15T06:45:09.738+0000][3096][gc,metaspace ] GC(15) Metaspace: 36521K->36521K(1083392K)
[2019-01-15T06:45:09.738+0000][3096][gc           ] GC(15) Pause Young (Allocation Failure) 105M->45M(247M) 42.737ms
[2019-01-15T06:45:09.738+0000][3096][gc,cpu       ] GC(15) User=0.06s Sys=0.00s Real=0.04s
[2019-01-15T06:45:09.738+0000][3096][safepoint    ] Total time for which application threads were stopped: 0.0428737 seconds, Stopping threads took: 0.0000045 seconds
[2019-01-15T06:45:09.796+0000][3096][safepoint    ] Application time: 0.0587081 seconds
[2019-01-15T06:45:09.796+0000][3096][safepoint    ] Total time for which application threads were stopped: 0.0000718 seconds, Stopping threads took: 0.0000041 seconds
[2019-01-15T06:45:09.917+0000][3096][safepoint    ] Application time: 0.1200002 seconds
[2019-01-15T06:45:09.917+0000][3096][safepoint    ] Total time for which application threads were stopped: 0.0001508 seconds, Stopping threads took: 0.0000139 seconds
[2019-01-15T06:45:09.995+0000][3096][safepoint    ] Application time: 0.0779175 seconds
[2019-01-15T06:45:09.995+0000][3096][safepoint    ] Total time for which application threads were stopped: 0.0001308 seconds, Stopping threads took: 0.0000048 seconds
[2019-01-15T06:45:10.056+0000][3096][safepoint    ] Application time: 0.0608855 seconds
[2019-01-15T06:45:10.056+0000][3096][safepoint    ] Total time for which application threads were stopped: 0.0003366 seconds, Stopping threads took: 0.0000549 seconds
[2019-01-15T06:45:10.064+0000][3096][safepoint    ] Application time: 0.0082877 seconds
[2019-01-15T06:45:10.065+0000][3096][safepoint    ] Total time for which application threads were stopped: 0.0004223 seconds, Stopping threads took: 0.0000404 seconds
[2019-01-15T06:45:10.096+0000][3096][safepoint    ] Application time: 0.0316057 seconds
[2019-01-15T06:45:10.097+0000][3096][safepoint    ] Total time for which application threads were stopped: 0.0002204 seconds, Stopping threads took: 0.0000110 seconds
[2019-01-15T06:45:10.160+0000][3096][safepoint    ] Application time: 0.0636464 seconds
[2019-01-15T06:45:10.161+0000][3096][safepoint    ] Total time for which application threads were stopped: 0.0002152 seconds, Stopping threads took: 0.0000043 seconds
[2019-01-15T06:45:10.213+0000][3096][safepoint    ] Application time: 0.0524648 seconds
[2019-01-15T06:45:10.214+0000][3096][safepoint    ] Total time for which application threads were stopped: 0.0004997 seconds, Stopping threads took: 0.0000057 seconds
[2019-01-15T06:45:10.255+0000][3096][safepoint    ] Application time: 0.0414554 seconds
[2019-01-15T06:45:10.255+0000][3096][safepoint    ] Total time for which application threads were stopped: 0.0001516 seconds, Stopping threads took: 0.0000070 seconds
[2019-01-15T06:45:10.305+0000][3096][safepoint    ] Application time: 0.0498575 seconds
[2019-01-15T06:45:10.305+0000][3096][safepoint    ] Total time for which application threads were stopped: 0.0000949 seconds, Stopping threads took: 0.0000046 seconds
[2019-01-15T06:45:10.328+0000][3096][safepoint    ] Application time: 0.0228628 seconds
[2019-01-15T06:45:10.328+0000][3096][safepoint    ] Total time for which application threads were stopped: 0.0001315 seconds, Stopping threads took: 0.0000379 seconds
[2019-01-15T06:45:10.362+0000][3096][safepoint    ] Application time: 0.0332996 seconds
[2019-01-15T06:45:10.362+0000][3096][safepoint    ] Total time for which application threads were stopped: 0.0001156 seconds, Stopping threads took: 0.0000141 seconds
[2019-01-15T06:45:10.432+0000][3096][safepoint    ] Application time: 0.0699621 seconds
[2019-01-15T06:45:10.432+0000][3096][safepoint    ] Total time for which application threads were stopped: 0.0001598 seconds, Stopping threads took: 0.0000130 seconds
[2019-01-15T06:45:10.528+0000][3096][safepoint    ] Application time: 0.0959387 seconds
[2019-01-15T06:45:10.528+0000][3096][safepoint    ] Total time for which application threads were stopped: 0.0003989 seconds, Stopping threads took: 0.0000216 seconds
[2019-01-15T06:45:10.597+0000][3096][safepoint    ] Application time: 0.0688156 seconds
[2019-01-15T06:45:10.597+0000][3096][safepoint    ] Total time for which application threads were stopped: 0.0001261 seconds, Stopping threads took: 0.0000115 seconds
[2019-01-15T06:45:10.656+0000][3096][safepoint    ] Application time: 0.0580116 seconds
[2019-01-15T06:45:10.656+0000][3096][safepoint    ] Total time for which application threads were stopped: 0.0001483 seconds, Stopping threads took: 0.0000124 seconds
[2019-01-15T06:45:10.731+0000][3096][safepoint    ] Application time: 0.0748243 seconds
[2019-01-15T06:45:10.731+0000][3096][safepoint    ] Total time for which application threads were stopped: 0.0001644 seconds, Stopping threads took: 0.0000081 seconds
[2019-01-15T06:45:10.812+0000][3096][safepoint    ] Application time: 0.0815422 seconds
[2019-01-15T06:45:10.813+0000][3096][safepoint    ] Total time for which application threads were stopped: 0.0001640 seconds, Stopping threads took: 0.0000035 seconds
[2019-01-15T06:45:10.869+0000][3096][safepoint    ] Application time: 0.0565536 seconds
[2019-01-15T06:45:10.869+0000][3096][safepoint    ] Total time for which application threads were stopped: 0.0001581 seconds, Stopping threads took: 0.0000042 seconds
[2019-01-15T06:45:11.058+0000][3096][safepoint    ] Application time: 0.1890319 seconds
[2019-01-15T06:45:11.060+0000][3096][safepoint    ] Total time for which application threads were stopped: 0.0013394 seconds, Stopping threads took: 0.0000121 seconds
[2019-01-15T06:45:11.115+0000][3096][safepoint    ] Application time: 0.0553036 seconds
[2019-01-15T06:45:11.115+0000][3096][safepoint    ] Total time for which application threads were stopped: 0.0001548 seconds, Stopping threads took: 0.0000124 seconds
[2019-01-15T06:45:11.170+0000][3096][safepoint    ] Application time: 0.0547240 seconds
[2019-01-15T06:45:11.170+0000][3096][safepoint    ] Total time for which application threads were stopped: 0.0001816 seconds, Stopping threads took: 0.0000126 seconds
[2019-01-15T06:45:11.432+0000][3096][safepoint    ] Application time: 0.2617459 seconds
[2019-01-15T06:45:11.433+0000][3096][safepoint    ] Total time for which application threads were stopped: 0.0006909 seconds, Stopping threads took: 0.0000059 seconds
[2019-01-15T06:45:11.709+0000][3096][safepoint    ] Application time: 0.2760077 seconds
[2019-01-15T06:45:11.709+0000][3096][safepoint    ] Total time for which application threads were stopped: 0.0002108 seconds, Stopping threads took: 0.0000138 seconds
[2019-01-15T06:45:11.746+0000][3096][safepoint    ] Application time: 0.0369250 seconds
[2019-01-15T06:45:11.747+0000][3096][gc,start     ] GC(16) Pause Initial Mark
[2019-01-15T06:45:11.777+0000][3096][gc           ] GC(16) Pause Initial Mark 107M->107M(247M) 30.849ms
[2019-01-15T06:45:11.777+0000][3096][gc,cpu       ] GC(16) User=0.03s Sys=0.01s Real=0.03s
[2019-01-15T06:45:11.777+0000][3096][safepoint    ] Total time for which application threads were stopped: 0.0310688 seconds, Stopping threads took: 0.0000358 seconds
[2019-01-15T06:45:11.777+0000][3096][gc           ] GC(16) Concurrent Mark
[2019-01-15T06:45:11.803+0000][3096][safepoint    ] Application time: 0.0251470 seconds
[2019-01-15T06:45:11.803+0000][3096][safepoint    ] Total time for which application threads were stopped: 0.0001727 seconds, Stopping threads took: 0.0000080 seconds
[2019-01-15T06:45:11.862+0000][3096][safepoint    ] Application time: 0.0589425 seconds
[2019-01-15T06:45:11.862+0000][3096][safepoint    ] Total time for which application threads were stopped: 0.0000957 seconds, Stopping threads took: 0.0000044 seconds
[2019-01-15T06:45:11.878+0000][3096][gc           ] GC(16) Concurrent Mark 100.820ms
[2019-01-15T06:45:11.878+0000][3096][gc,cpu       ] GC(16) User=0.11s Sys=0.02s Real=0.10s
[2019-01-15T06:45:11.878+0000][3096][gc           ] GC(16) Concurrent Preclean
[2019-01-15T06:45:11.885+0000][3096][gc           ] GC(16) Concurrent Preclean 6.875ms
[2019-01-15T06:45:11.885+0000][3096][gc,cpu       ] GC(16) User=0.01s Sys=0.00s Real=0.01s
[2019-01-15T06:45:11.885+0000][3096][gc           ] GC(16) Concurrent Abortable Preclean
[2019-01-15T06:45:11.887+0000][3096][safepoint    ] Application time: 0.0246988 seconds
[2019-01-15T06:45:11.887+0000][3096][safepoint    ] Total time for which application threads were stopped: 0.0001404 seconds, Stopping threads took: 0.0000048 seconds
[2019-01-15T06:45:11.944+0000][3096][safepoint    ] Application time: 0.0567249 seconds
[2019-01-15T06:45:11.944+0000][3096][safepoint    ] Total time for which application threads were stopped: 0.0001527 seconds, Stopping threads took: 0.0000039 seconds
[2019-01-15T06:45:11.986+0000][3096][safepoint    ] Application time: 0.0424983 seconds
[2019-01-15T06:45:11.986+0000][3096][gc,start     ] GC(17) Pause Young (Allocation Failure)
[2019-01-15T06:45:11.986+0000][3096][gc,task      ] GC(17) Using 2 workers of 2 for evacuation
[2019-01-15T06:45:12.012+0000][3096][gc,age       ] GC(17) Desired survivor size 4456448 bytes, new threshold 6 (max threshold 6)
[2019-01-15T06:45:12.012+0000][3096][gc,age       ] GC(17) Age table with threshold 6 (max threshold 6)
[2019-01-15T06:45:12.012+0000][3096][gc,age       ] GC(17) - age   1:    2490968 bytes,    2490968 total
[2019-01-15T06:45:12.012+0000][3096][gc,heap      ] GC(17) ParNew: 78656K->7570K(78656K)
[2019-01-15T06:45:12.012+0000][3096][gc,heap      ] GC(17) CMS: 38298K->46235K(174784K)
[2019-01-15T06:45:12.012+0000][3096][gc,metaspace ] GC(17) Metaspace: 45388K->45388K(1091584K)
[2019-01-15T06:45:12.012+0000][3096][gc           ] GC(17) Pause Young (Allocation Failure) 114M->52M(247M) 25.729ms
[2019-01-15T06:45:12.012+0000][3096][gc,cpu       ] GC(17) User=0.04s Sys=0.00s Real=0.03s
[2019-01-15T06:45:12.012+0000][3096][safepoint    ] Total time for which application threads were stopped: 0.0258154 seconds, Stopping threads took: 0.0000039 seconds
[2019-01-15T06:45:12.046+0000][3096][safepoint    ] Application time: 0.0341000 seconds
[2019-01-15T06:45:12.047+0000][3096][safepoint    ] Total time for which application threads were stopped: 0.0002373 seconds, Stopping threads took: 0.0000053 seconds
[2019-01-15T06:45:12.077+0000][3096][safepoint    ] Application time: 0.0305304 seconds
[2019-01-15T06:45:12.077+0000][3096][safepoint    ] Total time for which application threads were stopped: 0.0001430 seconds, Stopping threads took: 0.0000040 seconds
[2019-01-15T06:45:12.115+0000][3096][safepoint    ] Application time: 0.0373661 seconds
[2019-01-15T06:45:12.115+0000][3096][safepoint    ] Total time for which application threads were stopped: 0.0001985 seconds, Stopping threads took: 0.0000112 seconds
[2019-01-15T06:45:12.135+0000][3096][safepoint    ] Application time: 0.0200599 seconds
[2019-01-15T06:45:12.135+0000][3096][safepoint    ] Total time for which application threads were stopped: 0.0001603 seconds, Stopping threads took: 0.0000032 seconds
[2019-01-15T06:45:12.195+0000][3096][safepoint    ] Application time: 0.0595429 seconds
[2019-01-15T06:45:12.195+0000][3096][safepoint    ] Total time for which application threads were stopped: 0.0001230 seconds, Stopping threads took: 0.0000132 seconds
[2019-01-15T06:45:12.248+0000][3096][safepoint    ] Application time: 0.0531174 seconds
[2019-01-15T06:45:12.248+0000][3096][safepoint    ] Total time for which application threads were stopped: 0.0002572 seconds, Stopping threads took: 0.0000172 seconds
[2019-01-15T06:45:12.319+0000][3096][safepoint    ] Application time: 0.0709081 seconds
[2019-01-15T06:45:12.319+0000][3096][safepoint    ] Total time for which application threads were stopped: 0.0002018 seconds, Stopping threads took: 0.0000146 seconds
[2019-01-15T06:45:12.378+0000][3096][safepoint    ] Application time: 0.0580840 seconds
[2019-01-15T06:45:12.378+0000][3096][safepoint    ] Total time for which application threads were stopped: 0.0001951 seconds, Stopping threads took: 0.0000113 seconds
[2019-01-15T06:45:12.424+0000][3096][safepoint    ] Application time: 0.0459479 seconds
[2019-01-15T06:45:12.424+0000][3096][safepoint    ] Total time for which application threads were stopped: 0.0001550 seconds, Stopping threads took: 0.0000140 seconds
[2019-01-15T06:45:12.484+0000][3096][safepoint    ] Application time: 0.0598948 seconds
[2019-01-15T06:45:12.484+0000][3096][safepoint    ] Total time for which application threads were stopped: 0.0001640 seconds, Stopping threads took: 0.0000161 seconds
[2019-01-15T06:45:12.508+0000][3096][safepoint    ] Application time: 0.0235974 seconds
[2019-01-15T06:45:12.508+0000][3096][safepoint    ] Total time for which application threads were stopped: 0.0001507 seconds, Stopping threads took: 0.0000046 seconds
[2019-01-15T06:45:12.546+0000][3096][safepoint    ] Application time: 0.0381298 seconds
[2019-01-15T06:45:12.546+0000][3096][safepoint    ] Total time for which application threads were stopped: 0.0001844 seconds, Stopping threads took: 0.0000041 seconds
[2019-01-15T06:45:12.551+0000][3096][safepoint    ] Application time: 0.0046154 seconds
[2019-01-15T06:45:12.551+0000][3096][safepoint    ] Total time for which application threads were stopped: 0.0004182 seconds, Stopping threads took: 0.0003287 seconds
[2019-01-15T06:45:13.174+0000][3096][safepoint    ] Application time: 0.6224331 seconds
[2019-01-15T06:45:13.174+0000][3096][safepoint    ] Total time for which application threads were stopped: 0.0001719 seconds, Stopping threads took: 0.0000143 seconds
[2019-01-15T06:45:13.251+0000][3096][safepoint    ] Application time: 0.0696982 seconds
[2019-01-15T06:45:13.252+0000][3096][safepoint    ] Total time for which application threads were stopped: 0.0005415 seconds, Stopping threads took: 0.0003250 seconds
[2019-01-15T06:45:13.252+0000][3096][gc           ] GC(16) Concurrent Abortable Preclean 1366.580ms
[2019-01-15T06:45:13.252+0000][3096][gc,cpu       ] GC(16) User=1.84s Sys=0.30s Real=1.37s
[2019-01-15T06:45:13.253+0000][3096][safepoint    ] Application time: 0.0010635 seconds
[2019-01-15T06:45:13.253+0000][3096][gc,start     ] GC(16) Pause Remark
[2019-01-15T06:45:13.283+0000][3096][gc           ] GC(16) Pause Remark 102M->102M(247M) 30.443ms
[2019-01-15T06:45:13.283+0000][3096][gc,cpu       ] GC(16) User=0.03s Sys=0.01s Real=0.03s
[2019-01-15T06:45:13.283+0000][3096][safepoint    ] Total time for which application threads were stopped: 0.0305469 seconds, Stopping threads took: 0.0000168 seconds
[2019-01-15T06:45:13.284+0000][3096][gc           ] GC(16) Concurrent Sweep
[2019-01-15T06:45:13.321+0000][3096][gc           ] GC(16) Concurrent Sweep 37.088ms
[2019-01-15T06:45:13.321+0000][3096][gc,cpu       ] GC(16) User=0.07s Sys=0.00s Real=0.04s
[2019-01-15T06:45:13.321+0000][3096][gc           ] GC(16) Concurrent Reset
[2019-01-15T06:45:13.321+0000][3096][gc           ] GC(16) Concurrent Reset 0.130ms
[2019-01-15T06:45:13.321+0000][3096][gc,cpu       ] GC(16) User=0.00s Sys=0.00s Real=0.00s
[2019-01-15T06:45:13.330+0000][3096][gc,heap      ] GC(16) Old: 38298K->46041K(174784K)
[2019-01-15T06:45:13.513+0000][3096][safepoint    ] Application time: 0.2300754 seconds
[2019-01-15T06:45:13.514+0000][3096][gc,start     ] GC(18) Pause Young (Allocation Failure)
[2019-01-15T06:45:13.514+0000][3096][gc,task      ] GC(18) Using 2 workers of 2 for evacuation
[2019-01-15T06:45:13.522+0000][3096][gc,age       ] GC(18) Desired survivor size 4456448 bytes, new threshold 2 (max threshold 6)
[2019-01-15T06:45:13.522+0000][3096][gc,age       ] GC(18) Age table with threshold 2 (max threshold 6)
[2019-01-15T06:45:13.522+0000][3096][gc,age       ] GC(18) - age   1:    2715936 bytes,    2715936 total
[2019-01-15T06:45:13.522+0000][3096][gc,age       ] GC(18) - age   2:    2407792 bytes,    5123728 total
[2019-01-15T06:45:13.522+0000][3096][gc,heap      ] GC(18) ParNew: 77522K->6252K(78656K)
[2019-01-15T06:45:13.522+0000][3096][gc,heap      ] GC(18) CMS: 46041K->46041K(174784K)
[2019-01-15T06:45:13.522+0000][3096][gc,metaspace ] GC(18) Metaspace: 51072K->51072K(1095680K)
[2019-01-15T06:45:13.522+0000][3096][gc           ] GC(18) Pause Young (Allocation Failure) 120M->51M(247M) 7.984ms
[2019-01-15T06:45:13.522+0000][3096][gc,cpu       ] GC(18) User=0.01s Sys=0.00s Real=0.01s
[2019-01-15T06:45:13.522+0000][3096][safepoint    ] Total time for which application threads were stopped: 0.0081166 seconds, Stopping threads took: 0.0000053 seconds
[2019-01-15T06:45:13.523+0000][3096][safepoint    ] Application time: 0.0015619 seconds
[2019-01-15T06:45:13.523+0000][3096][safepoint    ] Total time for which application threads were stopped: 0.0000493 seconds, Stopping threads took: 0.0000105 seconds
[2019-01-15T06:45:13.712+0000][3096][safepoint    ] Application time: 0.1885059 seconds
[2019-01-15T06:45:13.712+0000][3096][safepoint    ] Total time for which application threads were stopped: 0.0004920 seconds, Stopping threads took: 0.0000152 seconds
[2019-01-15T06:45:13.713+0000][3096][safepoint    ] Application time: 0.0001965 seconds
[2019-01-15T06:45:13.713+0000][3096][safepoint    ] Total time for which application threads were stopped: 0.0000569 seconds, Stopping threads took: 0.0000077 seconds
[2019-01-15T06:45:13.717+0000][3096][safepoint    ] Application time: 0.0040886 seconds
[2019-01-15T06:45:13.717+0000][3096][safepoint    ] Total time for which application threads were stopped: 0.0000668 seconds, Stopping threads took: 0.0000104 seconds
[2019-01-15T06:45:13.718+0000][3096][safepoint    ] Application time: 0.0012027 seconds
[2019-01-15T06:45:13.718+0000][3096][safepoint    ] Total time for which application threads were stopped: 0.0000552 seconds, Stopping threads took: 0.0000100 seconds
[2019-01-15T06:45:13.718+0000][3096][safepoint    ] Application time: 0.0001810 seconds
[2019-01-15T06:45:13.718+0000][3096][safepoint    ] Total time for which application threads were stopped: 0.0000422 seconds, Stopping threads took: 0.0000073 seconds
[2019-01-15T06:45:13.718+0000][3096][safepoint    ] Application time: 0.0000420 seconds
[2019-01-15T06:45:13.718+0000][3096][safepoint    ] Total time for which application threads were stopped: 0.0000356 seconds, Stopping threads took: 0.0000067 seconds
[2019-01-15T06:45:13.718+0000][3096][safepoint    ] Application time: 0.0000289 seconds
[2019-01-15T06:45:13.719+0000][3096][safepoint    ] Total time for which application threads were stopped: 0.0000334 seconds, Stopping threads took: 0.0000063 seconds
[2019-01-15T06:45:13.719+0000][3096][safepoint    ] Application time: 0.0000286 seconds
[2019-01-15T06:45:13.719+0000][3096][safepoint    ] Total time for which application threads were stopped: 0.0000326 seconds, Stopping threads took: 0.0000062 seconds
[2019-01-15T06:45:13.719+0000][3096][safepoint    ] Application time: 0.0000282 seconds
[2019-01-15T06:45:13.719+0000][3096][safepoint    ] Total time for which application threads were stopped: 0.0000331 seconds, Stopping threads took: 0.0000061 seconds
[2019-01-15T06:45:13.719+0000][3096][safepoint    ] Application time: 0.0000290 seconds
[2019-01-15T06:45:13.719+0000][3096][safepoint    ] Total time for which application threads were stopped: 0.0000328 seconds, Stopping threads took: 0.0000062 seconds
[2019-01-15T06:45:13.719+0000][3096][safepoint    ] Application time: 0.0000282 seconds
[2019-01-15T06:45:13.719+0000][3096][safepoint    ] Total time for which application threads were stopped: 0.0000329 seconds, Stopping threads took: 0.0000061 seconds
[2019-01-15T06:45:13.719+0000][3096][safepoint    ] Application time: 0.0000531 seconds
[2019-01-15T06:45:13.719+0000][3096][safepoint    ] Total time for which application threads were stopped: 0.0000331 seconds, Stopping threads took: 0.0000064 seconds
[2019-01-15T06:45:13.719+0000][3096][safepoint    ] Application time: 0.0000286 seconds
[2019-01-15T06:45:13.719+0000][3096][safepoint    ] Total time for which application threads were stopped: 0.0000327 seconds, Stopping threads took: 0.0000062 seconds
[2019-01-15T06:45:13.719+0000][3096][safepoint    ] Application time: 0.0000290 seconds
[2019-01-15T06:45:13.719+0000][3096][safepoint    ] Total time for which application threads were stopped: 0.0000323 seconds, Stopping threads took: 0.0000062 seconds
[2019-01-15T06:45:13.719+0000][3096][safepoint    ] Application time: 0.0000280 seconds
[2019-01-15T06:45:13.719+0000][3096][safepoint    ] Total time for which application threads were stopped: 0.0000327 seconds, Stopping threads took: 0.0000061 seconds
[2019-01-15T06:45:13.719+0000][3096][safepoint    ] Application time: 0.0000298 seconds
[2019-01-15T06:45:13.719+0000][3096][safepoint    ] Total time for which application threads were stopped: 0.0000323 seconds, Stopping threads took: 0.0000062 seconds
[2019-01-15T06:45:13.719+0000][3096][safepoint    ] Application time: 0.0000280 seconds
[2019-01-15T06:45:13.719+0000][3096][safepoint    ] Total time for which application threads were stopped: 0.0000327 seconds, Stopping threads took: 0.0000061 seconds
[2019-01-15T06:45:13.719+0000][3096][safepoint    ] Application time: 0.0000282 seconds
[2019-01-15T06:45:13.719+0000][3096][safepoint    ] Total time for which application threads were stopped: 0.0000459 seconds, Stopping threads took: 0.0000178 seconds
[2019-01-15T06:45:13.719+0000][3096][safepoint    ] Application time: 0.0000280 seconds
[2019-01-15T06:45:13.719+0000][3096][safepoint    ] Total time for which application threads were stopped: 0.0000331 seconds, Stopping threads took: 0.0000063 seconds
[2019-01-15T06:45:13.720+0000][3096][safepoint    ] Application time: 0.0000284 seconds
[2019-01-15T06:45:13.720+0000][3096][safepoint    ] Total time for which application threads were stopped: 0.0000326 seconds, Stopping threads took: 0.0000062 seconds
[2019-01-15T06:45:13.720+0000][3096][safepoint    ] Application time: 0.0000473 seconds
[2019-01-15T06:45:13.720+0000][3096][safepoint    ] Total time for which application threads were stopped: 0.0000338 seconds, Stopping threads took: 0.0000063 seconds
[2019-01-15T06:45:13.720+0000][3096][safepoint    ] Application time: 0.0000288 seconds
[2019-01-15T06:45:13.720+0000][3096][safepoint    ] Total time for which application threads were stopped: 0.0000321 seconds, Stopping threads took: 0.0000062 seconds
[2019-01-15T06:45:13.720+0000][3096][safepoint    ] Application time: 0.0000281 seconds
[2019-01-15T06:45:13.720+0000][3096][safepoint    ] Total time for which application threads were stopped: 0.0000326 seconds, Stopping threads took: 0.0000061 seconds
[2019-01-15T06:45:13.720+0000][3096][safepoint    ] Application time: 0.0000286 seconds
[2019-01-15T06:45:13.720+0000][3096][safepoint    ] Total time for which application threads were stopped: 0.0000824 seconds, Stopping threads took: 0.0000168 seconds
[2019-01-15T06:45:13.720+0000][3096][safepoint    ] Application time: 0.0000599 seconds
[2019-01-15T06:45:13.720+0000][3096][safepoint    ] Total time for which application threads were stopped: 0.0000395 seconds, Stopping threads took: 0.0000068 seconds
[2019-01-15T06:45:13.720+0000][3096][safepoint    ] Application time: 0.0000299 seconds
[2019-01-15T06:45:13.720+0000][3096][safepoint    ] Total time for which application threads were stopped: 0.0000344 seconds, Stopping threads took: 0.0000063 seconds
[2019-01-15T06:45:13.720+0000][3096][safepoint    ] Application time: 0.0000332 seconds
[2019-01-15T06:45:13.720+0000][3096][safepoint    ] Total time for which application threads were stopped: 0.0000323 seconds, Stopping threads took: 0.0000060 seconds
[2019-01-15T06:45:13.720+0000][3096][safepoint    ] Application time: 0.0000309 seconds
[2019-01-15T06:45:13.720+0000][3096][safepoint    ] Total time for which application threads were stopped: 0.0000332 seconds, Stopping threads took: 0.0000061 seconds
[2019-01-15T06:45:13.721+0000][3096][safepoint    ] Application time: 0.0002507 seconds
[2019-01-15T06:45:13.721+0000][3096][safepoint    ] Total time for which application threads were stopped: 0.0000324 seconds, Stopping threads took: 0.0000071 seconds
[2019-01-15T06:45:13.721+0000][3096][safepoint    ] Application time: 0.0000308 seconds
[2019-01-15T06:45:13.721+0000][3096][safepoint    ] Total time for which application threads were stopped: 0.0000288 seconds, Stopping threads took: 0.0000064 seconds
[2019-01-15T06:45:13.721+0000][3096][safepoint    ] Application time: 0.0000287 seconds
[2019-01-15T06:45:13.721+0000][3096][safepoint    ] Total time for which application threads were stopped: 0.0000278 seconds, Stopping threads took: 0.0000060 seconds
[2019-01-15T06:45:13.721+0000][3096][safepoint    ] Application time: 0.0000289 seconds
[2019-01-15T06:45:13.721+0000][3096][safepoint    ] Total time for which application threads were stopped: 0.0000282 seconds, Stopping threads took: 0.0000063 seconds
[2019-01-15T06:45:13.721+0000][3096][safepoint    ] Application time: 0.0000288 seconds
[2019-01-15T06:45:13.721+0000][3096][safepoint    ] Total time for which application threads were stopped: 0.0000303 seconds, Stopping threads took: 0.0000080 seconds
[2019-01-15T06:45:13.721+0000][3096][safepoint    ] Application time: 0.0000287 seconds
[2019-01-15T06:45:13.721+0000][3096][safepoint    ] Total time for which application threads were stopped: 0.0000284 seconds, Stopping threads took: 0.0000066 seconds
[2019-01-15T06:45:13.721+0000][3096][safepoint    ] Application time: 0.0000287 seconds
[2019-01-15T06:45:13.721+0000][3096][safepoint    ] Total time for which application threads were stopped: 0.0000278 seconds, Stopping threads took: 0.0000062 seconds
[2019-01-15T06:45:13.721+0000][3096][safepoint    ] Application time: 0.0000281 seconds
[2019-01-15T06:45:13.721+0000][3096][safepoint    ] Total time for which application threads were stopped: 0.0000281 seconds, Stopping threads took: 0.0000063 seconds
[2019-01-15T06:45:13.721+0000][3096][safepoint    ] Application time: 0.0000285 seconds
[2019-01-15T06:45:13.721+0000][3096][safepoint    ] Total time for which application threads were stopped: 0.0000278 seconds, Stopping threads took: 0.0000062 seconds
[2019-01-15T06:45:13.721+0000][3096][safepoint    ] Application time: 0.0000281 seconds
[2019-01-15T06:45:13.721+0000][3096][safepoint    ] Total time for which application threads were stopped: 0.0000280 seconds, Stopping threads took: 0.0000064 seconds
[2019-01-15T06:45:13.721+0000][3096][safepoint    ] Application time: 0.0000281 seconds
[2019-01-15T06:45:13.721+0000][3096][safepoint    ] Total time for which application threads were stopped: 0.0000277 seconds, Stopping threads took: 0.0000062 seconds
[2019-01-15T06:45:13.721+0000][3096][safepoint    ] Application time: 0.0000359 seconds
[2019-01-15T06:45:13.721+0000][3096][safepoint    ] Total time for which application threads were stopped: 0.0000281 seconds, Stopping threads took: 0.0000064 seconds
[2019-01-15T06:45:13.721+0000][3096][safepoint    ] Application time: 0.0000280 seconds
[2019-01-15T06:45:13.721+0000][3096][safepoint    ] Total time for which application threads were stopped: 0.0000278 seconds, Stopping threads took: 0.0000062 seconds
[2019-01-15T06:45:13.721+0000][3096][safepoint    ] Application time: 0.0000279 seconds
[2019-01-15T06:45:13.722+0000][3096][safepoint    ] Total time for which application threads were stopped: 0.0000278 seconds, Stopping threads took: 0.0000061 seconds
[2019-01-15T06:45:13.722+0000][3096][safepoint    ] Application time: 0.0000282 seconds
[2019-01-15T06:45:13.722+0000][3096][safepoint    ] Total time for which application threads were stopped: 0.0000279 seconds, Stopping threads took: 0.0000062 seconds
[2019-01-15T06:45:13.722+0000][3096][safepoint    ] Application time: 0.0000290 seconds
[2019-01-15T06:45:13.722+0000][3096][safepoint    ] Total time for which application threads were stopped: 0.0000279 seconds, Stopping threads took: 0.0000062 seconds
[2019-01-15T06:45:13.722+0000][3096][safepoint    ] Application time: 0.0000296 seconds
[2019-01-15T06:45:13.722+0000][3096][safepoint    ] Total time for which application threads were stopped: 0.0000281 seconds, Stopping threads took: 0.0000062 seconds
[2019-01-15T06:45:13.732+0000][3096][safepoint    ] Application time: 0.0107033 seconds
[2019-01-15T06:45:13.733+0000][3096][safepoint    ] Total time for which application threads were stopped: 0.0000793 seconds, Stopping threads took: 0.0000110 seconds
[2019-01-15T06:45:13.733+0000][3096][safepoint    ] Application time: 0.0000402 seconds
[2019-01-15T06:45:13.733+0000][3096][safepoint    ] Total time for which application threads were stopped: 0.0000432 seconds, Stopping threads took: 0.0000061 seconds
[2019-01-15T06:45:13.733+0000][3096][safepoint    ] Application time: 0.0005363 seconds
[2019-01-15T06:45:13.733+0000][3096][safepoint    ] Total time for which application threads were stopped: 0.0000674 seconds, Stopping threads took: 0.0000079 seconds
[2019-01-15T06:45:13.737+0000][3096][safepoint    ] Application time: 0.0032644 seconds
[2019-01-15T06:45:13.737+0000][3096][safepoint    ] Total time for which application threads were stopped: 0.0000595 seconds, Stopping threads took: 0.0000108 seconds
[2019-01-15T06:45:13.737+0000][3096][safepoint    ] Application time: 0.0000393 seconds
[2019-01-15T06:45:13.737+0000][3096][safepoint    ] Total time for which application threads were stopped: 0.0000522 seconds, Stopping threads took: 0.0000067 seconds
[2019-01-15T06:45:13.737+0000][3096][safepoint    ] Application time: 0.0005102 seconds
[2019-01-15T06:45:13.737+0000][3096][safepoint    ] Total time for which application threads were stopped: 0.0000430 seconds, Stopping threads took: 0.0000085 seconds
[2019-01-15T06:45:13.739+0000][3096][safepoint    ] Application time: 0.0012280 seconds
[2019-01-15T06:45:13.739+0000][3096][safepoint    ] Total time for which application threads were stopped: 0.0000513 seconds, Stopping threads took: 0.0000092 seconds
[2019-01-15T06:45:13.739+0000][3096][safepoint    ] Application time: 0.0000373 seconds
[2019-01-15T06:45:13.739+0000][3096][safepoint    ] Total time for which application threads were stopped: 0.0000419 seconds, Stopping threads took: 0.0000090 seconds
[2019-01-15T06:45:13.739+0000][3096][safepoint    ] Application time: 0.0002675 seconds
[2019-01-15T06:45:13.739+0000][3096][safepoint    ] Total time for which application threads were stopped: 0.0000392 seconds, Stopping threads took: 0.0000078 seconds
[2019-01-15T06:45:13.739+0000][3096][safepoint    ] Application time: 0.0000351 seconds
[2019-01-15T06:45:13.739+0000][3096][safepoint    ] Total time for which application threads were stopped: 0.0000337 seconds, Stopping threads took: 0.0000066 seconds
[2019-01-15T06:45:13.740+0000][3096][safepoint    ] Application time: 0.0004564 seconds
[2019-01-15T06:45:13.740+0000][3096][safepoint    ] Total time for which application threads were stopped: 0.0001007 seconds, Stopping threads took: 0.0000080 seconds
[2019-01-15T06:45:13.747+0000][3096][safepoint    ] Application time: 0.0071839 seconds
[2019-01-15T06:45:13.747+0000][3096][safepoint    ] Total time for which application threads were stopped: 0.0000713 seconds, Stopping threads took: 0.0000108 seconds
[2019-01-15T06:45:13.805+0000][3096][safepoint    ] Application time: 0.0580219 seconds
[2019-01-15T06:45:13.805+0000][3096][safepoint    ] Total time for which application threads were stopped: 0.0002156 seconds, Stopping threads took: 0.0000154 seconds
[2019-01-15T06:45:13.806+0000][3096][safepoint    ] Application time: 0.0002188 seconds
[2019-01-15T06:45:13.806+0000][3096][safepoint    ] Total time for which application threads were stopped: 0.0000423 seconds, Stopping threads took: 0.0000130 seconds
[2019-01-15T06:45:13.806+0000][3096][safepoint    ] Application time: 0.0001369 seconds
[2019-01-15T06:45:13.806+0000][3096][safepoint    ] Total time for which application threads were stopped: 0.0000313 seconds, Stopping threads took: 0.0000101 seconds
[2019-01-15T06:45:13.806+0000][3096][safepoint    ] Application time: 0.0001450 seconds
[2019-01-15T06:45:13.806+0000][3096][safepoint    ] Total time for which application threads were stopped: 0.0000308 seconds, Stopping threads took: 0.0000100 seconds
[2019-01-15T06:45:13.806+0000][3096][safepoint    ] Application time: 0.0000550 seconds
[2019-01-15T06:45:13.806+0000][3096][safepoint    ] Total time for which application threads were stopped: 0.0000320 seconds, Stopping threads took: 0.0000091 seconds
[2019-01-15T06:45:13.806+0000][3096][safepoint    ] Application time: 0.0002078 seconds
[2019-01-15T06:45:13.806+0000][3096][safepoint    ] Total time for which application threads were stopped: 0.0000338 seconds, Stopping threads took: 0.0000096 seconds
[2019-01-15T06:45:13.806+0000][3096][safepoint    ] Application time: 0.0000284 seconds
[2019-01-15T06:45:13.806+0000][3096][safepoint    ] Total time for which application threads were stopped: 0.0000257 seconds, Stopping threads took: 0.0000057 seconds
[2019-01-15T06:45:13.806+0000][3096][safepoint    ] Application time: 0.0000271 seconds
[2019-01-15T06:45:13.807+0000][3096][safepoint    ] Total time for which application threads were stopped: 0.0000590 seconds, Stopping threads took: 0.0000056 seconds
[2019-01-15T06:45:13.807+0000][3096][safepoint    ] Application time: 0.0000915 seconds
[2019-01-15T06:45:13.807+0000][3096][safepoint    ] Total time for which application threads were stopped: 0.0000296 seconds, Stopping threads took: 0.0000057 seconds
[2019-01-15T06:45:13.807+0000][3096][safepoint    ] Application time: 0.0000639 seconds
[2019-01-15T06:45:13.807+0000][3096][safepoint    ] Total time for which application threads were stopped: 0.0000259 seconds, Stopping threads took: 0.0000058 seconds
[2019-01-15T06:45:13.807+0000][3096][safepoint    ] Application time: 0.0000697 seconds
[2019-01-15T06:45:13.807+0000][3096][safepoint    ] Total time for which application threads were stopped: 0.0000254 seconds, Stopping threads took: 0.0000058 seconds
[2019-01-15T06:45:13.807+0000][3096][safepoint    ] Application time: 0.0000880 seconds
[2019-01-15T06:45:13.807+0000][3096][safepoint    ] Total time for which application threads were stopped: 0.0000265 seconds, Stopping threads took: 0.0000060 seconds
[2019-01-15T06:45:13.807+0000][3096][safepoint    ] Application time: 0.0000577 seconds
[2019-01-15T06:45:13.807+0000][3096][safepoint    ] Total time for which application threads were stopped: 0.0000277 seconds, Stopping threads took: 0.0000087 seconds
[2019-01-15T06:45:13.810+0000][3096][safepoint    ] Application time: 0.0031201 seconds
[2019-01-15T06:45:13.810+0000][3096][safepoint    ] Total time for which application threads were stopped: 0.0000679 seconds, Stopping threads took: 0.0000153 seconds
[2019-01-15T06:45:13.810+0000][3096][safepoint    ] Application time: 0.0000357 seconds
[2019-01-15T06:45:13.810+0000][3096][safepoint    ] Total time for which application threads were stopped: 0.0000293 seconds, Stopping threads took: 0.0000062 seconds
[2019-01-15T06:45:13.810+0000][3096][safepoint    ] Application time: 0.0000329 seconds
[2019-01-15T06:45:13.811+0000][3096][safepoint    ] Total time for which application threads were stopped: 0.0000267 seconds, Stopping threads took: 0.0000058 seconds
[2019-01-15T06:45:13.811+0000][3096][safepoint    ] Application time: 0.0000295 seconds
[2019-01-15T06:45:13.811+0000][3096][safepoint    ] Total time for which application threads were stopped: 0.0000268 seconds, Stopping threads took: 0.0000059 seconds
[2019-01-15T06:45:13.811+0000][3096][safepoint    ] Application time: 0.0001445 seconds
[2019-01-15T06:45:13.811+0000][3096][safepoint    ] Total time for which application threads were stopped: 0.0000271 seconds, Stopping threads took: 0.0000061 seconds
[2019-01-15T06:45:13.811+0000][3096][safepoint    ] Application time: 0.0000313 seconds
[2019-01-15T06:45:13.811+0000][3096][safepoint    ] Total time for which application threads were stopped: 0.0000272 seconds, Stopping threads took: 0.0000058 seconds
[2019-01-15T06:45:13.811+0000][3096][safepoint    ] Application time: 0.0002929 seconds
[2019-01-15T06:45:13.811+0000][3096][safepoint    ] Total time for which application threads were stopped: 0.0000439 seconds, Stopping threads took: 0.0000210 seconds
[2019-01-15T06:45:13.811+0000][3096][safepoint    ] Application time: 0.0000714 seconds
[2019-01-15T06:45:13.811+0000][3096][safepoint    ] Total time for which application threads were stopped: 0.0000274 seconds, Stopping threads took: 0.0000060 seconds
[2019-01-15T06:45:13.811+0000][3096][safepoint    ] Application time: 0.0001048 seconds
[2019-01-15T06:45:13.811+0000][3096][safepoint    ] Total time for which application threads were stopped: 0.0000279 seconds, Stopping threads took: 0.0000063 seconds
[2019-01-15T06:45:13.812+0000][3096][safepoint    ] Application time: 0.0000393 seconds
[2019-01-15T06:45:13.812+0000][3096][safepoint    ] Total time for which application threads were stopped: 0.0000256 seconds, Stopping threads took: 0.0000062 seconds
[2019-01-15T06:45:13.812+0000][3096][safepoint    ] Application time: 0.0000609 seconds
[2019-01-15T06:45:13.812+0000][3096][safepoint    ] Total time for which application threads were stopped: 0.0000585 seconds, Stopping threads took: 0.0000062 seconds
[2019-01-15T06:45:13.812+0000][3096][safepoint    ] Application time: 0.0000270 seconds
[2019-01-15T06:45:13.812+0000][3096][safepoint    ] Total time for which application threads were stopped: 0.0000246 seconds, Stopping threads took: 0.0000058 seconds
[2019-01-15T06:45:13.812+0000][3096][safepoint    ] Application time: 0.0002132 seconds
[2019-01-15T06:45:13.812+0000][3096][safepoint    ] Total time for which application threads were stopped: 0.0000270 seconds, Stopping threads took: 0.0000068 seconds
[2019-01-15T06:45:13.812+0000][3096][safepoint    ] Application time: 0.0000918 seconds
[2019-01-15T06:45:13.812+0000][3096][safepoint    ] Total time for which application threads were stopped: 0.0000428 seconds, Stopping threads took: 0.0000208 seconds
[2019-01-15T06:45:13.812+0000][3096][safepoint    ] Application time: 0.0001246 seconds
[2019-01-15T06:45:13.812+0000][3096][safepoint    ] Total time for which application threads were stopped: 0.0000278 seconds, Stopping threads took: 0.0000061 seconds
[2019-01-15T06:45:13.813+0000][3096][safepoint    ] Application time: 0.0002271 seconds
[2019-01-15T06:45:13.813+0000][3096][safepoint    ] Total time for which application threads were stopped: 0.0000297 seconds, Stopping threads took: 0.0000068 seconds
[2019-01-15T06:45:13.813+0000][3096][safepoint    ] Application time: 0.0000310 seconds
[2019-01-15T06:45:13.813+0000][3096][safepoint    ] Total time for which application threads were stopped: 0.0000262 seconds, Stopping threads took: 0.0000063 seconds
[2019-01-15T06:45:13.813+0000][3096][safepoint    ] Application time: 0.0000280 seconds
[2019-01-15T06:45:13.813+0000][3096][safepoint    ] Total time for which application threads were stopped: 0.0000253 seconds, Stopping threads took: 0.0000059 seconds
[2019-01-15T06:45:13.813+0000][3096][safepoint    ] Application time: 0.0000267 seconds
[2019-01-15T06:45:13.813+0000][3096][safepoint    ] Total time for which application threads were stopped: 0.0000252 seconds, Stopping threads took: 0.0000057 seconds
[2019-01-15T06:45:13.813+0000][3096][safepoint    ] Application time: 0.0000269 seconds
[2019-01-15T06:45:13.813+0000][3096][safepoint    ] Total time for which application threads were stopped: 0.0000250 seconds, Stopping threads took: 0.0000058 seconds
[2019-01-15T06:45:13.813+0000][3096][safepoint    ] Application time: 0.0000267 seconds
[2019-01-15T06:45:13.813+0000][3096][safepoint    ] Total time for which application threads were stopped: 0.0000250 seconds, Stopping threads took: 0.0000057 seconds
[2019-01-15T06:45:13.813+0000][3096][safepoint    ] Application time: 0.0000285 seconds
[2019-01-15T06:45:13.813+0000][3096][safepoint    ] Total time for which application threads were stopped: 0.0000250 seconds, Stopping threads took: 0.0000058 seconds
[2019-01-15T06:45:13.813+0000][3096][safepoint    ] Application time: 0.0000270 seconds
[2019-01-15T06:45:13.813+0000][3096][safepoint    ] Total time for which application threads were stopped: 0.0000249 seconds, Stopping threads took: 0.0000057 seconds
[2019-01-15T06:45:13.813+0000][3096][safepoint    ] Application time: 0.0000704 seconds
[2019-01-15T06:45:13.813+0000][3096][safepoint    ] Total time for which application threads were stopped: 0.0000254 seconds, Stopping threads took: 0.0000060 seconds
[2019-01-15T06:45:13.813+0000][3096][safepoint    ] Application time: 0.0000277 seconds
[2019-01-15T06:45:13.813+0000][3096][safepoint    ] Total time for which application threads were stopped: 0.0000270 seconds, Stopping threads took: 0.0000059 seconds
[2019-01-15T06:45:13.813+0000][3096][safepoint    ] Application time: 0.0000276 seconds
[2019-01-15T06:45:13.813+0000][3096][safepoint    ] Total time for which application threads were stopped: 0.0000250 seconds, Stopping threads took: 0.0000058 seconds
[2019-01-15T06:45:13.813+0000][3096][safepoint    ] Application time: 0.0000266 seconds
[2019-01-15T06:45:13.813+0000][3096][safepoint    ] Total time for which application threads were stopped: 0.0000249 seconds, Stopping threads took: 0.0000057 seconds
[2019-01-15T06:45:13.813+0000][3096][safepoint    ] Application time: 0.0000286 seconds
[2019-01-15T06:45:13.813+0000][3096][safepoint    ] Total time for which application threads were stopped: 0.0000249 seconds, Stopping threads took: 0.0000058 seconds
[2019-01-15T06:45:13.814+0000][3096][safepoint    ] Application time: 0.0000271 seconds
[2019-01-15T06:45:13.814+0000][3096][safepoint    ] Total time for which application threads were stopped: 0.0000246 seconds, Stopping threads took: 0.0000057 seconds
[2019-01-15T06:45:13.814+0000][3096][safepoint    ] Application time: 0.0000266 seconds
[2019-01-15T06:45:13.814+0000][3096][safepoint    ] Total time for which application threads were stopped: 0.0000377 seconds, Stopping threads took: 0.0000058 seconds
[2019-01-15T06:45:13.814+0000][3096][safepoint    ] Application time: 0.0000274 seconds
[2019-01-15T06:45:13.814+0000][3096][safepoint    ] Total time for which application threads were stopped: 0.0000250 seconds, Stopping threads took: 0.0000058 seconds
[2019-01-15T06:45:13.814+0000][3096][safepoint    ] Application time: 0.0000267 seconds
[2019-01-15T06:45:13.814+0000][3096][safepoint    ] Total time for which application threads were stopped: 0.0000247 seconds, Stopping threads took: 0.0000057 seconds
[2019-01-15T06:45:13.814+0000][3096][safepoint    ] Application time: 0.0000271 seconds
[2019-01-15T06:45:13.814+0000][3096][safepoint    ] Total time for which application threads were stopped: 0.0000248 seconds, Stopping threads took: 0.0000057 seconds
[2019-01-15T06:45:13.814+0000][3096][safepoint    ] Application time: 0.0000272 seconds
[2019-01-15T06:45:13.814+0000][3096][safepoint    ] Total time for which application threads were stopped: 0.0000630 seconds, Stopping threads took: 0.0000058 seconds
[2019-01-15T06:45:13.814+0000][3096][safepoint    ] Application time: 0.0000531 seconds
[2019-01-15T06:45:13.814+0000][3096][safepoint    ] Total time for which application threads were stopped: 0.0000227 seconds, Stopping threads took: 0.0000017 seconds
[2019-01-15T06:45:13.814+0000][3096][safepoint    ] Application time: 0.0003151 seconds
[2019-01-15T06:45:13.814+0000][3096][safepoint    ] Total time for which application threads were stopped: 0.0000315 seconds, Stopping threads took: 0.0000093 seconds
[2019-01-15T06:45:13.815+0000][3096][safepoint    ] Application time: 0.0003517 seconds
[2019-01-15T06:45:13.815+0000][3096][safepoint    ] Total time for which application threads were stopped: 0.0000305 seconds, Stopping threads took: 0.0000068 seconds
[2019-01-15T06:45:13.815+0000][3096][safepoint    ] Application time: 0.0001496 seconds
[2019-01-15T06:45:13.815+0000][3096][safepoint    ] Total time for which application threads were stopped: 0.0000570 seconds, Stopping threads took: 0.0000071 seconds
[2019-01-15T06:45:13.816+0000][3096][safepoint    ] Application time: 0.0011667 seconds
[2019-01-15T06:45:13.816+0000][3096][safepoint    ] Total time for which application threads were stopped: 0.0000458 seconds, Stopping threads took: 0.0000120 seconds
[2019-01-15T06:45:13.816+0000][3096][safepoint    ] Application time: 0.0000691 seconds
[2019-01-15T06:45:13.816+0000][3096][safepoint    ] Total time for which application threads were stopped: 0.0000403 seconds, Stopping threads took: 0.0000062 seconds
[2019-01-15T06:45:13.816+0000][3096][safepoint    ] Application time: 0.0000369 seconds
[2019-01-15T06:45:13.816+0000][3096][safepoint    ] Total time for which application threads were stopped: 0.0000391 seconds, Stopping threads took: 0.0000106 seconds
[2019-01-15T06:45:13.817+0000][3096][safepoint    ] Application time: 0.0003514 seconds
[2019-01-15T06:45:13.817+0000][3096][safepoint    ] Total time for which application threads were stopped: 0.0000793 seconds, Stopping threads took: 0.0000279 seconds
[2019-01-15T06:45:13.829+0000][3096][safepoint    ] Application time: 0.0123902 seconds
[2019-01-15T06:45:13.829+0000][3096][safepoint    ] Total time for which application threads were stopped: 0.0000758 seconds, Stopping threads took: 0.0000127 seconds
[2019-01-15T06:45:13.830+0000][3096][safepoint    ] Application time: 0.0001416 seconds
[2019-01-15T06:45:13.830+0000][3096][safepoint    ] Total time for which application threads were stopped: 0.0000406 seconds, Stopping threads took: 0.0000073 seconds
[2019-01-15T06:45:14.621+0000][3096][safepoint    ] Application time: 0.7914679 seconds
[2019-01-15T06:45:14.621+0000][3096][gc,start     ] GC(19) Pause Young (Allocation Failure)
[2019-01-15T06:45:14.621+0000][3096][gc,task      ] GC(19) Using 2 workers of 2 for evacuation
[2019-01-15T06:45:14.634+0000][3096][gc,age       ] GC(19) Desired survivor size 4456448 bytes, new threshold 2 (max threshold 6)
[2019-01-15T06:45:14.634+0000][3096][gc,age       ] GC(19) Age table with threshold 2 (max threshold 6)
[2019-01-15T06:45:14.634+0000][3096][gc,age       ] GC(19) - age   1:    1945312 bytes,    1945312 total
[2019-01-15T06:45:14.634+0000][3096][gc,age       ] GC(19) - age   2:    2567512 bytes,    4512824 total
[2019-01-15T06:45:14.635+0000][3096][gc,heap      ] GC(19) ParNew: 76204K->6564K(78656K)
[2019-01-15T06:45:14.635+0000][3096][gc,heap      ] GC(19) CMS: 46041K->48348K(174784K)
[2019-01-15T06:45:14.635+0000][3096][gc,metaspace ] GC(19) Metaspace: 57426K->57426K(1101824K)
[2019-01-15T06:45:14.635+0000][3096][gc           ] GC(19) Pause Young (Allocation Failure) 119M->53M(247M) 13.323ms
[2019-01-15T06:45:14.635+0000][3096][gc,cpu       ] GC(19) User=0.02s Sys=0.00s Real=0.01s
[2019-01-15T06:45:14.635+0000][3096][safepoint    ] Total time for which application threads were stopped: 0.0135024 seconds, Stopping threads took: 0.0000045 seconds
[2019-01-15T06:45:14.694+0000][3096][safepoint    ] Application time: 0.0593018 seconds
[2019-01-15T06:45:14.696+0000][3096][safepoint    ] Total time for which application threads were stopped: 0.0023166 seconds, Stopping threads took: 0.0022546 seconds
[2019-01-15T06:45:14.703+0000][3096][safepoint    ] Application time: 0.0066129 seconds
[2019-01-15T06:45:14.703+0000][3096][safepoint    ] Total time for which application threads were stopped: 0.0002693 seconds, Stopping threads took: 0.0002326 seconds
[2019-01-15T06:45:15.614+0000][3096][safepoint    ] Application time: 0.9102061 seconds
[2019-01-15T06:45:15.615+0000][3096][safepoint    ] Total time for which application threads were stopped: 0.0018656 seconds, Stopping threads took: 0.0000158 seconds
[2019-01-15T06:45:15.714+0000][3096][safepoint    ] Application time: 0.0985167 seconds
[2019-01-15T06:45:15.716+0000][3096][safepoint    ] Total time for which application threads were stopped: 0.0020381 seconds, Stopping threads took: 0.0004166 seconds
[2019-01-15T06:45:15.716+0000][3096][safepoint    ] Application time: 0.0000592 seconds
[2019-01-15T06:45:15.719+0000][3096][safepoint    ] Total time for which application threads were stopped: 0.0028345 seconds, Stopping threads took: 0.0027592 seconds
[2019-01-15T06:45:15.719+0000][3096][safepoint    ] Application time: 0.0000740 seconds
[2019-01-15T06:45:15.719+0000][3096][safepoint    ] Total time for which application threads were stopped: 0.0000197 seconds, Stopping threads took: 0.0000023 seconds
[2019-01-15T06:45:16.067+0000][3096][safepoint    ] Application time: 0.3474521 seconds
[2019-01-15T06:45:16.068+0000][3096][safepoint    ] Total time for which application threads were stopped: 0.0011702 seconds, Stopping threads took: 0.0000073 seconds
[2019-01-15T06:45:16.329+0000][3096][safepoint    ] Application time: 0.2611064 seconds
[2019-01-15T06:45:16.329+0000][3096][gc,start     ] GC(20) Pause Young (Allocation Failure)
[2019-01-15T06:45:16.329+0000][3096][gc,task      ] GC(20) Using 2 workers of 2 for evacuation
[2019-01-15T06:45:16.352+0000][3096][gc,age       ] GC(20) Desired survivor size 4456448 bytes, new threshold 2 (max threshold 6)
[2019-01-15T06:45:16.352+0000][3096][gc,age       ] GC(20) Age table with threshold 2 (max threshold 6)
[2019-01-15T06:45:16.352+0000][3096][gc,age       ] GC(20) - age   1:    3439104 bytes,    3439104 total
[2019-01-15T06:45:16.352+0000][3096][gc,age       ] GC(20) - age   2:    1890680 bytes,    5329784 total
[2019-01-15T06:45:16.352+0000][3096][gc,heap      ] GC(20) ParNew: 76516K->6598K(78656K)
[2019-01-15T06:45:16.352+0000][3096][gc,heap      ] GC(20) CMS: 48348K->50933K(174784K)
[2019-01-15T06:45:16.352+0000][3096][gc,metaspace ] GC(20) Metaspace: 64858K->64858K(1107968K)
[2019-01-15T06:45:16.352+0000][3096][gc           ] GC(20) Pause Young (Allocation Failure) 121M->56M(247M) 23.143ms
[2019-01-15T06:45:16.352+0000][3096][gc,cpu       ] GC(20) User=0.04s Sys=0.00s Real=0.03s
[2019-01-15T06:45:16.352+0000][3096][safepoint    ] Total time for which application threads were stopped: 0.0233460 seconds, Stopping threads took: 0.0000135 seconds
[2019-01-15T06:45:16.548+0000][3096][safepoint    ] Application time: 0.1956102 seconds
[2019-01-15T06:45:16.548+0000][3096][safepoint    ] Total time for which application threads were stopped: 0.0000780 seconds, Stopping threads took: 0.0000287 seconds
[2019-01-15T06:45:16.727+0000][3096][safepoint    ] Application time: 0.1788821 seconds
[2019-01-15T06:45:16.731+0000][3096][safepoint    ] Total time for which application threads were stopped: 0.0039230 seconds, Stopping threads took: 0.0038783 seconds
[2019-01-15T06:45:16.800+0000][3096][safepoint    ] Application time: 0.0681847 seconds
[2019-01-15T06:45:16.800+0000][3096][safepoint    ] Total time for which application threads were stopped: 0.0000608 seconds, Stopping threads took: 0.0000140 seconds
[2019-01-15T06:45:16.909+0000][3096][safepoint    ] Application time: 0.1087770 seconds
[2019-01-15T06:45:16.909+0000][3096][safepoint    ] Total time for which application threads were stopped: 0.0004285 seconds, Stopping threads took: 0.0000050 seconds
[2019-01-15T06:45:16.921+0000][3096][safepoint    ] Application time: 0.0118946 seconds
[2019-01-15T06:45:16.922+0000][3096][safepoint    ] Total time for which application threads were stopped: 0.0005810 seconds, Stopping threads took: 0.0000053 seconds
[2019-01-15T06:45:16.931+0000][3096][safepoint    ] Application time: 0.0098681 seconds
[2019-01-15T06:45:16.931+0000][3096][safepoint    ] Total time for which application threads were stopped: 0.0000470 seconds, Stopping threads took: 0.0000077 seconds
[2019-01-15T06:45:16.932+0000][3096][safepoint    ] Application time: 0.0008035 seconds
[2019-01-15T06:45:16.932+0000][3096][safepoint    ] Total time for which application threads were stopped: 0.0000331 seconds, Stopping threads took: 0.0000045 seconds
[2019-01-15T06:45:16.933+0000][3096][safepoint    ] Application time: 0.0005053 seconds
[2019-01-15T06:45:16.933+0000][3096][safepoint    ] Total time for which application threads were stopped: 0.0000293 seconds, Stopping threads took: 0.0000038 seconds
[2019-01-15T06:45:16.934+0000][3096][safepoint    ] Application time: 0.0005927 seconds
[2019-01-15T06:45:16.934+0000][3096][safepoint    ] Total time for which application threads were stopped: 0.0000373 seconds, Stopping threads took: 0.0000033 seconds
[2019-01-15T06:45:16.935+0000][3096][safepoint    ] Application time: 0.0016039 seconds
[2019-01-15T06:45:16.935+0000][3096][safepoint    ] Total time for which application threads were stopped: 0.0000592 seconds, Stopping threads took: 0.0000063 seconds
[2019-01-15T06:45:16.936+0000][3096][safepoint    ] Application time: 0.0002431 seconds
[2019-01-15T06:45:16.936+0000][3096][safepoint    ] Total time for which application threads were stopped: 0.0000348 seconds, Stopping threads took: 0.0000032 seconds
[2019-01-15T06:45:16.936+0000][3096][safepoint    ] Application time: 0.0002285 seconds
[2019-01-15T06:45:16.936+0000][3096][safepoint    ] Total time for which application threads were stopped: 0.0000322 seconds, Stopping threads took: 0.0000028 seconds
[2019-01-15T06:45:16.938+0000][3096][safepoint    ] Application time: 0.0018259 seconds
[2019-01-15T06:45:16.938+0000][3096][safepoint    ] Total time for which application threads were stopped: 0.0000558 seconds, Stopping threads took: 0.0000059 seconds
[2019-01-15T06:45:16.938+0000][3096][safepoint    ] Application time: 0.0000662 seconds
[2019-01-15T06:45:16.938+0000][3096][safepoint    ] Total time for which application threads were stopped: 0.0000303 seconds, Stopping threads took: 0.0000026 seconds
[2019-01-15T06:45:16.938+0000][3096][safepoint    ] Application time: 0.0000617 seconds
[2019-01-15T06:45:16.938+0000][3096][safepoint    ] Total time for which application threads were stopped: 0.0001100 seconds, Stopping threads took: 0.0000024 seconds
[2019-01-15T06:45:16.938+0000][3096][safepoint    ] Application time: 0.0000589 seconds
[2019-01-15T06:45:16.938+0000][3096][safepoint    ] Total time for which application threads were stopped: 0.0000295 seconds, Stopping threads took: 0.0000023 seconds
[2019-01-15T06:45:16.939+0000][3096][safepoint    ] Application time: 0.0006760 seconds
[2019-01-15T06:45:16.939+0000][3096][safepoint    ] Total time for which application threads were stopped: 0.0000317 seconds, Stopping threads took: 0.0000030 seconds
[2019-01-15T06:45:16.940+0000][3096][safepoint    ] Application time: 0.0009654 seconds
[2019-01-15T06:45:16.940+0000][3096][safepoint    ] Total time for which application threads were stopped: 0.0000497 seconds, Stopping threads took: 0.0000037 seconds
[2019-01-15T06:45:16.942+0000][3096][safepoint    ] Application time: 0.0016185 seconds
[2019-01-15T06:45:16.942+0000][3096][safepoint    ] Total time for which application threads were stopped: 0.0000541 seconds, Stopping threads took: 0.0000069 seconds
[2019-01-15T06:45:16.955+0000][3096][safepoint    ] Application time: 0.0134345 seconds
[2019-01-15T06:45:16.955+0000][3096][safepoint    ] Total time for which application threads were stopped: 0.0000387 seconds, Stopping threads took: 0.0000053 seconds
[2019-01-15T06:45:16.956+0000][3096][safepoint    ] Application time: 0.0005471 seconds
[2019-01-15T06:45:16.956+0000][3096][safepoint    ] Total time for which application threads were stopped: 0.0004482 seconds, Stopping threads took: 0.0000051 seconds
[2019-01-15T06:45:16.958+0000][3096][safepoint    ] Application time: 0.0013498 seconds
[2019-01-15T06:45:16.958+0000][3096][safepoint    ] Total time for which application threads were stopped: 0.0000403 seconds, Stopping threads took: 0.0000088 seconds
[2019-01-15T06:45:16.958+0000][3096][safepoint    ] Application time: 0.0000712 seconds
[2019-01-15T06:45:16.958+0000][3096][safepoint    ] Total time for which application threads were stopped: 0.0000284 seconds, Stopping threads took: 0.0000071 seconds
[2019-01-15T06:45:16.958+0000][3096][safepoint    ] Application time: 0.0000291 seconds
[2019-01-15T06:45:16.958+0000][3096][safepoint    ] Total time for which application threads were stopped: 0.0000201 seconds, Stopping threads took: 0.0000053 seconds
[2019-01-15T06:45:16.958+0000][3096][safepoint    ] Application time: 0.0000431 seconds
[2019-01-15T06:45:16.958+0000][3096][safepoint    ] Total time for which application threads were stopped: 0.0000911 seconds, Stopping threads took: 0.0000056 seconds
[2019-01-15T06:45:16.958+0000][3096][safepoint    ] Application time: 0.0000675 seconds
[2019-01-15T06:45:16.958+0000][3096][safepoint    ] Total time for which application threads were stopped: 0.0000710 seconds, Stopping threads took: 0.0000452 seconds
[2019-01-15T06:45:17.172+0000][3096][safepoint    ] Application time: 0.2134922 seconds
[2019-01-15T06:45:17.172+0000][3096][safepoint    ] Total time for which application threads were stopped: 0.0002355 seconds, Stopping threads took: 0.0001539 seconds
[2019-01-15T06:45:17.172+0000][3096][safepoint    ] Application time: 0.0002670 seconds
[2019-01-15T06:45:17.172+0000][3096][safepoint    ] Total time for which application threads were stopped: 0.0000956 seconds, Stopping threads took: 0.0000150 seconds
[2019-01-15T06:45:17.172+0000][3096][safepoint    ] Application time: 0.0001072 seconds
[2019-01-15T06:45:17.174+0000][3096][safepoint    ] Total time for which application threads were stopped: 0.0011008 seconds, Stopping threads took: 0.0010602 seconds
[2019-01-15T06:45:17.174+0000][3096][safepoint    ] Application time: 0.0006254 seconds
[2019-01-15T06:45:17.174+0000][3096][safepoint    ] Total time for which application threads were stopped: 0.0001293 seconds, Stopping threads took: 0.0000122 seconds
[2019-01-15T06:45:17.175+0000][3096][safepoint    ] Application time: 0.0001399 seconds
[2019-01-15T06:45:17.175+0000][3096][safepoint    ] Total time for which application threads were stopped: 0.0004775 seconds, Stopping threads took: 0.0003412 seconds
[2019-01-15T06:45:17.187+0000][3096][safepoint    ] Application time: 0.0120560 seconds
[2019-01-15T06:45:17.187+0000][3096][safepoint    ] Total time for which application threads were stopped: 0.0001338 seconds, Stopping threads took: 0.0000241 seconds
[2019-01-15T06:45:17.192+0000][3096][safepoint    ] Application time: 0.0042477 seconds
[2019-01-15T06:45:17.192+0000][3096][safepoint    ] Total time for which application threads were stopped: 0.0002218 seconds, Stopping threads took: 0.0001329 seconds
[2019-01-15T06:45:17.192+0000][3096][safepoint    ] Application time: 0.0005043 seconds
[2019-01-15T06:45:17.193+0000][3096][safepoint    ] Total time for which application threads were stopped: 0.0002049 seconds, Stopping threads took: 0.0000036 seconds
[2019-01-15T06:45:17.193+0000][3096][safepoint    ] Application time: 0.0000605 seconds
[2019-01-15T06:45:17.193+0000][3096][safepoint    ] Total time for which application threads were stopped: 0.0001011 seconds, Stopping threads took: 0.0000540 seconds
[2019-01-15T06:45:17.193+0000][3096][safepoint    ] Application time: 0.0000779 seconds
[2019-01-15T06:45:17.193+0000][3096][safepoint    ] Total time for which application threads were stopped: 0.0000286 seconds, Stopping threads took: 0.0000031 seconds
[2019-01-15T06:45:17.195+0000][3096][safepoint    ] Application time: 0.0025797 seconds
[2019-01-15T06:45:17.196+0000][3096][safepoint    ] Total time for which application threads were stopped: 0.0005679 seconds, Stopping threads took: 0.0004984 seconds
[2019-01-15T06:45:17.198+0000][3096][safepoint    ] Application time: 0.0017073 seconds
[2019-01-15T06:45:17.201+0000][3096][safepoint    ] Total time for which application threads were stopped: 0.0029785 seconds, Stopping threads took: 0.0029297 seconds
[2019-01-15T06:45:17.205+0000][3096][safepoint    ] Application time: 0.0040049 seconds
[2019-01-15T06:45:17.214+0000][3096][safepoint    ] Total time for which application threads were stopped: 0.0090419 seconds, Stopping threads took: 0.0089782 seconds
[2019-01-15T06:45:17.216+0000][3096][safepoint    ] Application time: 0.0022531 seconds
[2019-01-15T06:45:17.217+0000][3096][safepoint    ] Total time for which application threads were stopped: 0.0010682 seconds, Stopping threads took: 0.0010272 seconds
[2019-01-15T06:45:17.218+0000][3096][safepoint    ] Application time: 0.0010797 seconds
[2019-01-15T06:45:17.218+0000][3096][safepoint    ] Total time for which application threads were stopped: 0.0000388 seconds, Stopping threads took: 0.0000056 seconds
[2019-01-15T06:45:17.221+0000][3096][safepoint    ] Application time: 0.0030353 seconds
[2019-01-15T06:45:17.225+0000][3096][safepoint    ] Total time for which application threads were stopped: 0.0034943 seconds, Stopping threads took: 0.0034387 seconds
[2019-01-15T06:45:17.225+0000][3096][safepoint    ] Application time: 0.0002649 seconds
[2019-01-15T06:45:17.225+0000][3096][safepoint    ] Total time for which application threads were stopped: 0.0000365 seconds, Stopping threads took: 0.0000060 seconds
[2019-01-15T06:45:17.225+0000][3096][safepoint    ] Application time: 0.0000731 seconds
[2019-01-15T06:45:17.225+0000][3096][safepoint    ] Total time for which application threads were stopped: 0.0000620 seconds, Stopping threads took: 0.0000391 seconds
[2019-01-15T06:45:17.226+0000][3096][safepoint    ] Application time: 0.0000660 seconds
[2019-01-15T06:45:17.226+0000][3096][safepoint    ] Total time for which application threads were stopped: 0.0000520 seconds, Stopping threads took: 0.0000333 seconds
[2019-01-15T06:45:17.226+0000][3096][safepoint    ] Application time: 0.0000754 seconds
[2019-01-15T06:45:17.226+0000][3096][safepoint    ] Total time for which application threads were stopped: 0.0000452 seconds, Stopping threads took: 0.0000235 seconds
[2019-01-15T06:45:17.226+0000][3096][safepoint    ] Application time: 0.0006259 seconds
[2019-01-15T06:45:17.227+0000][3096][safepoint    ] Total time for which application threads were stopped: 0.0001836 seconds, Stopping threads took: 0.0001287 seconds
[2019-01-15T06:45:17.228+0000][3096][safepoint    ] Application time: 0.0016060 seconds
[2019-01-15T06:45:17.228+0000][3096][safepoint    ] Total time for which application threads were stopped: 0.0000484 seconds, Stopping threads took: 0.0000044 seconds
[2019-01-15T06:45:17.229+0000][3096][safepoint    ] Application time: 0.0004956 seconds
[2019-01-15T06:45:17.229+0000][3096][safepoint    ] Total time for which application threads were stopped: 0.0000770 seconds, Stopping threads took: 0.0000045 seconds
[2019-01-15T06:45:17.229+0000][3096][safepoint    ] Application time: 0.0002898 seconds
[2019-01-15T06:45:17.229+0000][3096][safepoint    ] Total time for which application threads were stopped: 0.0000581 seconds, Stopping threads took: 0.0000050 seconds
[2019-01-15T06:45:17.229+0000][3096][safepoint    ] Application time: 0.0000854 seconds
[2019-01-15T06:45:17.232+0000][3096][safepoint    ] Total time for which application threads were stopped: 0.0024168 seconds, Stopping threads took: 0.0023778 seconds
[2019-01-15T06:45:17.232+0000][3096][safepoint    ] Application time: 0.0005158 seconds
[2019-01-15T06:45:17.232+0000][3096][safepoint    ] Total time for which application threads were stopped: 0.0000759 seconds, Stopping threads took: 0.0000314 seconds
[2019-01-15T06:45:17.233+0000][3096][safepoint    ] Application time: 0.0001929 seconds
[2019-01-15T06:45:17.233+0000][3096][safepoint    ] Total time for which application threads were stopped: 0.0000402 seconds, Stopping threads took: 0.0000036 seconds
[2019-01-15T06:45:17.233+0000][3096][safepoint    ] Application time: 0.0006364 seconds
[2019-01-15T06:45:17.233+0000][3096][safepoint    ] Total time for which application threads were stopped: 0.0000617 seconds, Stopping threads took: 0.0000057 seconds
[2019-01-15T06:45:17.234+0000][3096][safepoint    ] Application time: 0.0001295 seconds
[2019-01-15T06:45:17.234+0000][3096][safepoint    ] Total time for which application threads were stopped: 0.0000930 seconds, Stopping threads took: 0.0000383 seconds
[2019-01-15T06:45:17.234+0000][3096][safepoint    ] Application time: 0.0003829 seconds
[2019-01-15T06:45:17.234+0000][3096][safepoint    ] Total time for which application threads were stopped: 0.0000410 seconds, Stopping threads took: 0.0000034 seconds
[2019-01-15T06:45:17.237+0000][3096][safepoint    ] Application time: 0.0029378 seconds
[2019-01-15T06:45:17.237+0000][3096][safepoint    ] Total time for which application threads were stopped: 0.0002310 seconds, Stopping threads took: 0.0001369 seconds
[2019-01-15T06:45:17.247+0000][3096][safepoint    ] Application time: 0.0098551 seconds
[2019-01-15T06:45:17.247+0000][3096][safepoint    ] Total time for which application threads were stopped: 0.0000640 seconds, Stopping threads took: 0.0000087 seconds
[2019-01-15T06:45:17.255+0000][3096][safepoint    ] Application time: 0.0078973 seconds
[2019-01-15T06:45:17.255+0000][3096][safepoint    ] Total time for which application threads were stopped: 0.0000849 seconds, Stopping threads took: 0.0000263 seconds
[2019-01-15T06:45:17.259+0000][3096][safepoint    ] Application time: 0.0036915 seconds
[2019-01-15T06:45:17.259+0000][3096][safepoint    ] Total time for which application threads were stopped: 0.0001097 seconds, Stopping threads took: 0.0000476 seconds
[2019-01-15T06:45:17.265+0000][3096][safepoint    ] Application time: 0.0057523 seconds
[2019-01-15T06:45:17.265+0000][3096][safepoint    ] Total time for which application threads were stopped: 0.0002008 seconds, Stopping threads took: 0.0001251 seconds
[2019-01-15T06:45:17.266+0000][3096][safepoint    ] Application time: 0.0006427 seconds
[2019-01-15T06:45:17.268+0000][3096][safepoint    ] Total time for which application threads were stopped: 0.0016756 seconds, Stopping threads took: 0.0011421 seconds
[2019-01-15T06:45:17.296+0000][3096][safepoint    ] Application time: 0.0285788 seconds
[2019-01-15T06:45:17.300+0000][3096][safepoint    ] Total time for which application threads were stopped: 0.0040883 seconds, Stopping threads took: 0.0039010 seconds
[2019-01-15T06:45:17.301+0000][3096][safepoint    ] Application time: 0.0006382 seconds
[2019-01-15T06:45:17.301+0000][3096][safepoint    ] Total time for which application threads were stopped: 0.0004381 seconds, Stopping threads took: 0.0002524 seconds
[2019-01-15T06:45:17.303+0000][3096][safepoint    ] Application time: 0.0017628 seconds
[2019-01-15T06:45:17.303+0000][3096][safepoint    ] Total time for which application threads were stopped: 0.0000704 seconds, Stopping threads took: 0.0000072 seconds
[2019-01-15T06:45:17.304+0000][3096][safepoint    ] Application time: 0.0003998 seconds
[2019-01-15T06:45:17.304+0000][3096][safepoint    ] Total time for which application threads were stopped: 0.0000532 seconds, Stopping threads took: 0.0000056 seconds
[2019-01-15T06:45:17.304+0000][3096][safepoint    ] Application time: 0.0000199 seconds
[2019-01-15T06:45:17.304+0000][3096][safepoint    ] Total time for which application threads were stopped: 0.0000253 seconds, Stopping threads took: 0.0000015 seconds
[2019-01-15T06:45:17.304+0000][3096][safepoint    ] Application time: 0.0000205 seconds
[2019-01-15T06:45:17.304+0000][3096][safepoint    ] Total time for which application threads were stopped: 0.0000254 seconds, Stopping threads took: 0.0000014 seconds
[2019-01-15T06:45:17.305+0000][3096][safepoint    ] Application time: 0.0013899 seconds
[2019-01-15T06:45:17.305+0000][3096][safepoint    ] Total time for which application threads were stopped: 0.0000820 seconds, Stopping threads took: 0.0000140 seconds
[2019-01-15T06:45:17.306+0000][3096][safepoint    ] Application time: 0.0002295 seconds
[2019-01-15T06:45:17.306+0000][3096][safepoint    ] Total time for which application threads were stopped: 0.0000974 seconds, Stopping threads took: 0.0000503 seconds
[2019-01-15T06:45:17.318+0000][3096][safepoint    ] Application time: 0.0124588 seconds
[2019-01-15T06:45:17.318+0000][3096][safepoint    ] Total time for which application threads were stopped: 0.0001633 seconds, Stopping threads took: 0.0000222 seconds
[2019-01-15T06:45:17.319+0000][3096][safepoint    ] Application time: 0.0001803 seconds
[2019-01-15T06:45:17.319+0000][3096][safepoint    ] Total time for which application threads were stopped: 0.0002229 seconds, Stopping threads took: 0.0000053 seconds
[2019-01-15T06:45:17.327+0000][3096][safepoint    ] Application time: 0.0083415 seconds
[2019-01-15T06:45:17.328+0000][3096][safepoint    ] Total time for which application threads were stopped: 0.0002122 seconds, Stopping threads took: 0.0000410 seconds
[2019-01-15T06:45:17.330+0000][3096][safepoint    ] Application time: 0.0023694 seconds
[2019-01-15T06:45:17.330+0000][3096][safepoint    ] Total time for which application threads were stopped: 0.0000615 seconds, Stopping threads took: 0.0000087 seconds
[2019-01-15T06:45:17.330+0000][3096][safepoint    ] Application time: 0.0000872 seconds
[2019-01-15T06:45:17.330+0000][3096][safepoint    ] Total time for which application threads were stopped: 0.0000623 seconds, Stopping threads took: 0.0000310 seconds
[2019-01-15T06:45:17.331+0000][3096][safepoint    ] Application time: 0.0003604 seconds
[2019-01-15T06:45:17.331+0000][3096][safepoint    ] Total time for which application threads were stopped: 0.0002459 seconds, Stopping threads took: 0.0000044 seconds
[2019-01-15T06:45:17.331+0000][3096][safepoint    ] Application time: 0.0001169 seconds
[2019-01-15T06:45:17.331+0000][3096][safepoint    ] Total time for which application threads were stopped: 0.0000638 seconds, Stopping threads took: 0.0000162 seconds
[2019-01-15T06:45:17.337+0000][3096][safepoint    ] Application time: 0.0057290 seconds
[2019-01-15T06:45:17.337+0000][3096][safepoint    ] Total time for which application threads were stopped: 0.0000639 seconds, Stopping threads took: 0.0000163 seconds
[2019-01-15T06:45:17.337+0000][3096][safepoint    ] Application time: 0.0000864 seconds
[2019-01-15T06:45:17.337+0000][3096][safepoint    ] Total time for which application threads were stopped: 0.0000416 seconds, Stopping threads took: 0.0000126 seconds
[2019-01-15T06:45:17.338+0000][3096][safepoint    ] Application time: 0.0004316 seconds
[2019-01-15T06:45:17.338+0000][3096][safepoint    ] Total time for which application threads were stopped: 0.0000574 seconds, Stopping threads took: 0.0000110 seconds
[2019-01-15T06:45:17.338+0000][3096][safepoint    ] Application time: 0.0000501 seconds
[2019-01-15T06:45:17.338+0000][3096][safepoint    ] Total time for which application threads were stopped: 0.0000307 seconds, Stopping threads took: 0.0000060 seconds
[2019-01-15T06:45:17.339+0000][3096][safepoint    ] Application time: 0.0015887 seconds
[2019-01-15T06:45:17.341+0000][3096][safepoint    ] Total time for which application threads were stopped: 0.0017785 seconds, Stopping threads took: 0.0014549 seconds
[2019-01-15T06:45:17.342+0000][3096][safepoint    ] Application time: 0.0007766 seconds
[2019-01-15T06:45:17.343+0000][3096][safepoint    ] Total time for which application threads were stopped: 0.0004411 seconds, Stopping threads took: 0.0002391 seconds
[2019-01-15T06:45:17.345+0000][3096][safepoint    ] Application time: 0.0024721 seconds
[2019-01-15T06:45:17.346+0000][3096][safepoint    ] Total time for which application threads were stopped: 0.0001001 seconds, Stopping threads took: 0.0000290 seconds
[2019-01-15T06:45:17.346+0000][3096][safepoint    ] Application time: 0.0001452 seconds
[2019-01-15T06:45:17.346+0000][3096][safepoint    ] Total time for which application threads were stopped: 0.0000432 seconds, Stopping threads took: 0.0000054 seconds
[2019-01-15T06:45:17.346+0000][3096][safepoint    ] Application time: 0.0000869 seconds
[2019-01-15T06:45:17.346+0000][3096][safepoint    ] Total time for which application threads were stopped: 0.0000994 seconds, Stopping threads took: 0.0000017 seconds
[2019-01-15T06:45:17.346+0000][3096][safepoint    ] Application time: 0.0002810 seconds
[2019-01-15T06:45:17.347+0000][3096][safepoint    ] Total time for which application threads were stopped: 0.0007328 seconds, Stopping threads took: 0.0006173 seconds
[2019-01-15T06:45:17.348+0000][3096][safepoint    ] Application time: 0.0007852 seconds
[2019-01-15T06:45:17.348+0000][3096][safepoint    ] Total time for which application threads were stopped: 0.0000543 seconds, Stopping threads took: 0.0000057 seconds
[2019-01-15T06:45:17.349+0000][3096][safepoint    ] Application time: 0.0005293 seconds
[2019-01-15T06:45:17.349+0000][3096][safepoint    ] Total time for which application threads were stopped: 0.0000715 seconds, Stopping threads took: 0.0000082 seconds
[2019-01-15T06:45:17.350+0000][3096][safepoint    ] Application time: 0.0010654 seconds
[2019-01-15T06:45:17.350+0000][3096][safepoint    ] Total time for which application threads were stopped: 0.0000723 seconds, Stopping threads took: 0.0000203 seconds
[2019-01-15T06:45:17.351+0000][3096][safepoint    ] Application time: 0.0013038 seconds
[2019-01-15T06:45:17.353+0000][3096][safepoint    ] Total time for which application threads were stopped: 0.0017162 seconds, Stopping threads took: 0.0000079 seconds
[2019-01-15T06:45:17.355+0000][3096][safepoint    ] Application time: 0.0023031 seconds
[2019-01-15T06:45:17.355+0000][3096][safepoint    ] Total time for which application threads were stopped: 0.0000657 seconds, Stopping threads took: 0.0000205 seconds
[2019-01-15T06:45:17.356+0000][3096][safepoint    ] Application time: 0.0009686 seconds
[2019-01-15T06:45:17.357+0000][3096][safepoint    ] Total time for which application threads were stopped: 0.0005311 seconds, Stopping threads took: 0.0004670 seconds
[2019-01-15T06:45:17.358+0000][3096][safepoint    ] Application time: 0.0009458 seconds
[2019-01-15T06:45:17.358+0000][3096][safepoint    ] Total time for which application threads were stopped: 0.0003931 seconds, Stopping threads took: 0.0002476 seconds
[2019-01-15T06:45:17.359+0000][3096][safepoint    ] Application time: 0.0009829 seconds
[2019-01-15T06:45:17.360+0000][3096][safepoint    ] Total time for which application threads were stopped: 0.0001957 seconds, Stopping threads took: 0.0000375 seconds
[2019-01-15T06:45:17.360+0000][3096][safepoint    ] Application time: 0.0002238 seconds
[2019-01-15T06:45:17.360+0000][3096][safepoint    ] Total time for which application threads were stopped: 0.0005819 seconds, Stopping threads took: 0.0004414 seconds
[2019-01-15T06:45:17.362+0000][3096][safepoint    ] Application time: 0.0018207 seconds
[2019-01-15T06:45:17.362+0000][3096][safepoint    ] Total time for which application threads were stopped: 0.0000760 seconds, Stopping threads took: 0.0000171 seconds
[2019-01-15T06:45:17.364+0000][3096][safepoint    ] Application time: 0.0015964 seconds
[2019-01-15T06:45:17.365+0000][3096][safepoint    ] Total time for which application threads were stopped: 0.0012902 seconds, Stopping threads took: 0.0004034 seconds
[2019-01-15T06:45:17.371+0000][3096][safepoint    ] Application time: 0.0051428 seconds
[2019-01-15T06:45:17.371+0000][3096][safepoint    ] Total time for which application threads were stopped: 0.0001289 seconds, Stopping threads took: 0.0000084 seconds
[2019-01-15T06:45:17.373+0000][3096][safepoint    ] Application time: 0.0010436 seconds
[2019-01-15T06:45:17.373+0000][3096][safepoint    ] Total time for which application threads were stopped: 0.0000690 seconds, Stopping threads took: 0.0000200 seconds
[2019-01-15T06:45:17.374+0000][3096][safepoint    ] Application time: 0.0009724 seconds
[2019-01-15T06:45:17.374+0000][3096][safepoint    ] Total time for which application threads were stopped: 0.0001107 seconds, Stopping threads took: 0.0000137 seconds
[2019-01-15T06:45:17.774+0000][3096][safepoint    ] Application time: 0.4005759 seconds
[2019-01-15T06:45:17.774+0000][3096][safepoint    ] Total time for which application threads were stopped: 0.0000816 seconds, Stopping threads took: 0.0000350 seconds
[2019-01-15T06:45:17.775+0000][3096][safepoint    ] Application time: 0.0003715 seconds
[2019-01-15T06:45:17.775+0000][3096][safepoint    ] Total time for which application threads were stopped: 0.0000288 seconds, Stopping threads took: 0.0000048 seconds
[2019-01-15T06:45:17.775+0000][3096][safepoint    ] Application time: 0.0001128 seconds
[2019-01-15T06:45:17.775+0000][3096][safepoint    ] Total time for which application threads were stopped: 0.0000244 seconds, Stopping threads took: 0.0000035 seconds
[2019-01-15T06:45:17.775+0000][3096][safepoint    ] Application time: 0.0001111 seconds
[2019-01-15T06:45:17.775+0000][3096][safepoint    ] Total time for which application threads were stopped: 0.0000231 seconds, Stopping threads took: 0.0000034 seconds
[2019-01-15T06:45:17.775+0000][3096][safepoint    ] Application time: 0.0001100 seconds
[2019-01-15T06:45:17.775+0000][3096][safepoint    ] Total time for which application threads were stopped: 0.0000227 seconds, Stopping threads took: 0.0000033 seconds
[2019-01-15T06:45:17.775+0000][3096][safepoint    ] Application time: 0.0001121 seconds
[2019-01-15T06:45:17.776+0000][3096][safepoint    ] Total time for which application threads were stopped: 0.0000226 seconds, Stopping threads took: 0.0000033 seconds
[2019-01-15T06:45:17.776+0000][3096][safepoint    ] Application time: 0.0001275 seconds
[2019-01-15T06:45:17.776+0000][3096][safepoint    ] Total time for which application threads were stopped: 0.0000235 seconds, Stopping threads took: 0.0000038 seconds
[2019-01-15T06:45:17.776+0000][3096][safepoint    ] Application time: 0.0001598 seconds
[2019-01-15T06:45:17.776+0000][3096][safepoint    ] Total time for which application threads were stopped: 0.0000227 seconds, Stopping threads took: 0.0000034 seconds
[2019-01-15T06:45:18.205+0000][3096][safepoint    ] Application time: 0.4292190 seconds
[2019-01-15T06:45:18.208+0000][3096][safepoint    ] Total time for which application threads were stopped: 0.0023690 seconds, Stopping threads took: 0.0019238 seconds
[2019-01-15T06:45:18.211+0000][3096][safepoint    ] Application time: 0.0025666 seconds
[2019-01-15T06:45:18.212+0000][3096][safepoint    ] Total time for which application threads were stopped: 0.0008522 seconds, Stopping threads took: 0.0000627 seconds
[2019-01-15T06:45:18.212+0000][3096][safepoint    ] Application time: 0.0003424 seconds
[2019-01-15T06:45:18.212+0000][3096][safepoint    ] Total time for which application threads were stopped: 0.0000601 seconds, Stopping threads took: 0.0000145 seconds
[2019-01-15T06:45:18.213+0000][3096][safepoint    ] Application time: 0.0005783 seconds
[2019-01-15T06:45:18.213+0000][3096][safepoint    ] Total time for which application threads were stopped: 0.0000423 seconds, Stopping threads took: 0.0000033 seconds
[2019-01-15T06:45:18.213+0000][3096][safepoint    ] Application time: 0.0004551 seconds
[2019-01-15T06:45:18.213+0000][3096][safepoint    ] Total time for which application threads were stopped: 0.0000436 seconds, Stopping threads took: 0.0000030 seconds
[2019-01-15T06:45:18.214+0000][3096][safepoint    ] Application time: 0.0003990 seconds
[2019-01-15T06:45:18.214+0000][3096][safepoint    ] Total time for which application threads were stopped: 0.0000413 seconds, Stopping threads took: 0.0000028 seconds
[2019-01-15T06:45:18.215+0000][3096][safepoint    ] Application time: 0.0009606 seconds
[2019-01-15T06:45:18.215+0000][3096][safepoint    ] Total time for which application threads were stopped: 0.0000438 seconds, Stopping threads took: 0.0000035 seconds
[2019-01-15T06:45:18.216+0000][3096][safepoint    ] Application time: 0.0013554 seconds
[2019-01-15T06:45:18.216+0000][3096][safepoint    ] Total time for which application threads were stopped: 0.0000378 seconds, Stopping threads took: 0.0000046 seconds
[2019-01-15T06:45:18.217+0000][3096][safepoint    ] Application time: 0.0008219 seconds
[2019-01-15T06:45:18.217+0000][3096][safepoint    ] Total time for which application threads were stopped: 0.0000299 seconds, Stopping threads took: 0.0000034 seconds
[2019-01-15T06:45:19.209+0000][3096][safepoint    ] Application time: 0.9918200 seconds
[2019-01-15T06:45:19.210+0000][3096][safepoint    ] Total time for which application threads were stopped: 0.0009269 seconds, Stopping threads took: 0.0007383 seconds
[2019-01-15T06:45:19.214+0000][3096][safepoint    ] Application time: 0.0043995 seconds
[2019-01-15T06:45:19.215+0000][3096][safepoint    ] Total time for which application threads were stopped: 0.0005865 seconds, Stopping threads took: 0.0000936 seconds
[2019-01-15T06:45:19.217+0000][3096][safepoint    ] Application time: 0.0017425 seconds
[2019-01-15T06:45:19.217+0000][3096][safepoint    ] Total time for which application threads were stopped: 0.0006736 seconds, Stopping threads took: 0.0001328 seconds
[2019-01-15T06:45:19.219+0000][3096][safepoint    ] Application time: 0.0019316 seconds
[2019-01-15T06:45:19.222+0000][3096][safepoint    ] Total time for which application threads were stopped: 0.0025617 seconds, Stopping threads took: 0.0018160 seconds
[2019-01-15T06:45:19.226+0000][3096][safepoint    ] Application time: 0.0038321 seconds
[2019-01-15T06:45:19.226+0000][3096][safepoint    ] Total time for which application threads were stopped: 0.0001050 seconds, Stopping threads took: 0.0000107 seconds
[2019-01-15T06:45:19.228+0000][3096][safepoint    ] Application time: 0.0015435 seconds
[2019-01-15T06:45:19.228+0000][3096][safepoint    ] Total time for which application threads were stopped: 0.0004993 seconds, Stopping threads took: 0.0000806 seconds
[2019-01-15T06:45:19.229+0000][3096][safepoint    ] Application time: 0.0007243 seconds
[2019-01-15T06:45:19.229+0000][3096][safepoint    ] Total time for which application threads were stopped: 0.0000976 seconds, Stopping threads took: 0.0000084 seconds
[2019-01-15T06:45:19.231+0000][3096][safepoint    ] Application time: 0.0016294 seconds
[2019-01-15T06:45:19.231+0000][3096][safepoint    ] Total time for which application threads were stopped: 0.0001325 seconds, Stopping threads took: 0.0000691 seconds
[2019-01-15T06:45:20.211+0000][3096][safepoint    ] Application time: 0.9797902 seconds
[2019-01-15T06:45:20.211+0000][3096][safepoint    ] Total time for which application threads were stopped: 0.0000536 seconds, Stopping threads took: 0.0000083 seconds
[2019-01-15T06:45:20.211+0000][3096][safepoint    ] Application time: 0.0002037 seconds
[2019-01-15T06:45:20.211+0000][3096][safepoint    ] Total time for which application threads were stopped: 0.0000399 seconds, Stopping threads took: 0.0000063 seconds
[2019-01-15T06:45:20.256+0000][3096][safepoint    ] Application time: 0.0446526 seconds
[2019-01-15T06:45:20.256+0000][3096][safepoint    ] Total time for which application threads were stopped: 0.0000593 seconds, Stopping threads took: 0.0000095 seconds
[2019-01-15T06:45:20.256+0000][3096][safepoint    ] Application time: 0.0000900 seconds
[2019-01-15T06:45:20.256+0000][3096][safepoint    ] Total time for which application threads were stopped: 0.0000364 seconds, Stopping threads took: 0.0000053 seconds
[2019-01-15T06:45:20.259+0000][3096][safepoint    ] Application time: 0.0026197 seconds
[2019-01-15T06:45:20.259+0000][3096][safepoint    ] Total time for which application threads were stopped: 0.0001090 seconds, Stopping threads took: 0.0000421 seconds
[2019-01-15T06:45:20.259+0000][3096][safepoint    ] Application time: 0.0000318 seconds
[2019-01-15T06:45:20.259+0000][3096][safepoint    ] Total time for which application threads were stopped: 0.0000240 seconds, Stopping threads took: 0.0000019 seconds
[2019-01-15T06:45:20.273+0000][3096][safepoint    ] Application time: 0.0142951 seconds
[2019-01-15T06:45:20.276+0000][3096][safepoint    ] Total time for which application threads were stopped: 0.0030932 seconds, Stopping threads took: 0.0030195 seconds
[2019-01-15T06:45:20.279+0000][3096][safepoint    ] Application time: 0.0027133 seconds
[2019-01-15T06:45:20.279+0000][3096][safepoint    ] Total time for which application threads were stopped: 0.0000573 seconds, Stopping threads took: 0.0000103 seconds
[2019-01-15T06:45:20.279+0000][3096][safepoint    ] Application time: 0.0002203 seconds
[2019-01-15T06:45:20.279+0000][3096][safepoint    ] Total time for which application threads were stopped: 0.0000908 seconds, Stopping threads took: 0.0000502 seconds
[2019-01-15T06:45:20.283+0000][3096][safepoint    ] Application time: 0.0037127 seconds
[2019-01-15T06:45:20.283+0000][3096][safepoint    ] Total time for which application threads were stopped: 0.0001171 seconds, Stopping threads took: 0.0000602 seconds
[2019-01-15T06:45:20.285+0000][3096][safepoint    ] Application time: 0.0019816 seconds
[2019-01-15T06:45:20.285+0000][3096][safepoint    ] Total time for which application threads were stopped: 0.0001107 seconds, Stopping threads took: 0.0000334 seconds
[2019-01-15T06:45:20.295+0000][3096][safepoint    ] Application time: 0.0098478 seconds
[2019-01-15T06:45:20.295+0000][3096][safepoint    ] Total time for which application threads were stopped: 0.0000780 seconds, Stopping threads took: 0.0000099 seconds
[2019-01-15T06:45:20.296+0000][3096][safepoint    ] Application time: 0.0001962 seconds
[2019-01-15T06:45:20.296+0000][3096][safepoint    ] Total time for which application threads were stopped: 0.0000368 seconds, Stopping threads took: 0.0000051 seconds
[2019-01-15T06:45:20.296+0000][3096][safepoint    ] Application time: 0.0001519 seconds
[2019-01-15T06:45:20.296+0000][3096][safepoint    ] Total time for which application threads were stopped: 0.0000549 seconds, Stopping threads took: 0.0000045 seconds
[2019-01-15T06:45:20.332+0000][3096][safepoint    ] Application time: 0.0358601 seconds
[2019-01-15T06:45:20.332+0000][3096][safepoint    ] Total time for which application threads were stopped: 0.0000850 seconds, Stopping threads took: 0.0000155 seconds
[2019-01-15T06:45:20.332+0000][3096][safepoint    ] Application time: 0.0000258 seconds
[2019-01-15T06:45:20.332+0000][3096][safepoint    ] Total time for which application threads were stopped: 0.0000384 seconds, Stopping threads took: 0.0000062 seconds
[2019-01-15T06:45:20.333+0000][3096][safepoint    ] Application time: 0.0013830 seconds
[2019-01-15T06:45:20.334+0000][3096][safepoint    ] Total time for which application threads were stopped: 0.0002769 seconds, Stopping threads took: 0.0002275 seconds
[2019-01-15T06:45:20.334+0000][3096][safepoint    ] Application time: 0.0006739 seconds
[2019-01-15T06:45:20.335+0000][3096][safepoint    ] Total time for which application threads were stopped: 0.0000720 seconds, Stopping threads took: 0.0000244 seconds
[2019-01-15T06:45:20.337+0000][3096][safepoint    ] Application time: 0.0022927 seconds
[2019-01-15T06:45:20.337+0000][3096][safepoint    ] Total time for which application threads were stopped: 0.0000636 seconds, Stopping threads took: 0.0000138 seconds
[2019-01-15T06:45:20.337+0000][3096][safepoint    ] Application time: 0.0000696 seconds
[2019-01-15T06:45:20.337+0000][3096][safepoint    ] Total time for which application threads were stopped: 0.0001367 seconds, Stopping threads took: 0.0001019 seconds
[2019-01-15T06:45:20.348+0000][3096][safepoint    ] Application time: 0.0110976 seconds
[2019-01-15T06:45:20.348+0000][3096][safepoint    ] Total time for which application threads were stopped: 0.0000515 seconds, Stopping threads took: 0.0000169 seconds
[2019-01-15T06:45:20.366+0000][3096][safepoint    ] Application time: 0.0177125 seconds
[2019-01-15T06:45:20.366+0000][3096][safepoint    ] Total time for which application threads were stopped: 0.0000585 seconds, Stopping threads took: 0.0000172 seconds
[2019-01-15T06:45:20.366+0000][3096][safepoint    ] Application time: 0.0000422 seconds
[2019-01-15T06:45:20.366+0000][3096][safepoint    ] Total time for which application threads were stopped: 0.0000250 seconds, Stopping threads took: 0.0000067 seconds
[2019-01-15T06:45:20.366+0000][3096][safepoint    ] Application time: 0.0000197 seconds
[2019-01-15T06:45:20.366+0000][3096][safepoint    ] Total time for which application threads were stopped: 0.0000232 seconds, Stopping threads took: 0.0000060 seconds
[2019-01-15T06:45:20.367+0000][3096][safepoint    ] Application time: 0.0005188 seconds
[2019-01-15T06:45:20.367+0000][3096][safepoint    ] Total time for which application threads were stopped: 0.0000534 seconds, Stopping threads took: 0.0000268 seconds
[2019-01-15T06:45:20.370+0000][3096][safepoint    ] Application time: 0.0028422 seconds
[2019-01-15T06:45:20.370+0000][3096][safepoint    ] Total time for which application threads were stopped: 0.0001017 seconds, Stopping threads took: 0.0000155 seconds
[2019-01-15T06:45:20.370+0000][3096][safepoint    ] Application time: 0.0000415 seconds
[2019-01-15T06:45:20.370+0000][3096][safepoint    ] Total time for which application threads were stopped: 0.0000313 seconds, Stopping threads took: 0.0000086 seconds
[2019-01-15T06:45:20.371+0000][3096][safepoint    ] Application time: 0.0014057 seconds
[2019-01-15T06:45:20.371+0000][3096][safepoint    ] Total time for which application threads were stopped: 0.0000398 seconds, Stopping threads took: 0.0000120 seconds
[2019-01-15T06:45:20.371+0000][3096][safepoint    ] Application time: 0.0000338 seconds
[2019-01-15T06:45:20.371+0000][3096][safepoint    ] Total time for which application threads were stopped: 0.0000299 seconds, Stopping threads took: 0.0000083 seconds
[2019-01-15T06:45:20.388+0000][3096][safepoint    ] Application time: 0.0164694 seconds
[2019-01-15T06:45:20.388+0000][3096][safepoint    ] Total time for which application threads were stopped: 0.0000659 seconds, Stopping threads took: 0.0000103 seconds
[2019-01-15T06:45:20.449+0000][3096][safepoint    ] Application time: 0.0611462 seconds
[2019-01-15T06:45:20.449+0000][3096][gc,start     ] GC(21) Pause Young (Allocation Failure)
[2019-01-15T06:45:20.449+0000][3096][gc,task      ] GC(21) Using 2 workers of 2 for evacuation
[2019-01-15T06:45:20.469+0000][3096][gc,age       ] GC(21) Desired survivor size 4456448 bytes, new threshold 1 (max threshold 6)
[2019-01-15T06:45:20.469+0000][3096][gc,age       ] GC(21) Age table with threshold 1 (max threshold 6)
[2019-01-15T06:45:20.469+0000][3096][gc,age       ] GC(21) - age   1:    6484272 bytes,    6484272 total
[2019-01-15T06:45:20.469+0000][3096][gc,age       ] GC(21) - age   2:    2428480 bytes,    8912752 total
[2019-01-15T06:45:20.469+0000][3096][gc,heap      ] GC(21) ParNew: 76550K->8704K(78656K)
[2019-01-15T06:45:20.469+0000][3096][gc,heap      ] GC(21) CMS: 50933K->53819K(174784K)
[2019-01-15T06:45:20.470+0000][3096][gc,metaspace ] GC(21) Metaspace: 70936K->70936K(1114112K)
[2019-01-15T06:45:20.470+0000][3096][gc           ] GC(21) Pause Young (Allocation Failure) 124M->61M(247M) 20.136ms
[2019-01-15T06:45:20.470+0000][3096][gc,cpu       ] GC(21) User=0.03s Sys=0.00s Real=0.02s
[2019-01-15T06:45:20.470+0000][3096][safepoint    ] Total time for which application threads were stopped: 0.0203391 seconds, Stopping threads took: 0.0000765 seconds
[2019-01-15T06:45:20.631+0000][3096][safepoint    ] Application time: 0.1611499 seconds
[2019-01-15T06:45:20.631+0000][3096][safepoint    ] Total time for which application threads were stopped: 0.0000622 seconds, Stopping threads took: 0.0000162 seconds
[2019-01-15T06:45:20.631+0000][3096][safepoint    ] Application time: 0.0000258 seconds
[2019-01-15T06:45:20.631+0000][3096][safepoint    ] Total time for which application threads were stopped: 0.0000665 seconds, Stopping threads took: 0.0000376 seconds
[2019-01-15T06:45:20.726+0000][3096][safepoint    ] Application time: 0.0946756 seconds
[2019-01-15T06:45:20.726+0000][3096][safepoint    ] Total time for which application threads were stopped: 0.0000543 seconds, Stopping threads took: 0.0000158 seconds
[2019-01-15T06:45:20.739+0000][3096][safepoint    ] Application time: 0.0128192 seconds
[2019-01-15T06:45:20.739+0000][3096][safepoint    ] Total time for which application threads were stopped: 0.0000874 seconds, Stopping threads took: 0.0000392 seconds
[2019-01-15T06:45:20.739+0000][3096][safepoint    ] Application time: 0.0000688 seconds
[2019-01-15T06:45:20.739+0000][3096][safepoint    ] Total time for which application threads were stopped: 0.0002355 seconds, Stopping threads took: 0.0001863 seconds
[2019-01-15T06:45:20.751+0000][3096][safepoint    ] Application time: 0.0122894 seconds
[2019-01-15T06:45:20.754+0000][3096][safepoint    ] Total time for which application threads were stopped: 0.0029274 seconds, Stopping threads took: 0.0028549 seconds
[2019-01-15T06:45:20.762+0000][3096][safepoint    ] Application time: 0.0074519 seconds
[2019-01-15T06:45:20.765+0000][3096][gc,start     ] GC(22) Pause Young (Allocation Failure)
[2019-01-15T06:45:20.765+0000][3096][gc,task      ] GC(22) Using 2 workers of 2 for evacuation
[2019-01-15T06:45:20.826+0000][3096][gc,age       ] GC(22) Desired survivor size 4456448 bytes, new threshold 1 (max threshold 6)
[2019-01-15T06:45:20.826+0000][3096][gc,age       ] GC(22) Age table with threshold 1 (max threshold 6)
[2019-01-15T06:45:20.826+0000][3096][gc,age       ] GC(22) - age   1:    8912832 bytes,    8912832 total
[2019-01-15T06:45:20.826+0000][3096][gc,heap      ] GC(22) ParNew: 78656K->8704K(78656K)
[2019-01-15T06:45:20.826+0000][3096][gc,heap      ] GC(22) CMS: 53819K->78855K(174784K)
[2019-01-15T06:45:20.826+0000][3096][gc,metaspace ] GC(22) Metaspace: 72130K->72130K(1116160K)
[2019-01-15T06:45:20.826+0000][3096][gc           ] GC(22) Pause Young (Allocation Failure) 129M->85M(247M) 61.415ms
[2019-01-15T06:45:20.826+0000][3096][gc,cpu       ] GC(22) User=0.11s Sys=0.00s Real=0.06s
[2019-01-15T06:45:20.826+0000][3096][safepoint    ] Total time for which application threads were stopped: 0.0645703 seconds, Stopping threads took: 0.0030284 seconds
[2019-01-15T06:45:20.828+0000][3096][safepoint    ] Application time: 0.0014223 seconds
[2019-01-15T06:45:20.828+0000][3096][safepoint    ] Total time for which application threads were stopped: 0.0004623 seconds, Stopping threads took: 0.0003980 seconds
[2019-01-15T06:45:20.829+0000][3096][safepoint    ] Application time: 0.0008246 seconds
[2019-01-15T06:45:20.829+0000][3096][safepoint    ] Total time for which application threads were stopped: 0.0001082 seconds, Stopping threads took: 0.0000102 seconds
[2019-01-15T06:45:20.830+0000][3096][safepoint    ] Application time: 0.0007904 seconds
[2019-01-15T06:45:20.830+0000][3096][safepoint    ] Total time for which application threads were stopped: 0.0003449 seconds, Stopping threads took: 0.0000720 seconds
[2019-01-15T06:45:20.833+0000][3096][safepoint    ] Application time: 0.0024307 seconds
[2019-01-15T06:45:20.833+0000][3096][safepoint    ] Total time for which application threads were stopped: 0.0001174 seconds, Stopping threads took: 0.0000553 seconds
[2019-01-15T06:45:20.837+0000][3096][safepoint    ] Application time: 0.0037306 seconds
[2019-01-15T06:45:20.837+0000][3096][safepoint    ] Total time for which application threads were stopped: 0.0001271 seconds, Stopping threads took: 0.0000791 seconds
[2019-01-15T06:45:20.854+0000][3096][safepoint    ] Application time: 0.0167315 seconds
[2019-01-15T06:45:20.854+0000][3096][safepoint    ] Total time for which application threads were stopped: 0.0003696 seconds, Stopping threads took: 0.0003102 seconds
[2019-01-15T06:45:20.854+0000][3096][safepoint    ] Application time: 0.0002201 seconds
[2019-01-15T06:45:20.855+0000][3096][safepoint    ] Total time for which application threads were stopped: 0.0002958 seconds, Stopping threads took: 0.0000047 seconds
[2019-01-15T06:45:20.855+0000][3096][safepoint    ] Application time: 0.0000608 seconds
[2019-01-15T06:45:20.855+0000][3096][safepoint    ] Total time for which application threads were stopped: 0.0002969 seconds, Stopping threads took: 0.0000508 seconds
[2019-01-15T06:45:20.860+0000][3096][safepoint    ] Application time: 0.0054222 seconds
[2019-01-15T06:45:20.861+0000][3096][safepoint    ] Total time for which application threads were stopped: 0.0001279 seconds, Stopping threads took: 0.0000353 seconds
[2019-01-15T06:45:20.886+0000][3096][safepoint    ] Application time: 0.0253526 seconds
[2019-01-15T06:45:20.886+0000][3096][safepoint    ] Total time for which application threads were stopped: 0.0000744 seconds, Stopping threads took: 0.0000108 seconds
[2019-01-15T06:45:20.898+0000][3096][safepoint    ] Application time: 0.0119542 seconds
[2019-01-15T06:45:20.899+0000][3096][safepoint    ] Total time for which application threads were stopped: 0.0009253 seconds, Stopping threads took: 0.0008650 seconds
[2019-01-15T06:45:20.899+0000][3096][safepoint    ] Application time: 0.0003184 seconds
[2019-01-15T06:45:20.899+0000][3096][safepoint    ] Total time for which application threads were stopped: 0.0000555 seconds, Stopping threads took: 0.0000139 seconds
[2019-01-15T06:45:20.916+0000][3096][safepoint    ] Application time: 0.0161818 seconds
[2019-01-15T06:45:20.916+0000][3096][safepoint    ] Total time for which application threads were stopped: 0.0001539 seconds, Stopping threads took: 0.0000676 seconds
[2019-01-15T06:45:20.916+0000][3096][safepoint    ] Application time: 0.0002302 seconds
[2019-01-15T06:45:20.919+0000][3096][safepoint    ] Total time for which application threads were stopped: 0.0028720 seconds, Stopping threads took: 0.0027939 seconds
[2019-01-15T06:45:20.919+0000][3096][safepoint    ] Application time: 0.0000391 seconds
[2019-01-15T06:45:20.919+0000][3096][safepoint    ] Total time for which application threads were stopped: 0.0000419 seconds, Stopping threads took: 0.0000097 seconds
[2019-01-15T06:45:20.921+0000][3096][safepoint    ] Application time: 0.0024468 seconds
[2019-01-15T06:45:20.922+0000][3096][safepoint    ] Total time for which application threads were stopped: 0.0000850 seconds, Stopping threads took: 0.0000251 seconds
[2019-01-15T06:45:20.930+0000][3096][safepoint    ] Application time: 0.0087679 seconds
[2019-01-15T06:45:20.930+0000][3096][safepoint    ] Total time for which application threads were stopped: 0.0000771 seconds, Stopping threads took: 0.0000153 seconds
[2019-01-15T06:45:20.999+0000][3096][safepoint    ] Application time: 0.0687724 seconds
[2019-01-15T06:45:21.000+0000][3096][safepoint    ] Total time for which application threads were stopped: 0.0005918 seconds, Stopping threads took: 0.0000203 seconds
[2019-01-15T06:45:21.133+0000][3096][safepoint    ] Application time: 0.1330075 seconds
[2019-01-15T06:45:21.133+0000][3096][safepoint    ] Total time for which application threads were stopped: 0.0001073 seconds, Stopping threads took: 0.0000161 seconds
[2019-01-15T06:45:21.136+0000][3096][safepoint    ] Application time: 0.0028478 seconds
[2019-01-15T06:45:21.136+0000][3096][safepoint    ] Total time for which application threads were stopped: 0.0000656 seconds, Stopping threads took: 0.0000188 seconds
[2019-01-15T06:45:21.146+0000][3096][safepoint    ] Application time: 0.0103763 seconds
[2019-01-15T06:45:21.147+0000][3096][safepoint    ] Total time for which application threads were stopped: 0.0000506 seconds, Stopping threads took: 0.0000162 seconds
[2019-01-15T06:45:21.151+0000][3096][safepoint    ] Application time: 0.0044383 seconds
[2019-01-15T06:45:21.151+0000][3096][safepoint    ] Total time for which application threads were stopped: 0.0000535 seconds, Stopping threads took: 0.0000158 seconds
[2019-01-15T06:45:21.152+0000][3096][safepoint    ] Application time: 0.0005846 seconds
[2019-01-15T06:45:21.152+0000][3096][safepoint    ] Total time for which application threads were stopped: 0.0000479 seconds, Stopping threads took: 0.0000140 seconds
[2019-01-15T06:45:21.177+0000][3096][safepoint    ] Application time: 0.0251600 seconds
[2019-01-15T06:45:21.177+0000][3096][safepoint    ] Total time for which application threads were stopped: 0.0000990 seconds, Stopping threads took: 0.0000170 seconds
[2019-01-15T06:45:21.177+0000][3096][safepoint    ] Application time: 0.0000640 seconds
[2019-01-15T06:45:21.177+0000][3096][safepoint    ] Total time for which application threads were stopped: 0.0000371 seconds, Stopping threads took: 0.0000100 seconds
[2019-01-15T06:45:21.178+0000][3096][safepoint    ] Application time: 0.0002296 seconds
[2019-01-15T06:45:21.178+0000][3096][safepoint    ] Total time for which application threads were stopped: 0.0000338 seconds, Stopping threads took: 0.0000097 seconds
[2019-01-15T06:45:21.180+0000][3096][safepoint    ] Application time: 0.0028750 seconds
[2019-01-15T06:45:21.181+0000][3096][safepoint    ] Total time for which application threads were stopped: 0.0004893 seconds, Stopping threads took: 0.0000174 seconds
[2019-01-15T06:45:21.182+0000][3096][safepoint    ] Application time: 0.0013823 seconds
[2019-01-15T06:45:21.182+0000][3096][safepoint    ] Total time for which application threads were stopped: 0.0000576 seconds, Stopping threads took: 0.0000155 seconds
[2019-01-15T06:45:21.186+0000][3096][safepoint    ] Application time: 0.0031048 seconds
[2019-01-15T06:45:21.186+0000][3096][safepoint    ] Total time for which application threads were stopped: 0.0006143 seconds, Stopping threads took: 0.0005121 seconds
[2019-01-15T06:45:21.190+0000][3096][safepoint    ] Application time: 0.0038821 seconds
[2019-01-15T06:45:21.190+0000][3096][safepoint    ] Total time for which application threads were stopped: 0.0000969 seconds, Stopping threads took: 0.0000187 seconds
[2019-01-15T06:45:21.190+0000][3096][safepoint    ] Application time: 0.0000248 seconds
[2019-01-15T06:45:21.190+0000][3096][safepoint    ] Total time for which application threads were stopped: 0.0000263 seconds, Stopping threads took: 0.0000069 seconds
[2019-01-15T06:45:21.190+0000][3096][safepoint    ] Application time: 0.0000181 seconds
[2019-01-15T06:45:21.190+0000][3096][safepoint    ] Total time for which application threads were stopped: 0.0000222 seconds, Stopping threads took: 0.0000060 seconds
[2019-01-15T06:45:21.190+0000][3096][safepoint    ] Application time: 0.0000133 seconds
[2019-01-15T06:45:21.190+0000][3096][safepoint    ] Total time for which application threads were stopped: 0.0000214 seconds, Stopping threads took: 0.0000059 seconds
[2019-01-15T06:45:21.190+0000][3096][safepoint    ] Application time: 0.0000138 seconds
[2019-01-15T06:45:21.191+0000][3096][safepoint    ] Total time for which application threads were stopped: 0.0000215 seconds, Stopping threads took: 0.0000059 seconds
[2019-01-15T06:45:21.191+0000][3096][safepoint    ] Application time: 0.0000143 seconds
[2019-01-15T06:45:21.191+0000][3096][safepoint    ] Total time for which application threads were stopped: 0.0000217 seconds, Stopping threads took: 0.0000060 seconds
[2019-01-15T06:45:21.191+0000][3096][safepoint    ] Application time: 0.0000130 seconds
[2019-01-15T06:45:21.191+0000][3096][safepoint    ] Total time for which application threads were stopped: 0.0000213 seconds, Stopping threads took: 0.0000058 seconds
[2019-01-15T06:45:21.191+0000][3096][safepoint    ] Application time: 0.0000133 seconds
[2019-01-15T06:45:21.191+0000][3096][safepoint    ] Total time for which application threads were stopped: 0.0000217 seconds, Stopping threads took: 0.0000060 seconds
[2019-01-15T06:45:21.209+0000][3096][safepoint    ] Application time: 0.0185152 seconds
[2019-01-15T06:45:21.210+0000][3096][safepoint    ] Total time for which application threads were stopped: 0.0001949 seconds, Stopping threads took: 0.0001238 seconds
[2019-01-15T06:45:21.219+0000][3096][safepoint    ] Application time: 0.0090430 seconds
[2019-01-15T06:45:21.219+0000][3096][safepoint    ] Total time for which application threads were stopped: 0.0000871 seconds, Stopping threads took: 0.0000272 seconds
[2019-01-15T06:45:21.219+0000][3096][safepoint    ] Application time: 0.0000266 seconds
[2019-01-15T06:45:21.219+0000][3096][safepoint    ] Total time for which application threads were stopped: 0.0000272 seconds, Stopping threads took: 0.0000065 seconds
[2019-01-15T06:45:21.219+0000][3096][safepoint    ] Application time: 0.0000195 seconds
[2019-01-15T06:45:21.219+0000][3096][safepoint    ] Total time for which application threads were stopped: 0.0000251 seconds, Stopping threads took: 0.0000063 seconds
[2019-01-15T06:45:21.221+0000][3096][safepoint    ] Application time: 0.0017685 seconds
[2019-01-15T06:45:21.221+0000][3096][safepoint    ] Total time for which application threads were stopped: 0.0000647 seconds, Stopping threads took: 0.0000191 seconds
[2019-01-15T06:45:21.221+0000][3096][safepoint    ] Application time: 0.0002268 seconds
[2019-01-15T06:45:21.221+0000][3096][safepoint    ] Total time for which application threads were stopped: 0.0000534 seconds, Stopping threads took: 0.0000090 seconds
[2019-01-15T06:45:21.231+0000][3096][safepoint    ] Application time: 0.0099382 seconds
[2019-01-15T06:45:21.231+0000][3096][safepoint    ] Total time for which application threads were stopped: 0.0000885 seconds, Stopping threads took: 0.0000428 seconds
[2019-01-15T06:45:21.232+0000][3096][safepoint    ] Application time: 0.0004616 seconds
[2019-01-15T06:45:21.232+0000][3096][safepoint    ] Total time for which application threads were stopped: 0.0000458 seconds, Stopping threads took: 0.0000137 seconds
[2019-01-15T06:45:21.238+0000][3096][safepoint    ] Application time: 0.0065895 seconds
[2019-01-15T06:45:21.238+0000][3096][safepoint    ] Total time for which application threads were stopped: 0.0000722 seconds, Stopping threads took: 0.0000159 seconds
[2019-01-15T06:45:21.241+0000][3096][safepoint    ] Application time: 0.0024439 seconds
[2019-01-15T06:45:21.241+0000][3096][safepoint    ] Total time for which application threads were stopped: 0.0000557 seconds, Stopping threads took: 0.0000176 seconds
[2019-01-15T06:45:21.249+0000][3096][safepoint    ] Application time: 0.0080841 seconds
[2019-01-15T06:45:21.249+0000][3096][safepoint    ] Total time for which application threads were stopped: 0.0001003 seconds, Stopping threads took: 0.0000216 seconds
[2019-01-15T06:45:21.254+0000][3096][safepoint    ] Application time: 0.0044184 seconds
[2019-01-15T06:45:21.254+0000][3096][safepoint    ] Total time for which application threads were stopped: 0.0000875 seconds, Stopping threads took: 0.0000179 seconds
[2019-01-15T06:45:21.254+0000][3096][safepoint    ] Application time: 0.0000457 seconds
[2019-01-15T06:45:21.254+0000][3096][safepoint    ] Total time for which application threads were stopped: 0.0000747 seconds, Stopping threads took: 0.0000119 seconds
[2019-01-15T06:45:21.254+0000][3096][safepoint    ] Application time: 0.0000989 seconds
[2019-01-15T06:45:21.254+0000][3096][safepoint    ] Total time for which application threads were stopped: 0.0002826 seconds, Stopping threads took: 0.0000076 seconds
[2019-01-15T06:45:21.254+0000][3096][safepoint    ] Application time: 0.0001164 seconds
[2019-01-15T06:45:21.255+0000][3096][safepoint    ] Total time for which application threads were stopped: 0.0001840 seconds, Stopping threads took: 0.0000280 seconds
[2019-01-15T06:45:21.255+0000][3096][safepoint    ] Application time: 0.0002220 seconds
[2019-01-15T06:45:21.255+0000][3096][safepoint    ] Total time for which application threads were stopped: 0.0000838 seconds, Stopping threads took: 0.0000507 seconds
[2019-01-15T06:45:21.255+0000][3096][safepoint    ] Application time: 0.0000762 seconds
[2019-01-15T06:45:21.255+0000][3096][safepoint    ] Total time for which application threads were stopped: 0.0000335 seconds, Stopping threads took: 0.0000091 seconds
[2019-01-15T06:45:21.255+0000][3096][safepoint    ] Application time: 0.0000453 seconds
[2019-01-15T06:45:21.255+0000][3096][safepoint    ] Total time for which application threads were stopped: 0.0000378 seconds, Stopping threads took: 0.0000140 seconds
[2019-01-15T06:45:21.255+0000][3096][safepoint    ] Application time: 0.0000677 seconds
[2019-01-15T06:45:21.255+0000][3096][safepoint    ] Total time for which application threads were stopped: 0.0000651 seconds, Stopping threads took: 0.0000385 seconds
[2019-01-15T06:45:21.256+0000][3096][safepoint    ] Application time: 0.0001279 seconds
[2019-01-15T06:45:21.256+0000][3096][safepoint    ] Total time for which application threads were stopped: 0.0000525 seconds, Stopping threads took: 0.0000092 seconds
[2019-01-15T06:45:21.256+0000][3096][safepoint    ] Application time: 0.0000215 seconds
[2019-01-15T06:45:21.256+0000][3096][safepoint    ] Total time for which application threads were stopped: 0.0000738 seconds, Stopping threads took: 0.0000458 seconds
[2019-01-15T06:45:21.256+0000][3096][safepoint    ] Application time: 0.0000584 seconds
[2019-01-15T06:45:21.256+0000][3096][safepoint    ] Total time for which application threads were stopped: 0.0000654 seconds, Stopping threads took: 0.0000396 seconds
[2019-01-15T06:45:21.256+0000][3096][safepoint    ] Application time: 0.0000604 seconds
[2019-01-15T06:45:21.256+0000][3096][safepoint    ] Total time for which application threads were stopped: 0.0000636 seconds, Stopping threads took: 0.0000384 seconds
[2019-01-15T06:45:21.256+0000][3096][safepoint    ] Application time: 0.0001726 seconds
[2019-01-15T06:45:21.256+0000][3096][safepoint    ] Total time for which application threads were stopped: 0.0000668 seconds, Stopping threads took: 0.0000095 seconds
[2019-01-15T06:45:21.256+0000][3096][safepoint    ] Application time: 0.0001596 seconds
[2019-01-15T06:45:21.257+0000][3096][safepoint    ] Total time for which application threads were stopped: 0.0000696 seconds, Stopping threads took: 0.0000419 seconds
[2019-01-15T06:45:21.257+0000][3096][safepoint    ] Application time: 0.0001200 seconds
[2019-01-15T06:45:21.257+0000][3096][safepoint    ] Total time for which application threads were stopped: 0.0000941 seconds, Stopping threads took: 0.0000519 seconds
[2019-01-15T06:45:21.257+0000][3096][safepoint    ] Application time: 0.0000418 seconds
[2019-01-15T06:45:21.257+0000][3096][safepoint    ] Total time for which application threads were stopped: 0.0000642 seconds, Stopping threads took: 0.0000383 seconds
[2019-01-15T06:45:21.257+0000][3096][safepoint    ] Application time: 0.0000599 seconds
[2019-01-15T06:45:21.257+0000][3096][safepoint    ] Total time for which application threads were stopped: 0.0000309 seconds, Stopping threads took: 0.0000084 seconds
[2019-01-15T06:45:21.257+0000][3096][safepoint    ] Application time: 0.0002742 seconds
[2019-01-15T06:45:21.257+0000][3096][safepoint    ] Total time for which application threads were stopped: 0.0000366 seconds, Stopping threads took: 0.0000099 seconds
[2019-01-15T06:45:21.257+0000][3096][safepoint    ] Application time: 0.0000438 seconds
[2019-01-15T06:45:21.257+0000][3096][safepoint    ] Total time for which application threads were stopped: 0.0000513 seconds, Stopping threads took: 0.0000091 seconds
[2019-01-15T06:45:21.257+0000][3096][safepoint    ] Application time: 0.0000194 seconds
[2019-01-15T06:45:21.258+0000][3096][safepoint    ] Total time for which application threads were stopped: 0.0000385 seconds, Stopping threads took: 0.0000194 seconds
[2019-01-15T06:45:21.258+0000][3096][safepoint    ] Application time: 0.0000177 seconds
[2019-01-15T06:45:21.258+0000][3096][safepoint    ] Total time for which application threads were stopped: 0.0000262 seconds, Stopping threads took: 0.0000060 seconds
[2019-01-15T06:45:21.258+0000][3096][safepoint    ] Application time: 0.0000181 seconds
[2019-01-15T06:45:21.258+0000][3096][safepoint    ] Total time for which application threads were stopped: 0.0000270 seconds, Stopping threads took: 0.0000062 seconds
[2019-01-15T06:45:21.258+0000][3096][safepoint    ] Application time: 0.0001748 seconds
[2019-01-15T06:45:21.258+0000][3096][safepoint    ] Total time for which application threads were stopped: 0.0000344 seconds, Stopping threads took: 0.0000094 seconds
[2019-01-15T06:45:21.258+0000][3096][safepoint    ] Application time: 0.0000918 seconds
[2019-01-15T06:45:21.258+0000][3096][safepoint    ] Total time for which application threads were stopped: 0.0000429 seconds, Stopping threads took: 0.0000078 seconds
[2019-01-15T06:45:21.258+0000][3096][safepoint    ] Application time: 0.0000738 seconds
[2019-01-15T06:45:21.258+0000][3096][safepoint    ] Total time for which application threads were stopped: 0.0000284 seconds, Stopping threads took: 0.0000071 seconds
[2019-01-15T06:45:21.258+0000][3096][safepoint    ] Application time: 0.0000203 seconds
[2019-01-15T06:45:21.258+0000][3096][safepoint    ] Total time for which application threads were stopped: 0.0000253 seconds, Stopping threads took: 0.0000062 seconds
[2019-01-15T06:45:21.258+0000][3096][safepoint    ] Application time: 0.0000527 seconds
[2019-01-15T06:45:21.258+0000][3096][safepoint    ] Total time for which application threads were stopped: 0.0001121 seconds, Stopping threads took: 0.0000834 seconds
[2019-01-15T06:45:21.260+0000][3096][safepoint    ] Application time: 0.0012599 seconds
[2019-01-15T06:45:21.260+0000][3096][safepoint    ] Total time for which application threads were stopped: 0.0001025 seconds, Stopping threads took: 0.0000603 seconds
[2019-01-15T06:45:21.263+0000][3096][safepoint    ] Application time: 0.0036143 seconds
[2019-01-15T06:45:21.264+0000][3096][safepoint    ] Total time for which application threads were stopped: 0.0001140 seconds, Stopping threads took: 0.0000088 seconds
[2019-01-15T06:45:21.267+0000][3096][safepoint    ] Application time: 0.0029842 seconds
[2019-01-15T06:45:21.267+0000][3096][safepoint    ] Total time for which application threads were stopped: 0.0001450 seconds, Stopping threads took: 0.0000235 seconds
[2019-01-15T06:45:21.267+0000][3096][safepoint    ] Application time: 0.0002332 seconds
[2019-01-15T06:45:21.267+0000][3096][safepoint    ] Total time for which application threads were stopped: 0.0000321 seconds, Stopping threads took: 0.0000048 seconds
[2019-01-15T06:45:21.267+0000][3096][safepoint    ] Application time: 0.0000799 seconds
[2019-01-15T06:45:21.267+0000][3096][safepoint    ] Total time for which application threads were stopped: 0.0000732 seconds, Stopping threads took: 0.0000043 seconds
[2019-01-15T06:45:21.267+0000][3096][safepoint    ] Application time: 0.0000615 seconds
[2019-01-15T06:45:21.267+0000][3096][safepoint    ] Total time for which application threads were stopped: 0.0000272 seconds, Stopping threads took: 0.0000041 seconds
[2019-01-15T06:45:21.268+0000][3096][safepoint    ] Application time: 0.0002736 seconds
[2019-01-15T06:45:21.268+0000][3096][safepoint    ] Total time for which application threads were stopped: 0.0000976 seconds, Stopping threads took: 0.0000048 seconds
[2019-01-15T06:45:21.269+0000][3096][safepoint    ] Application time: 0.0008872 seconds
[2019-01-15T06:45:21.269+0000][3096][safepoint    ] Total time for which application threads were stopped: 0.0000516 seconds, Stopping threads took: 0.0000071 seconds
[2019-01-15T06:45:21.269+0000][3096][safepoint    ] Application time: 0.0000677 seconds
[2019-01-15T06:45:21.269+0000][3096][safepoint    ] Total time for which application threads were stopped: 0.0000282 seconds, Stopping threads took: 0.0000046 seconds
[2019-01-15T06:45:21.269+0000][3096][safepoint    ] Application time: 0.0000573 seconds
[2019-01-15T06:45:21.269+0000][3096][safepoint    ] Total time for which application threads were stopped: 0.0002160 seconds, Stopping threads took: 0.0000045 seconds
[2019-01-15T06:45:21.327+0000][3096][safepoint    ] Application time: 0.0579353 seconds
[2019-01-15T06:45:21.327+0000][3096][safepoint    ] Total time for which application threads were stopped: 0.0000536 seconds, Stopping threads took: 0.0000096 seconds
[2019-01-15T06:45:21.339+0000][3096][safepoint    ] Application time: 0.0115724 seconds
[2019-01-15T06:45:21.339+0000][3096][safepoint    ] Total time for which application threads were stopped: 0.0000580 seconds, Stopping threads took: 0.0000124 seconds
[2019-01-15T06:45:21.387+0000][3096][safepoint    ] Application time: 0.0478186 seconds
[2019-01-15T06:45:21.387+0000][3096][safepoint    ] Total time for which application threads were stopped: 0.0000814 seconds, Stopping threads took: 0.0000235 seconds
[2019-01-15T06:45:21.397+0000][3096][safepoint    ] Application time: 0.0099928 seconds
[2019-01-15T06:45:21.397+0000][3096][gc,start     ] GC(23) Pause Young (Allocation Failure)
[2019-01-15T06:45:21.397+0000][3096][gc,task      ] GC(23) Using 2 workers of 2 for evacuation
[2019-01-15T06:45:21.417+0000][3096][gc,age       ] GC(23) Desired survivor size 4456448 bytes, new threshold 6 (max threshold 6)
[2019-01-15T06:45:21.417+0000][3096][gc,age       ] GC(23) Age table with threshold 6 (max threshold 6)
[2019-01-15T06:45:21.417+0000][3096][gc,age       ] GC(23) - age   1:    1592888 bytes,    1592888 total
[2019-01-15T06:45:21.417+0000][3096][gc,heap      ] GC(23) ParNew: 78656K->8472K(78656K)
[2019-01-15T06:45:21.417+0000][3096][gc,heap      ] GC(23) CMS: 78855K->87565K(174784K)
[2019-01-15T06:45:21.417+0000][3096][gc,metaspace ] GC(23) Metaspace: 75632K->75632K(1118208K)
[2019-01-15T06:45:21.417+0000][3096][gc           ] GC(23) Pause Young (Allocation Failure) 153M->93M(247M) 20.237ms
[2019-01-15T06:45:21.417+0000][3096][gc,cpu       ] GC(23) User=0.04s Sys=0.00s Real=0.02s
[2019-01-15T06:45:21.417+0000][3096][safepoint    ] Total time for which application threads were stopped: 0.0204245 seconds, Stopping threads took: 0.0000458 seconds
[2019-01-15T06:45:21.501+0000][3096][safepoint    ] Application time: 0.0835335 seconds
[2019-01-15T06:45:21.501+0000][3096][safepoint    ] Total time for which application threads were stopped: 0.0000954 seconds, Stopping threads took: 0.0000280 seconds
[2019-01-15T06:45:21.504+0000][3096][safepoint    ] Application time: 0.0031521 seconds
[2019-01-15T06:45:21.504+0000][3096][safepoint    ] Total time for which application threads were stopped: 0.0000537 seconds, Stopping threads took: 0.0000105 seconds
[2019-01-15T06:45:21.504+0000][3096][safepoint    ] Application time: 0.0000473 seconds
[2019-01-15T06:45:21.504+0000][3096][safepoint    ] Total time for which application threads were stopped: 0.0000561 seconds, Stopping threads took: 0.0000134 seconds
[2019-01-15T06:45:21.505+0000][3096][safepoint    ] Application time: 0.0007935 seconds
[2019-01-15T06:45:21.505+0000][3096][safepoint    ] Total time for which application threads were stopped: 0.0000450 seconds, Stopping threads took: 0.0000145 seconds
[2019-01-15T06:45:21.517+0000][3096][safepoint    ] Application time: 0.0116922 seconds
[2019-01-15T06:45:21.517+0000][3096][safepoint    ] Total time for which application threads were stopped: 0.0002272 seconds, Stopping threads took: 0.0001541 seconds
[2019-01-15T06:45:21.519+0000][3096][safepoint    ] Application time: 0.0022220 seconds
[2019-01-15T06:45:21.520+0000][3096][safepoint    ] Total time for which application threads were stopped: 0.0002337 seconds, Stopping threads took: 0.0001847 seconds
[2019-01-15T06:45:21.528+0000][3096][safepoint    ] Application time: 0.0081677 seconds
[2019-01-15T06:45:21.535+0000][3096][safepoint    ] Total time for which application threads were stopped: 0.0072997 seconds, Stopping threads took: 0.0063077 seconds
[2019-01-15T06:45:21.539+0000][3096][safepoint    ] Application time: 0.0034174 seconds
[2019-01-15T06:45:21.539+0000][3096][safepoint    ] Total time for which application threads were stopped: 0.0001146 seconds, Stopping threads took: 0.0000299 seconds
[2019-01-15T06:45:21.545+0000][3096][safepoint    ] Application time: 0.0067418 seconds
[2019-01-15T06:45:21.546+0000][3096][safepoint    ] Total time for which application threads were stopped: 0.0000896 seconds, Stopping threads took: 0.0000105 seconds
[2019-01-15T06:45:21.546+0000][3096][safepoint    ] Application time: 0.0001895 seconds
[2019-01-15T06:45:21.546+0000][3096][safepoint    ] Total time for which application threads were stopped: 0.0002287 seconds, Stopping threads took: 0.0001913 seconds
[2019-01-15T06:45:21.553+0000][3096][safepoint    ] Application time: 0.0069464 seconds
[2019-01-15T06:45:21.553+0000][3096][safepoint    ] Total time for which application threads were stopped: 0.0001759 seconds, Stopping threads took: 0.0000691 seconds
[2019-01-15T06:45:21.600+0000][3096][safepoint    ] Application time: 0.0471242 seconds
[2019-01-15T06:45:21.601+0000][3096][safepoint    ] Total time for which application threads were stopped: 0.0007358 seconds, Stopping threads took: 0.0006735 seconds
[2019-01-15T06:45:21.612+0000][3096][safepoint    ] Application time: 0.0112026 seconds
[2019-01-15T06:45:21.612+0000][3096][safepoint    ] Total time for which application threads were stopped: 0.0001400 seconds, Stopping threads took: 0.0000608 seconds
[2019-01-15T06:45:21.616+0000][3096][safepoint    ] Application time: 0.0033423 seconds
[2019-01-15T06:45:21.616+0000][3096][safepoint    ] Total time for which application threads were stopped: 0.0001525 seconds, Stopping threads took: 0.0000589 seconds
[2019-01-15T06:45:21.620+0000][3096][safepoint    ] Application time: 0.0035752 seconds
[2019-01-15T06:45:21.623+0000][3096][safepoint    ] Total time for which application threads were stopped: 0.0028012 seconds, Stopping threads took: 0.0027216 seconds
[2019-01-15T06:45:21.627+0000][3096][safepoint    ] Application time: 0.0046051 seconds
[2019-01-15T06:45:21.627+0000][3096][safepoint    ] Total time for which application threads were stopped: 0.0001438 seconds, Stopping threads took: 0.0000657 seconds
[2019-01-15T06:45:21.660+0000][3096][safepoint    ] Application time: 0.0327555 seconds
[2019-01-15T06:45:21.660+0000][3096][safepoint    ] Total time for which application threads were stopped: 0.0001120 seconds, Stopping threads took: 0.0000343 seconds
[2019-01-15T06:45:21.671+0000][3096][safepoint    ] Application time: 0.0104430 seconds
[2019-01-15T06:45:21.672+0000][3096][gc,start     ] GC(24) Pause Young (Allocation Failure)
[2019-01-15T06:45:21.672+0000][3096][gc,task      ] GC(24) Using 2 workers of 2 for evacuation
[2019-01-15T06:45:21.678+0000][3096][gc,age       ] GC(24) Desired survivor size 4456448 bytes, new threshold 1 (max threshold 6)
[2019-01-15T06:45:21.678+0000][3096][gc,age       ] GC(24) Age table with threshold 1 (max threshold 6)
[2019-01-15T06:45:21.678+0000][3096][gc,age       ] GC(24) - age   1:    6452672 bytes,    6452672 total
[2019-01-15T06:45:21.678+0000][3096][gc,age       ] GC(24) - age   2:    1427016 bytes,    7879688 total
[2019-01-15T06:45:21.678+0000][3096][gc,heap      ] GC(24) ParNew: 78331K->8704K(78656K)
[2019-01-15T06:45:21.678+0000][3096][gc,heap      ] GC(24) CMS: 87565K->87707K(174784K)
[2019-01-15T06:45:21.678+0000][3096][gc,metaspace ] GC(24) Metaspace: 77432K->77432K(1120256K)
[2019-01-15T06:45:21.678+0000][3096][gc           ] GC(24) Pause Young (Allocation Failure) 162M->94M(247M) 5.739ms
[2019-01-15T06:45:21.678+0000][3096][gc,cpu       ] GC(24) User=0.01s Sys=0.00s Real=0.00s
[2019-01-15T06:45:21.678+0000][3096][safepoint    ] Total time for which application threads were stopped: 0.0070535 seconds, Stopping threads took: 0.0011466 seconds
[2019-01-15T06:45:21.743+0000][3096][safepoint    ] Application time: 0.0652853 seconds
[2019-01-15T06:45:21.744+0000][3096][safepoint    ] Total time for which application threads were stopped: 0.0007545 seconds, Stopping threads took: 0.0006755 seconds
[2019-01-15T06:45:21.788+0000][3096][safepoint    ] Application time: 0.0439039 seconds
[2019-01-15T06:45:21.789+0000][3096][safepoint    ] Total time for which application threads were stopped: 0.0006542 seconds, Stopping threads took: 0.0000784 seconds
[2019-01-15T06:45:21.809+0000][3096][safepoint    ] Application time: 0.0202517 seconds
[2019-01-15T06:45:21.809+0000][3096][gc,start     ] GC(25) Pause Young (Allocation Failure)
[2019-01-15T06:45:21.809+0000][3096][gc,task      ] GC(25) Using 2 workers of 2 for evacuation
[2019-01-15T06:45:21.816+0000][3096][gc,age       ] GC(25) Desired survivor size 4456448 bytes, new threshold 6 (max threshold 6)
[2019-01-15T06:45:21.816+0000][3096][gc,age       ] GC(25) Age table with threshold 6 (max threshold 6)
[2019-01-15T06:45:21.816+0000][3096][gc,age       ] GC(25) - age   1:     185280 bytes,     185280 total
[2019-01-15T06:45:21.816+0000][3096][gc,heap      ] GC(25) ParNew: 78656K->4357K(78656K)
[2019-01-15T06:45:21.816+0000][3096][gc,heap      ] GC(25) CMS: 87707K->91868K(174784K)
[2019-01-15T06:45:21.816+0000][3096][gc,metaspace ] GC(25) Metaspace: 78042K->78042K(1120256K)
[2019-01-15T06:45:21.816+0000][3096][gc           ] GC(25) Pause Young (Allocation Failure) 162M->93M(247M) 7.372ms
[2019-01-15T06:45:21.816+0000][3096][gc,cpu       ] GC(25) User=0.01s Sys=0.00s Real=0.01s
[2019-01-15T06:45:21.816+0000][3096][safepoint    ] Total time for which application threads were stopped: 0.0075147 seconds, Stopping threads took: 0.0000287 seconds
[2019-01-15T06:45:21.845+0000][3096][safepoint    ] Application time: 0.0288673 seconds
[2019-01-15T06:45:21.845+0000][3096][safepoint    ] Total time for which application threads were stopped: 0.0001802 seconds, Stopping threads took: 0.0000638 seconds
[2019-01-15T06:45:21.848+0000][3096][safepoint    ] Application time: 0.0021242 seconds
[2019-01-15T06:45:21.848+0000][3096][safepoint    ] Total time for which application threads were stopped: 0.0002284 seconds, Stopping threads took: 0.0001722 seconds
[2019-01-15T06:45:21.849+0000][3096][safepoint    ] Application time: 0.0008921 seconds
[2019-01-15T06:45:21.849+0000][3096][safepoint    ] Total time for which application threads were stopped: 0.0000599 seconds, Stopping threads took: 0.0000176 seconds
[2019-01-15T06:45:21.851+0000][3096][safepoint    ] Application time: 0.0023944 seconds
[2019-01-15T06:45:21.852+0000][3096][safepoint    ] Total time for which application threads were stopped: 0.0005819 seconds, Stopping threads took: 0.0005295 seconds
[2019-01-15T06:45:21.853+0000][3096][safepoint    ] Application time: 0.0010942 seconds
[2019-01-15T06:45:21.853+0000][3096][safepoint    ] Total time for which application threads were stopped: 0.0000957 seconds, Stopping threads took: 0.0000500 seconds
[2019-01-15T06:45:21.853+0000][3096][safepoint    ] Application time: 0.0001482 seconds
[2019-01-15T06:45:21.853+0000][3096][safepoint    ] Total time for which application threads were stopped: 0.0000603 seconds, Stopping threads took: 0.0000288 seconds
[2019-01-15T06:45:21.854+0000][3096][safepoint    ] Application time: 0.0001357 seconds
[2019-01-15T06:45:21.854+0000][3096][safepoint    ] Total time for which application threads were stopped: 0.0000701 seconds, Stopping threads took: 0.0000406 seconds
[2019-01-15T06:45:21.862+0000][3096][safepoint    ] Application time: 0.0083969 seconds
[2019-01-15T06:45:21.862+0000][3096][safepoint    ] Total time for which application threads were stopped: 0.0001311 seconds, Stopping threads took: 0.0000446 seconds
[2019-01-15T06:45:21.870+0000][3096][safepoint    ] Application time: 0.0073809 seconds
[2019-01-15T06:45:21.870+0000][3096][safepoint    ] Total time for which application threads were stopped: 0.0001197 seconds, Stopping threads took: 0.0000550 seconds
[2019-01-15T06:45:22.272+0000][3096][safepoint    ] Application time: 0.4021488 seconds
[2019-01-15T06:45:22.272+0000][3096][safepoint    ] Total time for which application threads were stopped: 0.0001495 seconds, Stopping threads took: 0.0000215 seconds
[2019-01-15T06:45:22.273+0000][3096][safepoint    ] Application time: 0.0006405 seconds
[2019-01-15T06:45:22.273+0000][3096][safepoint    ] Total time for which application threads were stopped: 0.0001576 seconds, Stopping threads took: 0.0000145 seconds
[2019-01-15T06:45:22.273+0000][3096][safepoint    ] Application time: 0.0003218 seconds
[2019-01-15T06:45:22.273+0000][3096][safepoint    ] Total time for which application threads were stopped: 0.0000854 seconds, Stopping threads took: 0.0000141 seconds
[2019-01-15T06:45:22.274+0000][3096][safepoint    ] Application time: 0.0004013 seconds
[2019-01-15T06:45:22.274+0000][3096][safepoint    ] Total time for which application threads were stopped: 0.0000887 seconds, Stopping threads took: 0.0000155 seconds
[2019-01-15T06:45:22.274+0000][3096][safepoint    ] Application time: 0.0003311 seconds
[2019-01-15T06:45:22.275+0000][3096][safepoint    ] Total time for which application threads were stopped: 0.0000842 seconds, Stopping threads took: 0.0000132 seconds
[2019-01-15T06:45:22.275+0000][3096][safepoint    ] Application time: 0.0003784 seconds
[2019-01-15T06:45:22.275+0000][3096][safepoint    ] Total time for which application threads were stopped: 0.0000845 seconds, Stopping threads took: 0.0000137 seconds
[2019-01-15T06:45:22.275+0000][3096][safepoint    ] Application time: 0.0003366 seconds
[2019-01-15T06:45:22.276+0000][3096][safepoint    ] Total time for which application threads were stopped: 0.0000844 seconds, Stopping threads took: 0.0000135 seconds
[2019-01-15T06:45:22.276+0000][3096][safepoint    ] Application time: 0.0004787 seconds
[2019-01-15T06:45:22.276+0000][3096][safepoint    ] Total time for which application threads were stopped: 0.0000845 seconds, Stopping threads took: 0.0000137 seconds
[2019-01-15T06:45:22.277+0000][3096][safepoint    ] Application time: 0.0003265 seconds
[2019-01-15T06:45:22.277+0000][3096][safepoint    ] Total time for which application threads were stopped: 0.0000845 seconds, Stopping threads took: 0.0000137 seconds
[2019-01-15T06:45:22.277+0000][3096][safepoint    ] Application time: 0.0004156 seconds
[2019-01-15T06:45:22.277+0000][3096][safepoint    ] Total time for which application threads were stopped: 0.0000848 seconds, Stopping threads took: 0.0000136 seconds
[2019-01-15T06:45:22.278+0000][3096][safepoint    ] Application time: 0.0003249 seconds
[2019-01-15T06:45:22.278+0000][3096][safepoint    ] Total time for which application threads were stopped: 0.0000843 seconds, Stopping threads took: 0.0000140 seconds
[2019-01-15T06:45:22.278+0000][3096][safepoint    ] Application time: 0.0003593 seconds
[2019-01-15T06:45:22.278+0000][3096][safepoint    ] Total time for which application threads were stopped: 0.0000828 seconds, Stopping threads took: 0.0000133 seconds
[2019-01-15T06:45:22.539+0000][3096][safepoint    ] Application time: 0.2611975 seconds
[2019-01-15T06:45:22.540+0000][3096][safepoint    ] Total time for which application threads were stopped: 0.0001667 seconds, Stopping threads took: 0.0000261 seconds
[2019-01-15T06:45:23.540+0000][3096][safepoint    ] Application time: 1.0006534 seconds
[2019-01-15T06:45:23.541+0000][3096][safepoint    ] Total time for which application threads were stopped: 0.0001522 seconds, Stopping threads took: 0.0000329 seconds
[2019-01-15T06:45:24.541+0000][3096][safepoint    ] Application time: 1.0004972 seconds
[2019-01-15T06:45:24.541+0000][3096][safepoint    ] Total time for which application threads were stopped: 0.0000991 seconds, Stopping threads took: 0.0000233 seconds
[2019-01-15T06:45:25.729+0000][3096][safepoint    ] Application time: 1.1879694 seconds
[2019-01-15T06:45:25.729+0000][3096][safepoint    ] Total time for which application threads were stopped: 0.0000780 seconds, Stopping threads took: 0.0000196 seconds
[2019-01-15T06:45:25.730+0000][3096][safepoint    ] Application time: 0.0003606 seconds
[2019-01-15T06:45:25.730+0000][3096][safepoint    ] Total time for which application threads were stopped: 0.0002319 seconds, Stopping threads took: 0.0001711 seconds
[2019-01-15T06:45:25.745+0000][3096][safepoint    ] Application time: 0.0149549 seconds
[2019-01-15T06:45:25.745+0000][3096][safepoint    ] Total time for which application threads were stopped: 0.0000510 seconds, Stopping threads took: 0.0000101 seconds
[2019-01-15T06:45:25.747+0000][3096][safepoint    ] Application time: 0.0015007 seconds
[2019-01-15T06:45:25.747+0000][3096][safepoint    ] Total time for which application threads were stopped: 0.0000497 seconds, Stopping threads took: 0.0000070 seconds
[2019-01-15T06:45:25.758+0000][3096][safepoint    ] Application time: 0.0113292 seconds
[2019-01-15T06:45:25.758+0000][3096][safepoint    ] Total time for which application threads were stopped: 0.0000523 seconds, Stopping threads took: 0.0000101 seconds
[2019-01-15T06:45:25.786+0000][3096][safepoint    ] Application time: 0.0274080 seconds
[2019-01-15T06:45:25.786+0000][3096][safepoint    ] Total time for which application threads were stopped: 0.0005197 seconds, Stopping threads took: 0.0000101 seconds
[2019-01-15T06:45:25.793+0000][3096][safepoint    ] Application time: 0.0065371 seconds
[2019-01-15T06:45:25.793+0000][3096][safepoint    ] Total time for which application threads were stopped: 0.0000583 seconds, Stopping threads took: 0.0000105 seconds
[2019-01-15T06:45:25.797+0000][3096][safepoint    ] Application time: 0.0043829 seconds
[2019-01-15T06:45:25.797+0000][3096][safepoint    ] Total time for which application threads were stopped: 0.0000488 seconds, Stopping threads took: 0.0000115 seconds
[2019-01-15T06:45:25.897+0000][3096][safepoint    ] Application time: 0.1000438 seconds
[2019-01-15T06:45:25.898+0000][3096][safepoint    ] Total time for which application threads were stopped: 0.0006004 seconds, Stopping threads took: 0.0000141 seconds
[2019-01-15T06:45:25.943+0000][3096][safepoint    ] Application time: 0.0453584 seconds
[2019-01-15T06:45:25.943+0000][3096][safepoint    ] Total time for which application threads were stopped: 0.0000892 seconds, Stopping threads took: 0.0000184 seconds
[2019-01-15T06:45:26.016+0000][3096][safepoint    ] Application time: 0.0729260 seconds
[2019-01-15T06:45:26.016+0000][3096][safepoint    ] Total time for which application threads were stopped: 0.0000667 seconds, Stopping threads took: 0.0000108 seconds
[2019-01-15T06:45:26.053+0000][3096][safepoint    ] Application time: 0.0366550 seconds
[2019-01-15T06:45:26.053+0000][3096][safepoint    ] Total time for which application threads were stopped: 0.0001575 seconds, Stopping threads took: 0.0000320 seconds
[2019-01-15T06:45:26.054+0000][3096][safepoint    ] Application time: 0.0005772 seconds
[2019-01-15T06:45:26.057+0000][3096][safepoint    ] Total time for which application threads were stopped: 0.0027393 seconds, Stopping threads took: 0.0026811 seconds
[2019-01-15T06:45:26.059+0000][3096][safepoint    ] Application time: 0.0020255 seconds
[2019-01-15T06:45:26.063+0000][3096][safepoint    ] Total time for which application threads were stopped: 0.0040051 seconds, Stopping threads took: 0.0031987 seconds
[2019-01-15T06:45:26.064+0000][3096][safepoint    ] Application time: 0.0012846 seconds
[2019-01-15T06:45:26.064+0000][3096][safepoint    ] Total time for which application threads were stopped: 0.0001184 seconds, Stopping threads took: 0.0000099 seconds
[2019-01-15T06:45:26.064+0000][3096][safepoint    ] Application time: 0.0000330 seconds
[2019-01-15T06:45:26.066+0000][3096][safepoint    ] Total time for which application threads were stopped: 0.0019420 seconds, Stopping threads took: 0.0018337 seconds
[2019-01-15T06:45:26.066+0000][3096][safepoint    ] Application time: 0.0001322 seconds
[2019-01-15T06:45:26.066+0000][3096][safepoint    ] Total time for which application threads were stopped: 0.0000458 seconds, Stopping threads took: 0.0000061 seconds
[2019-01-15T06:45:26.066+0000][3096][safepoint    ] Application time: 0.0001355 seconds
[2019-01-15T06:45:26.067+0000][3096][safepoint    ] Total time for which application threads were stopped: 0.0000331 seconds, Stopping threads took: 0.0000033 seconds
[2019-01-15T06:45:26.146+0000][3096][safepoint    ] Application time: 0.0797573 seconds
[2019-01-15T06:45:26.146+0000][3096][safepoint    ] Total time for which application threads were stopped: 0.0001390 seconds, Stopping threads took: 0.0000731 seconds
[2019-01-15T06:45:26.151+0000][3096][safepoint    ] Application time: 0.0042398 seconds
[2019-01-15T06:45:26.151+0000][3096][safepoint    ] Total time for which application threads were stopped: 0.0001495 seconds, Stopping threads took: 0.0000703 seconds
[2019-01-15T06:45:26.162+0000][3096][safepoint    ] Application time: 0.0115116 seconds
[2019-01-15T06:45:26.163+0000][3096][safepoint    ] Total time for which application threads were stopped: 0.0000565 seconds, Stopping threads took: 0.0000118 seconds
[2019-01-15T06:45:26.168+0000][3096][safepoint    ] Application time: 0.0051354 seconds
[2019-01-15T06:45:26.168+0000][3096][safepoint    ] Total time for which application threads were stopped: 0.0001076 seconds, Stopping threads took: 0.0000568 seconds
[2019-01-15T06:45:26.176+0000][3096][safepoint    ] Application time: 0.0085567 seconds
[2019-01-15T06:45:26.177+0000][3096][safepoint    ] Total time for which application threads were stopped: 0.0003403 seconds, Stopping threads took: 0.0000111 seconds
[2019-01-15T06:45:26.440+0000][3096][safepoint    ] Application time: 0.2631823 seconds
[2019-01-15T06:45:26.440+0000][3096][safepoint    ] Total time for which application threads were stopped: 0.0004534 seconds, Stopping threads took: 0.0002984 seconds
[2019-01-15T06:45:26.441+0000][3096][safepoint    ] Application time: 0.0002097 seconds
[2019-01-15T06:45:26.441+0000][3096][safepoint    ] Total time for which application threads were stopped: 0.0003787 seconds, Stopping threads took: 0.0000389 seconds
[2019-01-15T06:45:26.442+0000][3096][safepoint    ] Application time: 0.0009470 seconds
[2019-01-15T06:45:26.442+0000][3096][safepoint    ] Total time for which application threads were stopped: 0.0000901 seconds, Stopping threads took: 0.0000327 seconds
[2019-01-15T06:45:26.497+0000][3096][safepoint    ] Application time: 0.0547260 seconds
[2019-01-15T06:45:26.497+0000][3096][safepoint    ] Total time for which application threads were stopped: 0.0000924 seconds, Stopping threads took: 0.0000218 seconds
[2019-01-15T06:45:27.497+0000][3096][safepoint    ] Application time: 1.0002027 seconds
[2019-01-15T06:45:27.498+0000][3096][safepoint    ] Total time for which application threads were stopped: 0.0002467 seconds, Stopping threads took: 0.0000358 seconds
[2019-01-15T06:45:28.499+0000][3096][safepoint    ] Application time: 1.0006930 seconds
[2019-01-15T06:45:28.499+0000][3096][safepoint    ] Total time for which application threads were stopped: 0.0001698 seconds, Stopping threads took: 0.0000362 seconds
[2019-01-15T06:45:29.499+0000][3096][safepoint    ] Application time: 1.0002608 seconds
[2019-01-15T06:45:29.499+0000][3096][safepoint    ] Total time for which application threads were stopped: 0.0001074 seconds, Stopping threads took: 0.0000201 seconds
[2019-01-15T06:45:30.500+0000][3096][safepoint    ] Application time: 1.0007121 seconds
[2019-01-15T06:45:30.500+0000][3096][safepoint    ] Total time for which application threads were stopped: 0.0001633 seconds, Stopping threads took: 0.0000361 seconds
[2019-01-15T06:45:31.501+0000][3096][safepoint    ] Application time: 1.0002943 seconds
[2019-01-15T06:45:31.501+0000][3096][safepoint    ] Total time for which application threads were stopped: 0.0001628 seconds, Stopping threads took: 0.0000345 seconds
[2019-01-15T06:45:32.501+0000][3096][safepoint    ] Application time: 1.0003812 seconds
[2019-01-15T06:45:32.502+0000][3096][safepoint    ] Total time for which application threads were stopped: 0.0001733 seconds, Stopping threads took: 0.0000387 seconds
[2019-01-15T06:45:33.503+0000][3096][safepoint    ] Application time: 1.0003955 seconds
[2019-01-15T06:45:33.503+0000][3096][safepoint    ] Total time for which application threads were stopped: 0.0000606 seconds, Stopping threads took: 0.0000164 seconds
[2019-01-15T06:45:34.504+0000][3096][safepoint    ] Application time: 1.0004482 seconds
[2019-01-15T06:45:34.504+0000][3096][safepoint    ] Total time for which application threads were stopped: 0.0000930 seconds, Stopping threads took: 0.0000349 seconds
[2019-01-15T06:45:35.504+0000][3096][safepoint    ] Application time: 1.0002001 seconds
[2019-01-15T06:45:35.504+0000][3096][safepoint    ] Total time for which application threads were stopped: 0.0000802 seconds, Stopping threads took: 0.0000201 seconds
[2019-01-15T06:45:36.505+0000][3096][safepoint    ] Application time: 1.0008338 seconds
[2019-01-15T06:45:36.505+0000][3096][safepoint    ] Total time for which application threads were stopped: 0.0001425 seconds, Stopping threads took: 0.0000268 seconds
[2019-01-15T06:45:37.506+0000][3096][safepoint    ] Application time: 1.0005455 seconds
[2019-01-15T06:45:37.506+0000][3096][safepoint    ] Total time for which application threads were stopped: 0.0001497 seconds, Stopping threads took: 0.0000347 seconds
[2019-01-15T06:45:38.507+0000][3096][safepoint    ] Application time: 1.0006453 seconds
[2019-01-15T06:45:38.507+0000][3096][safepoint    ] Total time for which application threads were stopped: 0.0001312 seconds, Stopping threads took: 0.0000316 seconds
[2019-01-15T06:45:39.508+0000][3096][safepoint    ] Application time: 1.0005407 seconds
[2019-01-15T06:45:39.508+0000][3096][safepoint    ] Total time for which application threads were stopped: 0.0001587 seconds, Stopping threads took: 0.0000365 seconds
[2019-01-15T06:45:40.509+0000][3096][safepoint    ] Application time: 1.0006851 seconds
[2019-01-15T06:45:40.510+0000][3096][safepoint    ] Total time for which application threads were stopped: 0.0001544 seconds, Stopping threads took: 0.0000364 seconds
[2019-01-15T06:45:41.510+0000][3096][safepoint    ] Application time: 1.0004070 seconds
[2019-01-15T06:45:41.510+0000][3096][safepoint    ] Total time for which application threads were stopped: 0.0001556 seconds, Stopping threads took: 0.0000363 seconds
[2019-01-15T06:45:41.835+0000][3096][safepoint    ] Application time: 0.3249357 seconds
[2019-01-15T06:45:41.841+0000][3096][gc,start     ] GC(26) Pause Young (Allocation Failure)
[2019-01-15T06:45:41.845+0000][3096][gc,task      ] GC(26) Using 2 workers of 2 for evacuation
[2019-01-15T06:45:41.861+0000][3096][gc,age       ] GC(26) Desired survivor size 4456448 bytes, new threshold 6 (max threshold 6)
[2019-01-15T06:45:41.861+0000][3096][gc,age       ] GC(26) Age table with threshold 6 (max threshold 6)
[2019-01-15T06:45:41.861+0000][3096][gc,age       ] GC(26) - age   1:    1080240 bytes,    1080240 total
[2019-01-15T06:45:41.861+0000][3096][gc,age       ] GC(26) - age   2:     177928 bytes,    1258168 total
[2019-01-15T06:45:41.862+0000][3096][gc,heap      ] GC(26) ParNew: 74309K->2246K(78656K)
[2019-01-15T06:45:41.862+0000][3096][gc,heap      ] GC(26) CMS: 91868K->108252K(174784K)
[2019-01-15T06:45:41.862+0000][3096][gc,metaspace ] GC(26) Metaspace: 81404K->81404K(1124352K)
[2019-01-15T06:45:41.862+0000][3096][gc           ] GC(26) Pause Young (Allocation Failure) 162M->107M(247M) 21.436ms
[2019-01-15T06:45:41.862+0000][3096][gc,cpu       ] GC(26) User=0.00s Sys=0.01s Real=0.02s
[2019-01-15T06:45:41.862+0000][3096][safepoint    ] Total time for which application threads were stopped: 0.0270984 seconds, Stopping threads took: 0.0000400 seconds
[2019-01-15T06:45:41.865+0000][3096][safepoint    ] Application time: 0.0024372 seconds
[2019-01-15T06:45:41.867+0000][3096][safepoint    ] Total time for which application threads were stopped: 0.0018095 seconds, Stopping threads took: 0.0001241 seconds
[2019-01-15T06:45:42.867+0000][3096][safepoint    ] Application time: 1.0005051 seconds
[2019-01-15T06:45:42.867+0000][3096][safepoint    ] Total time for which application threads were stopped: 0.0000644 seconds, Stopping threads took: 0.0000167 seconds
[2019-01-15T06:45:43.868+0000][3096][safepoint    ] Application time: 1.0008285 seconds
[2019-01-15T06:45:43.869+0000][3096][safepoint    ] Total time for which application threads were stopped: 0.0001804 seconds, Stopping threads took: 0.0000358 seconds
[2019-01-15T06:45:44.869+0000][3096][safepoint    ] Application time: 1.0007227 seconds
[2019-01-15T06:45:44.870+0000][3096][safepoint    ] Total time for which application threads were stopped: 0.0002165 seconds, Stopping threads took: 0.0000876 seconds
[2019-01-15T06:45:45.870+0000][3096][safepoint    ] Application time: 1.0008046 seconds
[2019-01-15T06:45:45.871+0000][3096][safepoint    ] Total time for which application threads were stopped: 0.0000877 seconds, Stopping threads took: 0.0000221 seconds
[2019-01-15T06:45:46.871+0000][3096][safepoint    ] Application time: 1.0007262 seconds
[2019-01-15T06:45:46.872+0000][3096][safepoint    ] Total time for which application threads were stopped: 0.0002977 seconds, Stopping threads took: 0.0000592 seconds
[2019-01-15T06:45:47.872+0000][3096][safepoint    ] Application time: 1.0001906 seconds
[2019-01-15T06:45:47.872+0000][3096][safepoint    ] Total time for which application threads were stopped: 0.0000716 seconds, Stopping threads took: 0.0000163 seconds
[2019-01-15T06:45:48.872+0000][3096][safepoint    ] Application time: 1.0001705 seconds
[2019-01-15T06:45:48.873+0000][3096][safepoint    ] Total time for which application threads were stopped: 0.0001850 seconds, Stopping threads took: 0.0000405 seconds
[2019-01-15T06:45:49.873+0000][3096][safepoint    ] Application time: 1.0002917 seconds
[2019-01-15T06:45:49.873+0000][3096][safepoint    ] Total time for which application threads were stopped: 0.0000835 seconds, Stopping threads took: 0.0000215 seconds
[2019-01-15T06:45:50.300+0000][3096][safepoint    ] Application time: 0.4263889 seconds
[2019-01-15T06:45:50.300+0000][3096][safepoint    ] Total time for which application threads were stopped: 0.0000911 seconds, Stopping threads took: 0.0000151 seconds
[2019-01-15T06:45:50.373+0000][3096][safepoint    ] Application time: 0.0729106 seconds
[2019-01-15T06:45:50.373+0000][3096][safepoint    ] Total time for which application threads were stopped: 0.0001575 seconds, Stopping threads took: 0.0000130 seconds
[2019-01-15T06:45:50.383+0000][3096][safepoint    ] Application time: 0.0095175 seconds
[2019-01-15T06:45:50.383+0000][3096][safepoint    ] Total time for which application threads were stopped: 0.0000735 seconds, Stopping threads took: 0.0000133 seconds
[2019-01-15T06:45:50.384+0000][3096][safepoint    ] Application time: 0.0016716 seconds
[2019-01-15T06:45:50.385+0000][3096][safepoint    ] Total time for which application threads were stopped: 0.0000577 seconds, Stopping threads took: 0.0000101 seconds
[2019-01-15T06:45:50.389+0000][3096][safepoint    ] Application time: 0.0039733 seconds
[2019-01-15T06:45:50.389+0000][3096][safepoint    ] Total time for which application threads were stopped: 0.0000787 seconds, Stopping threads took: 0.0000140 seconds
[2019-01-15T06:45:51.278+0000][3096][safepoint    ] Application time: 0.8891217 seconds
[2019-01-15T06:45:51.278+0000][3096][safepoint    ] Total time for which application threads were stopped: 0.0001781 seconds, Stopping threads took: 0.0001065 seconds
[2019-01-15T06:45:51.279+0000][3096][safepoint    ] Application time: 0.0007120 seconds
[2019-01-15T06:45:51.279+0000][3096][safepoint    ] Total time for which application threads were stopped: 0.0000920 seconds, Stopping threads took: 0.0000480 seconds
[2019-01-15T06:45:51.403+0000][3096][safepoint    ] Application time: 0.1242033 seconds
[2019-01-15T06:45:51.403+0000][3096][safepoint    ] Total time for which application threads were stopped: 0.0001339 seconds, Stopping threads took: 0.0000600 seconds
[2019-01-15T06:45:51.408+0000][3096][safepoint    ] Application time: 0.0045283 seconds
[2019-01-15T06:45:51.408+0000][3096][safepoint    ] Total time for which application threads were stopped: 0.0004210 seconds, Stopping threads took: 0.0003368 seconds
[2019-01-15T06:45:52.409+0000][3096][safepoint    ] Application time: 1.0003342 seconds
[2019-01-15T06:45:52.409+0000][3096][safepoint    ] Total time for which application threads were stopped: 0.0003114 seconds, Stopping threads took: 0.0001538 seconds
[2019-01-15T06:45:53.410+0000][3096][safepoint    ] Application time: 1.0003608 seconds
[2019-01-15T06:45:53.410+0000][3096][safepoint    ] Total time for which application threads were stopped: 0.0001905 seconds, Stopping threads took: 0.0000399 seconds
[2019-01-15T06:45:54.411+0000][3096][safepoint    ] Application time: 1.0008395 seconds
[2019-01-15T06:45:54.411+0000][3096][safepoint    ] Total time for which application threads were stopped: 0.0002532 seconds, Stopping threads took: 0.0000361 seconds
[2019-01-15T06:45:55.412+0000][3096][safepoint    ] Application time: 1.0004860 seconds
[2019-01-15T06:45:55.412+0000][3096][safepoint    ] Total time for which application threads were stopped: 0.0002438 seconds, Stopping threads took: 0.0000371 seconds
[2019-01-15T06:45:56.413+0000][3096][safepoint    ] Application time: 1.0005982 seconds
[2019-01-15T06:45:56.413+0000][3096][safepoint    ] Total time for which application threads were stopped: 0.0001615 seconds, Stopping threads took: 0.0000340 seconds
[2019-01-15T06:45:57.414+0000][3096][safepoint    ] Application time: 1.0008421 seconds
[2019-01-15T06:45:57.414+0000][3096][safepoint    ] Total time for which application threads were stopped: 0.0001933 seconds, Stopping threads took: 0.0000351 seconds
[2019-01-15T06:45:58.415+0000][3096][safepoint    ] Application time: 1.0006349 seconds
[2019-01-15T06:45:58.415+0000][3096][safepoint    ] Total time for which application threads were stopped: 0.0000720 seconds, Stopping threads took: 0.0000156 seconds
[2019-01-15T06:45:59.416+0000][3096][safepoint    ] Application time: 1.0003910 seconds
[2019-01-15T06:45:59.416+0000][3096][safepoint    ] Total time for which application threads were stopped: 0.0000792 seconds, Stopping threads took: 0.0000165 seconds
[2019-01-15T06:46:00.416+0000][3096][safepoint    ] Application time: 1.0006912 seconds
[2019-01-15T06:46:00.417+0000][3096][safepoint    ] Total time for which application threads were stopped: 0.0001929 seconds, Stopping threads took: 0.0000499 seconds
[2019-01-15T06:46:01.418+0000][3096][safepoint    ] Application time: 1.0004080 seconds
[2019-01-15T06:46:01.418+0000][3096][safepoint    ] Total time for which application threads were stopped: 0.0000791 seconds, Stopping threads took: 0.0000170 seconds
[2019-01-15T06:46:02.418+0000][3096][safepoint    ] Application time: 1.0005079 seconds
[2019-01-15T06:46:02.521+0000][3096][safepoint    ] Total time for which application threads were stopped: 0.1032042 seconds, Stopping threads took: 0.1023950 seconds
[2019-01-15T06:46:03.529+0000][3096][safepoint    ] Application time: 1.0068067 seconds
[2019-01-15T06:46:03.537+0000][3096][safepoint    ] Total time for which application threads were stopped: 0.0052304 seconds, Stopping threads took: 0.0023354 seconds
[2019-01-15T06:46:04.539+0000][3096][safepoint    ] Application time: 1.0008905 seconds
[2019-01-15T06:46:04.544+0000][3096][safepoint    ] Total time for which application threads were stopped: 0.0027364 seconds, Stopping threads took: 0.0012950 seconds
[2019-01-15T06:46:05.545+0000][3096][safepoint    ] Application time: 1.0010310 seconds
[2019-01-15T06:46:05.548+0000][3096][safepoint    ] Total time for which application threads were stopped: 0.0020339 seconds, Stopping threads took: 0.0007952 seconds
[2019-01-15T06:46:06.553+0000][3096][safepoint    ] Application time: 1.0029094 seconds
[2019-01-15T06:46:06.565+0000][3096][safepoint    ] Total time for which application threads were stopped: 0.0097962 seconds, Stopping threads took: 0.0026105 seconds
[2019-01-15T06:46:07.576+0000][3096][safepoint    ] Application time: 1.0083564 seconds
[2019-01-15T06:46:07.576+0000][3096][safepoint    ] Total time for which application threads were stopped: 0.0000763 seconds, Stopping threads took: 0.0000168 seconds
[2019-01-15T06:46:08.576+0000][3096][safepoint    ] Application time: 1.0002897 seconds
[2019-01-15T06:46:08.577+0000][3096][safepoint    ] Total time for which application threads were stopped: 0.0001719 seconds, Stopping threads took: 0.0000338 seconds
[2019-01-15T06:46:09.577+0000][3096][safepoint    ] Application time: 1.0003387 seconds
[2019-01-15T06:46:09.577+0000][3096][safepoint    ] Total time for which application threads were stopped: 0.0000999 seconds, Stopping threads took: 0.0000214 seconds
[2019-01-15T06:46:10.577+0000][3096][safepoint    ] Application time: 1.0002484 seconds
[2019-01-15T06:46:10.578+0000][3096][safepoint    ] Total time for which application threads were stopped: 0.0001884 seconds, Stopping threads took: 0.0000360 seconds
[2019-01-15T06:46:11.578+0000][3096][safepoint    ] Application time: 1.0003382 seconds
[2019-01-15T06:46:11.579+0000][3096][safepoint    ] Total time for which application threads were stopped: 0.0002718 seconds, Stopping threads took: 0.0000453 seconds
[2019-01-15T06:46:12.581+0000][3096][safepoint    ] Application time: 1.0019526 seconds
[2019-01-15T06:46:12.581+0000][3096][safepoint    ] Total time for which application threads were stopped: 0.0001893 seconds, Stopping threads took: 0.0000344 seconds
[2019-01-15T06:46:13.582+0000][3096][safepoint    ] Application time: 1.0007604 seconds
[2019-01-15T06:46:13.582+0000][3096][safepoint    ] Total time for which application threads were stopped: 0.0001198 seconds, Stopping threads took: 0.0000252 seconds
[2019-01-15T06:46:14.582+0000][3096][safepoint    ] Application time: 1.0003409 seconds
[2019-01-15T06:46:14.583+0000][3096][safepoint    ] Total time for which application threads were stopped: 0.0003016 seconds, Stopping threads took: 0.0001409 seconds
[2019-01-15T06:46:15.584+0000][3096][safepoint    ] Application time: 1.0007622 seconds
[2019-01-15T06:46:15.584+0000][3096][safepoint    ] Total time for which application threads were stopped: 0.0002130 seconds, Stopping threads took: 0.0000440 seconds
[2019-01-15T06:46:16.584+0000][3096][safepoint    ] Application time: 1.0002628 seconds
[2019-01-15T06:46:16.723+0000][3096][safepoint    ] Total time for which application threads were stopped: 0.1388984 seconds, Stopping threads took: 0.1361280 seconds
[2019-01-15T06:46:17.726+0000][3096][safepoint    ] Application time: 1.0016982 seconds
[2019-01-15T06:46:17.729+0000][3096][safepoint    ] Total time for which application threads were stopped: 0.0021699 seconds, Stopping threads took: 0.0000283 seconds
[2019-01-15T06:46:18.730+0000][3096][safepoint    ] Application time: 1.0002763 seconds
[2019-01-15T06:46:18.731+0000][3096][safepoint    ] Total time for which application threads were stopped: 0.0007708 seconds, Stopping threads took: 0.0003542 seconds
[2019-01-15T06:46:19.999+0000][3096][safepoint    ] Application time: 1.2666591 seconds
[2019-01-15T06:46:20.000+0000][3096][safepoint    ] Total time for which application threads were stopped: 0.0004411 seconds, Stopping threads took: 0.0000172 seconds
[2019-01-15T06:46:20.507+0000][3096][safepoint    ] Application time: 0.4982244 seconds
[2019-01-15T06:46:20.509+0000][3096][safepoint    ] Total time for which application threads were stopped: 0.0012948 seconds, Stopping threads took: 0.0000167 seconds
[2019-01-15T06:46:20.509+0000][3096][safepoint    ] Application time: 0.0003076 seconds
[2019-01-15T06:46:20.509+0000][3096][safepoint    ] Total time for which application threads were stopped: 0.0001250 seconds, Stopping threads took: 0.0000122 seconds
[2019-01-15T06:46:21.280+0000][3096][safepoint    ] Application time: 0.7706863 seconds
[2019-01-15T06:46:21.280+0000][3096][safepoint    ] Total time for which application threads were stopped: 0.0000830 seconds, Stopping threads took: 0.0000133 seconds
[2019-01-15T06:46:21.280+0000][3096][safepoint    ] Application time: 0.0001648 seconds
[2019-01-15T06:46:21.280+0000][3096][safepoint    ] Total time for which application threads were stopped: 0.0000295 seconds, Stopping threads took: 0.0000029 seconds
[2019-01-15T06:46:21.280+0000][3096][safepoint    ] Application time: 0.0001108 seconds
[2019-01-15T06:46:21.280+0000][3096][safepoint    ] Total time for which application threads were stopped: 0.0000304 seconds, Stopping threads took: 0.0000042 seconds
[2019-01-15T06:46:21.281+0000][3096][safepoint    ] Application time: 0.0000465 seconds
[2019-01-15T06:46:21.281+0000][3096][safepoint    ] Total time for which application threads were stopped: 0.0000251 seconds, Stopping threads took: 0.0000026 seconds
[2019-01-15T06:46:21.281+0000][3096][safepoint    ] Application time: 0.0000528 seconds
[2019-01-15T06:46:21.281+0000][3096][safepoint    ] Total time for which application threads were stopped: 0.0000253 seconds, Stopping threads took: 0.0000023 seconds
[2019-01-15T06:46:22.281+0000][3096][safepoint    ] Application time: 1.0003555 seconds
[2019-01-15T06:46:22.281+0000][3096][safepoint    ] Total time for which application threads were stopped: 0.0002481 seconds, Stopping threads took: 0.0000353 seconds
[2019-01-15T06:46:22.427+0000][3096][safepoint    ] Application time: 0.1458149 seconds
[2019-01-15T06:46:22.429+0000][3096][gc,start     ] GC(27) Pause Young (Allocation Failure)
[2019-01-15T06:46:22.430+0000][3096][gc,task      ] GC(27) Using 2 workers of 2 for evacuation
[2019-01-15T06:46:22.438+0000][3096][gc,age       ] GC(27) Desired survivor size 4456448 bytes, new threshold 6 (max threshold 6)
[2019-01-15T06:46:22.438+0000][3096][gc,age       ] GC(27) Age table with threshold 6 (max threshold 6)
[2019-01-15T06:46:22.438+0000][3096][gc,age       ] GC(27) - age   1:     210112 bytes,     210112 total
[2019-01-15T06:46:22.438+0000][3096][gc,age       ] GC(27) - age   2:     959728 bytes,    1169840 total
[2019-01-15T06:46:22.438+0000][3096][gc,age       ] GC(27) - age   3:     177928 bytes,    1347768 total
[2019-01-15T06:46:22.439+0000][3096][gc,heap      ] GC(27) ParNew: 72198K->1483K(78656K)
[2019-01-15T06:46:22.439+0000][3096][gc,heap      ] GC(27) CMS: 108252K->108252K(174784K)
[2019-01-15T06:46:22.439+0000][3096][gc,metaspace ] GC(27) Metaspace: 81728K->81728K(1124352K)
[2019-01-15T06:46:22.439+0000][3096][gc           ] GC(27) Pause Young (Allocation Failure) 176M->107M(247M) 9.720ms
[2019-01-15T06:46:22.439+0000][3096][gc,cpu       ] GC(27) User=0.01s Sys=0.00s Real=0.01s
[2019-01-15T06:46:22.439+0000][3096][safepoint    ] Total time for which application threads were stopped: 0.0115709 seconds, Stopping threads took: 0.0000204 seconds
[2019-01-15T06:46:30.481+0000][3096][safepoint    ] Application time: 8.0408817 seconds
[2019-01-15T06:46:30.484+0000][3096][safepoint    ] Total time for which application threads were stopped: 0.0025057 seconds, Stopping threads took: 0.0001742 seconds
[2019-01-15T06:46:32.489+0000][3096][safepoint    ] Application time: 2.0037552 seconds
[2019-01-15T06:46:32.494+0000][3096][safepoint    ] Total time for which application threads were stopped: 0.0040008 seconds, Stopping threads took: 0.0006731 seconds
[2019-01-15T06:46:33.467+0000][3096][safepoint    ] Application time: 0.9721042 seconds
[2019-01-15T06:46:33.474+0000][3096][safepoint    ] Total time for which application threads were stopped: 0.0033159 seconds, Stopping threads took: 0.0007315 seconds
[2019-01-15T06:46:33.476+0000][3096][safepoint    ] Application time: 0.0016633 seconds
[2019-01-15T06:46:33.476+0000][3096][safepoint    ] Total time for which application threads were stopped: 0.0001347 seconds, Stopping threads took: 0.0000502 seconds
[2019-01-15T06:46:33.509+0000][3096][safepoint    ] Application time: 0.0328827 seconds
[2019-01-15T06:46:33.509+0000][3096][safepoint    ] Total time for which application threads were stopped: 0.0001266 seconds, Stopping threads took: 0.0000230 seconds
[2019-01-15T06:46:34.511+0000][3096][safepoint    ] Application time: 1.0009790 seconds
[2019-01-15T06:46:34.513+0000][3096][safepoint    ] Total time for which application threads were stopped: 0.0014507 seconds, Stopping threads took: 0.0000613 seconds
[2019-01-15T06:46:35.514+0000][3096][safepoint    ] Application time: 1.0005947 seconds
[2019-01-15T06:46:35.514+0000][3096][safepoint    ] Total time for which application threads were stopped: 0.0001567 seconds, Stopping threads took: 0.0000658 seconds
[2019-01-15T06:46:38.517+0000][3096][safepoint    ] Application time: 3.0023161 seconds
[2019-01-15T06:46:38.518+0000][3096][safepoint    ] Total time for which application threads were stopped: 0.0005312 seconds, Stopping threads took: 0.0000292 seconds
[2019-01-15T06:46:41.520+0000][3096][safepoint    ] Application time: 3.0014811 seconds
[2019-01-15T06:46:41.523+0000][3096][safepoint    ] Total time for which application threads were stopped: 0.0025750 seconds, Stopping threads took: 0.0000407 seconds
[2019-01-15T06:46:47.525+0000][3096][safepoint    ] Application time: 6.0021381 seconds
[2019-01-15T06:46:47.526+0000][3096][safepoint    ] Total time for which application threads were stopped: 0.0001426 seconds, Stopping threads took: 0.0000278 seconds
[2019-01-15T06:46:48.526+0000][3096][safepoint    ] Application time: 1.0004408 seconds
[2019-01-15T06:46:48.526+0000][3096][safepoint    ] Total time for which application threads were stopped: 0.0001392 seconds, Stopping threads took: 0.0000185 seconds
[2019-01-15T06:46:50.527+0000][3096][safepoint    ] Application time: 2.0007451 seconds
[2019-01-15T06:46:50.528+0000][3096][safepoint    ] Total time for which application threads were stopped: 0.0002722 seconds, Stopping threads took: 0.0000349 seconds
[2019-01-15T06:46:53.530+0000][3096][safepoint    ] Application time: 3.0013116 seconds
[2019-01-15T06:46:53.535+0000][3096][safepoint    ] Total time for which application threads were stopped: 0.0029335 seconds, Stopping threads took: 0.0000563 seconds
[2019-01-15T06:46:57.550+0000][3096][safepoint    ] Application time: 4.0150606 seconds
[2019-01-15T06:46:57.697+0000][3096][safepoint    ] Total time for which application threads were stopped: 0.1461697 seconds, Stopping threads took: 0.0000598 seconds
[2019-01-15T06:46:58.697+0000][3096][safepoint    ] Application time: 1.0006380 seconds
[2019-01-15T06:46:58.698+0000][3096][safepoint    ] Total time for which application threads were stopped: 0.0003679 seconds, Stopping threads took: 0.0000361 seconds
[2019-01-15T06:46:59.779+0000][3096][safepoint    ] Application time: 1.0815258 seconds
[2019-01-15T06:46:59.780+0000][3096][safepoint    ] Total time for which application threads were stopped: 0.0007142 seconds, Stopping threads took: 0.0000328 seconds
[2019-01-15T06:47:00.796+0000][3096][safepoint    ] Application time: 1.0031391 seconds
[2019-01-15T06:47:00.799+0000][3096][safepoint    ] Total time for which application threads were stopped: 0.0028927 seconds, Stopping threads took: 0.0011636 seconds
[2019-01-15T06:47:02.801+0000][3096][safepoint    ] Application time: 2.0013495 seconds
[2019-01-15T06:47:02.801+0000][3096][safepoint    ] Total time for which application threads were stopped: 0.0002007 seconds, Stopping threads took: 0.0000364 seconds
[2019-01-15T06:47:07.758+0000][3096][safepoint    ] Application time: 4.9551347 seconds
[2019-01-15T06:47:07.762+0000][3096][gc,start     ] GC(28) Pause Young (Allocation Failure)
[2019-01-15T06:47:07.765+0000][3096][gc,task      ] GC(28) Using 2 workers of 2 for evacuation
[2019-01-15T06:47:07.792+0000][3096][gc,age       ] GC(28) Desired survivor size 4456448 bytes, new threshold 6 (max threshold 6)
[2019-01-15T06:47:07.792+0000][3096][gc,age       ] GC(28) Age table with threshold 6 (max threshold 6)
[2019-01-15T06:47:07.792+0000][3096][gc,age       ] GC(28) - age   1:     116432 bytes,     116432 total
[2019-01-15T06:47:07.792+0000][3096][gc,age       ] GC(28) - age   2:     101136 bytes,     217568 total
[2019-01-15T06:47:07.792+0000][3096][gc,age       ] GC(28) - age   3:     959728 bytes,    1177296 total
[2019-01-15T06:47:07.792+0000][3096][gc,age       ] GC(28) - age   4:     177920 bytes,    1355216 total
[2019-01-15T06:47:07.794+0000][3096][gc,heap      ] GC(28) ParNew: 71435K->2345K(78656K)
[2019-01-15T06:47:07.794+0000][3096][gc,heap      ] GC(28) CMS: 108252K->108252K(174784K)
[2019-01-15T06:47:07.794+0000][3096][gc,metaspace ] GC(28) Metaspace: 81814K->81814K(1124352K)
[2019-01-15T06:47:07.794+0000][3096][gc           ] GC(28) Pause Young (Allocation Failure) 175M->108M(247M) 31.809ms
[2019-01-15T06:47:07.794+0000][3096][gc,cpu       ] GC(28) User=0.02s Sys=0.00s Real=0.03s
[2019-01-15T06:47:07.794+0000][3096][safepoint    ] Total time for which application threads were stopped: 0.0354212 seconds, Stopping threads took: 0.0000515 seconds
[2019-01-15T06:47:09.795+0000][3096][safepoint    ] Application time: 2.0010711 seconds
[2019-01-15T06:47:09.796+0000][3096][safepoint    ] Total time for which application threads were stopped: 0.0002897 seconds, Stopping threads took: 0.0001334 seconds
[2019-01-15T06:47:18.800+0000][3096][safepoint    ] Application time: 9.0044703 seconds
[2019-01-15T06:47:18.802+0000][3096][safepoint    ] Total time for which application threads were stopped: 0.0007925 seconds, Stopping threads took: 0.0000356 seconds
[2019-01-15T06:47:19.803+0000][3096][safepoint    ] Application time: 1.0003559 seconds
[2019-01-15T06:47:19.803+0000][3096][safepoint    ] Total time for which application threads were stopped: 0.0001800 seconds, Stopping threads took: 0.0000350 seconds
[2019-01-15T06:47:23.805+0000][3096][safepoint    ] Application time: 4.0015731 seconds
[2019-01-15T06:47:23.805+0000][3096][safepoint    ] Total time for which application threads were stopped: 0.0002617 seconds, Stopping threads took: 0.0000368 seconds
[2019-01-15T06:47:25.807+0000][3096][safepoint    ] Application time: 2.0010255 seconds
[2019-01-15T06:47:25.807+0000][3096][safepoint    ] Total time for which application threads were stopped: 0.0001943 seconds, Stopping threads took: 0.0000391 seconds
[2019-01-15T06:47:28.809+0000][3096][safepoint    ] Application time: 3.0013029 seconds
[2019-01-15T06:47:28.809+0000][3096][safepoint    ] Total time for which application threads were stopped: 0.0000931 seconds, Stopping threads took: 0.0000195 seconds
[2019-01-15T06:47:30.811+0000][3096][safepoint    ] Application time: 2.0008906 seconds
[2019-01-15T06:47:30.817+0000][3096][safepoint    ] Total time for which application threads were stopped: 0.0039766 seconds, Stopping threads took: 0.0000612 seconds
[2019-01-15T06:47:33.818+0000][3096][safepoint    ] Application time: 3.0013535 seconds
[2019-01-15T06:47:33.819+0000][3096][safepoint    ] Total time for which application threads were stopped: 0.0002603 seconds, Stopping threads took: 0.0001050 seconds
[2019-01-15T06:47:35.821+0000][3096][safepoint    ] Application time: 2.0013009 seconds
[2019-01-15T06:47:35.821+0000][3096][safepoint    ] Total time for which application threads were stopped: 0.0002607 seconds, Stopping threads took: 0.0000365 seconds
[2019-01-15T06:47:36.822+0000][3096][safepoint    ] Application time: 1.0004172 seconds
[2019-01-15T06:47:36.822+0000][3096][safepoint    ] Total time for which application threads were stopped: 0.0001876 seconds, Stopping threads took: 0.0000355 seconds
[2019-01-15T06:47:38.823+0000][3096][safepoint    ] Application time: 2.0008641 seconds
[2019-01-15T06:47:38.823+0000][3096][safepoint    ] Total time for which application threads were stopped: 0.0002937 seconds, Stopping threads took: 0.0000352 seconds
[2019-01-15T06:47:39.824+0000][3096][safepoint    ] Application time: 1.0002863 seconds
[2019-01-15T06:47:39.825+0000][3096][safepoint    ] Total time for which application threads were stopped: 0.0001899 seconds, Stopping threads took: 0.0000371 seconds
[2019-01-15T06:47:53.058+0000][3096][safepoint    ] Application time: 13.2330798 seconds
[2019-01-15T06:47:53.061+0000][3096][gc,start     ] GC(29) Pause Young (Allocation Failure)
[2019-01-15T06:47:53.063+0000][3096][gc,task      ] GC(29) Using 2 workers of 2 for evacuation
[2019-01-15T06:47:53.074+0000][3096][gc,age       ] GC(29) Desired survivor size 4456448 bytes, new threshold 6 (max threshold 6)
[2019-01-15T06:47:53.074+0000][3096][gc,age       ] GC(29) Age table with threshold 6 (max threshold 6)
[2019-01-15T06:47:53.074+0000][3096][gc,age       ] GC(29) - age   1:      12776 bytes,      12776 total
[2019-01-15T06:47:53.074+0000][3096][gc,age       ] GC(29) - age   2:     109368 bytes,     122144 total
[2019-01-15T06:47:53.074+0000][3096][gc,age       ] GC(29) - age   3:     100696 bytes,     222840 total
[2019-01-15T06:47:53.074+0000][3096][gc,age       ] GC(29) - age   4:     959728 bytes,    1182568 total
[2019-01-15T06:47:53.075+0000][3096][gc,age       ] GC(29) - age   5:     177896 bytes,    1360464 total
[2019-01-15T06:47:53.076+0000][3096][gc,heap      ] GC(29) ParNew: 72297K->1578K(78656K)
[2019-01-15T06:47:53.076+0000][3096][gc,heap      ] GC(29) CMS: 108252K->108252K(174784K)
[2019-01-15T06:47:53.076+0000][3096][gc,metaspace ] GC(29) Metaspace: 81833K->81833K(1124352K)
[2019-01-15T06:47:53.076+0000][3096][gc           ] GC(29) Pause Young (Allocation Failure) 176M->107M(247M) 14.501ms
[2019-01-15T06:47:53.076+0000][3096][gc,cpu       ] GC(29) User=0.02s Sys=0.00s Real=0.01s
[2019-01-15T06:47:53.076+0000][3096][safepoint    ] Total time for which application threads were stopped: 0.0176297 seconds, Stopping threads took: 0.0000307 seconds
[2019-01-15T06:47:58.083+0000][3096][safepoint    ] Application time: 5.0066967 seconds
[2019-01-15T06:47:58.083+0000][3096][safepoint    ] Total time for which application threads were stopped: 0.0001549 seconds, Stopping threads took: 0.0000187 seconds
[2019-01-15T06:48:02.087+0000][3096][safepoint    ] Application time: 4.0013264 seconds
[2019-01-15T06:48:02.231+0000][3096][safepoint    ] Total time for which application threads were stopped: 0.0025635 seconds, Stopping threads took: 0.0000280 seconds
[2019-01-15T06:48:08.234+0000][3096][safepoint    ] Application time: 6.0023353 seconds
[2019-01-15T06:48:08.238+0000][3096][safepoint    ] Total time for which application threads were stopped: 0.0038334 seconds, Stopping threads took: 0.0000676 seconds
[2019-01-15T06:48:09.238+0000][3096][safepoint    ] Application time: 1.0005910 seconds
[2019-01-15T06:48:09.239+0000][3096][safepoint    ] Total time for which application threads were stopped: 0.0002013 seconds, Stopping threads took: 0.0000357 seconds
[2019-01-15T06:48:21.256+0000][3096][safepoint    ] Application time: 12.0141773 seconds
[2019-01-15T06:48:21.260+0000][3096][safepoint    ] Total time for which application threads were stopped: 0.0027196 seconds, Stopping threads took: 0.0000673 seconds
[2019-01-15T06:48:30.294+0000][3096][safepoint    ] Application time: 9.0322901 seconds
[2019-01-15T06:48:30.301+0000][3096][safepoint    ] Total time for which application threads were stopped: 0.0047403 seconds, Stopping threads took: 0.0014462 seconds
[2019-01-15T06:48:32.348+0000][3096][safepoint    ] Application time: 2.0420818 seconds
[2019-01-15T06:48:32.357+0000][3096][safepoint    ] Total time for which application threads were stopped: 0.0057525 seconds, Stopping threads took: 0.0032178 seconds
[2019-01-15T06:48:32.390+0000][3096][safepoint    ] Application time: 0.0323992 seconds
[2019-01-15T06:48:32.393+0000][3096][safepoint    ] Total time for which application threads were stopped: 0.0032334 seconds, Stopping threads took: 0.0030931 seconds
[2019-01-15T06:48:38.541+0000][3096][safepoint    ] Application time: 6.1457582 seconds
[2019-01-15T06:48:38.547+0000][3096][gc,start     ] GC(30) Pause Young (Allocation Failure)
[2019-01-15T06:48:38.549+0000][3096][gc,task      ] GC(30) Using 2 workers of 2 for evacuation
[2019-01-15T06:48:38.557+0000][3096][gc,age       ] GC(30) Desired survivor size 4456448 bytes, new threshold 6 (max threshold 6)
[2019-01-15T06:48:38.557+0000][3096][gc,age       ] GC(30) Age table with threshold 6 (max threshold 6)
[2019-01-15T06:48:38.557+0000][3096][gc,age       ] GC(30) - age   1:     107648 bytes,     107648 total
[2019-01-15T06:48:38.557+0000][3096][gc,age       ] GC(30) - age   2:       5368 bytes,     113016 total
[2019-01-15T06:48:38.557+0000][3096][gc,age       ] GC(30) - age   3:      10216 bytes,     123232 total
[2019-01-15T06:48:38.557+0000][3096][gc,age       ] GC(30) - age   4:     100544 bytes,     223776 total
[2019-01-15T06:48:38.557+0000][3096][gc,age       ] GC(30) - age   5:     924088 bytes,    1147864 total
[2019-01-15T06:48:38.557+0000][3096][gc,age       ] GC(30) - age   6:     173584 bytes,    1321448 total
[2019-01-15T06:48:38.560+0000][3096][gc,heap      ] GC(30) ParNew: 71530K->2387K(78656K)
[2019-01-15T06:48:38.560+0000][3096][gc,heap      ] GC(30) CMS: 108252K->108252K(174784K)
[2019-01-15T06:48:38.560+0000][3096][gc,metaspace ] GC(30) Metaspace: 81869K->81869K(1124352K)
[2019-01-15T06:48:38.561+0000][3096][gc           ] GC(30) Pause Young (Allocation Failure) 175M->108M(247M) 13.020ms
[2019-01-15T06:48:38.561+0000][3096][gc,cpu       ] GC(30) User=0.01s Sys=0.00s Real=0.02s
[2019-01-15T06:48:38.561+0000][3096][safepoint    ] Total time for which application threads were stopped: 0.0183581 seconds, Stopping threads took: 0.0002987 seconds
[2019-01-15T06:48:42.604+0000][3096][safepoint    ] Application time: 4.0290721 seconds
[2019-01-15T06:48:42.647+0000][3096][safepoint    ] Total time for which application threads were stopped: 0.0072990 seconds, Stopping threads took: 0.0022460 seconds
[2019-01-15T06:48:43.648+0000][3096][safepoint    ] Application time: 1.0004166 seconds
[2019-01-15T06:48:43.651+0000][3096][safepoint    ] Total time for which application threads were stopped: 0.0030227 seconds, Stopping threads took: 0.0026826 seconds
[2019-01-15T06:48:44.474+0000][3096][safepoint    ] Application time: 0.8204580 seconds
[2019-01-15T06:48:44.478+0000][3096][safepoint    ] Total time for which application threads were stopped: 0.0010221 seconds, Stopping threads took: 0.0000504 seconds
[2019-01-15T06:48:49.493+0000][3096][safepoint    ] Application time: 5.0129386 seconds
[2019-01-15T06:48:49.497+0000][3096][safepoint    ] Total time for which application threads were stopped: 0.0045032 seconds, Stopping threads took: 0.0000623 seconds
[2019-01-15T06:48:51.562+0000][3096][safepoint    ] Application time: 2.0636179 seconds
[2019-01-15T06:48:51.566+0000][3096][safepoint    ] Total time for which application threads were stopped: 0.0016559 seconds, Stopping threads took: 0.0003000 seconds
[2019-01-15T06:48:52.584+0000][3096][safepoint    ] Application time: 1.0156359 seconds
[2019-01-15T06:48:52.613+0000][3096][safepoint    ] Total time for which application threads were stopped: 0.0266685 seconds, Stopping threads took: 0.0001408 seconds
[2019-01-15T06:49:07.627+0000][3096][safepoint    ] Application time: 15.0120345 seconds
[2019-01-15T06:49:07.630+0000][3096][safepoint    ] Total time for which application threads were stopped: 0.0026640 seconds, Stopping threads took: 0.0000546 seconds
[2019-01-15T06:49:09.634+0000][3096][safepoint    ] Application time: 2.0016864 seconds
[2019-01-15T06:49:09.642+0000][3096][safepoint    ] Total time for which application threads were stopped: 0.0072481 seconds, Stopping threads took: 0.0000581 seconds
[2019-01-15T06:49:15.682+0000][3096][safepoint    ] Application time: 6.0400694 seconds
[2019-01-15T06:49:15.684+0000][3096][safepoint    ] Total time for which application threads were stopped: 0.0011255 seconds, Stopping threads took: 0.0000410 seconds
[2019-01-15T06:49:20.714+0000][3096][safepoint    ] Application time: 5.0245157 seconds
[2019-01-15T06:49:20.803+0000][3096][safepoint    ] Total time for which application threads were stopped: 0.0015209 seconds, Stopping threads took: 0.0000349 seconds
[2019-01-15T06:49:21.810+0000][3096][safepoint    ] Application time: 1.0041924 seconds
[2019-01-15T06:49:21.817+0000][3096][safepoint    ] Total time for which application threads were stopped: 0.0036737 seconds, Stopping threads took: 0.0000390 seconds
[2019-01-15T06:49:23.896+0000][3096][safepoint    ] Application time: 2.0786200 seconds
[2019-01-15T06:49:23.901+0000][3096][gc,start     ] GC(31) Pause Young (Allocation Failure)
[2019-01-15T06:49:23.904+0000][3096][gc,task      ] GC(31) Using 2 workers of 2 for evacuation
[2019-01-15T06:49:23.938+0000][3096][gc,age       ] GC(31) Desired survivor size 4456448 bytes, new threshold 6 (max threshold 6)
[2019-01-15T06:49:23.938+0000][3096][gc,age       ] GC(31) Age table with threshold 6 (max threshold 6)
[2019-01-15T06:49:23.938+0000][3096][gc,age       ] GC(31) - age   1:     116264 bytes,     116264 total
[2019-01-15T06:49:23.938+0000][3096][gc,age       ] GC(31) - age   2:       1328 bytes,     117592 total
[2019-01-15T06:49:23.938+0000][3096][gc,age       ] GC(31) - age   3:       5048 bytes,     122640 total
[2019-01-15T06:49:23.938+0000][3096][gc,age       ] GC(31) - age   4:      10112 bytes,     132752 total
[2019-01-15T06:49:23.938+0000][3096][gc,age       ] GC(31) - age   5:      74424 bytes,     207176 total
[2019-01-15T06:49:23.938+0000][3096][gc,age       ] GC(31) - age   6:     924040 bytes,    1131216 total
[2019-01-15T06:49:23.939+0000][3096][gc,heap      ] GC(31) ParNew: 72339K->1564K(78656K)
[2019-01-15T06:49:23.939+0000][3096][gc,heap      ] GC(31) CMS: 108252K->108425K(174784K)
[2019-01-15T06:49:23.939+0000][3096][gc,metaspace ] GC(31) Metaspace: 81935K->81935K(1124352K)
[2019-01-15T06:49:23.939+0000][3096][gc           ] GC(31) Pause Young (Allocation Failure) 176M->107M(247M) 38.374ms
[2019-01-15T06:49:23.939+0000][3096][gc,cpu       ] GC(31) User=0.04s Sys=0.01s Real=0.03s
[2019-01-15T06:49:23.939+0000][3096][safepoint    ] Total time for which application threads were stopped: 0.0430496 seconds, Stopping threads took: 0.0002121 seconds
[2019-01-15T06:49:25.942+0000][3096][safepoint    ] Application time: 2.0028069 seconds
[2019-01-15T06:49:25.943+0000][3096][safepoint    ] Total time for which application threads were stopped: 0.0006028 seconds, Stopping threads took: 0.0000236 seconds
[2019-01-15T06:49:27.581+0000][3096][safepoint    ] Application time: 1.6379974 seconds
[2019-01-15T06:49:27.582+0000][3096][safepoint    ] Total time for which application threads were stopped: 0.0008279 seconds, Stopping threads took: 0.0000245 seconds
[2019-01-15T06:49:27.583+0000][3096][safepoint    ] Application time: 0.0004146 seconds
[2019-01-15T06:49:27.583+0000][3096][safepoint    ] Total time for which application threads were stopped: 0.0003664 seconds, Stopping threads took: 0.0000485 seconds
[2019-01-15T06:49:27.583+0000][3096][safepoint    ] Application time: 0.0001004 seconds
[2019-01-15T06:49:27.583+0000][3096][safepoint    ] Total time for which application threads were stopped: 0.0000836 seconds, Stopping threads took: 0.0000211 seconds
[2019-01-15T06:49:27.635+0000][3096][safepoint    ] Application time: 0.0515255 seconds
[2019-01-15T06:49:27.640+0000][3096][safepoint    ] Total time for which application threads were stopped: 0.0056749 seconds, Stopping threads took: 0.0055326 seconds
[2019-01-15T06:49:27.653+0000][3096][safepoint    ] Application time: 0.0125248 seconds
[2019-01-15T06:49:27.653+0000][3096][safepoint    ] Total time for which application threads were stopped: 0.0001304 seconds, Stopping threads took: 0.0000225 seconds
[2019-01-15T06:49:27.667+0000][3096][safepoint    ] Application time: 0.0140713 seconds
[2019-01-15T06:49:27.673+0000][3096][safepoint    ] Total time for which application threads were stopped: 0.0060762 seconds, Stopping threads took: 0.0059873 seconds
[2019-01-15T06:49:27.674+0000][3096][safepoint    ] Application time: 0.0008072 seconds
[2019-01-15T06:49:27.674+0000][3096][safepoint    ] Total time for which application threads were stopped: 0.0001011 seconds, Stopping threads took: 0.0000088 seconds
[2019-01-15T06:49:27.678+0000][3096][safepoint    ] Application time: 0.0035177 seconds
[2019-01-15T06:49:27.679+0000][3096][safepoint    ] Total time for which application threads were stopped: 0.0003447 seconds, Stopping threads took: 0.0002778 seconds
[2019-01-15T06:49:27.692+0000][3096][safepoint    ] Application time: 0.0129296 seconds
[2019-01-15T06:49:27.701+0000][3096][safepoint    ] Total time for which application threads were stopped: 0.0090026 seconds, Stopping threads took: 0.0088574 seconds
[2019-01-15T06:49:27.989+0000][3096][safepoint    ] Application time: 0.2881360 seconds
[2019-01-15T06:49:27.989+0000][3096][safepoint    ] Total time for which application threads were stopped: 0.0002209 seconds, Stopping threads took: 0.0001301 seconds
[2019-01-15T06:49:27.989+0000][3096][safepoint    ] Application time: 0.0003738 seconds
[2019-01-15T06:49:27.990+0000][3096][safepoint    ] Total time for which application threads were stopped: 0.0003043 seconds, Stopping threads took: 0.0000064 seconds
[2019-01-15T06:49:27.990+0000][3096][safepoint    ] Application time: 0.0006438 seconds
[2019-01-15T06:49:27.991+0000][3096][safepoint    ] Total time for which application threads were stopped: 0.0000957 seconds, Stopping threads took: 0.0000097 seconds
[2019-01-15T06:49:27.992+0000][3096][safepoint    ] Application time: 0.0016890 seconds
[2019-01-15T06:49:27.992+0000][3096][safepoint    ] Total time for which application threads were stopped: 0.0000521 seconds, Stopping threads took: 0.0000081 seconds
[2019-01-15T06:49:27.992+0000][3096][safepoint    ] Application time: 0.0000598 seconds
[2019-01-15T06:49:27.993+0000][3096][safepoint    ] Total time for which application threads were stopped: 0.0000719 seconds, Stopping threads took: 0.0000112 seconds
[2019-01-15T06:49:27.995+0000][3096][safepoint    ] Application time: 0.0028778 seconds
[2019-01-15T06:49:27.996+0000][3096][safepoint    ] Total time for which application threads were stopped: 0.0001140 seconds, Stopping threads took: 0.0000242 seconds
[2019-01-15T06:49:28.021+0000][3096][safepoint    ] Application time: 0.0255146 seconds
[2019-01-15T06:49:28.021+0000][3096][safepoint    ] Total time for which application threads were stopped: 0.0000677 seconds, Stopping threads took: 0.0000196 seconds
[2019-01-15T06:49:28.025+0000][3096][safepoint    ] Application time: 0.0038977 seconds
[2019-01-15T06:49:28.028+0000][3096][safepoint    ] Total time for which application threads were stopped: 0.0030570 seconds, Stopping threads took: 0.0029160 seconds
[2019-01-15T06:49:28.032+0000][3096][safepoint    ] Application time: 0.0032651 seconds
[2019-01-15T06:49:28.035+0000][3096][safepoint    ] Total time for which application threads were stopped: 0.0037422 seconds, Stopping threads took: 0.0036668 seconds
[2019-01-15T06:49:28.036+0000][3096][safepoint    ] Application time: 0.0002847 seconds
[2019-01-15T06:49:28.039+0000][3096][safepoint    ] Total time for which application threads were stopped: 0.0030677 seconds, Stopping threads took: 0.0029177 seconds
[2019-01-15T06:49:28.040+0000][3096][safepoint    ] Application time: 0.0007461 seconds
[2019-01-15T06:49:28.040+0000][3096][safepoint    ] Total time for which application threads were stopped: 0.0003207 seconds, Stopping threads took: 0.0000238 seconds
[2019-01-15T06:49:28.048+0000][3096][safepoint    ] Application time: 0.0079313 seconds
[2019-01-15T06:49:28.077+0000][3096][safepoint    ] Total time for which application threads were stopped: 0.0293739 seconds, Stopping threads took: 0.0293117 seconds
[2019-01-15T06:49:28.082+0000][3096][safepoint    ] Application time: 0.0048668 seconds
[2019-01-15T06:49:28.082+0000][3096][safepoint    ] Total time for which application threads were stopped: 0.0000654 seconds, Stopping threads took: 0.0000141 seconds
[2019-01-15T06:49:28.085+0000][3096][safepoint    ] Application time: 0.0022344 seconds
[2019-01-15T06:49:28.085+0000][3096][safepoint    ] Total time for which application threads were stopped: 0.0001252 seconds, Stopping threads took: 0.0000431 seconds
[2019-01-15T06:49:28.105+0000][3096][safepoint    ] Application time: 0.0205442 seconds
[2019-01-15T06:49:28.106+0000][3096][safepoint    ] Total time for which application threads were stopped: 0.0004748 seconds, Stopping threads took: 0.0000748 seconds
[2019-01-15T06:49:28.106+0000][3096][safepoint    ] Application time: 0.0002504 seconds
[2019-01-15T06:49:28.108+0000][3096][safepoint    ] Total time for which application threads were stopped: 0.0015389 seconds, Stopping threads took: 0.0013968 seconds
[2019-01-15T06:49:28.109+0000][3096][safepoint    ] Application time: 0.0010669 seconds
[2019-01-15T06:49:28.109+0000][3096][safepoint    ] Total time for which application threads were stopped: 0.0001278 seconds, Stopping threads took: 0.0000743 seconds
[2019-01-15T06:49:28.110+0000][3096][safepoint    ] Application time: 0.0002841 seconds
[2019-01-15T06:49:28.110+0000][3096][safepoint    ] Total time for which application threads were stopped: 0.0001424 seconds, Stopping threads took: 0.0001083 seconds
[2019-01-15T06:49:28.151+0000][3096][safepoint    ] Application time: 0.0408843 seconds
[2019-01-15T06:49:28.151+0000][3096][safepoint    ] Total time for which application threads were stopped: 0.0001004 seconds, Stopping threads took: 0.0000076 seconds
[2019-01-15T06:49:28.152+0000][3096][safepoint    ] Application time: 0.0014884 seconds
[2019-01-15T06:49:28.152+0000][3096][safepoint    ] Total time for which application threads were stopped: 0.0000657 seconds, Stopping threads took: 0.0000065 seconds
[2019-01-15T06:49:28.152+0000][3096][safepoint    ] Application time: 0.0000221 seconds
[2019-01-15T06:49:28.152+0000][3096][safepoint    ] Total time for which application threads were stopped: 0.0000268 seconds, Stopping threads took: 0.0000012 seconds
[2019-01-15T06:49:28.153+0000][3096][safepoint    ] Application time: 0.0000609 seconds
[2019-01-15T06:49:28.153+0000][3096][safepoint    ] Total time for which application threads were stopped: 0.0000316 seconds, Stopping threads took: 0.0000027 seconds
[2019-01-15T06:49:28.153+0000][3096][safepoint    ] Application time: 0.0000108 seconds
[2019-01-15T06:49:28.153+0000][3096][safepoint    ] Total time for which application threads were stopped: 0.0000385 seconds, Stopping threads took: 0.0000009 seconds
[2019-01-15T06:49:28.153+0000][3096][safepoint    ] Application time: 0.0002214 seconds
[2019-01-15T06:49:28.153+0000][3096][safepoint    ] Total time for which application threads were stopped: 0.0001701 seconds, Stopping threads took: 0.0000040 seconds
[2019-01-15T06:49:28.153+0000][3096][safepoint    ] Application time: 0.0001578 seconds
[2019-01-15T06:49:28.153+0000][3096][safepoint    ] Total time for which application threads were stopped: 0.0000315 seconds, Stopping threads took: 0.0000020 seconds
[2019-01-15T06:49:28.153+0000][3096][safepoint    ] Application time: 0.0001115 seconds
[2019-01-15T06:49:28.153+0000][3096][safepoint    ] Total time for which application threads were stopped: 0.0000326 seconds, Stopping threads took: 0.0000026 seconds
[2019-01-15T06:49:28.154+0000][3096][safepoint    ] Application time: 0.0000848 seconds
[2019-01-15T06:49:28.154+0000][3096][safepoint    ] Total time for which application threads were stopped: 0.0000313 seconds, Stopping threads took: 0.0000026 seconds
[2019-01-15T06:49:28.154+0000][3096][safepoint    ] Application time: 0.0001330 seconds
[2019-01-15T06:49:28.154+0000][3096][safepoint    ] Total time for which application threads were stopped: 0.0000298 seconds, Stopping threads took: 0.0000025 seconds
[2019-01-15T06:49:28.155+0000][3096][safepoint    ] Application time: 0.0016840 seconds
[2019-01-15T06:49:28.156+0000][3096][safepoint    ] Total time for which application threads were stopped: 0.0000842 seconds, Stopping threads took: 0.0000191 seconds
[2019-01-15T06:49:28.156+0000][3096][safepoint    ] Application time: 0.0004882 seconds
[2019-01-15T06:49:28.156+0000][3096][safepoint    ] Total time for which application threads were stopped: 0.0000366 seconds, Stopping threads took: 0.0000037 seconds
[2019-01-15T06:49:28.157+0000][3096][safepoint    ] Application time: 0.0005554 seconds
[2019-01-15T06:49:28.157+0000][3096][safepoint    ] Total time for which application threads were stopped: 0.0000293 seconds, Stopping threads took: 0.0000027 seconds
[2019-01-15T06:49:28.157+0000][3096][safepoint    ] Application time: 0.0002114 seconds
[2019-01-15T06:49:28.157+0000][3096][safepoint    ] Total time for which application threads were stopped: 0.0000607 seconds, Stopping threads took: 0.0000034 seconds
[2019-01-15T06:49:28.157+0000][3096][safepoint    ] Application time: 0.0002978 seconds
[2019-01-15T06:49:28.157+0000][3096][safepoint    ] Total time for which application threads were stopped: 0.0000288 seconds, Stopping threads took: 0.0000023 seconds
[2019-01-15T06:49:28.157+0000][3096][safepoint    ] Application time: 0.0001525 seconds
[2019-01-15T06:49:28.158+0000][3096][safepoint    ] Total time for which application threads were stopped: 0.0000329 seconds, Stopping threads took: 0.0000024 seconds
[2019-01-15T06:49:28.158+0000][3096][safepoint    ] Application time: 0.0002919 seconds
[2019-01-15T06:49:28.158+0000][3096][safepoint    ] Total time for which application threads were stopped: 0.0000368 seconds, Stopping threads took: 0.0000032 seconds
[2019-01-15T06:49:28.158+0000][3096][safepoint    ] Application time: 0.0004041 seconds
[2019-01-15T06:49:28.158+0000][3096][safepoint    ] Total time for which application threads were stopped: 0.0000320 seconds, Stopping threads took: 0.0000025 seconds
[2019-01-15T06:49:28.159+0000][3096][safepoint    ] Application time: 0.0002478 seconds
[2019-01-15T06:49:28.159+0000][3096][safepoint    ] Total time for which application threads were stopped: 0.0000264 seconds, Stopping threads took: 0.0000023 seconds
[2019-01-15T06:49:28.159+0000][3096][safepoint    ] Application time: 0.0000583 seconds
[2019-01-15T06:49:28.159+0000][3096][safepoint    ] Total time for which application threads were stopped: 0.0000257 seconds, Stopping threads took: 0.0000023 seconds
[2019-01-15T06:49:28.159+0000][3096][safepoint    ] Application time: 0.0001666 seconds
[2019-01-15T06:49:28.159+0000][3096][safepoint    ] Total time for which application threads were stopped: 0.0000407 seconds, Stopping threads took: 0.0000159 seconds
[2019-01-15T06:49:28.159+0000][3096][safepoint    ] Application time: 0.0000697 seconds
[2019-01-15T06:49:28.159+0000][3096][safepoint    ] Total time for which application threads were stopped: 0.0000272 seconds, Stopping threads took: 0.0000027 seconds
[2019-01-15T06:49:28.178+0000][3096][safepoint    ] Application time: 0.0186305 seconds
[2019-01-15T06:49:28.178+0000][3096][safepoint    ] Total time for which application threads were stopped: 0.0001936 seconds, Stopping threads took: 0.0000076 seconds
[2019-01-15T06:49:28.178+0000][3096][safepoint    ] Application time: 0.0003302 seconds
[2019-01-15T06:49:28.178+0000][3096][safepoint    ] Total time for which application threads were stopped: 0.0000477 seconds, Stopping threads took: 0.0000042 seconds
[2019-01-15T06:49:28.178+0000][3096][safepoint    ] Application time: 0.0000368 seconds
[2019-01-15T06:49:28.179+0000][3096][safepoint    ] Total time for which application threads were stopped: 0.0001054 seconds, Stopping threads took: 0.0000291 seconds
[2019-01-15T06:49:28.179+0000][3096][safepoint    ] Application time: 0.0002944 seconds
[2019-01-15T06:49:28.179+0000][3096][safepoint    ] Total time for which application threads were stopped: 0.0000463 seconds, Stopping threads took: 0.0000040 seconds
[2019-01-15T06:49:28.179+0000][3096][safepoint    ] Application time: 0.0000781 seconds
[2019-01-15T06:49:28.179+0000][3096][safepoint    ] Total time for which application threads were stopped: 0.0000335 seconds, Stopping threads took: 0.0000025 seconds
[2019-01-15T06:49:28.179+0000][3096][safepoint    ] Application time: 0.0001087 seconds
[2019-01-15T06:49:28.179+0000][3096][safepoint    ] Total time for which application threads were stopped: 0.0000456 seconds, Stopping threads took: 0.0000027 seconds
[2019-01-15T06:49:28.179+0000][3096][safepoint    ] Application time: 0.0001769 seconds
[2019-01-15T06:49:28.179+0000][3096][safepoint    ] Total time for which application threads were stopped: 0.0000397 seconds, Stopping threads took: 0.0000028 seconds
[2019-01-15T06:49:28.181+0000][3096][safepoint    ] Application time: 0.0010178 seconds
[2019-01-15T06:49:28.181+0000][3096][safepoint    ] Total time for which application threads were stopped: 0.0003829 seconds, Stopping threads took: 0.0003130 seconds
[2019-01-15T06:49:28.182+0000][3096][safepoint    ] Application time: 0.0011086 seconds
[2019-01-15T06:49:28.182+0000][3096][safepoint    ] Total time for which application threads were stopped: 0.0000641 seconds, Stopping threads took: 0.0000072 seconds
[2019-01-15T06:49:28.183+0000][3096][safepoint    ] Application time: 0.0002944 seconds
[2019-01-15T06:49:28.183+0000][3096][safepoint    ] Total time for which application threads were stopped: 0.0001655 seconds, Stopping threads took: 0.0000049 seconds
[2019-01-15T06:49:28.185+0000][3096][safepoint    ] Application time: 0.0016377 seconds
[2019-01-15T06:49:28.185+0000][3096][safepoint    ] Total time for which application threads were stopped: 0.0001938 seconds, Stopping threads took: 0.0000082 seconds
[2019-01-15T06:49:28.185+0000][3096][safepoint    ] Application time: 0.0004224 seconds
[2019-01-15T06:49:28.186+0000][3096][safepoint    ] Total time for which application threads were stopped: 0.0000957 seconds, Stopping threads took: 0.0000041 seconds
[2019-01-15T06:49:28.186+0000][3096][safepoint    ] Application time: 0.0009628 seconds
[2019-01-15T06:49:28.187+0000][3096][safepoint    ] Total time for which application threads were stopped: 0.0003512 seconds, Stopping threads took: 0.0000421 seconds
[2019-01-15T06:49:28.188+0000][3096][safepoint    ] Application time: 0.0006427 seconds
[2019-01-15T06:49:28.188+0000][3096][safepoint    ] Total time for which application threads were stopped: 0.0001538 seconds, Stopping threads took: 0.0000252 seconds
[2019-01-15T06:49:28.189+0000][3096][safepoint    ] Application time: 0.0004435 seconds
[2019-01-15T06:49:28.189+0000][3096][safepoint    ] Total time for which application threads were stopped: 0.0001489 seconds, Stopping threads took: 0.0000980 seconds
[2019-01-15T06:49:28.189+0000][3096][safepoint    ] Application time: 0.0004990 seconds
[2019-01-15T06:49:28.189+0000][3096][safepoint    ] Total time for which application threads were stopped: 0.0000488 seconds, Stopping threads took: 0.0000044 seconds
[2019-01-15T06:49:28.190+0000][3096][safepoint    ] Application time: 0.0002753 seconds
[2019-01-15T06:49:28.190+0000][3096][safepoint    ] Total time for which application threads were stopped: 0.0000608 seconds, Stopping threads took: 0.0000107 seconds
[2019-01-15T06:49:28.190+0000][3096][safepoint    ] Application time: 0.0003207 seconds
[2019-01-15T06:49:28.190+0000][3096][safepoint    ] Total time for which application threads were stopped: 0.0001526 seconds, Stopping threads took: 0.0000241 seconds
[2019-01-15T06:49:28.191+0000][3096][safepoint    ] Application time: 0.0004753 seconds
[2019-01-15T06:49:28.191+0000][3096][safepoint    ] Total time for which application threads were stopped: 0.0000423 seconds, Stopping threads took: 0.0000094 seconds
[2019-01-15T06:49:28.191+0000][3096][safepoint    ] Application time: 0.0000269 seconds
[2019-01-15T06:49:28.191+0000][3096][safepoint    ] Total time for which application threads were stopped: 0.0000608 seconds, Stopping threads took: 0.0000059 seconds
[2019-01-15T06:49:28.191+0000][3096][safepoint    ] Application time: 0.0000124 seconds
[2019-01-15T06:49:28.191+0000][3096][safepoint    ] Total time for which application threads were stopped: 0.0000427 seconds, Stopping threads took: 0.0000105 seconds
[2019-01-15T06:49:28.191+0000][3096][safepoint    ] Application time: 0.0000261 seconds
[2019-01-15T06:49:28.191+0000][3096][safepoint    ] Total time for which application threads were stopped: 0.0000271 seconds, Stopping threads took: 0.0000057 seconds
[2019-01-15T06:49:28.191+0000][3096][safepoint    ] Application time: 0.0000107 seconds
[2019-01-15T06:49:28.191+0000][3096][safepoint    ] Total time for which application threads were stopped: 0.0000246 seconds, Stopping threads took: 0.0000050 seconds
[2019-01-15T06:49:28.191+0000][3096][safepoint    ] Application time: 0.0000142 seconds
[2019-01-15T06:49:28.191+0000][3096][safepoint    ] Total time for which application threads were stopped: 0.0001197 seconds, Stopping threads took: 0.0000922 seconds
[2019-01-15T06:49:28.191+0000][3096][safepoint    ] Application time: 0.0000148 seconds
[2019-01-15T06:49:28.191+0000][3096][safepoint    ] Total time for which application threads were stopped: 0.0000247 seconds, Stopping threads took: 0.0000054 seconds
[2019-01-15T06:49:28.191+0000][3096][safepoint    ] Application time: 0.0000366 seconds
[2019-01-15T06:49:28.191+0000][3096][safepoint    ] Total time for which application threads were stopped: 0.0000423 seconds, Stopping threads took: 0.0000057 seconds
[2019-01-15T06:49:28.191+0000][3096][safepoint    ] Application time: 0.0001039 seconds
[2019-01-15T06:49:28.191+0000][3096][safepoint    ] Total time for which application threads were stopped: 0.0000309 seconds, Stopping threads took: 0.0000071 seconds
[2019-01-15T06:49:28.191+0000][3096][safepoint    ] Application time: 0.0000214 seconds
[2019-01-15T06:49:28.192+0000][3096][safepoint    ] Total time for which application threads were stopped: 0.0000240 seconds, Stopping threads took: 0.0000052 seconds
[2019-01-15T06:49:28.192+0000][3096][safepoint    ] Application time: 0.0000481 seconds
[2019-01-15T06:49:28.192+0000][3096][safepoint    ] Total time for which application threads were stopped: 0.0000236 seconds, Stopping threads took: 0.0000053 seconds
[2019-01-15T06:49:28.192+0000][3096][safepoint    ] Application time: 0.0007428 seconds
[2019-01-15T06:49:28.192+0000][3096][safepoint    ] Total time for which application threads were stopped: 0.0000467 seconds, Stopping threads took: 0.0000108 seconds
[2019-01-15T06:49:28.193+0000][3096][safepoint    ] Application time: 0.0000996 seconds
[2019-01-15T06:49:28.193+0000][3096][safepoint    ] Total time for which application threads were stopped: 0.0000903 seconds, Stopping threads took: 0.0000072 seconds
[2019-01-15T06:49:28.193+0000][3096][safepoint    ] Application time: 0.0000293 seconds
[2019-01-15T06:49:28.193+0000][3096][safepoint    ] Total time for which application threads were stopped: 0.0000470 seconds, Stopping threads took: 0.0000120 seconds
[2019-01-15T06:49:28.193+0000][3096][safepoint    ] Application time: 0.0001571 seconds
[2019-01-15T06:49:28.193+0000][3096][safepoint    ] Total time for which application threads were stopped: 0.0000479 seconds, Stopping threads took: 0.0000073 seconds
[2019-01-15T06:49:28.193+0000][3096][safepoint    ] Application time: 0.0000733 seconds
[2019-01-15T06:49:28.193+0000][3096][safepoint    ] Total time for which application threads were stopped: 0.0001229 seconds, Stopping threads took: 0.0000064 seconds
[2019-01-15T06:49:28.194+0000][3096][safepoint    ] Application time: 0.0001539 seconds
[2019-01-15T06:49:28.194+0000][3096][safepoint    ] Total time for which application threads were stopped: 0.0000331 seconds, Stopping threads took: 0.0000073 seconds
[2019-01-15T06:49:28.194+0000][3096][safepoint    ] Application time: 0.0006070 seconds
[2019-01-15T06:49:28.197+0000][3096][safepoint    ] Total time for which application threads were stopped: 0.0030111 seconds, Stopping threads took: 0.0000110 seconds
[2019-01-15T06:49:28.197+0000][3096][safepoint    ] Application time: 0.0001248 seconds
[2019-01-15T06:49:28.197+0000][3096][safepoint    ] Total time for which application threads were stopped: 0.0000478 seconds, Stopping threads took: 0.0000103 seconds
[2019-01-15T06:49:28.198+0000][3096][safepoint    ] Application time: 0.0004020 seconds
[2019-01-15T06:49:28.198+0000][3096][safepoint    ] Total time for which application threads were stopped: 0.0000470 seconds, Stopping threads took: 0.0000092 seconds
[2019-01-15T06:49:28.198+0000][3096][safepoint    ] Application time: 0.0000325 seconds
[2019-01-15T06:49:28.198+0000][3096][safepoint    ] Total time for which application threads were stopped: 0.0000285 seconds, Stopping threads took: 0.0000054 seconds
[2019-01-15T06:49:28.199+0000][3096][safepoint    ] Application time: 0.0012975 seconds
[2019-01-15T06:49:28.200+0000][3096][safepoint    ] Total time for which application threads were stopped: 0.0003160 seconds, Stopping threads took: 0.0000406 seconds
[2019-01-15T06:49:28.200+0000][3096][safepoint    ] Application time: 0.0000464 seconds
[2019-01-15T06:49:28.200+0000][3096][safepoint    ] Total time for which application threads were stopped: 0.0000763 seconds, Stopping threads took: 0.0000078 seconds
[2019-01-15T06:49:28.200+0000][3096][safepoint    ] Application time: 0.0000510 seconds
[2019-01-15T06:49:28.200+0000][3096][safepoint    ] Total time for which application threads were stopped: 0.0004492 seconds, Stopping threads took: 0.0000081 seconds
[2019-01-15T06:49:28.201+0000][3096][safepoint    ] Application time: 0.0000444 seconds
[2019-01-15T06:49:28.201+0000][3096][safepoint    ] Total time for which application threads were stopped: 0.0000451 seconds, Stopping threads took: 0.0000088 seconds
[2019-01-15T06:49:28.201+0000][3096][safepoint    ] Application time: 0.0000540 seconds
[2019-01-15T06:49:28.201+0000][3096][safepoint    ] Total time for which application threads were stopped: 0.0000268 seconds, Stopping threads took: 0.0000057 seconds
[2019-01-15T06:49:28.201+0000][3096][safepoint    ] Application time: 0.0000421 seconds
[2019-01-15T06:49:28.201+0000][3096][safepoint    ] Total time for which application threads were stopped: 0.0000756 seconds, Stopping threads took: 0.0000133 seconds
[2019-01-15T06:49:28.201+0000][3096][safepoint    ] Application time: 0.0000647 seconds
[2019-01-15T06:49:28.201+0000][3096][safepoint    ] Total time for which application threads were stopped: 0.0000328 seconds, Stopping threads took: 0.0000071 seconds
[2019-01-15T06:49:28.201+0000][3096][safepoint    ] Application time: 0.0000320 seconds
[2019-01-15T06:49:28.201+0000][3096][safepoint    ] Total time for which application threads were stopped: 0.0000559 seconds, Stopping threads took: 0.0000218 seconds
[2019-01-15T06:49:28.204+0000][3096][safepoint    ] Application time: 0.0026922 seconds
[2019-01-15T06:49:28.204+0000][3096][safepoint    ] Total time for which application threads were stopped: 0.0001489 seconds, Stopping threads took: 0.0000159 seconds
[2019-01-15T06:49:28.204+0000][3096][safepoint    ] Application time: 0.0002278 seconds
[2019-01-15T06:49:28.204+0000][3096][safepoint    ] Total time for which application threads were stopped: 0.0000575 seconds, Stopping threads took: 0.0000041 seconds
[2019-01-15T06:49:28.205+0000][3096][safepoint    ] Application time: 0.0001375 seconds
[2019-01-15T06:49:28.205+0000][3096][safepoint    ] Total time for which application threads were stopped: 0.0000279 seconds, Stopping threads took: 0.0000022 seconds
[2019-01-15T06:49:28.205+0000][3096][safepoint    ] Application time: 0.0000829 seconds
[2019-01-15T06:49:28.205+0000][3096][safepoint    ] Total time for which application threads were stopped: 0.0000711 seconds, Stopping threads took: 0.0000023 seconds
[2019-01-15T06:49:28.205+0000][3096][safepoint    ] Application time: 0.0002016 seconds
[2019-01-15T06:49:28.205+0000][3096][safepoint    ] Total time for which application threads were stopped: 0.0000356 seconds, Stopping threads took: 0.0000029 seconds
[2019-01-15T06:49:28.205+0000][3096][safepoint    ] Application time: 0.0004138 seconds
[2019-01-15T06:49:28.206+0000][3096][safepoint    ] Total time for which application threads were stopped: 0.0000691 seconds, Stopping threads took: 0.0000053 seconds
[2019-01-15T06:49:28.206+0000][3096][safepoint    ] Application time: 0.0005417 seconds
[2019-01-15T06:49:28.206+0000][3096][safepoint    ] Total time for which application threads were stopped: 0.0002406 seconds, Stopping threads took: 0.0000173 seconds
[2019-01-15T06:49:28.207+0000][3096][safepoint    ] Application time: 0.0007925 seconds
[2019-01-15T06:49:28.207+0000][3096][safepoint    ] Total time for which application threads were stopped: 0.0000472 seconds, Stopping threads took: 0.0000049 seconds
[2019-01-15T06:49:28.207+0000][3096][safepoint    ] Application time: 0.0000625 seconds
[2019-01-15T06:49:28.207+0000][3096][safepoint    ] Total time for which application threads were stopped: 0.0000303 seconds, Stopping threads took: 0.0000025 seconds
[2019-01-15T06:49:28.208+0000][3096][safepoint    ] Application time: 0.0001544 seconds
[2019-01-15T06:49:28.208+0000][3096][safepoint    ] Total time for which application threads were stopped: 0.0000265 seconds, Stopping threads took: 0.0000025 seconds
[2019-01-15T06:49:28.208+0000][3096][safepoint    ] Application time: 0.0001315 seconds
[2019-01-15T06:49:28.208+0000][3096][safepoint    ] Total time for which application threads were stopped: 0.0000275 seconds, Stopping threads took: 0.0000024 seconds
[2019-01-15T06:49:28.209+0000][3096][safepoint    ] Application time: 0.0009696 seconds
[2019-01-15T06:49:28.209+0000][3096][safepoint    ] Total time for which application threads were stopped: 0.0000587 seconds, Stopping threads took: 0.0000048 seconds
[2019-01-15T06:49:28.209+0000][3096][safepoint    ] Application time: 0.0000777 seconds
[2019-01-15T06:49:28.209+0000][3096][safepoint    ] Total time for which application threads were stopped: 0.0000599 seconds, Stopping threads took: 0.0000030 seconds
[2019-01-15T06:49:28.209+0000][3096][safepoint    ] Application time: 0.0000393 seconds
[2019-01-15T06:49:28.209+0000][3096][safepoint    ] Total time for which application threads were stopped: 0.0001987 seconds, Stopping threads took: 0.0000022 seconds
[2019-01-15T06:49:28.209+0000][3096][safepoint    ] Application time: 0.0000808 seconds
[2019-01-15T06:49:28.209+0000][3096][safepoint    ] Total time for which application threads were stopped: 0.0000374 seconds, Stopping threads took: 0.0000027 seconds
[2019-01-15T06:49:28.209+0000][3096][safepoint    ] Application time: 0.0000684 seconds
[2019-01-15T06:49:28.209+0000][3096][safepoint    ] Total time for which application threads were stopped: 0.0000261 seconds, Stopping threads took: 0.0000023 seconds
[2019-01-15T06:49:28.210+0000][3096][safepoint    ] Application time: 0.0000634 seconds
[2019-01-15T06:49:28.210+0000][3096][safepoint    ] Total time for which application threads were stopped: 0.0000253 seconds, Stopping threads took: 0.0000022 seconds
[2019-01-15T06:49:28.210+0000][3096][safepoint    ] Application time: 0.0000646 seconds
[2019-01-15T06:49:28.210+0000][3096][safepoint    ] Total time for which application threads were stopped: 0.0000392 seconds, Stopping threads took: 0.0000026 seconds
[2019-01-15T06:49:28.211+0000][3096][safepoint    ] Application time: 0.0011356 seconds
[2019-01-15T06:49:28.211+0000][3096][safepoint    ] Total time for which application threads were stopped: 0.0000774 seconds, Stopping threads took: 0.0000202 seconds
[2019-01-15T06:49:28.211+0000][3096][safepoint    ] Application time: 0.0001530 seconds
[2019-01-15T06:49:28.211+0000][3096][safepoint    ] Total time for which application threads were stopped: 0.0000330 seconds, Stopping threads took: 0.0000028 seconds
[2019-01-15T06:49:28.211+0000][3096][safepoint    ] Application time: 0.0001081 seconds
[2019-01-15T06:49:28.211+0000][3096][safepoint    ] Total time for which application threads were stopped: 0.0000477 seconds, Stopping threads took: 0.0000030 seconds
[2019-01-15T06:49:28.212+0000][3096][safepoint    ] Application time: 0.0001491 seconds
[2019-01-15T06:49:28.212+0000][3096][safepoint    ] Total time for which application threads were stopped: 0.0000310 seconds, Stopping threads took: 0.0000025 seconds
[2019-01-15T06:49:28.212+0000][3096][safepoint    ] Application time: 0.0004717 seconds
[2019-01-15T06:49:28.212+0000][3096][safepoint    ] Total time for which application threads were stopped: 0.0000585 seconds, Stopping threads took: 0.0000029 seconds
[2019-01-15T06:49:28.214+0000][3096][safepoint    ] Application time: 0.0021013 seconds
[2019-01-15T06:49:28.214+0000][3096][safepoint    ] Total time for which application threads were stopped: 0.0001327 seconds, Stopping threads took: 0.0000815 seconds
[2019-01-15T06:49:28.221+0000][3096][safepoint    ] Application time: 0.0070004 seconds
[2019-01-15T06:49:28.222+0000][3096][safepoint    ] Total time for which application threads were stopped: 0.0001406 seconds, Stopping threads took: 0.0000075 seconds
[2019-01-15T06:49:28.241+0000][3096][safepoint    ] Application time: 0.0190424 seconds
[2019-01-15T06:49:28.241+0000][3096][safepoint    ] Total time for which application threads were stopped: 0.0001428 seconds, Stopping threads took: 0.0000614 seconds
[2019-01-15T06:49:28.258+0000][3096][safepoint    ] Application time: 0.0173908 seconds
[2019-01-15T06:49:28.258+0000][3096][safepoint    ] Total time for which application threads were stopped: 0.0000266 seconds, Stopping threads took: 0.0000034 seconds
[2019-01-15T06:49:28.262+0000][3096][safepoint    ] Application time: 0.0039057 seconds
[2019-01-15T06:49:28.262+0000][3096][safepoint    ] Total time for which application threads were stopped: 0.0000487 seconds, Stopping threads took: 0.0000057 seconds
[2019-01-15T06:49:28.287+0000][3096][safepoint    ] Application time: 0.0249613 seconds
[2019-01-15T06:49:28.287+0000][3096][safepoint    ] Total time for which application threads were stopped: 0.0000508 seconds, Stopping threads took: 0.0000145 seconds
[2019-01-15T06:49:28.290+0000][3096][gc,heap,exit ] Heap
[2019-01-15T06:49:28.290+0000][3096][gc,heap,exit ]  par new generation   total 78656K, used 18530K [0x00000000f0000000, 0x00000000f5550000, 0x00000000f5550000)
[2019-01-15T06:49:28.291+0000][3096][gc,heap,exit ]   eden space 69952K,  24% used [0x00000000f0000000, 0x00000000f1091800, 0x00000000f4450000)
[2019-01-15T06:49:28.291+0000][3096][gc,heap,exit ]   from space 8704K,  17% used [0x00000000f4450000, 0x00000000f45d72e0, 0x00000000f4cd0000)
[2019-01-15T06:49:28.291+0000][3096][gc,heap,exit ]   to   space 8704K,   0% used [0x00000000f4cd0000, 0x00000000f4cd0000, 0x00000000f5550000)
[2019-01-15T06:49:28.291+0000][3096][gc,heap,exit ]  concurrent mark-sweep generation total 174784K, used 108425K [0x00000000f5550000, 0x0000000100000000, 0x0000000100000000)
[2019-01-15T06:49:28.291+0000][3096][gc,heap,exit ]  Metaspace       used 82120K, capacity 86766K, committed 87780K, reserved 1124352K
[2019-01-15T06:49:28.291+0000][3096][gc,heap,exit ]   class space    used 10231K, capacity 12317K, committed 12396K, reserved 1048576K
[2019-01-15T06:49:28.292+0000][3096][safepoint    ] Application time: 0.0041483 seconds
