[2019-01-15T06:24:38.910+0000][6505][gc] Using Concurrent Mark Sweep
[2019-01-15T06:24:38.910+0000][6505][gc,heap,coops] Heap address: 0x00000000f0000000, size: 256 MB, Compressed Oops mode: 32-bit
[2019-01-15T06:24:38.981+0000][6505][safepoint    ] Total time for which application threads were stopped: 0.0000945 seconds, Stopping threads took: 0.0000063 seconds
[2019-01-15T06:24:38.993+0000][6505][safepoint    ] Application time: 0.0118578 seconds
[2019-01-15T06:24:38.993+0000][6505][safepoint    ] Total time for which application threads were stopped: 0.0000363 seconds, Stopping threads took: 0.0000018 seconds
[2019-01-15T06:24:39.000+0000][6505][safepoint    ] Application time: 0.0068556 seconds
[2019-01-15T06:24:39.001+0000][6505][safepoint    ] Total time for which application threads were stopped: 0.0003394 seconds, Stopping threads took: 0.0003115 seconds
[2019-01-15T06:24:39.084+0000][6505][safepoint    ] Application time: 0.0829263 seconds
[2019-01-15T06:24:39.084+0000][6505][safepoint    ] Total time for which application threads were stopped: 0.0000511 seconds, Stopping threads took: 0.0000025 seconds
[2019-01-15T06:24:39.098+0000][6505][safepoint    ] Application time: 0.0142899 seconds
[2019-01-15T06:24:39.100+0000][6505][safepoint    ] Total time for which application threads were stopped: 0.0016300 seconds, Stopping threads took: 0.0015945 seconds
[2019-01-15T06:24:39.146+0000][6505][safepoint    ] Application time: 0.0466489 seconds
[2019-01-15T06:24:39.146+0000][6505][safepoint    ] Total time for which application threads were stopped: 0.0000548 seconds, Stopping threads took: 0.0000028 seconds
[2019-01-15T06:24:39.305+0000][6505][safepoint    ] Application time: 0.1586193 seconds
[2019-01-15T06:24:39.305+0000][6505][safepoint    ] Total time for which application threads were stopped: 0.0000674 seconds, Stopping threads took: 0.0000023 seconds
[2019-01-15T06:24:39.598+0000][6505][safepoint    ] Application time: 0.2928113 seconds
[2019-01-15T06:24:39.598+0000][6505][safepoint    ] Total time for which application threads were stopped: 0.0001246 seconds, Stopping threads took: 0.0000095 seconds
[2019-01-15T06:24:39.599+0000][6505][safepoint    ] Application time: 0.0014066 seconds
[2019-01-15T06:24:39.600+0000][6505][safepoint    ] Total time for which application threads were stopped: 0.0000756 seconds, Stopping threads took: 0.0000086 seconds
[2019-01-15T06:24:39.682+0000][6505][safepoint    ] Application time: 0.0823023 seconds
[2019-01-15T06:24:39.682+0000][6505][safepoint    ] Total time for which application threads were stopped: 0.0001184 seconds, Stopping threads took: 0.0000025 seconds
[2019-01-15T06:24:39.808+0000][6505][safepoint    ] Application time: 0.1263981 seconds
[2019-01-15T06:24:39.809+0000][6505][safepoint    ] Total time for which application threads were stopped: 0.0001453 seconds, Stopping threads took: 0.0000029 seconds
[2019-01-15T06:24:40.323+0000][6505][safepoint    ] Application time: 0.5143111 seconds
[2019-01-15T06:24:40.323+0000][6505][safepoint    ] Total time for which application threads were stopped: 0.0001746 seconds, Stopping threads took: 0.0000022 seconds
[2019-01-15T06:24:40.562+0000][6505][safepoint    ] Application time: 0.2390248 seconds
[2019-01-15T06:24:40.563+0000][6505][safepoint    ] Total time for which application threads were stopped: 0.0003295 seconds, Stopping threads took: 0.0000145 seconds
[2019-01-15T06:24:40.563+0000][6505][safepoint    ] Application time: 0.0001245 seconds
[2019-01-15T06:24:40.563+0000][6505][safepoint    ] Total time for which application threads were stopped: 0.0000976 seconds, Stopping threads took: 0.0000062 seconds
[2019-01-15T06:24:40.593+0000][6505][safepoint    ] Application time: 0.0299308 seconds
[2019-01-15T06:24:40.593+0000][6505][safepoint    ] Total time for which application threads were stopped: 0.0001761 seconds, Stopping threads took: 0.0000111 seconds
[2019-01-15T06:24:40.606+0000][6505][safepoint    ] Application time: 0.0135154 seconds
[2019-01-15T06:24:40.607+0000][6505][safepoint    ] Total time for which application threads were stopped: 0.0001768 seconds, Stopping threads took: 0.0000041 seconds
[2019-01-15T06:24:40.633+0000][6505][safepoint    ] Application time: 0.0267643 seconds
[2019-01-15T06:24:40.637+0000][6505][safepoint    ] Total time for which application threads were stopped: 0.0030575 seconds, Stopping threads took: 0.0030106 seconds
[2019-01-15T06:24:40.639+0000][6505][safepoint    ] Application time: 0.0026022 seconds
[2019-01-15T06:24:40.639+0000][6505][safepoint    ] Total time for which application threads were stopped: 0.0000793 seconds, Stopping threads took: 0.0000514 seconds
[2019-01-15T06:24:40.639+0000][6505][safepoint    ] Application time: 0.0000944 seconds
[2019-01-15T06:24:40.639+0000][6505][safepoint    ] Total time for which application threads were stopped: 0.0000233 seconds, Stopping threads took: 0.0000068 seconds
[2019-01-15T06:24:40.640+0000][6505][safepoint    ] Application time: 0.0001620 seconds
[2019-01-15T06:24:40.640+0000][6505][safepoint    ] Total time for which application threads were stopped: 0.0000216 seconds, Stopping threads took: 0.0000074 seconds
[2019-01-15T06:24:40.642+0000][6505][safepoint    ] Application time: 0.0028294 seconds
[2019-01-15T06:24:40.642+0000][6505][safepoint    ] Total time for which application threads were stopped: 0.0000203 seconds, Stopping threads took: 0.0000035 seconds
[2019-01-15T06:24:40.865+0000][6505][safepoint    ] Application time: 0.2221724 seconds
[2019-01-15T06:24:40.865+0000][6505][safepoint    ] Total time for which application threads were stopped: 0.0005148 seconds, Stopping threads took: 0.0002802 seconds
[2019-01-15T06:24:40.911+0000][6505][safepoint    ] Application time: 0.0455229 seconds
[2019-01-15T06:24:40.911+0000][6505][safepoint    ] Total time for which application threads were stopped: 0.0003247 seconds, Stopping threads took: 0.0001021 seconds
[2019-01-15T06:24:40.945+0000][6505][safepoint    ] Application time: 0.0342238 seconds
[2019-01-15T06:24:40.948+0000][6505][gc,start     ] GC(0) Pause Initial Mark
[2019-01-15T06:24:40.967+0000][6505][gc           ] GC(0) Pause Initial Mark 65M->65M(247M) 18.993ms
[2019-01-15T06:24:40.967+0000][6505][gc,cpu       ] GC(0) User=0.03s Sys=0.00s Real=0.02s
[2019-01-15T06:24:40.967+0000][6505][safepoint    ] Total time for which application threads were stopped: 0.0215285 seconds, Stopping threads took: 0.0024194 seconds
[2019-01-15T06:24:40.967+0000][6505][gc           ] GC(0) Concurrent Mark
[2019-01-15T06:24:40.970+0000][6505][gc           ] GC(0) Concurrent Mark 2.760ms
[2019-01-15T06:24:40.970+0000][6505][gc,cpu       ] GC(0) User=0.00s Sys=0.00s Real=0.00s
[2019-01-15T06:24:40.970+0000][6505][gc           ] GC(0) Concurrent Preclean
[2019-01-15T06:24:40.970+0000][6505][gc           ] GC(0) Concurrent Preclean 0.357ms
[2019-01-15T06:24:40.970+0000][6505][gc,cpu       ] GC(0) User=0.00s Sys=0.00s Real=0.00s
[2019-01-15T06:24:40.970+0000][6505][gc           ] GC(0) Concurrent Abortable Preclean
[2019-01-15T06:24:41.042+0000][6505][safepoint    ] Application time: 0.0755214 seconds
[2019-01-15T06:24:41.043+0000][6505][safepoint    ] Total time for which application threads were stopped: 0.0000608 seconds, Stopping threads took: 0.0000038 seconds
[2019-01-15T06:24:41.057+0000][6505][safepoint    ] Application time: 0.0144810 seconds
[2019-01-15T06:24:41.057+0000][6505][safepoint    ] Total time for which application threads were stopped: 0.0000460 seconds, Stopping threads took: 0.0000043 seconds
[2019-01-15T06:24:41.063+0000][6505][safepoint    ] Application time: 0.0060858 seconds
[2019-01-15T06:24:41.063+0000][6505][safepoint    ] Total time for which application threads were stopped: 0.0001527 seconds, Stopping threads took: 0.0000047 seconds
[2019-01-15T06:24:41.066+0000][6505][safepoint    ] Application time: 0.0024504 seconds
[2019-01-15T06:24:41.066+0000][6505][gc,start     ] GC(1) Pause Young (Allocation Failure)
[2019-01-15T06:24:41.066+0000][6505][gc,task      ] GC(1) Using 2 workers of 2 for evacuation
[2019-01-15T06:24:41.078+0000][6505][gc,age       ] GC(1) Desired survivor size 4456448 bytes, new threshold 1 (max threshold 6)
[2019-01-15T06:24:41.078+0000][6505][gc,age       ] GC(1) Age table with threshold 1 (max threshold 6)
[2019-01-15T06:24:41.078+0000][6505][gc,age       ] GC(1) - age   1:    6470720 bytes,    6470720 total
[2019-01-15T06:24:41.079+0000][6505][gc,heap      ] GC(1) ParNew: 69952K->6367K(78656K)
[2019-01-15T06:24:41.079+0000][6505][gc,heap      ] GC(1) CMS: 0K->0K(174784K)
[2019-01-15T06:24:41.079+0000][6505][gc,metaspace ] GC(1) Metaspace: 21438K->21438K(1069056K)
[2019-01-15T06:24:41.079+0000][6505][gc           ] GC(1) Pause Young (Allocation Failure) 68M->6M(247M) 12.943ms
[2019-01-15T06:24:41.079+0000][6505][gc,cpu       ] GC(1) User=0.02s Sys=0.00s Real=0.01s
[2019-01-15T06:24:41.079+0000][6505][safepoint    ] Total time for which application threads were stopped: 0.0130470 seconds, Stopping threads took: 0.0000040 seconds
[2019-01-15T06:24:41.081+0000][6505][safepoint    ] Application time: 0.0023346 seconds
[2019-01-15T06:24:41.081+0000][6505][safepoint    ] Total time for which application threads were stopped: 0.0000612 seconds, Stopping threads took: 0.0000151 seconds
[2019-01-15T06:24:41.082+0000][6505][safepoint    ] Application time: 0.0001570 seconds
[2019-01-15T06:24:41.082+0000][6505][safepoint    ] Total time for which application threads were stopped: 0.0000271 seconds, Stopping threads took: 0.0000030 seconds
[2019-01-15T06:24:41.123+0000][6505][safepoint    ] Application time: 0.0417399 seconds
[2019-01-15T06:24:41.124+0000][6505][safepoint    ] Total time for which application threads were stopped: 0.0001783 seconds, Stopping threads took: 0.0000053 seconds
[2019-01-15T06:24:41.133+0000][6505][safepoint    ] Application time: 0.0098512 seconds
[2019-01-15T06:24:41.134+0000][6505][safepoint    ] Total time for which application threads were stopped: 0.0002445 seconds, Stopping threads took: 0.0000038 seconds
[2019-01-15T06:24:41.152+0000][6505][safepoint    ] Application time: 0.0179880 seconds
[2019-01-15T06:24:41.152+0000][6505][safepoint    ] Total time for which application threads were stopped: 0.0002058 seconds, Stopping threads took: 0.0000040 seconds
[2019-01-15T06:24:41.172+0000][6505][safepoint    ] Application time: 0.0197373 seconds
[2019-01-15T06:24:41.174+0000][6505][safepoint    ] Total time for which application threads were stopped: 0.0017829 seconds, Stopping threads took: 0.0014095 seconds
[2019-01-15T06:24:41.337+0000][6505][safepoint    ] Application time: 0.1633702 seconds
[2019-01-15T06:24:41.337+0000][6505][safepoint    ] Total time for which application threads were stopped: 0.0002408 seconds, Stopping threads took: 0.0000049 seconds
[2019-01-15T06:24:41.361+0000][6505][safepoint    ] Application time: 0.0231472 seconds
[2019-01-15T06:24:41.361+0000][6505][safepoint    ] Total time for which application threads were stopped: 0.0000455 seconds, Stopping threads took: 0.0000036 seconds
[2019-01-15T06:24:41.387+0000][6505][safepoint    ] Application time: 0.0261938 seconds
[2019-01-15T06:24:41.387+0000][6505][safepoint    ] Total time for which application threads were stopped: 0.0001444 seconds, Stopping threads took: 0.0000109 seconds
[2019-01-15T06:24:41.415+0000][6505][safepoint    ] Application time: 0.0280647 seconds
[2019-01-15T06:24:41.415+0000][6505][safepoint    ] Total time for which application threads were stopped: 0.0000401 seconds, Stopping threads took: 0.0000037 seconds
[2019-01-15T06:24:41.427+0000][6505][safepoint    ] Application time: 0.0119643 seconds
[2019-01-15T06:24:41.427+0000][6505][safepoint    ] Total time for which application threads were stopped: 0.0000521 seconds, Stopping threads took: 0.0000110 seconds
[2019-01-15T06:24:41.427+0000][6505][gc           ] GC(0) Concurrent Abortable Preclean 457.048ms
[2019-01-15T06:24:41.427+0000][6505][gc,cpu       ] GC(0) User=0.69s Sys=0.11s Real=0.46s
[2019-01-15T06:24:41.427+0000][6505][safepoint    ] Application time: 0.0000423 seconds
[2019-01-15T06:24:41.427+0000][6505][gc,start     ] GC(0) Pause Remark
[2019-01-15T06:24:41.441+0000][6505][gc           ] GC(0) Pause Remark 42M->42M(247M) 13.328ms
[2019-01-15T06:24:41.441+0000][6505][gc,cpu       ] GC(0) User=0.02s Sys=0.01s Real=0.02s
[2019-01-15T06:24:41.441+0000][6505][safepoint    ] Total time for which application threads were stopped: 0.0134173 seconds, Stopping threads took: 0.0000010 seconds
[2019-01-15T06:24:41.441+0000][6505][gc           ] GC(0) Concurrent Sweep
[2019-01-15T06:24:41.441+0000][6505][gc           ] GC(0) Concurrent Sweep 0.284ms
[2019-01-15T06:24:41.441+0000][6505][gc,cpu       ] GC(0) User=0.00s Sys=0.00s Real=0.00s
[2019-01-15T06:24:41.441+0000][6505][gc           ] GC(0) Concurrent Reset
[2019-01-15T06:24:41.441+0000][6505][gc           ] GC(0) Concurrent Reset 0.145ms
[2019-01-15T06:24:41.441+0000][6505][gc,cpu       ] GC(0) User=0.00s Sys=0.00s Real=0.00s
[2019-01-15T06:24:41.441+0000][6505][gc,heap      ] GC(0) Old: 0K->0K(174784K)
[2019-01-15T06:24:41.528+0000][6505][safepoint    ] Application time: 0.0872663 seconds
[2019-01-15T06:24:41.528+0000][6505][gc,start     ] GC(2) Pause Young (Allocation Failure)
[2019-01-15T06:24:41.528+0000][6505][gc,task      ] GC(2) Using 2 workers of 2 for evacuation
[2019-01-15T06:24:41.553+0000][6505][gc,age       ] GC(2) Desired survivor size 4456448 bytes, new threshold 6 (max threshold 6)
[2019-01-15T06:24:41.553+0000][6505][gc,age       ] GC(2) Age table with threshold 6 (max threshold 6)
[2019-01-15T06:24:41.553+0000][6505][gc,age       ] GC(2) - age   1:    2215432 bytes,    2215432 total
[2019-01-15T06:24:41.553+0000][6505][gc,heap      ] GC(2) ParNew: 76319K->4239K(78656K)
[2019-01-15T06:24:41.553+0000][6505][gc,heap      ] GC(2) CMS: 0K->6867K(174784K)
[2019-01-15T06:24:41.553+0000][6505][gc,metaspace ] GC(2) Metaspace: 23107K->23107K(1071104K)
[2019-01-15T06:24:41.553+0000][6505][gc           ] GC(2) Pause Young (Allocation Failure) 74M->10M(247M) 25.371ms
[2019-01-15T06:24:41.553+0000][6505][gc,cpu       ] GC(2) User=0.05s Sys=0.00s Real=0.03s
[2019-01-15T06:24:41.553+0000][6505][safepoint    ] Total time for which application threads were stopped: 0.0254901 seconds, Stopping threads took: 0.0000104 seconds
[2019-01-15T06:24:41.818+0000][6505][safepoint    ] Application time: 0.2640596 seconds
[2019-01-15T06:24:41.818+0000][6505][safepoint    ] Total time for which application threads were stopped: 0.0003186 seconds, Stopping threads took: 0.0000039 seconds
[2019-01-15T06:24:41.878+0000][6505][safepoint    ] Application time: 0.0602283 seconds
[2019-01-15T06:24:41.879+0000][6505][safepoint    ] Total time for which application threads were stopped: 0.0003399 seconds, Stopping threads took: 0.0000038 seconds
[2019-01-15T06:24:41.939+0000][6505][safepoint    ] Application time: 0.0609535 seconds
[2019-01-15T06:24:41.940+0000][6505][gc,start     ] GC(3) Pause Young (Allocation Failure)
[2019-01-15T06:24:41.940+0000][6505][gc,task      ] GC(3) Using 2 workers of 2 for evacuation
[2019-01-15T06:24:41.943+0000][6505][gc,age       ] GC(3) Desired survivor size 4456448 bytes, new threshold 6 (max threshold 6)
[2019-01-15T06:24:41.943+0000][6505][gc,age       ] GC(3) Age table with threshold 6 (max threshold 6)
[2019-01-15T06:24:41.943+0000][6505][gc,age       ] GC(3) - age   1:    2492064 bytes,    2492064 total
[2019-01-15T06:24:41.943+0000][6505][gc,age       ] GC(3) - age   2:     511296 bytes,    3003360 total
[2019-01-15T06:24:41.943+0000][6505][gc,heap      ] GC(3) ParNew: 74191K->3748K(78656K)
[2019-01-15T06:24:41.943+0000][6505][gc,heap      ] GC(3) CMS: 6867K->6867K(174784K)
[2019-01-15T06:24:41.943+0000][6505][gc,metaspace ] GC(3) Metaspace: 25776K->25776K(1073152K)
[2019-01-15T06:24:41.943+0000][6505][gc           ] GC(3) Pause Young (Allocation Failure) 79M->10M(247M) 3.199ms
[2019-01-15T06:24:41.943+0000][6505][gc,cpu       ] GC(3) User=0.01s Sys=0.00s Real=0.00s
[2019-01-15T06:24:41.943+0000][6505][safepoint    ] Total time for which application threads were stopped: 0.0033281 seconds, Stopping threads took: 0.0000100 seconds
[2019-01-15T06:24:41.943+0000][6505][safepoint    ] Application time: 0.0001881 seconds
[2019-01-15T06:24:41.946+0000][6505][safepoint    ] Total time for which application threads were stopped: 0.0028273 seconds, Stopping threads took: 0.0027048 seconds
[2019-01-15T06:24:41.946+0000][6505][safepoint    ] Application time: 0.0000570 seconds
[2019-01-15T06:24:41.946+0000][6505][safepoint    ] Total time for which application threads were stopped: 0.0000705 seconds, Stopping threads took: 0.0000248 seconds
[2019-01-15T06:24:41.946+0000][6505][safepoint    ] Application time: 0.0000601 seconds
[2019-01-15T06:24:41.946+0000][6505][safepoint    ] Total time for which application threads were stopped: 0.0000461 seconds, Stopping threads took: 0.0000148 seconds
[2019-01-15T06:24:41.946+0000][6505][safepoint    ] Application time: 0.0000594 seconds
[2019-01-15T06:24:41.946+0000][6505][safepoint    ] Total time for which application threads were stopped: 0.0000412 seconds, Stopping threads took: 0.0000015 seconds
[2019-01-15T06:24:41.946+0000][6505][safepoint    ] Application time: 0.0000481 seconds
[2019-01-15T06:24:41.946+0000][6505][safepoint    ] Total time for which application threads were stopped: 0.0000298 seconds, Stopping threads took: 0.0000014 seconds
[2019-01-15T06:24:41.946+0000][6505][safepoint    ] Application time: 0.0000571 seconds
[2019-01-15T06:24:41.946+0000][6505][safepoint    ] Total time for which application threads were stopped: 0.0000296 seconds, Stopping threads took: 0.0000016 seconds
[2019-01-15T06:24:41.947+0000][6505][safepoint    ] Application time: 0.0000574 seconds
[2019-01-15T06:24:41.947+0000][6505][safepoint    ] Total time for which application threads were stopped: 0.0000297 seconds, Stopping threads took: 0.0000015 seconds
[2019-01-15T06:24:41.947+0000][6505][safepoint    ] Application time: 0.0000362 seconds
[2019-01-15T06:24:41.947+0000][6505][safepoint    ] Total time for which application threads were stopped: 0.0000294 seconds, Stopping threads took: 0.0000013 seconds
[2019-01-15T06:24:41.947+0000][6505][safepoint    ] Application time: 0.0000259 seconds
[2019-01-15T06:24:41.947+0000][6505][safepoint    ] Total time for which application threads were stopped: 0.0000729 seconds, Stopping threads took: 0.0000013 seconds
[2019-01-15T06:24:41.947+0000][6505][safepoint    ] Application time: 0.0000354 seconds
[2019-01-15T06:24:41.947+0000][6505][safepoint    ] Total time for which application threads were stopped: 0.0000292 seconds, Stopping threads took: 0.0000013 seconds
[2019-01-15T06:24:41.947+0000][6505][safepoint    ] Application time: 0.0000268 seconds
[2019-01-15T06:24:41.947+0000][6505][safepoint    ] Total time for which application threads were stopped: 0.0000419 seconds, Stopping threads took: 0.0000013 seconds
[2019-01-15T06:24:41.947+0000][6505][safepoint    ] Application time: 0.0000408 seconds
[2019-01-15T06:24:41.947+0000][6505][safepoint    ] Total time for which application threads were stopped: 0.0000293 seconds, Stopping threads took: 0.0000015 seconds
[2019-01-15T06:24:41.947+0000][6505][safepoint    ] Application time: 0.0000570 seconds
[2019-01-15T06:24:41.947+0000][6505][safepoint    ] Total time for which application threads were stopped: 0.0000295 seconds, Stopping threads took: 0.0000014 seconds
[2019-01-15T06:24:41.947+0000][6505][safepoint    ] Application time: 0.0000360 seconds
[2019-01-15T06:24:41.947+0000][6505][safepoint    ] Total time for which application threads were stopped: 0.0000421 seconds, Stopping threads took: 0.0000012 seconds
[2019-01-15T06:24:41.947+0000][6505][safepoint    ] Application time: 0.0000531 seconds
[2019-01-15T06:24:41.947+0000][6505][safepoint    ] Total time for which application threads were stopped: 0.0000430 seconds, Stopping threads took: 0.0000014 seconds
[2019-01-15T06:24:42.037+0000][6505][safepoint    ] Application time: 0.0893971 seconds
[2019-01-15T06:24:42.037+0000][6505][safepoint    ] Total time for which application threads were stopped: 0.0001038 seconds, Stopping threads took: 0.0000041 seconds
[2019-01-15T06:24:42.107+0000][6505][safepoint    ] Application time: 0.0701540 seconds
[2019-01-15T06:24:42.107+0000][6505][gc,start     ] GC(4) Pause Young (Allocation Failure)
[2019-01-15T06:24:42.107+0000][6505][gc,task      ] GC(4) Using 2 workers of 2 for evacuation
[2019-01-15T06:24:42.112+0000][6505][gc,age       ] GC(4) Desired survivor size 4456448 bytes, new threshold 3 (max threshold 6)
[2019-01-15T06:24:42.112+0000][6505][gc,age       ] GC(4) Age table with threshold 3 (max threshold 6)
[2019-01-15T06:24:42.112+0000][6505][gc,age       ] GC(4) - age   1:    1624216 bytes,    1624216 total
[2019-01-15T06:24:42.112+0000][6505][gc,age       ] GC(4) - age   2:    2461008 bytes,    4085224 total
[2019-01-15T06:24:42.112+0000][6505][gc,age       ] GC(4) - age   3:     511112 bytes,    4596336 total
[2019-01-15T06:24:42.112+0000][6505][gc,heap      ] GC(4) ParNew: 73700K->5326K(78656K)
[2019-01-15T06:24:42.112+0000][6505][gc,heap      ] GC(4) CMS: 6867K->6867K(174784K)
[2019-01-15T06:24:42.112+0000][6505][gc,metaspace ] GC(4) Metaspace: 26774K->26774K(1075200K)
[2019-01-15T06:24:42.112+0000][6505][gc           ] GC(4) Pause Young (Allocation Failure) 78M->11M(247M) 4.601ms
[2019-01-15T06:24:42.112+0000][6505][gc,cpu       ] GC(4) User=0.00s Sys=0.00s Real=0.01s
[2019-01-15T06:24:42.112+0000][6505][safepoint    ] Total time for which application threads were stopped: 0.0047466 seconds, Stopping threads took: 0.0000049 seconds
[2019-01-15T06:24:42.113+0000][6505][safepoint    ] Application time: 0.0006117 seconds
[2019-01-15T06:24:42.113+0000][6505][safepoint    ] Total time for which application threads were stopped: 0.0001932 seconds, Stopping threads took: 0.0001006 seconds
[2019-01-15T06:24:42.113+0000][6505][safepoint    ] Application time: 0.0000350 seconds
[2019-01-15T06:24:42.113+0000][6505][safepoint    ] Total time for which application threads were stopped: 0.0000286 seconds, Stopping threads took: 0.0000018 seconds
[2019-01-15T06:24:42.265+0000][6505][safepoint    ] Application time: 0.1518809 seconds
[2019-01-15T06:24:42.265+0000][6505][gc,start     ] GC(5) Pause Young (Allocation Failure)
[2019-01-15T06:24:42.265+0000][6505][gc,task      ] GC(5) Using 2 workers of 2 for evacuation
[2019-01-15T06:24:42.271+0000][6505][gc,age       ] GC(5) Desired survivor size 4456448 bytes, new threshold 3 (max threshold 6)
[2019-01-15T06:24:42.271+0000][6505][gc,age       ] GC(5) Age table with threshold 3 (max threshold 6)
[2019-01-15T06:24:42.271+0000][6505][gc,age       ] GC(5) - age   1:    1547848 bytes,    1547848 total
[2019-01-15T06:24:42.271+0000][6505][gc,age       ] GC(5) - age   2:    1153232 bytes,    2701080 total
[2019-01-15T06:24:42.271+0000][6505][gc,age       ] GC(5) - age   3:    2460416 bytes,    5161496 total
[2019-01-15T06:24:42.271+0000][6505][gc,heap      ] GC(5) ParNew: 75278K->6048K(78656K)
[2019-01-15T06:24:42.271+0000][6505][gc,heap      ] GC(5) CMS: 6867K->7377K(174784K)
[2019-01-15T06:24:42.271+0000][6505][gc,metaspace ] GC(5) Metaspace: 26984K->26984K(1075200K)
[2019-01-15T06:24:42.271+0000][6505][gc           ] GC(5) Pause Young (Allocation Failure) 80M->13M(247M) 6.346ms
[2019-01-15T06:24:42.271+0000][6505][gc,cpu       ] GC(5) User=0.01s Sys=0.01s Real=0.00s
[2019-01-15T06:24:42.271+0000][6505][safepoint    ] Total time for which application threads were stopped: 0.0064915 seconds, Stopping threads took: 0.0000134 seconds
[2019-01-15T06:24:42.295+0000][6505][safepoint    ] Application time: 0.0240144 seconds
[2019-01-15T06:24:42.296+0000][6505][safepoint    ] Total time for which application threads were stopped: 0.0003324 seconds, Stopping threads took: 0.0000115 seconds
[2019-01-15T06:24:42.433+0000][6505][safepoint    ] Application time: 0.1370507 seconds
[2019-01-15T06:24:42.433+0000][6505][gc,start     ] GC(6) Pause Young (Allocation Failure)
[2019-01-15T06:24:42.433+0000][6505][gc,task      ] GC(6) Using 2 workers of 2 for evacuation
[2019-01-15T06:24:42.439+0000][6505][gc,age       ] GC(6) Desired survivor size 4456448 bytes, new threshold 6 (max threshold 6)
[2019-01-15T06:24:42.439+0000][6505][gc,age       ] GC(6) Age table with threshold 6 (max threshold 6)
[2019-01-15T06:24:42.439+0000][6505][gc,age       ] GC(6) - age   1:    1455744 bytes,    1455744 total
[2019-01-15T06:24:42.439+0000][6505][gc,age       ] GC(6) - age   2:     462968 bytes,    1918712 total
[2019-01-15T06:24:42.439+0000][6505][gc,age       ] GC(6) - age   3:    1153232 bytes,    3071944 total
[2019-01-15T06:24:42.439+0000][6505][gc,heap      ] GC(6) ParNew: 76000K->4788K(78656K)
[2019-01-15T06:24:42.439+0000][6505][gc,heap      ] GC(6) CMS: 7377K->9803K(174784K)
[2019-01-15T06:24:42.439+0000][6505][gc,metaspace ] GC(6) Metaspace: 27107K->27107K(1075200K)
[2019-01-15T06:24:42.439+0000][6505][gc           ] GC(6) Pause Young (Allocation Failure) 81M->14M(247M) 5.956ms
[2019-01-15T06:24:42.439+0000][6505][gc,cpu       ] GC(6) User=0.01s Sys=0.00s Real=0.00s
[2019-01-15T06:24:42.439+0000][6505][safepoint    ] Total time for which application threads were stopped: 0.0060961 seconds, Stopping threads took: 0.0000117 seconds
[2019-01-15T06:24:42.589+0000][6505][safepoint    ] Application time: 0.1502456 seconds
[2019-01-15T06:24:42.589+0000][6505][gc,start     ] GC(7) Pause Young (Allocation Failure)
[2019-01-15T06:24:42.589+0000][6505][gc,task      ] GC(7) Using 2 workers of 2 for evacuation
[2019-01-15T06:24:42.594+0000][6505][gc,age       ] GC(7) Desired survivor size 4456448 bytes, new threshold 4 (max threshold 6)
[2019-01-15T06:24:42.594+0000][6505][gc,age       ] GC(7) Age table with threshold 4 (max threshold 6)
[2019-01-15T06:24:42.594+0000][6505][gc,age       ] GC(7) - age   1:    1834968 bytes,    1834968 total
[2019-01-15T06:24:42.594+0000][6505][gc,age       ] GC(7) - age   2:    1445872 bytes,    3280840 total
[2019-01-15T06:24:42.594+0000][6505][gc,age       ] GC(7) - age   3:     462792 bytes,    3743632 total
[2019-01-15T06:24:42.594+0000][6505][gc,age       ] GC(7) - age   4:    1153104 bytes,    4896736 total
[2019-01-15T06:24:42.594+0000][6505][gc,heap      ] GC(7) ParNew: 74740K->6894K(78656K)
[2019-01-15T06:24:42.594+0000][6505][gc,heap      ] GC(7) CMS: 9803K->9803K(174784K)
[2019-01-15T06:24:42.594+0000][6505][gc,metaspace ] GC(7) Metaspace: 27376K->27376K(1075200K)
[2019-01-15T06:24:42.594+0000][6505][gc           ] GC(7) Pause Young (Allocation Failure) 82M->16M(247M) 5.025ms
[2019-01-15T06:24:42.594+0000][6505][gc,cpu       ] GC(7) User=0.01s Sys=0.00s Real=0.01s
[2019-01-15T06:24:42.594+0000][6505][safepoint    ] Total time for which application threads were stopped: 0.0051203 seconds, Stopping threads took: 0.0000125 seconds
[2019-01-15T06:24:42.752+0000][6505][safepoint    ] Application time: 0.1575699 seconds
[2019-01-15T06:24:42.752+0000][6505][gc,start     ] GC(8) Pause Young (Allocation Failure)
[2019-01-15T06:24:42.752+0000][6505][gc,task      ] GC(8) Using 2 workers of 2 for evacuation
[2019-01-15T06:24:42.764+0000][6505][gc,age       ] GC(8) Desired survivor size 4456448 bytes, new threshold 6 (max threshold 6)
[2019-01-15T06:24:42.764+0000][6505][gc,age       ] GC(8) Age table with threshold 6 (max threshold 6)
[2019-01-15T06:24:42.764+0000][6505][gc,age       ] GC(8) - age   1:    1609728 bytes,    1609728 total
[2019-01-15T06:24:42.764+0000][6505][gc,age       ] GC(8) - age   2:     867200 bytes,    2476928 total
[2019-01-15T06:24:42.764+0000][6505][gc,age       ] GC(8) - age   3:    1445872 bytes,    3922800 total
[2019-01-15T06:24:42.764+0000][6505][gc,age       ] GC(8) - age   4:     462792 bytes,    4385592 total
[2019-01-15T06:24:42.764+0000][6505][gc,heap      ] GC(8) ParNew: 76846K->6672K(78656K)
[2019-01-15T06:24:42.764+0000][6505][gc,heap      ] GC(8) CMS: 9803K->10943K(174784K)
[2019-01-15T06:24:42.764+0000][6505][gc,metaspace ] GC(8) Metaspace: 27884K->27884K(1075200K)
[2019-01-15T06:24:42.764+0000][6505][gc           ] GC(8) Pause Young (Allocation Failure) 84M->17M(247M) 12.117ms
[2019-01-15T06:24:42.764+0000][6505][gc,cpu       ] GC(8) User=0.02s Sys=0.01s Real=0.01s
[2019-01-15T06:24:42.764+0000][6505][safepoint    ] Total time for which application threads were stopped: 0.0122307 seconds, Stopping threads took: 0.0000116 seconds
[2019-01-15T06:24:42.765+0000][6505][safepoint    ] Application time: 0.0010930 seconds
[2019-01-15T06:24:42.765+0000][6505][safepoint    ] Total time for which application threads were stopped: 0.0000450 seconds, Stopping threads took: 0.0000036 seconds
[2019-01-15T06:24:42.765+0000][6505][safepoint    ] Application time: 0.0000320 seconds
[2019-01-15T06:24:42.765+0000][6505][safepoint    ] Total time for which application threads were stopped: 0.0000266 seconds, Stopping threads took: 0.0000021 seconds
[2019-01-15T06:24:42.765+0000][6505][safepoint    ] Application time: 0.0000319 seconds
[2019-01-15T06:24:42.765+0000][6505][safepoint    ] Total time for which application threads were stopped: 0.0000215 seconds, Stopping threads took: 0.0000019 seconds
[2019-01-15T06:24:42.765+0000][6505][safepoint    ] Application time: 0.0000260 seconds
[2019-01-15T06:24:42.765+0000][6505][safepoint    ] Total time for which application threads were stopped: 0.0000203 seconds, Stopping threads took: 0.0000018 seconds
[2019-01-15T06:24:42.766+0000][6505][safepoint    ] Application time: 0.0000288 seconds
[2019-01-15T06:24:42.766+0000][6505][safepoint    ] Total time for which application threads were stopped: 0.0000202 seconds, Stopping threads took: 0.0000016 seconds
[2019-01-15T06:24:42.766+0000][6505][safepoint    ] Application time: 0.0000263 seconds
[2019-01-15T06:24:42.766+0000][6505][safepoint    ] Total time for which application threads were stopped: 0.0000197 seconds, Stopping threads took: 0.0000016 seconds
[2019-01-15T06:24:42.766+0000][6505][safepoint    ] Application time: 0.0000284 seconds
[2019-01-15T06:24:42.766+0000][6505][safepoint    ] Total time for which application threads were stopped: 0.0000637 seconds, Stopping threads took: 0.0000016 seconds
[2019-01-15T06:24:42.766+0000][6505][safepoint    ] Application time: 0.0000392 seconds
[2019-01-15T06:24:42.766+0000][6505][safepoint    ] Total time for which application threads were stopped: 0.0000216 seconds, Stopping threads took: 0.0000016 seconds
[2019-01-15T06:24:42.766+0000][6505][safepoint    ] Application time: 0.0000288 seconds
[2019-01-15T06:24:42.766+0000][6505][safepoint    ] Total time for which application threads were stopped: 0.0000213 seconds, Stopping threads took: 0.0000016 seconds
[2019-01-15T06:24:42.766+0000][6505][safepoint    ] Application time: 0.0000258 seconds
[2019-01-15T06:24:42.766+0000][6505][safepoint    ] Total time for which application threads were stopped: 0.0000208 seconds, Stopping threads took: 0.0000016 seconds
[2019-01-15T06:24:42.766+0000][6505][safepoint    ] Application time: 0.0000282 seconds
[2019-01-15T06:24:42.766+0000][6505][safepoint    ] Total time for which application threads were stopped: 0.0000221 seconds, Stopping threads took: 0.0000015 seconds
[2019-01-15T06:24:42.766+0000][6505][safepoint    ] Application time: 0.0000257 seconds
[2019-01-15T06:24:42.766+0000][6505][safepoint    ] Total time for which application threads were stopped: 0.0000216 seconds, Stopping threads took: 0.0000017 seconds
[2019-01-15T06:24:42.766+0000][6505][safepoint    ] Application time: 0.0000285 seconds
[2019-01-15T06:24:42.766+0000][6505][safepoint    ] Total time for which application threads were stopped: 0.0000198 seconds, Stopping threads took: 0.0000015 seconds
[2019-01-15T06:24:42.917+0000][6505][safepoint    ] Application time: 0.1504126 seconds
[2019-01-15T06:24:42.917+0000][6505][gc,start     ] GC(9) Pause Young (Allocation Failure)
[2019-01-15T06:24:42.917+0000][6505][gc,task      ] GC(9) Using 2 workers of 2 for evacuation
[2019-01-15T06:24:42.926+0000][6505][gc,age       ] GC(9) Desired survivor size 4456448 bytes, new threshold 3 (max threshold 6)
[2019-01-15T06:24:42.926+0000][6505][gc,age       ] GC(9) Age table with threshold 3 (max threshold 6)
[2019-01-15T06:24:42.926+0000][6505][gc,age       ] GC(9) - age   1:    2409320 bytes,    2409320 total
[2019-01-15T06:24:42.926+0000][6505][gc,age       ] GC(9) - age   2:    1378624 bytes,    3787944 total
[2019-01-15T06:24:42.926+0000][6505][gc,age       ] GC(9) - age   3:     867200 bytes,    4655144 total
[2019-01-15T06:24:42.926+0000][6505][gc,age       ] GC(9) - age   4:    1443552 bytes,    6098696 total
[2019-01-15T06:24:42.926+0000][6505][gc,age       ] GC(9) - age   5:     462792 bytes,    6561488 total
[2019-01-15T06:24:42.926+0000][6505][gc,heap      ] GC(9) ParNew: 76624K->8647K(78656K)
[2019-01-15T06:24:42.926+0000][6505][gc,heap      ] GC(9) CMS: 10943K->10943K(174784K)
[2019-01-15T06:24:42.926+0000][6505][gc,metaspace ] GC(9) Metaspace: 28659K->28659K(1075200K)
[2019-01-15T06:24:42.926+0000][6505][gc           ] GC(9) Pause Young (Allocation Failure) 85M->19M(247M) 9.788ms
[2019-01-15T06:24:42.926+0000][6505][gc,cpu       ] GC(9) User=0.02s Sys=0.00s Real=0.01s
[2019-01-15T06:24:42.926+0000][6505][safepoint    ] Total time for which application threads were stopped: 0.0099147 seconds, Stopping threads took: 0.0000112 seconds
[2019-01-15T06:24:42.955+0000][6505][safepoint    ] Application time: 0.0287705 seconds
[2019-01-15T06:24:42.955+0000][6505][safepoint    ] Total time for which application threads were stopped: 0.0000784 seconds, Stopping threads took: 0.0000109 seconds
[2019-01-15T06:24:43.002+0000][6505][safepoint    ] Application time: 0.0461608 seconds
[2019-01-15T06:24:43.002+0000][6505][gc,start     ] GC(10) Pause Young (Allocation Failure)
[2019-01-15T06:24:43.002+0000][6505][gc,task      ] GC(10) Using 2 workers of 2 for evacuation
[2019-01-15T06:24:43.006+0000][6505][gc,age       ] GC(10) Desired survivor size 4456448 bytes, new threshold 6 (max threshold 6)
[2019-01-15T06:24:43.006+0000][6505][gc,age       ] GC(10) Age table with threshold 6 (max threshold 6)
[2019-01-15T06:24:43.006+0000][6505][gc,age       ] GC(10) - age   1:     153480 bytes,     153480 total
[2019-01-15T06:24:43.006+0000][6505][gc,age       ] GC(10) - age   2:     493696 bytes,     647176 total
[2019-01-15T06:24:43.006+0000][6505][gc,age       ] GC(10) - age   3:    1378512 bytes,    2025688 total
[2019-01-15T06:24:43.006+0000][6505][gc,heap      ] GC(10) ParNew: 78537K->5886K(78656K)
[2019-01-15T06:24:43.006+0000][6505][gc,heap      ] GC(10) CMS: 10943K->13674K(174784K)
[2019-01-15T06:24:43.006+0000][6505][gc,metaspace ] GC(10) Metaspace: 28750K->28750K(1075200K)
[2019-01-15T06:24:43.006+0000][6505][gc           ] GC(10) Pause Young (Allocation Failure) 87M->19M(247M) 4.659ms
[2019-01-15T06:24:43.006+0000][6505][gc,cpu       ] GC(10) User=0.01s Sys=0.00s Real=0.00s
[2019-01-15T06:24:43.006+0000][6505][safepoint    ] Total time for which application threads were stopped: 0.0047429 seconds, Stopping threads took: 0.0000108 seconds
[2019-01-15T06:24:43.125+0000][6505][safepoint    ] Application time: 0.1190697 seconds
[2019-01-15T06:24:43.125+0000][6505][gc,start     ] GC(11) Pause Young (Allocation Failure)
[2019-01-15T06:24:43.125+0000][6505][gc,task      ] GC(11) Using 2 workers of 2 for evacuation
[2019-01-15T06:24:43.129+0000][6505][gc,age       ] GC(11) Desired survivor size 4456448 bytes, new threshold 6 (max threshold 6)
[2019-01-15T06:24:43.129+0000][6505][gc,age       ] GC(11) Age table with threshold 6 (max threshold 6)
[2019-01-15T06:24:43.129+0000][6505][gc,age       ] GC(11) - age   1:     751096 bytes,     751096 total
[2019-01-15T06:24:43.129+0000][6505][gc,age       ] GC(11) - age   2:     126720 bytes,     877816 total
[2019-01-15T06:24:43.129+0000][6505][gc,age       ] GC(11) - age   3:     493696 bytes,    1371512 total
[2019-01-15T06:24:43.129+0000][6505][gc,age       ] GC(11) - age   4:    1378408 bytes,    2749920 total
[2019-01-15T06:24:43.129+0000][6505][gc,heap      ] GC(11) ParNew: 75838K->3932K(78656K)
[2019-01-15T06:24:43.129+0000][6505][gc,heap      ] GC(11) CMS: 13674K->13674K(174784K)
[2019-01-15T06:24:43.129+0000][6505][gc,metaspace ] GC(11) Metaspace: 28801K->28801K(1077248K)
[2019-01-15T06:24:43.129+0000][6505][gc           ] GC(11) Pause Young (Allocation Failure) 87M->17M(247M) 3.533ms
[2019-01-15T06:24:43.129+0000][6505][gc,cpu       ] GC(11) User=0.01s Sys=0.00s Real=0.00s
[2019-01-15T06:24:43.129+0000][6505][safepoint    ] Total time for which application threads were stopped: 0.0036337 seconds, Stopping threads took: 0.0000070 seconds
[2019-01-15T06:24:43.321+0000][6505][safepoint    ] Application time: 0.1915489 seconds
[2019-01-15T06:24:43.321+0000][6505][safepoint    ] Total time for which application threads were stopped: 0.0004518 seconds, Stopping threads took: 0.0000102 seconds
[2019-01-15T06:24:43.501+0000][6505][safepoint    ] Application time: 0.1794160 seconds
[2019-01-15T06:24:43.501+0000][6505][gc,start     ] GC(12) Pause Young (Allocation Failure)
[2019-01-15T06:24:43.501+0000][6505][gc,task      ] GC(12) Using 2 workers of 2 for evacuation
[2019-01-15T06:24:43.507+0000][6505][gc,age       ] GC(12) Desired survivor size 4456448 bytes, new threshold 6 (max threshold 6)
[2019-01-15T06:24:43.507+0000][6505][gc,age       ] GC(12) Age table with threshold 6 (max threshold 6)
[2019-01-15T06:24:43.507+0000][6505][gc,age       ] GC(12) - age   1:     531936 bytes,     531936 total
[2019-01-15T06:24:43.507+0000][6505][gc,age       ] GC(12) - age   2:     322040 bytes,     853976 total
[2019-01-15T06:24:43.507+0000][6505][gc,age       ] GC(12) - age   3:     126608 bytes,     980584 total
[2019-01-15T06:24:43.507+0000][6505][gc,age       ] GC(12) - age   4:     493696 bytes,    1474280 total
[2019-01-15T06:24:43.507+0000][6505][gc,age       ] GC(12) - age   5:    1378408 bytes,    2852688 total
[2019-01-15T06:24:43.507+0000][6505][gc,heap      ] GC(12) ParNew: 73884K->5010K(78656K)
[2019-01-15T06:24:43.507+0000][6505][gc,heap      ] GC(12) CMS: 13674K->13674K(174784K)
[2019-01-15T06:24:43.507+0000][6505][gc,metaspace ] GC(12) Metaspace: 29871K->29871K(1077248K)
[2019-01-15T06:24:43.507+0000][6505][gc           ] GC(12) Pause Young (Allocation Failure) 85M->18M(247M) 5.913ms
[2019-01-15T06:24:43.507+0000][6505][gc,cpu       ] GC(12) User=0.01s Sys=0.00s Real=0.00s
[2019-01-15T06:24:43.507+0000][6505][safepoint    ] Total time for which application threads were stopped: 0.0062797 seconds, Stopping threads took: 0.0000049 seconds
[2019-01-15T06:24:43.636+0000][6505][safepoint    ] Application time: 0.1296176 seconds
[2019-01-15T06:24:43.637+0000][6505][safepoint    ] Total time for which application threads were stopped: 0.0000445 seconds, Stopping threads took: 0.0000040 seconds
[2019-01-15T06:24:43.637+0000][6505][safepoint    ] Application time: 0.0001036 seconds
[2019-01-15T06:24:43.637+0000][6505][safepoint    ] Total time for which application threads were stopped: 0.0000169 seconds, Stopping threads took: 0.0000021 seconds
[2019-01-15T06:24:44.066+0000][6505][safepoint    ] Application time: 0.4291689 seconds
[2019-01-15T06:24:44.066+0000][6505][safepoint    ] Total time for which application threads were stopped: 0.0004904 seconds, Stopping threads took: 0.0000042 seconds
[2019-01-15T06:24:44.484+0000][6505][safepoint    ] Application time: 0.4177013 seconds
[2019-01-15T06:24:44.484+0000][6505][gc,start     ] GC(13) Pause Young (Allocation Failure)
[2019-01-15T06:24:44.484+0000][6505][gc,task      ] GC(13) Using 2 workers of 2 for evacuation
[2019-01-15T06:24:44.509+0000][6505][gc,age       ] GC(13) Desired survivor size 4456448 bytes, new threshold 1 (max threshold 6)
[2019-01-15T06:24:44.509+0000][6505][gc,age       ] GC(13) Age table with threshold 1 (max threshold 6)
[2019-01-15T06:24:44.509+0000][6505][gc,age       ] GC(13) - age   1:    6120392 bytes,    6120392 total
[2019-01-15T06:24:44.509+0000][6505][gc,age       ] GC(13) - age   2:     449544 bytes,    6569936 total
[2019-01-15T06:24:44.509+0000][6505][gc,age       ] GC(13) - age   3:     321848 bytes,    6891784 total
[2019-01-15T06:24:44.509+0000][6505][gc,age       ] GC(13) - age   4:     126496 bytes,    7018280 total
[2019-01-15T06:24:44.509+0000][6505][gc,age       ] GC(13) - age   5:     490456 bytes,    7508736 total
[2019-01-15T06:24:44.509+0000][6505][gc,age       ] GC(13) - age   6:    1375984 bytes,    8884720 total
[2019-01-15T06:24:44.509+0000][6505][gc,heap      ] GC(13) ParNew: 74962K->8704K(78656K)
[2019-01-15T06:24:44.509+0000][6505][gc,heap      ] GC(13) CMS: 13674K->16504K(174784K)
[2019-01-15T06:24:44.509+0000][6505][gc,metaspace ] GC(13) Metaspace: 34970K->34970K(1081344K)
[2019-01-15T06:24:44.509+0000][6505][gc           ] GC(13) Pause Young (Allocation Failure) 86M->24M(247M) 24.539ms
[2019-01-15T06:24:44.509+0000][6505][gc,cpu       ] GC(13) User=0.04s Sys=0.00s Real=0.02s
[2019-01-15T06:24:44.509+0000][6505][safepoint    ] Total time for which application threads were stopped: 0.0248371 seconds, Stopping threads took: 0.0000119 seconds
[2019-01-15T06:24:45.116+0000][6505][safepoint    ] Application time: 0.6072709 seconds
[2019-01-15T06:24:45.116+0000][6505][gc,start     ] GC(14) Pause Young (Allocation Failure)
[2019-01-15T06:24:45.116+0000][6505][gc,task      ] GC(14) Using 2 workers of 2 for evacuation
[2019-01-15T06:24:45.153+0000][6505][gc,age       ] GC(14) Desired survivor size 4456448 bytes, new threshold 1 (max threshold 6)
[2019-01-15T06:24:45.153+0000][6505][gc,age       ] GC(14) Age table with threshold 1 (max threshold 6)
[2019-01-15T06:24:45.153+0000][6505][gc,age       ] GC(14) - age   1:    8912800 bytes,    8912800 total
[2019-01-15T06:24:45.153+0000][6505][gc,heap      ] GC(14) ParNew: 78656K->8704K(78656K)
[2019-01-15T06:24:45.153+0000][6505][gc,heap      ] GC(14) CMS: 16504K->27197K(174784K)
[2019-01-15T06:24:45.153+0000][6505][gc,metaspace ] GC(14) Metaspace: 35040K->35040K(1081344K)
[2019-01-15T06:24:45.153+0000][6505][gc           ] GC(14) Pause Young (Allocation Failure) 92M->35M(247M) 37.037ms
[2019-01-15T06:24:45.153+0000][6505][gc,cpu       ] GC(14) User=0.07s Sys=0.00s Real=0.04s
[2019-01-15T06:24:45.153+0000][6505][safepoint    ] Total time for which application threads were stopped: 0.0371640 seconds, Stopping threads took: 0.0000167 seconds
[2019-01-15T06:24:45.696+0000][6505][safepoint    ] Application time: 0.5427050 seconds
[2019-01-15T06:24:45.696+0000][6505][safepoint    ] Total time for which application threads were stopped: 0.0000648 seconds, Stopping threads took: 0.0000039 seconds
[2019-01-15T06:24:45.733+0000][6505][safepoint    ] Application time: 0.0365083 seconds
[2019-01-15T06:24:45.733+0000][6505][gc,start     ] GC(15) Pause Young (Allocation Failure)
[2019-01-15T06:24:45.733+0000][6505][gc,task      ] GC(15) Using 2 workers of 2 for evacuation
[2019-01-15T06:24:45.767+0000][6505][gc,age       ] GC(15) Desired survivor size 4456448 bytes, new threshold 1 (max threshold 6)
[2019-01-15T06:24:45.767+0000][6505][gc,age       ] GC(15) Age table with threshold 1 (max threshold 6)
[2019-01-15T06:24:45.767+0000][6505][gc,age       ] GC(15) - age   1:    4913672 bytes,    4913672 total
[2019-01-15T06:24:45.767+0000][6505][gc,heap      ] GC(15) ParNew: 78656K->8704K(78656K)
[2019-01-15T06:24:45.767+0000][6505][gc,heap      ] GC(15) CMS: 27197K->41506K(174784K)
[2019-01-15T06:24:45.767+0000][6505][gc,metaspace ] GC(15) Metaspace: 36030K->36030K(1083392K)
[2019-01-15T06:24:45.767+0000][6505][gc           ] GC(15) Pause Young (Allocation Failure) 103M->49M(247M) 34.006ms
[2019-01-15T06:24:45.767+0000][6505][gc,cpu       ] GC(15) User=0.06s Sys=0.01s Real=0.03s
[2019-01-15T06:24:45.767+0000][6505][safepoint    ] Total time for which application threads were stopped: 0.0341023 seconds, Stopping threads took: 0.0000041 seconds
[2019-01-15T06:24:45.864+0000][6505][safepoint    ] Application time: 0.0966296 seconds
[2019-01-15T06:24:45.864+0000][6505][safepoint    ] Total time for which application threads were stopped: 0.0001740 seconds, Stopping threads took: 0.0000123 seconds
[2019-01-15T06:24:45.900+0000][6505][safepoint    ] Application time: 0.0365420 seconds
[2019-01-15T06:24:45.900+0000][6505][safepoint    ] Total time for which application threads were stopped: 0.0001271 seconds, Stopping threads took: 0.0000111 seconds
[2019-01-15T06:24:45.958+0000][6505][safepoint    ] Application time: 0.0578566 seconds
[2019-01-15T06:24:45.959+0000][6505][safepoint    ] Total time for which application threads were stopped: 0.0001569 seconds, Stopping threads took: 0.0000147 seconds
[2019-01-15T06:24:46.054+0000][6505][safepoint    ] Application time: 0.0952408 seconds
[2019-01-15T06:24:46.054+0000][6505][safepoint    ] Total time for which application threads were stopped: 0.0001248 seconds, Stopping threads took: 0.0000105 seconds
[2019-01-15T06:24:46.067+0000][6505][safepoint    ] Application time: 0.0129705 seconds
[2019-01-15T06:24:46.067+0000][6505][safepoint    ] Total time for which application threads were stopped: 0.0004035 seconds, Stopping threads took: 0.0000105 seconds
[2019-01-15T06:24:46.073+0000][6505][safepoint    ] Application time: 0.0053566 seconds
[2019-01-15T06:24:46.073+0000][6505][safepoint    ] Total time for which application threads were stopped: 0.0001438 seconds, Stopping threads took: 0.0000126 seconds
[2019-01-15T06:24:46.186+0000][6505][safepoint    ] Application time: 0.1128666 seconds
[2019-01-15T06:24:46.186+0000][6505][safepoint    ] Total time for which application threads were stopped: 0.0001433 seconds, Stopping threads took: 0.0000043 seconds
[2019-01-15T06:24:46.214+0000][6505][safepoint    ] Application time: 0.0275994 seconds
[2019-01-15T06:24:46.214+0000][6505][safepoint    ] Total time for which application threads were stopped: 0.0001548 seconds, Stopping threads took: 0.0000051 seconds
[2019-01-15T06:24:46.235+0000][6505][safepoint    ] Application time: 0.0214828 seconds
[2019-01-15T06:24:46.235+0000][6505][safepoint    ] Total time for which application threads were stopped: 0.0000919 seconds, Stopping threads took: 0.0000041 seconds
[2019-01-15T06:24:46.303+0000][6505][safepoint    ] Application time: 0.0675501 seconds
[2019-01-15T06:24:46.303+0000][6505][safepoint    ] Total time for which application threads were stopped: 0.0001615 seconds, Stopping threads took: 0.0000123 seconds
[2019-01-15T06:24:46.347+0000][6505][safepoint    ] Application time: 0.0440014 seconds
[2019-01-15T06:24:46.347+0000][6505][safepoint    ] Total time for which application threads were stopped: 0.0001540 seconds, Stopping threads took: 0.0000127 seconds
[2019-01-15T06:24:46.370+0000][6505][safepoint    ] Application time: 0.0227171 seconds
[2019-01-15T06:24:46.370+0000][6505][safepoint    ] Total time for which application threads were stopped: 0.0001518 seconds, Stopping threads took: 0.0000233 seconds
[2019-01-15T06:24:46.388+0000][6505][safepoint    ] Application time: 0.0178050 seconds
[2019-01-15T06:24:46.388+0000][6505][safepoint    ] Total time for which application threads were stopped: 0.0002121 seconds, Stopping threads took: 0.0000107 seconds
[2019-01-15T06:24:46.433+0000][6505][safepoint    ] Application time: 0.0451304 seconds
[2019-01-15T06:24:46.434+0000][6505][safepoint    ] Total time for which application threads were stopped: 0.0002031 seconds, Stopping threads took: 0.0000114 seconds
[2019-01-15T06:24:46.455+0000][6505][safepoint    ] Application time: 0.0215952 seconds
[2019-01-15T06:24:46.455+0000][6505][safepoint    ] Total time for which application threads were stopped: 0.0000998 seconds, Stopping threads took: 0.0000114 seconds
[2019-01-15T06:24:46.477+0000][6505][safepoint    ] Application time: 0.0218234 seconds
[2019-01-15T06:24:46.477+0000][6505][safepoint    ] Total time for which application threads were stopped: 0.0001307 seconds, Stopping threads took: 0.0000108 seconds
[2019-01-15T06:24:46.528+0000][6505][safepoint    ] Application time: 0.0501813 seconds
[2019-01-15T06:24:46.528+0000][6505][safepoint    ] Total time for which application threads were stopped: 0.0001539 seconds, Stopping threads took: 0.0000112 seconds
[2019-01-15T06:24:46.552+0000][6505][safepoint    ] Application time: 0.0242571 seconds
[2019-01-15T06:24:46.552+0000][6505][safepoint    ] Total time for which application threads were stopped: 0.0001454 seconds, Stopping threads took: 0.0000105 seconds
[2019-01-15T06:24:46.674+0000][6505][safepoint    ] Application time: 0.1219612 seconds
[2019-01-15T06:24:46.674+0000][6505][safepoint    ] Total time for which application threads were stopped: 0.0001406 seconds, Stopping threads took: 0.0000106 seconds
[2019-01-15T06:24:46.700+0000][6505][safepoint    ] Application time: 0.0253142 seconds
[2019-01-15T06:24:46.700+0000][6505][safepoint    ] Total time for which application threads were stopped: 0.0002871 seconds, Stopping threads took: 0.0000129 seconds
[2019-01-15T06:24:46.733+0000][6505][safepoint    ] Application time: 0.0325828 seconds
[2019-01-15T06:24:46.733+0000][6505][safepoint    ] Total time for which application threads were stopped: 0.0002092 seconds, Stopping threads took: 0.0000115 seconds
[2019-01-15T06:24:46.754+0000][6505][safepoint    ] Application time: 0.0206529 seconds
[2019-01-15T06:24:46.754+0000][6505][safepoint    ] Total time for which application threads were stopped: 0.0001806 seconds, Stopping threads took: 0.0000462 seconds
[2019-01-15T06:24:46.779+0000][6505][safepoint    ] Application time: 0.0253551 seconds
[2019-01-15T06:24:46.779+0000][6505][safepoint    ] Total time for which application threads were stopped: 0.0001466 seconds, Stopping threads took: 0.0000107 seconds
[2019-01-15T06:24:46.795+0000][6505][safepoint    ] Application time: 0.0153615 seconds
[2019-01-15T06:24:46.795+0000][6505][safepoint    ] Total time for which application threads were stopped: 0.0002006 seconds, Stopping threads took: 0.0000114 seconds
[2019-01-15T06:24:46.815+0000][6505][safepoint    ] Application time: 0.0200953 seconds
[2019-01-15T06:24:46.815+0000][6505][safepoint    ] Total time for which application threads were stopped: 0.0002362 seconds, Stopping threads took: 0.0000113 seconds
[2019-01-15T06:24:46.832+0000][6505][safepoint    ] Application time: 0.0165256 seconds
[2019-01-15T06:24:46.832+0000][6505][safepoint    ] Total time for which application threads were stopped: 0.0001657 seconds, Stopping threads took: 0.0000120 seconds
[2019-01-15T06:24:46.858+0000][6505][safepoint    ] Application time: 0.0253552 seconds
[2019-01-15T06:24:46.858+0000][6505][safepoint    ] Total time for which application threads were stopped: 0.0001525 seconds, Stopping threads took: 0.0000119 seconds
[2019-01-15T06:24:46.870+0000][6505][safepoint    ] Application time: 0.0121538 seconds
[2019-01-15T06:24:46.870+0000][6505][gc,start     ] GC(16) Pause Young (Allocation Failure)
[2019-01-15T06:24:46.870+0000][6505][gc,task      ] GC(16) Using 2 workers of 2 for evacuation
[2019-01-15T06:24:46.882+0000][6505][gc,age       ] GC(16) Desired survivor size 4456448 bytes, new threshold 6 (max threshold 6)
[2019-01-15T06:24:46.882+0000][6505][gc,age       ] GC(16) Age table with threshold 6 (max threshold 6)
[2019-01-15T06:24:46.882+0000][6505][gc,age       ] GC(16) - age   1:    2507944 bytes,    2507944 total
[2019-01-15T06:24:46.882+0000][6505][gc,heap      ] GC(16) ParNew: 78656K->3864K(78656K)
[2019-01-15T06:24:46.882+0000][6505][gc,heap      ] GC(16) CMS: 41506K->46324K(174784K)
[2019-01-15T06:24:46.882+0000][6505][gc,metaspace ] GC(16) Metaspace: 44892K->44892K(1091584K)
[2019-01-15T06:24:46.882+0000][6505][gc           ] GC(16) Pause Young (Allocation Failure) 117M->49M(247M) 12.461ms
[2019-01-15T06:24:46.882+0000][6505][gc,cpu       ] GC(16) User=0.03s Sys=0.00s Real=0.02s
[2019-01-15T06:24:46.882+0000][6505][safepoint    ] Total time for which application threads were stopped: 0.0125461 seconds, Stopping threads took: 0.0000114 seconds
[2019-01-15T06:24:46.888+0000][6505][safepoint    ] Application time: 0.0053077 seconds
[2019-01-15T06:24:46.890+0000][6505][gc,start     ] GC(17) Pause Initial Mark
[2019-01-15T06:24:46.893+0000][6505][gc           ] GC(17) Pause Initial Mark 50M->50M(247M) 2.286ms
[2019-01-15T06:24:46.893+0000][6505][gc,cpu       ] GC(17) User=0.01s Sys=0.00s Real=0.01s
[2019-01-15T06:24:46.893+0000][6505][safepoint    ] Total time for which application threads were stopped: 0.0048953 seconds, Stopping threads took: 0.0024427 seconds
[2019-01-15T06:24:46.893+0000][6505][gc           ] GC(17) Concurrent Mark
[2019-01-15T06:24:46.909+0000][6505][safepoint    ] Application time: 0.0168167 seconds
[2019-01-15T06:24:46.910+0000][6505][safepoint    ] Total time for which application threads were stopped: 0.0001602 seconds, Stopping threads took: 0.0000058 seconds
[2019-01-15T06:24:46.959+0000][6505][safepoint    ] Application time: 0.0492518 seconds
[2019-01-15T06:24:46.959+0000][6505][safepoint    ] Total time for which application threads were stopped: 0.0001560 seconds, Stopping threads took: 0.0000042 seconds
[2019-01-15T06:24:46.970+0000][6505][gc           ] GC(17) Concurrent Mark 76.946ms
[2019-01-15T06:24:46.970+0000][6505][gc,cpu       ] GC(17) User=0.11s Sys=0.01s Real=0.07s
[2019-01-15T06:24:46.970+0000][6505][gc           ] GC(17) Concurrent Preclean
[2019-01-15T06:24:46.970+0000][6505][gc           ] GC(17) Concurrent Preclean 0.725ms
[2019-01-15T06:24:46.970+0000][6505][gc,cpu       ] GC(17) User=0.00s Sys=0.01s Real=0.00s
[2019-01-15T06:24:46.970+0000][6505][gc           ] GC(17) Concurrent Abortable Preclean
[2019-01-15T06:24:47.004+0000][6505][safepoint    ] Application time: 0.0449484 seconds
[2019-01-15T06:24:47.004+0000][6505][safepoint    ] Total time for which application threads were stopped: 0.0002003 seconds, Stopping threads took: 0.0000033 seconds
[2019-01-15T06:24:47.022+0000][6505][safepoint    ] Application time: 0.0174113 seconds
[2019-01-15T06:24:47.022+0000][6505][safepoint    ] Total time for which application threads were stopped: 0.0001326 seconds, Stopping threads took: 0.0000116 seconds
[2019-01-15T06:24:47.078+0000][6505][safepoint    ] Application time: 0.0563836 seconds
[2019-01-15T06:24:47.079+0000][6505][safepoint    ] Total time for which application threads were stopped: 0.0001521 seconds, Stopping threads took: 0.0000109 seconds
[2019-01-15T06:24:47.106+0000][6505][safepoint    ] Application time: 0.0271175 seconds
[2019-01-15T06:24:47.106+0000][6505][safepoint    ] Total time for which application threads were stopped: 0.0001422 seconds, Stopping threads took: 0.0000111 seconds
[2019-01-15T06:24:47.138+0000][6505][safepoint    ] Application time: 0.0325248 seconds
[2019-01-15T06:24:47.138+0000][6505][safepoint    ] Total time for which application threads were stopped: 0.0000850 seconds, Stopping threads took: 0.0000116 seconds
[2019-01-15T06:24:47.180+0000][6505][safepoint    ] Application time: 0.0419119 seconds
[2019-01-15T06:24:47.181+0000][6505][safepoint    ] Total time for which application threads were stopped: 0.0001546 seconds, Stopping threads took: 0.0000114 seconds
[2019-01-15T06:24:47.232+0000][6505][safepoint    ] Application time: 0.0514308 seconds
[2019-01-15T06:24:47.232+0000][6505][safepoint    ] Total time for which application threads were stopped: 0.0001614 seconds, Stopping threads took: 0.0000106 seconds
[2019-01-15T06:24:47.273+0000][6505][safepoint    ] Application time: 0.0407031 seconds
[2019-01-15T06:24:47.273+0000][6505][safepoint    ] Total time for which application threads were stopped: 0.0001655 seconds, Stopping threads took: 0.0000107 seconds
[2019-01-15T06:24:47.320+0000][6505][safepoint    ] Application time: 0.0464928 seconds
[2019-01-15T06:24:47.320+0000][6505][safepoint    ] Total time for which application threads were stopped: 0.0001510 seconds, Stopping threads took: 0.0000133 seconds
[2019-01-15T06:24:47.370+0000][6505][safepoint    ] Application time: 0.0506434 seconds
[2019-01-15T06:24:47.371+0000][6505][safepoint    ] Total time for which application threads were stopped: 0.0001505 seconds, Stopping threads took: 0.0000104 seconds
[2019-01-15T06:24:47.444+0000][6505][safepoint    ] Application time: 0.0736814 seconds
[2019-01-15T06:24:47.444+0000][6505][safepoint    ] Total time for which application threads were stopped: 0.0000545 seconds, Stopping threads took: 0.0000151 seconds
[2019-01-15T06:24:47.462+0000][6505][safepoint    ] Application time: 0.0173046 seconds
[2019-01-15T06:24:47.462+0000][6505][safepoint    ] Total time for which application threads were stopped: 0.0001306 seconds, Stopping threads took: 0.0000039 seconds
[2019-01-15T06:24:47.813+0000][6505][safepoint    ] Application time: 0.3511049 seconds
[2019-01-15T06:24:47.813+0000][6505][safepoint    ] Total time for which application threads were stopped: 0.0001738 seconds, Stopping threads took: 0.0000108 seconds
[2019-01-15T06:24:48.165+0000][6505][safepoint    ] Application time: 0.3518938 seconds
[2019-01-15T06:24:48.165+0000][6505][safepoint    ] Total time for which application threads were stopped: 0.0001873 seconds, Stopping threads took: 0.0000125 seconds
[2019-01-15T06:24:48.194+0000][6505][gc           ] GC(17) Concurrent Abortable Preclean 1223.761ms
[2019-01-15T06:24:48.194+0000][6505][gc,cpu       ] GC(17) User=2.25s Sys=0.11s Real=1.23s
[2019-01-15T06:24:48.194+0000][6505][safepoint    ] Application time: 0.0289730 seconds
[2019-01-15T06:24:48.197+0000][6505][gc,start     ] GC(17) Pause Remark
[2019-01-15T06:24:48.228+0000][6505][gc           ] GC(17) Pause Remark 100M->100M(247M) 30.722ms
[2019-01-15T06:24:48.228+0000][6505][gc,cpu       ] GC(17) User=0.05s Sys=0.00s Real=0.03s
[2019-01-15T06:24:48.228+0000][6505][safepoint    ] Total time for which application threads were stopped: 0.0334440 seconds, Stopping threads took: 0.0026159 seconds
[2019-01-15T06:24:48.235+0000][6505][gc           ] GC(17) Concurrent Sweep
[2019-01-15T06:24:48.269+0000][6505][gc           ] GC(17) Concurrent Sweep 33.232ms
[2019-01-15T06:24:48.269+0000][6505][gc,cpu       ] GC(17) User=0.06s Sys=0.01s Real=0.03s
[2019-01-15T06:24:48.269+0000][6505][gc           ] GC(17) Concurrent Reset
[2019-01-15T06:24:48.269+0000][6505][gc           ] GC(17) Concurrent Reset 0.125ms
[2019-01-15T06:24:48.269+0000][6505][gc,cpu       ] GC(17) User=0.01s Sys=0.00s Real=0.00s
[2019-01-15T06:24:48.269+0000][6505][gc,heap      ] GC(17) Old: 46324K->46121K(174784K)
[2019-01-15T06:24:48.412+0000][6505][safepoint    ] Application time: 0.1839754 seconds
[2019-01-15T06:24:48.412+0000][6505][gc,start     ] GC(18) Pause Young (Allocation Failure)
[2019-01-15T06:24:48.412+0000][6505][gc,task      ] GC(18) Using 2 workers of 2 for evacuation
[2019-01-15T06:24:48.428+0000][6505][gc,age       ] GC(18) Desired survivor size 4456448 bytes, new threshold 2 (max threshold 6)
[2019-01-15T06:24:48.428+0000][6505][gc,age       ] GC(18) Age table with threshold 2 (max threshold 6)
[2019-01-15T06:24:48.428+0000][6505][gc,age       ] GC(18) - age   1:    2242432 bytes,    2242432 total
[2019-01-15T06:24:48.428+0000][6505][gc,age       ] GC(18) - age   2:    2429344 bytes,    4671776 total
[2019-01-15T06:24:48.428+0000][6505][gc,heap      ] GC(18) ParNew: 73816K->7007K(78656K)
[2019-01-15T06:24:48.428+0000][6505][gc,heap      ] GC(18) CMS: 46121K->46121K(174784K)
[2019-01-15T06:24:48.428+0000][6505][gc,metaspace ] GC(18) Metaspace: 50741K->50741K(1095680K)
[2019-01-15T06:24:48.428+0000][6505][gc           ] GC(18) Pause Young (Allocation Failure) 117M->51M(247M) 15.998ms
[2019-01-15T06:24:48.428+0000][6505][gc,cpu       ] GC(18) User=0.03s Sys=0.00s Real=0.01s
[2019-01-15T06:24:48.428+0000][6505][safepoint    ] Total time for which application threads were stopped: 0.0161086 seconds, Stopping threads took: 0.0000045 seconds
[2019-01-15T06:24:48.474+0000][6505][safepoint    ] Application time: 0.0459259 seconds
[2019-01-15T06:24:48.474+0000][6505][safepoint    ] Total time for which application threads were stopped: 0.0001272 seconds, Stopping threads took: 0.0000446 seconds
[2019-01-15T06:24:48.830+0000][6505][safepoint    ] Application time: 0.3561288 seconds
[2019-01-15T06:24:48.831+0000][6505][safepoint    ] Total time for which application threads were stopped: 0.0003688 seconds, Stopping threads took: 0.0000109 seconds
[2019-01-15T06:24:48.888+0000][6505][safepoint    ] Application time: 0.0573038 seconds
[2019-01-15T06:24:48.888+0000][6505][safepoint    ] Total time for which application threads were stopped: 0.0000754 seconds, Stopping threads took: 0.0000194 seconds
[2019-01-15T06:24:48.888+0000][6505][safepoint    ] Application time: 0.0000689 seconds
[2019-01-15T06:24:48.888+0000][6505][safepoint    ] Total time for which application threads were stopped: 0.0000251 seconds, Stopping threads took: 0.0000022 seconds
[2019-01-15T06:24:48.889+0000][6505][safepoint    ] Application time: 0.0012124 seconds
[2019-01-15T06:24:48.889+0000][6505][safepoint    ] Total time for which application threads were stopped: 0.0000341 seconds, Stopping threads took: 0.0000035 seconds
[2019-01-15T06:24:48.890+0000][6505][safepoint    ] Application time: 0.0002335 seconds
[2019-01-15T06:24:48.890+0000][6505][safepoint    ] Total time for which application threads were stopped: 0.0000355 seconds, Stopping threads took: 0.0000032 seconds
[2019-01-15T06:24:48.890+0000][6505][safepoint    ] Application time: 0.0000488 seconds
[2019-01-15T06:24:48.890+0000][6505][safepoint    ] Total time for which application threads were stopped: 0.0000220 seconds, Stopping threads took: 0.0000018 seconds
[2019-01-15T06:24:48.890+0000][6505][safepoint    ] Application time: 0.0000412 seconds
[2019-01-15T06:24:48.890+0000][6505][safepoint    ] Total time for which application threads were stopped: 0.0000211 seconds, Stopping threads took: 0.0000021 seconds
[2019-01-15T06:24:48.890+0000][6505][safepoint    ] Application time: 0.0000410 seconds
[2019-01-15T06:24:48.890+0000][6505][safepoint    ] Total time for which application threads were stopped: 0.0000203 seconds, Stopping threads took: 0.0000016 seconds
[2019-01-15T06:24:48.890+0000][6505][safepoint    ] Application time: 0.0000399 seconds
[2019-01-15T06:24:48.890+0000][6505][safepoint    ] Total time for which application threads were stopped: 0.0000201 seconds, Stopping threads took: 0.0000016 seconds
[2019-01-15T06:24:48.890+0000][6505][safepoint    ] Application time: 0.0000584 seconds
[2019-01-15T06:24:48.890+0000][6505][safepoint    ] Total time for which application threads were stopped: 0.0000204 seconds, Stopping threads took: 0.0000018 seconds
[2019-01-15T06:24:48.890+0000][6505][safepoint    ] Application time: 0.0000407 seconds
[2019-01-15T06:24:48.890+0000][6505][safepoint    ] Total time for which application threads were stopped: 0.0000201 seconds, Stopping threads took: 0.0000016 seconds
[2019-01-15T06:24:48.890+0000][6505][safepoint    ] Application time: 0.0000399 seconds
[2019-01-15T06:24:48.890+0000][6505][safepoint    ] Total time for which application threads were stopped: 0.0000200 seconds, Stopping threads took: 0.0000017 seconds
[2019-01-15T06:24:48.890+0000][6505][safepoint    ] Application time: 0.0000414 seconds
[2019-01-15T06:24:48.890+0000][6505][safepoint    ] Total time for which application threads were stopped: 0.0000203 seconds, Stopping threads took: 0.0000021 seconds
[2019-01-15T06:24:48.890+0000][6505][safepoint    ] Application time: 0.0000399 seconds
[2019-01-15T06:24:48.890+0000][6505][safepoint    ] Total time for which application threads were stopped: 0.0000198 seconds, Stopping threads took: 0.0000016 seconds
[2019-01-15T06:24:48.890+0000][6505][safepoint    ] Application time: 0.0000394 seconds
[2019-01-15T06:24:48.890+0000][6505][safepoint    ] Total time for which application threads were stopped: 0.0000199 seconds, Stopping threads took: 0.0000016 seconds
[2019-01-15T06:24:48.891+0000][6505][safepoint    ] Application time: 0.0000487 seconds
[2019-01-15T06:24:48.891+0000][6505][safepoint    ] Total time for which application threads were stopped: 0.0000328 seconds, Stopping threads took: 0.0000017 seconds
[2019-01-15T06:24:48.891+0000][6505][safepoint    ] Application time: 0.0000398 seconds
[2019-01-15T06:24:48.891+0000][6505][safepoint    ] Total time for which application threads were stopped: 0.0000202 seconds, Stopping threads took: 0.0000019 seconds
[2019-01-15T06:24:48.891+0000][6505][safepoint    ] Application time: 0.0000396 seconds
[2019-01-15T06:24:48.891+0000][6505][safepoint    ] Total time for which application threads were stopped: 0.0000197 seconds, Stopping threads took: 0.0000016 seconds
[2019-01-15T06:24:48.891+0000][6505][safepoint    ] Application time: 0.0000395 seconds
[2019-01-15T06:24:48.891+0000][6505][safepoint    ] Total time for which application threads were stopped: 0.0000198 seconds, Stopping threads took: 0.0000016 seconds
[2019-01-15T06:24:48.891+0000][6505][safepoint    ] Application time: 0.0000396 seconds
[2019-01-15T06:24:48.891+0000][6505][safepoint    ] Total time for which application threads were stopped: 0.0000197 seconds, Stopping threads took: 0.0000016 seconds
[2019-01-15T06:24:48.891+0000][6505][safepoint    ] Application time: 0.0000474 seconds
[2019-01-15T06:24:48.891+0000][6505][safepoint    ] Total time for which application threads were stopped: 0.0000210 seconds, Stopping threads took: 0.0000020 seconds
[2019-01-15T06:24:48.891+0000][6505][safepoint    ] Application time: 0.0000414 seconds
[2019-01-15T06:24:48.891+0000][6505][safepoint    ] Total time for which application threads were stopped: 0.0000199 seconds, Stopping threads took: 0.0000016 seconds
[2019-01-15T06:24:48.891+0000][6505][safepoint    ] Application time: 0.0000737 seconds
[2019-01-15T06:24:48.891+0000][6505][safepoint    ] Total time for which application threads were stopped: 0.0000201 seconds, Stopping threads took: 0.0000019 seconds
[2019-01-15T06:24:48.891+0000][6505][safepoint    ] Application time: 0.0000480 seconds
[2019-01-15T06:24:48.891+0000][6505][safepoint    ] Total time for which application threads were stopped: 0.0000624 seconds, Stopping threads took: 0.0000018 seconds
[2019-01-15T06:24:48.891+0000][6505][safepoint    ] Application time: 0.0001448 seconds
[2019-01-15T06:24:48.891+0000][6505][safepoint    ] Total time for which application threads were stopped: 0.0000345 seconds, Stopping threads took: 0.0000026 seconds
[2019-01-15T06:24:48.892+0000][6505][safepoint    ] Application time: 0.0000496 seconds
[2019-01-15T06:24:48.892+0000][6505][safepoint    ] Total time for which application threads were stopped: 0.0000362 seconds, Stopping threads took: 0.0000020 seconds
[2019-01-15T06:24:48.892+0000][6505][safepoint    ] Application time: 0.0000527 seconds
[2019-01-15T06:24:48.892+0000][6505][safepoint    ] Total time for which application threads were stopped: 0.0000222 seconds, Stopping threads took: 0.0000020 seconds
[2019-01-15T06:24:48.892+0000][6505][safepoint    ] Application time: 0.0000650 seconds
[2019-01-15T06:24:48.892+0000][6505][safepoint    ] Total time for which application threads were stopped: 0.0000240 seconds, Stopping threads took: 0.0000021 seconds
[2019-01-15T06:24:48.894+0000][6505][safepoint    ] Application time: 0.0021891 seconds
[2019-01-15T06:24:48.894+0000][6505][safepoint    ] Total time for which application threads were stopped: 0.0000356 seconds, Stopping threads took: 0.0000024 seconds
[2019-01-15T06:24:48.895+0000][6505][safepoint    ] Application time: 0.0014076 seconds
[2019-01-15T06:24:48.895+0000][6505][safepoint    ] Total time for which application threads were stopped: 0.0000318 seconds, Stopping threads took: 0.0000025 seconds
[2019-01-15T06:24:48.896+0000][6505][safepoint    ] Application time: 0.0000597 seconds
[2019-01-15T06:24:48.896+0000][6505][safepoint    ] Total time for which application threads were stopped: 0.0000218 seconds, Stopping threads took: 0.0000019 seconds
[2019-01-15T06:24:48.896+0000][6505][safepoint    ] Application time: 0.0004529 seconds
[2019-01-15T06:24:48.896+0000][6505][safepoint    ] Total time for which application threads were stopped: 0.0000248 seconds, Stopping threads took: 0.0000021 seconds
[2019-01-15T06:24:48.896+0000][6505][safepoint    ] Application time: 0.0000206 seconds
[2019-01-15T06:24:48.896+0000][6505][safepoint    ] Total time for which application threads were stopped: 0.0000157 seconds, Stopping threads took: 0.0000009 seconds
[2019-01-15T06:24:48.898+0000][6505][safepoint    ] Application time: 0.0015763 seconds
[2019-01-15T06:24:48.898+0000][6505][safepoint    ] Total time for which application threads were stopped: 0.0000384 seconds, Stopping threads took: 0.0000094 seconds
[2019-01-15T06:24:48.898+0000][6505][safepoint    ] Application time: 0.0000227 seconds
[2019-01-15T06:24:48.898+0000][6505][safepoint    ] Total time for which application threads were stopped: 0.0000223 seconds, Stopping threads took: 0.0000052 seconds
[2019-01-15T06:24:48.898+0000][6505][safepoint    ] Application time: 0.0004212 seconds
[2019-01-15T06:24:48.898+0000][6505][safepoint    ] Total time for which application threads were stopped: 0.0000317 seconds, Stopping threads took: 0.0000083 seconds
[2019-01-15T06:24:48.899+0000][6505][safepoint    ] Application time: 0.0010487 seconds
[2019-01-15T06:24:48.900+0000][6505][safepoint    ] Total time for which application threads were stopped: 0.0001431 seconds, Stopping threads took: 0.0000646 seconds
[2019-01-15T06:24:48.900+0000][6505][safepoint    ] Application time: 0.0003117 seconds
[2019-01-15T06:24:48.900+0000][6505][safepoint    ] Total time for which application threads were stopped: 0.0000365 seconds, Stopping threads took: 0.0000100 seconds
[2019-01-15T06:24:48.900+0000][6505][safepoint    ] Application time: 0.0002118 seconds
[2019-01-15T06:24:48.900+0000][6505][safepoint    ] Total time for which application threads were stopped: 0.0000365 seconds, Stopping threads took: 0.0000087 seconds
[2019-01-15T06:24:48.900+0000][6505][safepoint    ] Application time: 0.0000186 seconds
[2019-01-15T06:24:48.900+0000][6505][safepoint    ] Total time for which application threads were stopped: 0.0000218 seconds, Stopping threads took: 0.0000048 seconds
[2019-01-15T06:24:48.900+0000][6505][safepoint    ] Application time: 0.0000142 seconds
[2019-01-15T06:24:48.900+0000][6505][safepoint    ] Total time for which application threads were stopped: 0.0000204 seconds, Stopping threads took: 0.0000045 seconds
[2019-01-15T06:24:48.900+0000][6505][safepoint    ] Application time: 0.0000138 seconds
[2019-01-15T06:24:48.900+0000][6505][safepoint    ] Total time for which application threads were stopped: 0.0000202 seconds, Stopping threads took: 0.0000046 seconds
[2019-01-15T06:24:48.900+0000][6505][safepoint    ] Application time: 0.0000137 seconds
[2019-01-15T06:24:48.900+0000][6505][safepoint    ] Total time for which application threads were stopped: 0.0000199 seconds, Stopping threads took: 0.0000045 seconds
[2019-01-15T06:24:48.900+0000][6505][safepoint    ] Application time: 0.0000146 seconds
[2019-01-15T06:24:48.900+0000][6505][safepoint    ] Total time for which application threads were stopped: 0.0000200 seconds, Stopping threads took: 0.0000044 seconds
[2019-01-15T06:24:48.900+0000][6505][safepoint    ] Application time: 0.0000137 seconds
[2019-01-15T06:24:48.900+0000][6505][safepoint    ] Total time for which application threads were stopped: 0.0000198 seconds, Stopping threads took: 0.0000044 seconds
[2019-01-15T06:24:48.900+0000][6505][safepoint    ] Application time: 0.0000486 seconds
[2019-01-15T06:24:48.901+0000][6505][safepoint    ] Total time for which application threads were stopped: 0.0000280 seconds, Stopping threads took: 0.0000065 seconds
[2019-01-15T06:24:48.901+0000][6505][safepoint    ] Application time: 0.0000145 seconds
[2019-01-15T06:24:48.901+0000][6505][safepoint    ] Total time for which application threads were stopped: 0.0000202 seconds, Stopping threads took: 0.0000045 seconds
[2019-01-15T06:24:48.901+0000][6505][safepoint    ] Application time: 0.0000137 seconds
[2019-01-15T06:24:48.901+0000][6505][safepoint    ] Total time for which application threads were stopped: 0.0000199 seconds, Stopping threads took: 0.0000046 seconds
[2019-01-15T06:24:48.901+0000][6505][safepoint    ] Application time: 0.0000135 seconds
[2019-01-15T06:24:48.901+0000][6505][safepoint    ] Total time for which application threads were stopped: 0.0000198 seconds, Stopping threads took: 0.0000045 seconds
[2019-01-15T06:24:48.901+0000][6505][safepoint    ] Application time: 0.0000135 seconds
[2019-01-15T06:24:48.901+0000][6505][safepoint    ] Total time for which application threads were stopped: 0.0000246 seconds, Stopping threads took: 0.0000089 seconds
[2019-01-15T06:24:48.901+0000][6505][safepoint    ] Application time: 0.0000968 seconds
[2019-01-15T06:24:48.901+0000][6505][safepoint    ] Total time for which application threads were stopped: 0.0000421 seconds, Stopping threads took: 0.0000082 seconds
[2019-01-15T06:24:48.901+0000][6505][safepoint    ] Application time: 0.0000170 seconds
[2019-01-15T06:24:48.901+0000][6505][safepoint    ] Total time for which application threads were stopped: 0.0000239 seconds, Stopping threads took: 0.0000047 seconds
[2019-01-15T06:24:48.901+0000][6505][safepoint    ] Application time: 0.0000152 seconds
[2019-01-15T06:24:48.901+0000][6505][safepoint    ] Total time for which application threads were stopped: 0.0000320 seconds, Stopping threads took: 0.0000089 seconds
[2019-01-15T06:24:48.901+0000][6505][safepoint    ] Application time: 0.0000180 seconds
[2019-01-15T06:24:48.901+0000][6505][safepoint    ] Total time for which application threads were stopped: 0.0000212 seconds, Stopping threads took: 0.0000046 seconds
[2019-01-15T06:24:48.903+0000][6505][safepoint    ] Application time: 0.0017902 seconds
[2019-01-15T06:24:48.928+0000][6505][safepoint    ] Total time for which application threads were stopped: 0.0249787 seconds, Stopping threads took: 0.0249156 seconds
[2019-01-15T06:24:48.928+0000][6505][safepoint    ] Application time: 0.0004426 seconds
[2019-01-15T06:24:48.928+0000][6505][safepoint    ] Total time for which application threads were stopped: 0.0000460 seconds, Stopping threads took: 0.0000091 seconds
[2019-01-15T06:24:48.928+0000][6505][safepoint    ] Application time: 0.0000216 seconds
[2019-01-15T06:24:48.928+0000][6505][safepoint    ] Total time for which application threads were stopped: 0.0000225 seconds, Stopping threads took: 0.0000050 seconds
[2019-01-15T06:24:48.931+0000][6505][safepoint    ] Application time: 0.0023841 seconds
[2019-01-15T06:24:48.931+0000][6505][safepoint    ] Total time for which application threads were stopped: 0.0000849 seconds, Stopping threads took: 0.0000111 seconds
[2019-01-15T06:24:48.940+0000][6505][safepoint    ] Application time: 0.0094506 seconds
[2019-01-15T06:24:48.940+0000][6505][safepoint    ] Total time for which application threads were stopped: 0.0000743 seconds, Stopping threads took: 0.0000044 seconds
[2019-01-15T06:24:48.941+0000][6505][safepoint    ] Application time: 0.0000947 seconds
[2019-01-15T06:24:48.941+0000][6505][safepoint    ] Total time for which application threads were stopped: 0.0000960 seconds, Stopping threads took: 0.0000032 seconds
[2019-01-15T06:24:48.941+0000][6505][safepoint    ] Application time: 0.0000995 seconds
[2019-01-15T06:24:48.941+0000][6505][safepoint    ] Total time for which application threads were stopped: 0.0001031 seconds, Stopping threads took: 0.0000654 seconds
[2019-01-15T06:24:48.941+0000][6505][safepoint    ] Application time: 0.0001609 seconds
[2019-01-15T06:24:48.941+0000][6505][safepoint    ] Total time for which application threads were stopped: 0.0001204 seconds, Stopping threads took: 0.0000819 seconds
[2019-01-15T06:24:48.941+0000][6505][safepoint    ] Application time: 0.0000433 seconds
[2019-01-15T06:24:48.941+0000][6505][safepoint    ] Total time for which application threads were stopped: 0.0000260 seconds, Stopping threads took: 0.0000010 seconds
[2019-01-15T06:24:48.941+0000][6505][safepoint    ] Application time: 0.0001609 seconds
[2019-01-15T06:24:48.942+0000][6505][safepoint    ] Total time for which application threads were stopped: 0.0000394 seconds, Stopping threads took: 0.0000082 seconds
[2019-01-15T06:24:48.942+0000][6505][safepoint    ] Application time: 0.0000164 seconds
[2019-01-15T06:24:48.942+0000][6505][safepoint    ] Total time for which application threads were stopped: 0.0002893 seconds, Stopping threads took: 0.0002544 seconds
[2019-01-15T06:24:48.942+0000][6505][safepoint    ] Application time: 0.0000161 seconds
[2019-01-15T06:24:48.942+0000][6505][safepoint    ] Total time for which application threads were stopped: 0.0000885 seconds, Stopping threads took: 0.0000009 seconds
[2019-01-15T06:24:48.942+0000][6505][safepoint    ] Application time: 0.0000860 seconds
[2019-01-15T06:24:48.942+0000][6505][safepoint    ] Total time for which application threads were stopped: 0.0000330 seconds, Stopping threads took: 0.0000010 seconds
[2019-01-15T06:24:48.942+0000][6505][safepoint    ] Application time: 0.0000713 seconds
[2019-01-15T06:24:48.942+0000][6505][safepoint    ] Total time for which application threads were stopped: 0.0000506 seconds, Stopping threads took: 0.0000022 seconds
[2019-01-15T06:24:48.942+0000][6505][safepoint    ] Application time: 0.0000761 seconds
[2019-01-15T06:24:48.942+0000][6505][safepoint    ] Total time for which application threads were stopped: 0.0000781 seconds, Stopping threads took: 0.0000012 seconds
[2019-01-15T06:24:48.942+0000][6505][safepoint    ] Application time: 0.0000299 seconds
[2019-01-15T06:24:48.943+0000][6505][safepoint    ] Total time for which application threads were stopped: 0.0000254 seconds, Stopping threads took: 0.0000009 seconds
[2019-01-15T06:24:48.943+0000][6505][safepoint    ] Application time: 0.0000229 seconds
[2019-01-15T06:24:48.943+0000][6505][safepoint    ] Total time for which application threads were stopped: 0.0000387 seconds, Stopping threads took: 0.0000008 seconds
[2019-01-15T06:24:48.949+0000][6505][safepoint    ] Application time: 0.0059907 seconds
[2019-01-15T06:24:48.949+0000][6505][safepoint    ] Total time for which application threads were stopped: 0.0002225 seconds, Stopping threads took: 0.0001320 seconds
[2019-01-15T06:24:48.949+0000][6505][safepoint    ] Application time: 0.0000349 seconds
[2019-01-15T06:24:48.949+0000][6505][safepoint    ] Total time for which application threads were stopped: 0.0000307 seconds, Stopping threads took: 0.0000012 seconds
[2019-01-15T06:24:48.952+0000][6505][safepoint    ] Application time: 0.0027361 seconds
[2019-01-15T06:24:48.953+0000][6505][safepoint    ] Total time for which application threads were stopped: 0.0010476 seconds, Stopping threads took: 0.0009611 seconds
[2019-01-15T06:24:48.953+0000][6505][safepoint    ] Application time: 0.0001169 seconds
[2019-01-15T06:24:48.953+0000][6505][safepoint    ] Total time for which application threads were stopped: 0.0000365 seconds, Stopping threads took: 0.0000015 seconds
[2019-01-15T06:24:48.953+0000][6505][safepoint    ] Application time: 0.0003775 seconds
[2019-01-15T06:24:48.953+0000][6505][safepoint    ] Total time for which application threads were stopped: 0.0000681 seconds, Stopping threads took: 0.0000028 seconds
[2019-01-15T06:24:48.953+0000][6505][safepoint    ] Application time: 0.0000488 seconds
[2019-01-15T06:24:48.953+0000][6505][safepoint    ] Total time for which application threads were stopped: 0.0000294 seconds, Stopping threads took: 0.0000010 seconds
[2019-01-15T06:24:48.954+0000][6505][safepoint    ] Application time: 0.0001533 seconds
[2019-01-15T06:24:48.954+0000][6505][safepoint    ] Total time for which application threads were stopped: 0.0000363 seconds, Stopping threads took: 0.0000022 seconds
[2019-01-15T06:24:48.954+0000][6505][safepoint    ] Application time: 0.0000258 seconds
[2019-01-15T06:24:48.954+0000][6505][safepoint    ] Total time for which application threads were stopped: 0.0000249 seconds, Stopping threads took: 0.0000009 seconds
[2019-01-15T06:24:48.954+0000][6505][safepoint    ] Application time: 0.0000106 seconds
[2019-01-15T06:24:48.954+0000][6505][safepoint    ] Total time for which application threads were stopped: 0.0000234 seconds, Stopping threads took: 0.0000006 seconds
[2019-01-15T06:24:48.954+0000][6505][safepoint    ] Application time: 0.0000092 seconds
[2019-01-15T06:24:48.954+0000][6505][safepoint    ] Total time for which application threads were stopped: 0.0000231 seconds, Stopping threads took: 0.0000007 seconds
[2019-01-15T06:24:48.954+0000][6505][safepoint    ] Application time: 0.0002633 seconds
[2019-01-15T06:24:48.954+0000][6505][safepoint    ] Total time for which application threads were stopped: 0.0000352 seconds, Stopping threads took: 0.0000022 seconds
[2019-01-15T06:24:48.954+0000][6505][safepoint    ] Application time: 0.0000762 seconds
[2019-01-15T06:24:48.954+0000][6505][safepoint    ] Total time for which application threads were stopped: 0.0000284 seconds, Stopping threads took: 0.0000011 seconds
[2019-01-15T06:24:48.954+0000][6505][safepoint    ] Application time: 0.0001525 seconds
[2019-01-15T06:24:48.954+0000][6505][safepoint    ] Total time for which application threads were stopped: 0.0000319 seconds, Stopping threads took: 0.0000012 seconds
[2019-01-15T06:24:48.955+0000][6505][safepoint    ] Application time: 0.0003011 seconds
[2019-01-15T06:24:48.955+0000][6505][safepoint    ] Total time for which application threads were stopped: 0.0000597 seconds, Stopping threads took: 0.0000019 seconds
[2019-01-15T06:24:48.955+0000][6505][safepoint    ] Application time: 0.0004137 seconds
[2019-01-15T06:24:48.955+0000][6505][safepoint    ] Total time for which application threads were stopped: 0.0000436 seconds, Stopping threads took: 0.0000020 seconds
[2019-01-15T06:24:48.955+0000][6505][safepoint    ] Application time: 0.0000776 seconds
[2019-01-15T06:24:48.955+0000][6505][safepoint    ] Total time for which application threads were stopped: 0.0000325 seconds, Stopping threads took: 0.0000012 seconds
[2019-01-15T06:24:48.956+0000][6505][safepoint    ] Application time: 0.0002636 seconds
[2019-01-15T06:24:48.956+0000][6505][safepoint    ] Total time for which application threads were stopped: 0.0000399 seconds, Stopping threads took: 0.0000017 seconds
[2019-01-15T06:24:48.957+0000][6505][safepoint    ] Application time: 0.0014237 seconds
[2019-01-15T06:24:48.957+0000][6505][safepoint    ] Total time for which application threads were stopped: 0.0000987 seconds, Stopping threads took: 0.0000034 seconds
[2019-01-15T06:24:48.957+0000][6505][safepoint    ] Application time: 0.0000204 seconds
[2019-01-15T06:24:48.957+0000][6505][safepoint    ] Total time for which application threads were stopped: 0.0000458 seconds, Stopping threads took: 0.0000011 seconds
[2019-01-15T06:24:48.957+0000][6505][safepoint    ] Application time: 0.0000149 seconds
[2019-01-15T06:24:48.957+0000][6505][safepoint    ] Total time for which application threads were stopped: 0.0000257 seconds, Stopping threads took: 0.0000008 seconds
[2019-01-15T06:24:48.958+0000][6505][safepoint    ] Application time: 0.0000354 seconds
[2019-01-15T06:24:48.958+0000][6505][safepoint    ] Total time for which application threads were stopped: 0.0000365 seconds, Stopping threads took: 0.0000023 seconds
[2019-01-15T06:24:49.077+0000][6505][safepoint    ] Application time: 0.1196990 seconds
[2019-01-15T06:24:49.077+0000][6505][safepoint    ] Total time for which application threads were stopped: 0.0001758 seconds, Stopping threads took: 0.0000037 seconds
[2019-01-15T06:24:49.078+0000][6505][safepoint    ] Application time: 0.0002736 seconds
[2019-01-15T06:24:49.080+0000][6505][safepoint    ] Total time for which application threads were stopped: 0.0022820 seconds, Stopping threads took: 0.0022645 seconds
[2019-01-15T06:24:49.081+0000][6505][safepoint    ] Application time: 0.0010049 seconds
[2019-01-15T06:24:49.081+0000][6505][safepoint    ] Total time for which application threads were stopped: 0.0000346 seconds, Stopping threads took: 0.0000024 seconds
[2019-01-15T06:24:49.081+0000][6505][safepoint    ] Application time: 0.0001534 seconds
[2019-01-15T06:24:49.081+0000][6505][safepoint    ] Total time for which application threads were stopped: 0.0000242 seconds, Stopping threads took: 0.0000021 seconds
[2019-01-15T06:24:49.082+0000][6505][safepoint    ] Application time: 0.0008273 seconds
[2019-01-15T06:24:49.082+0000][6505][safepoint    ] Total time for which application threads were stopped: 0.0000255 seconds, Stopping threads took: 0.0000080 seconds
[2019-01-15T06:24:49.083+0000][6505][safepoint    ] Application time: 0.0009520 seconds
[2019-01-15T06:24:49.083+0000][6505][safepoint    ] Total time for which application threads were stopped: 0.0000258 seconds, Stopping threads took: 0.0000084 seconds
[2019-01-15T06:24:49.083+0000][6505][safepoint    ] Application time: 0.0000221 seconds
[2019-01-15T06:24:49.083+0000][6505][safepoint    ] Total time for which application threads were stopped: 0.0000136 seconds, Stopping threads took: 0.0000048 seconds
[2019-01-15T06:24:49.083+0000][6505][safepoint    ] Application time: 0.0000240 seconds
[2019-01-15T06:24:49.083+0000][6505][safepoint    ] Total time for which application threads were stopped: 0.0000125 seconds, Stopping threads took: 0.0000047 seconds
[2019-01-15T06:24:49.083+0000][6505][safepoint    ] Application time: 0.0000203 seconds
[2019-01-15T06:24:49.083+0000][6505][safepoint    ] Total time for which application threads were stopped: 0.0000120 seconds, Stopping threads took: 0.0000043 seconds
[2019-01-15T06:24:49.083+0000][6505][safepoint    ] Application time: 0.0000155 seconds
[2019-01-15T06:24:49.083+0000][6505][safepoint    ] Total time for which application threads were stopped: 0.0000125 seconds, Stopping threads took: 0.0000044 seconds
[2019-01-15T06:24:49.083+0000][6505][safepoint    ] Application time: 0.0000129 seconds
[2019-01-15T06:24:49.083+0000][6505][safepoint    ] Total time for which application threads were stopped: 0.0000119 seconds, Stopping threads took: 0.0000044 seconds
[2019-01-15T06:24:49.209+0000][6505][safepoint    ] Application time: 0.1259140 seconds
[2019-01-15T06:24:49.209+0000][6505][safepoint    ] Total time for which application threads were stopped: 0.0000516 seconds, Stopping threads took: 0.0000134 seconds
[2019-01-15T06:24:49.340+0000][6505][safepoint    ] Application time: 0.1303120 seconds
[2019-01-15T06:24:49.340+0000][6505][safepoint    ] Total time for which application threads were stopped: 0.0000442 seconds, Stopping threads took: 0.0000127 seconds
[2019-01-15T06:24:49.340+0000][6505][safepoint    ] Application time: 0.0001249 seconds
[2019-01-15T06:24:49.340+0000][6505][safepoint    ] Total time for which application threads were stopped: 0.0000214 seconds, Stopping threads took: 0.0000073 seconds
[2019-01-15T06:24:49.340+0000][6505][safepoint    ] Application time: 0.0004695 seconds
[2019-01-15T06:24:49.341+0000][6505][safepoint    ] Total time for which application threads were stopped: 0.0000207 seconds, Stopping threads took: 0.0000073 seconds
[2019-01-15T06:24:49.341+0000][6505][safepoint    ] Application time: 0.0000340 seconds
[2019-01-15T06:24:49.341+0000][6505][safepoint    ] Total time for which application threads were stopped: 0.0000126 seconds, Stopping threads took: 0.0000050 seconds
[2019-01-15T06:24:49.341+0000][6505][safepoint    ] Application time: 0.0000738 seconds
[2019-01-15T06:24:49.341+0000][6505][safepoint    ] Total time for which application threads were stopped: 0.0000135 seconds, Stopping threads took: 0.0000049 seconds
[2019-01-15T06:24:49.689+0000][6505][safepoint    ] Application time: 0.3485801 seconds
[2019-01-15T06:24:49.689+0000][6505][safepoint    ] Total time for which application threads were stopped: 0.0001123 seconds, Stopping threads took: 0.0000131 seconds
[2019-01-15T06:24:49.690+0000][6505][safepoint    ] Application time: 0.0002840 seconds
[2019-01-15T06:24:49.690+0000][6505][safepoint    ] Total time for which application threads were stopped: 0.0000225 seconds, Stopping threads took: 0.0000076 seconds
[2019-01-15T06:24:49.690+0000][6505][safepoint    ] Application time: 0.0002817 seconds
[2019-01-15T06:24:49.690+0000][6505][safepoint    ] Total time for which application threads were stopped: 0.0000158 seconds, Stopping threads took: 0.0000058 seconds
[2019-01-15T06:24:49.690+0000][6505][safepoint    ] Application time: 0.0001014 seconds
[2019-01-15T06:24:49.690+0000][6505][safepoint    ] Total time for which application threads were stopped: 0.0000208 seconds, Stopping threads took: 0.0000072 seconds
[2019-01-15T06:24:49.807+0000][6505][safepoint    ] Application time: 0.1170552 seconds
[2019-01-15T06:24:49.808+0000][6505][safepoint    ] Total time for which application threads were stopped: 0.0010710 seconds, Stopping threads took: 0.0010018 seconds
[2019-01-15T06:24:49.810+0000][6505][safepoint    ] Application time: 0.0011248 seconds
[2019-01-15T06:24:49.810+0000][6505][safepoint    ] Total time for which application threads were stopped: 0.0000387 seconds, Stopping threads took: 0.0000117 seconds
[2019-01-15T06:24:49.818+0000][6505][safepoint    ] Application time: 0.0084360 seconds
[2019-01-15T06:24:49.818+0000][6505][safepoint    ] Total time for which application threads were stopped: 0.0000529 seconds, Stopping threads took: 0.0000152 seconds
[2019-01-15T06:24:49.844+0000][6505][safepoint    ] Application time: 0.0261691 seconds
[2019-01-15T06:24:49.957+0000][6505][gc,start     ] GC(19) Pause Young (Allocation Failure)
[2019-01-15T06:24:49.959+0000][6505][gc,task      ] GC(19) Using 2 workers of 2 for evacuation
[2019-01-15T06:24:50.005+0000][6505][gc,age       ] GC(19) Desired survivor size 4456448 bytes, new threshold 2 (max threshold 6)
[2019-01-15T06:24:50.006+0000][6505][gc,age       ] GC(19) Age table with threshold 2 (max threshold 6)
[2019-01-15T06:24:50.006+0000][6505][gc,age       ] GC(19) - age   1:    2375232 bytes,    2375232 total
[2019-01-15T06:24:50.006+0000][6505][gc,age       ] GC(19) - age   2:    2163232 bytes,    4538464 total
[2019-01-15T06:24:50.007+0000][6505][gc,heap      ] GC(19) ParNew: 76959K->6183K(78656K)
[2019-01-15T06:24:50.007+0000][6505][gc,heap      ] GC(19) CMS: 46121K->48452K(174784K)
[2019-01-15T06:24:50.007+0000][6505][gc,metaspace ] GC(19) Metaspace: 57129K->57129K(1101824K)
[2019-01-15T06:24:50.007+0000][6505][gc           ] GC(19) Pause Young (Allocation Failure) 120M->53M(247M) 50.659ms
[2019-01-15T06:24:50.008+0000][6505][gc,cpu       ] GC(19) User=0.01s Sys=0.02s Real=0.05s
[2019-01-15T06:24:50.009+0000][6505][safepoint    ] Total time for which application threads were stopped: 0.1651540 seconds, Stopping threads took: 0.0000156 seconds
[2019-01-15T06:24:50.105+0000][6505][safepoint    ] Application time: 0.0953682 seconds
[2019-01-15T06:24:50.105+0000][6505][safepoint    ] Total time for which application threads were stopped: 0.0000435 seconds, Stopping threads took: 0.0000135 seconds
[2019-01-15T06:24:50.165+0000][6505][safepoint    ] Application time: 0.0597266 seconds
[2019-01-15T06:24:50.165+0000][6505][safepoint    ] Total time for which application threads were stopped: 0.0000687 seconds, Stopping threads took: 0.0000138 seconds
[2019-01-15T06:24:51.008+0000][6505][safepoint    ] Application time: 0.8343795 seconds
[2019-01-15T06:24:51.008+0000][6505][safepoint    ] Total time for which application threads were stopped: 0.0005209 seconds, Stopping threads took: 0.0000119 seconds
[2019-01-15T06:24:51.008+0000][6505][safepoint    ] Application time: 0.0000371 seconds
[2019-01-15T06:24:51.009+0000][6505][safepoint    ] Total time for which application threads were stopped: 0.0000292 seconds, Stopping threads took: 0.0000071 seconds
[2019-01-15T06:24:51.009+0000][6505][safepoint    ] Application time: 0.0000471 seconds
[2019-01-15T06:24:51.009+0000][6505][safepoint    ] Total time for which application threads were stopped: 0.0000169 seconds, Stopping threads took: 0.0000051 seconds
[2019-01-15T06:24:51.009+0000][6505][safepoint    ] Application time: 0.0002257 seconds
[2019-01-15T06:24:51.009+0000][6505][safepoint    ] Total time for which application threads were stopped: 0.0001126 seconds, Stopping threads took: 0.0000075 seconds
[2019-01-15T06:24:51.764+0000][6505][safepoint    ] Application time: 0.7532990 seconds
[2019-01-15T06:24:51.833+0000][6505][safepoint    ] Total time for which application threads were stopped: 0.0261149 seconds, Stopping threads took: 0.0000160 seconds
[2019-01-15T06:24:51.880+0000][6505][safepoint    ] Application time: 0.0464653 seconds
[2019-01-15T06:24:51.880+0000][6505][safepoint    ] Total time for which application threads were stopped: 0.0006924 seconds, Stopping threads took: 0.0000127 seconds
[2019-01-15T06:24:52.004+0000][6505][safepoint    ] Application time: 0.1237920 seconds
[2019-01-15T06:24:52.005+0000][6505][gc,start     ] GC(20) Pause Young (Allocation Failure)
[2019-01-15T06:24:52.006+0000][6505][gc,task      ] GC(20) Using 2 workers of 2 for evacuation
[2019-01-15T06:24:52.139+0000][6505][gc,age       ] GC(20) Desired survivor size 4456448 bytes, new threshold 2 (max threshold 6)
[2019-01-15T06:24:52.139+0000][6505][gc,age       ] GC(20) Age table with threshold 2 (max threshold 6)
[2019-01-15T06:24:52.139+0000][6505][gc,age       ] GC(20) - age   1:    3324600 bytes,    3324600 total
[2019-01-15T06:24:52.139+0000][6505][gc,age       ] GC(20) - age   2:    2321672 bytes,    5646272 total
[2019-01-15T06:24:52.140+0000][6505][gc,heap      ] GC(20) ParNew: 76135K->8704K(78656K)
[2019-01-15T06:24:52.140+0000][6505][gc,heap      ] GC(20) CMS: 48452K->50645K(174784K)
[2019-01-15T06:24:52.140+0000][6505][gc,metaspace ] GC(20) Metaspace: 64604K->64604K(1107968K)
[2019-01-15T06:24:52.140+0000][6505][gc           ] GC(20) Pause Young (Allocation Failure) 121M->57M(247M) 134.560ms
[2019-01-15T06:24:52.140+0000][6505][gc,cpu       ] GC(20) User=0.03s Sys=0.01s Real=0.14s
[2019-01-15T06:24:52.140+0000][6505][safepoint    ] Total time for which application threads were stopped: 0.1359384 seconds, Stopping threads took: 0.0000132 seconds
[2019-01-15T06:24:52.354+0000][6505][safepoint    ] Application time: 0.2137751 seconds
[2019-01-15T06:24:52.364+0000][6505][safepoint    ] Total time for which application threads were stopped: 0.0103912 seconds, Stopping threads took: 0.0003050 seconds
[2019-01-15T06:24:52.442+0000][6505][safepoint    ] Application time: 0.0781275 seconds
[2019-01-15T06:24:52.552+0000][6505][safepoint    ] Total time for which application threads were stopped: 0.1080160 seconds, Stopping threads took: 0.1023166 seconds
[2019-01-15T06:24:52.553+0000][6505][safepoint    ] Application time: 0.0008827 seconds
[2019-01-15T06:24:52.553+0000][6505][safepoint    ] Total time for which application threads were stopped: 0.0000916 seconds, Stopping threads took: 0.0000052 seconds
[2019-01-15T06:24:52.553+0000][6505][safepoint    ] Application time: 0.0000243 seconds
[2019-01-15T06:24:52.553+0000][6505][safepoint    ] Total time for which application threads were stopped: 0.0001760 seconds, Stopping threads took: 0.0000016 seconds
[2019-01-15T06:24:52.553+0000][6505][safepoint    ] Application time: 0.0000266 seconds
[2019-01-15T06:24:52.553+0000][6505][safepoint    ] Total time for which application threads were stopped: 0.0000221 seconds, Stopping threads took: 0.0000026 seconds
[2019-01-15T06:24:52.560+0000][6505][safepoint    ] Application time: 0.0065041 seconds
[2019-01-15T06:24:52.582+0000][6505][safepoint    ] Total time for which application threads were stopped: 0.0224697 seconds, Stopping threads took: 0.0206541 seconds
[2019-01-15T06:24:53.682+0000][6505][safepoint    ] Application time: 1.0597655 seconds
[2019-01-15T06:24:53.890+0000][6505][safepoint    ] Total time for which application threads were stopped: 0.2012432 seconds, Stopping threads took: 0.1981420 seconds
[2019-01-15T06:24:53.903+0000][6505][safepoint    ] Application time: 0.0069402 seconds
[2019-01-15T06:24:53.909+0000][6505][safepoint    ] Total time for which application threads were stopped: 0.0036687 seconds, Stopping threads took: 0.0036059 seconds
[2019-01-15T06:24:54.915+0000][6505][safepoint    ] Application time: 1.0041440 seconds
[2019-01-15T06:24:56.163+0000][6505][safepoint    ] Total time for which application threads were stopped: 1.2294479 seconds, Stopping threads took: 1.2142806 seconds
[2019-01-15T06:24:57.613+0000][6505][safepoint    ] Application time: 1.3716157 seconds
[2019-01-15T06:24:58.112+0000][6505][safepoint    ] Total time for which application threads were stopped: 0.3103624 seconds, Stopping threads took: 0.0564227 seconds
[2019-01-15T06:24:59.278+0000][6505][safepoint    ] Application time: 1.0212678 seconds
[2019-01-15T06:24:59.800+0000][6505][safepoint    ] Total time for which application threads were stopped: 0.4946648 seconds, Stopping threads took: 0.3176942 seconds
[2019-01-15T06:25:00.855+0000][6505][safepoint    ] Application time: 1.0421763 seconds
[2019-01-15T06:25:02.326+0000][6505][safepoint    ] Total time for which application threads were stopped: 1.4336186 seconds, Stopping threads took: 1.4282970 seconds
[2019-01-15T06:25:04.257+0000][6505][safepoint    ] Application time: 1.9147459 seconds
[2019-01-15T06:25:04.687+0000][6505][safepoint    ] Total time for which application threads were stopped: 0.2893351 seconds, Stopping threads took: 0.1693068 seconds
[2019-01-15T06:25:04.723+0000][6505][safepoint    ] Application time: 0.0228611 seconds
[2019-01-15T06:25:04.860+0000][6505][safepoint    ] Total time for which application threads were stopped: 0.1316227 seconds, Stopping threads took: 0.1116709 seconds
[2019-01-15T06:25:04.926+0000][6505][safepoint    ] Application time: 0.0590094 seconds
[2019-01-15T06:25:05.044+0000][6505][safepoint    ] Total time for which application threads were stopped: 0.1107292 seconds, Stopping threads took: 0.0724974 seconds
[2019-01-15T06:25:05.102+0000][6505][safepoint    ] Application time: 0.0531174 seconds
[2019-01-15T06:25:05.114+0000][6505][safepoint    ] Total time for which application threads were stopped: 0.0083906 seconds, Stopping threads took: 0.0016646 seconds
[2019-01-15T06:25:06.126+0000][6505][safepoint    ] Application time: 1.0093327 seconds
[2019-01-15T06:25:06.135+0000][6505][safepoint    ] Total time for which application threads were stopped: 0.0062401 seconds, Stopping threads took: 0.0010815 seconds
[2019-01-15T06:25:07.151+0000][6505][safepoint    ] Application time: 1.0044102 seconds
[2019-01-15T06:25:07.204+0000][6505][safepoint    ] Total time for which application threads were stopped: 0.0377171 seconds, Stopping threads took: 0.0221232 seconds
[2019-01-15T06:25:08.247+0000][6505][safepoint    ] Application time: 1.0210338 seconds
[2019-01-15T06:25:08.394+0000][6505][safepoint    ] Total time for which application threads were stopped: 0.1191745 seconds, Stopping threads took: 0.0051089 seconds
[2019-01-15T06:25:09.995+0000][6505][safepoint    ] Application time: 1.1685425 seconds
[2019-01-15T06:25:10.181+0000][6505][safepoint    ] Total time for which application threads were stopped: 0.1493547 seconds, Stopping threads took: 0.1435139 seconds
[2019-01-15T06:25:10.986+0000][6505][safepoint    ] Application time: 0.8020669 seconds
[2019-01-15T06:25:11.004+0000][6505][safepoint    ] Total time for which application threads were stopped: 0.0142060 seconds, Stopping threads took: 0.0096082 seconds
[2019-01-15T06:25:11.397+0000][6505][safepoint    ] Application time: 0.3888755 seconds
[2019-01-15T06:25:11.842+0000][6505][safepoint    ] Total time for which application threads were stopped: 0.4260204 seconds, Stopping threads took: 0.4076669 seconds
[2019-01-15T06:25:12.162+0000][6505][safepoint    ] Application time: 0.2892501 seconds
[2019-01-15T06:25:12.902+0000][6505][safepoint    ] Total time for which application threads were stopped: 0.3060057 seconds, Stopping threads took: 0.2829604 seconds
[2019-01-15T06:25:12.968+0000][6505][safepoint    ] Application time: 0.0362297 seconds
[2019-01-15T06:25:13.208+0000][6505][safepoint    ] Total time for which application threads were stopped: 0.2355948 seconds, Stopping threads took: 0.2077036 seconds
[2019-01-15T06:25:13.553+0000][6505][safepoint    ] Application time: 0.3308990 seconds
[2019-01-15T06:25:13.876+0000][6505][safepoint    ] Total time for which application threads were stopped: 0.2947534 seconds, Stopping threads took: 0.0694893 seconds
[2019-01-15T06:25:14.079+0000][6505][safepoint    ] Application time: 0.1818547 seconds
[2019-01-15T06:25:14.394+0000][6505][safepoint    ] Total time for which application threads were stopped: 0.1613519 seconds, Stopping threads took: 0.1147079 seconds
[2019-01-15T06:25:15.492+0000][6505][safepoint    ] Application time: 0.7275040 seconds
[2019-01-15T06:25:15.655+0000][6505][safepoint    ] Total time for which application threads were stopped: 0.1281460 seconds, Stopping threads took: 0.0092301 seconds
[2019-01-15T06:25:15.849+0000][6505][safepoint    ] Application time: 0.1814132 seconds
[2019-01-15T06:25:16.066+0000][6505][safepoint    ] Total time for which application threads were stopped: 0.2127593 seconds, Stopping threads took: 0.1866221 seconds
[2019-01-15T06:25:17.774+0000][6505][safepoint    ] Application time: 1.6099186 seconds
[2019-01-15T06:25:18.195+0000][6505][safepoint    ] Total time for which application threads were stopped: 0.4002350 seconds, Stopping threads took: 0.2586528 seconds
[2019-01-15T06:25:19.238+0000][6505][safepoint    ] Application time: 1.0189517 seconds
[2019-01-15T06:25:20.236+0000][6505][safepoint    ] Total time for which application threads were stopped: 0.4893223 seconds, Stopping threads took: 0.4462244 seconds
[2019-01-15T06:25:21.416+0000][6505][safepoint    ] Application time: 1.0537299 seconds
[2019-01-15T06:25:21.715+0000][6505][safepoint    ] Total time for which application threads were stopped: 0.1599495 seconds, Stopping threads took: 0.1528135 seconds
[2019-01-15T06:25:22.823+0000][6505][safepoint    ] Application time: 1.0900565 seconds
[2019-01-15T06:25:24.096+0000][6505][safepoint    ] Total time for which application threads were stopped: 1.1178145 seconds, Stopping threads took: 1.1069196 seconds
[2019-01-15T06:25:25.572+0000][6505][safepoint    ] Application time: 1.0927094 seconds
[2019-01-15T06:25:26.720+0000][6505][safepoint    ] Total time for which application threads were stopped: 0.4900416 seconds, Stopping threads took: 0.3561628 seconds
[2019-01-15T06:25:27.756+0000][6505][safepoint    ] Application time: 1.0194682 seconds
[2019-01-15T06:25:29.167+0000][6505][safepoint    ] Total time for which application threads were stopped: 0.7409904 seconds, Stopping threads took: 0.4904478 seconds
[2019-01-15T06:25:30.990+0000][6505][safepoint    ] Application time: 1.6851612 seconds
[2019-01-15T06:25:31.533+0000][6505][safepoint    ] Total time for which application threads were stopped: 0.5376371 seconds, Stopping threads took: 0.5304277 seconds
[2019-01-15T06:25:32.600+0000][6505][safepoint    ] Application time: 1.0548531 seconds
[2019-01-15T06:25:33.274+0000][6505][safepoint    ] Total time for which application threads were stopped: 0.1750347 seconds, Stopping threads took: 0.1510339 seconds
[2019-01-15T06:25:36.531+0000][6505][safepoint    ] Application time: 1.3171528 seconds
[2019-01-15T06:25:38.366+0000][6505][safepoint    ] Total time for which application threads were stopped: 1.6768563 seconds, Stopping threads took: 1.4478196 seconds
[2019-01-15T06:25:39.389+0000][6505][safepoint    ] Application time: 1.0150191 seconds
[2019-01-15T06:25:41.592+0000][6505][safepoint    ] Total time for which application threads were stopped: 2.1990077 seconds, Stopping threads took: 0.1825922 seconds
