[2019-01-14T08:49:11.961+0000][4162][gc] Using Concurrent Mark Sweep
[2019-01-14T08:49:11.961+0000][4162][gc,heap,coops] Heap address: 0x00000000f0000000, size: 256 MB, Compressed Oops mode: 32-bit
[2019-01-14T08:49:12.003+0000][4162][safepoint    ] Total time for which application threads were stopped: 0.0000259 seconds, Stopping threads took: 0.0000017 seconds
[2019-01-14T08:49:12.012+0000][4162][safepoint    ] Application time: 0.0088322 seconds
[2019-01-14T08:49:12.014+0000][4162][safepoint    ] Total time for which application threads were stopped: 0.0021121 seconds, Stopping threads took: 0.0020636 seconds
[2019-01-14T08:49:12.022+0000][4162][safepoint    ] Application time: 0.0077437 seconds
[2019-01-14T08:49:12.023+0000][4162][safepoint    ] Total time for which application threads were stopped: 0.0003596 seconds, Stopping threads took: 0.0003008 seconds
[2019-01-14T08:49:12.109+0000][4162][safepoint    ] Application time: 0.0861872 seconds
[2019-01-14T08:49:12.109+0000][4162][safepoint    ] Total time for which application threads were stopped: 0.0000475 seconds, Stopping threads took: 0.0000020 seconds
[2019-01-14T08:49:12.121+0000][4162][safepoint    ] Application time: 0.0120574 seconds
[2019-01-14T08:49:12.123+0000][4162][safepoint    ] Total time for which application threads were stopped: 0.0017097 seconds, Stopping threads took: 0.0016497 seconds
[2019-01-14T08:49:12.166+0000][4162][safepoint    ] Application time: 0.0433193 seconds
[2019-01-14T08:49:12.166+0000][4162][safepoint    ] Total time for which application threads were stopped: 0.0000554 seconds, Stopping threads took: 0.0000026 seconds
[2019-01-14T08:49:12.217+0000][4162][safepoint    ] Application time: 0.0506874 seconds
[2019-01-14T08:49:12.217+0000][4162][safepoint    ] Total time for which application threads were stopped: 0.0000756 seconds, Stopping threads took: 0.0000023 seconds
[2019-01-14T08:49:12.224+0000][4162][safepoint    ] Application time: 0.0071032 seconds
[2019-01-14T08:49:12.224+0000][4162][safepoint    ] Total time for which application threads were stopped: 0.0000572 seconds, Stopping threads took: 0.0000027 seconds
[2019-01-14T08:49:12.470+0000][4162][safepoint    ] Application time: 0.2453656 seconds
[2019-01-14T08:49:12.470+0000][4162][safepoint    ] Total time for which application threads were stopped: 0.0001180 seconds, Stopping threads took: 0.0000022 seconds
[2019-01-14T08:49:12.508+0000][4162][safepoint    ] Application time: 0.0379740 seconds
[2019-01-14T08:49:12.508+0000][4162][safepoint    ] Total time for which application threads were stopped: 0.0005228 seconds, Stopping threads took: 0.0000083 seconds
[2019-01-14T08:49:12.618+0000][4162][safepoint    ] Application time: 0.1093416 seconds
[2019-01-14T08:49:12.618+0000][4162][safepoint    ] Total time for which application threads were stopped: 0.0001336 seconds, Stopping threads took: 0.0000092 seconds
[2019-01-14T08:49:13.094+0000][4162][safepoint    ] Application time: 0.4763498 seconds
[2019-01-14T08:49:13.095+0000][4162][safepoint    ] Total time for which application threads were stopped: 0.0002084 seconds, Stopping threads took: 0.0000025 seconds
[2019-01-14T08:49:13.291+0000][4162][safepoint    ] Application time: 0.1967683 seconds
[2019-01-14T08:49:13.292+0000][4162][safepoint    ] Total time for which application threads were stopped: 0.0002361 seconds, Stopping threads took: 0.0000025 seconds
[2019-01-14T08:49:13.292+0000][4162][safepoint    ] Application time: 0.0002534 seconds
[2019-01-14T08:49:13.293+0000][4162][safepoint    ] Total time for which application threads were stopped: 0.0005693 seconds, Stopping threads took: 0.0000032 seconds
[2019-01-14T08:49:13.311+0000][4162][safepoint    ] Application time: 0.0186211 seconds
[2019-01-14T08:49:13.311+0000][4162][safepoint    ] Total time for which application threads were stopped: 0.0001809 seconds, Stopping threads took: 0.0000030 seconds
[2019-01-14T08:49:13.323+0000][4162][safepoint    ] Application time: 0.0112040 seconds
[2019-01-14T08:49:13.323+0000][4162][safepoint    ] Total time for which application threads were stopped: 0.0001670 seconds, Stopping threads took: 0.0000030 seconds
[2019-01-14T08:49:13.344+0000][4162][safepoint    ] Application time: 0.0215786 seconds
[2019-01-14T08:49:13.344+0000][4162][safepoint    ] Total time for which application threads were stopped: 0.0000578 seconds, Stopping threads took: 0.0000197 seconds
[2019-01-14T08:49:13.345+0000][4162][safepoint    ] Application time: 0.0001091 seconds
[2019-01-14T08:49:13.345+0000][4162][safepoint    ] Total time for which application threads were stopped: 0.0000263 seconds, Stopping threads took: 0.0000074 seconds
[2019-01-14T08:49:13.345+0000][4162][safepoint    ] Application time: 0.0000343 seconds
[2019-01-14T08:49:13.345+0000][4162][safepoint    ] Total time for which application threads were stopped: 0.0000722 seconds, Stopping threads took: 0.0000588 seconds
[2019-01-14T08:49:13.348+0000][4162][safepoint    ] Application time: 0.0035748 seconds
[2019-01-14T08:49:13.348+0000][4162][safepoint    ] Total time for which application threads were stopped: 0.0000305 seconds, Stopping threads took: 0.0000086 seconds
[2019-01-14T08:49:13.349+0000][4162][safepoint    ] Application time: 0.0001393 seconds
[2019-01-14T08:49:13.349+0000][4162][safepoint    ] Total time for which application threads were stopped: 0.0000217 seconds, Stopping threads took: 0.0000068 seconds
[2019-01-14T08:49:13.361+0000][4162][safepoint    ] Application time: 0.0124999 seconds
[2019-01-14T08:49:13.361+0000][4162][safepoint    ] Total time for which application threads were stopped: 0.0001829 seconds, Stopping threads took: 0.0000032 seconds
[2019-01-14T08:49:13.508+0000][4162][safepoint    ] Application time: 0.1466935 seconds
[2019-01-14T08:49:13.508+0000][4162][safepoint    ] Total time for which application threads were stopped: 0.0001388 seconds, Stopping threads took: 0.0000038 seconds
[2019-01-14T08:49:13.586+0000][4162][safepoint    ] Application time: 0.0775112 seconds
[2019-01-14T08:49:13.586+0000][4162][safepoint    ] Total time for which application threads were stopped: 0.0001407 seconds, Stopping threads took: 0.0000044 seconds
[2019-01-14T08:49:13.622+0000][4162][safepoint    ] Application time: 0.0360130 seconds
[2019-01-14T08:49:13.622+0000][4162][gc,start     ] GC(0) Pause Young (Allocation Failure)
[2019-01-14T08:49:13.622+0000][4162][gc,task      ] GC(0) Using 2 workers of 2 for evacuation
[2019-01-14T08:49:13.629+0000][4162][gc,age       ] GC(0) Desired survivor size 4456448 bytes, new threshold 1 (max threshold 6)
[2019-01-14T08:49:13.629+0000][4162][gc,age       ] GC(0) Age table with threshold 1 (max threshold 6)
[2019-01-14T08:49:13.629+0000][4162][gc,age       ] GC(0) - age   1:    6444248 bytes,    6444248 total
[2019-01-14T08:49:13.629+0000][4162][gc,heap      ] GC(0) ParNew: 69952K->6339K(78656K)
[2019-01-14T08:49:13.629+0000][4162][gc,heap      ] GC(0) CMS: 0K->0K(174784K)
[2019-01-14T08:49:13.629+0000][4162][gc,metaspace ] GC(0) Metaspace: 21424K->21424K(1069056K)
[2019-01-14T08:49:13.629+0000][4162][gc           ] GC(0) Pause Young (Allocation Failure) 68M->6M(247M) 6.986ms
[2019-01-14T08:49:13.629+0000][4162][gc,cpu       ] GC(0) User=0.01s Sys=0.00s Real=0.00s
[2019-01-14T08:49:13.629+0000][4162][safepoint    ] Total time for which application threads were stopped: 0.0070817 seconds, Stopping threads took: 0.0000036 seconds
[2019-01-14T08:49:13.632+0000][4162][safepoint    ] Application time: 0.0034169 seconds
[2019-01-14T08:49:13.633+0000][4162][gc,start     ] GC(1) Pause Initial Mark
[2019-01-14T08:49:13.635+0000][4162][gc           ] GC(1) Pause Initial Mark 7M->7M(247M) 2.297ms
[2019-01-14T08:49:13.635+0000][4162][gc,cpu       ] GC(1) User=0.01s Sys=0.00s Real=0.00s
[2019-01-14T08:49:13.635+0000][4162][safepoint    ] Total time for which application threads were stopped: 0.0023886 seconds, Stopping threads took: 0.0000049 seconds
[2019-01-14T08:49:13.635+0000][4162][gc           ] GC(1) Concurrent Mark
[2019-01-14T08:49:13.638+0000][4162][gc           ] GC(1) Concurrent Mark 2.571ms
[2019-01-14T08:49:13.638+0000][4162][gc,cpu       ] GC(1) User=0.00s Sys=0.00s Real=0.00s
[2019-01-14T08:49:13.638+0000][4162][safepoint    ] Application time: 0.0027505 seconds
[2019-01-14T08:49:13.638+0000][4162][safepoint    ] Total time for which application threads were stopped: 0.0000260 seconds, Stopping threads took: 0.0000032 seconds
[2019-01-14T08:49:13.638+0000][4162][gc           ] GC(1) Concurrent Preclean
[2019-01-14T08:49:13.638+0000][4162][gc           ] GC(1) Concurrent Preclean 0.297ms
[2019-01-14T08:49:13.638+0000][4162][safepoint    ] Application time: 0.0003708 seconds
[2019-01-14T08:49:13.638+0000][4162][gc,cpu       ] GC(1) User=0.01s Sys=0.00s Real=0.00s
[2019-01-14T08:49:13.638+0000][4162][safepoint    ] Total time for which application threads were stopped: 0.0000255 seconds, Stopping threads took: 0.0000024 seconds
[2019-01-14T08:49:13.638+0000][4162][gc           ] GC(1) Concurrent Abortable Preclean
[2019-01-14T08:49:13.647+0000][4162][safepoint    ] Application time: 0.0083847 seconds
[2019-01-14T08:49:13.647+0000][4162][safepoint    ] Total time for which application threads were stopped: 0.0000916 seconds, Stopping threads took: 0.0000035 seconds
[2019-01-14T08:49:13.657+0000][4162][safepoint    ] Application time: 0.0100370 seconds
[2019-01-14T08:49:13.657+0000][4162][safepoint    ] Total time for which application threads were stopped: 0.0002874 seconds, Stopping threads took: 0.0000039 seconds
[2019-01-14T08:49:13.684+0000][4162][safepoint    ] Application time: 0.0271476 seconds
[2019-01-14T08:49:13.684+0000][4162][safepoint    ] Total time for which application threads were stopped: 0.0001394 seconds, Stopping threads took: 0.0000041 seconds
[2019-01-14T08:49:13.691+0000][4162][safepoint    ] Application time: 0.0066247 seconds
[2019-01-14T08:49:13.691+0000][4162][safepoint    ] Total time for which application threads were stopped: 0.0002055 seconds, Stopping threads took: 0.0000035 seconds
[2019-01-14T08:49:13.817+0000][4162][safepoint    ] Application time: 0.1253788 seconds
[2019-01-14T08:49:13.817+0000][4162][safepoint    ] Total time for which application threads were stopped: 0.0001752 seconds, Stopping threads took: 0.0000037 seconds
[2019-01-14T08:49:13.864+0000][4162][safepoint    ] Application time: 0.0473250 seconds
[2019-01-14T08:49:13.864+0000][4162][safepoint    ] Total time for which application threads were stopped: 0.0000765 seconds, Stopping threads took: 0.0000106 seconds
[2019-01-14T08:49:13.888+0000][4162][safepoint    ] Application time: 0.0233061 seconds
[2019-01-14T08:49:13.888+0000][4162][safepoint    ] Total time for which application threads were stopped: 0.0000387 seconds, Stopping threads took: 0.0000031 seconds
[2019-01-14T08:49:13.912+0000][4162][safepoint    ] Application time: 0.0248679 seconds
[2019-01-14T08:49:13.913+0000][4162][safepoint    ] Total time for which application threads were stopped: 0.0001201 seconds, Stopping threads took: 0.0000127 seconds
[2019-01-14T08:49:13.940+0000][4162][safepoint    ] Application time: 0.0277324 seconds
[2019-01-14T08:49:13.940+0000][4162][safepoint    ] Total time for which application threads were stopped: 0.0000479 seconds, Stopping threads took: 0.0000047 seconds
[2019-01-14T08:49:13.977+0000][4162][safepoint    ] Application time: 0.0369592 seconds
[2019-01-14T08:49:13.978+0000][4162][safepoint    ] Total time for which application threads were stopped: 0.0000665 seconds, Stopping threads took: 0.0000103 seconds
[2019-01-14T08:49:13.978+0000][4162][gc           ] GC(1) Concurrent Abortable Preclean 339.332ms
[2019-01-14T08:49:13.978+0000][4162][gc,cpu       ] GC(1) User=0.59s Sys=0.05s Real=0.34s
[2019-01-14T08:49:13.978+0000][4162][safepoint    ] Application time: 0.0000401 seconds
[2019-01-14T08:49:13.978+0000][4162][gc,start     ] GC(1) Pause Remark
[2019-01-14T08:49:13.994+0000][4162][gc           ] GC(1) Pause Remark 59M->59M(247M) 16.111ms
[2019-01-14T08:49:13.994+0000][4162][gc,cpu       ] GC(1) User=0.03s Sys=0.00s Real=0.02s
[2019-01-14T08:49:13.994+0000][4162][safepoint    ] Total time for which application threads were stopped: 0.0161713 seconds, Stopping threads took: 0.0000010 seconds
[2019-01-14T08:49:13.995+0000][4162][gc           ] GC(1) Concurrent Sweep
[2019-01-14T08:49:13.995+0000][4162][gc           ] GC(1) Concurrent Sweep 0.032ms
[2019-01-14T08:49:13.995+0000][4162][gc,cpu       ] GC(1) User=0.00s Sys=0.00s Real=0.00s
[2019-01-14T08:49:13.995+0000][4162][gc           ] GC(1) Concurrent Reset
[2019-01-14T08:49:13.995+0000][4162][gc           ] GC(1) Concurrent Reset 0.116ms
[2019-01-14T08:49:13.995+0000][4162][gc,cpu       ] GC(1) User=0.00s Sys=0.00s Real=0.00s
[2019-01-14T08:49:13.995+0000][4162][gc,heap      ] GC(1) Old: 0K->0K(174784K)
[2019-01-14T08:49:14.037+0000][4162][safepoint    ] Application time: 0.0432208 seconds
[2019-01-14T08:49:14.037+0000][4162][gc,start     ] GC(2) Pause Young (Allocation Failure)
[2019-01-14T08:49:14.037+0000][4162][gc,task      ] GC(2) Using 2 workers of 2 for evacuation
[2019-01-14T08:49:14.063+0000][4162][gc,age       ] GC(2) Desired survivor size 4456448 bytes, new threshold 6 (max threshold 6)
[2019-01-14T08:49:14.063+0000][4162][gc,age       ] GC(2) Age table with threshold 6 (max threshold 6)
[2019-01-14T08:49:14.063+0000][4162][gc,age       ] GC(2) - age   1:    1629984 bytes,    1629984 total
[2019-01-14T08:49:14.063+0000][4162][gc,heap      ] GC(2) ParNew: 76291K->4221K(78656K)
[2019-01-14T08:49:14.063+0000][4162][gc,heap      ] GC(2) CMS: 0K->6900K(174784K)
[2019-01-14T08:49:14.063+0000][4162][gc,metaspace ] GC(2) Metaspace: 22905K->22905K(1071104K)
[2019-01-14T08:49:14.063+0000][4162][gc           ] GC(2) Pause Young (Allocation Failure) 74M->10M(247M) 26.339ms
[2019-01-14T08:49:14.063+0000][4162][gc,cpu       ] GC(2) User=0.05s Sys=0.00s Real=0.03s
[2019-01-14T08:49:14.063+0000][4162][safepoint    ] Total time for which application threads were stopped: 0.0264358 seconds, Stopping threads took: 0.0000102 seconds
[2019-01-14T08:49:14.084+0000][4162][safepoint    ] Application time: 0.0201006 seconds
[2019-01-14T08:49:14.084+0000][4162][safepoint    ] Total time for which application threads were stopped: 0.0000484 seconds, Stopping threads took: 0.0000099 seconds
[2019-01-14T08:49:14.265+0000][4162][safepoint    ] Application time: 0.1815223 seconds
[2019-01-14T08:49:14.266+0000][4162][safepoint    ] Total time for which application threads were stopped: 0.0003052 seconds, Stopping threads took: 0.0000043 seconds
[2019-01-14T08:49:14.360+0000][4162][safepoint    ] Application time: 0.0940487 seconds
[2019-01-14T08:49:14.360+0000][4162][safepoint    ] Total time for which application threads were stopped: 0.0002793 seconds, Stopping threads took: 0.0000036 seconds
[2019-01-14T08:49:14.454+0000][4162][safepoint    ] Application time: 0.0940898 seconds
[2019-01-14T08:49:14.454+0000][4162][gc,start     ] GC(3) Pause Young (Allocation Failure)
[2019-01-14T08:49:14.454+0000][4162][gc,task      ] GC(3) Using 2 workers of 2 for evacuation
[2019-01-14T08:49:14.459+0000][4162][gc,age       ] GC(3) Desired survivor size 4456448 bytes, new threshold 6 (max threshold 6)
[2019-01-14T08:49:14.459+0000][4162][gc,age       ] GC(3) Age table with threshold 6 (max threshold 6)
[2019-01-14T08:49:14.459+0000][4162][gc,age       ] GC(3) - age   1:    2932224 bytes,    2932224 total
[2019-01-14T08:49:14.459+0000][4162][gc,age       ] GC(3) - age   2:     431696 bytes,    3363920 total
[2019-01-14T08:49:14.459+0000][4162][gc,heap      ] GC(3) ParNew: 74173K->4365K(78656K)
[2019-01-14T08:49:14.459+0000][4162][gc,heap      ] GC(3) CMS: 6900K->6900K(174784K)
[2019-01-14T08:49:14.459+0000][4162][gc,metaspace ] GC(3) Metaspace: 25754K->25754K(1073152K)
[2019-01-14T08:49:14.459+0000][4162][gc           ] GC(3) Pause Young (Allocation Failure) 79M->11M(247M) 4.746ms
[2019-01-14T08:49:14.459+0000][4162][gc,cpu       ] GC(3) User=0.01s Sys=0.01s Real=0.00s
[2019-01-14T08:49:14.459+0000][4162][safepoint    ] Total time for which application threads were stopped: 0.0048762 seconds, Stopping threads took: 0.0000095 seconds
[2019-01-14T08:49:14.459+0000][4162][safepoint    ] Application time: 0.0002228 seconds
[2019-01-14T08:49:14.459+0000][4162][safepoint    ] Total time for which application threads were stopped: 0.0000963 seconds, Stopping threads took: 0.0000548 seconds
[2019-01-14T08:49:14.459+0000][4162][safepoint    ] Application time: 0.0000555 seconds
[2019-01-14T08:49:14.459+0000][4162][safepoint    ] Total time for which application threads were stopped: 0.0000258 seconds, Stopping threads took: 0.0000021 seconds
[2019-01-14T08:49:14.459+0000][4162][safepoint    ] Application time: 0.0000595 seconds
[2019-01-14T08:49:14.459+0000][4162][safepoint    ] Total time for which application threads were stopped: 0.0000578 seconds, Stopping threads took: 0.0000325 seconds
[2019-01-14T08:49:14.460+0000][4162][safepoint    ] Application time: 0.0000850 seconds
[2019-01-14T08:49:14.460+0000][4162][safepoint    ] Total time for which application threads were stopped: 0.0000924 seconds, Stopping threads took: 0.0000201 seconds
[2019-01-14T08:49:14.460+0000][4162][safepoint    ] Application time: 0.0000872 seconds
[2019-01-14T08:49:14.460+0000][4162][safepoint    ] Total time for which application threads were stopped: 0.0000455 seconds, Stopping threads took: 0.0000208 seconds
[2019-01-14T08:49:14.460+0000][4162][safepoint    ] Application time: 0.0000305 seconds
[2019-01-14T08:49:14.460+0000][4162][safepoint    ] Total time for which application threads were stopped: 0.0000377 seconds, Stopping threads took: 0.0000195 seconds
[2019-01-14T08:49:14.460+0000][4162][safepoint    ] Application time: 0.0000337 seconds
[2019-01-14T08:49:14.460+0000][4162][safepoint    ] Total time for which application threads were stopped: 0.0000177 seconds, Stopping threads took: 0.0000016 seconds
[2019-01-14T08:49:14.464+0000][4162][safepoint    ] Application time: 0.0042117 seconds
[2019-01-14T08:49:14.467+0000][4162][safepoint    ] Total time for which application threads were stopped: 0.0028730 seconds, Stopping threads took: 0.0026746 seconds
[2019-01-14T08:49:14.467+0000][4162][safepoint    ] Application time: 0.0001813 seconds
[2019-01-14T08:49:14.468+0000][4162][safepoint    ] Total time for which application threads were stopped: 0.0002059 seconds, Stopping threads took: 0.0000696 seconds
[2019-01-14T08:49:14.468+0000][4162][safepoint    ] Application time: 0.0000634 seconds
[2019-01-14T08:49:14.468+0000][4162][safepoint    ] Total time for which application threads were stopped: 0.0000792 seconds, Stopping threads took: 0.0000015 seconds
[2019-01-14T08:49:14.468+0000][4162][safepoint    ] Application time: 0.0000625 seconds
[2019-01-14T08:49:14.468+0000][4162][safepoint    ] Total time for which application threads were stopped: 0.0000227 seconds, Stopping threads took: 0.0000014 seconds
[2019-01-14T08:49:14.468+0000][4162][safepoint    ] Application time: 0.0000104 seconds
[2019-01-14T08:49:14.468+0000][4162][safepoint    ] Total time for which application threads were stopped: 0.0000180 seconds, Stopping threads took: 0.0000006 seconds
[2019-01-14T08:49:14.468+0000][4162][safepoint    ] Application time: 0.0000124 seconds
[2019-01-14T08:49:14.468+0000][4162][safepoint    ] Total time for which application threads were stopped: 0.0000615 seconds, Stopping threads took: 0.0000006 seconds
[2019-01-14T08:49:14.468+0000][4162][safepoint    ] Application time: 0.0000137 seconds
[2019-01-14T08:49:14.468+0000][4162][safepoint    ] Total time for which application threads were stopped: 0.0000201 seconds, Stopping threads took: 0.0000007 seconds
[2019-01-14T08:49:14.468+0000][4162][safepoint    ] Application time: 0.0000138 seconds
[2019-01-14T08:49:14.468+0000][4162][safepoint    ] Total time for which application threads were stopped: 0.0000176 seconds, Stopping threads took: 0.0000007 seconds
[2019-01-14T08:49:14.533+0000][4162][safepoint    ] Application time: 0.0643196 seconds
[2019-01-14T08:49:14.533+0000][4162][safepoint    ] Total time for which application threads were stopped: 0.0000644 seconds, Stopping threads took: 0.0000045 seconds
[2019-01-14T08:49:14.730+0000][4162][safepoint    ] Application time: 0.1977494 seconds
[2019-01-14T08:49:14.731+0000][4162][gc,start     ] GC(4) Pause Young (Allocation Failure)
[2019-01-14T08:49:14.731+0000][4162][gc,task      ] GC(4) Using 2 workers of 2 for evacuation
[2019-01-14T08:49:14.735+0000][4162][gc,age       ] GC(4) Desired survivor size 4456448 bytes, new threshold 3 (max threshold 6)
[2019-01-14T08:49:14.736+0000][4162][gc,age       ] GC(4) Age table with threshold 3 (max threshold 6)
[2019-01-14T08:49:14.736+0000][4162][gc,age       ] GC(4) - age   1:    1839768 bytes,    1839768 total
[2019-01-14T08:49:14.736+0000][4162][gc,age       ] GC(4) - age   2:    2553432 bytes,    4393200 total
[2019-01-14T08:49:14.736+0000][4162][gc,age       ] GC(4) - age   3:     431472 bytes,    4824672 total
[2019-01-14T08:49:14.736+0000][4162][gc,heap      ] GC(4) ParNew: 74317K->7056K(78656K)
[2019-01-14T08:49:14.736+0000][4162][gc,heap      ] GC(4) CMS: 6900K->6900K(174784K)
[2019-01-14T08:49:14.736+0000][4162][gc,metaspace ] GC(4) Metaspace: 26783K->26783K(1073152K)
[2019-01-14T08:49:14.736+0000][4162][gc           ] GC(4) Pause Young (Allocation Failure) 79M->13M(247M) 5.030ms
[2019-01-14T08:49:14.736+0000][4162][gc,cpu       ] GC(4) User=0.01s Sys=0.00s Real=0.01s
[2019-01-14T08:49:14.736+0000][4162][safepoint    ] Total time for which application threads were stopped: 0.0052250 seconds, Stopping threads took: 0.0000041 seconds
[2019-01-14T08:49:14.736+0000][4162][safepoint    ] Application time: 0.0004142 seconds
[2019-01-14T08:49:14.736+0000][4162][safepoint    ] Total time for which application threads were stopped: 0.0002653 seconds, Stopping threads took: 0.0002248 seconds
[2019-01-14T08:49:14.736+0000][4162][safepoint    ] Application time: 0.0000349 seconds
[2019-01-14T08:49:14.737+0000][4162][safepoint    ] Total time for which application threads were stopped: 0.0000363 seconds, Stopping threads took: 0.0000123 seconds
[2019-01-14T08:49:14.841+0000][4162][safepoint    ] Application time: 0.1043599 seconds
[2019-01-14T08:49:14.841+0000][4162][safepoint    ] Total time for which application threads were stopped: 0.0004167 seconds, Stopping threads took: 0.0000040 seconds
[2019-01-14T08:49:14.900+0000][4162][safepoint    ] Application time: 0.0589742 seconds
[2019-01-14T08:49:14.900+0000][4162][gc,start     ] GC(5) Pause Young (Allocation Failure)
[2019-01-14T08:49:14.900+0000][4162][gc,task      ] GC(5) Using 2 workers of 2 for evacuation
[2019-01-14T08:49:14.906+0000][4162][gc,age       ] GC(5) Desired survivor size 4456448 bytes, new threshold 3 (max threshold 6)
[2019-01-14T08:49:14.906+0000][4162][gc,age       ] GC(5) Age table with threshold 3 (max threshold 6)
[2019-01-14T08:49:14.906+0000][4162][gc,age       ] GC(5) - age   1:    2301008 bytes,    2301008 total
[2019-01-14T08:49:14.906+0000][4162][gc,age       ] GC(5) - age   2:    1196056 bytes,    3497064 total
[2019-01-14T08:49:14.906+0000][4162][gc,age       ] GC(5) - age   3:    2552840 bytes,    6049904 total
[2019-01-14T08:49:14.906+0000][4162][gc,heap      ] GC(5) ParNew: 77008K->6359K(78656K)
[2019-01-14T08:49:14.906+0000][4162][gc,heap      ] GC(5) CMS: 6900K->7332K(174784K)
[2019-01-14T08:49:14.906+0000][4162][gc,metaspace ] GC(5) Metaspace: 27023K->27023K(1075200K)
[2019-01-14T08:49:14.906+0000][4162][gc           ] GC(5) Pause Young (Allocation Failure) 81M->13M(247M) 5.545ms
[2019-01-14T08:49:14.906+0000][4162][gc,cpu       ] GC(5) User=0.01s Sys=0.00s Real=0.00s
[2019-01-14T08:49:14.906+0000][4162][safepoint    ] Total time for which application threads were stopped: 0.0056295 seconds, Stopping threads took: 0.0000056 seconds
[2019-01-14T08:49:15.021+0000][4162][safepoint    ] Application time: 0.1148337 seconds
[2019-01-14T08:49:15.021+0000][4162][gc,start     ] GC(6) Pause Young (Allocation Failure)
[2019-01-14T08:49:15.021+0000][4162][gc,task      ] GC(6) Using 2 workers of 2 for evacuation
[2019-01-14T08:49:15.034+0000][4162][gc,age       ] GC(6) Desired survivor size 4456448 bytes, new threshold 6 (max threshold 6)
[2019-01-14T08:49:15.034+0000][4162][gc,age       ] GC(6) Age table with threshold 6 (max threshold 6)
[2019-01-14T08:49:15.034+0000][4162][gc,age       ] GC(6) - age   1:    1172128 bytes,    1172128 total
[2019-01-14T08:49:15.034+0000][4162][gc,age       ] GC(6) - age   2:    1823720 bytes,    2995848 total
[2019-01-14T08:49:15.034+0000][4162][gc,age       ] GC(6) - age   3:    1195832 bytes,    4191680 total
[2019-01-14T08:49:15.034+0000][4162][gc,heap      ] GC(6) ParNew: 76311K->8236K(78656K)
[2019-01-14T08:49:15.034+0000][4162][gc,heap      ] GC(6) CMS: 7332K->9846K(174784K)
[2019-01-14T08:49:15.034+0000][4162][gc,metaspace ] GC(6) Metaspace: 27274K->27274K(1075200K)
[2019-01-14T08:49:15.034+0000][4162][gc           ] GC(6) Pause Young (Allocation Failure) 81M->17M(247M) 12.743ms
[2019-01-14T08:49:15.034+0000][4162][gc,cpu       ] GC(6) User=0.03s Sys=0.00s Real=0.01s
[2019-01-14T08:49:15.034+0000][4162][safepoint    ] Total time for which application threads were stopped: 0.0128252 seconds, Stopping threads took: 0.0000042 seconds
[2019-01-14T08:49:15.166+0000][4162][safepoint    ] Application time: 0.1318767 seconds
[2019-01-14T08:49:15.166+0000][4162][gc,start     ] GC(7) Pause Young (Allocation Failure)
[2019-01-14T08:49:15.166+0000][4162][gc,task      ] GC(7) Using 2 workers of 2 for evacuation
[2019-01-14T08:49:15.171+0000][4162][gc,age       ] GC(7) Desired survivor size 4456448 bytes, new threshold 3 (max threshold 6)
[2019-01-14T08:49:15.171+0000][4162][gc,age       ] GC(7) Age table with threshold 3 (max threshold 6)
[2019-01-14T08:49:15.171+0000][4162][gc,age       ] GC(7) - age   1:    2260688 bytes,    2260688 total
[2019-01-14T08:49:15.171+0000][4162][gc,age       ] GC(7) - age   2:     852688 bytes,    3113376 total
[2019-01-14T08:49:15.171+0000][4162][gc,age       ] GC(7) - age   3:    1823720 bytes,    4937096 total
[2019-01-14T08:49:15.171+0000][4162][gc,age       ] GC(7) - age   4:    1195832 bytes,    6132928 total
[2019-01-14T08:49:15.171+0000][4162][gc,heap      ] GC(7) ParNew: 78188K->7269K(78656K)
[2019-01-14T08:49:15.171+0000][4162][gc,heap      ] GC(7) CMS: 9846K->9846K(174784K)
[2019-01-14T08:49:15.171+0000][4162][gc,metaspace ] GC(7) Metaspace: 27594K->27594K(1075200K)
[2019-01-14T08:49:15.171+0000][4162][gc           ] GC(7) Pause Young (Allocation Failure) 85M->16M(247M) 5.556ms
[2019-01-14T08:49:15.171+0000][4162][gc,cpu       ] GC(7) User=0.01s Sys=0.00s Real=0.00s
[2019-01-14T08:49:15.171+0000][4162][safepoint    ] Total time for which application threads were stopped: 0.0056438 seconds, Stopping threads took: 0.0000038 seconds
[2019-01-14T08:49:15.385+0000][4162][safepoint    ] Application time: 0.2137539 seconds
[2019-01-14T08:49:15.385+0000][4162][gc,start     ] GC(8) Pause Young (Allocation Failure)
[2019-01-14T08:49:15.385+0000][4162][gc,task      ] GC(8) Using 2 workers of 2 for evacuation
[2019-01-14T08:49:15.392+0000][4162][gc,age       ] GC(8) Desired survivor size 4456448 bytes, new threshold 6 (max threshold 6)
[2019-01-14T08:49:15.392+0000][4162][gc,age       ] GC(8) Age table with threshold 6 (max threshold 6)
[2019-01-14T08:49:15.392+0000][4162][gc,age       ] GC(8) - age   1:    2104896 bytes,    2104896 total
[2019-01-14T08:49:15.392+0000][4162][gc,age       ] GC(8) - age   2:    1111024 bytes,    3215920 total
[2019-01-14T08:49:15.392+0000][4162][gc,age       ] GC(8) - age   3:     852608 bytes,    4068528 total
[2019-01-14T08:49:15.393+0000][4162][gc,heap      ] GC(8) ParNew: 77221K->7828K(78656K)
[2019-01-14T08:49:15.393+0000][4162][gc,heap      ] GC(8) CMS: 9846K->12820K(174784K)
[2019-01-14T08:49:15.393+0000][4162][gc,metaspace ] GC(8) Metaspace: 28575K->28575K(1075200K)
[2019-01-14T08:49:15.393+0000][4162][gc           ] GC(8) Pause Young (Allocation Failure) 85M->20M(247M) 7.395ms
[2019-01-14T08:49:15.393+0000][4162][gc,cpu       ] GC(8) User=0.02s Sys=0.00s Real=0.01s
[2019-01-14T08:49:15.393+0000][4162][safepoint    ] Total time for which application threads were stopped: 0.0074849 seconds, Stopping threads took: 0.0000042 seconds
[2019-01-14T08:49:15.393+0000][4162][safepoint    ] Application time: 0.0002485 seconds
[2019-01-14T08:49:15.393+0000][4162][safepoint    ] Total time for which application threads were stopped: 0.0000723 seconds, Stopping threads took: 0.0000293 seconds
[2019-01-14T08:49:15.393+0000][4162][safepoint    ] Application time: 0.0000213 seconds
[2019-01-14T08:49:15.393+0000][4162][safepoint    ] Total time for which application threads were stopped: 0.0000212 seconds, Stopping threads took: 0.0000010 seconds
[2019-01-14T08:49:15.393+0000][4162][safepoint    ] Application time: 0.0000214 seconds
[2019-01-14T08:49:15.393+0000][4162][safepoint    ] Total time for which application threads were stopped: 0.0000142 seconds, Stopping threads took: 0.0000007 seconds
[2019-01-14T08:49:15.393+0000][4162][safepoint    ] Application time: 0.0000125 seconds
[2019-01-14T08:49:15.393+0000][4162][safepoint    ] Total time for which application threads were stopped: 0.0000147 seconds, Stopping threads took: 0.0000006 seconds
[2019-01-14T08:49:15.393+0000][4162][safepoint    ] Application time: 0.0000138 seconds
[2019-01-14T08:49:15.393+0000][4162][safepoint    ] Total time for which application threads were stopped: 0.0000142 seconds, Stopping threads took: 0.0000006 seconds
[2019-01-14T08:49:15.393+0000][4162][safepoint    ] Application time: 0.0000119 seconds
[2019-01-14T08:49:15.393+0000][4162][safepoint    ] Total time for which application threads were stopped: 0.0000292 seconds, Stopping threads took: 0.0000005 seconds
[2019-01-14T08:49:15.393+0000][4162][safepoint    ] Application time: 0.0000125 seconds
[2019-01-14T08:49:15.393+0000][4162][safepoint    ] Total time for which application threads were stopped: 0.0000129 seconds, Stopping threads took: 0.0000005 seconds
[2019-01-14T08:49:15.393+0000][4162][safepoint    ] Application time: 0.0000123 seconds
[2019-01-14T08:49:15.393+0000][4162][safepoint    ] Total time for which application threads were stopped: 0.0000129 seconds, Stopping threads took: 0.0000005 seconds
[2019-01-14T08:49:15.393+0000][4162][safepoint    ] Application time: 0.0000111 seconds
[2019-01-14T08:49:15.393+0000][4162][safepoint    ] Total time for which application threads were stopped: 0.0000643 seconds, Stopping threads took: 0.0000005 seconds
[2019-01-14T08:49:15.393+0000][4162][safepoint    ] Application time: 0.0000321 seconds
[2019-01-14T08:49:15.393+0000][4162][safepoint    ] Total time for which application threads were stopped: 0.0000323 seconds, Stopping threads took: 0.0000006 seconds
[2019-01-14T08:49:15.393+0000][4162][safepoint    ] Application time: 0.0000113 seconds
[2019-01-14T08:49:15.393+0000][4162][safepoint    ] Total time for which application threads were stopped: 0.0000130 seconds, Stopping threads took: 0.0000005 seconds
[2019-01-14T08:49:15.393+0000][4162][safepoint    ] Application time: 0.0000125 seconds
[2019-01-14T08:49:15.393+0000][4162][safepoint    ] Total time for which application threads were stopped: 0.0000134 seconds, Stopping threads took: 0.0000005 seconds
[2019-01-14T08:49:15.394+0000][4162][safepoint    ] Application time: 0.0000111 seconds
[2019-01-14T08:49:15.394+0000][4162][safepoint    ] Total time for which application threads were stopped: 0.0000126 seconds, Stopping threads took: 0.0000005 seconds
[2019-01-14T08:49:15.427+0000][4162][safepoint    ] Application time: 0.0337224 seconds
[2019-01-14T08:49:15.427+0000][4162][safepoint    ] Total time for which application threads were stopped: 0.0000819 seconds, Stopping threads took: 0.0000112 seconds
[2019-01-14T08:49:15.486+0000][4162][safepoint    ] Application time: 0.0582736 seconds
[2019-01-14T08:49:15.486+0000][4162][gc,start     ] GC(9) Pause Young (Allocation Failure)
[2019-01-14T08:49:15.486+0000][4162][gc,task      ] GC(9) Using 2 workers of 2 for evacuation
[2019-01-14T08:49:15.488+0000][4162][gc,age       ] GC(9) Desired survivor size 4456448 bytes, new threshold 6 (max threshold 6)
[2019-01-14T08:49:15.489+0000][4162][gc,age       ] GC(9) Age table with threshold 6 (max threshold 6)
[2019-01-14T08:49:15.489+0000][4162][gc,age       ] GC(9) - age   1:     993280 bytes,     993280 total
[2019-01-14T08:49:15.489+0000][4162][gc,age       ] GC(9) - age   2:     793824 bytes,    1787104 total
[2019-01-14T08:49:15.489+0000][4162][gc,age       ] GC(9) - age   3:    1110912 bytes,    2898016 total
[2019-01-14T08:49:15.489+0000][4162][gc,age       ] GC(9) - age   4:     852608 bytes,    3750624 total
[2019-01-14T08:49:15.489+0000][4162][gc,heap      ] GC(9) ParNew: 77780K->4191K(78656K)
[2019-01-14T08:49:15.489+0000][4162][gc,heap      ] GC(9) CMS: 12820K->12820K(174784K)
[2019-01-14T08:49:15.489+0000][4162][gc,metaspace ] GC(9) Metaspace: 28666K->28666K(1075200K)
[2019-01-14T08:49:15.489+0000][4162][gc           ] GC(9) Pause Young (Allocation Failure) 88M->16M(247M) 2.891ms
[2019-01-14T08:49:15.489+0000][4162][gc,cpu       ] GC(9) User=0.01s Sys=0.00s Real=0.00s
[2019-01-14T08:49:15.489+0000][4162][safepoint    ] Total time for which application threads were stopped: 0.0029808 seconds, Stopping threads took: 0.0000121 seconds
[2019-01-14T08:49:15.576+0000][4162][safepoint    ] Application time: 0.0871106 seconds
[2019-01-14T08:49:15.576+0000][4162][gc,start     ] GC(10) Pause Young (Allocation Failure)
[2019-01-14T08:49:15.576+0000][4162][gc,task      ] GC(10) Using 2 workers of 2 for evacuation
[2019-01-14T08:49:15.578+0000][4162][gc,age       ] GC(10) Desired survivor size 4456448 bytes, new threshold 6 (max threshold 6)
[2019-01-14T08:49:15.578+0000][4162][gc,age       ] GC(10) Age table with threshold 6 (max threshold 6)
[2019-01-14T08:49:15.578+0000][4162][gc,age       ] GC(10) - age   1:     682656 bytes,     682656 total
[2019-01-14T08:49:15.578+0000][4162][gc,age       ] GC(10) - age   2:     126672 bytes,     809328 total
[2019-01-14T08:49:15.578+0000][4162][gc,age       ] GC(10) - age   3:     793704 bytes,    1603032 total
[2019-01-14T08:49:15.578+0000][4162][gc,age       ] GC(10) - age   4:    1110768 bytes,    2713800 total
[2019-01-14T08:49:15.578+0000][4162][gc,age       ] GC(10) - age   5:     852440 bytes,    3566240 total
[2019-01-14T08:49:15.578+0000][4162][gc,heap      ] GC(10) ParNew: 74143K->5168K(78656K)
[2019-01-14T08:49:15.578+0000][4162][gc,heap      ] GC(10) CMS: 12820K->12820K(174784K)
[2019-01-14T08:49:15.578+0000][4162][gc,metaspace ] GC(10) Metaspace: 28719K->28719K(1077248K)
[2019-01-14T08:49:15.578+0000][4162][gc           ] GC(10) Pause Young (Allocation Failure) 84M->17M(247M) 2.593ms
[2019-01-14T08:49:15.578+0000][4162][gc,cpu       ] GC(10) User=0.01s Sys=0.00s Real=0.00s
[2019-01-14T08:49:15.578+0000][4162][safepoint    ] Total time for which application threads were stopped: 0.0026981 seconds, Stopping threads took: 0.0000118 seconds
[2019-01-14T08:49:15.641+0000][4162][safepoint    ] Application time: 0.0629371 seconds
[2019-01-14T08:49:15.642+0000][4162][safepoint    ] Total time for which application threads were stopped: 0.0004279 seconds, Stopping threads took: 0.0000273 seconds
[2019-01-14T08:49:15.755+0000][4162][safepoint    ] Application time: 0.1130603 seconds
[2019-01-14T08:49:15.755+0000][4162][safepoint    ] Total time for which application threads were stopped: 0.0001494 seconds, Stopping threads took: 0.0000230 seconds
[2019-01-14T08:49:15.759+0000][4162][safepoint    ] Application time: 0.0042200 seconds
[2019-01-14T08:49:15.760+0000][4162][safepoint    ] Total time for which application threads were stopped: 0.0000413 seconds, Stopping threads took: 0.0000107 seconds
[2019-01-14T08:49:15.919+0000][4162][safepoint    ] Application time: 0.1590333 seconds
[2019-01-14T08:49:15.919+0000][4162][gc,start     ] GC(11) Pause Young (Allocation Failure)
[2019-01-14T08:49:15.919+0000][4162][gc,task      ] GC(11) Using 2 workers of 2 for evacuation
[2019-01-14T08:49:15.922+0000][4162][gc,age       ] GC(11) Desired survivor size 4456448 bytes, new threshold 6 (max threshold 6)
[2019-01-14T08:49:15.922+0000][4162][gc,age       ] GC(11) Age table with threshold 6 (max threshold 6)
[2019-01-14T08:49:15.922+0000][4162][gc,age       ] GC(11) - age   1:    1086720 bytes,    1086720 total
[2019-01-14T08:49:15.922+0000][4162][gc,age       ] GC(11) - age   2:     356320 bytes,    1443040 total
[2019-01-14T08:49:15.922+0000][4162][gc,age       ] GC(11) - age   3:     126560 bytes,    1569600 total
[2019-01-14T08:49:15.922+0000][4162][gc,age       ] GC(11) - age   4:     793704 bytes,    2363304 total
[2019-01-14T08:49:15.922+0000][4162][gc,age       ] GC(11) - age   5:    1110680 bytes,    3473984 total
[2019-01-14T08:49:15.922+0000][4162][gc,age       ] GC(11) - age   6:     852320 bytes,    4326304 total
[2019-01-14T08:49:15.922+0000][4162][gc,heap      ] GC(11) ParNew: 75120K->5209K(78656K)
[2019-01-14T08:49:15.922+0000][4162][gc,heap      ] GC(11) CMS: 12820K->12820K(174784K)
[2019-01-14T08:49:15.923+0000][4162][gc,metaspace ] GC(11) Metaspace: 31615K->31615K(1079296K)
[2019-01-14T08:49:15.923+0000][4162][gc           ] GC(11) Pause Young (Allocation Failure) 85M->17M(247M) 3.740ms
[2019-01-14T08:49:15.923+0000][4162][gc,cpu       ] GC(11) User=0.01s Sys=0.00s Real=0.01s
[2019-01-14T08:49:15.923+0000][4162][safepoint    ] Total time for which application threads were stopped: 0.0039688 seconds, Stopping threads took: 0.0000107 seconds
[2019-01-14T08:49:16.076+0000][4162][safepoint    ] Application time: 0.1536771 seconds
[2019-01-14T08:49:16.077+0000][4162][safepoint    ] Total time for which application threads were stopped: 0.0003409 seconds, Stopping threads took: 0.0000042 seconds
[2019-01-14T08:49:16.099+0000][4162][safepoint    ] Application time: 0.0227635 seconds
[2019-01-14T08:49:16.100+0000][4162][safepoint    ] Total time for which application threads were stopped: 0.0003831 seconds, Stopping threads took: 0.0000041 seconds
[2019-01-14T08:49:16.871+0000][4162][safepoint    ] Application time: 0.7706561 seconds
[2019-01-14T08:49:16.871+0000][4162][gc,start     ] GC(12) Pause Young (Allocation Failure)
[2019-01-14T08:49:16.871+0000][4162][gc,task      ] GC(12) Using 2 workers of 2 for evacuation
[2019-01-14T08:49:16.902+0000][4162][gc,age       ] GC(12) Desired survivor size 4456448 bytes, new threshold 1 (max threshold 6)
[2019-01-14T08:49:16.902+0000][4162][gc,age       ] GC(12) Age table with threshold 1 (max threshold 6)
[2019-01-14T08:49:16.902+0000][4162][gc,age       ] GC(12) - age   1:    5539416 bytes,    5539416 total
[2019-01-14T08:49:16.902+0000][4162][gc,age       ] GC(12) - age   2:     991720 bytes,    6531136 total
[2019-01-14T08:49:16.902+0000][4162][gc,age       ] GC(12) - age   3:     356096 bytes,    6887232 total
[2019-01-14T08:49:16.902+0000][4162][gc,age       ] GC(12) - age   4:     126448 bytes,    7013680 total
[2019-01-14T08:49:16.902+0000][4162][gc,age       ] GC(12) - age   5:     788168 bytes,    7801848 total
[2019-01-14T08:49:16.902+0000][4162][gc,age       ] GC(12) - age   6:    1110520 bytes,    8912368 total
[2019-01-14T08:49:16.902+0000][4162][gc,heap      ] GC(12) ParNew: 75161K->8704K(78656K)
[2019-01-14T08:49:16.902+0000][4162][gc,heap      ] GC(12) CMS: 12820K->19586K(174784K)
[2019-01-14T08:49:16.902+0000][4162][gc,metaspace ] GC(12) Metaspace: 34958K->34958K(1081344K)
[2019-01-14T08:49:16.902+0000][4162][gc           ] GC(12) Pause Young (Allocation Failure) 85M->27M(247M) 30.962ms
[2019-01-14T08:49:16.902+0000][4162][gc,cpu       ] GC(12) User=0.05s Sys=0.00s Real=0.04s
[2019-01-14T08:49:16.902+0000][4162][safepoint    ] Total time for which application threads were stopped: 0.0312801 seconds, Stopping threads took: 0.0000116 seconds
[2019-01-14T08:49:17.300+0000][4162][safepoint    ] Application time: 0.3977024 seconds
[2019-01-14T08:49:17.300+0000][4162][gc,start     ] GC(13) Pause Young (Allocation Failure)
[2019-01-14T08:49:17.300+0000][4162][gc,task      ] GC(13) Using 2 workers of 2 for evacuation
[2019-01-14T08:49:17.330+0000][4162][gc,age       ] GC(13) Desired survivor size 4456448 bytes, new threshold 1 (max threshold 6)
[2019-01-14T08:49:17.330+0000][4162][gc,age       ] GC(13) Age table with threshold 1 (max threshold 6)
[2019-01-14T08:49:17.330+0000][4162][gc,age       ] GC(13) - age   1:    8249096 bytes,    8249096 total
[2019-01-14T08:49:17.330+0000][4162][gc,heap      ] GC(13) ParNew: 78656K->8704K(78656K)
[2019-01-14T08:49:17.330+0000][4162][gc,heap      ] GC(13) CMS: 19586K->30571K(174784K)
[2019-01-14T08:49:17.330+0000][4162][gc,metaspace ] GC(13) Metaspace: 35028K->35028K(1081344K)
[2019-01-14T08:49:17.330+0000][4162][gc           ] GC(13) Pause Young (Allocation Failure) 95M->38M(247M) 30.475ms
[2019-01-14T08:49:17.330+0000][4162][gc,cpu       ] GC(13) User=0.06s Sys=0.00s Real=0.03s
[2019-01-14T08:49:17.330+0000][4162][safepoint    ] Total time for which application threads were stopped: 0.0305803 seconds, Stopping threads took: 0.0000109 seconds
[2019-01-14T08:49:17.916+0000][4162][safepoint    ] Application time: 0.5857401 seconds
[2019-01-14T08:49:17.916+0000][4162][safepoint    ] Total time for which application threads were stopped: 0.0001259 seconds, Stopping threads took: 0.0000036 seconds
[2019-01-14T08:49:17.966+0000][4162][safepoint    ] Application time: 0.0496969 seconds
[2019-01-14T08:49:17.966+0000][4162][safepoint    ] Total time for which application threads were stopped: 0.0000742 seconds, Stopping threads took: 0.0000044 seconds
[2019-01-14T08:49:17.975+0000][4162][safepoint    ] Application time: 0.0092094 seconds
[2019-01-14T08:49:17.975+0000][4162][safepoint    ] Total time for which application threads were stopped: 0.0001176 seconds, Stopping threads took: 0.0000034 seconds
[2019-01-14T08:49:18.005+0000][4162][safepoint    ] Application time: 0.0302062 seconds
[2019-01-14T08:49:18.006+0000][4162][safepoint    ] Total time for which application threads were stopped: 0.0001911 seconds, Stopping threads took: 0.0000046 seconds
[2019-01-14T08:49:18.009+0000][4162][safepoint    ] Application time: 0.0029518 seconds
[2019-01-14T08:49:18.009+0000][4162][safepoint    ] Total time for which application threads were stopped: 0.0003841 seconds, Stopping threads took: 0.0000036 seconds
[2019-01-14T08:49:18.030+0000][4162][safepoint    ] Application time: 0.0209990 seconds
[2019-01-14T08:49:18.030+0000][4162][gc,start     ] GC(14) Pause Young (Allocation Failure)
[2019-01-14T08:49:18.030+0000][4162][gc,task      ] GC(14) Using 2 workers of 2 for evacuation
[2019-01-14T08:49:18.114+0000][4162][gc,age       ] GC(14) Desired survivor size 4456448 bytes, new threshold 1 (max threshold 6)
[2019-01-14T08:49:18.115+0000][4162][gc,age       ] GC(14) Age table with threshold 1 (max threshold 6)
[2019-01-14T08:49:18.115+0000][4162][gc,age       ] GC(14) - age   1:    5682224 bytes,    5682224 total
[2019-01-14T08:49:18.115+0000][4162][gc,heap      ] GC(14) ParNew: 78656K->8704K(78656K)
[2019-01-14T08:49:18.115+0000][4162][gc,heap      ] GC(14) CMS: 30571K->41190K(174784K)
[2019-01-14T08:49:18.115+0000][4162][gc,metaspace ] GC(14) Metaspace: 38648K->38648K(1085440K)
[2019-01-14T08:49:18.115+0000][4162][gc           ] GC(14) Pause Young (Allocation Failure) 106M->48M(247M) 84.723ms
[2019-01-14T08:49:18.115+0000][4162][gc,cpu       ] GC(14) User=0.13s Sys=0.00s Real=0.09s
[2019-01-14T08:49:18.115+0000][4162][safepoint    ] Total time for which application threads were stopped: 0.0848243 seconds, Stopping threads took: 0.0000042 seconds
[2019-01-14T08:49:18.117+0000][4162][safepoint    ] Application time: 0.0021204 seconds
[2019-01-14T08:49:18.117+0000][4162][gc,start     ] GC(15) Pause Initial Mark
[2019-01-14T08:49:18.124+0000][4162][gc           ] GC(15) Pause Initial Mark 50M->50M(247M) 7.177ms
[2019-01-14T08:49:18.124+0000][4162][gc,cpu       ] GC(15) User=0.02s Sys=0.00s Real=0.01s
[2019-01-14T08:49:18.124+0000][4162][safepoint    ] Total time for which application threads were stopped: 0.0072708 seconds, Stopping threads took: 0.0000141 seconds
[2019-01-14T08:49:18.124+0000][4162][gc           ] GC(15) Concurrent Mark
[2019-01-14T08:49:18.149+0000][4162][safepoint    ] Application time: 0.0245002 seconds
[2019-01-14T08:49:18.149+0000][4162][safepoint    ] Total time for which application threads were stopped: 0.0002352 seconds, Stopping threads took: 0.0000160 seconds
[2019-01-14T08:49:18.212+0000][4162][gc           ] GC(15) Concurrent Mark 87.658ms
[2019-01-14T08:49:18.212+0000][4162][gc,cpu       ] GC(15) User=0.16s Sys=0.00s Real=0.08s
[2019-01-14T08:49:18.212+0000][4162][gc           ] GC(15) Concurrent Preclean
[2019-01-14T08:49:18.213+0000][4162][gc           ] GC(15) Concurrent Preclean 0.641ms
[2019-01-14T08:49:18.213+0000][4162][gc,cpu       ] GC(15) User=0.01s Sys=0.00s Real=0.01s
[2019-01-14T08:49:18.213+0000][4162][gc           ] GC(15) Concurrent Abortable Preclean
[2019-01-14T08:49:18.222+0000][4162][safepoint    ] Application time: 0.0727076 seconds
[2019-01-14T08:49:18.222+0000][4162][safepoint    ] Total time for which application threads were stopped: 0.0001507 seconds, Stopping threads took: 0.0000207 seconds
[2019-01-14T08:49:18.267+0000][4162][safepoint    ] Application time: 0.0448493 seconds
[2019-01-14T08:49:18.267+0000][4162][safepoint    ] Total time for which application threads were stopped: 0.0001931 seconds, Stopping threads took: 0.0000150 seconds
[2019-01-14T08:49:18.351+0000][4162][safepoint    ] Application time: 0.0839993 seconds
[2019-01-14T08:49:18.357+0000][4162][safepoint    ] Total time for which application threads were stopped: 0.0057158 seconds, Stopping threads took: 0.0000081 seconds
[2019-01-14T08:49:18.389+0000][4162][safepoint    ] Application time: 0.0318692 seconds
[2019-01-14T08:49:18.389+0000][4162][safepoint    ] Total time for which application threads were stopped: 0.0001897 seconds, Stopping threads took: 0.0000048 seconds
[2019-01-14T08:49:18.413+0000][4162][safepoint    ] Application time: 0.0237563 seconds
[2019-01-14T08:49:18.413+0000][4162][safepoint    ] Total time for which application threads were stopped: 0.0001388 seconds, Stopping threads took: 0.0000037 seconds
[2019-01-14T08:49:18.505+0000][4162][safepoint    ] Application time: 0.0924606 seconds
[2019-01-14T08:49:18.506+0000][4162][safepoint    ] Total time for which application threads were stopped: 0.0001590 seconds, Stopping threads took: 0.0000118 seconds
[2019-01-14T08:49:18.532+0000][4162][safepoint    ] Application time: 0.0258350 seconds
[2019-01-14T08:49:18.532+0000][4162][safepoint    ] Total time for which application threads were stopped: 0.0002894 seconds, Stopping threads took: 0.0000034 seconds
[2019-01-14T08:49:18.586+0000][4162][safepoint    ] Application time: 0.0536642 seconds
[2019-01-14T08:49:18.586+0000][4162][safepoint    ] Total time for which application threads were stopped: 0.0001625 seconds, Stopping threads took: 0.0000191 seconds
[2019-01-14T08:49:18.632+0000][4162][safepoint    ] Application time: 0.0458885 seconds
[2019-01-14T08:49:18.632+0000][4162][safepoint    ] Total time for which application threads were stopped: 0.0001478 seconds, Stopping threads took: 0.0000039 seconds
[2019-01-14T08:49:18.672+0000][4162][safepoint    ] Application time: 0.0404176 seconds
[2019-01-14T08:49:18.672+0000][4162][safepoint    ] Total time for which application threads were stopped: 0.0002255 seconds, Stopping threads took: 0.0000039 seconds
[2019-01-14T08:49:18.673+0000][4162][gc           ] GC(15) Concurrent Abortable Preclean 459.822ms
[2019-01-14T08:49:18.673+0000][4162][gc,cpu       ] GC(15) User=0.73s Sys=0.04s Real=0.46s
[2019-01-14T08:49:18.673+0000][4162][safepoint    ] Application time: 0.0001382 seconds
[2019-01-14T08:49:18.673+0000][4162][gc,start     ] GC(15) Pause Remark
[2019-01-14T08:49:18.694+0000][4162][gc           ] GC(15) Pause Remark 84M->84M(247M) 21.240ms
[2019-01-14T08:49:18.694+0000][4162][gc,cpu       ] GC(15) User=0.03s Sys=0.00s Real=0.02s
[2019-01-14T08:49:18.694+0000][4162][safepoint    ] Total time for which application threads were stopped: 0.0213336 seconds, Stopping threads took: 0.0000254 seconds
[2019-01-14T08:49:18.694+0000][4162][gc           ] GC(15) Concurrent Sweep
[2019-01-14T08:49:18.725+0000][4162][gc           ] GC(15) Concurrent Sweep 31.130ms
[2019-01-14T08:49:18.725+0000][4162][gc,cpu       ] GC(15) User=0.06s Sys=0.00s Real=0.03s
[2019-01-14T08:49:18.725+0000][4162][gc           ] GC(15) Concurrent Reset
[2019-01-14T08:49:18.725+0000][4162][gc           ] GC(15) Concurrent Reset 0.137ms
[2019-01-14T08:49:18.725+0000][4162][gc,cpu       ] GC(15) User=0.00s Sys=0.00s Real=0.00s
[2019-01-14T08:49:18.725+0000][4162][gc,heap      ] GC(15) Old: 41190K->41001K(174784K)
[2019-01-14T08:49:18.754+0000][4162][safepoint    ] Application time: 0.0603267 seconds
[2019-01-14T08:49:18.754+0000][4162][safepoint    ] Total time for which application threads were stopped: 0.0000916 seconds, Stopping threads took: 0.0000041 seconds
[2019-01-14T08:49:19.295+0000][4162][safepoint    ] Application time: 0.5399026 seconds
[2019-01-14T08:49:19.295+0000][4162][gc,start     ] GC(16) Pause Young (Allocation Failure)
[2019-01-14T08:49:19.295+0000][4162][gc,task      ] GC(16) Using 2 workers of 2 for evacuation
[2019-01-14T08:49:19.313+0000][4162][gc,age       ] GC(16) Desired survivor size 4456448 bytes, new threshold 6 (max threshold 6)
[2019-01-14T08:49:19.313+0000][4162][gc,age       ] GC(16) Age table with threshold 6 (max threshold 6)
[2019-01-14T08:49:19.313+0000][4162][gc,age       ] GC(16) - age   1:    2265280 bytes,    2265280 total
[2019-01-14T08:49:19.313+0000][4162][gc,heap      ] GC(16) ParNew: 78656K->6143K(78656K)
[2019-01-14T08:49:19.313+0000][4162][gc,heap      ] GC(16) CMS: 41001K->46592K(174784K)
[2019-01-14T08:49:19.313+0000][4162][gc,metaspace ] GC(16) Metaspace: 47940K->47940K(1093632K)
[2019-01-14T08:49:19.313+0000][4162][gc           ] GC(16) Pause Young (Allocation Failure) 116M->51M(247M) 17.929ms
[2019-01-14T08:49:19.313+0000][4162][gc,cpu       ] GC(16) User=0.03s Sys=0.00s Real=0.02s
[2019-01-14T08:49:19.313+0000][4162][safepoint    ] Total time for which application threads were stopped: 0.0180478 seconds, Stopping threads took: 0.0000058 seconds
[2019-01-14T08:49:20.286+0000][4162][safepoint    ] Application time: 0.9728536 seconds
[2019-01-14T08:49:20.286+0000][4162][safepoint    ] Total time for which application threads were stopped: 0.0001736 seconds, Stopping threads took: 0.0000109 seconds
[2019-01-14T08:49:20.563+0000][4162][safepoint    ] Application time: 0.2773592 seconds
[2019-01-14T08:49:20.564+0000][4162][safepoint    ] Total time for which application threads were stopped: 0.0005686 seconds, Stopping threads took: 0.0001521 seconds
[2019-01-14T08:49:20.564+0000][4162][safepoint    ] Application time: 0.0000706 seconds
[2019-01-14T08:49:20.564+0000][4162][safepoint    ] Total time for which application threads were stopped: 0.0000578 seconds, Stopping threads took: 0.0000095 seconds
[2019-01-14T08:49:20.564+0000][4162][safepoint    ] Application time: 0.0000209 seconds
[2019-01-14T08:49:20.564+0000][4162][safepoint    ] Total time for which application threads were stopped: 0.0000755 seconds, Stopping threads took: 0.0000178 seconds
[2019-01-14T08:49:20.567+0000][4162][safepoint    ] Application time: 0.0022583 seconds
[2019-01-14T08:49:20.567+0000][4162][safepoint    ] Total time for which application threads were stopped: 0.0000938 seconds, Stopping threads took: 0.0000170 seconds
[2019-01-14T08:49:20.567+0000][4162][safepoint    ] Application time: 0.0002462 seconds
[2019-01-14T08:49:20.567+0000][4162][safepoint    ] Total time for which application threads were stopped: 0.0000414 seconds, Stopping threads took: 0.0000106 seconds
[2019-01-14T08:49:20.568+0000][4162][safepoint    ] Application time: 0.0010743 seconds
[2019-01-14T08:49:20.571+0000][4162][safepoint    ] Total time for which application threads were stopped: 0.0025465 seconds, Stopping threads took: 0.0024863 seconds
[2019-01-14T08:49:20.571+0000][4162][safepoint    ] Application time: 0.0000318 seconds
[2019-01-14T08:49:20.571+0000][4162][safepoint    ] Total time for which application threads were stopped: 0.0000610 seconds, Stopping threads took: 0.0000062 seconds
[2019-01-14T08:49:20.571+0000][4162][safepoint    ] Application time: 0.0000229 seconds
[2019-01-14T08:49:20.571+0000][4162][safepoint    ] Total time for which application threads were stopped: 0.0000344 seconds, Stopping threads took: 0.0000073 seconds
[2019-01-14T08:49:20.571+0000][4162][safepoint    ] Application time: 0.0000529 seconds
[2019-01-14T08:49:20.571+0000][4162][safepoint    ] Total time for which application threads were stopped: 0.0000307 seconds, Stopping threads took: 0.0000070 seconds
[2019-01-14T08:49:20.571+0000][4162][safepoint    ] Application time: 0.0000339 seconds
[2019-01-14T08:49:20.571+0000][4162][safepoint    ] Total time for which application threads were stopped: 0.0000281 seconds, Stopping threads took: 0.0000062 seconds
[2019-01-14T08:49:20.571+0000][4162][safepoint    ] Application time: 0.0000147 seconds
[2019-01-14T08:49:20.571+0000][4162][safepoint    ] Total time for which application threads were stopped: 0.0000208 seconds, Stopping threads took: 0.0000046 seconds
[2019-01-14T08:49:20.571+0000][4162][safepoint    ] Application time: 0.0000139 seconds
[2019-01-14T08:49:20.571+0000][4162][safepoint    ] Total time for which application threads were stopped: 0.0000208 seconds, Stopping threads took: 0.0000046 seconds
[2019-01-14T08:49:20.571+0000][4162][safepoint    ] Application time: 0.0000137 seconds
[2019-01-14T08:49:20.571+0000][4162][safepoint    ] Total time for which application threads were stopped: 0.0000207 seconds, Stopping threads took: 0.0000046 seconds
[2019-01-14T08:49:20.571+0000][4162][safepoint    ] Application time: 0.0000150 seconds
[2019-01-14T08:49:20.571+0000][4162][safepoint    ] Total time for which application threads were stopped: 0.0000206 seconds, Stopping threads took: 0.0000046 seconds
[2019-01-14T08:49:20.571+0000][4162][safepoint    ] Application time: 0.0000137 seconds
[2019-01-14T08:49:20.572+0000][4162][safepoint    ] Total time for which application threads were stopped: 0.0000209 seconds, Stopping threads took: 0.0000047 seconds
[2019-01-14T08:49:20.572+0000][4162][safepoint    ] Application time: 0.0000167 seconds
[2019-01-14T08:49:20.572+0000][4162][safepoint    ] Total time for which application threads were stopped: 0.0000209 seconds, Stopping threads took: 0.0000047 seconds
[2019-01-14T08:49:20.572+0000][4162][safepoint    ] Application time: 0.0000164 seconds
[2019-01-14T08:49:20.572+0000][4162][safepoint    ] Total time for which application threads were stopped: 0.0000217 seconds, Stopping threads took: 0.0000054 seconds
[2019-01-14T08:49:20.572+0000][4162][safepoint    ] Application time: 0.0000143 seconds
[2019-01-14T08:49:20.572+0000][4162][safepoint    ] Total time for which application threads were stopped: 0.0000207 seconds, Stopping threads took: 0.0000046 seconds
[2019-01-14T08:49:20.572+0000][4162][safepoint    ] Application time: 0.0000151 seconds
[2019-01-14T08:49:20.572+0000][4162][safepoint    ] Total time for which application threads were stopped: 0.0000852 seconds, Stopping threads took: 0.0000255 seconds
[2019-01-14T08:49:20.572+0000][4162][safepoint    ] Application time: 0.0000194 seconds
[2019-01-14T08:49:20.572+0000][4162][safepoint    ] Total time for which application threads were stopped: 0.0000239 seconds, Stopping threads took: 0.0000049 seconds
[2019-01-14T08:49:20.572+0000][4162][safepoint    ] Application time: 0.0000178 seconds
[2019-01-14T08:49:20.572+0000][4162][safepoint    ] Total time for which application threads were stopped: 0.0000456 seconds, Stopping threads took: 0.0000253 seconds
[2019-01-14T08:49:20.572+0000][4162][safepoint    ] Application time: 0.0000171 seconds
[2019-01-14T08:49:20.572+0000][4162][safepoint    ] Total time for which application threads were stopped: 0.0000285 seconds, Stopping threads took: 0.0000056 seconds
[2019-01-14T08:49:20.572+0000][4162][safepoint    ] Application time: 0.0000545 seconds
[2019-01-14T08:49:20.572+0000][4162][safepoint    ] Total time for which application threads were stopped: 0.0000367 seconds, Stopping threads took: 0.0000060 seconds
[2019-01-14T08:49:20.572+0000][4162][safepoint    ] Application time: 0.0000237 seconds
[2019-01-14T08:49:20.574+0000][4162][safepoint    ] Total time for which application threads were stopped: 0.0017294 seconds, Stopping threads took: 0.0000057 seconds
[2019-01-14T08:49:20.574+0000][4162][safepoint    ] Application time: 0.0001240 seconds
[2019-01-14T08:49:20.575+0000][4162][safepoint    ] Total time for which application threads were stopped: 0.0000967 seconds, Stopping threads took: 0.0000215 seconds
[2019-01-14T08:49:20.575+0000][4162][safepoint    ] Application time: 0.0000350 seconds
[2019-01-14T08:49:20.575+0000][4162][safepoint    ] Total time for which application threads were stopped: 0.0000624 seconds, Stopping threads took: 0.0000067 seconds
[2019-01-14T08:49:20.575+0000][4162][safepoint    ] Application time: 0.0000317 seconds
[2019-01-14T08:49:20.575+0000][4162][safepoint    ] Total time for which application threads were stopped: 0.0000336 seconds, Stopping threads took: 0.0000063 seconds
[2019-01-14T08:49:20.575+0000][4162][safepoint    ] Application time: 0.0000347 seconds
[2019-01-14T08:49:20.575+0000][4162][safepoint    ] Total time for which application threads were stopped: 0.0000311 seconds, Stopping threads took: 0.0000066 seconds
[2019-01-14T08:49:20.576+0000][4162][safepoint    ] Application time: 0.0009267 seconds
[2019-01-14T08:49:20.579+0000][4162][safepoint    ] Total time for which application threads were stopped: 0.0027841 seconds, Stopping threads took: 0.0026331 seconds
[2019-01-14T08:49:20.579+0000][4162][safepoint    ] Application time: 0.0001698 seconds
[2019-01-14T08:49:20.579+0000][4162][safepoint    ] Total time for which application threads were stopped: 0.0000870 seconds, Stopping threads took: 0.0000127 seconds
[2019-01-14T08:49:20.579+0000][4162][safepoint    ] Application time: 0.0000304 seconds
[2019-01-14T08:49:20.580+0000][4162][safepoint    ] Total time for which application threads were stopped: 0.0000091 seconds, Stopping threads took: 0.0000015 seconds
[2019-01-14T08:49:20.580+0000][4162][safepoint    ] Application time: 0.0000148 seconds
[2019-01-14T08:49:20.580+0000][4162][safepoint    ] Total time for which application threads were stopped: 0.0000078 seconds, Stopping threads took: 0.0000007 seconds
[2019-01-14T08:49:20.580+0000][4162][safepoint    ] Application time: 0.0000132 seconds
[2019-01-14T08:49:20.580+0000][4162][safepoint    ] Total time for which application threads were stopped: 0.0000076 seconds, Stopping threads took: 0.0000006 seconds
[2019-01-14T08:49:20.580+0000][4162][safepoint    ] Application time: 0.0000135 seconds
[2019-01-14T08:49:20.580+0000][4162][safepoint    ] Total time for which application threads were stopped: 0.0000076 seconds, Stopping threads took: 0.0000007 seconds
[2019-01-14T08:49:20.580+0000][4162][safepoint    ] Application time: 0.0000132 seconds
[2019-01-14T08:49:20.580+0000][4162][safepoint    ] Total time for which application threads were stopped: 0.0000077 seconds, Stopping threads took: 0.0000006 seconds
[2019-01-14T08:49:20.580+0000][4162][safepoint    ] Application time: 0.0000217 seconds
[2019-01-14T08:49:20.580+0000][4162][safepoint    ] Total time for which application threads were stopped: 0.0000129 seconds, Stopping threads took: 0.0000015 seconds
[2019-01-14T08:49:20.580+0000][4162][safepoint    ] Application time: 0.0000136 seconds
[2019-01-14T08:49:20.580+0000][4162][safepoint    ] Total time for which application threads were stopped: 0.0000078 seconds, Stopping threads took: 0.0000007 seconds
[2019-01-14T08:49:20.580+0000][4162][safepoint    ] Application time: 0.0000130 seconds
[2019-01-14T08:49:20.580+0000][4162][safepoint    ] Total time for which application threads were stopped: 0.0000076 seconds, Stopping threads took: 0.0000007 seconds
[2019-01-14T08:49:20.580+0000][4162][safepoint    ] Application time: 0.0000126 seconds
[2019-01-14T08:49:20.580+0000][4162][safepoint    ] Total time for which application threads were stopped: 0.0000074 seconds, Stopping threads took: 0.0000006 seconds
[2019-01-14T08:49:20.580+0000][4162][safepoint    ] Application time: 0.0000129 seconds
[2019-01-14T08:49:20.580+0000][4162][safepoint    ] Total time for which application threads were stopped: 0.0000075 seconds, Stopping threads took: 0.0000006 seconds
[2019-01-14T08:49:20.580+0000][4162][safepoint    ] Application time: 0.0000127 seconds
[2019-01-14T08:49:20.580+0000][4162][safepoint    ] Total time for which application threads were stopped: 0.0000075 seconds, Stopping threads took: 0.0000006 seconds
[2019-01-14T08:49:20.580+0000][4162][safepoint    ] Application time: 0.0000133 seconds
[2019-01-14T08:49:20.580+0000][4162][safepoint    ] Total time for which application threads were stopped: 0.0000085 seconds, Stopping threads took: 0.0000008 seconds
[2019-01-14T08:49:20.580+0000][4162][safepoint    ] Application time: 0.0000142 seconds
[2019-01-14T08:49:20.580+0000][4162][safepoint    ] Total time for which application threads were stopped: 0.0000080 seconds, Stopping threads took: 0.0000008 seconds
[2019-01-14T08:49:20.580+0000][4162][safepoint    ] Application time: 0.0000144 seconds
[2019-01-14T08:49:20.580+0000][4162][safepoint    ] Total time for which application threads were stopped: 0.0000079 seconds, Stopping threads took: 0.0000008 seconds
[2019-01-14T08:49:20.582+0000][4162][safepoint    ] Application time: 0.0015980 seconds
[2019-01-14T08:49:20.582+0000][4162][safepoint    ] Total time for which application threads were stopped: 0.0000605 seconds, Stopping threads took: 0.0000053 seconds
[2019-01-14T08:49:20.593+0000][4162][safepoint    ] Application time: 0.0115794 seconds
[2019-01-14T08:49:20.593+0000][4162][safepoint    ] Total time for which application threads were stopped: 0.0001757 seconds, Stopping threads took: 0.0000362 seconds
[2019-01-14T08:49:20.595+0000][4162][safepoint    ] Application time: 0.0018763 seconds
[2019-01-14T08:49:20.598+0000][4162][safepoint    ] Total time for which application threads were stopped: 0.0022783 seconds, Stopping threads took: 0.0022025 seconds
[2019-01-14T08:49:20.598+0000][4162][safepoint    ] Application time: 0.0000349 seconds
[2019-01-14T08:49:20.598+0000][4162][safepoint    ] Total time for which application threads were stopped: 0.0000439 seconds, Stopping threads took: 0.0000062 seconds
[2019-01-14T08:49:20.599+0000][4162][safepoint    ] Application time: 0.0014737 seconds
[2019-01-14T08:49:20.599+0000][4162][safepoint    ] Total time for which application threads were stopped: 0.0000987 seconds, Stopping threads took: 0.0000396 seconds
[2019-01-14T08:49:20.599+0000][4162][safepoint    ] Application time: 0.0000298 seconds
[2019-01-14T08:49:20.599+0000][4162][safepoint    ] Total time for which application threads were stopped: 0.0000284 seconds, Stopping threads took: 0.0000053 seconds
[2019-01-14T08:49:20.610+0000][4162][safepoint    ] Application time: 0.0106055 seconds
[2019-01-14T08:49:20.610+0000][4162][safepoint    ] Total time for which application threads were stopped: 0.0000769 seconds, Stopping threads took: 0.0000173 seconds
[2019-01-14T08:49:20.613+0000][4162][safepoint    ] Application time: 0.0027240 seconds
[2019-01-14T08:49:20.613+0000][4162][safepoint    ] Total time for which application threads were stopped: 0.0000735 seconds, Stopping threads took: 0.0000344 seconds
[2019-01-14T08:49:20.614+0000][4162][safepoint    ] Application time: 0.0008884 seconds
[2019-01-14T08:49:20.614+0000][4162][safepoint    ] Total time for which application threads were stopped: 0.0000462 seconds, Stopping threads took: 0.0000112 seconds
[2019-01-14T08:49:20.617+0000][4162][safepoint    ] Application time: 0.0033305 seconds
[2019-01-14T08:49:20.618+0000][4162][safepoint    ] Total time for which application threads were stopped: 0.0000948 seconds, Stopping threads took: 0.0000486 seconds
[2019-01-14T08:49:20.619+0000][4162][safepoint    ] Application time: 0.0013881 seconds
[2019-01-14T08:49:20.619+0000][4162][safepoint    ] Total time for which application threads were stopped: 0.0001110 seconds, Stopping threads took: 0.0000707 seconds
[2019-01-14T08:49:20.619+0000][4162][safepoint    ] Application time: 0.0004084 seconds
[2019-01-14T08:49:20.620+0000][4162][safepoint    ] Total time for which application threads were stopped: 0.0000350 seconds, Stopping threads took: 0.0000083 seconds
[2019-01-14T08:49:20.620+0000][4162][safepoint    ] Application time: 0.0000225 seconds
[2019-01-14T08:49:20.620+0000][4162][safepoint    ] Total time for which application threads were stopped: 0.0000184 seconds, Stopping threads took: 0.0000051 seconds
[2019-01-14T08:49:20.622+0000][4162][safepoint    ] Application time: 0.0028800 seconds
[2019-01-14T08:49:20.623+0000][4162][safepoint    ] Total time for which application threads were stopped: 0.0000716 seconds, Stopping threads took: 0.0000112 seconds
[2019-01-14T08:49:20.632+0000][4162][safepoint    ] Application time: 0.0098880 seconds
[2019-01-14T08:49:20.633+0000][4162][safepoint    ] Total time for which application threads were stopped: 0.0001349 seconds, Stopping threads took: 0.0000438 seconds
[2019-01-14T08:49:20.633+0000][4162][safepoint    ] Application time: 0.0000291 seconds
[2019-01-14T08:49:20.633+0000][4162][safepoint    ] Total time for which application threads were stopped: 0.0000323 seconds, Stopping threads took: 0.0000058 seconds
[2019-01-14T08:49:20.665+0000][4162][safepoint    ] Application time: 0.0320362 seconds
[2019-01-14T08:49:20.665+0000][4162][safepoint    ] Total time for which application threads were stopped: 0.0000720 seconds, Stopping threads took: 0.0000116 seconds
[2019-01-14T08:49:20.665+0000][4162][safepoint    ] Application time: 0.0000707 seconds
[2019-01-14T08:49:20.665+0000][4162][safepoint    ] Total time for which application threads were stopped: 0.0000717 seconds, Stopping threads took: 0.0000059 seconds
[2019-01-14T08:49:20.665+0000][4162][safepoint    ] Application time: 0.0001226 seconds
[2019-01-14T08:49:20.665+0000][4162][safepoint    ] Total time for which application threads were stopped: 0.0000344 seconds, Stopping threads took: 0.0000067 seconds
[2019-01-14T08:49:20.665+0000][4162][safepoint    ] Application time: 0.0001284 seconds
[2019-01-14T08:49:20.665+0000][4162][safepoint    ] Total time for which application threads were stopped: 0.0000438 seconds, Stopping threads took: 0.0000120 seconds
[2019-01-14T08:49:20.666+0000][4162][safepoint    ] Application time: 0.0002288 seconds
[2019-01-14T08:49:20.666+0000][4162][safepoint    ] Total time for which application threads were stopped: 0.0000393 seconds, Stopping threads took: 0.0000078 seconds
[2019-01-14T08:49:20.666+0000][4162][safepoint    ] Application time: 0.0000407 seconds
[2019-01-14T08:49:20.666+0000][4162][safepoint    ] Total time for which application threads were stopped: 0.0000325 seconds, Stopping threads took: 0.0000064 seconds
[2019-01-14T08:49:20.666+0000][4162][safepoint    ] Application time: 0.0000141 seconds
[2019-01-14T08:49:20.666+0000][4162][safepoint    ] Total time for which application threads were stopped: 0.0000236 seconds, Stopping threads took: 0.0000048 seconds
[2019-01-14T08:49:20.666+0000][4162][safepoint    ] Application time: 0.0000148 seconds
[2019-01-14T08:49:20.666+0000][4162][safepoint    ] Total time for which application threads were stopped: 0.0000229 seconds, Stopping threads took: 0.0000047 seconds
[2019-01-14T08:49:20.666+0000][4162][safepoint    ] Application time: 0.0000134 seconds
[2019-01-14T08:49:20.666+0000][4162][safepoint    ] Total time for which application threads were stopped: 0.0000231 seconds, Stopping threads took: 0.0000048 seconds
[2019-01-14T08:49:20.666+0000][4162][safepoint    ] Application time: 0.0005614 seconds
[2019-01-14T08:49:20.667+0000][4162][safepoint    ] Total time for which application threads were stopped: 0.0000325 seconds, Stopping threads took: 0.0000118 seconds
[2019-01-14T08:49:20.667+0000][4162][safepoint    ] Application time: 0.0000253 seconds
[2019-01-14T08:49:20.667+0000][4162][safepoint    ] Total time for which application threads were stopped: 0.0000222 seconds, Stopping threads took: 0.0000052 seconds
[2019-01-14T08:49:20.667+0000][4162][safepoint    ] Application time: 0.0000136 seconds
[2019-01-14T08:49:20.667+0000][4162][safepoint    ] Total time for which application threads were stopped: 0.0000190 seconds, Stopping threads took: 0.0000045 seconds
[2019-01-14T08:49:20.667+0000][4162][safepoint    ] Application time: 0.0000150 seconds
[2019-01-14T08:49:20.667+0000][4162][safepoint    ] Total time for which application threads were stopped: 0.0000188 seconds, Stopping threads took: 0.0000045 seconds
[2019-01-14T08:49:20.667+0000][4162][safepoint    ] Application time: 0.0000136 seconds
[2019-01-14T08:49:20.667+0000][4162][safepoint    ] Total time for which application threads were stopped: 0.0000197 seconds, Stopping threads took: 0.0000051 seconds
[2019-01-14T08:49:20.667+0000][4162][safepoint    ] Application time: 0.0000139 seconds
[2019-01-14T08:49:20.667+0000][4162][safepoint    ] Total time for which application threads were stopped: 0.0000188 seconds, Stopping threads took: 0.0000046 seconds
[2019-01-14T08:49:20.667+0000][4162][safepoint    ] Application time: 0.0000133 seconds
[2019-01-14T08:49:20.667+0000][4162][safepoint    ] Total time for which application threads were stopped: 0.0000187 seconds, Stopping threads took: 0.0000046 seconds
[2019-01-14T08:49:20.667+0000][4162][safepoint    ] Application time: 0.0000136 seconds
[2019-01-14T08:49:20.667+0000][4162][safepoint    ] Total time for which application threads were stopped: 0.0000185 seconds, Stopping threads took: 0.0000046 seconds
[2019-01-14T08:49:20.667+0000][4162][safepoint    ] Application time: 0.0000134 seconds
[2019-01-14T08:49:20.667+0000][4162][safepoint    ] Total time for which application threads were stopped: 0.0000185 seconds, Stopping threads took: 0.0000046 seconds
[2019-01-14T08:49:20.667+0000][4162][safepoint    ] Application time: 0.0000139 seconds
[2019-01-14T08:49:20.667+0000][4162][safepoint    ] Total time for which application threads were stopped: 0.0000511 seconds, Stopping threads took: 0.0000168 seconds
[2019-01-14T08:49:20.667+0000][4162][safepoint    ] Application time: 0.0000178 seconds
[2019-01-14T08:49:20.667+0000][4162][safepoint    ] Total time for which application threads were stopped: 0.0000192 seconds, Stopping threads took: 0.0000049 seconds
[2019-01-14T08:49:20.667+0000][4162][safepoint    ] Application time: 0.0000133 seconds
[2019-01-14T08:49:20.667+0000][4162][safepoint    ] Total time for which application threads were stopped: 0.0000186 seconds, Stopping threads took: 0.0000045 seconds
[2019-01-14T08:49:20.667+0000][4162][safepoint    ] Application time: 0.0000133 seconds
[2019-01-14T08:49:20.667+0000][4162][safepoint    ] Total time for which application threads were stopped: 0.0000185 seconds, Stopping threads took: 0.0000045 seconds
[2019-01-14T08:49:20.667+0000][4162][safepoint    ] Application time: 0.0000137 seconds
[2019-01-14T08:49:20.667+0000][4162][safepoint    ] Total time for which application threads were stopped: 0.0000479 seconds, Stopping threads took: 0.0000045 seconds
[2019-01-14T08:49:20.667+0000][4162][safepoint    ] Application time: 0.0000755 seconds
[2019-01-14T08:49:20.667+0000][4162][safepoint    ] Total time for which application threads were stopped: 0.0000247 seconds, Stopping threads took: 0.0000052 seconds
[2019-01-14T08:49:20.667+0000][4162][safepoint    ] Application time: 0.0000528 seconds
[2019-01-14T08:49:20.667+0000][4162][safepoint    ] Total time for which application threads were stopped: 0.0000255 seconds, Stopping threads took: 0.0000058 seconds
[2019-01-14T08:49:20.668+0000][4162][safepoint    ] Application time: 0.0001873 seconds
[2019-01-14T08:49:20.668+0000][4162][safepoint    ] Total time for which application threads were stopped: 0.0000292 seconds, Stopping threads took: 0.0000065 seconds
[2019-01-14T08:49:20.668+0000][4162][safepoint    ] Application time: 0.0000163 seconds
[2019-01-14T08:49:20.668+0000][4162][safepoint    ] Total time for which application threads were stopped: 0.0000200 seconds, Stopping threads took: 0.0000045 seconds
[2019-01-14T08:49:20.668+0000][4162][safepoint    ] Application time: 0.0000140 seconds
[2019-01-14T08:49:20.668+0000][4162][safepoint    ] Total time for which application threads were stopped: 0.0000466 seconds, Stopping threads took: 0.0000045 seconds
[2019-01-14T08:49:20.668+0000][4162][safepoint    ] Application time: 0.0000746 seconds
[2019-01-14T08:49:20.668+0000][4162][safepoint    ] Total time for which application threads were stopped: 0.0000258 seconds, Stopping threads took: 0.0000056 seconds
[2019-01-14T08:49:20.668+0000][4162][safepoint    ] Application time: 0.0000273 seconds
[2019-01-14T08:49:20.668+0000][4162][safepoint    ] Total time for which application threads were stopped: 0.0000874 seconds, Stopping threads took: 0.0000234 seconds
[2019-01-14T08:49:20.668+0000][4162][safepoint    ] Application time: 0.0000667 seconds
[2019-01-14T08:49:20.668+0000][4162][safepoint    ] Total time for which application threads were stopped: 0.0000236 seconds, Stopping threads took: 0.0000057 seconds
[2019-01-14T08:49:20.668+0000][4162][safepoint    ] Application time: 0.0000183 seconds
[2019-01-14T08:49:20.668+0000][4162][safepoint    ] Total time for which application threads were stopped: 0.0000199 seconds, Stopping threads took: 0.0000046 seconds
[2019-01-14T08:49:20.668+0000][4162][safepoint    ] Application time: 0.0000213 seconds
[2019-01-14T08:49:20.668+0000][4162][safepoint    ] Total time for which application threads were stopped: 0.0000199 seconds, Stopping threads took: 0.0000048 seconds
[2019-01-14T08:49:20.668+0000][4162][safepoint    ] Application time: 0.0000526 seconds
[2019-01-14T08:49:20.668+0000][4162][safepoint    ] Total time for which application threads were stopped: 0.0000266 seconds, Stopping threads took: 0.0000080 seconds
[2019-01-14T08:49:20.669+0000][4162][safepoint    ] Application time: 0.0007733 seconds
[2019-01-14T08:49:20.669+0000][4162][safepoint    ] Total time for which application threads were stopped: 0.0000461 seconds, Stopping threads took: 0.0000069 seconds
[2019-01-14T08:49:20.669+0000][4162][safepoint    ] Application time: 0.0000231 seconds
[2019-01-14T08:49:20.669+0000][4162][safepoint    ] Total time for which application threads were stopped: 0.0000283 seconds, Stopping threads took: 0.0000053 seconds
[2019-01-14T08:49:20.669+0000][4162][safepoint    ] Application time: 0.0000186 seconds
[2019-01-14T08:49:20.669+0000][4162][safepoint    ] Total time for which application threads were stopped: 0.0000253 seconds, Stopping threads took: 0.0000047 seconds
[2019-01-14T08:49:20.669+0000][4162][safepoint    ] Application time: 0.0000899 seconds
[2019-01-14T08:49:20.669+0000][4162][safepoint    ] Total time for which application threads were stopped: 0.0000253 seconds, Stopping threads took: 0.0000054 seconds
[2019-01-14T08:49:20.670+0000][4162][safepoint    ] Application time: 0.0003879 seconds
[2019-01-14T08:49:20.670+0000][4162][safepoint    ] Total time for which application threads were stopped: 0.0000459 seconds, Stopping threads took: 0.0000071 seconds
[2019-01-14T08:49:20.670+0000][4162][safepoint    ] Application time: 0.0001178 seconds
[2019-01-14T08:49:20.670+0000][4162][safepoint    ] Total time for which application threads were stopped: 0.0000394 seconds, Stopping threads took: 0.0000064 seconds
[2019-01-14T08:49:20.670+0000][4162][safepoint    ] Application time: 0.0000939 seconds
[2019-01-14T08:49:20.670+0000][4162][safepoint    ] Total time for which application threads were stopped: 0.0000329 seconds, Stopping threads took: 0.0000059 seconds
[2019-01-14T08:49:20.670+0000][4162][safepoint    ] Application time: 0.0000257 seconds
[2019-01-14T08:49:20.670+0000][4162][safepoint    ] Total time for which application threads were stopped: 0.0000263 seconds, Stopping threads took: 0.0000050 seconds
[2019-01-14T08:49:20.670+0000][4162][safepoint    ] Application time: 0.0000140 seconds
[2019-01-14T08:49:20.670+0000][4162][safepoint    ] Total time for which application threads were stopped: 0.0000226 seconds, Stopping threads took: 0.0000046 seconds
[2019-01-14T08:49:20.670+0000][4162][safepoint    ] Application time: 0.0000131 seconds
[2019-01-14T08:49:20.670+0000][4162][safepoint    ] Total time for which application threads were stopped: 0.0000231 seconds, Stopping threads took: 0.0000045 seconds
[2019-01-14T08:49:20.671+0000][4162][safepoint    ] Application time: 0.0002548 seconds
[2019-01-14T08:49:20.671+0000][4162][safepoint    ] Total time for which application threads were stopped: 0.0000386 seconds, Stopping threads took: 0.0000112 seconds
[2019-01-14T08:49:20.671+0000][4162][safepoint    ] Application time: 0.0003818 seconds
[2019-01-14T08:49:20.671+0000][4162][safepoint    ] Total time for which application threads were stopped: 0.0000332 seconds, Stopping threads took: 0.0000082 seconds
[2019-01-14T08:49:20.671+0000][4162][safepoint    ] Application time: 0.0003573 seconds
[2019-01-14T08:49:20.672+0000][4162][safepoint    ] Total time for which application threads were stopped: 0.0000893 seconds, Stopping threads took: 0.0000471 seconds
[2019-01-14T08:49:20.672+0000][4162][safepoint    ] Application time: 0.0003045 seconds
[2019-01-14T08:49:20.672+0000][4162][safepoint    ] Total time for which application threads were stopped: 0.0000508 seconds, Stopping threads took: 0.0000111 seconds
[2019-01-14T08:49:20.672+0000][4162][safepoint    ] Application time: 0.0000829 seconds
[2019-01-14T08:49:20.672+0000][4162][safepoint    ] Total time for which application threads were stopped: 0.0000280 seconds, Stopping threads took: 0.0000094 seconds
[2019-01-14T08:49:20.672+0000][4162][safepoint    ] Application time: 0.0001331 seconds
[2019-01-14T08:49:20.672+0000][4162][safepoint    ] Total time for which application threads were stopped: 0.0000314 seconds, Stopping threads took: 0.0000099 seconds
[2019-01-14T08:49:20.676+0000][4162][safepoint    ] Application time: 0.0033434 seconds
[2019-01-14T08:49:20.676+0000][4162][gc,start     ] GC(17) Pause Young (Allocation Failure)
[2019-01-14T08:49:20.676+0000][4162][gc,task      ] GC(17) Using 2 workers of 2 for evacuation
[2019-01-14T08:49:20.686+0000][4162][gc,age       ] GC(17) Desired survivor size 4456448 bytes, new threshold 2 (max threshold 6)
[2019-01-14T08:49:20.686+0000][4162][gc,age       ] GC(17) Age table with threshold 2 (max threshold 6)
[2019-01-14T08:49:20.686+0000][4162][gc,age       ] GC(17) - age   1:    3089728 bytes,    3089728 total
[2019-01-14T08:49:20.686+0000][4162][gc,age       ] GC(17) - age   2:    2202616 bytes,    5292344 total
[2019-01-14T08:49:20.686+0000][4162][gc,heap      ] GC(17) ParNew: 76095K->6265K(78656K)
[2019-01-14T08:49:20.686+0000][4162][gc,heap      ] GC(17) CMS: 46592K->46592K(174784K)
[2019-01-14T08:49:20.686+0000][4162][gc,metaspace ] GC(17) Metaspace: 53503K->53503K(1097728K)
[2019-01-14T08:49:20.687+0000][4162][gc           ] GC(17) Pause Young (Allocation Failure) 119M->51M(247M) 10.813ms
[2019-01-14T08:49:20.687+0000][4162][gc,cpu       ] GC(17) User=0.03s Sys=0.00s Real=0.01s
[2019-01-14T08:49:20.687+0000][4162][safepoint    ] Total time for which application threads were stopped: 0.0109006 seconds, Stopping threads took: 0.0000101 seconds
[2019-01-14T08:49:20.688+0000][4162][safepoint    ] Application time: 0.0011185 seconds
[2019-01-14T08:49:20.688+0000][4162][safepoint    ] Total time for which application threads were stopped: 0.0000945 seconds, Stopping threads took: 0.0000107 seconds
[2019-01-14T08:49:20.688+0000][4162][safepoint    ] Application time: 0.0000402 seconds
[2019-01-14T08:49:20.688+0000][4162][safepoint    ] Total time for which application threads were stopped: 0.0000406 seconds, Stopping threads took: 0.0000068 seconds
[2019-01-14T08:49:20.688+0000][4162][safepoint    ] Application time: 0.0000370 seconds
[2019-01-14T08:49:20.688+0000][4162][safepoint    ] Total time for which application threads were stopped: 0.0000344 seconds, Stopping threads took: 0.0000060 seconds
[2019-01-14T08:49:20.688+0000][4162][safepoint    ] Application time: 0.0000186 seconds
[2019-01-14T08:49:20.688+0000][4162][safepoint    ] Total time for which application threads were stopped: 0.0000260 seconds, Stopping threads took: 0.0000047 seconds
[2019-01-14T08:49:20.690+0000][4162][safepoint    ] Application time: 0.0014581 seconds
[2019-01-14T08:49:20.690+0000][4162][safepoint    ] Total time for which application threads were stopped: 0.0000567 seconds, Stopping threads took: 0.0000149 seconds
[2019-01-14T08:49:20.693+0000][4162][safepoint    ] Application time: 0.0032912 seconds
[2019-01-14T08:49:20.693+0000][4162][safepoint    ] Total time for which application threads were stopped: 0.0000553 seconds, Stopping threads took: 0.0000121 seconds
[2019-01-14T08:49:21.445+0000][4162][safepoint    ] Application time: 0.7516358 seconds
[2019-01-14T08:49:21.445+0000][4162][gc,start     ] GC(18) Pause Young (Allocation Failure)
[2019-01-14T08:49:21.445+0000][4162][gc,task      ] GC(18) Using 2 workers of 2 for evacuation
[2019-01-14T08:49:21.467+0000][4162][gc,age       ] GC(18) Desired survivor size 4456448 bytes, new threshold 2 (max threshold 6)
[2019-01-14T08:49:21.468+0000][4162][gc,age       ] GC(18) Age table with threshold 2 (max threshold 6)
[2019-01-14T08:49:21.468+0000][4162][gc,age       ] GC(18) - age   1:    1798600 bytes,    1798600 total
[2019-01-14T08:49:21.468+0000][4162][gc,age       ] GC(18) - age   2:    2994920 bytes,    4793520 total
[2019-01-14T08:49:21.468+0000][4162][gc,heap      ] GC(18) ParNew: 76217K->6597K(78656K)
[2019-01-14T08:49:21.468+0000][4162][gc,heap      ] GC(18) CMS: 46592K->48749K(174784K)
[2019-01-14T08:49:21.468+0000][4162][gc,metaspace ] GC(18) Metaspace: 60445K->60445K(1103872K)
[2019-01-14T08:49:21.468+0000][4162][gc           ] GC(18) Pause Young (Allocation Failure) 119M->54M(247M) 22.488ms
[2019-01-14T08:49:21.468+0000][4162][gc,cpu       ] GC(18) User=0.04s Sys=0.00s Real=0.02s
[2019-01-14T08:49:21.468+0000][4162][safepoint    ] Total time for which application threads were stopped: 0.0229384 seconds, Stopping threads took: 0.0000167 seconds
[2019-01-14T08:49:21.539+0000][4162][safepoint    ] Application time: 0.0718168 seconds
[2019-01-14T08:49:21.540+0000][4162][safepoint    ] Total time for which application threads were stopped: 0.0000502 seconds, Stopping threads took: 0.0000114 seconds
[2019-01-14T08:49:21.550+0000][4162][safepoint    ] Application time: 0.0101771 seconds
[2019-01-14T08:49:21.553+0000][4162][safepoint    ] Total time for which application threads were stopped: 0.0029615 seconds, Stopping threads took: 0.0029275 seconds
[2019-01-14T08:49:21.863+0000][4162][safepoint    ] Application time: 0.3105910 seconds
[2019-01-14T08:49:21.865+0000][4162][safepoint    ] Total time for which application threads were stopped: 0.0014407 seconds, Stopping threads took: 0.0000047 seconds
[2019-01-14T08:49:22.261+0000][4162][safepoint    ] Application time: 0.3958302 seconds
[2019-01-14T08:49:22.261+0000][4162][safepoint    ] Total time for which application threads were stopped: 0.0001476 seconds, Stopping threads took: 0.0000188 seconds
[2019-01-14T08:49:22.377+0000][4162][safepoint    ] Application time: 0.1164717 seconds
[2019-01-14T08:49:22.377+0000][4162][gc,start     ] GC(19) Pause Young (Allocation Failure)
[2019-01-14T08:49:22.377+0000][4162][gc,task      ] GC(19) Using 2 workers of 2 for evacuation
[2019-01-14T08:49:22.410+0000][4162][gc,age       ] GC(19) Desired survivor size 4456448 bytes, new threshold 2 (max threshold 6)
[2019-01-14T08:49:22.410+0000][4162][gc,age       ] GC(19) Age table with threshold 2 (max threshold 6)
[2019-01-14T08:49:22.410+0000][4162][gc,age       ] GC(19) - age   1:    3808704 bytes,    3808704 total
[2019-01-14T08:49:22.410+0000][4162][gc,age       ] GC(19) - age   2:    1745616 bytes,    5554320 total
[2019-01-14T08:49:22.410+0000][4162][gc,heap      ] GC(19) ParNew: 76549K->6915K(78656K)
[2019-01-14T08:49:22.410+0000][4162][gc,heap      ] GC(19) CMS: 48749K->51756K(174784K)
[2019-01-14T08:49:22.410+0000][4162][gc,metaspace ] GC(19) Metaspace: 68328K->68328K(1112064K)
[2019-01-14T08:49:22.410+0000][4162][gc           ] GC(19) Pause Young (Allocation Failure) 122M->57M(247M) 32.825ms
[2019-01-14T08:49:22.410+0000][4162][gc,cpu       ] GC(19) User=0.07s Sys=0.00s Real=0.03s
[2019-01-14T08:49:22.410+0000][4162][safepoint    ] Total time for which application threads were stopped: 0.0329730 seconds, Stopping threads took: 0.0000136 seconds
[2019-01-14T08:49:22.422+0000][4162][safepoint    ] Application time: 0.0120263 seconds
[2019-01-14T08:49:22.423+0000][4162][safepoint    ] Total time for which application threads were stopped: 0.0004171 seconds, Stopping threads took: 0.0000059 seconds
[2019-01-14T08:49:22.436+0000][4162][safepoint    ] Application time: 0.0134451 seconds
[2019-01-14T08:49:22.436+0000][4162][safepoint    ] Total time for which application threads were stopped: 0.0001503 seconds, Stopping threads took: 0.0000218 seconds
[2019-01-14T08:49:22.437+0000][4162][safepoint    ] Application time: 0.0009391 seconds
[2019-01-14T08:49:22.437+0000][4162][safepoint    ] Total time for which application threads were stopped: 0.0000377 seconds, Stopping threads took: 0.0000056 seconds
[2019-01-14T08:49:22.438+0000][4162][safepoint    ] Application time: 0.0004330 seconds
[2019-01-14T08:49:22.438+0000][4162][safepoint    ] Total time for which application threads were stopped: 0.0001054 seconds, Stopping threads took: 0.0000029 seconds
[2019-01-14T08:49:22.438+0000][4162][safepoint    ] Application time: 0.0003401 seconds
[2019-01-14T08:49:22.439+0000][4162][safepoint    ] Total time for which application threads were stopped: 0.0001032 seconds, Stopping threads took: 0.0000025 seconds
[2019-01-14T08:49:22.439+0000][4162][safepoint    ] Application time: 0.0000638 seconds
[2019-01-14T08:49:22.439+0000][4162][safepoint    ] Total time for which application threads were stopped: 0.0000361 seconds, Stopping threads took: 0.0000022 seconds
[2019-01-14T08:49:22.439+0000][4162][safepoint    ] Application time: 0.0002509 seconds
[2019-01-14T08:49:22.439+0000][4162][safepoint    ] Total time for which application threads were stopped: 0.0000358 seconds, Stopping threads took: 0.0000033 seconds
[2019-01-14T08:49:22.440+0000][4162][safepoint    ] Application time: 0.0005860 seconds
[2019-01-14T08:49:22.440+0000][4162][safepoint    ] Total time for which application threads were stopped: 0.0001493 seconds, Stopping threads took: 0.0000045 seconds
[2019-01-14T08:49:22.440+0000][4162][safepoint    ] Application time: 0.0002770 seconds
[2019-01-14T08:49:22.440+0000][4162][safepoint    ] Total time for which application threads were stopped: 0.0000468 seconds, Stopping threads took: 0.0000031 seconds
[2019-01-14T08:49:22.440+0000][4162][safepoint    ] Application time: 0.0000587 seconds
[2019-01-14T08:49:22.440+0000][4162][safepoint    ] Total time for which application threads were stopped: 0.0000319 seconds, Stopping threads took: 0.0000024 seconds
[2019-01-14T08:49:22.440+0000][4162][safepoint    ] Application time: 0.0000548 seconds
[2019-01-14T08:49:22.440+0000][4162][safepoint    ] Total time for which application threads were stopped: 0.0002022 seconds, Stopping threads took: 0.0000023 seconds
[2019-01-14T08:49:22.441+0000][4162][safepoint    ] Application time: 0.0000796 seconds
[2019-01-14T08:49:22.441+0000][4162][safepoint    ] Total time for which application threads were stopped: 0.0000458 seconds, Stopping threads took: 0.0000021 seconds
[2019-01-14T08:49:22.441+0000][4162][safepoint    ] Application time: 0.0007776 seconds
[2019-01-14T08:49:22.441+0000][4162][safepoint    ] Total time for which application threads were stopped: 0.0000300 seconds, Stopping threads took: 0.0000029 seconds
[2019-01-14T08:49:22.442+0000][4162][safepoint    ] Application time: 0.0009511 seconds
[2019-01-14T08:49:22.443+0000][4162][safepoint    ] Total time for which application threads were stopped: 0.0001024 seconds, Stopping threads took: 0.0000035 seconds
[2019-01-14T08:49:22.443+0000][4162][safepoint    ] Application time: 0.0000941 seconds
[2019-01-14T08:49:22.443+0000][4162][safepoint    ] Total time for which application threads were stopped: 0.0000324 seconds, Stopping threads took: 0.0000023 seconds
[2019-01-14T08:49:22.446+0000][4162][safepoint    ] Application time: 0.0029585 seconds
[2019-01-14T08:49:22.446+0000][4162][safepoint    ] Total time for which application threads were stopped: 0.0001349 seconds, Stopping threads took: 0.0000215 seconds
[2019-01-14T08:49:22.446+0000][4162][safepoint    ] Application time: 0.0002574 seconds
[2019-01-14T08:49:22.447+0000][4162][safepoint    ] Total time for which application threads were stopped: 0.0004402 seconds, Stopping threads took: 0.0000262 seconds
[2019-01-14T08:49:22.452+0000][4162][safepoint    ] Application time: 0.0057498 seconds
[2019-01-14T08:49:22.453+0000][4162][safepoint    ] Total time for which application threads were stopped: 0.0002691 seconds, Stopping threads took: 0.0002105 seconds
[2019-01-14T08:49:22.453+0000][4162][safepoint    ] Application time: 0.0006225 seconds
[2019-01-14T08:49:22.453+0000][4162][safepoint    ] Total time for which application threads were stopped: 0.0000287 seconds, Stopping threads took: 0.0000042 seconds
[2019-01-14T08:49:22.453+0000][4162][safepoint    ] Application time: 0.0001033 seconds
[2019-01-14T08:49:22.453+0000][4162][safepoint    ] Total time for which application threads were stopped: 0.0000225 seconds, Stopping threads took: 0.0000025 seconds
[2019-01-14T08:49:22.454+0000][4162][safepoint    ] Application time: 0.0001691 seconds
[2019-01-14T08:49:22.454+0000][4162][safepoint    ] Total time for which application threads were stopped: 0.0000208 seconds, Stopping threads took: 0.0000024 seconds
[2019-01-14T08:49:22.458+0000][4162][safepoint    ] Application time: 0.0041584 seconds
[2019-01-14T08:49:22.458+0000][4162][safepoint    ] Total time for which application threads were stopped: 0.0000820 seconds, Stopping threads took: 0.0000056 seconds
[2019-01-14T08:49:22.558+0000][4162][safepoint    ] Application time: 0.1003187 seconds
[2019-01-14T08:49:22.559+0000][4162][safepoint    ] Total time for which application threads were stopped: 0.0004558 seconds, Stopping threads took: 0.0003955 seconds
[2019-01-14T08:49:22.566+0000][4162][safepoint    ] Application time: 0.0075978 seconds
[2019-01-14T08:49:22.567+0000][4162][safepoint    ] Total time for which application threads were stopped: 0.0001383 seconds, Stopping threads took: 0.0000976 seconds
[2019-01-14T08:49:22.567+0000][4162][safepoint    ] Application time: 0.0001563 seconds
[2019-01-14T08:49:22.567+0000][4162][safepoint    ] Total time for which application threads were stopped: 0.0000581 seconds, Stopping threads took: 0.0000355 seconds
[2019-01-14T08:49:22.582+0000][4162][safepoint    ] Application time: 0.0151269 seconds
[2019-01-14T08:49:22.582+0000][4162][safepoint    ] Total time for which application threads were stopped: 0.0000651 seconds, Stopping threads took: 0.0000236 seconds
[2019-01-14T08:49:22.582+0000][4162][safepoint    ] Application time: 0.0002946 seconds
[2019-01-14T08:49:22.582+0000][4162][safepoint    ] Total time for which application threads were stopped: 0.0000525 seconds, Stopping threads took: 0.0000037 seconds
[2019-01-14T08:49:22.583+0000][4162][safepoint    ] Application time: 0.0001787 seconds
[2019-01-14T08:49:22.583+0000][4162][safepoint    ] Total time for which application threads were stopped: 0.0000257 seconds, Stopping threads took: 0.0000051 seconds
[2019-01-14T08:49:22.583+0000][4162][safepoint    ] Application time: 0.0000562 seconds
[2019-01-14T08:49:22.583+0000][4162][safepoint    ] Total time for which application threads were stopped: 0.0000380 seconds, Stopping threads took: 0.0000203 seconds
[2019-01-14T08:49:22.583+0000][4162][safepoint    ] Application time: 0.0000557 seconds
[2019-01-14T08:49:22.583+0000][4162][safepoint    ] Total time for which application threads were stopped: 0.0000756 seconds, Stopping threads took: 0.0000431 seconds
[2019-01-14T08:49:22.589+0000][4162][safepoint    ] Application time: 0.0056964 seconds
[2019-01-14T08:49:22.589+0000][4162][safepoint    ] Total time for which application threads were stopped: 0.0003016 seconds, Stopping threads took: 0.0002413 seconds
[2019-01-14T08:49:22.590+0000][4162][safepoint    ] Application time: 0.0005869 seconds
[2019-01-14T08:49:22.590+0000][4162][safepoint    ] Total time for which application threads were stopped: 0.0001470 seconds, Stopping threads took: 0.0000890 seconds
[2019-01-14T08:49:22.601+0000][4162][safepoint    ] Application time: 0.0115751 seconds
[2019-01-14T08:49:22.604+0000][4162][safepoint    ] Total time for which application threads were stopped: 0.0024879 seconds, Stopping threads took: 0.0023969 seconds
[2019-01-14T08:49:22.604+0000][4162][safepoint    ] Application time: 0.0004677 seconds
[2019-01-14T08:49:22.605+0000][4162][safepoint    ] Total time for which application threads were stopped: 0.0001290 seconds, Stopping threads took: 0.0000044 seconds
[2019-01-14T08:49:22.605+0000][4162][safepoint    ] Application time: 0.0004517 seconds
[2019-01-14T08:49:22.605+0000][4162][safepoint    ] Total time for which application threads were stopped: 0.0002237 seconds, Stopping threads took: 0.0000102 seconds
[2019-01-14T08:49:22.605+0000][4162][safepoint    ] Application time: 0.0000720 seconds
[2019-01-14T08:49:22.605+0000][4162][safepoint    ] Total time for which application threads were stopped: 0.0000576 seconds, Stopping threads took: 0.0000035 seconds
[2019-01-14T08:49:22.609+0000][4162][safepoint    ] Application time: 0.0034728 seconds
[2019-01-14T08:49:22.609+0000][4162][safepoint    ] Total time for which application threads were stopped: 0.0000602 seconds, Stopping threads took: 0.0000152 seconds
[2019-01-14T08:49:22.629+0000][4162][safepoint    ] Application time: 0.0199323 seconds
[2019-01-14T08:49:22.629+0000][4162][safepoint    ] Total time for which application threads were stopped: 0.0000542 seconds, Stopping threads took: 0.0000141 seconds
[2019-01-14T08:49:22.633+0000][4162][safepoint    ] Application time: 0.0035410 seconds
[2019-01-14T08:49:22.633+0000][4162][safepoint    ] Total time for which application threads were stopped: 0.0000879 seconds, Stopping threads took: 0.0000327 seconds
[2019-01-14T08:49:22.636+0000][4162][safepoint    ] Application time: 0.0034684 seconds
[2019-01-14T08:49:22.636+0000][4162][safepoint    ] Total time for which application threads were stopped: 0.0000851 seconds, Stopping threads took: 0.0000424 seconds
[2019-01-14T08:49:22.639+0000][4162][safepoint    ] Application time: 0.0027099 seconds
[2019-01-14T08:49:22.644+0000][4162][safepoint    ] Total time for which application threads were stopped: 0.0046109 seconds, Stopping threads took: 0.0045489 seconds
[2019-01-14T08:49:22.644+0000][4162][safepoint    ] Application time: 0.0000894 seconds
[2019-01-14T08:49:22.644+0000][4162][safepoint    ] Total time for which application threads were stopped: 0.0001376 seconds, Stopping threads took: 0.0001073 seconds
[2019-01-14T08:49:22.645+0000][4162][safepoint    ] Application time: 0.0006971 seconds
[2019-01-14T08:49:22.648+0000][4162][safepoint    ] Total time for which application threads were stopped: 0.0031805 seconds, Stopping threads took: 0.0030351 seconds
[2019-01-14T08:49:22.649+0000][4162][safepoint    ] Application time: 0.0006099 seconds
[2019-01-14T08:49:22.649+0000][4162][safepoint    ] Total time for which application threads were stopped: 0.0007892 seconds, Stopping threads took: 0.0007158 seconds
[2019-01-14T08:49:22.652+0000][4162][safepoint    ] Application time: 0.0025076 seconds
[2019-01-14T08:49:22.652+0000][4162][safepoint    ] Total time for which application threads were stopped: 0.0000578 seconds, Stopping threads took: 0.0000084 seconds
[2019-01-14T08:49:22.652+0000][4162][safepoint    ] Application time: 0.0001501 seconds
[2019-01-14T08:49:22.653+0000][4162][safepoint    ] Total time for which application threads were stopped: 0.0003840 seconds, Stopping threads took: 0.0003033 seconds
[2019-01-14T08:49:22.653+0000][4162][safepoint    ] Application time: 0.0000561 seconds
[2019-01-14T08:49:22.653+0000][4162][safepoint    ] Total time for which application threads were stopped: 0.0000460 seconds, Stopping threads took: 0.0000034 seconds
[2019-01-14T08:49:22.655+0000][4162][safepoint    ] Application time: 0.0022076 seconds
[2019-01-14T08:49:22.655+0000][4162][safepoint    ] Total time for which application threads were stopped: 0.0000805 seconds, Stopping threads took: 0.0000149 seconds
[2019-01-14T08:49:22.656+0000][4162][safepoint    ] Application time: 0.0009202 seconds
[2019-01-14T08:49:22.657+0000][4162][safepoint    ] Total time for which application threads were stopped: 0.0000644 seconds, Stopping threads took: 0.0000098 seconds
[2019-01-14T08:49:22.657+0000][4162][safepoint    ] Application time: 0.0000319 seconds
[2019-01-14T08:49:22.657+0000][4162][safepoint    ] Total time for which application threads were stopped: 0.0000258 seconds, Stopping threads took: 0.0000025 seconds
[2019-01-14T08:49:22.657+0000][4162][safepoint    ] Application time: 0.0004944 seconds
[2019-01-14T08:49:22.657+0000][4162][safepoint    ] Total time for which application threads were stopped: 0.0000394 seconds, Stopping threads took: 0.0000045 seconds
[2019-01-14T08:49:22.657+0000][4162][safepoint    ] Application time: 0.0000748 seconds
[2019-01-14T08:49:22.657+0000][4162][safepoint    ] Total time for which application threads were stopped: 0.0000924 seconds, Stopping threads took: 0.0000558 seconds
[2019-01-14T08:49:22.657+0000][4162][safepoint    ] Application time: 0.0000509 seconds
[2019-01-14T08:49:22.658+0000][4162][safepoint    ] Total time for which application threads were stopped: 0.0000701 seconds, Stopping threads took: 0.0000129 seconds
[2019-01-14T08:49:22.660+0000][4162][safepoint    ] Application time: 0.0026238 seconds
[2019-01-14T08:49:22.660+0000][4162][safepoint    ] Total time for which application threads were stopped: 0.0000489 seconds, Stopping threads took: 0.0000073 seconds
[2019-01-14T08:49:22.661+0000][4162][safepoint    ] Application time: 0.0011779 seconds
[2019-01-14T08:49:22.662+0000][4162][safepoint    ] Total time for which application threads were stopped: 0.0000444 seconds, Stopping threads took: 0.0000059 seconds
[2019-01-14T08:49:22.662+0000][4162][safepoint    ] Application time: 0.0000577 seconds
[2019-01-14T08:49:22.662+0000][4162][safepoint    ] Total time for which application threads were stopped: 0.0000245 seconds, Stopping threads took: 0.0000024 seconds
[2019-01-14T08:49:22.662+0000][4162][safepoint    ] Application time: 0.0000818 seconds
[2019-01-14T08:49:22.662+0000][4162][safepoint    ] Total time for which application threads were stopped: 0.0001341 seconds, Stopping threads took: 0.0000026 seconds
[2019-01-14T08:49:22.667+0000][4162][safepoint    ] Application time: 0.0055524 seconds
[2019-01-14T08:49:22.668+0000][4162][safepoint    ] Total time for which application threads were stopped: 0.0000938 seconds, Stopping threads took: 0.0000254 seconds
[2019-01-14T08:49:22.675+0000][4162][safepoint    ] Application time: 0.0078727 seconds
[2019-01-14T08:49:22.681+0000][4162][safepoint    ] Total time for which application threads were stopped: 0.0058174 seconds, Stopping threads took: 0.0027446 seconds
[2019-01-14T08:49:22.684+0000][4162][safepoint    ] Application time: 0.0013753 seconds
[2019-01-14T08:49:22.684+0000][4162][safepoint    ] Total time for which application threads were stopped: 0.0001607 seconds, Stopping threads took: 0.0000104 seconds
[2019-01-14T08:49:22.686+0000][4162][safepoint    ] Application time: 0.0018743 seconds
[2019-01-14T08:49:22.686+0000][4162][safepoint    ] Total time for which application threads were stopped: 0.0000648 seconds, Stopping threads took: 0.0000071 seconds
[2019-01-14T08:49:22.686+0000][4162][safepoint    ] Application time: 0.0003394 seconds
[2019-01-14T08:49:22.687+0000][4162][safepoint    ] Total time for which application threads were stopped: 0.0003351 seconds, Stopping threads took: 0.0002749 seconds
[2019-01-14T08:49:22.687+0000][4162][safepoint    ] Application time: 0.0000289 seconds
[2019-01-14T08:49:22.687+0000][4162][safepoint    ] Total time for which application threads were stopped: 0.0000631 seconds, Stopping threads took: 0.0000031 seconds
[2019-01-14T08:49:22.687+0000][4162][safepoint    ] Application time: 0.0000223 seconds
[2019-01-14T08:49:22.687+0000][4162][safepoint    ] Total time for which application threads were stopped: 0.0000307 seconds, Stopping threads took: 0.0000016 seconds
[2019-01-14T08:49:22.693+0000][4162][safepoint    ] Application time: 0.0060126 seconds
[2019-01-14T08:49:22.693+0000][4162][safepoint    ] Total time for which application threads were stopped: 0.0000744 seconds, Stopping threads took: 0.0000085 seconds
[2019-01-14T08:49:22.693+0000][4162][safepoint    ] Application time: 0.0003049 seconds
[2019-01-14T08:49:22.694+0000][4162][safepoint    ] Total time for which application threads were stopped: 0.0002171 seconds, Stopping threads took: 0.0001774 seconds
[2019-01-14T08:49:22.694+0000][4162][safepoint    ] Application time: 0.0000403 seconds
[2019-01-14T08:49:22.694+0000][4162][safepoint    ] Total time for which application threads were stopped: 0.0000289 seconds, Stopping threads took: 0.0000018 seconds
[2019-01-14T08:49:22.694+0000][4162][safepoint    ] Application time: 0.0000154 seconds
[2019-01-14T08:49:22.694+0000][4162][safepoint    ] Total time for which application threads were stopped: 0.0000266 seconds, Stopping threads took: 0.0000014 seconds
[2019-01-14T08:49:22.694+0000][4162][safepoint    ] Application time: 0.0003727 seconds
[2019-01-14T08:49:22.694+0000][4162][safepoint    ] Total time for which application threads were stopped: 0.0000838 seconds, Stopping threads took: 0.0000049 seconds
[2019-01-14T08:49:22.695+0000][4162][safepoint    ] Application time: 0.0002290 seconds
[2019-01-14T08:49:22.695+0000][4162][safepoint    ] Total time for which application threads were stopped: 0.0000797 seconds, Stopping threads took: 0.0000035 seconds
[2019-01-14T08:49:22.699+0000][4162][safepoint    ] Application time: 0.0045036 seconds
[2019-01-14T08:49:22.699+0000][4162][safepoint    ] Total time for which application threads were stopped: 0.0000956 seconds, Stopping threads took: 0.0000197 seconds
[2019-01-14T08:49:22.707+0000][4162][safepoint    ] Application time: 0.0064024 seconds
[2019-01-14T08:49:22.708+0000][4162][safepoint    ] Total time for which application threads were stopped: 0.0008341 seconds, Stopping threads took: 0.0007319 seconds
[2019-01-14T08:49:22.712+0000][4162][safepoint    ] Application time: 0.0035188 seconds
[2019-01-14T08:49:22.712+0000][4162][safepoint    ] Total time for which application threads were stopped: 0.0003270 seconds, Stopping threads took: 0.0002012 seconds
[2019-01-14T08:49:22.712+0000][4162][safepoint    ] Application time: 0.0001969 seconds
[2019-01-14T08:49:22.713+0000][4162][safepoint    ] Total time for which application threads were stopped: 0.0000738 seconds, Stopping threads took: 0.0000189 seconds
[2019-01-14T08:49:22.713+0000][4162][safepoint    ] Application time: 0.0000489 seconds
[2019-01-14T08:49:22.713+0000][4162][safepoint    ] Total time for which application threads were stopped: 0.0000428 seconds, Stopping threads took: 0.0000130 seconds
[2019-01-14T08:49:22.713+0000][4162][safepoint    ] Application time: 0.0000339 seconds
[2019-01-14T08:49:22.713+0000][4162][safepoint    ] Total time for which application threads were stopped: 0.0001253 seconds, Stopping threads took: 0.0000029 seconds
[2019-01-14T08:49:22.715+0000][4162][safepoint    ] Application time: 0.0025823 seconds
[2019-01-14T08:49:22.716+0000][4162][safepoint    ] Total time for which application threads were stopped: 0.0004595 seconds, Stopping threads took: 0.0003899 seconds
[2019-01-14T08:49:22.724+0000][4162][safepoint    ] Application time: 0.0085198 seconds
[2019-01-14T08:49:22.725+0000][4162][safepoint    ] Total time for which application threads were stopped: 0.0001533 seconds, Stopping threads took: 0.0000596 seconds
[2019-01-14T08:49:22.727+0000][4162][safepoint    ] Application time: 0.0025772 seconds
[2019-01-14T08:49:22.727+0000][4162][safepoint    ] Total time for which application threads were stopped: 0.0000830 seconds, Stopping threads took: 0.0000295 seconds
[2019-01-14T08:49:22.728+0000][4162][safepoint    ] Application time: 0.0003369 seconds
[2019-01-14T08:49:22.728+0000][4162][safepoint    ] Total time for which application threads were stopped: 0.0000606 seconds, Stopping threads took: 0.0000157 seconds
[2019-01-14T08:49:22.728+0000][4162][safepoint    ] Application time: 0.0001061 seconds
[2019-01-14T08:49:22.732+0000][4162][safepoint    ] Total time for which application threads were stopped: 0.0042878 seconds, Stopping threads took: 0.0041876 seconds
[2019-01-14T08:49:22.733+0000][4162][safepoint    ] Application time: 0.0007867 seconds
[2019-01-14T08:49:22.733+0000][4162][safepoint    ] Total time for which application threads were stopped: 0.0003626 seconds, Stopping threads took: 0.0002876 seconds
[2019-01-14T08:49:22.736+0000][4162][safepoint    ] Application time: 0.0024609 seconds
[2019-01-14T08:49:22.736+0000][4162][safepoint    ] Total time for which application threads were stopped: 0.0002506 seconds, Stopping threads took: 0.0001857 seconds
[2019-01-14T08:49:22.737+0000][4162][safepoint    ] Application time: 0.0002097 seconds
[2019-01-14T08:49:22.737+0000][4162][safepoint    ] Total time for which application threads were stopped: 0.0000411 seconds, Stopping threads took: 0.0000038 seconds
[2019-01-14T08:49:22.739+0000][4162][safepoint    ] Application time: 0.0022564 seconds
[2019-01-14T08:49:22.739+0000][4162][safepoint    ] Total time for which application threads were stopped: 0.0002957 seconds, Stopping threads took: 0.0000730 seconds
[2019-01-14T08:49:22.742+0000][4162][safepoint    ] Application time: 0.0026331 seconds
[2019-01-14T08:49:22.742+0000][4162][safepoint    ] Total time for which application threads were stopped: 0.0001172 seconds, Stopping threads took: 0.0000228 seconds
[2019-01-14T08:49:22.744+0000][4162][safepoint    ] Application time: 0.0022756 seconds
[2019-01-14T08:49:22.744+0000][4162][safepoint    ] Total time for which application threads were stopped: 0.0001189 seconds, Stopping threads took: 0.0000201 seconds
[2019-01-14T08:49:22.746+0000][4162][safepoint    ] Application time: 0.0017996 seconds
[2019-01-14T08:49:22.746+0000][4162][safepoint    ] Total time for which application threads were stopped: 0.0000785 seconds, Stopping threads took: 0.0000248 seconds
[2019-01-14T08:49:22.747+0000][4162][safepoint    ] Application time: 0.0007669 seconds
[2019-01-14T08:49:22.747+0000][4162][safepoint    ] Total time for which application threads were stopped: 0.0000690 seconds, Stopping threads took: 0.0000312 seconds
[2019-01-14T08:49:22.748+0000][4162][safepoint    ] Application time: 0.0009555 seconds
[2019-01-14T08:49:22.748+0000][4162][safepoint    ] Total time for which application threads were stopped: 0.0001400 seconds, Stopping threads took: 0.0000728 seconds
[2019-01-14T08:49:23.224+0000][4162][safepoint    ] Application time: 0.4757346 seconds
[2019-01-14T08:49:23.224+0000][4162][safepoint    ] Total time for which application threads were stopped: 0.0000528 seconds, Stopping threads took: 0.0000092 seconds
[2019-01-14T08:49:23.224+0000][4162][safepoint    ] Application time: 0.0000353 seconds
[2019-01-14T08:49:23.224+0000][4162][safepoint    ] Total time for which application threads were stopped: 0.0000200 seconds, Stopping threads took: 0.0000019 seconds
[2019-01-14T08:49:23.224+0000][4162][safepoint    ] Application time: 0.0000180 seconds
[2019-01-14T08:49:23.224+0000][4162][safepoint    ] Total time for which application threads were stopped: 0.0000179 seconds, Stopping threads took: 0.0000015 seconds
[2019-01-14T08:49:23.224+0000][4162][safepoint    ] Application time: 0.0000158 seconds
[2019-01-14T08:49:23.224+0000][4162][safepoint    ] Total time for which application threads were stopped: 0.0000171 seconds, Stopping threads took: 0.0000014 seconds
[2019-01-14T08:49:23.224+0000][4162][safepoint    ] Application time: 0.0000156 seconds
[2019-01-14T08:49:23.224+0000][4162][safepoint    ] Total time for which application threads were stopped: 0.0000173 seconds, Stopping threads took: 0.0000014 seconds
[2019-01-14T08:49:23.224+0000][4162][safepoint    ] Application time: 0.0000181 seconds
[2019-01-14T08:49:23.224+0000][4162][safepoint    ] Total time for which application threads were stopped: 0.0000172 seconds, Stopping threads took: 0.0000014 seconds
[2019-01-14T08:49:23.225+0000][4162][safepoint    ] Application time: 0.0000365 seconds
[2019-01-14T08:49:23.225+0000][4162][safepoint    ] Total time for which application threads were stopped: 0.0000233 seconds, Stopping threads took: 0.0000030 seconds
[2019-01-14T08:49:23.225+0000][4162][safepoint    ] Application time: 0.0000195 seconds
[2019-01-14T08:49:23.225+0000][4162][safepoint    ] Total time for which application threads were stopped: 0.0000174 seconds, Stopping threads took: 0.0000015 seconds
[2019-01-14T08:49:23.630+0000][4162][safepoint    ] Application time: 0.4053000 seconds
[2019-01-14T08:49:23.631+0000][4162][safepoint    ] Total time for which application threads were stopped: 0.0011128 seconds, Stopping threads took: 0.0010538 seconds
[2019-01-14T08:49:23.631+0000][4162][safepoint    ] Application time: 0.0003420 seconds
[2019-01-14T08:49:23.632+0000][4162][safepoint    ] Total time for which application threads were stopped: 0.0000793 seconds, Stopping threads took: 0.0000052 seconds
[2019-01-14T08:49:23.632+0000][4162][safepoint    ] Application time: 0.0004855 seconds
[2019-01-14T08:49:23.632+0000][4162][safepoint    ] Total time for which application threads were stopped: 0.0000489 seconds, Stopping threads took: 0.0000065 seconds
[2019-01-14T08:49:23.633+0000][4162][safepoint    ] Application time: 0.0007148 seconds
[2019-01-14T08:49:23.634+0000][4162][safepoint    ] Total time for which application threads were stopped: 0.0006976 seconds, Stopping threads took: 0.0005692 seconds
[2019-01-14T08:49:23.635+0000][4162][safepoint    ] Application time: 0.0011757 seconds
[2019-01-14T08:49:23.635+0000][4162][safepoint    ] Total time for which application threads were stopped: 0.0001499 seconds, Stopping threads took: 0.0000550 seconds
[2019-01-14T08:49:23.636+0000][4162][safepoint    ] Application time: 0.0013553 seconds
[2019-01-14T08:49:23.636+0000][4162][safepoint    ] Total time for which application threads were stopped: 0.0000636 seconds, Stopping threads took: 0.0000077 seconds
[2019-01-14T08:49:23.637+0000][4162][safepoint    ] Application time: 0.0007630 seconds
[2019-01-14T08:49:23.637+0000][4162][safepoint    ] Total time for which application threads were stopped: 0.0000558 seconds, Stopping threads took: 0.0000054 seconds
[2019-01-14T08:49:23.638+0000][4162][safepoint    ] Application time: 0.0005718 seconds
[2019-01-14T08:49:23.638+0000][4162][safepoint    ] Total time for which application threads were stopped: 0.0000475 seconds, Stopping threads took: 0.0000040 seconds
[2019-01-14T08:49:23.639+0000][4162][safepoint    ] Application time: 0.0012875 seconds
[2019-01-14T08:49:23.639+0000][4162][safepoint    ] Total time for which application threads were stopped: 0.0000495 seconds, Stopping threads took: 0.0000046 seconds
[2019-01-14T08:49:23.641+0000][4162][safepoint    ] Application time: 0.0018541 seconds
[2019-01-14T08:49:23.641+0000][4162][safepoint    ] Total time for which application threads were stopped: 0.0000565 seconds, Stopping threads took: 0.0000079 seconds
[2019-01-14T08:49:23.642+0000][4162][safepoint    ] Application time: 0.0011550 seconds
[2019-01-14T08:49:23.642+0000][4162][safepoint    ] Total time for which application threads were stopped: 0.0000826 seconds, Stopping threads took: 0.0000070 seconds
[2019-01-14T08:49:24.413+0000][4162][safepoint    ] Application time: 0.7705480 seconds
[2019-01-14T08:49:24.413+0000][4162][gc,start     ] GC(20) Pause Initial Mark
[2019-01-14T08:49:24.420+0000][4162][gc           ] GC(20) Pause Initial Mark 75M->75M(247M) 6.946ms
[2019-01-14T08:49:24.420+0000][4162][gc,cpu       ] GC(20) User=0.01s Sys=0.00s Real=0.01s
[2019-01-14T08:49:24.420+0000][4162][safepoint    ] Total time for which application threads were stopped: 0.0071539 seconds, Stopping threads took: 0.0000147 seconds
[2019-01-14T08:49:24.420+0000][4162][gc           ] GC(20) Concurrent Mark
[2019-01-14T08:49:24.467+0000][4162][gc           ] GC(20) Concurrent Mark 46.654ms
[2019-01-14T08:49:24.467+0000][4162][gc,cpu       ] GC(20) User=0.05s Sys=0.00s Real=0.04s
[2019-01-14T08:49:24.467+0000][4162][gc           ] GC(20) Concurrent Preclean
[2019-01-14T08:49:24.469+0000][4162][gc           ] GC(20) Concurrent Preclean 1.698ms
[2019-01-14T08:49:24.469+0000][4162][gc,cpu       ] GC(20) User=0.00s Sys=0.00s Real=0.00s
[2019-01-14T08:49:24.469+0000][4162][gc           ] GC(20) Concurrent Abortable Preclean
[2019-01-14T08:49:24.639+0000][4162][safepoint    ] Application time: 0.2184162 seconds
[2019-01-14T08:49:24.639+0000][4162][safepoint    ] Total time for which application threads were stopped: 0.0006904 seconds, Stopping threads took: 0.0000101 seconds
[2019-01-14T08:49:24.640+0000][4162][safepoint    ] Application time: 0.0003771 seconds
[2019-01-14T08:49:24.640+0000][4162][safepoint    ] Total time for which application threads were stopped: 0.0002301 seconds, Stopping threads took: 0.0000067 seconds
[2019-01-14T08:49:24.641+0000][4162][safepoint    ] Application time: 0.0002460 seconds
[2019-01-14T08:49:24.641+0000][4162][safepoint    ] Total time for which application threads were stopped: 0.0002322 seconds, Stopping threads took: 0.0000033 seconds
[2019-01-14T08:49:24.642+0000][4162][safepoint    ] Application time: 0.0013368 seconds
[2019-01-14T08:49:24.643+0000][4162][safepoint    ] Total time for which application threads were stopped: 0.0006263 seconds, Stopping threads took: 0.0000953 seconds
[2019-01-14T08:49:24.652+0000][4162][safepoint    ] Application time: 0.0089905 seconds
[2019-01-14T08:49:24.652+0000][4162][safepoint    ] Total time for which application threads were stopped: 0.0000786 seconds, Stopping threads took: 0.0000274 seconds
[2019-01-14T08:49:24.653+0000][4162][safepoint    ] Application time: 0.0006905 seconds
[2019-01-14T08:49:24.653+0000][4162][safepoint    ] Total time for which application threads were stopped: 0.0003287 seconds, Stopping threads took: 0.0000376 seconds
[2019-01-14T08:49:25.634+0000][4162][safepoint    ] Application time: 0.9813377 seconds
[2019-01-14T08:49:25.635+0000][4162][safepoint    ] Total time for which application threads were stopped: 0.0001865 seconds, Stopping threads took: 0.0000087 seconds
[2019-01-14T08:49:25.638+0000][4162][safepoint    ] Application time: 0.0029987 seconds
[2019-01-14T08:49:25.638+0000][4162][safepoint    ] Total time for which application threads were stopped: 0.0000556 seconds, Stopping threads took: 0.0000092 seconds
[2019-01-14T08:49:25.638+0000][4162][safepoint    ] Application time: 0.0007304 seconds
[2019-01-14T08:49:25.639+0000][4162][safepoint    ] Total time for which application threads were stopped: 0.0000471 seconds, Stopping threads took: 0.0000087 seconds
[2019-01-14T08:49:25.716+0000][4162][safepoint    ] Application time: 0.0771454 seconds
[2019-01-14T08:49:25.716+0000][4162][safepoint    ] Total time for which application threads were stopped: 0.0003370 seconds, Stopping threads took: 0.0000120 seconds
[2019-01-14T08:49:25.728+0000][4162][safepoint    ] Application time: 0.0118531 seconds
[2019-01-14T08:49:25.728+0000][4162][safepoint    ] Total time for which application threads were stopped: 0.0000726 seconds, Stopping threads took: 0.0000130 seconds
[2019-01-14T08:49:25.728+0000][4162][safepoint    ] Application time: 0.0000545 seconds
[2019-01-14T08:49:25.728+0000][4162][safepoint    ] Total time for which application threads were stopped: 0.0000570 seconds, Stopping threads took: 0.0000173 seconds
[2019-01-14T08:49:25.756+0000][4162][safepoint    ] Application time: 0.0272289 seconds
[2019-01-14T08:49:25.756+0000][4162][safepoint    ] Total time for which application threads were stopped: 0.0001308 seconds, Stopping threads took: 0.0000398 seconds
[2019-01-14T08:49:25.756+0000][4162][safepoint    ] Application time: 0.0002532 seconds
[2019-01-14T08:49:25.756+0000][4162][safepoint    ] Total time for which application threads were stopped: 0.0003655 seconds, Stopping threads took: 0.0002070 seconds
[2019-01-14T08:49:25.763+0000][4162][safepoint    ] Application time: 0.0069018 seconds
[2019-01-14T08:49:25.764+0000][4162][safepoint    ] Total time for which application threads were stopped: 0.0009660 seconds, Stopping threads took: 0.0008861 seconds
[2019-01-14T08:49:25.770+0000][4162][safepoint    ] Application time: 0.0053230 seconds
[2019-01-14T08:49:25.770+0000][4162][safepoint    ] Total time for which application threads were stopped: 0.0004946 seconds, Stopping threads took: 0.0003322 seconds
[2019-01-14T08:49:25.771+0000][4162][safepoint    ] Application time: 0.0004028 seconds
[2019-01-14T08:49:25.771+0000][4162][safepoint    ] Total time for which application threads were stopped: 0.0000947 seconds, Stopping threads took: 0.0000520 seconds
[2019-01-14T08:49:25.774+0000][4162][safepoint    ] Application time: 0.0034481 seconds
[2019-01-14T08:49:25.774+0000][4162][safepoint    ] Total time for which application threads were stopped: 0.0000844 seconds, Stopping threads took: 0.0000240 seconds
[2019-01-14T08:49:25.792+0000][4162][safepoint    ] Application time: 0.0172159 seconds
[2019-01-14T08:49:25.792+0000][4162][safepoint    ] Total time for which application threads were stopped: 0.0001160 seconds, Stopping threads took: 0.0000564 seconds
[2019-01-14T08:49:25.803+0000][4162][safepoint    ] Application time: 0.0116175 seconds
[2019-01-14T08:49:25.803+0000][4162][safepoint    ] Total time for which application threads were stopped: 0.0000808 seconds, Stopping threads took: 0.0000123 seconds
[2019-01-14T08:49:25.808+0000][4162][safepoint    ] Application time: 0.0044408 seconds
[2019-01-14T08:49:25.808+0000][4162][safepoint    ] Total time for which application threads were stopped: 0.0004772 seconds, Stopping threads took: 0.0004100 seconds
[2019-01-14T08:49:25.809+0000][4162][safepoint    ] Application time: 0.0007559 seconds
[2019-01-14T08:49:25.809+0000][4162][safepoint    ] Total time for which application threads were stopped: 0.0000763 seconds, Stopping threads took: 0.0000051 seconds
[2019-01-14T08:49:25.809+0000][4162][safepoint    ] Application time: 0.0000299 seconds
[2019-01-14T08:49:25.809+0000][4162][safepoint    ] Total time for which application threads were stopped: 0.0000368 seconds, Stopping threads took: 0.0000072 seconds
[2019-01-14T08:49:25.813+0000][4162][safepoint    ] Application time: 0.0031707 seconds
[2019-01-14T08:49:25.813+0000][4162][safepoint    ] Total time for which application threads were stopped: 0.0002293 seconds, Stopping threads took: 0.0001112 seconds
[2019-01-14T08:49:25.816+0000][4162][safepoint    ] Application time: 0.0036014 seconds
[2019-01-14T08:49:25.821+0000][4162][safepoint    ] Total time for which application threads were stopped: 0.0040316 seconds, Stopping threads took: 0.0038310 seconds
[2019-01-14T08:49:25.827+0000][4162][safepoint    ] Application time: 0.0061214 seconds
[2019-01-14T08:49:25.827+0000][4162][safepoint    ] Total time for which application threads were stopped: 0.0000643 seconds, Stopping threads took: 0.0000087 seconds
[2019-01-14T08:49:25.827+0000][4162][safepoint    ] Application time: 0.0000599 seconds
[2019-01-14T08:49:25.827+0000][4162][safepoint    ] Total time for which application threads were stopped: 0.0000346 seconds, Stopping threads took: 0.0000080 seconds
[2019-01-14T08:49:25.831+0000][4162][safepoint    ] Application time: 0.0037964 seconds
[2019-01-14T08:49:25.833+0000][4162][safepoint    ] Total time for which application threads were stopped: 0.0027642 seconds, Stopping threads took: 0.0026888 seconds
[2019-01-14T08:49:25.835+0000][4162][safepoint    ] Application time: 0.0018048 seconds
[2019-01-14T08:49:25.835+0000][4162][safepoint    ] Total time for which application threads were stopped: 0.0000964 seconds, Stopping threads took: 0.0000529 seconds
[2019-01-14T08:49:25.835+0000][4162][safepoint    ] Application time: 0.0000206 seconds
[2019-01-14T08:49:25.836+0000][4162][safepoint    ] Total time for which application threads were stopped: 0.0000262 seconds, Stopping threads took: 0.0000073 seconds
[2019-01-14T08:49:25.847+0000][4162][safepoint    ] Application time: 0.0115489 seconds
[2019-01-14T08:49:25.847+0000][4162][safepoint    ] Total time for which application threads were stopped: 0.0000892 seconds, Stopping threads took: 0.0000357 seconds
[2019-01-14T08:49:25.847+0000][4162][safepoint    ] Application time: 0.0001434 seconds
[2019-01-14T08:49:25.847+0000][4162][safepoint    ] Total time for which application threads were stopped: 0.0000311 seconds, Stopping threads took: 0.0000048 seconds
[2019-01-14T08:49:25.886+0000][4162][safepoint    ] Application time: 0.0385665 seconds
[2019-01-14T08:49:25.886+0000][4162][safepoint    ] Total time for which application threads were stopped: 0.0001719 seconds, Stopping threads took: 0.0000102 seconds
[2019-01-14T08:49:25.914+0000][4162][safepoint    ] Application time: 0.0275210 seconds
[2019-01-14T08:49:25.914+0000][4162][safepoint    ] Total time for which application threads were stopped: 0.0001611 seconds, Stopping threads took: 0.0000101 seconds
[2019-01-14T08:49:25.948+0000][4162][safepoint    ] Application time: 0.0337811 seconds
[2019-01-14T08:49:25.949+0000][4162][safepoint    ] Total time for which application threads were stopped: 0.0005430 seconds, Stopping threads took: 0.0000117 seconds
[2019-01-14T08:49:25.978+0000][4162][safepoint    ] Application time: 0.0289443 seconds
[2019-01-14T08:49:25.978+0000][4162][safepoint    ] Total time for which application threads were stopped: 0.0003740 seconds, Stopping threads took: 0.0000133 seconds
[2019-01-14T08:49:26.008+0000][4162][safepoint    ] Application time: 0.0298972 seconds
[2019-01-14T08:49:26.008+0000][4162][safepoint    ] Total time for which application threads were stopped: 0.0002398 seconds, Stopping threads took: 0.0000110 seconds
[2019-01-14T08:49:26.008+0000][4162][safepoint    ] Application time: 0.0000736 seconds
[2019-01-14T08:49:26.009+0000][4162][safepoint    ] Total time for which application threads were stopped: 0.0001970 seconds, Stopping threads took: 0.0001593 seconds
[2019-01-14T08:49:26.098+0000][4162][safepoint    ] Application time: 0.0889750 seconds
[2019-01-14T08:49:26.098+0000][4162][safepoint    ] Total time for which application threads were stopped: 0.0002522 seconds, Stopping threads took: 0.0000171 seconds
[2019-01-14T08:49:26.140+0000][4162][safepoint    ] Application time: 0.0418506 seconds
[2019-01-14T08:49:26.140+0000][4162][safepoint    ] Total time for which application threads were stopped: 0.0000531 seconds, Stopping threads took: 0.0000108 seconds
[2019-01-14T08:49:26.145+0000][4162][safepoint    ] Application time: 0.0047967 seconds
[2019-01-14T08:49:26.145+0000][4162][safepoint    ] Total time for which application threads were stopped: 0.0001802 seconds, Stopping threads took: 0.0001186 seconds
[2019-01-14T08:49:26.152+0000][4162][safepoint    ] Application time: 0.0076523 seconds
[2019-01-14T08:49:26.153+0000][4162][safepoint    ] Total time for which application threads were stopped: 0.0000581 seconds, Stopping threads took: 0.0000158 seconds
[2019-01-14T08:49:26.153+0000][4162][safepoint    ] Application time: 0.0001846 seconds
[2019-01-14T08:49:26.153+0000][4162][safepoint    ] Total time for which application threads were stopped: 0.0001686 seconds, Stopping threads took: 0.0000056 seconds
[2019-01-14T08:49:26.153+0000][4162][safepoint    ] Application time: 0.0004537 seconds
[2019-01-14T08:49:26.153+0000][4162][safepoint    ] Total time for which application threads were stopped: 0.0000307 seconds, Stopping threads took: 0.0000043 seconds
[2019-01-14T08:49:26.153+0000][4162][safepoint    ] Application time: 0.0000591 seconds
[2019-01-14T08:49:26.154+0000][4162][safepoint    ] Total time for which application threads were stopped: 0.0000272 seconds, Stopping threads took: 0.0000045 seconds
[2019-01-14T08:49:26.154+0000][4162][safepoint    ] Application time: 0.0006499 seconds
[2019-01-14T08:49:26.154+0000][4162][safepoint    ] Total time for which application threads were stopped: 0.0000314 seconds, Stopping threads took: 0.0000054 seconds
[2019-01-14T08:49:26.168+0000][4162][safepoint    ] Application time: 0.0136229 seconds
[2019-01-14T08:49:26.168+0000][4162][safepoint    ] Total time for which application threads were stopped: 0.0000489 seconds, Stopping threads took: 0.0000121 seconds
[2019-01-14T08:49:26.180+0000][4162][safepoint    ] Application time: 0.0121243 seconds
[2019-01-14T08:49:26.180+0000][4162][safepoint    ] Total time for which application threads were stopped: 0.0000962 seconds, Stopping threads took: 0.0000474 seconds
[2019-01-14T08:49:26.180+0000][4162][safepoint    ] Application time: 0.0000389 seconds
[2019-01-14T08:49:26.181+0000][4162][safepoint    ] Total time for which application threads were stopped: 0.0004048 seconds, Stopping threads took: 0.0000179 seconds
[2019-01-14T08:49:26.181+0000][4162][safepoint    ] Application time: 0.0000275 seconds
[2019-01-14T08:49:26.181+0000][4162][safepoint    ] Total time for which application threads were stopped: 0.0002138 seconds, Stopping threads took: 0.0000076 seconds
[2019-01-14T08:49:26.181+0000][4162][safepoint    ] Application time: 0.0003712 seconds
[2019-01-14T08:49:26.181+0000][4162][safepoint    ] Total time for which application threads were stopped: 0.0000363 seconds, Stopping threads took: 0.0000111 seconds
[2019-01-14T08:49:26.253+0000][4162][safepoint    ] Application time: 0.0720732 seconds
[2019-01-14T08:49:26.254+0000][4162][safepoint    ] Total time for which application threads were stopped: 0.0001129 seconds, Stopping threads took: 0.0000201 seconds
[2019-01-14T08:49:26.254+0000][4162][safepoint    ] Application time: 0.0000460 seconds
[2019-01-14T08:49:26.254+0000][4162][safepoint    ] Total time for which application threads were stopped: 0.0000287 seconds, Stopping threads took: 0.0000079 seconds
[2019-01-14T08:49:26.254+0000][4162][safepoint    ] Application time: 0.0001953 seconds
[2019-01-14T08:49:26.254+0000][4162][safepoint    ] Total time for which application threads were stopped: 0.0000498 seconds, Stopping threads took: 0.0000258 seconds
[2019-01-14T08:49:26.270+0000][4162][safepoint    ] Application time: 0.0158486 seconds
[2019-01-14T08:49:26.270+0000][4162][safepoint    ] Total time for which application threads were stopped: 0.0003588 seconds, Stopping threads took: 0.0000168 seconds
[2019-01-14T08:49:26.274+0000][4162][safepoint    ] Application time: 0.0031626 seconds
[2019-01-14T08:49:26.274+0000][4162][safepoint    ] Total time for which application threads were stopped: 0.0005862 seconds, Stopping threads took: 0.0000124 seconds
[2019-01-14T08:49:26.276+0000][4162][safepoint    ] Application time: 0.0015501 seconds
[2019-01-14T08:49:26.276+0000][4162][safepoint    ] Total time for which application threads were stopped: 0.0001228 seconds, Stopping threads took: 0.0000233 seconds
[2019-01-14T08:49:26.308+0000][4162][safepoint    ] Application time: 0.0316285 seconds
[2019-01-14T08:49:26.308+0000][4162][safepoint    ] Total time for which application threads were stopped: 0.0000702 seconds, Stopping threads took: 0.0000131 seconds
[2019-01-14T08:49:26.312+0000][4162][safepoint    ] Application time: 0.0044986 seconds
[2019-01-14T08:49:26.312+0000][4162][safepoint    ] Total time for which application threads were stopped: 0.0000592 seconds, Stopping threads took: 0.0000115 seconds
[2019-01-14T08:49:26.312+0000][4162][safepoint    ] Application time: 0.0000584 seconds
[2019-01-14T08:49:26.312+0000][4162][safepoint    ] Total time for which application threads were stopped: 0.0000277 seconds, Stopping threads took: 0.0000051 seconds
[2019-01-14T08:49:26.312+0000][4162][safepoint    ] Application time: 0.0000689 seconds
[2019-01-14T08:49:26.312+0000][4162][safepoint    ] Total time for which application threads were stopped: 0.0000218 seconds, Stopping threads took: 0.0000035 seconds
[2019-01-14T08:49:26.313+0000][4162][safepoint    ] Application time: 0.0000821 seconds
[2019-01-14T08:49:26.313+0000][4162][safepoint    ] Total time for which application threads were stopped: 0.0000351 seconds, Stopping threads took: 0.0000036 seconds
[2019-01-14T08:49:26.313+0000][4162][safepoint    ] Application time: 0.0000508 seconds
[2019-01-14T08:49:26.313+0000][4162][safepoint    ] Total time for which application threads were stopped: 0.0000217 seconds, Stopping threads took: 0.0000036 seconds
[2019-01-14T08:49:26.313+0000][4162][safepoint    ] Application time: 0.0000709 seconds
[2019-01-14T08:49:26.313+0000][4162][safepoint    ] Total time for which application threads were stopped: 0.0000218 seconds, Stopping threads took: 0.0000037 seconds
[2019-01-14T08:49:26.313+0000][4162][safepoint    ] Application time: 0.0000682 seconds
[2019-01-14T08:49:26.313+0000][4162][safepoint    ] Total time for which application threads were stopped: 0.0000220 seconds, Stopping threads took: 0.0000037 seconds
[2019-01-14T08:49:26.313+0000][4162][safepoint    ] Application time: 0.0000630 seconds
[2019-01-14T08:49:26.313+0000][4162][safepoint    ] Total time for which application threads were stopped: 0.0000328 seconds, Stopping threads took: 0.0000145 seconds
[2019-01-14T08:49:26.364+0000][4162][safepoint    ] Application time: 0.0507670 seconds
[2019-01-14T08:49:26.364+0000][4162][safepoint    ] Total time for which application threads were stopped: 0.0000486 seconds, Stopping threads took: 0.0000103 seconds
[2019-01-14T08:49:26.376+0000][4162][safepoint    ] Application time: 0.0120427 seconds
[2019-01-14T08:49:26.376+0000][4162][safepoint    ] Total time for which application threads were stopped: 0.0000738 seconds, Stopping threads took: 0.0000120 seconds
[2019-01-14T08:49:26.392+0000][4162][safepoint    ] Application time: 0.0160096 seconds
[2019-01-14T08:49:26.392+0000][4162][safepoint    ] Total time for which application threads were stopped: 0.0000681 seconds, Stopping threads took: 0.0000127 seconds
[2019-01-14T08:49:26.392+0000][4162][safepoint    ] Application time: 0.0000211 seconds
[2019-01-14T08:49:26.392+0000][4162][safepoint    ] Total time for which application threads were stopped: 0.0000263 seconds, Stopping threads took: 0.0000077 seconds
[2019-01-14T08:49:26.393+0000][4162][safepoint    ] Application time: 0.0003649 seconds
[2019-01-14T08:49:26.393+0000][4162][safepoint    ] Total time for which application threads were stopped: 0.0000363 seconds, Stopping threads took: 0.0000091 seconds
[2019-01-14T08:49:26.393+0000][4162][safepoint    ] Application time: 0.0002451 seconds
[2019-01-14T08:49:26.393+0000][4162][safepoint    ] Total time for which application threads were stopped: 0.0000336 seconds, Stopping threads took: 0.0000092 seconds
[2019-01-14T08:49:26.425+0000][4162][safepoint    ] Application time: 0.0320892 seconds
[2019-01-14T08:49:26.425+0000][4162][safepoint    ] Total time for which application threads were stopped: 0.0000919 seconds, Stopping threads took: 0.0000424 seconds
[2019-01-14T08:49:26.440+0000][4162][safepoint    ] Application time: 0.0147968 seconds
[2019-01-14T08:49:26.440+0000][4162][safepoint    ] Total time for which application threads were stopped: 0.0004521 seconds, Stopping threads took: 0.0003757 seconds
[2019-01-14T08:49:26.446+0000][4162][safepoint    ] Application time: 0.0052297 seconds
[2019-01-14T08:49:26.446+0000][4162][safepoint    ] Total time for which application threads were stopped: 0.0000975 seconds, Stopping threads took: 0.0000118 seconds
[2019-01-14T08:49:27.447+0000][4162][safepoint    ] Application time: 1.0006587 seconds
[2019-01-14T08:49:27.447+0000][4162][safepoint    ] Total time for which application threads were stopped: 0.0000684 seconds, Stopping threads took: 0.0000171 seconds
[2019-01-14T08:49:28.447+0000][4162][safepoint    ] Application time: 1.0001811 seconds
[2019-01-14T08:49:28.447+0000][4162][safepoint    ] Total time for which application threads were stopped: 0.0000591 seconds, Stopping threads took: 0.0000172 seconds
[2019-01-14T08:49:29.447+0000][4162][safepoint    ] Application time: 1.0004436 seconds
[2019-01-14T08:49:29.448+0000][4162][safepoint    ] Total time for which application threads were stopped: 0.0000625 seconds, Stopping threads took: 0.0000161 seconds
[2019-01-14T08:49:29.606+0000][4162][gc           ] GC(20) Concurrent Abortable Preclean 5137.035ms
[2019-01-14T08:49:29.606+0000][4162][gc,cpu       ] GC(20) User=2.92s Sys=0.17s Real=5.14s
[2019-01-14T08:49:29.606+0000][4162][safepoint    ] Application time: 0.1584119 seconds
[2019-01-14T08:49:29.606+0000][4162][gc,start     ] GC(20) Pause Remark
[2019-01-14T08:49:29.632+0000][4162][gc           ] GC(20) Pause Remark 104M->104M(247M) 26.402ms
[2019-01-14T08:49:29.632+0000][4162][gc,cpu       ] GC(20) User=0.03s Sys=0.00s Real=0.03s
[2019-01-14T08:49:29.633+0000][4162][safepoint    ] Total time for which application threads were stopped: 0.0265447 seconds, Stopping threads took: 0.0000120 seconds
[2019-01-14T08:49:29.633+0000][4162][gc           ] GC(20) Concurrent Sweep
[2019-01-14T08:49:29.650+0000][4162][gc           ] GC(20) Concurrent Sweep 17.345ms
[2019-01-14T08:49:29.650+0000][4162][gc,cpu       ] GC(20) User=0.02s Sys=0.00s Real=0.01s
[2019-01-14T08:49:29.650+0000][4162][gc           ] GC(20) Concurrent Reset
[2019-01-14T08:49:29.650+0000][4162][gc           ] GC(20) Concurrent Reset 0.109ms
[2019-01-14T08:49:29.650+0000][4162][gc,cpu       ] GC(20) User=0.00s Sys=0.00s Real=0.00s
[2019-01-14T08:49:29.650+0000][4162][gc,heap      ] GC(20) Old: 51756K->51511K(174784K)
[2019-01-14T08:49:30.633+0000][4162][safepoint    ] Application time: 1.0001818 seconds
[2019-01-14T08:49:30.633+0000][4162][safepoint    ] Total time for which application threads were stopped: 0.0001126 seconds, Stopping threads took: 0.0000155 seconds
[2019-01-14T08:49:31.633+0000][4162][safepoint    ] Application time: 1.0002931 seconds
[2019-01-14T08:49:31.633+0000][4162][safepoint    ] Total time for which application threads were stopped: 0.0000656 seconds, Stopping threads took: 0.0000167 seconds
[2019-01-14T08:49:32.634+0000][4162][safepoint    ] Application time: 1.0002383 seconds
[2019-01-14T08:49:32.634+0000][4162][safepoint    ] Total time for which application threads were stopped: 0.0000601 seconds, Stopping threads took: 0.0000147 seconds
[2019-01-14T08:49:33.634+0000][4162][safepoint    ] Application time: 1.0002246 seconds
[2019-01-14T08:49:33.634+0000][4162][safepoint    ] Total time for which application threads were stopped: 0.0000609 seconds, Stopping threads took: 0.0000162 seconds
[2019-01-14T08:49:34.634+0000][4162][safepoint    ] Application time: 1.0001284 seconds
[2019-01-14T08:49:34.634+0000][4162][safepoint    ] Total time for which application threads were stopped: 0.0000547 seconds, Stopping threads took: 0.0000191 seconds
[2019-01-14T08:49:35.634+0000][4162][safepoint    ] Application time: 1.0001675 seconds
[2019-01-14T08:49:35.635+0000][4162][safepoint    ] Total time for which application threads were stopped: 0.0000661 seconds, Stopping threads took: 0.0000164 seconds
[2019-01-14T08:49:36.635+0000][4162][safepoint    ] Application time: 1.0007750 seconds
[2019-01-14T08:49:36.635+0000][4162][safepoint    ] Total time for which application threads were stopped: 0.0000592 seconds, Stopping threads took: 0.0000169 seconds
[2019-01-14T08:49:37.636+0000][4162][safepoint    ] Application time: 1.0007843 seconds
[2019-01-14T08:49:37.636+0000][4162][safepoint    ] Total time for which application threads were stopped: 0.0000612 seconds, Stopping threads took: 0.0000168 seconds
[2019-01-14T08:49:38.637+0000][4162][safepoint    ] Application time: 1.0008425 seconds
[2019-01-14T08:49:38.637+0000][4162][safepoint    ] Total time for which application threads were stopped: 0.0000674 seconds, Stopping threads took: 0.0000167 seconds
[2019-01-14T08:49:39.638+0000][4162][safepoint    ] Application time: 1.0007755 seconds
[2019-01-14T08:49:39.638+0000][4162][safepoint    ] Total time for which application threads were stopped: 0.0000516 seconds, Stopping threads took: 0.0000158 seconds
[2019-01-14T08:49:40.639+0000][4162][safepoint    ] Application time: 1.0006888 seconds
[2019-01-14T08:49:40.639+0000][4162][safepoint    ] Total time for which application threads were stopped: 0.0000582 seconds, Stopping threads took: 0.0000169 seconds
[2019-01-14T08:49:41.639+0000][4162][safepoint    ] Application time: 1.0002592 seconds
[2019-01-14T08:49:41.639+0000][4162][safepoint    ] Total time for which application threads were stopped: 0.0000499 seconds, Stopping threads took: 0.0000141 seconds
[2019-01-14T08:49:42.640+0000][4162][safepoint    ] Application time: 1.0008314 seconds
[2019-01-14T08:49:42.640+0000][4162][safepoint    ] Total time for which application threads were stopped: 0.0001131 seconds, Stopping threads took: 0.0000195 seconds
[2019-01-14T08:49:43.641+0000][4162][safepoint    ] Application time: 1.0004693 seconds
[2019-01-14T08:49:43.641+0000][4162][safepoint    ] Total time for which application threads were stopped: 0.0000986 seconds, Stopping threads took: 0.0000172 seconds
[2019-01-14T08:49:44.642+0000][4162][safepoint    ] Application time: 1.0004669 seconds
[2019-01-14T08:49:44.642+0000][4162][safepoint    ] Total time for which application threads were stopped: 0.0000704 seconds, Stopping threads took: 0.0000303 seconds
[2019-01-14T08:49:45.642+0000][4162][safepoint    ] Application time: 1.0006972 seconds
[2019-01-14T08:49:45.643+0000][4162][safepoint    ] Total time for which application threads were stopped: 0.0002492 seconds, Stopping threads took: 0.0000629 seconds
[2019-01-14T08:49:46.643+0000][4162][safepoint    ] Application time: 1.0005290 seconds
[2019-01-14T08:49:46.643+0000][4162][safepoint    ] Total time for which application threads were stopped: 0.0000565 seconds, Stopping threads took: 0.0000168 seconds
[2019-01-14T08:49:47.644+0000][4162][safepoint    ] Application time: 1.0005908 seconds
[2019-01-14T08:49:47.644+0000][4162][safepoint    ] Total time for which application threads were stopped: 0.0000648 seconds, Stopping threads took: 0.0000179 seconds
[2019-01-14T08:49:48.644+0000][4162][safepoint    ] Application time: 1.0002426 seconds
[2019-01-14T08:49:48.645+0000][4162][safepoint    ] Total time for which application threads were stopped: 0.0000500 seconds, Stopping threads took: 0.0000155 seconds
[2019-01-14T08:49:49.645+0000][4162][safepoint    ] Application time: 1.0008012 seconds
[2019-01-14T08:49:49.645+0000][4162][safepoint    ] Total time for which application threads were stopped: 0.0000605 seconds, Stopping threads took: 0.0000169 seconds
[2019-01-14T08:49:50.646+0000][4162][safepoint    ] Application time: 1.0004015 seconds
[2019-01-14T08:49:50.646+0000][4162][safepoint    ] Total time for which application threads were stopped: 0.0000582 seconds, Stopping threads took: 0.0000168 seconds
[2019-01-14T08:49:51.647+0000][4162][safepoint    ] Application time: 1.0005436 seconds
[2019-01-14T08:49:51.647+0000][4162][safepoint    ] Total time for which application threads were stopped: 0.0000780 seconds, Stopping threads took: 0.0000283 seconds
[2019-01-14T08:49:52.647+0000][4162][safepoint    ] Application time: 1.0004747 seconds
[2019-01-14T08:49:52.647+0000][4162][safepoint    ] Total time for which application threads were stopped: 0.0000691 seconds, Stopping threads took: 0.0000169 seconds
[2019-01-14T08:49:53.648+0000][4162][safepoint    ] Application time: 1.0003855 seconds
[2019-01-14T08:49:53.648+0000][4162][safepoint    ] Total time for which application threads were stopped: 0.0002723 seconds, Stopping threads took: 0.0000360 seconds
[2019-01-14T08:49:54.649+0000][4162][safepoint    ] Application time: 1.0006079 seconds
[2019-01-14T08:49:54.649+0000][4162][safepoint    ] Total time for which application threads were stopped: 0.0000708 seconds, Stopping threads took: 0.0000172 seconds
[2019-01-14T08:49:55.650+0000][4162][safepoint    ] Application time: 1.0007483 seconds
[2019-01-14T08:49:55.650+0000][4162][safepoint    ] Total time for which application threads were stopped: 0.0000798 seconds, Stopping threads took: 0.0000270 seconds
[2019-01-14T08:49:55.777+0000][4162][safepoint    ] Application time: 0.1275860 seconds
[2019-01-14T08:49:55.778+0000][4162][safepoint    ] Total time for which application threads were stopped: 0.0001472 seconds, Stopping threads took: 0.0000814 seconds
[2019-01-14T08:49:56.778+0000][4162][safepoint    ] Application time: 1.0003262 seconds
[2019-01-14T08:49:56.778+0000][4162][safepoint    ] Total time for which application threads were stopped: 0.0001307 seconds, Stopping threads took: 0.0000334 seconds
[2019-01-14T08:49:57.267+0000][4162][safepoint    ] Application time: 0.4885437 seconds
[2019-01-14T08:49:57.267+0000][4162][gc,start     ] GC(21) Pause Young (Allocation Failure)
[2019-01-14T08:49:57.267+0000][4162][gc,task      ] GC(21) Using 2 workers of 2 for evacuation
[2019-01-14T08:49:57.282+0000][4162][gc,age       ] GC(21) Desired survivor size 4456448 bytes, new threshold 2 (max threshold 6)
[2019-01-14T08:49:57.282+0000][4162][gc,age       ] GC(21) Age table with threshold 2 (max threshold 6)
[2019-01-14T08:49:57.282+0000][4162][gc,age       ] GC(21) - age   1:    1525136 bytes,    1525136 total
[2019-01-14T08:49:57.282+0000][4162][gc,age       ] GC(21) - age   2:    3756648 bytes,    5281784 total
[2019-01-14T08:49:57.282+0000][4162][gc,heap      ] GC(21) ParNew: 76867K->7831K(78656K)
[2019-01-14T08:49:57.282+0000][4162][gc,heap      ] GC(21) CMS: 51511K->53230K(174784K)
[2019-01-14T08:49:57.282+0000][4162][gc,metaspace ] GC(21) Metaspace: 72780K->72780K(1116160K)
[2019-01-14T08:49:57.282+0000][4162][gc           ] GC(21) Pause Young (Allocation Failure) 125M->59M(247M) 15.344ms
[2019-01-14T08:49:57.282+0000][4162][gc,cpu       ] GC(21) User=0.02s Sys=0.00s Real=0.02s
[2019-01-14T08:49:57.282+0000][4162][safepoint    ] Total time for which application threads were stopped: 0.0155217 seconds, Stopping threads took: 0.0000285 seconds
[2019-01-14T08:49:58.283+0000][4162][safepoint    ] Application time: 1.0005274 seconds
[2019-01-14T08:49:58.283+0000][4162][safepoint    ] Total time for which application threads were stopped: 0.0000637 seconds, Stopping threads took: 0.0000172 seconds
[2019-01-14T08:49:59.283+0000][4162][safepoint    ] Application time: 1.0004375 seconds
[2019-01-14T08:49:59.284+0000][4162][safepoint    ] Total time for which application threads were stopped: 0.0001014 seconds, Stopping threads took: 0.0000180 seconds
[2019-01-14T08:50:00.284+0000][4162][safepoint    ] Application time: 1.0004208 seconds
[2019-01-14T08:50:00.284+0000][4162][safepoint    ] Total time for which application threads were stopped: 0.0000601 seconds, Stopping threads took: 0.0000178 seconds
[2019-01-14T08:50:01.285+0000][4162][safepoint    ] Application time: 1.0006060 seconds
[2019-01-14T08:50:01.285+0000][4162][safepoint    ] Total time for which application threads were stopped: 0.0000697 seconds, Stopping threads took: 0.0000185 seconds
[2019-01-14T08:50:02.285+0000][4162][safepoint    ] Application time: 1.0002040 seconds
[2019-01-14T08:50:02.285+0000][4162][safepoint    ] Total time for which application threads were stopped: 0.0000546 seconds, Stopping threads took: 0.0000137 seconds
[2019-01-14T08:50:03.285+0000][4162][safepoint    ] Application time: 1.0001992 seconds
[2019-01-14T08:50:03.286+0000][4162][safepoint    ] Total time for which application threads were stopped: 0.0000596 seconds, Stopping threads took: 0.0000157 seconds
[2019-01-14T08:50:04.286+0000][4162][safepoint    ] Application time: 1.0003240 seconds
[2019-01-14T08:50:04.286+0000][4162][safepoint    ] Total time for which application threads were stopped: 0.0000676 seconds, Stopping threads took: 0.0000186 seconds
[2019-01-14T08:50:05.286+0000][4162][safepoint    ] Application time: 1.0002455 seconds
[2019-01-14T08:50:05.286+0000][4162][safepoint    ] Total time for which application threads were stopped: 0.0000608 seconds, Stopping threads took: 0.0000155 seconds
[2019-01-14T08:50:06.287+0000][4162][safepoint    ] Application time: 1.0008891 seconds
[2019-01-14T08:50:06.288+0000][4162][safepoint    ] Total time for which application threads were stopped: 0.0003218 seconds, Stopping threads took: 0.0000214 seconds
[2019-01-14T08:50:07.288+0000][4162][safepoint    ] Application time: 1.0004608 seconds
[2019-01-14T08:50:07.288+0000][4162][safepoint    ] Total time for which application threads were stopped: 0.0000750 seconds, Stopping threads took: 0.0000180 seconds
[2019-01-14T08:50:08.289+0000][4162][safepoint    ] Application time: 1.0004521 seconds
[2019-01-14T08:50:08.289+0000][4162][safepoint    ] Total time for which application threads were stopped: 0.0000677 seconds, Stopping threads took: 0.0000155 seconds
[2019-01-14T08:50:09.289+0000][4162][safepoint    ] Application time: 1.0001786 seconds
[2019-01-14T08:50:09.289+0000][4162][safepoint    ] Total time for which application threads were stopped: 0.0000603 seconds, Stopping threads took: 0.0000156 seconds
[2019-01-14T08:50:10.290+0000][4162][safepoint    ] Application time: 1.0004576 seconds
[2019-01-14T08:50:10.290+0000][4162][safepoint    ] Total time for which application threads were stopped: 0.0000749 seconds, Stopping threads took: 0.0000183 seconds
[2019-01-14T08:50:11.290+0000][4162][safepoint    ] Application time: 1.0004160 seconds
[2019-01-14T08:50:11.290+0000][4162][safepoint    ] Total time for which application threads were stopped: 0.0000684 seconds, Stopping threads took: 0.0000179 seconds
[2019-01-14T08:50:12.291+0000][4162][safepoint    ] Application time: 1.0003604 seconds
[2019-01-14T08:50:12.291+0000][4162][safepoint    ] Total time for which application threads were stopped: 0.0000637 seconds, Stopping threads took: 0.0000163 seconds
[2019-01-14T08:50:13.291+0000][4162][safepoint    ] Application time: 1.0005614 seconds
[2019-01-14T08:50:13.291+0000][4162][safepoint    ] Total time for which application threads were stopped: 0.0000680 seconds, Stopping threads took: 0.0000172 seconds
[2019-01-14T08:50:13.350+0000][4162][safepoint    ] Application time: 0.0581780 seconds
[2019-01-14T08:50:13.350+0000][4162][safepoint    ] Total time for which application threads were stopped: 0.0000718 seconds, Stopping threads took: 0.0000200 seconds
[2019-01-14T08:50:14.350+0000][4162][safepoint    ] Application time: 1.0003921 seconds
[2019-01-14T08:50:14.350+0000][4162][safepoint    ] Total time for which application threads were stopped: 0.0000707 seconds, Stopping threads took: 0.0000180 seconds
[2019-01-14T08:50:15.351+0000][4162][safepoint    ] Application time: 1.0005226 seconds
[2019-01-14T08:50:15.351+0000][4162][safepoint    ] Total time for which application threads were stopped: 0.0000655 seconds, Stopping threads took: 0.0000154 seconds
[2019-01-14T08:50:16.352+0000][4162][safepoint    ] Application time: 1.0004154 seconds
[2019-01-14T08:50:16.352+0000][4162][safepoint    ] Total time for which application threads were stopped: 0.0002675 seconds, Stopping threads took: 0.0000406 seconds
[2019-01-14T08:50:17.352+0000][4162][safepoint    ] Application time: 1.0003043 seconds
[2019-01-14T08:50:17.353+0000][4162][safepoint    ] Total time for which application threads were stopped: 0.0000783 seconds, Stopping threads took: 0.0000188 seconds
[2019-01-14T08:50:18.353+0000][4162][safepoint    ] Application time: 1.0005685 seconds
[2019-01-14T08:50:18.353+0000][4162][safepoint    ] Total time for which application threads were stopped: 0.0000689 seconds, Stopping threads took: 0.0000174 seconds
[2019-01-14T08:50:19.354+0000][4162][safepoint    ] Application time: 1.0010492 seconds
[2019-01-14T08:50:19.354+0000][4162][safepoint    ] Total time for which application threads were stopped: 0.0000733 seconds, Stopping threads took: 0.0000188 seconds
[2019-01-14T08:50:20.355+0000][4162][safepoint    ] Application time: 1.0003453 seconds
[2019-01-14T08:50:20.355+0000][4162][safepoint    ] Total time for which application threads were stopped: 0.0000682 seconds, Stopping threads took: 0.0000179 seconds
[2019-01-14T08:50:21.356+0000][4162][safepoint    ] Application time: 1.0002540 seconds
[2019-01-14T08:50:21.356+0000][4162][safepoint    ] Total time for which application threads were stopped: 0.0000635 seconds, Stopping threads took: 0.0000159 seconds
[2019-01-14T08:50:22.356+0000][4162][safepoint    ] Application time: 1.0001809 seconds
[2019-01-14T08:50:22.356+0000][4162][safepoint    ] Total time for which application threads were stopped: 0.0000848 seconds, Stopping threads took: 0.0000280 seconds
[2019-01-14T08:50:23.356+0000][4162][safepoint    ] Application time: 1.0002225 seconds
[2019-01-14T08:50:23.356+0000][4162][safepoint    ] Total time for which application threads were stopped: 0.0000829 seconds, Stopping threads took: 0.0000303 seconds
[2019-01-14T08:50:24.357+0000][4162][safepoint    ] Application time: 1.0008579 seconds
[2019-01-14T08:50:24.357+0000][4162][safepoint    ] Total time for which application threads were stopped: 0.0000871 seconds, Stopping threads took: 0.0000189 seconds
[2019-01-14T08:50:25.358+0000][4162][safepoint    ] Application time: 1.0002733 seconds
[2019-01-14T08:50:25.358+0000][4162][safepoint    ] Total time for which application threads were stopped: 0.0000660 seconds, Stopping threads took: 0.0000169 seconds
[2019-01-14T08:50:26.359+0000][4162][safepoint    ] Application time: 1.0005123 seconds
[2019-01-14T08:50:26.359+0000][4162][safepoint    ] Total time for which application threads were stopped: 0.0000656 seconds, Stopping threads took: 0.0000155 seconds
[2019-01-14T08:50:29.889+0000][4162][safepoint    ] Application time: 3.5297282 seconds
[2019-01-14T08:50:29.889+0000][4162][safepoint    ] Total time for which application threads were stopped: 0.0000599 seconds, Stopping threads took: 0.0000073 seconds
[2019-01-14T08:50:29.889+0000][4162][safepoint    ] Application time: 0.0002859 seconds
[2019-01-14T08:50:29.889+0000][4162][safepoint    ] Total time for which application threads were stopped: 0.0000439 seconds, Stopping threads took: 0.0000111 seconds
[2019-01-14T08:50:29.898+0000][4162][safepoint    ] Application time: 0.0085557 seconds
[2019-01-14T08:50:29.898+0000][4162][safepoint    ] Total time for which application threads were stopped: 0.0000585 seconds, Stopping threads took: 0.0000215 seconds
[2019-01-14T08:50:29.899+0000][4162][safepoint    ] Application time: 0.0018719 seconds
[2019-01-14T08:50:29.900+0000][4162][safepoint    ] Total time for which application threads were stopped: 0.0000486 seconds, Stopping threads took: 0.0000063 seconds
[2019-01-14T08:50:29.913+0000][4162][safepoint    ] Application time: 0.0136903 seconds
[2019-01-14T08:50:29.913+0000][4162][safepoint    ] Total time for which application threads were stopped: 0.0000581 seconds, Stopping threads took: 0.0000173 seconds
[2019-01-14T08:50:29.945+0000][4162][safepoint    ] Application time: 0.0314081 seconds
[2019-01-14T08:50:29.945+0000][4162][safepoint    ] Total time for which application threads were stopped: 0.0005440 seconds, Stopping threads took: 0.0000179 seconds
[2019-01-14T08:50:29.953+0000][4162][safepoint    ] Application time: 0.0072789 seconds
[2019-01-14T08:50:29.953+0000][4162][safepoint    ] Total time for which application threads were stopped: 0.0000699 seconds, Stopping threads took: 0.0000201 seconds
[2019-01-14T08:50:29.957+0000][4162][safepoint    ] Application time: 0.0044796 seconds
[2019-01-14T08:50:29.957+0000][4162][safepoint    ] Total time for which application threads were stopped: 0.0000581 seconds, Stopping threads took: 0.0000167 seconds
[2019-01-14T08:50:29.972+0000][4162][safepoint    ] Application time: 0.0143050 seconds
[2019-01-14T08:50:29.972+0000][4162][safepoint    ] Total time for which application threads were stopped: 0.0005540 seconds, Stopping threads took: 0.0000169 seconds
[2019-01-14T08:50:29.978+0000][4162][safepoint    ] Application time: 0.0060119 seconds
[2019-01-14T08:50:29.978+0000][4162][safepoint    ] Total time for which application threads were stopped: 0.0000669 seconds, Stopping threads took: 0.0000105 seconds
[2019-01-14T08:50:29.986+0000][4162][safepoint    ] Application time: 0.0079247 seconds
[2019-01-14T08:50:29.986+0000][4162][safepoint    ] Total time for which application threads were stopped: 0.0000539 seconds, Stopping threads took: 0.0000099 seconds
[2019-01-14T08:50:30.051+0000][4162][safepoint    ] Application time: 0.0644185 seconds
[2019-01-14T08:50:30.051+0000][4162][safepoint    ] Total time for which application threads were stopped: 0.0002265 seconds, Stopping threads took: 0.0000323 seconds
[2019-01-14T08:50:30.052+0000][4162][safepoint    ] Application time: 0.0008288 seconds
[2019-01-14T08:50:30.052+0000][4162][safepoint    ] Total time for which application threads were stopped: 0.0001035 seconds, Stopping threads took: 0.0000639 seconds
[2019-01-14T08:50:30.062+0000][4162][safepoint    ] Application time: 0.0095693 seconds
[2019-01-14T08:50:30.062+0000][4162][safepoint    ] Total time for which application threads were stopped: 0.0000551 seconds, Stopping threads took: 0.0000104 seconds
[2019-01-14T08:50:30.062+0000][4162][safepoint    ] Application time: 0.0001577 seconds
[2019-01-14T08:50:30.062+0000][4162][safepoint    ] Total time for which application threads were stopped: 0.0000324 seconds, Stopping threads took: 0.0000056 seconds
[2019-01-14T08:50:30.123+0000][4162][safepoint    ] Application time: 0.0609900 seconds
[2019-01-14T08:50:30.123+0000][4162][safepoint    ] Total time for which application threads were stopped: 0.0000673 seconds, Stopping threads took: 0.0000125 seconds
[2019-01-14T08:50:30.131+0000][4162][safepoint    ] Application time: 0.0078628 seconds
[2019-01-14T08:50:30.131+0000][4162][safepoint    ] Total time for which application threads were stopped: 0.0000532 seconds, Stopping threads took: 0.0000109 seconds
[2019-01-14T08:50:30.131+0000][4162][safepoint    ] Application time: 0.0003995 seconds
[2019-01-14T08:50:30.131+0000][4162][safepoint    ] Total time for which application threads were stopped: 0.0000295 seconds, Stopping threads took: 0.0000046 seconds
[2019-01-14T08:50:30.147+0000][4162][safepoint    ] Application time: 0.0156849 seconds
[2019-01-14T08:50:30.147+0000][4162][safepoint    ] Total time for which application threads were stopped: 0.0001030 seconds, Stopping threads took: 0.0000098 seconds
[2019-01-14T08:50:30.234+0000][4162][safepoint    ] Application time: 0.0864444 seconds
[2019-01-14T08:50:30.234+0000][4162][gc,start     ] GC(22) Pause Young (Allocation Failure)
[2019-01-14T08:50:30.234+0000][4162][gc,task      ] GC(22) Using 2 workers of 2 for evacuation
[2019-01-14T08:50:30.260+0000][4162][gc,age       ] GC(22) Desired survivor size 4456448 bytes, new threshold 1 (max threshold 6)
[2019-01-14T08:50:30.261+0000][4162][gc,age       ] GC(22) Age table with threshold 1 (max threshold 6)
[2019-01-14T08:50:30.261+0000][4162][gc,age       ] GC(22) - age   1:    6529296 bytes,    6529296 total
[2019-01-14T08:50:30.261+0000][4162][gc,age       ] GC(22) - age   2:     989056 bytes,    7518352 total
[2019-01-14T08:50:30.261+0000][4162][gc,heap      ] GC(22) ParNew: 77783K->8704K(78656K)
[2019-01-14T08:50:30.261+0000][4162][gc,heap      ] GC(22) CMS: 53230K->74137K(174784K)
[2019-01-14T08:50:30.261+0000][4162][gc,metaspace ] GC(22) Metaspace: 74715K->74715K(1118208K)
[2019-01-14T08:50:30.261+0000][4162][gc           ] GC(22) Pause Young (Allocation Failure) 127M->80M(247M) 26.740ms
[2019-01-14T08:50:30.261+0000][4162][gc,cpu       ] GC(22) User=0.05s Sys=0.00s Real=0.03s
[2019-01-14T08:50:30.261+0000][4162][safepoint    ] Total time for which application threads were stopped: 0.0268694 seconds, Stopping threads took: 0.0000121 seconds
[2019-01-14T08:50:30.262+0000][4162][safepoint    ] Application time: 0.0015852 seconds
[2019-01-14T08:50:30.263+0000][4162][safepoint    ] Total time for which application threads were stopped: 0.0005199 seconds, Stopping threads took: 0.0002687 seconds
[2019-01-14T08:50:30.459+0000][4162][safepoint    ] Application time: 0.1966093 seconds
[2019-01-14T08:50:30.460+0000][4162][safepoint    ] Total time for which application threads were stopped: 0.0001217 seconds, Stopping threads took: 0.0000111 seconds
[2019-01-14T08:50:30.460+0000][4162][safepoint    ] Application time: 0.0003689 seconds
[2019-01-14T08:50:30.460+0000][4162][safepoint    ] Total time for which application threads were stopped: 0.0000469 seconds, Stopping threads took: 0.0000062 seconds
[2019-01-14T08:50:30.462+0000][4162][safepoint    ] Application time: 0.0017282 seconds
[2019-01-14T08:50:30.462+0000][4162][safepoint    ] Total time for which application threads were stopped: 0.0000730 seconds, Stopping threads took: 0.0000092 seconds
[2019-01-14T08:50:30.462+0000][4162][safepoint    ] Application time: 0.0000677 seconds
[2019-01-14T08:50:30.462+0000][4162][safepoint    ] Total time for which application threads were stopped: 0.0000316 seconds, Stopping threads took: 0.0000042 seconds
[2019-01-14T08:50:30.462+0000][4162][safepoint    ] Application time: 0.0002556 seconds
[2019-01-14T08:50:30.462+0000][4162][safepoint    ] Total time for which application threads were stopped: 0.0001104 seconds, Stopping threads took: 0.0000057 seconds
[2019-01-14T08:50:30.462+0000][4162][safepoint    ] Application time: 0.0000862 seconds
[2019-01-14T08:50:30.462+0000][4162][safepoint    ] Total time for which application threads were stopped: 0.0000576 seconds, Stopping threads took: 0.0000049 seconds
[2019-01-14T08:50:30.463+0000][4162][safepoint    ] Application time: 0.0004522 seconds
[2019-01-14T08:50:30.463+0000][4162][safepoint    ] Total time for which application threads were stopped: 0.0001056 seconds, Stopping threads took: 0.0000123 seconds
[2019-01-14T08:50:30.463+0000][4162][safepoint    ] Application time: 0.0001126 seconds
[2019-01-14T08:50:30.463+0000][4162][safepoint    ] Total time for which application threads were stopped: 0.0000591 seconds, Stopping threads took: 0.0000048 seconds
[2019-01-14T08:50:30.463+0000][4162][safepoint    ] Application time: 0.0000841 seconds
[2019-01-14T08:50:30.463+0000][4162][safepoint    ] Total time for which application threads were stopped: 0.0000412 seconds, Stopping threads took: 0.0000052 seconds
[2019-01-14T08:50:30.464+0000][4162][safepoint    ] Application time: 0.0002797 seconds
[2019-01-14T08:50:30.464+0000][4162][safepoint    ] Total time for which application threads were stopped: 0.0000364 seconds, Stopping threads took: 0.0000043 seconds
[2019-01-14T08:50:30.464+0000][4162][safepoint    ] Application time: 0.0001918 seconds
[2019-01-14T08:50:30.464+0000][4162][safepoint    ] Total time for which application threads were stopped: 0.0000310 seconds, Stopping threads took: 0.0000038 seconds
[2019-01-14T08:50:30.464+0000][4162][safepoint    ] Application time: 0.0000571 seconds
[2019-01-14T08:50:30.464+0000][4162][safepoint    ] Total time for which application threads were stopped: 0.0000582 seconds, Stopping threads took: 0.0000033 seconds
[2019-01-14T08:50:30.464+0000][4162][safepoint    ] Application time: 0.0000678 seconds
[2019-01-14T08:50:30.464+0000][4162][safepoint    ] Total time for which application threads were stopped: 0.0000320 seconds, Stopping threads took: 0.0000034 seconds
[2019-01-14T08:50:30.464+0000][4162][safepoint    ] Application time: 0.0000589 seconds
[2019-01-14T08:50:30.464+0000][4162][safepoint    ] Total time for which application threads were stopped: 0.0000275 seconds, Stopping threads took: 0.0000034 seconds
[2019-01-14T08:50:30.465+0000][4162][safepoint    ] Application time: 0.0001767 seconds
[2019-01-14T08:50:30.465+0000][4162][safepoint    ] Total time for which application threads were stopped: 0.0000302 seconds, Stopping threads took: 0.0000035 seconds
[2019-01-14T08:50:30.465+0000][4162][safepoint    ] Application time: 0.0001666 seconds
[2019-01-14T08:50:30.465+0000][4162][safepoint    ] Total time for which application threads were stopped: 0.0000275 seconds, Stopping threads took: 0.0000034 seconds
[2019-01-14T08:50:30.465+0000][4162][safepoint    ] Application time: 0.0001738 seconds
[2019-01-14T08:50:30.465+0000][4162][safepoint    ] Total time for which application threads were stopped: 0.0000491 seconds, Stopping threads took: 0.0000051 seconds
[2019-01-14T08:50:30.465+0000][4162][safepoint    ] Application time: 0.0000902 seconds
[2019-01-14T08:50:30.465+0000][4162][safepoint    ] Total time for which application threads were stopped: 0.0000804 seconds, Stopping threads took: 0.0000221 seconds
[2019-01-14T08:50:30.465+0000][4162][safepoint    ] Application time: 0.0000926 seconds
[2019-01-14T08:50:30.465+0000][4162][safepoint    ] Total time for which application threads were stopped: 0.0000501 seconds, Stopping threads took: 0.0000062 seconds
[2019-01-14T08:50:30.467+0000][4162][safepoint    ] Application time: 0.0010143 seconds
[2019-01-14T08:50:30.467+0000][4162][safepoint    ] Total time for which application threads were stopped: 0.0000522 seconds, Stopping threads took: 0.0000096 seconds
[2019-01-14T08:50:30.467+0000][4162][safepoint    ] Application time: 0.0000765 seconds
[2019-01-14T08:50:30.467+0000][4162][safepoint    ] Total time for which application threads were stopped: 0.0000738 seconds, Stopping threads took: 0.0000043 seconds
[2019-01-14T08:50:30.467+0000][4162][safepoint    ] Application time: 0.0000617 seconds
[2019-01-14T08:50:30.467+0000][4162][safepoint    ] Total time for which application threads were stopped: 0.0000272 seconds, Stopping threads took: 0.0000033 seconds
[2019-01-14T08:50:30.467+0000][4162][safepoint    ] Application time: 0.0000601 seconds
[2019-01-14T08:50:30.467+0000][4162][safepoint    ] Total time for which application threads were stopped: 0.0000269 seconds, Stopping threads took: 0.0000034 seconds
[2019-01-14T08:50:30.467+0000][4162][safepoint    ] Application time: 0.0000708 seconds
[2019-01-14T08:50:30.467+0000][4162][safepoint    ] Total time for which application threads were stopped: 0.0000267 seconds, Stopping threads took: 0.0000034 seconds
[2019-01-14T08:50:30.467+0000][4162][safepoint    ] Application time: 0.0002598 seconds
[2019-01-14T08:50:30.467+0000][4162][safepoint    ] Total time for which application threads were stopped: 0.0000272 seconds, Stopping threads took: 0.0000034 seconds
[2019-01-14T08:50:30.468+0000][4162][safepoint    ] Application time: 0.0001256 seconds
[2019-01-14T08:50:30.468+0000][4162][safepoint    ] Total time for which application threads were stopped: 0.0000269 seconds, Stopping threads took: 0.0000034 seconds
[2019-01-14T08:50:30.468+0000][4162][safepoint    ] Application time: 0.0002396 seconds
[2019-01-14T08:50:30.468+0000][4162][safepoint    ] Total time for which application threads were stopped: 0.0000386 seconds, Stopping threads took: 0.0000056 seconds
[2019-01-14T08:50:30.468+0000][4162][safepoint    ] Application time: 0.0001386 seconds
[2019-01-14T08:50:30.468+0000][4162][safepoint    ] Total time for which application threads were stopped: 0.0000329 seconds, Stopping threads took: 0.0000046 seconds
[2019-01-14T08:50:30.468+0000][4162][safepoint    ] Application time: 0.0000767 seconds
[2019-01-14T08:50:30.468+0000][4162][safepoint    ] Total time for which application threads were stopped: 0.0000275 seconds, Stopping threads took: 0.0000038 seconds
[2019-01-14T08:50:30.468+0000][4162][safepoint    ] Application time: 0.0000920 seconds
[2019-01-14T08:50:30.468+0000][4162][safepoint    ] Total time for which application threads were stopped: 0.0000278 seconds, Stopping threads took: 0.0000033 seconds
[2019-01-14T08:50:30.468+0000][4162][safepoint    ] Application time: 0.0001165 seconds
[2019-01-14T08:50:30.468+0000][4162][safepoint    ] Total time for which application threads were stopped: 0.0000335 seconds, Stopping threads took: 0.0000047 seconds
[2019-01-14T08:50:30.469+0000][4162][safepoint    ] Application time: 0.0000712 seconds
[2019-01-14T08:50:30.469+0000][4162][safepoint    ] Total time for which application threads were stopped: 0.0000273 seconds, Stopping threads took: 0.0000037 seconds
[2019-01-14T08:50:30.469+0000][4162][safepoint    ] Application time: 0.0001277 seconds
[2019-01-14T08:50:30.469+0000][4162][safepoint    ] Total time for which application threads were stopped: 0.0000337 seconds, Stopping threads took: 0.0000045 seconds
[2019-01-14T08:50:30.469+0000][4162][safepoint    ] Application time: 0.0000710 seconds
[2019-01-14T08:50:30.469+0000][4162][safepoint    ] Total time for which application threads were stopped: 0.0000270 seconds, Stopping threads took: 0.0000034 seconds
[2019-01-14T08:50:30.469+0000][4162][safepoint    ] Application time: 0.0001199 seconds
[2019-01-14T08:50:30.469+0000][4162][safepoint    ] Total time for which application threads were stopped: 0.0000340 seconds, Stopping threads took: 0.0000046 seconds
[2019-01-14T08:50:30.469+0000][4162][safepoint    ] Application time: 0.0002661 seconds
[2019-01-14T08:50:30.469+0000][4162][safepoint    ] Total time for which application threads were stopped: 0.0000329 seconds, Stopping threads took: 0.0000047 seconds
[2019-01-14T08:50:30.469+0000][4162][safepoint    ] Application time: 0.0000711 seconds
[2019-01-14T08:50:30.470+0000][4162][safepoint    ] Total time for which application threads were stopped: 0.0000273 seconds, Stopping threads took: 0.0000036 seconds
[2019-01-14T08:50:30.470+0000][4162][safepoint    ] Application time: 0.0001106 seconds
[2019-01-14T08:50:30.470+0000][4162][safepoint    ] Total time for which application threads were stopped: 0.0000623 seconds, Stopping threads took: 0.0000047 seconds
[2019-01-14T08:50:30.470+0000][4162][safepoint    ] Application time: 0.0000710 seconds
[2019-01-14T08:50:30.470+0000][4162][safepoint    ] Total time for which application threads were stopped: 0.0002823 seconds, Stopping threads took: 0.0000034 seconds
[2019-01-14T08:50:30.490+0000][4162][safepoint    ] Application time: 0.0196411 seconds
[2019-01-14T08:50:30.490+0000][4162][safepoint    ] Total time for which application threads were stopped: 0.0000853 seconds, Stopping threads took: 0.0000191 seconds
[2019-01-14T08:50:30.490+0000][4162][safepoint    ] Application time: 0.0000232 seconds
[2019-01-14T08:50:30.490+0000][4162][safepoint    ] Total time for which application threads were stopped: 0.0000289 seconds, Stopping threads took: 0.0000062 seconds
[2019-01-14T08:50:30.490+0000][4162][safepoint    ] Application time: 0.0000164 seconds
[2019-01-14T08:50:30.490+0000][4162][safepoint    ] Total time for which application threads were stopped: 0.0000267 seconds, Stopping threads took: 0.0000057 seconds
[2019-01-14T08:50:30.490+0000][4162][safepoint    ] Application time: 0.0000166 seconds
[2019-01-14T08:50:30.490+0000][4162][safepoint    ] Total time for which application threads were stopped: 0.0000660 seconds, Stopping threads took: 0.0000057 seconds
[2019-01-14T08:50:30.616+0000][4162][safepoint    ] Application time: 0.1261307 seconds
[2019-01-14T08:50:30.619+0000][4162][gc,start     ] GC(23) Pause Young (Allocation Failure)
[2019-01-14T08:50:30.619+0000][4162][gc,task      ] GC(23) Using 2 workers of 2 for evacuation
[2019-01-14T08:50:30.673+0000][4162][gc,age       ] GC(23) Desired survivor size 4456448 bytes, new threshold 1 (max threshold 6)
[2019-01-14T08:50:30.673+0000][4162][gc,age       ] GC(23) Age table with threshold 1 (max threshold 6)
[2019-01-14T08:50:30.673+0000][4162][gc,age       ] GC(23) - age   1:    8912824 bytes,    8912824 total
[2019-01-14T08:50:30.673+0000][4162][gc,heap      ] GC(23) ParNew: 78656K->8704K(78656K)
[2019-01-14T08:50:30.673+0000][4162][gc,heap      ] GC(23) CMS: 74137K->96201K(174784K)
[2019-01-14T08:50:30.673+0000][4162][gc,metaspace ] GC(23) Metaspace: 76230K->76230K(1118208K)
[2019-01-14T08:50:30.673+0000][4162][gc           ] GC(23) Pause Young (Allocation Failure) 149M->102M(247M) 54.743ms
[2019-01-14T08:50:30.673+0000][4162][gc,cpu       ] GC(23) User=0.12s Sys=0.00s Real=0.06s
[2019-01-14T08:50:30.674+0000][4162][safepoint    ] Total time for which application threads were stopped: 0.0572409 seconds, Stopping threads took: 0.0023539 seconds
[2019-01-14T08:50:30.677+0000][4162][safepoint    ] Application time: 0.0039749 seconds
[2019-01-14T08:50:30.678+0000][4162][safepoint    ] Total time for which application threads were stopped: 0.0003413 seconds, Stopping threads took: 0.0000406 seconds
[2019-01-14T08:50:30.697+0000][4162][safepoint    ] Application time: 0.0194912 seconds
[2019-01-14T08:50:30.698+0000][4162][safepoint    ] Total time for which application threads were stopped: 0.0001240 seconds, Stopping threads took: 0.0000119 seconds
[2019-01-14T08:50:30.702+0000][4162][safepoint    ] Application time: 0.0043627 seconds
[2019-01-14T08:50:30.702+0000][4162][safepoint    ] Total time for which application threads were stopped: 0.0000825 seconds, Stopping threads took: 0.0000295 seconds
[2019-01-14T08:50:30.716+0000][4162][safepoint    ] Application time: 0.0138424 seconds
[2019-01-14T08:50:30.716+0000][4162][safepoint    ] Total time for which application threads were stopped: 0.0000691 seconds, Stopping threads took: 0.0000130 seconds
[2019-01-14T08:50:30.738+0000][4162][safepoint    ] Application time: 0.0215623 seconds
[2019-01-14T08:50:30.738+0000][4162][safepoint    ] Total time for which application threads were stopped: 0.0001407 seconds, Stopping threads took: 0.0000862 seconds
[2019-01-14T08:50:30.739+0000][4162][safepoint    ] Application time: 0.0009277 seconds
[2019-01-14T08:50:30.739+0000][4162][safepoint    ] Total time for which application threads were stopped: 0.0000787 seconds, Stopping threads took: 0.0000217 seconds
[2019-01-14T08:50:30.748+0000][4162][safepoint    ] Application time: 0.0089897 seconds
[2019-01-14T08:50:30.748+0000][4162][safepoint    ] Total time for which application threads were stopped: 0.0002014 seconds, Stopping threads took: 0.0001401 seconds
[2019-01-14T08:50:30.795+0000][4162][safepoint    ] Application time: 0.0471540 seconds
[2019-01-14T08:50:30.795+0000][4162][safepoint    ] Total time for which application threads were stopped: 0.0000819 seconds, Stopping threads took: 0.0000265 seconds
[2019-01-14T08:50:30.798+0000][4162][safepoint    ] Application time: 0.0029111 seconds
[2019-01-14T08:50:30.799+0000][4162][safepoint    ] Total time for which application threads were stopped: 0.0001477 seconds, Stopping threads took: 0.0000868 seconds
[2019-01-14T08:50:30.828+0000][4162][safepoint    ] Application time: 0.0294091 seconds
[2019-01-14T08:50:30.828+0000][4162][safepoint    ] Total time for which application threads were stopped: 0.0000791 seconds, Stopping threads took: 0.0000219 seconds
[2019-01-14T08:50:30.878+0000][4162][safepoint    ] Application time: 0.0497919 seconds
[2019-01-14T08:50:30.878+0000][4162][safepoint    ] Total time for which application threads were stopped: 0.0000915 seconds, Stopping threads took: 0.0000262 seconds
[2019-01-14T08:50:30.880+0000][4162][safepoint    ] Application time: 0.0016251 seconds
[2019-01-14T08:50:30.882+0000][4162][safepoint    ] Total time for which application threads were stopped: 0.0026180 seconds, Stopping threads took: 0.0025697 seconds
[2019-01-14T08:50:30.883+0000][4162][safepoint    ] Application time: 0.0005929 seconds
[2019-01-14T08:50:30.883+0000][4162][safepoint    ] Total time for which application threads were stopped: 0.0000792 seconds, Stopping threads took: 0.0000408 seconds
[2019-01-14T08:50:30.884+0000][4162][safepoint    ] Application time: 0.0013519 seconds
[2019-01-14T08:50:30.887+0000][4162][safepoint    ] Total time for which application threads were stopped: 0.0028815 seconds, Stopping threads took: 0.0028248 seconds
[2019-01-14T08:50:30.888+0000][4162][safepoint    ] Application time: 0.0004928 seconds
[2019-01-14T08:50:30.888+0000][4162][safepoint    ] Total time for which application threads were stopped: 0.0001719 seconds, Stopping threads took: 0.0001237 seconds
[2019-01-14T08:50:30.888+0000][4162][safepoint    ] Application time: 0.0004357 seconds
[2019-01-14T08:50:30.889+0000][4162][safepoint    ] Total time for which application threads were stopped: 0.0000761 seconds, Stopping threads took: 0.0000191 seconds
[2019-01-14T08:50:30.892+0000][4162][safepoint    ] Application time: 0.0030247 seconds
[2019-01-14T08:50:30.894+0000][4162][safepoint    ] Total time for which application threads were stopped: 0.0026842 seconds, Stopping threads took: 0.0026256 seconds
[2019-01-14T08:50:30.894+0000][4162][safepoint    ] Application time: 0.0001159 seconds
[2019-01-14T08:50:30.894+0000][4162][safepoint    ] Total time for which application threads were stopped: 0.0000877 seconds, Stopping threads took: 0.0000505 seconds
[2019-01-14T08:50:30.895+0000][4162][safepoint    ] Application time: 0.0001646 seconds
[2019-01-14T08:50:30.897+0000][4162][safepoint    ] Total time for which application threads were stopped: 0.0026126 seconds, Stopping threads took: 0.0025400 seconds
[2019-01-14T08:50:30.898+0000][4162][safepoint    ] Application time: 0.0003150 seconds
[2019-01-14T08:50:30.898+0000][4162][safepoint    ] Total time for which application threads were stopped: 0.0000508 seconds, Stopping threads took: 0.0000171 seconds
[2019-01-14T08:50:30.905+0000][4162][safepoint    ] Application time: 0.0077835 seconds
[2019-01-14T08:50:30.906+0000][4162][safepoint    ] Total time for which application threads were stopped: 0.0001530 seconds, Stopping threads took: 0.0000398 seconds
[2019-01-14T08:50:30.908+0000][4162][safepoint    ] Application time: 0.0020908 seconds
[2019-01-14T08:50:30.908+0000][4162][safepoint    ] Total time for which application threads were stopped: 0.0000590 seconds, Stopping threads took: 0.0000111 seconds
[2019-01-14T08:50:30.908+0000][4162][safepoint    ] Application time: 0.0004562 seconds
[2019-01-14T08:50:30.908+0000][4162][safepoint    ] Total time for which application threads were stopped: 0.0000467 seconds, Stopping threads took: 0.0000125 seconds
[2019-01-14T08:50:30.909+0000][4162][safepoint    ] Application time: 0.0006558 seconds
[2019-01-14T08:50:30.909+0000][4162][safepoint    ] Total time for which application threads were stopped: 0.0000456 seconds, Stopping threads took: 0.0000122 seconds
[2019-01-14T08:50:30.929+0000][4162][safepoint    ] Application time: 0.0195859 seconds
[2019-01-14T08:50:30.929+0000][4162][safepoint    ] Total time for which application threads were stopped: 0.0000862 seconds, Stopping threads took: 0.0000227 seconds
[2019-01-14T08:50:30.953+0000][4162][safepoint    ] Application time: 0.0238007 seconds
[2019-01-14T08:50:30.953+0000][4162][safepoint    ] Total time for which application threads were stopped: 0.0001310 seconds, Stopping threads took: 0.0000394 seconds
[2019-01-14T08:50:30.956+0000][4162][safepoint    ] Application time: 0.0035377 seconds
[2019-01-14T08:50:30.957+0000][4162][safepoint    ] Total time for which application threads were stopped: 0.0001486 seconds, Stopping threads took: 0.0000490 seconds
[2019-01-14T08:50:30.987+0000][4162][safepoint    ] Application time: 0.0305908 seconds
[2019-01-14T08:50:30.987+0000][4162][safepoint    ] Total time for which application threads were stopped: 0.0000741 seconds, Stopping threads took: 0.0000112 seconds
[2019-01-14T08:50:31.000+0000][4162][safepoint    ] Application time: 0.0126986 seconds
[2019-01-14T08:50:31.000+0000][4162][safepoint    ] Total time for which application threads were stopped: 0.0000884 seconds, Stopping threads took: 0.0000286 seconds
[2019-01-14T08:50:31.000+0000][4162][safepoint    ] Application time: 0.0003279 seconds
[2019-01-14T08:50:31.000+0000][4162][safepoint    ] Total time for which application threads were stopped: 0.0000476 seconds, Stopping threads took: 0.0000099 seconds
[2019-01-14T08:50:31.001+0000][4162][safepoint    ] Application time: 0.0000401 seconds
[2019-01-14T08:50:31.001+0000][4162][safepoint    ] Total time for which application threads were stopped: 0.0000332 seconds, Stopping threads took: 0.0000079 seconds
[2019-01-14T08:50:31.001+0000][4162][safepoint    ] Application time: 0.0000370 seconds
[2019-01-14T08:50:31.001+0000][4162][safepoint    ] Total time for which application threads were stopped: 0.0000322 seconds, Stopping threads took: 0.0000078 seconds
[2019-01-14T08:50:31.001+0000][4162][safepoint    ] Application time: 0.0000381 seconds
[2019-01-14T08:50:31.001+0000][4162][safepoint    ] Total time for which application threads were stopped: 0.0000270 seconds, Stopping threads took: 0.0000031 seconds
[2019-01-14T08:50:31.001+0000][4162][safepoint    ] Application time: 0.0000333 seconds
[2019-01-14T08:50:31.001+0000][4162][safepoint    ] Total time for which application threads were stopped: 0.0000293 seconds, Stopping threads took: 0.0000030 seconds
[2019-01-14T08:50:31.001+0000][4162][safepoint    ] Application time: 0.0000411 seconds
[2019-01-14T08:50:31.001+0000][4162][safepoint    ] Total time for which application threads were stopped: 0.0000280 seconds, Stopping threads took: 0.0000030 seconds
[2019-01-14T08:50:31.001+0000][4162][safepoint    ] Application time: 0.0000329 seconds
[2019-01-14T08:50:31.001+0000][4162][safepoint    ] Total time for which application threads were stopped: 0.0000273 seconds, Stopping threads took: 0.0000032 seconds
[2019-01-14T08:50:31.001+0000][4162][safepoint    ] Application time: 0.0000330 seconds
[2019-01-14T08:50:31.001+0000][4162][safepoint    ] Total time for which application threads were stopped: 0.0000276 seconds, Stopping threads took: 0.0000032 seconds
[2019-01-14T08:50:31.001+0000][4162][safepoint    ] Application time: 0.0000336 seconds
[2019-01-14T08:50:31.001+0000][4162][safepoint    ] Total time for which application threads were stopped: 0.0000280 seconds, Stopping threads took: 0.0000031 seconds
[2019-01-14T08:50:31.001+0000][4162][safepoint    ] Application time: 0.0000337 seconds
[2019-01-14T08:50:31.001+0000][4162][safepoint    ] Total time for which application threads were stopped: 0.0000283 seconds, Stopping threads took: 0.0000033 seconds
[2019-01-14T08:50:31.001+0000][4162][safepoint    ] Application time: 0.0000330 seconds
[2019-01-14T08:50:31.001+0000][4162][safepoint    ] Total time for which application threads were stopped: 0.0000277 seconds, Stopping threads took: 0.0000033 seconds
[2019-01-14T08:50:31.001+0000][4162][safepoint    ] Application time: 0.0000636 seconds
[2019-01-14T08:50:31.001+0000][4162][safepoint    ] Total time for which application threads were stopped: 0.0000289 seconds, Stopping threads took: 0.0000035 seconds
[2019-01-14T08:50:31.001+0000][4162][safepoint    ] Application time: 0.0000468 seconds
[2019-01-14T08:50:31.001+0000][4162][safepoint    ] Total time for which application threads were stopped: 0.0000280 seconds, Stopping threads took: 0.0000034 seconds
[2019-01-14T08:50:31.002+0000][4162][safepoint    ] Application time: 0.0001236 seconds
[2019-01-14T08:50:31.002+0000][4162][safepoint    ] Total time for which application threads were stopped: 0.0000281 seconds, Stopping threads took: 0.0000033 seconds
[2019-01-14T08:50:31.002+0000][4162][safepoint    ] Application time: 0.0000341 seconds
[2019-01-14T08:50:31.002+0000][4162][safepoint    ] Total time for which application threads were stopped: 0.0000268 seconds, Stopping threads took: 0.0000031 seconds
[2019-01-14T08:50:31.002+0000][4162][safepoint    ] Application time: 0.0001033 seconds
[2019-01-14T08:50:31.002+0000][4162][safepoint    ] Total time for which application threads were stopped: 0.0000282 seconds, Stopping threads took: 0.0000034 seconds
[2019-01-14T08:50:31.002+0000][4162][safepoint    ] Application time: 0.0000342 seconds
[2019-01-14T08:50:31.002+0000][4162][safepoint    ] Total time for which application threads were stopped: 0.0000269 seconds, Stopping threads took: 0.0000032 seconds
[2019-01-14T08:50:31.002+0000][4162][safepoint    ] Application time: 0.0000323 seconds
[2019-01-14T08:50:31.002+0000][4162][safepoint    ] Total time for which application threads were stopped: 0.0000269 seconds, Stopping threads took: 0.0000032 seconds
[2019-01-14T08:50:31.002+0000][4162][safepoint    ] Application time: 0.0000334 seconds
[2019-01-14T08:50:31.002+0000][4162][safepoint    ] Total time for which application threads were stopped: 0.0002048 seconds, Stopping threads took: 0.0000032 seconds
[2019-01-14T08:50:31.010+0000][4162][safepoint    ] Application time: 0.0072383 seconds
[2019-01-14T08:50:31.010+0000][4162][safepoint    ] Total time for which application threads were stopped: 0.0000949 seconds, Stopping threads took: 0.0000182 seconds
[2019-01-14T08:50:31.041+0000][4162][safepoint    ] Application time: 0.0312597 seconds
[2019-01-14T08:50:31.041+0000][4162][safepoint    ] Total time for which application threads were stopped: 0.0001316 seconds, Stopping threads took: 0.0000282 seconds
[2019-01-14T08:50:31.041+0000][4162][safepoint    ] Application time: 0.0003293 seconds
[2019-01-14T08:50:31.042+0000][4162][safepoint    ] Total time for which application threads were stopped: 0.0000512 seconds, Stopping threads took: 0.0000100 seconds
[2019-01-14T08:50:31.112+0000][4162][safepoint    ] Application time: 0.0708858 seconds
[2019-01-14T08:50:31.112+0000][4162][safepoint    ] Total time for which application threads were stopped: 0.0000752 seconds, Stopping threads took: 0.0000091 seconds
[2019-01-14T08:50:31.145+0000][4162][safepoint    ] Application time: 0.0328054 seconds
[2019-01-14T08:50:31.145+0000][4162][safepoint    ] Total time for which application threads were stopped: 0.0001061 seconds, Stopping threads took: 0.0000197 seconds
[2019-01-14T08:50:31.200+0000][4162][safepoint    ] Application time: 0.0547387 seconds
[2019-01-14T08:50:31.203+0000][4162][safepoint    ] Total time for which application threads were stopped: 0.0027302 seconds, Stopping threads took: 0.0026606 seconds
[2019-01-14T08:50:31.203+0000][4162][safepoint    ] Application time: 0.0000667 seconds
[2019-01-14T08:50:31.203+0000][4162][safepoint    ] Total time for which application threads were stopped: 0.0000346 seconds, Stopping threads took: 0.0000044 seconds
[2019-01-14T08:50:31.219+0000][4162][safepoint    ] Application time: 0.0160851 seconds
[2019-01-14T08:50:31.219+0000][4162][safepoint    ] Total time for which application threads were stopped: 0.0001022 seconds, Stopping threads took: 0.0000409 seconds
[2019-01-14T08:50:31.235+0000][4162][safepoint    ] Application time: 0.0157456 seconds
[2019-01-14T08:50:31.235+0000][4162][safepoint    ] Total time for which application threads were stopped: 0.0000620 seconds, Stopping threads took: 0.0000129 seconds
[2019-01-14T08:50:31.250+0000][4162][safepoint    ] Application time: 0.0151389 seconds
[2019-01-14T08:50:31.250+0000][4162][safepoint    ] Total time for which application threads were stopped: 0.0000706 seconds, Stopping threads took: 0.0000124 seconds
[2019-01-14T08:50:31.251+0000][4162][safepoint    ] Application time: 0.0001118 seconds
[2019-01-14T08:50:31.251+0000][4162][safepoint    ] Total time for which application threads were stopped: 0.0000333 seconds, Stopping threads took: 0.0000045 seconds
[2019-01-14T08:50:31.251+0000][4162][safepoint    ] Application time: 0.0000568 seconds
[2019-01-14T08:50:31.251+0000][4162][safepoint    ] Total time for which application threads were stopped: 0.0000293 seconds, Stopping threads took: 0.0000034 seconds
[2019-01-14T08:50:31.251+0000][4162][safepoint    ] Application time: 0.0000570 seconds
[2019-01-14T08:50:31.251+0000][4162][safepoint    ] Total time for which application threads were stopped: 0.0000302 seconds, Stopping threads took: 0.0000036 seconds
[2019-01-14T08:50:31.257+0000][4162][safepoint    ] Application time: 0.0062649 seconds
[2019-01-14T08:50:31.257+0000][4162][safepoint    ] Total time for which application threads were stopped: 0.0000661 seconds, Stopping threads took: 0.0000129 seconds
[2019-01-14T08:50:31.259+0000][4162][safepoint    ] Application time: 0.0016852 seconds
[2019-01-14T08:50:31.259+0000][4162][safepoint    ] Total time for which application threads were stopped: 0.0000668 seconds, Stopping threads took: 0.0000206 seconds
[2019-01-14T08:50:31.269+0000][4162][safepoint    ] Application time: 0.0101084 seconds
[2019-01-14T08:50:31.269+0000][4162][safepoint    ] Total time for which application threads were stopped: 0.0000626 seconds, Stopping threads took: 0.0000107 seconds
[2019-01-14T08:50:31.271+0000][4162][safepoint    ] Application time: 0.0013569 seconds
[2019-01-14T08:50:31.271+0000][4162][safepoint    ] Total time for which application threads were stopped: 0.0000505 seconds, Stopping threads took: 0.0000088 seconds
[2019-01-14T08:50:31.282+0000][4162][safepoint    ] Application time: 0.0113576 seconds
[2019-01-14T08:50:31.282+0000][4162][safepoint    ] Total time for which application threads were stopped: 0.0001511 seconds, Stopping threads took: 0.0000152 seconds
[2019-01-14T08:50:31.289+0000][4162][safepoint    ] Application time: 0.0063880 seconds
[2019-01-14T08:50:31.289+0000][4162][safepoint    ] Total time for which application threads were stopped: 0.0000832 seconds, Stopping threads took: 0.0000126 seconds
[2019-01-14T08:50:31.289+0000][4162][safepoint    ] Application time: 0.0001757 seconds
[2019-01-14T08:50:31.289+0000][4162][safepoint    ] Total time for which application threads were stopped: 0.0000669 seconds, Stopping threads took: 0.0000057 seconds
[2019-01-14T08:50:31.292+0000][4162][safepoint    ] Application time: 0.0027433 seconds
[2019-01-14T08:50:31.292+0000][4162][safepoint    ] Total time for which application threads were stopped: 0.0003393 seconds, Stopping threads took: 0.0001912 seconds
[2019-01-14T08:50:31.294+0000][4162][safepoint    ] Application time: 0.0015814 seconds
[2019-01-14T08:50:31.294+0000][4162][safepoint    ] Total time for which application threads were stopped: 0.0000673 seconds, Stopping threads took: 0.0000110 seconds
[2019-01-14T08:50:31.294+0000][4162][safepoint    ] Application time: 0.0004689 seconds
[2019-01-14T08:50:31.294+0000][4162][safepoint    ] Total time for which application threads were stopped: 0.0000419 seconds, Stopping threads took: 0.0000062 seconds
[2019-01-14T08:50:31.296+0000][4162][safepoint    ] Application time: 0.0013191 seconds
[2019-01-14T08:50:31.296+0000][4162][safepoint    ] Total time for which application threads were stopped: 0.0000477 seconds, Stopping threads took: 0.0000086 seconds
[2019-01-14T08:50:31.297+0000][4162][safepoint    ] Application time: 0.0007754 seconds
[2019-01-14T08:50:31.297+0000][4162][safepoint    ] Total time for which application threads were stopped: 0.0000442 seconds, Stopping threads took: 0.0000068 seconds
[2019-01-14T08:50:31.297+0000][4162][safepoint    ] Application time: 0.0005189 seconds
[2019-01-14T08:50:31.297+0000][4162][safepoint    ] Total time for which application threads were stopped: 0.0000414 seconds, Stopping threads took: 0.0000061 seconds
[2019-01-14T08:50:31.312+0000][4162][safepoint    ] Application time: 0.0145321 seconds
[2019-01-14T08:50:31.312+0000][4162][safepoint    ] Total time for which application threads were stopped: 0.0000593 seconds, Stopping threads took: 0.0000092 seconds
[2019-01-14T08:50:31.328+0000][4162][safepoint    ] Application time: 0.0161491 seconds
[2019-01-14T08:50:31.328+0000][4162][safepoint    ] Total time for which application threads were stopped: 0.0001025 seconds, Stopping threads took: 0.0000235 seconds
[2019-01-14T08:50:31.365+0000][4162][safepoint    ] Application time: 0.0372116 seconds
[2019-01-14T08:50:31.366+0000][4162][safepoint    ] Total time for which application threads were stopped: 0.0001201 seconds, Stopping threads took: 0.0000387 seconds
[2019-01-14T08:50:31.366+0000][4162][safepoint    ] Application time: 0.0000275 seconds
[2019-01-14T08:50:31.366+0000][4162][safepoint    ] Total time for which application threads were stopped: 0.0000256 seconds, Stopping threads took: 0.0000024 seconds
[2019-01-14T08:50:31.366+0000][4162][safepoint    ] Application time: 0.0001938 seconds
[2019-01-14T08:50:31.366+0000][4162][safepoint    ] Total time for which application threads were stopped: 0.0000373 seconds, Stopping threads took: 0.0000041 seconds
[2019-01-14T08:50:31.368+0000][4162][safepoint    ] Application time: 0.0020371 seconds
[2019-01-14T08:50:31.368+0000][4162][safepoint    ] Total time for which application threads were stopped: 0.0000665 seconds, Stopping threads took: 0.0000102 seconds
[2019-01-14T08:50:31.368+0000][4162][safepoint    ] Application time: 0.0002835 seconds
[2019-01-14T08:50:31.368+0000][4162][safepoint    ] Total time for which application threads were stopped: 0.0000502 seconds, Stopping threads took: 0.0000124 seconds
[2019-01-14T08:50:31.369+0000][4162][safepoint    ] Application time: 0.0003304 seconds
[2019-01-14T08:50:31.369+0000][4162][safepoint    ] Total time for which application threads were stopped: 0.0000525 seconds, Stopping threads took: 0.0000146 seconds
[2019-01-14T08:50:31.371+0000][4162][safepoint    ] Application time: 0.0027055 seconds
[2019-01-14T08:50:31.374+0000][4162][safepoint    ] Total time for which application threads were stopped: 0.0026917 seconds, Stopping threads took: 0.0026197 seconds
[2019-01-14T08:50:31.379+0000][4162][safepoint    ] Application time: 0.0049538 seconds
[2019-01-14T08:50:31.379+0000][4162][safepoint    ] Total time for which application threads were stopped: 0.0001659 seconds, Stopping threads took: 0.0000927 seconds
[2019-01-14T08:50:31.391+0000][4162][safepoint    ] Application time: 0.0114317 seconds
[2019-01-14T08:50:31.391+0000][4162][safepoint    ] Total time for which application threads were stopped: 0.0001979 seconds, Stopping threads took: 0.0000562 seconds
[2019-01-14T08:50:31.398+0000][4162][safepoint    ] Application time: 0.0072206 seconds
[2019-01-14T08:50:31.409+0000][4162][safepoint    ] Total time for which application threads were stopped: 0.0108062 seconds, Stopping threads took: 0.0000213 seconds
[2019-01-14T08:50:31.413+0000][4162][safepoint    ] Application time: 0.0039006 seconds
[2019-01-14T08:50:31.413+0000][4162][safepoint    ] Total time for which application threads were stopped: 0.0000994 seconds, Stopping threads took: 0.0000108 seconds
[2019-01-14T08:50:31.445+0000][4162][safepoint    ] Application time: 0.0320327 seconds
[2019-01-14T08:50:31.445+0000][4162][safepoint    ] Total time for which application threads were stopped: 0.0000859 seconds, Stopping threads took: 0.0000232 seconds
[2019-01-14T08:50:31.446+0000][4162][safepoint    ] Application time: 0.0000257 seconds
[2019-01-14T08:50:31.446+0000][4162][safepoint    ] Total time for which application threads were stopped: 0.0000253 seconds, Stopping threads took: 0.0000023 seconds
[2019-01-14T08:50:31.446+0000][4162][safepoint    ] Application time: 0.0001590 seconds
[2019-01-14T08:50:31.446+0000][4162][safepoint    ] Total time for which application threads were stopped: 0.0000335 seconds, Stopping threads took: 0.0000037 seconds
[2019-01-14T08:50:31.448+0000][4162][safepoint    ] Application time: 0.0024289 seconds
[2019-01-14T08:50:31.448+0000][4162][safepoint    ] Total time for which application threads were stopped: 0.0001439 seconds, Stopping threads took: 0.0000796 seconds
[2019-01-14T08:50:31.449+0000][4162][safepoint    ] Application time: 0.0002330 seconds
[2019-01-14T08:50:31.449+0000][4162][safepoint    ] Total time for which application threads were stopped: 0.0000530 seconds, Stopping threads took: 0.0000114 seconds
[2019-01-14T08:50:31.450+0000][4162][safepoint    ] Application time: 0.0011571 seconds
[2019-01-14T08:50:31.450+0000][4162][safepoint    ] Total time for which application threads were stopped: 0.0005024 seconds, Stopping threads took: 0.0001280 seconds
[2019-01-14T08:50:31.454+0000][4162][safepoint    ] Application time: 0.0032308 seconds
[2019-01-14T08:50:31.454+0000][4162][safepoint    ] Total time for which application threads were stopped: 0.0000731 seconds, Stopping threads took: 0.0000203 seconds
[2019-01-14T08:50:31.460+0000][4162][safepoint    ] Application time: 0.0060342 seconds
[2019-01-14T08:50:31.460+0000][4162][safepoint    ] Total time for which application threads were stopped: 0.0000819 seconds, Stopping threads took: 0.0000152 seconds
[2019-01-14T08:50:31.462+0000][4162][safepoint    ] Application time: 0.0021797 seconds
[2019-01-14T08:50:31.462+0000][4162][safepoint    ] Total time for which application threads were stopped: 0.0000754 seconds, Stopping threads took: 0.0000214 seconds
[2019-01-14T08:50:31.462+0000][4162][safepoint    ] Application time: 0.0000227 seconds
[2019-01-14T08:50:31.462+0000][4162][safepoint    ] Total time for which application threads were stopped: 0.0000628 seconds, Stopping threads took: 0.0000025 seconds
[2019-01-14T08:50:31.463+0000][4162][safepoint    ] Application time: 0.0001514 seconds
[2019-01-14T08:50:31.463+0000][4162][safepoint    ] Total time for which application threads were stopped: 0.0000287 seconds, Stopping threads took: 0.0000027 seconds
[2019-01-14T08:50:31.463+0000][4162][safepoint    ] Application time: 0.0004024 seconds
[2019-01-14T08:50:31.463+0000][4162][safepoint    ] Total time for which application threads were stopped: 0.0000315 seconds, Stopping threads took: 0.0000040 seconds
[2019-01-14T08:50:31.467+0000][4162][safepoint    ] Application time: 0.0043375 seconds
[2019-01-14T08:50:31.468+0000][4162][safepoint    ] Total time for which application threads were stopped: 0.0000816 seconds, Stopping threads took: 0.0000220 seconds
[2019-01-14T08:50:31.468+0000][4162][safepoint    ] Application time: 0.0001969 seconds
[2019-01-14T08:50:31.468+0000][4162][safepoint    ] Total time for which application threads were stopped: 0.0000360 seconds, Stopping threads took: 0.0000083 seconds
[2019-01-14T08:50:31.468+0000][4162][safepoint    ] Application time: 0.0003310 seconds
[2019-01-14T08:50:31.468+0000][4162][safepoint    ] Total time for which application threads were stopped: 0.0000427 seconds, Stopping threads took: 0.0000100 seconds
[2019-01-14T08:50:31.469+0000][4162][safepoint    ] Application time: 0.0011623 seconds
[2019-01-14T08:50:31.472+0000][4162][safepoint    ] Total time for which application threads were stopped: 0.0025446 seconds, Stopping threads took: 0.0024851 seconds
[2019-01-14T08:50:31.481+0000][4162][safepoint    ] Application time: 0.0094694 seconds
[2019-01-14T08:50:31.482+0000][4162][safepoint    ] Total time for which application threads were stopped: 0.0001315 seconds, Stopping threads took: 0.0000173 seconds
[2019-01-14T08:50:31.482+0000][4162][safepoint    ] Application time: 0.0002798 seconds
[2019-01-14T08:50:31.482+0000][4162][safepoint    ] Total time for which application threads were stopped: 0.0000692 seconds, Stopping threads took: 0.0000240 seconds
[2019-01-14T08:50:31.482+0000][4162][safepoint    ] Application time: 0.0001346 seconds
[2019-01-14T08:50:31.482+0000][4162][safepoint    ] Total time for which application threads were stopped: 0.0000451 seconds, Stopping threads took: 0.0000163 seconds
[2019-01-14T08:50:31.482+0000][4162][safepoint    ] Application time: 0.0002153 seconds
[2019-01-14T08:50:31.483+0000][4162][safepoint    ] Total time for which application threads were stopped: 0.0000833 seconds, Stopping threads took: 0.0000478 seconds
[2019-01-14T08:50:31.485+0000][4162][safepoint    ] Application time: 0.0023557 seconds
[2019-01-14T08:50:31.485+0000][4162][safepoint    ] Total time for which application threads were stopped: 0.0000720 seconds, Stopping threads took: 0.0000186 seconds
[2019-01-14T08:50:31.491+0000][4162][safepoint    ] Application time: 0.0054916 seconds
[2019-01-14T08:50:31.491+0000][4162][safepoint    ] Total time for which application threads were stopped: 0.0001164 seconds, Stopping threads took: 0.0000601 seconds
[2019-01-14T08:50:31.492+0000][4162][safepoint    ] Application time: 0.0008904 seconds
[2019-01-14T08:50:31.492+0000][4162][safepoint    ] Total time for which application threads were stopped: 0.0000991 seconds, Stopping threads took: 0.0000579 seconds
[2019-01-14T08:50:31.493+0000][4162][safepoint    ] Application time: 0.0011730 seconds
[2019-01-14T08:50:31.493+0000][4162][safepoint    ] Total time for which application threads were stopped: 0.0000550 seconds, Stopping threads took: 0.0000076 seconds
[2019-01-14T08:50:31.493+0000][4162][safepoint    ] Application time: 0.0002738 seconds
[2019-01-14T08:50:31.493+0000][4162][safepoint    ] Total time for which application threads were stopped: 0.0000435 seconds, Stopping threads took: 0.0000059 seconds
[2019-01-14T08:50:31.494+0000][4162][safepoint    ] Application time: 0.0002465 seconds
[2019-01-14T08:50:31.494+0000][4162][safepoint    ] Total time for which application threads were stopped: 0.0000543 seconds, Stopping threads took: 0.0000160 seconds
[2019-01-14T08:50:31.504+0000][4162][safepoint    ] Application time: 0.0106972 seconds
[2019-01-14T08:50:31.505+0000][4162][safepoint    ] Total time for which application threads were stopped: 0.0003002 seconds, Stopping threads took: 0.0000403 seconds
[2019-01-14T08:50:31.560+0000][4162][safepoint    ] Application time: 0.0557378 seconds
[2019-01-14T08:50:31.561+0000][4162][safepoint    ] Total time for which application threads were stopped: 0.0000740 seconds, Stopping threads took: 0.0000109 seconds
[2019-01-14T08:50:31.562+0000][4162][safepoint    ] Application time: 0.0016552 seconds
[2019-01-14T08:50:31.562+0000][4162][safepoint    ] Total time for which application threads were stopped: 0.0000527 seconds, Stopping threads took: 0.0000097 seconds
[2019-01-14T08:50:31.562+0000][4162][safepoint    ] Application time: 0.0001712 seconds
[2019-01-14T08:50:31.563+0000][4162][safepoint    ] Total time for which application threads were stopped: 0.0000338 seconds, Stopping threads took: 0.0000042 seconds
[2019-01-14T08:50:31.563+0000][4162][safepoint    ] Application time: 0.0000846 seconds
[2019-01-14T08:50:31.563+0000][4162][safepoint    ] Total time for which application threads were stopped: 0.0000294 seconds, Stopping threads took: 0.0000037 seconds
[2019-01-14T08:50:31.565+0000][4162][safepoint    ] Application time: 0.0027098 seconds
[2019-01-14T08:50:31.566+0000][4162][safepoint    ] Total time for which application threads were stopped: 0.0005022 seconds, Stopping threads took: 0.0000087 seconds
[2019-01-14T08:50:31.582+0000][4162][safepoint    ] Application time: 0.0163488 seconds
[2019-01-14T08:50:31.582+0000][4162][safepoint    ] Total time for which application threads were stopped: 0.0000618 seconds, Stopping threads took: 0.0000117 seconds
[2019-01-14T08:50:31.584+0000][4162][safepoint    ] Application time: 0.0019778 seconds
[2019-01-14T08:50:31.584+0000][4162][safepoint    ] Total time for which application threads were stopped: 0.0000491 seconds, Stopping threads took: 0.0000082 seconds
[2019-01-14T08:50:31.595+0000][4162][safepoint    ] Application time: 0.0106263 seconds
[2019-01-14T08:50:31.597+0000][4162][safepoint    ] Total time for which application threads were stopped: 0.0019898 seconds, Stopping threads took: 0.0012986 seconds
[2019-01-14T08:50:31.642+0000][4162][safepoint    ] Application time: 0.0445590 seconds
[2019-01-14T08:50:31.642+0000][4162][safepoint    ] Total time for which application threads were stopped: 0.0000760 seconds, Stopping threads took: 0.0000172 seconds
[2019-01-14T08:50:31.645+0000][4162][safepoint    ] Application time: 0.0032409 seconds
[2019-01-14T08:50:31.645+0000][4162][safepoint    ] Total time for which application threads were stopped: 0.0000863 seconds, Stopping threads took: 0.0000167 seconds
[2019-01-14T08:50:31.645+0000][4162][safepoint    ] Application time: 0.0000901 seconds
[2019-01-14T08:50:31.645+0000][4162][safepoint    ] Total time for which application threads were stopped: 0.0000363 seconds, Stopping threads took: 0.0000094 seconds
[2019-01-14T08:50:31.645+0000][4162][safepoint    ] Application time: 0.0000835 seconds
[2019-01-14T08:50:31.645+0000][4162][safepoint    ] Total time for which application threads were stopped: 0.0000334 seconds, Stopping threads took: 0.0000081 seconds
[2019-01-14T08:50:31.645+0000][4162][safepoint    ] Application time: 0.0000683 seconds
[2019-01-14T08:50:31.646+0000][4162][safepoint    ] Total time for which application threads were stopped: 0.0000339 seconds, Stopping threads took: 0.0000078 seconds
[2019-01-14T08:50:31.646+0000][4162][safepoint    ] Application time: 0.0004109 seconds
[2019-01-14T08:50:31.646+0000][4162][safepoint    ] Total time for which application threads were stopped: 0.0000378 seconds, Stopping threads took: 0.0000098 seconds
[2019-01-14T08:50:31.651+0000][4162][safepoint    ] Application time: 0.0049382 seconds
[2019-01-14T08:50:31.651+0000][4162][safepoint    ] Total time for which application threads were stopped: 0.0000734 seconds, Stopping threads took: 0.0000165 seconds
[2019-01-14T08:50:31.651+0000][4162][safepoint    ] Application time: 0.0000978 seconds
[2019-01-14T08:50:31.651+0000][4162][safepoint    ] Total time for which application threads were stopped: 0.0000369 seconds, Stopping threads took: 0.0000089 seconds
[2019-01-14T08:50:31.651+0000][4162][safepoint    ] Application time: 0.0000981 seconds
[2019-01-14T08:50:31.651+0000][4162][safepoint    ] Total time for which application threads were stopped: 0.0000373 seconds, Stopping threads took: 0.0000087 seconds
[2019-01-14T08:50:31.651+0000][4162][safepoint    ] Application time: 0.0000517 seconds
[2019-01-14T08:50:31.651+0000][4162][safepoint    ] Total time for which application threads were stopped: 0.0000333 seconds, Stopping threads took: 0.0000080 seconds
[2019-01-14T08:50:31.667+0000][4162][safepoint    ] Application time: 0.0150932 seconds
[2019-01-14T08:50:31.667+0000][4162][safepoint    ] Total time for which application threads were stopped: 0.0000794 seconds, Stopping threads took: 0.0000174 seconds
[2019-01-14T08:50:31.668+0000][4162][safepoint    ] Application time: 0.0013958 seconds
[2019-01-14T08:50:31.668+0000][4162][safepoint    ] Total time for which application threads were stopped: 0.0000554 seconds, Stopping threads took: 0.0000145 seconds
[2019-01-14T08:50:31.671+0000][4162][safepoint    ] Application time: 0.0025598 seconds
[2019-01-14T08:50:31.671+0000][4162][gc,start     ] GC(24) Pause Young (Allocation Failure)
[2019-01-14T08:50:31.671+0000][4162][gc,task      ] GC(24) Using 2 workers of 2 for evacuation
[2019-01-14T08:50:31.695+0000][4162][gc,age       ] GC(24) Desired survivor size 4456448 bytes, new threshold 1 (max threshold 6)
[2019-01-14T08:50:31.695+0000][4162][gc,age       ] GC(24) Age table with threshold 1 (max threshold 6)
[2019-01-14T08:50:31.695+0000][4162][gc,age       ] GC(24) - age   1:    5236168 bytes,    5236168 total
[2019-01-14T08:50:31.695+0000][4162][gc,heap      ] GC(24) ParNew: 78656K->8227K(78656K)
[2019-01-14T08:50:31.695+0000][4162][gc,heap      ] GC(24) CMS: 96201K->104917K(174784K)
[2019-01-14T08:50:31.695+0000][4162][gc,metaspace ] GC(24) Metaspace: 80358K->80358K(1122304K)
[2019-01-14T08:50:31.695+0000][4162][gc           ] GC(24) Pause Young (Allocation Failure) 170M->110M(247M) 24.643ms
[2019-01-14T08:50:31.695+0000][4162][gc,cpu       ] GC(24) User=0.04s Sys=0.00s Real=0.03s
[2019-01-14T08:50:31.695+0000][4162][safepoint    ] Total time for which application threads were stopped: 0.0247694 seconds, Stopping threads took: 0.0000181 seconds
[2019-01-14T08:50:31.698+0000][4162][safepoint    ] Application time: 0.0021220 seconds
[2019-01-14T08:50:31.698+0000][4162][safepoint    ] Total time for which application threads were stopped: 0.0001841 seconds, Stopping threads took: 0.0001310 seconds
[2019-01-14T08:50:31.698+0000][4162][safepoint    ] Application time: 0.0005001 seconds
[2019-01-14T08:50:31.698+0000][4162][safepoint    ] Total time for which application threads were stopped: 0.0000402 seconds, Stopping threads took: 0.0000045 seconds
[2019-01-14T08:50:31.699+0000][4162][safepoint    ] Application time: 0.0001097 seconds
[2019-01-14T08:50:31.699+0000][4162][safepoint    ] Total time for which application threads were stopped: 0.0000336 seconds, Stopping threads took: 0.0000038 seconds
[2019-01-14T08:50:31.699+0000][4162][safepoint    ] Application time: 0.0000439 seconds
[2019-01-14T08:50:31.699+0000][4162][safepoint    ] Total time for which application threads were stopped: 0.0000299 seconds, Stopping threads took: 0.0000036 seconds
[2019-01-14T08:50:31.699+0000][4162][safepoint    ] Application time: 0.0000733 seconds
[2019-01-14T08:50:31.699+0000][4162][safepoint    ] Total time for which application threads were stopped: 0.0000511 seconds, Stopping threads took: 0.0000034 seconds
[2019-01-14T08:50:31.699+0000][4162][safepoint    ] Application time: 0.0002886 seconds
[2019-01-14T08:50:31.699+0000][4162][safepoint    ] Total time for which application threads were stopped: 0.0000310 seconds, Stopping threads took: 0.0000035 seconds
[2019-01-14T08:50:31.699+0000][4162][safepoint    ] Application time: 0.0002592 seconds
[2019-01-14T08:50:31.700+0000][4162][safepoint    ] Total time for which application threads were stopped: 0.0001198 seconds, Stopping threads took: 0.0000485 seconds
[2019-01-14T08:50:31.701+0000][4162][safepoint    ] Application time: 0.0013295 seconds
[2019-01-14T08:50:31.701+0000][4162][safepoint    ] Total time for which application threads were stopped: 0.0000682 seconds, Stopping threads took: 0.0000153 seconds
[2019-01-14T08:50:31.704+0000][4162][safepoint    ] Application time: 0.0028679 seconds
[2019-01-14T08:50:31.704+0000][4162][safepoint    ] Total time for which application threads were stopped: 0.0000818 seconds, Stopping threads took: 0.0000171 seconds
[2019-01-14T08:50:31.704+0000][4162][safepoint    ] Application time: 0.0001875 seconds
[2019-01-14T08:50:31.704+0000][4162][safepoint    ] Total time for which application threads were stopped: 0.0000473 seconds, Stopping threads took: 0.0000126 seconds
[2019-01-14T08:50:31.705+0000][4162][safepoint    ] Application time: 0.0007156 seconds
[2019-01-14T08:50:31.705+0000][4162][safepoint    ] Total time for which application threads were stopped: 0.0000562 seconds, Stopping threads took: 0.0000128 seconds
[2019-01-14T08:50:31.705+0000][4162][safepoint    ] Application time: 0.0000566 seconds
[2019-01-14T08:50:31.705+0000][4162][safepoint    ] Total time for which application threads were stopped: 0.0000404 seconds, Stopping threads took: 0.0000097 seconds
[2019-01-14T08:50:31.717+0000][4162][safepoint    ] Application time: 0.0118255 seconds
[2019-01-14T08:50:31.717+0000][4162][safepoint    ] Total time for which application threads were stopped: 0.0003419 seconds, Stopping threads took: 0.0000200 seconds
[2019-01-14T08:50:31.719+0000][4162][safepoint    ] Application time: 0.0014425 seconds
[2019-01-14T08:50:31.719+0000][4162][safepoint    ] Total time for which application threads were stopped: 0.0000615 seconds, Stopping threads took: 0.0000147 seconds
[2019-01-14T08:50:31.721+0000][4162][safepoint    ] Application time: 0.0019288 seconds
[2019-01-14T08:50:31.721+0000][4162][safepoint    ] Total time for which application threads were stopped: 0.0000691 seconds, Stopping threads took: 0.0000159 seconds
[2019-01-14T08:50:31.721+0000][4162][safepoint    ] Application time: 0.0004122 seconds
[2019-01-14T08:50:31.721+0000][4162][safepoint    ] Total time for which application threads were stopped: 0.0000478 seconds, Stopping threads took: 0.0000118 seconds
[2019-01-14T08:50:31.721+0000][4162][safepoint    ] Application time: 0.0000914 seconds
[2019-01-14T08:50:31.722+0000][4162][safepoint    ] Total time for which application threads were stopped: 0.0000344 seconds, Stopping threads took: 0.0000090 seconds
[2019-01-14T08:50:31.722+0000][4162][safepoint    ] Application time: 0.0000728 seconds
[2019-01-14T08:50:31.722+0000][4162][safepoint    ] Total time for which application threads were stopped: 0.0000330 seconds, Stopping threads took: 0.0000080 seconds
[2019-01-14T08:50:31.722+0000][4162][safepoint    ] Application time: 0.0000632 seconds
[2019-01-14T08:50:31.722+0000][4162][safepoint    ] Total time for which application threads were stopped: 0.0000321 seconds, Stopping threads took: 0.0000081 seconds
[2019-01-14T08:50:31.722+0000][4162][safepoint    ] Application time: 0.0003156 seconds
[2019-01-14T08:50:31.722+0000][4162][safepoint    ] Total time for which application threads were stopped: 0.0000371 seconds, Stopping threads took: 0.0000095 seconds
[2019-01-14T08:50:31.726+0000][4162][safepoint    ] Application time: 0.0035229 seconds
[2019-01-14T08:50:31.726+0000][4162][safepoint    ] Total time for which application threads were stopped: 0.0000759 seconds, Stopping threads took: 0.0000188 seconds
[2019-01-14T08:50:31.726+0000][4162][safepoint    ] Application time: 0.0001464 seconds
[2019-01-14T08:50:31.726+0000][4162][safepoint    ] Total time for which application threads were stopped: 0.0000393 seconds, Stopping threads took: 0.0000088 seconds
[2019-01-14T08:50:31.726+0000][4162][safepoint    ] Application time: 0.0001264 seconds
[2019-01-14T08:50:31.726+0000][4162][safepoint    ] Total time for which application threads were stopped: 0.0000396 seconds, Stopping threads took: 0.0000090 seconds
[2019-01-14T08:50:31.726+0000][4162][safepoint    ] Application time: 0.0000502 seconds
[2019-01-14T08:50:31.726+0000][4162][safepoint    ] Total time for which application threads were stopped: 0.0000349 seconds, Stopping threads took: 0.0000088 seconds
[2019-01-14T08:50:31.738+0000][4162][safepoint    ] Application time: 0.0118714 seconds
[2019-01-14T08:50:31.738+0000][4162][safepoint    ] Total time for which application threads were stopped: 0.0002658 seconds, Stopping threads took: 0.0000401 seconds
[2019-01-14T08:50:31.744+0000][4162][safepoint    ] Application time: 0.0052347 seconds
[2019-01-14T08:50:31.744+0000][4162][safepoint    ] Total time for which application threads were stopped: 0.0000639 seconds, Stopping threads took: 0.0000134 seconds
[2019-01-14T08:50:31.748+0000][4162][safepoint    ] Application time: 0.0039224 seconds
[2019-01-14T08:50:31.748+0000][4162][safepoint    ] Total time for which application threads were stopped: 0.0001109 seconds, Stopping threads took: 0.0000113 seconds
[2019-01-14T08:50:31.748+0000][4162][safepoint    ] Application time: 0.0003987 seconds
[2019-01-14T08:50:31.748+0000][4162][safepoint    ] Total time for which application threads were stopped: 0.0000438 seconds, Stopping threads took: 0.0000059 seconds
[2019-01-14T08:50:31.749+0000][4162][safepoint    ] Application time: 0.0001129 seconds
[2019-01-14T08:50:31.749+0000][4162][safepoint    ] Total time for which application threads were stopped: 0.0000313 seconds, Stopping threads took: 0.0000043 seconds
[2019-01-14T08:50:32.749+0000][4162][safepoint    ] Application time: 1.0003359 seconds
[2019-01-14T08:50:32.749+0000][4162][safepoint    ] Total time for which application threads were stopped: 0.0001856 seconds, Stopping threads took: 0.0000852 seconds
[2019-01-14T08:50:34.401+0000][4162][safepoint    ] Application time: 1.6519923 seconds
[2019-01-14T08:50:34.401+0000][4162][safepoint    ] Total time for which application threads were stopped: 0.0001714 seconds, Stopping threads took: 0.0000144 seconds
[2019-01-14T08:50:37.403+0000][4162][safepoint    ] Application time: 3.0018561 seconds
[2019-01-14T08:50:37.403+0000][4162][safepoint    ] Total time for which application threads were stopped: 0.0000742 seconds, Stopping threads took: 0.0000181 seconds
[2019-01-14T08:50:39.405+0000][4162][safepoint    ] Application time: 2.0013638 seconds
[2019-01-14T08:50:39.405+0000][4162][safepoint    ] Total time for which application threads were stopped: 0.0000761 seconds, Stopping threads took: 0.0000187 seconds
[2019-01-14T08:50:42.406+0000][4162][safepoint    ] Application time: 3.0009862 seconds
[2019-01-14T08:50:42.406+0000][4162][safepoint    ] Total time for which application threads were stopped: 0.0001069 seconds, Stopping threads took: 0.0000190 seconds
[2019-01-14T08:50:43.407+0000][4162][safepoint    ] Application time: 1.0005262 seconds
[2019-01-14T08:50:43.407+0000][4162][safepoint    ] Total time for which application threads were stopped: 0.0000748 seconds, Stopping threads took: 0.0000182 seconds
[2019-01-14T08:50:53.412+0000][4162][safepoint    ] Application time: 10.0045581 seconds
[2019-01-14T08:50:53.412+0000][4162][safepoint    ] Total time for which application threads were stopped: 0.0000905 seconds, Stopping threads took: 0.0000289 seconds
[2019-01-14T08:50:55.791+0000][4162][safepoint    ] Application time: 2.3792658 seconds
[2019-01-14T08:50:55.791+0000][4162][safepoint    ] Total time for which application threads were stopped: 0.0001223 seconds, Stopping threads took: 0.0000445 seconds
[2019-01-14T08:50:56.791+0000][4162][safepoint    ] Application time: 1.0003023 seconds
[2019-01-14T08:50:56.792+0000][4162][safepoint    ] Total time for which application threads were stopped: 0.0000979 seconds, Stopping threads took: 0.0000159 seconds
[2019-01-14T08:50:57.792+0000][4162][safepoint    ] Application time: 1.0003525 seconds
[2019-01-14T08:50:57.792+0000][4162][safepoint    ] Total time for which application threads were stopped: 0.0000803 seconds, Stopping threads took: 0.0000180 seconds
[2019-01-14T08:51:00.521+0000][4162][safepoint    ] Application time: 2.7291959 seconds
[2019-01-14T08:51:00.521+0000][4162][safepoint    ] Total time for which application threads were stopped: 0.0000784 seconds, Stopping threads took: 0.0000143 seconds
[2019-01-14T08:51:00.522+0000][4162][safepoint    ] Application time: 0.0001937 seconds
[2019-01-14T08:51:00.522+0000][4162][safepoint    ] Total time for which application threads were stopped: 0.0000460 seconds, Stopping threads took: 0.0000181 seconds
[2019-01-14T08:51:00.522+0000][4162][safepoint    ] Application time: 0.0001432 seconds
[2019-01-14T08:51:00.522+0000][4162][safepoint    ] Total time for which application threads were stopped: 0.0000423 seconds, Stopping threads took: 0.0000041 seconds
[2019-01-14T08:51:00.522+0000][4162][safepoint    ] Application time: 0.0001722 seconds
[2019-01-14T08:51:00.522+0000][4162][safepoint    ] Total time for which application threads were stopped: 0.0000285 seconds, Stopping threads took: 0.0000040 seconds
[2019-01-14T08:51:03.586+0000][4162][safepoint    ] Application time: 3.0618036 seconds
[2019-01-14T08:51:03.599+0000][4162][safepoint    ] Total time for which application threads were stopped: 0.0072492 seconds, Stopping threads took: 0.0028019 seconds
[2019-01-14T08:51:06.614+0000][4162][safepoint    ] Application time: 3.0062882 seconds
[2019-01-14T08:51:06.616+0000][4162][safepoint    ] Total time for which application threads were stopped: 0.0017887 seconds, Stopping threads took: 0.0000333 seconds
[2019-01-14T08:51:08.637+0000][4162][safepoint    ] Application time: 2.0200016 seconds
[2019-01-14T08:51:08.640+0000][4162][safepoint    ] Total time for which application threads were stopped: 0.0021346 seconds, Stopping threads took: 0.0000256 seconds
[2019-01-14T08:51:09.640+0000][4162][safepoint    ] Application time: 1.0001528 seconds
[2019-01-14T08:51:09.641+0000][4162][safepoint    ] Total time for which application threads were stopped: 0.0002548 seconds, Stopping threads took: 0.0000228 seconds
[2019-01-14T08:51:11.641+0000][4162][safepoint    ] Application time: 2.0006355 seconds
[2019-01-14T08:51:11.641+0000][4162][safepoint    ] Total time for which application threads were stopped: 0.0000655 seconds, Stopping threads took: 0.0000154 seconds
[2019-01-14T08:51:12.642+0000][4162][safepoint    ] Application time: 1.0004626 seconds
[2019-01-14T08:51:12.642+0000][4162][safepoint    ] Total time for which application threads were stopped: 0.0000734 seconds, Stopping threads took: 0.0000174 seconds
[2019-01-14T08:51:13.642+0000][4162][safepoint    ] Application time: 1.0004490 seconds
[2019-01-14T08:51:13.643+0000][4162][safepoint    ] Total time for which application threads were stopped: 0.0000721 seconds, Stopping threads took: 0.0000176 seconds
[2019-01-14T08:51:18.645+0000][4162][safepoint    ] Application time: 5.0019672 seconds
[2019-01-14T08:51:18.645+0000][4162][safepoint    ] Total time for which application threads were stopped: 0.0000700 seconds, Stopping threads took: 0.0000169 seconds
[2019-01-14T08:51:19.645+0000][4162][safepoint    ] Application time: 1.0003991 seconds
[2019-01-14T08:51:19.645+0000][4162][safepoint    ] Total time for which application threads were stopped: 0.0000769 seconds, Stopping threads took: 0.0000193 seconds
[2019-01-14T08:51:20.646+0000][4162][safepoint    ] Application time: 1.0005004 seconds
[2019-01-14T08:51:20.646+0000][4162][safepoint    ] Total time for which application threads were stopped: 0.0000736 seconds, Stopping threads took: 0.0000181 seconds
[2019-01-14T08:51:21.646+0000][4162][safepoint    ] Application time: 1.0001035 seconds
[2019-01-14T08:51:21.646+0000][4162][safepoint    ] Total time for which application threads were stopped: 0.0000982 seconds, Stopping threads took: 0.0000208 seconds
[2019-01-14T08:51:24.648+0000][4162][safepoint    ] Application time: 3.0011181 seconds
[2019-01-14T08:51:24.649+0000][4162][safepoint    ] Total time for which application threads were stopped: 0.0009462 seconds, Stopping threads took: 0.0001396 seconds
[2019-01-14T08:51:26.662+0000][4162][safepoint    ] Application time: 2.0131972 seconds
[2019-01-14T08:51:26.755+0000][4162][safepoint    ] Total time for which application threads were stopped: 0.0922824 seconds, Stopping threads took: 0.0908950 seconds
[2019-01-14T08:51:29.758+0000][4162][safepoint    ] Application time: 3.0021015 seconds
[2019-01-14T08:51:29.763+0000][4162][safepoint    ] Total time for which application threads were stopped: 0.0046796 seconds, Stopping threads took: 0.0012486 seconds
[2019-01-14T08:51:30.721+0000][4162][safepoint    ] Application time: 0.9550931 seconds
[2019-01-14T08:51:30.730+0000][4162][safepoint    ] Total time for which application threads were stopped: 0.0060717 seconds, Stopping threads took: 0.0010792 seconds
[2019-01-14T08:51:31.786+0000][4162][safepoint    ] Application time: 1.0015553 seconds
[2019-01-14T08:51:31.800+0000][4162][safepoint    ] Total time for which application threads were stopped: 0.0035038 seconds, Stopping threads took: 0.0007844 seconds
[2019-01-14T08:51:33.449+0000][4162][safepoint    ] Application time: 1.6479434 seconds
[2019-01-14T08:51:33.456+0000][4162][gc,start     ] GC(25) Pause Young (Allocation Failure)
[2019-01-14T08:51:33.457+0000][4162][gc,task      ] GC(25) Using 2 workers of 2 for evacuation
[2019-01-14T08:51:33.754+0000][4162][gc,age       ] GC(25) Desired survivor size 4456448 bytes, new threshold 6 (max threshold 6)
[2019-01-14T08:51:33.757+0000][4162][gc,age       ] GC(25) Age table with threshold 6 (max threshold 6)
[2019-01-14T08:51:33.757+0000][4162][gc,age       ] GC(25) - age   1:     128752 bytes,     128752 total
[2019-01-14T08:51:33.761+0000][4162][gc,heap      ] GC(25) ParNew: 78179K->5892K(78656K)
[2019-01-14T08:51:33.761+0000][4162][gc,heap      ] GC(25) CMS: 104917K->108203K(174784K)
[2019-01-14T08:51:33.761+0000][4162][gc,metaspace ] GC(25) Metaspace: 80556K->80556K(1122304K)
[2019-01-14T08:51:33.764+0000][4162][gc           ] GC(25) Pause Young (Allocation Failure) 178M->111M(247M) 307.117ms
[2019-01-14T08:51:33.764+0000][4162][gc,cpu       ] GC(25) User=0.01s Sys=0.11s Real=0.31s
[2019-01-14T08:51:33.764+0000][4162][safepoint    ] Total time for which application threads were stopped: 0.3143787 seconds, Stopping threads took: 0.0014080 seconds
[2019-01-14T08:51:39.813+0000][4162][safepoint    ] Application time: 6.0343270 seconds
[2019-01-14T08:51:39.821+0000][4162][safepoint    ] Total time for which application threads were stopped: 0.0036631 seconds, Stopping threads took: 0.0008743 seconds
[2019-01-14T08:51:42.835+0000][4162][safepoint    ] Application time: 3.0072153 seconds
[2019-01-14T08:51:42.859+0000][4162][safepoint    ] Total time for which application threads were stopped: 0.0218852 seconds, Stopping threads took: 0.0001687 seconds
[2019-01-14T08:51:43.865+0000][4162][safepoint    ] Application time: 1.0027211 seconds
[2019-01-14T08:51:43.876+0000][4162][safepoint    ] Total time for which application threads were stopped: 0.0073202 seconds, Stopping threads took: 0.0012030 seconds
[2019-01-14T08:51:45.886+0000][4162][safepoint    ] Application time: 2.0070274 seconds
[2019-01-14T08:51:45.898+0000][4162][safepoint    ] Total time for which application threads were stopped: 0.0070999 seconds, Stopping threads took: 0.0019842 seconds
[2019-01-14T08:51:46.912+0000][4162][safepoint    ] Application time: 1.0113222 seconds
[2019-01-14T08:51:46.928+0000][4162][safepoint    ] Total time for which application threads were stopped: 0.0124717 seconds, Stopping threads took: 0.0038431 seconds
[2019-01-14T08:51:47.995+0000][4162][safepoint    ] Application time: 1.0626447 seconds
[2019-01-14T08:51:48.008+0000][4162][safepoint    ] Total time for which application threads were stopped: 0.0076848 seconds, Stopping threads took: 0.0046757 seconds
[2019-01-14T08:51:57.063+0000][4162][safepoint    ] Application time: 9.0444307 seconds
[2019-01-14T08:51:57.159+0000][4162][safepoint    ] Total time for which application threads were stopped: 0.0421156 seconds, Stopping threads took: 0.0172869 seconds
[2019-01-14T08:52:06.777+0000][4162][safepoint    ] Application time: 9.3408697 seconds
