[2019-01-14T12:57:01.346+0000][3941][gc] Using Concurrent Mark Sweep
[2019-01-14T12:57:01.346+0000][3941][gc,heap,coops] Heap address: 0x00000000f0000000, size: 256 MB, Compressed Oops mode: 32-bit
[2019-01-14T12:57:01.480+0000][3941][safepoint    ] Total time for which application threads were stopped: 0.0000508 seconds, Stopping threads took: 0.0000035 seconds
[2019-01-14T12:57:01.490+0000][3941][safepoint    ] Application time: 0.0099980 seconds
[2019-01-14T12:57:01.490+0000][3941][safepoint    ] Total time for which application threads were stopped: 0.0000417 seconds, Stopping threads took: 0.0000022 seconds
[2019-01-14T12:57:01.498+0000][3941][safepoint    ] Application time: 0.0072651 seconds
[2019-01-14T12:57:01.498+0000][3941][safepoint    ] Total time for which application threads were stopped: 0.0005885 seconds, Stopping threads took: 0.0005481 seconds
[2019-01-14T12:57:01.633+0000][3941][safepoint    ] Application time: 0.1349041 seconds
[2019-01-14T12:57:01.633+0000][3941][safepoint    ] Total time for which application threads were stopped: 0.0000527 seconds, Stopping threads took: 0.0000029 seconds
[2019-01-14T12:57:01.651+0000][3941][safepoint    ] Application time: 0.0177282 seconds
[2019-01-14T12:57:01.651+0000][3941][safepoint    ] Total time for which application threads were stopped: 0.0000407 seconds, Stopping threads took: 0.0000026 seconds
[2019-01-14T12:57:01.664+0000][3941][safepoint    ] Application time: 0.0130199 seconds
[2019-01-14T12:57:01.664+0000][3941][safepoint    ] Total time for which application threads were stopped: 0.0000991 seconds, Stopping threads took: 0.0000153 seconds
[2019-01-14T12:57:01.719+0000][3941][safepoint    ] Application time: 0.0544501 seconds
[2019-01-14T12:57:01.719+0000][3941][safepoint    ] Total time for which application threads were stopped: 0.0000580 seconds, Stopping threads took: 0.0000026 seconds
[2019-01-14T12:57:01.776+0000][3941][safepoint    ] Application time: 0.0575394 seconds
[2019-01-14T12:57:01.776+0000][3941][safepoint    ] Total time for which application threads were stopped: 0.0000641 seconds, Stopping threads took: 0.0000024 seconds
[2019-01-14T12:57:02.081+0000][3941][safepoint    ] Application time: 0.3045617 seconds
[2019-01-14T12:57:02.081+0000][3941][safepoint    ] Total time for which application threads were stopped: 0.0001081 seconds, Stopping threads took: 0.0000025 seconds
[2019-01-14T12:57:02.134+0000][3941][safepoint    ] Application time: 0.0526710 seconds
[2019-01-14T12:57:02.134+0000][3941][safepoint    ] Total time for which application threads were stopped: 0.0001029 seconds, Stopping threads took: 0.0000091 seconds
[2019-01-14T12:57:02.511+0000][3941][safepoint    ] Application time: 0.3768853 seconds
[2019-01-14T12:57:02.511+0000][3941][safepoint    ] Total time for which application threads were stopped: 0.0001327 seconds, Stopping threads took: 0.0000027 seconds
[2019-01-14T12:57:03.144+0000][3941][safepoint    ] Application time: 0.6329958 seconds
[2019-01-14T12:57:03.144+0000][3941][safepoint    ] Total time for which application threads were stopped: 0.0002267 seconds, Stopping threads took: 0.0000097 seconds
[2019-01-14T12:57:03.582+0000][3941][safepoint    ] Application time: 0.4381139 seconds
[2019-01-14T12:57:03.583+0000][3941][safepoint    ] Total time for which application threads were stopped: 0.0002027 seconds, Stopping threads took: 0.0000030 seconds
[2019-01-14T12:57:03.583+0000][3941][safepoint    ] Application time: 0.0001070 seconds
[2019-01-14T12:57:03.583+0000][3941][safepoint    ] Total time for which application threads were stopped: 0.0001363 seconds, Stopping threads took: 0.0000319 seconds
[2019-01-14T12:57:03.647+0000][3941][safepoint    ] Application time: 0.0639926 seconds
[2019-01-14T12:57:03.648+0000][3941][safepoint    ] Total time for which application threads were stopped: 0.0005631 seconds, Stopping threads took: 0.0000194 seconds
[2019-01-14T12:57:03.664+0000][3941][safepoint    ] Application time: 0.0164691 seconds
[2019-01-14T12:57:03.664+0000][3941][safepoint    ] Total time for which application threads were stopped: 0.0001646 seconds, Stopping threads took: 0.0000044 seconds
[2019-01-14T12:57:03.691+0000][3941][safepoint    ] Application time: 0.0271710 seconds
[2019-01-14T12:57:03.692+0000][3941][safepoint    ] Total time for which application threads were stopped: 0.0000872 seconds, Stopping threads took: 0.0000508 seconds
[2019-01-14T12:57:03.692+0000][3941][safepoint    ] Application time: 0.0000925 seconds
[2019-01-14T12:57:03.692+0000][3941][safepoint    ] Total time for which application threads were stopped: 0.0000456 seconds, Stopping threads took: 0.0000012 seconds
[2019-01-14T12:57:03.692+0000][3941][safepoint    ] Application time: 0.0000541 seconds
[2019-01-14T12:57:03.692+0000][3941][safepoint    ] Total time for which application threads were stopped: 0.0000143 seconds, Stopping threads took: 0.0000009 seconds
[2019-01-14T12:57:03.692+0000][3941][safepoint    ] Application time: 0.0001868 seconds
[2019-01-14T12:57:03.692+0000][3941][safepoint    ] Total time for which application threads were stopped: 0.0000124 seconds, Stopping threads took: 0.0000009 seconds
[2019-01-14T12:57:03.703+0000][3941][safepoint    ] Application time: 0.0108313 seconds
[2019-01-14T12:57:03.721+0000][3941][safepoint    ] Total time for which application threads were stopped: 0.0177061 seconds, Stopping threads took: 0.0176451 seconds
[2019-01-14T12:57:03.930+0000][3941][safepoint    ] Application time: 0.2096100 seconds
[2019-01-14T12:57:03.931+0000][3941][safepoint    ] Total time for which application threads were stopped: 0.0005453 seconds, Stopping threads took: 0.0001450 seconds
[2019-01-14T12:57:04.100+0000][3941][safepoint    ] Application time: 0.1690025 seconds
[2019-01-14T12:57:04.100+0000][3941][safepoint    ] Total time for which application threads were stopped: 0.0001544 seconds, Stopping threads took: 0.0000116 seconds
[2019-01-14T12:57:04.139+0000][3941][safepoint    ] Application time: 0.0388859 seconds
[2019-01-14T12:57:04.139+0000][3941][safepoint    ] Total time for which application threads were stopped: 0.0001514 seconds, Stopping threads took: 0.0000109 seconds
[2019-01-14T12:57:04.142+0000][3941][safepoint    ] Application time: 0.0029043 seconds
[2019-01-14T12:57:04.142+0000][3941][safepoint    ] Total time for which application threads were stopped: 0.0000292 seconds, Stopping threads took: 0.0000092 seconds
[2019-01-14T12:57:04.146+0000][3941][safepoint    ] Application time: 0.0033975 seconds
[2019-01-14T12:57:04.154+0000][3941][gc,start     ] GC(0) Pause Young (Allocation Failure)
[2019-01-14T12:57:04.155+0000][3941][gc,task      ] GC(0) Using 2 workers of 2 for evacuation
[2019-01-14T12:57:04.163+0000][3941][gc,age       ] GC(0) Desired survivor size 4456448 bytes, new threshold 1 (max threshold 6)
[2019-01-14T12:57:04.163+0000][3941][gc,age       ] GC(0) Age table with threshold 1 (max threshold 6)
[2019-01-14T12:57:04.163+0000][3941][gc,age       ] GC(0) - age   1:    6443736 bytes,    6443736 total
[2019-01-14T12:57:04.164+0000][3941][gc,heap      ] GC(0) ParNew: 69952K->6339K(78656K)
[2019-01-14T12:57:04.164+0000][3941][gc,heap      ] GC(0) CMS: 0K->0K(174784K)
[2019-01-14T12:57:04.164+0000][3941][gc,metaspace ] GC(0) Metaspace: 21485K->21485K(1069056K)
[2019-01-14T12:57:04.164+0000][3941][gc           ] GC(0) Pause Young (Allocation Failure) 68M->6M(247M) 9.945ms
[2019-01-14T12:57:04.164+0000][3941][gc,cpu       ] GC(0) User=0.02s Sys=0.00s Real=0.01s
[2019-01-14T12:57:04.164+0000][3941][safepoint    ] Total time for which application threads were stopped: 0.0188488 seconds, Stopping threads took: 0.0000098 seconds
[2019-01-14T12:57:04.165+0000][3941][safepoint    ] Application time: 0.0009652 seconds
[2019-01-14T12:57:04.165+0000][3941][gc,start     ] GC(1) Pause Initial Mark
[2019-01-14T12:57:04.175+0000][3941][gc           ] GC(1) Pause Initial Mark 6M->6M(247M) 9.398ms
[2019-01-14T12:57:04.175+0000][3941][gc,cpu       ] GC(1) User=0.01s Sys=0.00s Real=0.01s
[2019-01-14T12:57:04.175+0000][3941][safepoint    ] Total time for which application threads were stopped: 0.0095227 seconds, Stopping threads took: 0.0000099 seconds
[2019-01-14T12:57:04.175+0000][3941][gc           ] GC(1) Concurrent Mark
[2019-01-14T12:57:04.176+0000][3941][gc           ] GC(1) Concurrent Mark 0.744ms
[2019-01-14T12:57:04.176+0000][3941][gc,cpu       ] GC(1) User=0.00s Sys=0.00s Real=0.00s
[2019-01-14T12:57:04.176+0000][3941][gc           ] GC(1) Concurrent Preclean
[2019-01-14T12:57:04.182+0000][3941][gc           ] GC(1) Concurrent Preclean 5.959ms
[2019-01-14T12:57:04.182+0000][3941][gc,cpu       ] GC(1) User=0.01s Sys=0.00s Real=0.01s
[2019-01-14T12:57:04.182+0000][3941][safepoint    ] Application time: 0.0069802 seconds
[2019-01-14T12:57:04.182+0000][3941][safepoint    ] Total time for which application threads were stopped: 0.0000343 seconds, Stopping threads took: 0.0000045 seconds
[2019-01-14T12:57:04.182+0000][3941][gc           ] GC(1) Concurrent Abortable Preclean
[2019-01-14T12:57:04.203+0000][3941][safepoint    ] Application time: 0.0208868 seconds
[2019-01-14T12:57:04.203+0000][3941][safepoint    ] Total time for which application threads were stopped: 0.0002558 seconds, Stopping threads took: 0.0000032 seconds
[2019-01-14T12:57:04.214+0000][3941][safepoint    ] Application time: 0.0111632 seconds
[2019-01-14T12:57:04.215+0000][3941][safepoint    ] Total time for which application threads were stopped: 0.0001901 seconds, Stopping threads took: 0.0000038 seconds
[2019-01-14T12:57:04.230+0000][3941][safepoint    ] Application time: 0.0151389 seconds
[2019-01-14T12:57:04.230+0000][3941][safepoint    ] Total time for which application threads were stopped: 0.0002298 seconds, Stopping threads took: 0.0000105 seconds
[2019-01-14T12:57:04.306+0000][3941][safepoint    ] Application time: 0.0755328 seconds
[2019-01-14T12:57:04.306+0000][3941][safepoint    ] Total time for which application threads were stopped: 0.0006784 seconds, Stopping threads took: 0.0004551 seconds
[2019-01-14T12:57:04.394+0000][3941][safepoint    ] Application time: 0.0879319 seconds
[2019-01-14T12:57:04.394+0000][3941][safepoint    ] Total time for which application threads were stopped: 0.0000600 seconds, Stopping threads took: 0.0000037 seconds
[2019-01-14T12:57:04.430+0000][3941][safepoint    ] Application time: 0.0355766 seconds
[2019-01-14T12:57:04.430+0000][3941][safepoint    ] Total time for which application threads were stopped: 0.0001925 seconds, Stopping threads took: 0.0000055 seconds
[2019-01-14T12:57:04.432+0000][3941][safepoint    ] Application time: 0.0016686 seconds
[2019-01-14T12:57:04.432+0000][3941][safepoint    ] Total time for which application threads were stopped: 0.0000376 seconds, Stopping threads took: 0.0000031 seconds
[2019-01-14T12:57:04.457+0000][3941][safepoint    ] Application time: 0.0251001 seconds
[2019-01-14T12:57:04.457+0000][3941][safepoint    ] Total time for which application threads were stopped: 0.0001547 seconds, Stopping threads took: 0.0000044 seconds
[2019-01-14T12:57:04.457+0000][3941][gc           ] GC(1) Concurrent Abortable Preclean 275.169ms
[2019-01-14T12:57:04.457+0000][3941][gc,cpu       ] GC(1) User=0.36s Sys=0.10s Real=0.27s
[2019-01-14T12:57:04.457+0000][3941][safepoint    ] Application time: 0.0001000 seconds
[2019-01-14T12:57:04.457+0000][3941][gc,start     ] GC(1) Pause Remark
[2019-01-14T12:57:04.472+0000][3941][gc           ] GC(1) Pause Remark 43M->43M(247M) 14.361ms
[2019-01-14T12:57:04.472+0000][3941][gc,cpu       ] GC(1) User=0.02s Sys=0.00s Real=0.02s
[2019-01-14T12:57:04.472+0000][3941][safepoint    ] Total time for which application threads were stopped: 0.0144975 seconds, Stopping threads took: 0.0000624 seconds
[2019-01-14T12:57:04.472+0000][3941][gc           ] GC(1) Concurrent Sweep
[2019-01-14T12:57:04.488+0000][3941][safepoint    ] Application time: 0.0162384 seconds
[2019-01-14T12:57:04.488+0000][3941][safepoint    ] Total time for which application threads were stopped: 0.0000588 seconds, Stopping threads took: 0.0000058 seconds
[2019-01-14T12:57:04.488+0000][3941][gc           ] GC(1) Concurrent Sweep 16.196ms
[2019-01-14T12:57:04.488+0000][3941][gc,cpu       ] GC(1) User=0.02s Sys=0.01s Real=0.01s
[2019-01-14T12:57:04.488+0000][3941][gc           ] GC(1) Concurrent Reset
[2019-01-14T12:57:04.489+0000][3941][gc           ] GC(1) Concurrent Reset 0.164ms
[2019-01-14T12:57:04.489+0000][3941][gc,cpu       ] GC(1) User=0.00s Sys=0.00s Real=0.00s
[2019-01-14T12:57:04.489+0000][3941][gc,heap      ] GC(1) Old: 0K->0K(174784K)
[2019-01-14T12:57:04.524+0000][3941][safepoint    ] Application time: 0.0361065 seconds
[2019-01-14T12:57:04.524+0000][3941][safepoint    ] Total time for which application threads were stopped: 0.0000471 seconds, Stopping threads took: 0.0000100 seconds
[2019-01-14T12:57:04.531+0000][3941][safepoint    ] Application time: 0.0066565 seconds
[2019-01-14T12:57:04.531+0000][3941][safepoint    ] Total time for which application threads were stopped: 0.0000422 seconds, Stopping threads took: 0.0000095 seconds
[2019-01-14T12:57:04.573+0000][3941][safepoint    ] Application time: 0.0421777 seconds
[2019-01-14T12:57:04.573+0000][3941][safepoint    ] Total time for which application threads were stopped: 0.0000603 seconds, Stopping threads took: 0.0000095 seconds
[2019-01-14T12:57:04.575+0000][3941][safepoint    ] Application time: 0.0014531 seconds
[2019-01-14T12:57:04.575+0000][3941][safepoint    ] Total time for which application threads were stopped: 0.0000359 seconds, Stopping threads took: 0.0000077 seconds
[2019-01-14T12:57:04.615+0000][3941][safepoint    ] Application time: 0.0405698 seconds
[2019-01-14T12:57:04.616+0000][3941][gc,start     ] GC(2) Pause Young (Allocation Failure)
[2019-01-14T12:57:04.616+0000][3941][gc,task      ] GC(2) Using 2 workers of 2 for evacuation
[2019-01-14T12:57:04.646+0000][3941][gc,age       ] GC(2) Desired survivor size 4456448 bytes, new threshold 6 (max threshold 6)
[2019-01-14T12:57:04.646+0000][3941][gc,age       ] GC(2) Age table with threshold 6 (max threshold 6)
[2019-01-14T12:57:04.646+0000][3941][gc,age       ] GC(2) - age   1:    2179464 bytes,    2179464 total
[2019-01-14T12:57:04.646+0000][3941][gc,heap      ] GC(2) ParNew: 76291K->4236K(78656K)
[2019-01-14T12:57:04.646+0000][3941][gc,heap      ] GC(2) CMS: 0K->6883K(174784K)
[2019-01-14T12:57:04.646+0000][3941][gc,metaspace ] GC(2) Metaspace: 23050K->23050K(1071104K)
[2019-01-14T12:57:04.646+0000][3941][gc           ] GC(2) Pause Young (Allocation Failure) 74M->10M(247M) 30.920ms
[2019-01-14T12:57:04.646+0000][3941][gc,cpu       ] GC(2) User=0.05s Sys=0.01s Real=0.03s
[2019-01-14T12:57:04.646+0000][3941][safepoint    ] Total time for which application threads were stopped: 0.0310093 seconds, Stopping threads took: 0.0000131 seconds
[2019-01-14T12:57:04.658+0000][3941][safepoint    ] Application time: 0.0114838 seconds
[2019-01-14T12:57:04.658+0000][3941][safepoint    ] Total time for which application threads were stopped: 0.0000777 seconds, Stopping threads took: 0.0000439 seconds
[2019-01-14T12:57:04.660+0000][3941][safepoint    ] Application time: 0.0015105 seconds
[2019-01-14T12:57:04.660+0000][3941][safepoint    ] Total time for which application threads were stopped: 0.0000373 seconds, Stopping threads took: 0.0000085 seconds
[2019-01-14T12:57:04.683+0000][3941][safepoint    ] Application time: 0.0229832 seconds
[2019-01-14T12:57:04.683+0000][3941][safepoint    ] Total time for which application threads were stopped: 0.0000550 seconds, Stopping threads took: 0.0000103 seconds
[2019-01-14T12:57:04.685+0000][3941][safepoint    ] Application time: 0.0024787 seconds
[2019-01-14T12:57:04.685+0000][3941][safepoint    ] Total time for which application threads were stopped: 0.0000819 seconds, Stopping threads took: 0.0000227 seconds
[2019-01-14T12:57:04.857+0000][3941][safepoint    ] Application time: 0.1719373 seconds
[2019-01-14T12:57:04.858+0000][3941][safepoint    ] Total time for which application threads were stopped: 0.0004278 seconds, Stopping threads took: 0.0000046 seconds
[2019-01-14T12:57:04.946+0000][3941][safepoint    ] Application time: 0.0880422 seconds
[2019-01-14T12:57:04.946+0000][3941][safepoint    ] Total time for which application threads were stopped: 0.0003188 seconds, Stopping threads took: 0.0000114 seconds
[2019-01-14T12:57:05.013+0000][3941][safepoint    ] Application time: 0.0666195 seconds
[2019-01-14T12:57:05.013+0000][3941][gc,start     ] GC(3) Pause Young (Allocation Failure)
[2019-01-14T12:57:05.013+0000][3941][gc,task      ] GC(3) Using 2 workers of 2 for evacuation
[2019-01-14T12:57:05.018+0000][3941][gc,age       ] GC(3) Desired survivor size 4456448 bytes, new threshold 6 (max threshold 6)
[2019-01-14T12:57:05.018+0000][3941][gc,age       ] GC(3) Age table with threshold 6 (max threshold 6)
[2019-01-14T12:57:05.018+0000][3941][gc,age       ] GC(3) - age   1:    3196000 bytes,    3196000 total
[2019-01-14T12:57:05.018+0000][3941][gc,age       ] GC(3) - age   2:     465176 bytes,    3661176 total
[2019-01-14T12:57:05.018+0000][3941][gc,heap      ] GC(3) ParNew: 74188K->4649K(78656K)
[2019-01-14T12:57:05.018+0000][3941][gc,heap      ] GC(3) CMS: 6883K->6883K(174784K)
[2019-01-14T12:57:05.018+0000][3941][gc,metaspace ] GC(3) Metaspace: 25860K->25860K(1073152K)
[2019-01-14T12:57:05.018+0000][3941][gc           ] GC(3) Pause Young (Allocation Failure) 79M->11M(247M) 4.924ms
[2019-01-14T12:57:05.018+0000][3941][gc,cpu       ] GC(3) User=0.01s Sys=0.00s Real=0.00s
[2019-01-14T12:57:05.018+0000][3941][safepoint    ] Total time for which application threads were stopped: 0.0050276 seconds, Stopping threads took: 0.0000037 seconds
[2019-01-14T12:57:05.018+0000][3941][safepoint    ] Application time: 0.0002425 seconds
[2019-01-14T12:57:05.021+0000][3941][safepoint    ] Total time for which application threads were stopped: 0.0024997 seconds, Stopping threads took: 0.0024593 seconds
[2019-01-14T12:57:05.021+0000][3941][safepoint    ] Application time: 0.0000367 seconds
[2019-01-14T12:57:05.021+0000][3941][safepoint    ] Total time for which application threads were stopped: 0.0000267 seconds, Stopping threads took: 0.0000019 seconds
[2019-01-14T12:57:05.021+0000][3941][safepoint    ] Application time: 0.0000553 seconds
[2019-01-14T12:57:05.021+0000][3941][safepoint    ] Total time for which application threads were stopped: 0.0000609 seconds, Stopping threads took: 0.0000380 seconds
[2019-01-14T12:57:05.021+0000][3941][safepoint    ] Application time: 0.0002087 seconds
[2019-01-14T12:57:05.021+0000][3941][safepoint    ] Total time for which application threads were stopped: 0.0000397 seconds, Stopping threads took: 0.0000130 seconds
[2019-01-14T12:57:05.021+0000][3941][safepoint    ] Application time: 0.0000430 seconds
[2019-01-14T12:57:05.021+0000][3941][safepoint    ] Total time for which application threads were stopped: 0.0000244 seconds, Stopping threads took: 0.0000017 seconds
[2019-01-14T12:57:05.021+0000][3941][safepoint    ] Application time: 0.0000274 seconds
[2019-01-14T12:57:05.021+0000][3941][safepoint    ] Total time for which application threads were stopped: 0.0000249 seconds, Stopping threads took: 0.0000015 seconds
[2019-01-14T12:57:05.021+0000][3941][safepoint    ] Application time: 0.0000328 seconds
[2019-01-14T12:57:05.021+0000][3941][safepoint    ] Total time for which application threads were stopped: 0.0000278 seconds, Stopping threads took: 0.0000116 seconds
[2019-01-14T12:57:05.021+0000][3941][safepoint    ] Application time: 0.0000619 seconds
[2019-01-14T12:57:05.021+0000][3941][safepoint    ] Total time for which application threads were stopped: 0.0000514 seconds, Stopping threads took: 0.0000314 seconds
[2019-01-14T12:57:05.021+0000][3941][safepoint    ] Application time: 0.0000325 seconds
[2019-01-14T12:57:05.022+0000][3941][safepoint    ] Total time for which application threads were stopped: 0.0000317 seconds, Stopping threads took: 0.0000103 seconds
[2019-01-14T12:57:05.022+0000][3941][safepoint    ] Application time: 0.0000279 seconds
[2019-01-14T12:57:05.022+0000][3941][safepoint    ] Total time for which application threads were stopped: 0.0000642 seconds, Stopping threads took: 0.0000409 seconds
[2019-01-14T12:57:05.022+0000][3941][safepoint    ] Application time: 0.0000295 seconds
[2019-01-14T12:57:05.022+0000][3941][safepoint    ] Total time for which application threads were stopped: 0.0000266 seconds, Stopping threads took: 0.0000102 seconds
[2019-01-14T12:57:05.022+0000][3941][safepoint    ] Application time: 0.0000252 seconds
[2019-01-14T12:57:05.022+0000][3941][safepoint    ] Total time for which application threads were stopped: 0.0000178 seconds, Stopping threads took: 0.0000016 seconds
[2019-01-14T12:57:05.022+0000][3941][safepoint    ] Application time: 0.0000425 seconds
[2019-01-14T12:57:05.022+0000][3941][safepoint    ] Total time for which application threads were stopped: 0.0000328 seconds, Stopping threads took: 0.0000021 seconds
[2019-01-14T12:57:05.022+0000][3941][safepoint    ] Application time: 0.0000245 seconds
[2019-01-14T12:57:05.022+0000][3941][safepoint    ] Total time for which application threads were stopped: 0.0000172 seconds, Stopping threads took: 0.0000015 seconds
[2019-01-14T12:57:05.022+0000][3941][safepoint    ] Application time: 0.0000275 seconds
[2019-01-14T12:57:05.022+0000][3941][safepoint    ] Total time for which application threads were stopped: 0.0000312 seconds, Stopping threads took: 0.0000152 seconds
[2019-01-14T12:57:05.216+0000][3941][safepoint    ] Application time: 0.1943300 seconds
[2019-01-14T12:57:05.217+0000][3941][gc,start     ] GC(4) Pause Young (Allocation Failure)
[2019-01-14T12:57:05.217+0000][3941][gc,task      ] GC(4) Using 2 workers of 2 for evacuation
[2019-01-14T12:57:05.225+0000][3941][gc,age       ] GC(4) Desired survivor size 4456448 bytes, new threshold 6 (max threshold 6)
[2019-01-14T12:57:05.225+0000][3941][gc,age       ] GC(4) Age table with threshold 6 (max threshold 6)
[2019-01-14T12:57:05.225+0000][3941][gc,age       ] GC(4) - age   1:    1149424 bytes,    1149424 total
[2019-01-14T12:57:05.225+0000][3941][gc,age       ] GC(4) - age   2:    2513136 bytes,    3662560 total
[2019-01-14T12:57:05.225+0000][3941][gc,age       ] GC(4) - age   3:     464976 bytes,    4127536 total
[2019-01-14T12:57:05.225+0000][3941][gc,heap      ] GC(4) ParNew: 74601K->6282K(78656K)
[2019-01-14T12:57:05.225+0000][3941][gc,heap      ] GC(4) CMS: 6883K->6883K(174784K)
[2019-01-14T12:57:05.225+0000][3941][gc,metaspace ] GC(4) Metaspace: 26790K->26790K(1075200K)
[2019-01-14T12:57:05.226+0000][3941][gc           ] GC(4) Pause Young (Allocation Failure) 79M->12M(247M) 8.887ms
[2019-01-14T12:57:05.226+0000][3941][gc,cpu       ] GC(4) User=0.02s Sys=0.00s Real=0.01s
[2019-01-14T12:57:05.226+0000][3941][safepoint    ] Total time for which application threads were stopped: 0.0090652 seconds, Stopping threads took: 0.0000056 seconds
[2019-01-14T12:57:05.226+0000][3941][safepoint    ] Application time: 0.0001549 seconds
[2019-01-14T12:57:05.226+0000][3941][safepoint    ] Total time for which application threads were stopped: 0.0000560 seconds, Stopping threads took: 0.0000255 seconds
[2019-01-14T12:57:05.226+0000][3941][safepoint    ] Application time: 0.0001179 seconds
[2019-01-14T12:57:05.226+0000][3941][safepoint    ] Total time for which application threads were stopped: 0.0000506 seconds, Stopping threads took: 0.0000018 seconds
[2019-01-14T12:57:05.333+0000][3941][safepoint    ] Application time: 0.1065782 seconds
[2019-01-14T12:57:05.333+0000][3941][safepoint    ] Total time for which application threads were stopped: 0.0002876 seconds, Stopping threads took: 0.0000042 seconds
[2019-01-14T12:57:05.340+0000][3941][safepoint    ] Application time: 0.0071280 seconds
[2019-01-14T12:57:05.340+0000][3941][safepoint    ] Total time for which application threads were stopped: 0.0000617 seconds, Stopping threads took: 0.0000036 seconds
[2019-01-14T12:57:05.346+0000][3941][safepoint    ] Application time: 0.0056627 seconds
[2019-01-14T12:57:05.346+0000][3941][safepoint    ] Total time for which application threads were stopped: 0.0000951 seconds, Stopping threads took: 0.0000538 seconds
[2019-01-14T12:57:05.349+0000][3941][safepoint    ] Application time: 0.0035781 seconds
[2019-01-14T12:57:05.350+0000][3941][safepoint    ] Total time for which application threads were stopped: 0.0000908 seconds, Stopping threads took: 0.0000288 seconds
[2019-01-14T12:57:05.353+0000][3941][safepoint    ] Application time: 0.0031408 seconds
[2019-01-14T12:57:05.353+0000][3941][safepoint    ] Total time for which application threads were stopped: 0.0000558 seconds, Stopping threads took: 0.0000106 seconds
[2019-01-14T12:57:05.356+0000][3941][safepoint    ] Application time: 0.0030160 seconds
[2019-01-14T12:57:05.356+0000][3941][safepoint    ] Total time for which application threads were stopped: 0.0000459 seconds, Stopping threads took: 0.0000098 seconds
[2019-01-14T12:57:05.364+0000][3941][safepoint    ] Application time: 0.0075732 seconds
[2019-01-14T12:57:05.364+0000][3941][safepoint    ] Total time for which application threads were stopped: 0.0000493 seconds, Stopping threads took: 0.0000114 seconds
[2019-01-14T12:57:05.367+0000][3941][safepoint    ] Application time: 0.0028884 seconds
[2019-01-14T12:57:05.367+0000][3941][safepoint    ] Total time for which application threads were stopped: 0.0000510 seconds, Stopping threads took: 0.0000102 seconds
[2019-01-14T12:57:05.371+0000][3941][safepoint    ] Application time: 0.0044080 seconds
[2019-01-14T12:57:05.371+0000][3941][safepoint    ] Total time for which application threads were stopped: 0.0002325 seconds, Stopping threads took: 0.0000681 seconds
[2019-01-14T12:57:05.383+0000][3941][safepoint    ] Application time: 0.0115800 seconds
[2019-01-14T12:57:05.384+0000][3941][safepoint    ] Total time for which application threads were stopped: 0.0013266 seconds, Stopping threads took: 0.0012414 seconds
[2019-01-14T12:57:05.393+0000][3941][safepoint    ] Application time: 0.0085536 seconds
[2019-01-14T12:57:05.393+0000][3941][gc,start     ] GC(5) Pause Young (Allocation Failure)
[2019-01-14T12:57:05.393+0000][3941][gc,task      ] GC(5) Using 2 workers of 2 for evacuation
[2019-01-14T12:57:05.406+0000][3941][gc,age       ] GC(5) Desired survivor size 4456448 bytes, new threshold 3 (max threshold 6)
[2019-01-14T12:57:05.407+0000][3941][gc,age       ] GC(5) Age table with threshold 3 (max threshold 6)
[2019-01-14T12:57:05.407+0000][3941][gc,age       ] GC(5) - age   1:    1959088 bytes,    1959088 total
[2019-01-14T12:57:05.407+0000][3941][gc,age       ] GC(5) - age   2:    1135024 bytes,    3094112 total
[2019-01-14T12:57:05.407+0000][3941][gc,age       ] GC(5) - age   3:    2512544 bytes,    5606656 total
[2019-01-14T12:57:05.407+0000][3941][gc,age       ] GC(5) - age   4:     464952 bytes,    6071608 total
[2019-01-14T12:57:05.407+0000][3941][gc,heap      ] GC(5) ParNew: 76234K->7616K(78656K)
[2019-01-14T12:57:05.407+0000][3941][gc,heap      ] GC(5) CMS: 6883K->6883K(174784K)
[2019-01-14T12:57:05.407+0000][3941][gc,metaspace ] GC(5) Metaspace: 27115K->27115K(1075200K)
[2019-01-14T12:57:05.407+0000][3941][gc           ] GC(5) Pause Young (Allocation Failure) 81M->14M(247M) 13.579ms
[2019-01-14T12:57:05.407+0000][3941][gc,cpu       ] GC(5) User=0.02s Sys=0.00s Real=0.01s
[2019-01-14T12:57:05.407+0000][3941][safepoint    ] Total time for which application threads were stopped: 0.0136727 seconds, Stopping threads took: 0.0000048 seconds
[2019-01-14T12:57:05.456+0000][3941][safepoint    ] Application time: 0.0488657 seconds
[2019-01-14T12:57:05.456+0000][3941][safepoint    ] Total time for which application threads were stopped: 0.0000386 seconds, Stopping threads took: 0.0000035 seconds
[2019-01-14T12:57:05.534+0000][3941][safepoint    ] Application time: 0.0788785 seconds
[2019-01-14T12:57:05.535+0000][3941][safepoint    ] Total time for which application threads were stopped: 0.0000555 seconds, Stopping threads took: 0.0000112 seconds
[2019-01-14T12:57:05.560+0000][3941][safepoint    ] Application time: 0.0250332 seconds
[2019-01-14T12:57:05.560+0000][3941][gc,start     ] GC(6) Pause Young (Allocation Failure)
[2019-01-14T12:57:05.560+0000][3941][gc,task      ] GC(6) Using 2 workers of 2 for evacuation
[2019-01-14T12:57:05.574+0000][3941][gc,age       ] GC(6) Desired survivor size 4456448 bytes, new threshold 3 (max threshold 6)
[2019-01-14T12:57:05.574+0000][3941][gc,age       ] GC(6) Age table with threshold 3 (max threshold 6)
[2019-01-14T12:57:05.574+0000][3941][gc,age       ] GC(6) - age   1:    2310448 bytes,    2310448 total
[2019-01-14T12:57:05.574+0000][3941][gc,age       ] GC(6) - age   2:    1884672 bytes,    4195120 total
[2019-01-14T12:57:05.574+0000][3941][gc,age       ] GC(6) - age   3:    1134832 bytes,    5329952 total
[2019-01-14T12:57:05.574+0000][3941][gc,heap      ] GC(6) ParNew: 77568K->8099K(78656K)
[2019-01-14T12:57:05.574+0000][3941][gc,heap      ] GC(6) CMS: 6883K->9822K(174784K)
[2019-01-14T12:57:05.574+0000][3941][gc,metaspace ] GC(6) Metaspace: 27354K->27354K(1075200K)
[2019-01-14T12:57:05.574+0000][3941][gc           ] GC(6) Pause Young (Allocation Failure) 82M->17M(247M) 14.291ms
[2019-01-14T12:57:05.574+0000][3941][gc,cpu       ] GC(6) User=0.02s Sys=0.01s Real=0.02s
[2019-01-14T12:57:05.574+0000][3941][safepoint    ] Total time for which application threads were stopped: 0.0144688 seconds, Stopping threads took: 0.0000202 seconds
[2019-01-14T12:57:05.584+0000][3941][safepoint    ] Application time: 0.0103541 seconds
[2019-01-14T12:57:05.585+0000][3941][safepoint    ] Total time for which application threads were stopped: 0.0000429 seconds, Stopping threads took: 0.0000106 seconds
[2019-01-14T12:57:05.618+0000][3941][safepoint    ] Application time: 0.0338291 seconds
[2019-01-14T12:57:05.619+0000][3941][safepoint    ] Total time for which application threads were stopped: 0.0000704 seconds, Stopping threads took: 0.0000113 seconds
[2019-01-14T12:57:05.658+0000][3941][safepoint    ] Application time: 0.0397798 seconds
[2019-01-14T12:57:05.658+0000][3941][safepoint    ] Total time for which application threads were stopped: 0.0000694 seconds, Stopping threads took: 0.0000104 seconds
[2019-01-14T12:57:05.718+0000][3941][safepoint    ] Application time: 0.0594527 seconds
[2019-01-14T12:57:05.718+0000][3941][safepoint    ] Total time for which application threads were stopped: 0.0000520 seconds, Stopping threads took: 0.0000114 seconds
[2019-01-14T12:57:05.732+0000][3941][safepoint    ] Application time: 0.0140050 seconds
[2019-01-14T12:57:05.732+0000][3941][gc,start     ] GC(7) Pause Young (Allocation Failure)
[2019-01-14T12:57:05.732+0000][3941][gc,task      ] GC(7) Using 2 workers of 2 for evacuation
[2019-01-14T12:57:05.736+0000][3941][gc,age       ] GC(7) Desired survivor size 4456448 bytes, new threshold 6 (max threshold 6)
[2019-01-14T12:57:05.736+0000][3941][gc,age       ] GC(7) Age table with threshold 6 (max threshold 6)
[2019-01-14T12:57:05.736+0000][3941][gc,age       ] GC(7) - age   1:    1502128 bytes,    1502128 total
[2019-01-14T12:57:05.736+0000][3941][gc,age       ] GC(7) - age   2:     802656 bytes,    2304784 total
[2019-01-14T12:57:05.736+0000][3941][gc,age       ] GC(7) - age   3:    1884672 bytes,    4189456 total
[2019-01-14T12:57:05.736+0000][3941][gc,heap      ] GC(7) ParNew: 78051K->5253K(78656K)
[2019-01-14T12:57:05.736+0000][3941][gc,heap      ] GC(7) CMS: 9822K->10944K(174784K)
[2019-01-14T12:57:05.736+0000][3941][gc,metaspace ] GC(7) Metaspace: 27685K->27685K(1075200K)
[2019-01-14T12:57:05.736+0000][3941][gc           ] GC(7) Pause Young (Allocation Failure) 85M->15M(247M) 3.933ms
[2019-01-14T12:57:05.736+0000][3941][gc,cpu       ] GC(7) User=0.01s Sys=0.00s Real=0.00s
[2019-01-14T12:57:05.736+0000][3941][safepoint    ] Total time for which application threads were stopped: 0.0040165 seconds, Stopping threads took: 0.0000122 seconds
[2019-01-14T12:57:05.755+0000][3941][safepoint    ] Application time: 0.0188498 seconds
[2019-01-14T12:57:05.755+0000][3941][safepoint    ] Total time for which application threads were stopped: 0.0000649 seconds, Stopping threads took: 0.0000093 seconds
[2019-01-14T12:57:05.795+0000][3941][safepoint    ] Application time: 0.0398591 seconds
[2019-01-14T12:57:05.795+0000][3941][safepoint    ] Total time for which application threads were stopped: 0.0000546 seconds, Stopping threads took: 0.0000114 seconds
[2019-01-14T12:57:05.803+0000][3941][safepoint    ] Application time: 0.0084104 seconds
[2019-01-14T12:57:05.803+0000][3941][safepoint    ] Total time for which application threads were stopped: 0.0000602 seconds, Stopping threads took: 0.0000159 seconds
[2019-01-14T12:57:05.893+0000][3941][safepoint    ] Application time: 0.0892372 seconds
[2019-01-14T12:57:05.893+0000][3941][safepoint    ] Total time for which application threads were stopped: 0.0000693 seconds, Stopping threads took: 0.0000133 seconds
[2019-01-14T12:57:05.902+0000][3941][safepoint    ] Application time: 0.0086447 seconds
[2019-01-14T12:57:05.902+0000][3941][safepoint    ] Total time for which application threads were stopped: 0.0001512 seconds, Stopping threads took: 0.0000156 seconds
[2019-01-14T12:57:05.939+0000][3941][safepoint    ] Application time: 0.0375421 seconds
[2019-01-14T12:57:05.939+0000][3941][safepoint    ] Total time for which application threads were stopped: 0.0000397 seconds, Stopping threads took: 0.0000048 seconds
[2019-01-14T12:57:05.958+0000][3941][safepoint    ] Application time: 0.0184642 seconds
[2019-01-14T12:57:05.958+0000][3941][gc,start     ] GC(8) Pause Young (Allocation Failure)
[2019-01-14T12:57:05.958+0000][3941][gc,task      ] GC(8) Using 2 workers of 2 for evacuation
[2019-01-14T12:57:05.961+0000][3941][gc,age       ] GC(8) Desired survivor size 4456448 bytes, new threshold 4 (max threshold 6)
[2019-01-14T12:57:05.961+0000][3941][gc,age       ] GC(8) Age table with threshold 4 (max threshold 6)
[2019-01-14T12:57:05.961+0000][3941][gc,age       ] GC(8) - age   1:    1073848 bytes,    1073848 total
[2019-01-14T12:57:05.961+0000][3941][gc,age       ] GC(8) - age   2:    1161424 bytes,    2235272 total
[2019-01-14T12:57:05.961+0000][3941][gc,age       ] GC(8) - age   3:     802576 bytes,    3037848 total
[2019-01-14T12:57:05.961+0000][3941][gc,age       ] GC(8) - age   4:    1882352 bytes,    4920200 total
[2019-01-14T12:57:05.961+0000][3941][gc,heap      ] GC(8) ParNew: 75205K->6572K(78656K)
[2019-01-14T12:57:05.961+0000][3941][gc,heap      ] GC(8) CMS: 10944K->10944K(174784K)
[2019-01-14T12:57:05.961+0000][3941][gc,metaspace ] GC(8) Metaspace: 28666K->28666K(1075200K)
[2019-01-14T12:57:05.961+0000][3941][gc           ] GC(8) Pause Young (Allocation Failure) 84M->17M(247M) 3.205ms
[2019-01-14T12:57:05.961+0000][3941][gc,cpu       ] GC(8) User=0.00s Sys=0.00s Real=0.00s
[2019-01-14T12:57:05.961+0000][3941][safepoint    ] Total time for which application threads were stopped: 0.0033127 seconds, Stopping threads took: 0.0000040 seconds
[2019-01-14T12:57:05.962+0000][3941][safepoint    ] Application time: 0.0004807 seconds
[2019-01-14T12:57:05.962+0000][3941][safepoint    ] Total time for which application threads were stopped: 0.0001993 seconds, Stopping threads took: 0.0001085 seconds
[2019-01-14T12:57:05.962+0000][3941][safepoint    ] Application time: 0.0001734 seconds
[2019-01-14T12:57:05.962+0000][3941][safepoint    ] Total time for which application threads were stopped: 0.0001219 seconds, Stopping threads took: 0.0000492 seconds
[2019-01-14T12:57:05.963+0000][3941][safepoint    ] Application time: 0.0004506 seconds
[2019-01-14T12:57:05.963+0000][3941][safepoint    ] Total time for which application threads were stopped: 0.0000388 seconds, Stopping threads took: 0.0000144 seconds
[2019-01-14T12:57:05.963+0000][3941][safepoint    ] Application time: 0.0000667 seconds
[2019-01-14T12:57:05.963+0000][3941][safepoint    ] Total time for which application threads were stopped: 0.0000308 seconds, Stopping threads took: 0.0000132 seconds
[2019-01-14T12:57:05.965+0000][3941][safepoint    ] Application time: 0.0017786 seconds
[2019-01-14T12:57:05.966+0000][3941][safepoint    ] Total time for which application threads were stopped: 0.0011409 seconds, Stopping threads took: 0.0010823 seconds
[2019-01-14T12:57:05.966+0000][3941][safepoint    ] Application time: 0.0004610 seconds
[2019-01-14T12:57:05.969+0000][3941][safepoint    ] Total time for which application threads were stopped: 0.0026365 seconds, Stopping threads took: 0.0025928 seconds
[2019-01-14T12:57:05.969+0000][3941][safepoint    ] Application time: 0.0000756 seconds
[2019-01-14T12:57:05.969+0000][3941][safepoint    ] Total time for which application threads were stopped: 0.0000340 seconds, Stopping threads took: 0.0000144 seconds
[2019-01-14T12:57:05.969+0000][3941][safepoint    ] Application time: 0.0001013 seconds
[2019-01-14T12:57:05.969+0000][3941][safepoint    ] Total time for which application threads were stopped: 0.0000405 seconds, Stopping threads took: 0.0000224 seconds
[2019-01-14T12:57:05.969+0000][3941][safepoint    ] Application time: 0.0001066 seconds
[2019-01-14T12:57:05.969+0000][3941][safepoint    ] Total time for which application threads were stopped: 0.0000210 seconds, Stopping threads took: 0.0000016 seconds
[2019-01-14T12:57:05.969+0000][3941][safepoint    ] Application time: 0.0000521 seconds
[2019-01-14T12:57:05.970+0000][3941][safepoint    ] Total time for which application threads were stopped: 0.0001206 seconds, Stopping threads took: 0.0000988 seconds
[2019-01-14T12:57:05.970+0000][3941][safepoint    ] Application time: 0.0001120 seconds
[2019-01-14T12:57:05.970+0000][3941][safepoint    ] Total time for which application threads were stopped: 0.0001293 seconds, Stopping threads took: 0.0001040 seconds
[2019-01-14T12:57:05.970+0000][3941][safepoint    ] Application time: 0.0000571 seconds
[2019-01-14T12:57:05.970+0000][3941][safepoint    ] Total time for which application threads were stopped: 0.0000567 seconds, Stopping threads took: 0.0000369 seconds
[2019-01-14T12:57:05.970+0000][3941][safepoint    ] Application time: 0.0000371 seconds
[2019-01-14T12:57:05.970+0000][3941][safepoint    ] Total time for which application threads were stopped: 0.0000288 seconds, Stopping threads took: 0.0000127 seconds
[2019-01-14T12:57:05.985+0000][3941][safepoint    ] Application time: 0.0148536 seconds
[2019-01-14T12:57:05.985+0000][3941][safepoint    ] Total time for which application threads were stopped: 0.0000489 seconds, Stopping threads took: 0.0000114 seconds
[2019-01-14T12:57:06.014+0000][3941][safepoint    ] Application time: 0.0293284 seconds
[2019-01-14T12:57:06.014+0000][3941][safepoint    ] Total time for which application threads were stopped: 0.0000664 seconds, Stopping threads took: 0.0000108 seconds
[2019-01-14T12:57:06.059+0000][3941][safepoint    ] Application time: 0.0449995 seconds
[2019-01-14T12:57:06.060+0000][3941][gc,start     ] GC(9) Pause Young (Allocation Failure)
[2019-01-14T12:57:06.060+0000][3941][gc,task      ] GC(9) Using 2 workers of 2 for evacuation
[2019-01-14T12:57:06.064+0000][3941][gc,age       ] GC(9) Desired survivor size 4456448 bytes, new threshold 6 (max threshold 6)
[2019-01-14T12:57:06.064+0000][3941][gc,age       ] GC(9) Age table with threshold 6 (max threshold 6)
[2019-01-14T12:57:06.064+0000][3941][gc,age       ] GC(9) - age   1:     432848 bytes,     432848 total
[2019-01-14T12:57:06.064+0000][3941][gc,age       ] GC(9) - age   2:     793504 bytes,    1226352 total
[2019-01-14T12:57:06.064+0000][3941][gc,age       ] GC(9) - age   3:    1161312 bytes,    2387664 total
[2019-01-14T12:57:06.064+0000][3941][gc,age       ] GC(9) - age   4:     802576 bytes,    3190240 total
[2019-01-14T12:57:06.064+0000][3941][gc,heap      ] GC(9) ParNew: 76524K->7047K(78656K)
[2019-01-14T12:57:06.064+0000][3941][gc,heap      ] GC(9) CMS: 10944K->12796K(174784K)
[2019-01-14T12:57:06.064+0000][3941][gc,metaspace ] GC(9) Metaspace: 28759K->28759K(1075200K)
[2019-01-14T12:57:06.064+0000][3941][gc           ] GC(9) Pause Young (Allocation Failure) 85M->19M(247M) 4.662ms
[2019-01-14T12:57:06.064+0000][3941][gc,cpu       ] GC(9) User=0.01s Sys=0.00s Real=0.01s
[2019-01-14T12:57:06.064+0000][3941][safepoint    ] Total time for which application threads were stopped: 0.0047427 seconds, Stopping threads took: 0.0000117 seconds
[2019-01-14T12:57:06.372+0000][3941][safepoint    ] Application time: 0.3074349 seconds
[2019-01-14T12:57:06.372+0000][3941][gc,start     ] GC(10) Pause Young (Allocation Failure)
[2019-01-14T12:57:06.372+0000][3941][gc,task      ] GC(10) Using 2 workers of 2 for evacuation
[2019-01-14T12:57:06.386+0000][3941][gc,age       ] GC(10) Desired survivor size 4456448 bytes, new threshold 6 (max threshold 6)
[2019-01-14T12:57:06.386+0000][3941][gc,age       ] GC(10) Age table with threshold 6 (max threshold 6)
[2019-01-14T12:57:06.386+0000][3941][gc,age       ] GC(10) - age   1:    1567152 bytes,    1567152 total
[2019-01-14T12:57:06.386+0000][3941][gc,age       ] GC(10) - age   2:     126472 bytes,    1693624 total
[2019-01-14T12:57:06.386+0000][3941][gc,age       ] GC(10) - age   3:     793400 bytes,    2487024 total
[2019-01-14T12:57:06.386+0000][3941][gc,age       ] GC(10) - age   4:    1161168 bytes,    3648192 total
[2019-01-14T12:57:06.386+0000][3941][gc,age       ] GC(10) - age   5:     802552 bytes,    4450744 total
[2019-01-14T12:57:06.386+0000][3941][gc,heap      ] GC(10) ParNew: 76999K->5857K(78656K)
[2019-01-14T12:57:06.386+0000][3941][gc,heap      ] GC(10) CMS: 12796K->12796K(174784K)
[2019-01-14T12:57:06.386+0000][3941][gc,metaspace ] GC(10) Metaspace: 28807K->28807K(1077248K)
[2019-01-14T12:57:06.386+0000][3941][gc           ] GC(10) Pause Young (Allocation Failure) 87M->18M(247M) 13.833ms
[2019-01-14T12:57:06.386+0000][3941][gc,cpu       ] GC(10) User=0.02s Sys=0.00s Real=0.01s
[2019-01-14T12:57:06.386+0000][3941][safepoint    ] Total time for which application threads were stopped: 0.0140151 seconds, Stopping threads took: 0.0000458 seconds
[2019-01-14T12:57:06.606+0000][3941][safepoint    ] Application time: 0.2204979 seconds
[2019-01-14T12:57:06.607+0000][3941][safepoint    ] Total time for which application threads were stopped: 0.0003184 seconds, Stopping threads took: 0.0000111 seconds
[2019-01-14T12:57:06.864+0000][3941][safepoint    ] Application time: 0.2572866 seconds
[2019-01-14T12:57:06.864+0000][3941][safepoint    ] Total time for which application threads were stopped: 0.0000778 seconds, Stopping threads took: 0.0000116 seconds
[2019-01-14T12:57:06.990+0000][3941][safepoint    ] Application time: 0.1259027 seconds
[2019-01-14T12:57:06.990+0000][3941][gc,start     ] GC(11) Pause Young (Allocation Failure)
[2019-01-14T12:57:06.990+0000][3941][gc,task      ] GC(11) Using 2 workers of 2 for evacuation
[2019-01-14T12:57:06.994+0000][3941][gc,age       ] GC(11) Desired survivor size 4456448 bytes, new threshold 6 (max threshold 6)
[2019-01-14T12:57:06.994+0000][3941][gc,age       ] GC(11) Age table with threshold 6 (max threshold 6)
[2019-01-14T12:57:06.994+0000][3941][gc,age       ] GC(11) - age   1:     896200 bytes,     896200 total
[2019-01-14T12:57:06.994+0000][3941][gc,age       ] GC(11) - age   2:     321680 bytes,    1217880 total
[2019-01-14T12:57:06.994+0000][3941][gc,age       ] GC(11) - age   3:     126360 bytes,    1344240 total
[2019-01-14T12:57:06.994+0000][3941][gc,age       ] GC(11) - age   4:     793400 bytes,    2137640 total
[2019-01-14T12:57:06.994+0000][3941][gc,age       ] GC(11) - age   5:    1160936 bytes,    3298576 total
[2019-01-14T12:57:06.994+0000][3941][gc,age       ] GC(11) - age   6:     802432 bytes,    4101008 total
[2019-01-14T12:57:06.994+0000][3941][gc,heap      ] GC(11) ParNew: 75809K->5767K(78656K)
[2019-01-14T12:57:06.994+0000][3941][gc,heap      ] GC(11) CMS: 12796K->12796K(174784K)
[2019-01-14T12:57:06.994+0000][3941][gc,metaspace ] GC(11) Metaspace: 31278K->31278K(1079296K)
[2019-01-14T12:57:06.994+0000][3941][gc           ] GC(11) Pause Young (Allocation Failure) 86M->18M(247M) 3.545ms
[2019-01-14T12:57:06.994+0000][3941][gc,cpu       ] GC(11) User=0.01s Sys=0.00s Real=0.01s
[2019-01-14T12:57:06.994+0000][3941][safepoint    ] Total time for which application threads were stopped: 0.0037639 seconds, Stopping threads took: 0.0000104 seconds
[2019-01-14T12:57:07.539+0000][3941][safepoint    ] Application time: 0.5456763 seconds
[2019-01-14T12:57:07.541+0000][3941][safepoint    ] Total time for which application threads were stopped: 0.0014684 seconds, Stopping threads took: 0.0000280 seconds
[2019-01-14T12:57:08.148+0000][3941][safepoint    ] Application time: 0.6072919 seconds
[2019-01-14T12:57:08.152+0000][3941][gc,start     ] GC(12) Pause Young (Allocation Failure)
[2019-01-14T12:57:08.154+0000][3941][gc,task      ] GC(12) Using 2 workers of 2 for evacuation
[2019-01-14T12:57:08.204+0000][3941][gc,age       ] GC(12) Desired survivor size 4456448 bytes, new threshold 1 (max threshold 6)
[2019-01-14T12:57:08.204+0000][3941][gc,age       ] GC(12) Age table with threshold 1 (max threshold 6)
[2019-01-14T12:57:08.204+0000][3941][gc,age       ] GC(12) - age   1:    5665952 bytes,    5665952 total
[2019-01-14T12:57:08.204+0000][3941][gc,age       ] GC(12) - age   2:     793672 bytes,    6459624 total
[2019-01-14T12:57:08.204+0000][3941][gc,age       ] GC(12) - age   3:     321488 bytes,    6781112 total
[2019-01-14T12:57:08.204+0000][3941][gc,age       ] GC(12) - age   4:     126216 bytes,    6907328 total
[2019-01-14T12:57:08.204+0000][3941][gc,age       ] GC(12) - age   5:     787968 bytes,    7695296 total
[2019-01-14T12:57:08.204+0000][3941][gc,age       ] GC(12) - age   6:    1160664 bytes,    8855960 total
[2019-01-14T12:57:08.205+0000][3941][gc,heap      ] GC(12) ParNew: 75719K->8704K(78656K)
[2019-01-14T12:57:08.205+0000][3941][gc,heap      ] GC(12) CMS: 12796K->18120K(174784K)
[2019-01-14T12:57:08.205+0000][3941][gc,metaspace ] GC(12) Metaspace: 34962K->34962K(1081344K)
[2019-01-14T12:57:08.205+0000][3941][gc           ] GC(12) Pause Young (Allocation Failure) 86M->26M(247M) 52.940ms
[2019-01-14T12:57:08.205+0000][3941][gc,cpu       ] GC(12) User=0.06s Sys=0.02s Real=0.05s
[2019-01-14T12:57:08.205+0000][3941][safepoint    ] Total time for which application threads were stopped: 0.0565583 seconds, Stopping threads took: 0.0000211 seconds
[2019-01-14T12:57:09.012+0000][3941][safepoint    ] Application time: 0.8067190 seconds
[2019-01-14T12:57:09.012+0000][3941][gc,start     ] GC(13) Pause Young (Allocation Failure)
[2019-01-14T12:57:09.012+0000][3941][gc,task      ] GC(13) Using 2 workers of 2 for evacuation
[2019-01-14T12:57:09.052+0000][3941][gc,age       ] GC(13) Desired survivor size 4456448 bytes, new threshold 1 (max threshold 6)
[2019-01-14T12:57:09.052+0000][3941][gc,age       ] GC(13) Age table with threshold 1 (max threshold 6)
[2019-01-14T12:57:09.052+0000][3941][gc,age       ] GC(13) - age   1:    6819264 bytes,    6819264 total
[2019-01-14T12:57:09.052+0000][3941][gc,heap      ] GC(13) ParNew: 78656K->8704K(78656K)
[2019-01-14T12:57:09.052+0000][3941][gc,heap      ] GC(13) CMS: 18120K->30473K(174784K)
[2019-01-14T12:57:09.052+0000][3941][gc,metaspace ] GC(13) Metaspace: 34993K->34993K(1081344K)
[2019-01-14T12:57:09.052+0000][3941][gc           ] GC(13) Pause Young (Allocation Failure) 94M->38M(247M) 39.583ms
[2019-01-14T12:57:09.052+0000][3941][gc,cpu       ] GC(13) User=0.08s Sys=0.00s Real=0.04s
[2019-01-14T12:57:09.052+0000][3941][safepoint    ] Total time for which application threads were stopped: 0.0396850 seconds, Stopping threads took: 0.0000046 seconds
[2019-01-14T12:57:09.834+0000][3941][safepoint    ] Application time: 0.7817981 seconds
[2019-01-14T12:57:09.834+0000][3941][safepoint    ] Total time for which application threads were stopped: 0.0001668 seconds, Stopping threads took: 0.0000043 seconds
[2019-01-14T12:57:09.857+0000][3941][safepoint    ] Application time: 0.0236683 seconds
[2019-01-14T12:57:09.858+0000][3941][gc,start     ] GC(14) Pause Young (Allocation Failure)
[2019-01-14T12:57:09.858+0000][3941][gc,task      ] GC(14) Using 2 workers of 2 for evacuation
[2019-01-14T12:57:09.886+0000][3941][gc,age       ] GC(14) Desired survivor size 4456448 bytes, new threshold 1 (max threshold 6)
[2019-01-14T12:57:09.886+0000][3941][gc,age       ] GC(14) Age table with threshold 1 (max threshold 6)
[2019-01-14T12:57:09.886+0000][3941][gc,age       ] GC(14) - age   1:    7028568 bytes,    7028568 total
[2019-01-14T12:57:09.886+0000][3941][gc,heap      ] GC(14) ParNew: 78656K->8704K(78656K)
[2019-01-14T12:57:09.886+0000][3941][gc,heap      ] GC(14) CMS: 30473K->39468K(174784K)
[2019-01-14T12:57:09.886+0000][3941][gc,metaspace ] GC(14) Metaspace: 37536K->37536K(1083392K)
[2019-01-14T12:57:09.886+0000][3941][gc           ] GC(14) Pause Young (Allocation Failure) 106M->47M(247M) 28.678ms
[2019-01-14T12:57:09.886+0000][3941][gc,cpu       ] GC(14) User=0.05s Sys=0.01s Real=0.03s
[2019-01-14T12:57:09.886+0000][3941][safepoint    ] Total time for which application threads were stopped: 0.0288614 seconds, Stopping threads took: 0.0000283 seconds
[2019-01-14T12:57:09.892+0000][3941][safepoint    ] Application time: 0.0053939 seconds
[2019-01-14T12:57:09.938+0000][3941][gc,start     ] GC(15) Pause Initial Mark
[2019-01-14T12:57:09.949+0000][3941][gc           ] GC(15) Pause Initial Mark 48M->48M(247M) 11.242ms
[2019-01-14T12:57:09.949+0000][3941][gc,cpu       ] GC(15) User=0.01s Sys=0.01s Real=0.01s
[2019-01-14T12:57:09.949+0000][3941][safepoint    ] Total time for which application threads were stopped: 0.0570277 seconds, Stopping threads took: 0.0456668 seconds
[2019-01-14T12:57:09.949+0000][3941][gc           ] GC(15) Concurrent Mark
[2019-01-14T12:57:09.969+0000][3941][safepoint    ] Application time: 0.0200748 seconds
[2019-01-14T12:57:09.975+0000][3941][safepoint    ] Total time for which application threads were stopped: 0.0061208 seconds, Stopping threads took: 0.0059652 seconds
[2019-01-14T12:57:10.025+0000][3941][gc           ] GC(15) Concurrent Mark 76.580ms
[2019-01-14T12:57:10.026+0000][3941][gc,cpu       ] GC(15) User=0.12s Sys=0.00s Real=0.08s
[2019-01-14T12:57:10.026+0000][3941][gc           ] GC(15) Concurrent Preclean
[2019-01-14T12:57:10.026+0000][3941][safepoint    ] Application time: 0.0509892 seconds
[2019-01-14T12:57:10.027+0000][3941][safepoint    ] Total time for which application threads were stopped: 0.0003885 seconds, Stopping threads took: 0.0000042 seconds
[2019-01-14T12:57:10.027+0000][3941][gc           ] GC(15) Concurrent Preclean 1.670ms
[2019-01-14T12:57:10.027+0000][3941][gc,cpu       ] GC(15) User=0.00s Sys=0.01s Real=0.00s
[2019-01-14T12:57:10.027+0000][3941][gc           ] GC(15) Concurrent Abortable Preclean
[2019-01-14T12:57:10.111+0000][3941][safepoint    ] Application time: 0.0839775 seconds
[2019-01-14T12:57:10.111+0000][3941][safepoint    ] Total time for which application threads were stopped: 0.0001167 seconds, Stopping threads took: 0.0000173 seconds
[2019-01-14T12:57:10.180+0000][3941][safepoint    ] Application time: 0.0697466 seconds
[2019-01-14T12:57:10.198+0000][3941][safepoint    ] Total time for which application threads were stopped: 0.0180039 seconds, Stopping threads took: 0.0000076 seconds
[2019-01-14T12:57:10.217+0000][3941][safepoint    ] Application time: 0.0183510 seconds
[2019-01-14T12:57:10.217+0000][3941][safepoint    ] Total time for which application threads were stopped: 0.0001426 seconds, Stopping threads took: 0.0000106 seconds
[2019-01-14T12:57:10.300+0000][3941][safepoint    ] Application time: 0.0834031 seconds
[2019-01-14T12:57:10.301+0000][3941][safepoint    ] Total time for which application threads were stopped: 0.0001443 seconds, Stopping threads took: 0.0000044 seconds
[2019-01-14T12:57:10.365+0000][3941][safepoint    ] Application time: 0.0647516 seconds
[2019-01-14T12:57:10.366+0000][3941][safepoint    ] Total time for which application threads were stopped: 0.0002553 seconds, Stopping threads took: 0.0000053 seconds
[2019-01-14T12:57:10.452+0000][3941][safepoint    ] Application time: 0.0863042 seconds
[2019-01-14T12:57:10.452+0000][3941][safepoint    ] Total time for which application threads were stopped: 0.0001331 seconds, Stopping threads took: 0.0000038 seconds
[2019-01-14T12:57:10.499+0000][3941][safepoint    ] Application time: 0.0468096 seconds
[2019-01-14T12:57:10.499+0000][3941][safepoint    ] Total time for which application threads were stopped: 0.0001437 seconds, Stopping threads took: 0.0000045 seconds
[2019-01-14T12:57:10.557+0000][3941][safepoint    ] Application time: 0.0582512 seconds
[2019-01-14T12:57:10.558+0000][3941][safepoint    ] Total time for which application threads were stopped: 0.0001403 seconds, Stopping threads took: 0.0000039 seconds
[2019-01-14T12:57:10.635+0000][3941][safepoint    ] Application time: 0.0774766 seconds
[2019-01-14T12:57:10.635+0000][3941][safepoint    ] Total time for which application threads were stopped: 0.0001618 seconds, Stopping threads took: 0.0000046 seconds
[2019-01-14T12:57:10.704+0000][3941][gc           ] GC(15) Concurrent Abortable Preclean 677.138ms
[2019-01-14T12:57:10.704+0000][3941][gc,cpu       ] GC(15) User=0.98s Sys=0.16s Real=0.68s
[2019-01-14T12:57:10.704+0000][3941][safepoint    ] Application time: 0.0691826 seconds
[2019-01-14T12:57:10.705+0000][3941][gc,start     ] GC(15) Pause Remark
[2019-01-14T12:57:10.727+0000][3941][gc           ] GC(15) Pause Remark 81M->81M(247M) 22.351ms
[2019-01-14T12:57:10.727+0000][3941][gc,cpu       ] GC(15) User=0.04s Sys=0.00s Real=0.02s
[2019-01-14T12:57:10.727+0000][3941][safepoint    ] Total time for which application threads were stopped: 0.0224635 seconds, Stopping threads took: 0.0000058 seconds
[2019-01-14T12:57:10.727+0000][3941][gc           ] GC(15) Concurrent Sweep
[2019-01-14T12:57:10.740+0000][3941][safepoint    ] Application time: 0.0132617 seconds
[2019-01-14T12:57:10.740+0000][3941][safepoint    ] Total time for which application threads were stopped: 0.0001164 seconds, Stopping threads took: 0.0000050 seconds
[2019-01-14T12:57:10.744+0000][3941][gc           ] GC(15) Concurrent Sweep 16.513ms
[2019-01-14T12:57:10.744+0000][3941][gc,cpu       ] GC(15) User=0.03s Sys=0.00s Real=0.02s
[2019-01-14T12:57:10.744+0000][3941][gc           ] GC(15) Concurrent Reset
[2019-01-14T12:57:10.744+0000][3941][gc           ] GC(15) Concurrent Reset 0.158ms
[2019-01-14T12:57:10.744+0000][3941][gc,cpu       ] GC(15) User=0.00s Sys=0.00s Real=0.00s
[2019-01-14T12:57:10.744+0000][3941][gc,heap      ] GC(15) Old: 39468K->39273K(174784K)
[2019-01-14T12:57:11.881+0000][3941][safepoint    ] Application time: 1.1396227 seconds
[2019-01-14T12:57:11.886+0000][3941][safepoint    ] Total time for which application threads were stopped: 0.0044297 seconds, Stopping threads took: 0.0029921 seconds
[2019-01-14T12:57:11.900+0000][3941][safepoint    ] Application time: 0.0140200 seconds
[2019-01-14T12:57:11.901+0000][3941][gc,start     ] GC(16) Pause Young (Allocation Failure)
[2019-01-14T12:57:11.903+0000][3941][gc,task      ] GC(16) Using 2 workers of 2 for evacuation
[2019-01-14T12:57:11.941+0000][3941][gc,age       ] GC(16) Desired survivor size 4456448 bytes, new threshold 6 (max threshold 6)
[2019-01-14T12:57:11.941+0000][3941][gc,age       ] GC(16) Age table with threshold 6 (max threshold 6)
[2019-01-14T12:57:11.941+0000][3941][gc,age       ] GC(16) - age   1:    2502264 bytes,    2502264 total
[2019-01-14T12:57:11.956+0000][3941][gc,heap      ] GC(16) ParNew: 78656K->6863K(78656K)
[2019-01-14T12:57:11.956+0000][3941][gc,heap      ] GC(16) CMS: 39273K->46289K(174784K)
[2019-01-14T12:57:11.956+0000][3941][gc,metaspace ] GC(16) Metaspace: 46890K->46890K(1091584K)
[2019-01-14T12:57:11.956+0000][3941][gc           ] GC(16) Pause Young (Allocation Failure) 115M->51M(247M) 54.765ms
[2019-01-14T12:57:11.956+0000][3941][gc,cpu       ] GC(16) User=0.05s Sys=0.01s Real=0.06s
[2019-01-14T12:57:11.956+0000][3941][safepoint    ] Total time for which application threads were stopped: 0.0563907 seconds, Stopping threads took: 0.0000064 seconds
[2019-01-14T12:57:12.403+0000][3941][safepoint    ] Application time: 0.3979993 seconds
[2019-01-14T12:57:12.404+0000][3941][safepoint    ] Total time for which application threads were stopped: 0.0011296 seconds, Stopping threads took: 0.0010286 seconds
[2019-01-14T12:57:12.410+0000][3941][safepoint    ] Application time: 0.0063744 seconds
[2019-01-14T12:57:12.410+0000][3941][safepoint    ] Total time for which application threads were stopped: 0.0002841 seconds, Stopping threads took: 0.0002159 seconds
[2019-01-14T12:57:13.413+0000][3941][safepoint    ] Application time: 1.0009220 seconds
[2019-01-14T12:57:13.420+0000][3941][safepoint    ] Total time for which application threads were stopped: 0.0064533 seconds, Stopping threads took: 0.0043785 seconds
[2019-01-14T12:57:14.136+0000][3941][safepoint    ] Application time: 0.7155484 seconds
[2019-01-14T12:57:14.145+0000][3941][safepoint    ] Total time for which application threads were stopped: 0.0089264 seconds, Stopping threads took: 0.0082228 seconds
[2019-01-14T12:57:14.145+0000][3941][safepoint    ] Application time: 0.0000503 seconds
[2019-01-14T12:57:14.145+0000][3941][safepoint    ] Total time for which application threads were stopped: 0.0000268 seconds, Stopping threads took: 0.0000017 seconds
[2019-01-14T12:57:14.145+0000][3941][safepoint    ] Application time: 0.0000152 seconds
[2019-01-14T12:57:14.145+0000][3941][safepoint    ] Total time for which application threads were stopped: 0.0000165 seconds, Stopping threads took: 0.0000008 seconds
[2019-01-14T12:57:14.147+0000][3941][safepoint    ] Application time: 0.0011894 seconds
[2019-01-14T12:57:14.147+0000][3941][safepoint    ] Total time for which application threads were stopped: 0.0000287 seconds, Stopping threads took: 0.0000019 seconds
[2019-01-14T12:57:14.147+0000][3941][safepoint    ] Application time: 0.0001099 seconds
[2019-01-14T12:57:14.147+0000][3941][safepoint    ] Total time for which application threads were stopped: 0.0000257 seconds, Stopping threads took: 0.0000012 seconds
[2019-01-14T12:57:14.147+0000][3941][safepoint    ] Application time: 0.0000199 seconds
[2019-01-14T12:57:14.147+0000][3941][safepoint    ] Total time for which application threads were stopped: 0.0000173 seconds, Stopping threads took: 0.0000008 seconds
[2019-01-14T12:57:14.147+0000][3941][safepoint    ] Application time: 0.0000135 seconds
[2019-01-14T12:57:14.147+0000][3941][safepoint    ] Total time for which application threads were stopped: 0.0000164 seconds, Stopping threads took: 0.0000006 seconds
[2019-01-14T12:57:14.147+0000][3941][safepoint    ] Application time: 0.0000127 seconds
[2019-01-14T12:57:14.149+0000][3941][safepoint    ] Total time for which application threads were stopped: 0.0000702 seconds, Stopping threads took: 0.0000074 seconds
[2019-01-14T12:57:14.149+0000][3941][safepoint    ] Application time: 0.0000384 seconds
[2019-01-14T12:57:14.149+0000][3941][safepoint    ] Total time for which application threads were stopped: 0.0000211 seconds, Stopping threads took: 0.0000009 seconds
[2019-01-14T12:57:14.149+0000][3941][safepoint    ] Application time: 0.0000160 seconds
[2019-01-14T12:57:14.149+0000][3941][safepoint    ] Total time for which application threads were stopped: 0.0000276 seconds, Stopping threads took: 0.0000007 seconds
[2019-01-14T12:57:14.149+0000][3941][safepoint    ] Application time: 0.0000153 seconds
[2019-01-14T12:57:14.149+0000][3941][safepoint    ] Total time for which application threads were stopped: 0.0000164 seconds, Stopping threads took: 0.0000006 seconds
[2019-01-14T12:57:14.149+0000][3941][safepoint    ] Application time: 0.0000129 seconds
[2019-01-14T12:57:14.149+0000][3941][safepoint    ] Total time for which application threads were stopped: 0.0000160 seconds, Stopping threads took: 0.0000006 seconds
[2019-01-14T12:57:14.149+0000][3941][safepoint    ] Application time: 0.0000132 seconds
[2019-01-14T12:57:14.149+0000][3941][safepoint    ] Total time for which application threads were stopped: 0.0000159 seconds, Stopping threads took: 0.0000006 seconds
[2019-01-14T12:57:14.149+0000][3941][safepoint    ] Application time: 0.0000136 seconds
[2019-01-14T12:57:14.149+0000][3941][safepoint    ] Total time for which application threads were stopped: 0.0000160 seconds, Stopping threads took: 0.0000006 seconds
[2019-01-14T12:57:14.149+0000][3941][safepoint    ] Application time: 0.0000128 seconds
[2019-01-14T12:57:14.149+0000][3941][safepoint    ] Total time for which application threads were stopped: 0.0000157 seconds, Stopping threads took: 0.0000006 seconds
[2019-01-14T12:57:14.149+0000][3941][safepoint    ] Application time: 0.0000146 seconds
[2019-01-14T12:57:14.149+0000][3941][safepoint    ] Total time for which application threads were stopped: 0.0000164 seconds, Stopping threads took: 0.0000006 seconds
[2019-01-14T12:57:14.149+0000][3941][safepoint    ] Application time: 0.0000131 seconds
[2019-01-14T12:57:14.149+0000][3941][safepoint    ] Total time for which application threads were stopped: 0.0000248 seconds, Stopping threads took: 0.0000023 seconds
[2019-01-14T12:57:14.149+0000][3941][safepoint    ] Application time: 0.0000182 seconds
[2019-01-14T12:57:14.150+0000][3941][safepoint    ] Total time for which application threads were stopped: 0.0000168 seconds, Stopping threads took: 0.0000007 seconds
[2019-01-14T12:57:14.150+0000][3941][safepoint    ] Application time: 0.0000128 seconds
[2019-01-14T12:57:14.150+0000][3941][safepoint    ] Total time for which application threads were stopped: 0.0000159 seconds, Stopping threads took: 0.0000006 seconds
[2019-01-14T12:57:14.150+0000][3941][safepoint    ] Application time: 0.0000134 seconds
[2019-01-14T12:57:14.150+0000][3941][safepoint    ] Total time for which application threads were stopped: 0.0000162 seconds, Stopping threads took: 0.0000007 seconds
[2019-01-14T12:57:14.150+0000][3941][safepoint    ] Application time: 0.0000140 seconds
[2019-01-14T12:57:14.150+0000][3941][safepoint    ] Total time for which application threads were stopped: 0.0000161 seconds, Stopping threads took: 0.0000006 seconds
[2019-01-14T12:57:14.150+0000][3941][safepoint    ] Application time: 0.0000131 seconds
[2019-01-14T12:57:14.150+0000][3941][safepoint    ] Total time for which application threads were stopped: 0.0000161 seconds, Stopping threads took: 0.0000006 seconds
[2019-01-14T12:57:14.150+0000][3941][safepoint    ] Application time: 0.0000128 seconds
[2019-01-14T12:57:14.150+0000][3941][safepoint    ] Total time for which application threads were stopped: 0.0000161 seconds, Stopping threads took: 0.0000007 seconds
[2019-01-14T12:57:14.150+0000][3941][safepoint    ] Application time: 0.0000132 seconds
[2019-01-14T12:57:14.150+0000][3941][safepoint    ] Total time for which application threads were stopped: 0.0000571 seconds, Stopping threads took: 0.0000006 seconds
[2019-01-14T12:57:14.152+0000][3941][safepoint    ] Application time: 0.0020669 seconds
[2019-01-14T12:57:14.160+0000][3941][safepoint    ] Total time for which application threads were stopped: 0.0085469 seconds, Stopping threads took: 0.0084244 seconds
[2019-01-14T12:57:14.161+0000][3941][safepoint    ] Application time: 0.0000500 seconds
[2019-01-14T12:57:14.161+0000][3941][safepoint    ] Total time for which application threads were stopped: 0.0000370 seconds, Stopping threads took: 0.0000015 seconds
[2019-01-14T12:57:14.161+0000][3941][safepoint    ] Application time: 0.0000269 seconds
[2019-01-14T12:57:14.161+0000][3941][safepoint    ] Total time for which application threads were stopped: 0.0000282 seconds, Stopping threads took: 0.0000010 seconds
[2019-01-14T12:57:14.161+0000][3941][safepoint    ] Application time: 0.0000239 seconds
[2019-01-14T12:57:14.161+0000][3941][safepoint    ] Total time for which application threads were stopped: 0.0000287 seconds, Stopping threads took: 0.0000008 seconds
[2019-01-14T12:57:14.161+0000][3941][safepoint    ] Application time: 0.0001551 seconds
[2019-01-14T12:57:14.161+0000][3941][safepoint    ] Total time for which application threads were stopped: 0.0000282 seconds, Stopping threads took: 0.0000034 seconds
[2019-01-14T12:57:14.161+0000][3941][safepoint    ] Application time: 0.0005560 seconds
[2019-01-14T12:57:14.162+0000][3941][safepoint    ] Total time for which application threads were stopped: 0.0000289 seconds, Stopping threads took: 0.0000029 seconds
[2019-01-14T12:57:14.162+0000][3941][safepoint    ] Application time: 0.0000926 seconds
[2019-01-14T12:57:14.162+0000][3941][safepoint    ] Total time for which application threads were stopped: 0.0000264 seconds, Stopping threads took: 0.0000031 seconds
[2019-01-14T12:57:14.162+0000][3941][safepoint    ] Application time: 0.0005206 seconds
[2019-01-14T12:57:14.162+0000][3941][safepoint    ] Total time for which application threads were stopped: 0.0000295 seconds, Stopping threads took: 0.0000032 seconds
[2019-01-14T12:57:14.165+0000][3941][safepoint    ] Application time: 0.0026615 seconds
[2019-01-14T12:57:14.165+0000][3941][safepoint    ] Total time for which application threads were stopped: 0.0000639 seconds, Stopping threads took: 0.0000077 seconds
[2019-01-14T12:57:14.165+0000][3941][safepoint    ] Application time: 0.0001215 seconds
[2019-01-14T12:57:14.165+0000][3941][safepoint    ] Total time for which application threads were stopped: 0.0000566 seconds, Stopping threads took: 0.0000030 seconds
[2019-01-14T12:57:14.166+0000][3941][safepoint    ] Application time: 0.0009787 seconds
[2019-01-14T12:57:14.166+0000][3941][safepoint    ] Total time for which application threads were stopped: 0.0000485 seconds, Stopping threads took: 0.0000035 seconds
[2019-01-14T12:57:14.166+0000][3941][safepoint    ] Application time: 0.0000350 seconds
[2019-01-14T12:57:14.166+0000][3941][safepoint    ] Total time for which application threads were stopped: 0.0000319 seconds, Stopping threads took: 0.0000027 seconds
[2019-01-14T12:57:14.166+0000][3941][safepoint    ] Application time: 0.0000126 seconds
[2019-01-14T12:57:14.167+0000][3941][safepoint    ] Total time for which application threads were stopped: 0.0000208 seconds, Stopping threads took: 0.0000009 seconds
[2019-01-14T12:57:14.167+0000][3941][safepoint    ] Application time: 0.0000109 seconds
[2019-01-14T12:57:14.167+0000][3941][safepoint    ] Total time for which application threads were stopped: 0.0000206 seconds, Stopping threads took: 0.0000008 seconds
[2019-01-14T12:57:14.167+0000][3941][safepoint    ] Application time: 0.0000109 seconds
[2019-01-14T12:57:14.167+0000][3941][safepoint    ] Total time for which application threads were stopped: 0.0000618 seconds, Stopping threads took: 0.0000325 seconds
[2019-01-14T12:57:14.167+0000][3941][safepoint    ] Application time: 0.0000174 seconds
[2019-01-14T12:57:14.167+0000][3941][safepoint    ] Total time for which application threads were stopped: 0.0001533 seconds, Stopping threads took: 0.0000009 seconds
[2019-01-14T12:57:14.167+0000][3941][safepoint    ] Application time: 0.0000310 seconds
[2019-01-14T12:57:14.167+0000][3941][safepoint    ] Total time for which application threads were stopped: 0.0000441 seconds, Stopping threads took: 0.0000010 seconds
[2019-01-14T12:57:14.168+0000][3941][safepoint    ] Application time: 0.0011058 seconds
[2019-01-14T12:57:14.176+0000][3941][safepoint    ] Total time for which application threads were stopped: 0.0083341 seconds, Stopping threads took: 0.0082012 seconds
[2019-01-14T12:57:14.177+0000][3941][safepoint    ] Application time: 0.0000734 seconds
[2019-01-14T12:57:14.177+0000][3941][safepoint    ] Total time for which application threads were stopped: 0.0001308 seconds, Stopping threads took: 0.0000028 seconds
[2019-01-14T12:57:14.226+0000][3941][safepoint    ] Application time: 0.0492308 seconds
[2019-01-14T12:57:14.267+0000][3941][gc,start     ] GC(17) Pause Young (Allocation Failure)
[2019-01-14T12:57:14.269+0000][3941][gc,task      ] GC(17) Using 2 workers of 2 for evacuation
[2019-01-14T12:57:14.282+0000][3941][gc,age       ] GC(17) Desired survivor size 4456448 bytes, new threshold 2 (max threshold 6)
[2019-01-14T12:57:14.282+0000][3941][gc,age       ] GC(17) Age table with threshold 2 (max threshold 6)
[2019-01-14T12:57:14.282+0000][3941][gc,age       ] GC(17) - age   1:    3173696 bytes,    3173696 total
[2019-01-14T12:57:14.282+0000][3941][gc,age       ] GC(17) - age   2:    2433824 bytes,    5607520 total
[2019-01-14T12:57:14.282+0000][3941][gc,heap      ] GC(17) ParNew: 76815K->6980K(78656K)
[2019-01-14T12:57:14.282+0000][3941][gc,heap      ] GC(17) CMS: 46289K->46289K(174784K)
[2019-01-14T12:57:14.283+0000][3941][gc,metaspace ] GC(17) Metaspace: 53297K->53297K(1097728K)
[2019-01-14T12:57:14.283+0000][3941][gc           ] GC(17) Pause Young (Allocation Failure) 120M->52M(247M) 15.321ms
[2019-01-14T12:57:14.283+0000][3941][gc,cpu       ] GC(17) User=0.03s Sys=0.00s Real=0.02s
[2019-01-14T12:57:14.283+0000][3941][safepoint    ] Total time for which application threads were stopped: 0.0567132 seconds, Stopping threads took: 0.0083867 seconds
[2019-01-14T12:57:14.287+0000][3941][safepoint    ] Application time: 0.0043946 seconds
[2019-01-14T12:57:14.287+0000][3941][safepoint    ] Total time for which application threads were stopped: 0.0000994 seconds, Stopping threads took: 0.0000080 seconds
[2019-01-14T12:57:14.288+0000][3941][safepoint    ] Application time: 0.0011836 seconds
[2019-01-14T12:57:14.289+0000][3941][safepoint    ] Total time for which application threads were stopped: 0.0003689 seconds, Stopping threads took: 0.0002377 seconds
[2019-01-14T12:57:14.290+0000][3941][safepoint    ] Application time: 0.0013097 seconds
[2019-01-14T12:57:14.290+0000][3941][safepoint    ] Total time for which application threads were stopped: 0.0000530 seconds, Stopping threads took: 0.0000047 seconds
[2019-01-14T12:57:14.291+0000][3941][safepoint    ] Application time: 0.0001722 seconds
[2019-01-14T12:57:14.291+0000][3941][safepoint    ] Total time for which application threads were stopped: 0.0000353 seconds, Stopping threads took: 0.0000023 seconds
[2019-01-14T12:57:14.291+0000][3941][safepoint    ] Application time: 0.0000322 seconds
[2019-01-14T12:57:14.291+0000][3941][safepoint    ] Total time for which application threads were stopped: 0.0000600 seconds, Stopping threads took: 0.0000317 seconds
[2019-01-14T12:57:14.291+0000][3941][safepoint    ] Application time: 0.0000580 seconds
[2019-01-14T12:57:14.291+0000][3941][safepoint    ] Total time for which application threads were stopped: 0.0000237 seconds, Stopping threads took: 0.0000017 seconds
[2019-01-14T12:57:14.291+0000][3941][safepoint    ] Application time: 0.0001271 seconds
[2019-01-14T12:57:14.291+0000][3941][safepoint    ] Total time for which application threads were stopped: 0.0000244 seconds, Stopping threads took: 0.0000019 seconds
[2019-01-14T12:57:14.471+0000][3941][safepoint    ] Application time: 0.1800736 seconds
[2019-01-14T12:57:14.471+0000][3941][safepoint    ] Total time for which application threads were stopped: 0.0000794 seconds, Stopping threads took: 0.0000064 seconds
[2019-01-14T12:57:14.471+0000][3941][safepoint    ] Application time: 0.0000366 seconds
[2019-01-14T12:57:14.471+0000][3941][safepoint    ] Total time for which application threads were stopped: 0.0000321 seconds, Stopping threads took: 0.0000008 seconds
[2019-01-14T12:57:14.472+0000][3941][safepoint    ] Application time: 0.0001895 seconds
[2019-01-14T12:57:14.472+0000][3941][safepoint    ] Total time for which application threads were stopped: 0.0001607 seconds, Stopping threads took: 0.0000513 seconds
[2019-01-14T12:57:14.472+0000][3941][safepoint    ] Application time: 0.0001961 seconds
[2019-01-14T12:57:14.472+0000][3941][safepoint    ] Total time for which application threads were stopped: 0.0000361 seconds, Stopping threads took: 0.0000013 seconds
[2019-01-14T12:57:14.473+0000][3941][safepoint    ] Application time: 0.0002954 seconds
[2019-01-14T12:57:14.473+0000][3941][safepoint    ] Total time for which application threads were stopped: 0.0000857 seconds, Stopping threads took: 0.0000033 seconds
[2019-01-14T12:57:14.474+0000][3941][safepoint    ] Application time: 0.0005819 seconds
[2019-01-14T12:57:14.474+0000][3941][safepoint    ] Total time for which application threads were stopped: 0.0000421 seconds, Stopping threads took: 0.0000024 seconds
[2019-01-14T12:57:14.474+0000][3941][safepoint    ] Application time: 0.0000755 seconds
[2019-01-14T12:57:14.474+0000][3941][safepoint    ] Total time for which application threads were stopped: 0.0000287 seconds, Stopping threads took: 0.0000010 seconds
[2019-01-14T12:57:14.474+0000][3941][safepoint    ] Application time: 0.0001736 seconds
[2019-01-14T12:57:14.474+0000][3941][safepoint    ] Total time for which application threads were stopped: 0.0000307 seconds, Stopping threads took: 0.0000029 seconds
[2019-01-14T12:57:14.475+0000][3941][safepoint    ] Application time: 0.0010849 seconds
[2019-01-14T12:57:14.475+0000][3941][safepoint    ] Total time for which application threads were stopped: 0.0000586 seconds, Stopping threads took: 0.0000022 seconds
[2019-01-14T12:57:14.476+0000][3941][safepoint    ] Application time: 0.0000322 seconds
[2019-01-14T12:57:14.476+0000][3941][safepoint    ] Total time for which application threads were stopped: 0.0000699 seconds, Stopping threads took: 0.0000011 seconds
[2019-01-14T12:57:14.491+0000][3941][safepoint    ] Application time: 0.0149328 seconds
[2019-01-14T12:57:14.491+0000][3941][safepoint    ] Total time for which application threads were stopped: 0.0000785 seconds, Stopping threads took: 0.0000123 seconds
[2019-01-14T12:57:14.509+0000][3941][safepoint    ] Application time: 0.0176135 seconds
[2019-01-14T12:57:14.509+0000][3941][safepoint    ] Total time for which application threads were stopped: 0.0000716 seconds, Stopping threads took: 0.0000061 seconds
[2019-01-14T12:57:14.511+0000][3941][safepoint    ] Application time: 0.0016477 seconds
[2019-01-14T12:57:14.511+0000][3941][safepoint    ] Total time for which application threads were stopped: 0.0000834 seconds, Stopping threads took: 0.0000078 seconds
[2019-01-14T12:57:14.511+0000][3941][safepoint    ] Application time: 0.0003775 seconds
[2019-01-14T12:57:14.511+0000][3941][safepoint    ] Total time for which application threads were stopped: 0.0000528 seconds, Stopping threads took: 0.0000048 seconds
[2019-01-14T12:57:14.517+0000][3941][safepoint    ] Application time: 0.0054581 seconds
[2019-01-14T12:57:14.518+0000][3941][safepoint    ] Total time for which application threads were stopped: 0.0014155 seconds, Stopping threads took: 0.0013380 seconds
[2019-01-14T12:57:14.548+0000][3941][safepoint    ] Application time: 0.0295996 seconds
[2019-01-14T12:57:14.548+0000][3941][safepoint    ] Total time for which application threads were stopped: 0.0000795 seconds, Stopping threads took: 0.0000077 seconds
[2019-01-14T12:57:14.548+0000][3941][safepoint    ] Application time: 0.0004732 seconds
[2019-01-14T12:57:14.548+0000][3941][safepoint    ] Total time for which application threads were stopped: 0.0000497 seconds, Stopping threads took: 0.0000030 seconds
[2019-01-14T12:57:14.548+0000][3941][safepoint    ] Application time: 0.0000601 seconds
[2019-01-14T12:57:14.549+0000][3941][safepoint    ] Total time for which application threads were stopped: 0.0000283 seconds, Stopping threads took: 0.0000018 seconds
[2019-01-14T12:57:14.549+0000][3941][safepoint    ] Application time: 0.0007263 seconds
[2019-01-14T12:57:14.549+0000][3941][safepoint    ] Total time for which application threads were stopped: 0.0000345 seconds, Stopping threads took: 0.0000024 seconds
[2019-01-14T12:57:14.549+0000][3941][safepoint    ] Application time: 0.0000323 seconds
[2019-01-14T12:57:14.549+0000][3941][safepoint    ] Total time for which application threads were stopped: 0.0000344 seconds, Stopping threads took: 0.0000011 seconds
[2019-01-14T12:57:14.549+0000][3941][safepoint    ] Application time: 0.0000173 seconds
[2019-01-14T12:57:14.549+0000][3941][safepoint    ] Total time for which application threads were stopped: 0.0000247 seconds, Stopping threads took: 0.0000013 seconds
[2019-01-14T12:57:14.549+0000][3941][safepoint    ] Application time: 0.0000125 seconds
[2019-01-14T12:57:14.549+0000][3941][safepoint    ] Total time for which application threads were stopped: 0.0000186 seconds, Stopping threads took: 0.0000007 seconds
[2019-01-14T12:57:14.550+0000][3941][safepoint    ] Application time: 0.0002185 seconds
[2019-01-14T12:57:14.550+0000][3941][safepoint    ] Total time for which application threads were stopped: 0.0000232 seconds, Stopping threads took: 0.0000012 seconds
[2019-01-14T12:57:14.550+0000][3941][safepoint    ] Application time: 0.0000731 seconds
[2019-01-14T12:57:14.550+0000][3941][safepoint    ] Total time for which application threads were stopped: 0.0000223 seconds, Stopping threads took: 0.0000010 seconds
[2019-01-14T12:57:14.550+0000][3941][safepoint    ] Application time: 0.0003569 seconds
[2019-01-14T12:57:14.550+0000][3941][safepoint    ] Total time for which application threads were stopped: 0.0000304 seconds, Stopping threads took: 0.0000018 seconds
[2019-01-14T12:57:14.551+0000][3941][safepoint    ] Application time: 0.0003270 seconds
[2019-01-14T12:57:14.551+0000][3941][safepoint    ] Total time for which application threads were stopped: 0.0000284 seconds, Stopping threads took: 0.0000015 seconds
[2019-01-14T12:57:14.551+0000][3941][safepoint    ] Application time: 0.0000682 seconds
[2019-01-14T12:57:14.551+0000][3941][safepoint    ] Total time for which application threads were stopped: 0.0000242 seconds, Stopping threads took: 0.0000013 seconds
[2019-01-14T12:57:14.551+0000][3941][safepoint    ] Application time: 0.0000198 seconds
[2019-01-14T12:57:14.551+0000][3941][safepoint    ] Total time for which application threads were stopped: 0.0000196 seconds, Stopping threads took: 0.0000009 seconds
[2019-01-14T12:57:14.551+0000][3941][safepoint    ] Application time: 0.0001475 seconds
[2019-01-14T12:57:14.551+0000][3941][safepoint    ] Total time for which application threads were stopped: 0.0000265 seconds, Stopping threads took: 0.0000015 seconds
[2019-01-14T12:57:14.552+0000][3941][safepoint    ] Application time: 0.0013844 seconds
[2019-01-14T12:57:14.552+0000][3941][safepoint    ] Total time for which application threads were stopped: 0.0000569 seconds, Stopping threads took: 0.0000157 seconds
[2019-01-14T12:57:14.553+0000][3941][safepoint    ] Application time: 0.0000684 seconds
[2019-01-14T12:57:14.553+0000][3941][safepoint    ] Total time for which application threads were stopped: 0.0000321 seconds, Stopping threads took: 0.0000015 seconds
[2019-01-14T12:57:14.553+0000][3941][safepoint    ] Application time: 0.0000171 seconds
[2019-01-14T12:57:14.553+0000][3941][safepoint    ] Total time for which application threads were stopped: 0.0000235 seconds, Stopping threads took: 0.0000009 seconds
[2019-01-14T12:57:14.553+0000][3941][safepoint    ] Application time: 0.0000148 seconds
[2019-01-14T12:57:14.553+0000][3941][safepoint    ] Total time for which application threads were stopped: 0.0000219 seconds, Stopping threads took: 0.0000009 seconds
[2019-01-14T12:57:14.586+0000][3941][safepoint    ] Application time: 0.0328395 seconds
[2019-01-14T12:57:14.586+0000][3941][safepoint    ] Total time for which application threads were stopped: 0.0001825 seconds, Stopping threads took: 0.0000459 seconds
[2019-01-14T12:57:14.587+0000][3941][safepoint    ] Application time: 0.0009711 seconds
[2019-01-14T12:57:14.587+0000][3941][safepoint    ] Total time for which application threads were stopped: 0.0004577 seconds, Stopping threads took: 0.0003251 seconds
[2019-01-14T12:57:15.179+0000][3941][safepoint    ] Application time: 0.5120751 seconds
[2019-01-14T12:57:15.191+0000][3941][safepoint    ] Total time for which application threads were stopped: 0.0087957 seconds, Stopping threads took: 0.0000111 seconds
[2019-01-14T12:57:15.244+0000][3941][safepoint    ] Application time: 0.0533781 seconds
[2019-01-14T12:57:15.246+0000][3941][safepoint    ] Total time for which application threads were stopped: 0.0014128 seconds, Stopping threads took: 0.0013321 seconds
[2019-01-14T12:57:15.249+0000][3941][safepoint    ] Application time: 0.0029895 seconds
[2019-01-14T12:57:15.249+0000][3941][safepoint    ] Total time for which application threads were stopped: 0.0000899 seconds, Stopping threads took: 0.0000144 seconds
[2019-01-14T12:57:15.249+0000][3941][safepoint    ] Application time: 0.0001689 seconds
[2019-01-14T12:57:15.249+0000][3941][safepoint    ] Total time for which application threads were stopped: 0.0000306 seconds, Stopping threads took: 0.0000109 seconds
[2019-01-14T12:57:15.249+0000][3941][safepoint    ] Application time: 0.0002451 seconds
[2019-01-14T12:57:15.249+0000][3941][safepoint    ] Total time for which application threads were stopped: 0.0000118 seconds, Stopping threads took: 0.0000014 seconds
[2019-01-14T12:57:15.250+0000][3941][safepoint    ] Application time: 0.0000272 seconds
[2019-01-14T12:57:15.250+0000][3941][safepoint    ] Total time for which application threads were stopped: 0.0000086 seconds, Stopping threads took: 0.0000009 seconds
[2019-01-14T12:57:15.523+0000][3941][safepoint    ] Application time: 0.2733493 seconds
[2019-01-14T12:57:15.528+0000][3941][safepoint    ] Total time for which application threads were stopped: 0.0034080 seconds, Stopping threads took: 0.0022881 seconds
[2019-01-14T12:57:15.605+0000][3941][safepoint    ] Application time: 0.0775061 seconds
[2019-01-14T12:57:15.612+0000][3941][safepoint    ] Total time for which application threads were stopped: 0.0063707 seconds, Stopping threads took: 0.0000065 seconds
[2019-01-14T12:57:15.767+0000][3941][safepoint    ] Application time: 0.1553453 seconds
[2019-01-14T12:57:15.767+0000][3941][safepoint    ] Total time for which application threads were stopped: 0.0000433 seconds, Stopping threads took: 0.0000080 seconds
[2019-01-14T12:57:15.768+0000][3941][safepoint    ] Application time: 0.0007735 seconds
[2019-01-14T12:57:15.768+0000][3941][safepoint    ] Total time for which application threads were stopped: 0.0003924 seconds, Stopping threads took: 0.0003526 seconds
[2019-01-14T12:57:15.773+0000][3941][safepoint    ] Application time: 0.0043551 seconds
[2019-01-14T12:57:15.773+0000][3941][safepoint    ] Total time for which application threads were stopped: 0.0000435 seconds, Stopping threads took: 0.0000102 seconds
[2019-01-14T12:57:15.773+0000][3941][safepoint    ] Application time: 0.0003425 seconds
[2019-01-14T12:57:15.773+0000][3941][safepoint    ] Total time for which application threads were stopped: 0.0000180 seconds, Stopping threads took: 0.0000033 seconds
[2019-01-14T12:57:15.796+0000][3941][safepoint    ] Application time: 0.0231111 seconds
[2019-01-14T12:57:15.796+0000][3941][safepoint    ] Total time for which application threads were stopped: 0.0000382 seconds, Stopping threads took: 0.0000057 seconds
[2019-01-14T12:57:16.261+0000][3941][safepoint    ] Application time: 0.4635217 seconds
[2019-01-14T12:57:16.262+0000][3941][safepoint    ] Total time for which application threads were stopped: 0.0014207 seconds, Stopping threads took: 0.0009143 seconds
[2019-01-14T12:57:16.262+0000][3941][safepoint    ] Application time: 0.0000484 seconds
[2019-01-14T12:57:16.262+0000][3941][safepoint    ] Total time for which application threads were stopped: 0.0000213 seconds, Stopping threads took: 0.0000070 seconds
[2019-01-14T12:57:16.263+0000][3941][safepoint    ] Application time: 0.0000713 seconds
[2019-01-14T12:57:16.263+0000][3941][safepoint    ] Total time for which application threads were stopped: 0.0000154 seconds, Stopping threads took: 0.0000054 seconds
[2019-01-14T12:57:16.263+0000][3941][safepoint    ] Application time: 0.0001962 seconds
[2019-01-14T12:57:16.263+0000][3941][safepoint    ] Total time for which application threads were stopped: 0.0000694 seconds, Stopping threads took: 0.0000075 seconds
[2019-01-14T12:57:16.701+0000][3941][safepoint    ] Application time: 0.4371794 seconds
[2019-01-14T12:57:16.702+0000][3941][gc,start     ] GC(18) Pause Young (Allocation Failure)
[2019-01-14T12:57:16.703+0000][3941][gc,task      ] GC(18) Using 2 workers of 2 for evacuation
[2019-01-14T12:57:16.769+0000][3941][gc,age       ] GC(18) Desired survivor size 4456448 bytes, new threshold 2 (max threshold 6)
[2019-01-14T12:57:16.769+0000][3941][gc,age       ] GC(18) Age table with threshold 2 (max threshold 6)
[2019-01-14T12:57:16.769+0000][3941][gc,age       ] GC(18) - age   1:    1761296 bytes,    1761296 total
[2019-01-14T12:57:16.769+0000][3941][gc,age       ] GC(18) - age   2:    3090456 bytes,    4851752 total
[2019-01-14T12:57:16.788+0000][3941][gc,heap      ] GC(18) ParNew: 76932K->7033K(78656K)
[2019-01-14T12:57:16.788+0000][3941][gc,heap      ] GC(18) CMS: 46289K->48673K(174784K)
[2019-01-14T12:57:16.789+0000][3941][gc,metaspace ] GC(18) Metaspace: 59735K->59735K(1103872K)
[2019-01-14T12:57:16.790+0000][3941][gc           ] GC(18) Pause Young (Allocation Failure) 120M->54M(247M) 87.838ms
[2019-01-14T12:57:16.790+0000][3941][gc,cpu       ] GC(18) User=0.06s Sys=0.00s Real=0.09s
[2019-01-14T12:57:16.790+0000][3941][safepoint    ] Total time for which application threads were stopped: 0.0891274 seconds, Stopping threads took: 0.0000101 seconds
[2019-01-14T12:57:17.514+0000][3941][safepoint    ] Application time: 0.7126834 seconds
[2019-01-14T12:57:17.517+0000][3941][safepoint    ] Total time for which application threads were stopped: 0.0024490 seconds, Stopping threads took: 0.0000129 seconds
[2019-01-14T12:57:17.517+0000][3941][safepoint    ] Application time: 0.0006302 seconds
[2019-01-14T12:57:17.519+0000][3941][safepoint    ] Total time for which application threads were stopped: 0.0016007 seconds, Stopping threads took: 0.0014314 seconds
[2019-01-14T12:57:17.519+0000][3941][safepoint    ] Application time: 0.0000569 seconds
[2019-01-14T12:57:17.519+0000][3941][safepoint    ] Total time for which application threads were stopped: 0.0002564 seconds, Stopping threads took: 0.0000041 seconds
[2019-01-14T12:57:17.519+0000][3941][safepoint    ] Application time: 0.0000370 seconds
[2019-01-14T12:57:17.519+0000][3941][safepoint    ] Total time for which application threads were stopped: 0.0001842 seconds, Stopping threads took: 0.0001136 seconds
[2019-01-14T12:57:18.243+0000][3941][safepoint    ] Application time: 0.7228449 seconds
[2019-01-14T12:57:18.246+0000][3941][safepoint    ] Total time for which application threads were stopped: 0.0008235 seconds, Stopping threads took: 0.0000121 seconds
[2019-01-14T12:57:18.324+0000][3941][safepoint    ] Application time: 0.0766028 seconds
[2019-01-14T12:57:18.330+0000][3941][safepoint    ] Total time for which application threads were stopped: 0.0007634 seconds, Stopping threads took: 0.0002052 seconds
[2019-01-14T12:57:18.346+0000][3941][safepoint    ] Application time: 0.0154812 seconds
[2019-01-14T12:57:18.346+0000][3941][safepoint    ] Total time for which application threads were stopped: 0.0000976 seconds, Stopping threads took: 0.0000538 seconds
[2019-01-14T12:57:18.347+0000][3941][safepoint    ] Application time: 0.0007392 seconds
[2019-01-14T12:57:18.347+0000][3941][safepoint    ] Total time for which application threads were stopped: 0.0000961 seconds, Stopping threads took: 0.0000101 seconds
[2019-01-14T12:57:18.363+0000][3941][safepoint    ] Application time: 0.0161451 seconds
[2019-01-14T12:57:18.363+0000][3941][safepoint    ] Total time for which application threads were stopped: 0.0000622 seconds, Stopping threads took: 0.0000177 seconds
[2019-01-14T12:57:18.643+0000][3941][safepoint    ] Application time: 0.2783716 seconds
[2019-01-14T12:57:18.652+0000][3941][safepoint    ] Total time for which application threads were stopped: 0.0086185 seconds, Stopping threads took: 0.0052752 seconds
[2019-01-14T12:57:19.668+0000][3941][safepoint    ] Application time: 1.0124985 seconds
[2019-01-14T12:57:19.678+0000][3941][safepoint    ] Total time for which application threads were stopped: 0.0076350 seconds, Stopping threads took: 0.0037342 seconds
[2019-01-14T12:57:19.687+0000][3941][safepoint    ] Application time: 0.0086453 seconds
[2019-01-14T12:57:19.690+0000][3941][safepoint    ] Total time for which application threads were stopped: 0.0031298 seconds, Stopping threads took: 0.0026879 seconds
[2019-01-14T12:57:19.693+0000][3941][safepoint    ] Application time: 0.0035415 seconds
[2019-01-14T12:57:19.696+0000][3941][safepoint    ] Total time for which application threads were stopped: 0.0028588 seconds, Stopping threads took: 0.0000142 seconds
[2019-01-14T12:57:20.696+0000][3941][safepoint    ] Application time: 0.9988977 seconds
[2019-01-14T12:57:20.698+0000][3941][safepoint    ] Total time for which application threads were stopped: 0.0012678 seconds, Stopping threads took: 0.0000086 seconds
[2019-01-14T12:57:20.723+0000][3941][safepoint    ] Application time: 0.0247027 seconds
[2019-01-14T12:57:20.723+0000][3941][safepoint    ] Total time for which application threads were stopped: 0.0006138 seconds, Stopping threads took: 0.0000065 seconds
[2019-01-14T12:57:20.741+0000][3941][safepoint    ] Application time: 0.0182168 seconds
[2019-01-14T12:57:20.760+0000][3941][gc,start     ] GC(19) Pause Young (Allocation Failure)
[2019-01-14T12:57:20.788+0000][3941][gc,task      ] GC(19) Using 2 workers of 2 for evacuation
[2019-01-14T12:57:20.901+0000][3941][gc,age       ] GC(19) Desired survivor size 4456448 bytes, new threshold 2 (max threshold 6)
[2019-01-14T12:57:20.910+0000][3941][gc,age       ] GC(19) Age table with threshold 2 (max threshold 6)
[2019-01-14T12:57:20.910+0000][3941][gc,age       ] GC(19) - age   1:    3718568 bytes,    3718568 total
[2019-01-14T12:57:20.911+0000][3941][gc,age       ] GC(19) - age   2:    1682600 bytes,    5401168 total
[2019-01-14T12:57:20.917+0000][3941][gc,heap      ] GC(19) ParNew: 76985K->7088K(78656K)
[2019-01-14T12:57:20.917+0000][3941][gc,heap      ] GC(19) CMS: 48673K->51778K(174784K)
[2019-01-14T12:57:20.917+0000][3941][gc,metaspace ] GC(19) Metaspace: 67385K->67385K(1112064K)
[2019-01-14T12:57:20.920+0000][3941][gc           ] GC(19) Pause Young (Allocation Failure) 122M->57M(247M) 158.285ms
[2019-01-14T12:57:20.921+0000][3941][gc,cpu       ] GC(19) User=0.02s Sys=0.04s Real=0.16s
[2019-01-14T12:57:20.924+0000][3941][safepoint    ] Total time for which application threads were stopped: 0.1825664 seconds, Stopping threads took: 0.0000086 seconds
[2019-01-14T12:57:21.367+0000][3941][safepoint    ] Application time: 0.4413615 seconds
[2019-01-14T12:57:21.368+0000][3941][safepoint    ] Total time for which application threads were stopped: 0.0007063 seconds, Stopping threads took: 0.0000115 seconds
[2019-01-14T12:57:21.432+0000][3941][safepoint    ] Application time: 0.0646281 seconds
[2019-01-14T12:57:21.433+0000][3941][safepoint    ] Total time for which application threads were stopped: 0.0002578 seconds, Stopping threads took: 0.0000166 seconds
[2019-01-14T12:57:21.465+0000][3941][safepoint    ] Application time: 0.0325224 seconds
[2019-01-14T12:57:21.466+0000][3941][safepoint    ] Total time for which application threads were stopped: 0.0001922 seconds, Stopping threads took: 0.0000292 seconds
[2019-01-14T12:57:21.482+0000][3941][safepoint    ] Application time: 0.0161594 seconds
[2019-01-14T12:57:21.482+0000][3941][safepoint    ] Total time for which application threads were stopped: 0.0004663 seconds, Stopping threads took: 0.0000143 seconds
[2019-01-14T12:57:21.494+0000][3941][safepoint    ] Application time: 0.0115768 seconds
[2019-01-14T12:57:21.495+0000][3941][safepoint    ] Total time for which application threads were stopped: 0.0009086 seconds, Stopping threads took: 0.0000065 seconds
[2019-01-14T12:57:21.735+0000][3941][safepoint    ] Application time: 0.2386786 seconds
[2019-01-14T12:57:21.746+0000][3941][safepoint    ] Total time for which application threads were stopped: 0.0093370 seconds, Stopping threads took: 0.0011104 seconds
[2019-01-14T12:57:21.776+0000][3941][safepoint    ] Application time: 0.0293046 seconds
[2019-01-14T12:57:21.778+0000][3941][safepoint    ] Total time for which application threads were stopped: 0.0002132 seconds, Stopping threads took: 0.0001439 seconds
[2019-01-14T12:57:21.780+0000][3941][safepoint    ] Application time: 0.0019058 seconds
[2019-01-14T12:57:21.781+0000][3941][safepoint    ] Total time for which application threads were stopped: 0.0012388 seconds, Stopping threads took: 0.0010286 seconds
[2019-01-14T12:57:21.783+0000][3941][safepoint    ] Application time: 0.0017167 seconds
[2019-01-14T12:57:21.785+0000][3941][safepoint    ] Total time for which application threads were stopped: 0.0017364 seconds, Stopping threads took: 0.0016833 seconds
[2019-01-14T12:57:21.787+0000][3941][safepoint    ] Application time: 0.0020577 seconds
[2019-01-14T12:57:21.788+0000][3941][safepoint    ] Total time for which application threads were stopped: 0.0009550 seconds, Stopping threads took: 0.0000124 seconds
[2019-01-14T12:57:21.788+0000][3941][safepoint    ] Application time: 0.0003987 seconds
[2019-01-14T12:57:21.793+0000][3941][safepoint    ] Total time for which application threads were stopped: 0.0043649 seconds, Stopping threads took: 0.0042909 seconds
[2019-01-14T12:57:21.794+0000][3941][safepoint    ] Application time: 0.0012846 seconds
[2019-01-14T12:57:21.794+0000][3941][safepoint    ] Total time for which application threads were stopped: 0.0000683 seconds, Stopping threads took: 0.0000238 seconds
[2019-01-14T12:57:21.795+0000][3941][safepoint    ] Application time: 0.0005293 seconds
[2019-01-14T12:57:21.823+0000][3941][safepoint    ] Total time for which application threads were stopped: 0.0276936 seconds, Stopping threads took: 0.0276012 seconds
[2019-01-14T12:57:21.823+0000][3941][safepoint    ] Application time: 0.0005315 seconds
[2019-01-14T12:57:21.823+0000][3941][safepoint    ] Total time for which application threads were stopped: 0.0000396 seconds, Stopping threads took: 0.0000058 seconds
[2019-01-14T12:57:21.823+0000][3941][safepoint    ] Application time: 0.0000277 seconds
[2019-01-14T12:57:21.823+0000][3941][safepoint    ] Total time for which application threads were stopped: 0.0000214 seconds, Stopping threads took: 0.0000018 seconds
[2019-01-14T12:57:21.827+0000][3941][safepoint    ] Application time: 0.0032157 seconds
[2019-01-14T12:57:21.828+0000][3941][safepoint    ] Total time for which application threads were stopped: 0.0010974 seconds, Stopping threads took: 0.0010415 seconds
[2019-01-14T12:57:21.836+0000][3941][safepoint    ] Application time: 0.0085236 seconds
[2019-01-14T12:57:21.836+0000][3941][safepoint    ] Total time for which application threads were stopped: 0.0001460 seconds, Stopping threads took: 0.0000784 seconds
[2019-01-14T12:57:21.838+0000][3941][safepoint    ] Application time: 0.0014996 seconds
[2019-01-14T12:57:21.838+0000][3941][safepoint    ] Total time for which application threads were stopped: 0.0000510 seconds, Stopping threads took: 0.0000064 seconds
[2019-01-14T12:57:21.840+0000][3941][safepoint    ] Application time: 0.0012607 seconds
[2019-01-14T12:57:21.840+0000][3941][safepoint    ] Total time for which application threads were stopped: 0.0000859 seconds, Stopping threads took: 0.0000059 seconds
[2019-01-14T12:57:21.841+0000][3941][safepoint    ] Application time: 0.0010939 seconds
[2019-01-14T12:57:21.842+0000][3941][safepoint    ] Total time for which application threads were stopped: 0.0009626 seconds, Stopping threads took: 0.0000059 seconds
[2019-01-14T12:57:21.842+0000][3941][safepoint    ] Application time: 0.0002875 seconds
[2019-01-14T12:57:21.842+0000][3941][safepoint    ] Total time for which application threads were stopped: 0.0000760 seconds, Stopping threads took: 0.0000109 seconds
[2019-01-14T12:57:21.842+0000][3941][safepoint    ] Application time: 0.0002834 seconds
[2019-01-14T12:57:21.842+0000][3941][safepoint    ] Total time for which application threads were stopped: 0.0000302 seconds, Stopping threads took: 0.0000036 seconds
[2019-01-14T12:57:21.849+0000][3941][safepoint    ] Application time: 0.0063369 seconds
[2019-01-14T12:57:21.849+0000][3941][safepoint    ] Total time for which application threads were stopped: 0.0000635 seconds, Stopping threads took: 0.0000151 seconds
[2019-01-14T12:57:21.849+0000][3941][safepoint    ] Application time: 0.0004802 seconds
[2019-01-14T12:57:21.849+0000][3941][safepoint    ] Total time for which application threads were stopped: 0.0000434 seconds, Stopping threads took: 0.0000100 seconds
[2019-01-14T12:57:21.849+0000][3941][safepoint    ] Application time: 0.0000165 seconds
[2019-01-14T12:57:21.849+0000][3941][safepoint    ] Total time for which application threads were stopped: 0.0000233 seconds, Stopping threads took: 0.0000055 seconds
[2019-01-14T12:57:21.850+0000][3941][safepoint    ] Application time: 0.0000141 seconds
[2019-01-14T12:57:21.850+0000][3941][safepoint    ] Total time for which application threads were stopped: 0.0000224 seconds, Stopping threads took: 0.0000052 seconds
[2019-01-14T12:57:21.850+0000][3941][safepoint    ] Application time: 0.0000155 seconds
[2019-01-14T12:57:21.850+0000][3941][safepoint    ] Total time for which application threads were stopped: 0.0000220 seconds, Stopping threads took: 0.0000048 seconds
[2019-01-14T12:57:21.853+0000][3941][safepoint    ] Application time: 0.0033173 seconds
[2019-01-14T12:57:21.854+0000][3941][safepoint    ] Total time for which application threads were stopped: 0.0009059 seconds, Stopping threads took: 0.0000163 seconds
[2019-01-14T12:57:21.859+0000][3941][safepoint    ] Application time: 0.0047008 seconds
[2019-01-14T12:57:21.860+0000][3941][safepoint    ] Total time for which application threads were stopped: 0.0008817 seconds, Stopping threads took: 0.0000242 seconds
[2019-01-14T12:57:21.860+0000][3941][safepoint    ] Application time: 0.0001393 seconds
[2019-01-14T12:57:21.860+0000][3941][safepoint    ] Total time for which application threads were stopped: 0.0000975 seconds, Stopping threads took: 0.0000095 seconds
[2019-01-14T12:57:21.860+0000][3941][safepoint    ] Application time: 0.0001265 seconds
[2019-01-14T12:57:21.860+0000][3941][safepoint    ] Total time for which application threads were stopped: 0.0000714 seconds, Stopping threads took: 0.0000067 seconds
[2019-01-14T12:57:21.860+0000][3941][safepoint    ] Application time: 0.0000203 seconds
[2019-01-14T12:57:21.860+0000][3941][safepoint    ] Total time for which application threads were stopped: 0.0000404 seconds, Stopping threads took: 0.0000053 seconds
[2019-01-14T12:57:21.866+0000][3941][safepoint    ] Application time: 0.0054693 seconds
[2019-01-14T12:57:21.866+0000][3941][safepoint    ] Total time for which application threads were stopped: 0.0006422 seconds, Stopping threads took: 0.0000142 seconds
[2019-01-14T12:57:21.874+0000][3941][safepoint    ] Application time: 0.0000754 seconds
[2019-01-14T12:57:21.874+0000][3941][safepoint    ] Total time for which application threads were stopped: 0.0000719 seconds, Stopping threads took: 0.0000155 seconds
[2019-01-14T12:57:21.874+0000][3941][safepoint    ] Application time: 0.0000728 seconds
[2019-01-14T12:57:21.874+0000][3941][safepoint    ] Total time for which application threads were stopped: 0.0000382 seconds, Stopping threads took: 0.0000079 seconds
[2019-01-14T12:57:22.132+0000][3941][safepoint    ] Application time: 0.2567603 seconds
[2019-01-14T12:57:22.138+0000][3941][safepoint    ] Total time for which application threads were stopped: 0.0055716 seconds, Stopping threads took: 0.0000109 seconds
[2019-01-14T12:57:22.158+0000][3941][safepoint    ] Application time: 0.0202200 seconds
[2019-01-14T12:57:22.158+0000][3941][safepoint    ] Total time for which application threads were stopped: 0.0000500 seconds, Stopping threads took: 0.0000139 seconds
[2019-01-14T12:57:22.158+0000][3941][safepoint    ] Application time: 0.0000653 seconds
[2019-01-14T12:57:22.158+0000][3941][safepoint    ] Total time for which application threads were stopped: 0.0000260 seconds, Stopping threads took: 0.0000060 seconds
[2019-01-14T12:57:22.158+0000][3941][safepoint    ] Application time: 0.0000645 seconds
[2019-01-14T12:57:22.158+0000][3941][safepoint    ] Total time for which application threads were stopped: 0.0000271 seconds, Stopping threads took: 0.0000078 seconds
[2019-01-14T12:57:22.159+0000][3941][safepoint    ] Application time: 0.0000774 seconds
[2019-01-14T12:57:22.159+0000][3941][safepoint    ] Total time for which application threads were stopped: 0.0000317 seconds, Stopping threads took: 0.0000078 seconds
[2019-01-14T12:57:22.159+0000][3941][safepoint    ] Application time: 0.0000776 seconds
[2019-01-14T12:57:22.159+0000][3941][safepoint    ] Total time for which application threads were stopped: 0.0000259 seconds, Stopping threads took: 0.0000072 seconds
[2019-01-14T12:57:22.932+0000][3941][safepoint    ] Application time: 0.7734501 seconds
[2019-01-14T12:57:23.094+0000][3941][gc,start     ] GC(20) Pause Initial Mark
[2019-01-14T12:57:23.127+0000][3941][gc           ] GC(20) Pause Initial Mark 66M->66M(247M) 34.725ms
[2019-01-14T12:57:23.127+0000][3941][gc,cpu       ] GC(20) User=0.00s Sys=0.02s Real=0.03s
[2019-01-14T12:57:23.128+0000][3941][safepoint    ] Total time for which application threads were stopped: 0.1948008 seconds, Stopping threads took: 0.1498866 seconds
[2019-01-14T12:57:23.132+0000][3941][gc           ] GC(20) Concurrent Mark
[2019-01-14T12:57:23.199+0000][3941][gc           ] GC(20) Concurrent Mark 67.016ms
[2019-01-14T12:57:23.199+0000][3941][gc,cpu       ] GC(20) User=0.05s Sys=0.03s Real=0.06s
[2019-01-14T12:57:23.199+0000][3941][gc           ] GC(20) Concurrent Preclean
[2019-01-14T12:57:23.200+0000][3941][gc           ] GC(20) Concurrent Preclean 1.141ms
[2019-01-14T12:57:23.200+0000][3941][gc,cpu       ] GC(20) User=0.00s Sys=0.00s Real=0.00s
[2019-01-14T12:57:23.200+0000][3941][gc           ] GC(20) Concurrent Abortable Preclean
[2019-01-14T12:57:23.932+0000][3941][safepoint    ] Application time: 0.8037160 seconds
[2019-01-14T12:57:23.935+0000][3941][safepoint    ] Total time for which application threads were stopped: 0.0026758 seconds, Stopping threads took: 0.0006725 seconds
[2019-01-14T12:57:23.941+0000][3941][safepoint    ] Application time: 0.0053812 seconds
[2019-01-14T12:57:23.941+0000][3941][safepoint    ] Total time for which application threads were stopped: 0.0002758 seconds, Stopping threads took: 0.0001537 seconds
[2019-01-14T12:57:23.941+0000][3941][safepoint    ] Application time: 0.0002315 seconds
[2019-01-14T12:57:23.942+0000][3941][safepoint    ] Total time for which application threads were stopped: 0.0000922 seconds, Stopping threads took: 0.0000039 seconds
[2019-01-14T12:57:24.093+0000][3941][safepoint    ] Application time: 0.1504315 seconds
[2019-01-14T12:57:24.097+0000][3941][safepoint    ] Total time for which application threads were stopped: 0.0033556 seconds, Stopping threads took: 0.0000109 seconds
[2019-01-14T12:57:24.381+0000][3941][safepoint    ] Application time: 0.2786840 seconds
[2019-01-14T12:57:24.389+0000][3941][safepoint    ] Total time for which application threads were stopped: 0.0071423 seconds, Stopping threads took: 0.0023431 seconds
[2019-01-14T12:57:24.401+0000][3941][safepoint    ] Application time: 0.0114050 seconds
[2019-01-14T12:57:24.401+0000][3941][safepoint    ] Total time for which application threads were stopped: 0.0000932 seconds, Stopping threads took: 0.0000305 seconds
[2019-01-14T12:57:24.512+0000][3941][safepoint    ] Application time: 0.1053251 seconds
[2019-01-14T12:57:24.672+0000][3941][safepoint    ] Total time for which application threads were stopped: 0.1564971 seconds, Stopping threads took: 0.1504798 seconds
[2019-01-14T12:57:24.688+0000][3941][safepoint    ] Application time: 0.0043673 seconds
[2019-01-14T12:57:24.974+0000][3941][safepoint    ] Total time for which application threads were stopped: 0.2802659 seconds, Stopping threads took: 0.2641990 seconds
[2019-01-14T12:57:25.053+0000][3941][safepoint    ] Application time: 0.0383775 seconds
[2019-01-14T12:57:25.346+0000][3941][safepoint    ] Total time for which application threads were stopped: 0.2683456 seconds, Stopping threads took: 0.0658367 seconds
[2019-01-14T12:57:25.437+0000][3941][safepoint    ] Application time: 0.0803575 seconds
[2019-01-14T12:57:25.669+0000][3941][safepoint    ] Total time for which application threads were stopped: 0.2296017 seconds, Stopping threads took: 0.2167063 seconds
[2019-01-14T12:57:25.677+0000][3941][safepoint    ] Application time: 0.0030520 seconds
[2019-01-14T12:57:25.678+0000][3941][safepoint    ] Total time for which application threads were stopped: 0.0009654 seconds, Stopping threads took: 0.0008722 seconds
[2019-01-14T12:57:25.688+0000][3941][safepoint    ] Application time: 0.0098196 seconds
[2019-01-14T12:57:25.694+0000][3941][safepoint    ] Total time for which application threads were stopped: 0.0059202 seconds, Stopping threads took: 0.0058282 seconds
[2019-01-14T12:57:25.865+0000][3941][safepoint    ] Application time: 0.1707657 seconds
[2019-01-14T12:57:25.899+0000][3941][safepoint    ] Total time for which application threads were stopped: 0.0330003 seconds, Stopping threads took: 0.0152810 seconds
[2019-01-14T12:57:25.938+0000][3941][safepoint    ] Application time: 0.0359429 seconds
[2019-01-14T12:57:25.939+0000][3941][safepoint    ] Total time for which application threads were stopped: 0.0000740 seconds, Stopping threads took: 0.0000146 seconds
[2019-01-14T12:57:25.950+0000][3941][safepoint    ] Application time: 0.0118503 seconds
[2019-01-14T12:57:25.951+0000][3941][safepoint    ] Total time for which application threads were stopped: 0.0000752 seconds, Stopping threads took: 0.0000129 seconds
[2019-01-14T12:57:25.957+0000][3941][safepoint    ] Application time: 0.0062744 seconds
[2019-01-14T12:57:25.957+0000][3941][safepoint    ] Total time for which application threads were stopped: 0.0000790 seconds, Stopping threads took: 0.0000124 seconds
[2019-01-14T12:57:25.963+0000][3941][safepoint    ] Application time: 0.0056346 seconds
[2019-01-14T12:57:25.969+0000][3941][safepoint    ] Total time for which application threads were stopped: 0.0060503 seconds, Stopping threads took: 0.0059982 seconds
[2019-01-14T12:57:26.144+0000][3941][safepoint    ] Application time: 0.1732915 seconds
[2019-01-14T12:57:26.327+0000][3941][safepoint    ] Total time for which application threads were stopped: 0.1805510 seconds, Stopping threads took: 0.1717900 seconds
[2019-01-14T12:57:26.333+0000][3941][safepoint    ] Application time: 0.0036261 seconds
[2019-01-14T12:57:26.348+0000][3941][safepoint    ] Total time for which application threads were stopped: 0.0144945 seconds, Stopping threads took: 0.0143861 seconds
[2019-01-14T12:57:26.385+0000][3941][safepoint    ] Application time: 0.0378244 seconds
[2019-01-14T12:57:26.500+0000][3941][safepoint    ] Total time for which application threads were stopped: 0.1146358 seconds, Stopping threads took: 0.1108373 seconds
[2019-01-14T12:57:26.515+0000][3941][safepoint    ] Application time: 0.0108401 seconds
[2019-01-14T12:57:26.544+0000][3941][safepoint    ] Total time for which application threads were stopped: 0.0290665 seconds, Stopping threads took: 0.0206182 seconds
[2019-01-14T12:57:26.569+0000][3941][safepoint    ] Application time: 0.0243491 seconds
[2019-01-14T12:57:26.840+0000][3941][safepoint    ] Total time for which application threads were stopped: 0.2699488 seconds, Stopping threads took: 0.2335586 seconds
[2019-01-14T12:57:26.945+0000][3941][safepoint    ] Application time: 0.0789521 seconds
[2019-01-14T12:57:27.518+0000][3941][safepoint    ] Total time for which application threads were stopped: 0.5315304 seconds, Stopping threads took: 0.4937107 seconds
[2019-01-14T12:57:27.625+0000][3941][safepoint    ] Application time: 0.0939434 seconds
[2019-01-14T12:57:28.301+0000][3941][safepoint    ] Total time for which application threads were stopped: 0.6717201 seconds, Stopping threads took: 0.6647738 seconds
[2019-01-14T12:57:28.314+0000][3941][gc           ] GC(20) Concurrent Abortable Preclean 5114.167ms
[2019-01-14T12:57:28.315+0000][3941][gc,cpu       ] GC(20) User=0.54s Sys=0.87s Real=5.12s
[2019-01-14T12:57:28.398+0000][3941][safepoint    ] Application time: 0.0949155 seconds
[2019-01-14T12:57:28.409+0000][3941][gc,start     ] GC(20) Pause Remark
[2019-01-14T12:57:28.644+0000][3941][gc           ] GC(20) Pause Remark 75M->75M(247M) 231.438ms
[2019-01-14T12:57:28.644+0000][3941][gc,cpu       ] GC(20) User=0.04s Sys=0.03s Real=0.24s
[2019-01-14T12:57:28.660+0000][3941][safepoint    ] Total time for which application threads were stopped: 0.2606279 seconds, Stopping threads took: 0.0079011 seconds
[2019-01-14T12:57:28.669+0000][3941][gc           ] GC(20) Concurrent Sweep
[2019-01-14T12:57:28.674+0000][3941][safepoint    ] Application time: 0.0139805 seconds
[2019-01-14T12:57:28.687+0000][3941][safepoint    ] Total time for which application threads were stopped: 0.0125051 seconds, Stopping threads took: 0.0037407 seconds
[2019-01-14T12:57:28.732+0000][3941][safepoint    ] Application time: 0.0450375 seconds
[2019-01-14T12:57:28.735+0000][3941][safepoint    ] Total time for which application threads were stopped: 0.0032483 seconds, Stopping threads took: 0.0026631 seconds
[2019-01-14T12:57:28.739+0000][3941][safepoint    ] Application time: 0.0032319 seconds
[2019-01-14T12:57:28.744+0000][3941][safepoint    ] Total time for which application threads were stopped: 0.0045629 seconds, Stopping threads took: 0.0038504 seconds
[2019-01-14T12:57:28.763+0000][3941][safepoint    ] Application time: 0.0184769 seconds
[2019-01-14T12:57:28.763+0000][3941][safepoint    ] Total time for which application threads were stopped: 0.0000810 seconds, Stopping threads took: 0.0000138 seconds
[2019-01-14T12:57:28.841+0000][3941][safepoint    ] Application time: 0.0689841 seconds
[2019-01-14T12:57:28.997+0000][3941][safepoint    ] Total time for which application threads were stopped: 0.1515931 seconds, Stopping threads took: 0.1336478 seconds
[2019-01-14T12:57:29.031+0000][3941][safepoint    ] Application time: 0.0317187 seconds
[2019-01-14T12:57:29.049+0000][3941][safepoint    ] Total time for which application threads were stopped: 0.0185823 seconds, Stopping threads took: 0.0134405 seconds
[2019-01-14T12:57:29.170+0000][3941][safepoint    ] Application time: 0.1178102 seconds
[2019-01-14T12:57:29.436+0000][3941][safepoint    ] Total time for which application threads were stopped: 0.2634125 seconds, Stopping threads took: 0.2506695 seconds
[2019-01-14T12:57:29.462+0000][3941][gc           ] GC(20) Concurrent Sweep 792.577ms
[2019-01-14T12:57:29.464+0000][3941][gc,cpu       ] GC(20) User=0.07s Sys=0.17s Real=0.80s
[2019-01-14T12:57:29.465+0000][3941][gc           ] GC(20) Concurrent Reset
[2019-01-14T12:57:29.465+0000][3941][gc           ] GC(20) Concurrent Reset 0.365ms
[2019-01-14T12:57:29.465+0000][3941][gc,cpu       ] GC(20) User=0.00s Sys=0.00s Real=0.00s
[2019-01-14T12:57:29.467+0000][3941][gc,heap      ] GC(20) Old: 51778K->51530K(174784K)
[2019-01-14T12:57:29.731+0000][3941][safepoint    ] Application time: 0.2859818 seconds
[2019-01-14T12:57:29.736+0000][3941][safepoint    ] Total time for which application threads were stopped: 0.0023760 seconds, Stopping threads took: 0.0016601 seconds
[2019-01-14T12:57:29.737+0000][3941][safepoint    ] Application time: 0.0017856 seconds
[2019-01-14T12:57:29.738+0000][3941][safepoint    ] Total time for which application threads were stopped: 0.0001003 seconds, Stopping threads took: 0.0000359 seconds
[2019-01-14T12:57:29.749+0000][3941][safepoint    ] Application time: 0.0114009 seconds
[2019-01-14T12:57:29.749+0000][3941][safepoint    ] Total time for which application threads were stopped: 0.0000735 seconds, Stopping threads took: 0.0000090 seconds
[2019-01-14T12:57:29.752+0000][3941][safepoint    ] Application time: 0.0029742 seconds
[2019-01-14T12:57:29.753+0000][3941][safepoint    ] Total time for which application threads were stopped: 0.0007701 seconds, Stopping threads took: 0.0007070 seconds
[2019-01-14T12:57:29.770+0000][3941][safepoint    ] Application time: 0.0175814 seconds
[2019-01-14T12:57:29.771+0000][3941][safepoint    ] Total time for which application threads were stopped: 0.0000674 seconds, Stopping threads took: 0.0000096 seconds
[2019-01-14T12:57:29.776+0000][3941][safepoint    ] Application time: 0.0056193 seconds
[2019-01-14T12:57:29.776+0000][3941][safepoint    ] Total time for which application threads were stopped: 0.0000990 seconds, Stopping threads took: 0.0000264 seconds
[2019-01-14T12:57:29.776+0000][3941][safepoint    ] Application time: 0.0001428 seconds
[2019-01-14T12:57:29.777+0000][3941][safepoint    ] Total time for which application threads were stopped: 0.0000421 seconds, Stopping threads took: 0.0000036 seconds
[2019-01-14T12:57:29.785+0000][3941][safepoint    ] Application time: 0.0082021 seconds
[2019-01-14T12:57:29.785+0000][3941][safepoint    ] Total time for which application threads were stopped: 0.0000569 seconds, Stopping threads took: 0.0000074 seconds
[2019-01-14T12:57:29.819+0000][3941][safepoint    ] Application time: 0.0345939 seconds
[2019-01-14T12:57:29.828+0000][3941][safepoint    ] Total time for which application threads were stopped: 0.0088992 seconds, Stopping threads took: 0.0086540 seconds
[2019-01-14T12:57:29.829+0000][3941][safepoint    ] Application time: 0.0000386 seconds
[2019-01-14T12:57:29.829+0000][3941][safepoint    ] Total time for which application threads were stopped: 0.0000571 seconds, Stopping threads took: 0.0000062 seconds
[2019-01-14T12:57:29.829+0000][3941][safepoint    ] Application time: 0.0000427 seconds
[2019-01-14T12:57:29.829+0000][3941][safepoint    ] Total time for which application threads were stopped: 0.0000541 seconds, Stopping threads took: 0.0000039 seconds
[2019-01-14T12:57:29.856+0000][3941][safepoint    ] Application time: 0.0274784 seconds
[2019-01-14T12:57:29.861+0000][3941][safepoint    ] Total time for which application threads were stopped: 0.0049445 seconds, Stopping threads took: 0.0000236 seconds
[2019-01-14T12:57:29.870+0000][3941][safepoint    ] Application time: 0.0085612 seconds
[2019-01-14T12:57:29.870+0000][3941][safepoint    ] Total time for which application threads were stopped: 0.0000873 seconds, Stopping threads took: 0.0000195 seconds
[2019-01-14T12:57:29.870+0000][3941][safepoint    ] Application time: 0.0000328 seconds
[2019-01-14T12:57:29.870+0000][3941][safepoint    ] Total time for which application threads were stopped: 0.0000325 seconds, Stopping threads took: 0.0000019 seconds
[2019-01-14T12:57:30.333+0000][3941][safepoint    ] Application time: 0.4502630 seconds
[2019-01-14T12:57:30.473+0000][3941][safepoint    ] Total time for which application threads were stopped: 0.1309634 seconds, Stopping threads took: 0.1206853 seconds
[2019-01-14T12:57:30.498+0000][3941][safepoint    ] Application time: 0.0223023 seconds
[2019-01-14T12:57:30.500+0000][3941][safepoint    ] Total time for which application threads were stopped: 0.0013517 seconds, Stopping threads took: 0.0012467 seconds
[2019-01-14T12:57:30.769+0000][3941][safepoint    ] Application time: 0.2688628 seconds
[2019-01-14T12:57:30.771+0000][3941][safepoint    ] Total time for which application threads were stopped: 0.0014398 seconds, Stopping threads took: 0.0010570 seconds
[2019-01-14T12:57:30.777+0000][3941][safepoint    ] Application time: 0.0065551 seconds
[2019-01-14T12:57:30.781+0000][3941][safepoint    ] Total time for which application threads were stopped: 0.0034472 seconds, Stopping threads took: 0.0029191 seconds
[2019-01-14T12:57:30.781+0000][3941][safepoint    ] Application time: 0.0002824 seconds
[2019-01-14T12:57:30.781+0000][3941][safepoint    ] Total time for which application threads were stopped: 0.0000948 seconds, Stopping threads took: 0.0000192 seconds
[2019-01-14T12:57:30.781+0000][3941][safepoint    ] Application time: 0.0000267 seconds
[2019-01-14T12:57:30.781+0000][3941][safepoint    ] Total time for which application threads were stopped: 0.0000626 seconds, Stopping threads took: 0.0000021 seconds
[2019-01-14T12:57:30.788+0000][3941][safepoint    ] Application time: 0.0069057 seconds
[2019-01-14T12:57:30.789+0000][3941][safepoint    ] Total time for which application threads were stopped: 0.0011244 seconds, Stopping threads took: 0.0010567 seconds
[2019-01-14T12:57:30.928+0000][3941][safepoint    ] Application time: 0.1376271 seconds
[2019-01-14T12:57:30.931+0000][3941][safepoint    ] Total time for which application threads were stopped: 0.0032577 seconds, Stopping threads took: 0.0005253 seconds
[2019-01-14T12:57:30.940+0000][3941][safepoint    ] Application time: 0.0086570 seconds
[2019-01-14T12:57:31.053+0000][3941][safepoint    ] Total time for which application threads were stopped: 0.1115171 seconds, Stopping threads took: 0.1053797 seconds
[2019-01-14T12:57:31.092+0000][3941][safepoint    ] Application time: 0.0372106 seconds
[2019-01-14T12:57:31.093+0000][3941][safepoint    ] Total time for which application threads were stopped: 0.0009638 seconds, Stopping threads took: 0.0003778 seconds
[2019-01-14T12:57:31.103+0000][3941][safepoint    ] Application time: 0.0097996 seconds
[2019-01-14T12:57:31.104+0000][3941][safepoint    ] Total time for which application threads were stopped: 0.0010411 seconds, Stopping threads took: 0.0000131 seconds
[2019-01-14T12:57:31.104+0000][3941][safepoint    ] Application time: 0.0002614 seconds
[2019-01-14T12:57:31.104+0000][3941][safepoint    ] Total time for which application threads were stopped: 0.0000985 seconds, Stopping threads took: 0.0000194 seconds
[2019-01-14T12:57:32.116+0000][3941][safepoint    ] Application time: 1.0091158 seconds
[2019-01-14T12:57:32.351+0000][3941][safepoint    ] Total time for which application threads were stopped: 0.2269230 seconds, Stopping threads took: 0.2139595 seconds
[2019-01-14T12:57:33.106+0000][3941][safepoint    ] Application time: 0.7457818 seconds
[2019-01-14T12:57:33.489+0000][3941][safepoint    ] Total time for which application threads were stopped: 0.3613927 seconds, Stopping threads took: 0.0134451 seconds
[2019-01-14T12:57:33.502+0000][3941][safepoint    ] Application time: 0.0121538 seconds
[2019-01-14T12:57:33.505+0000][3941][safepoint    ] Total time for which application threads were stopped: 0.0028801 seconds, Stopping threads took: 0.0005390 seconds
[2019-01-14T12:57:33.506+0000][3941][safepoint    ] Application time: 0.0009326 seconds
[2019-01-14T12:57:33.507+0000][3941][safepoint    ] Total time for which application threads were stopped: 0.0012812 seconds, Stopping threads took: 0.0012064 seconds
[2019-01-14T12:57:33.509+0000][3941][safepoint    ] Application time: 0.0011641 seconds
[2019-01-14T12:57:33.509+0000][3941][safepoint    ] Total time for which application threads were stopped: 0.0005527 seconds, Stopping threads took: 0.0004847 seconds
[2019-01-14T12:57:33.532+0000][3941][safepoint    ] Application time: 0.0228081 seconds
[2019-01-14T12:57:33.532+0000][3941][safepoint    ] Total time for which application threads were stopped: 0.0003070 seconds, Stopping threads took: 0.0002135 seconds
[2019-01-14T12:57:33.705+0000][3941][safepoint    ] Application time: 0.1643699 seconds
[2019-01-14T12:57:33.752+0000][3941][safepoint    ] Total time for which application threads were stopped: 0.0266885 seconds, Stopping threads took: 0.0246298 seconds
[2019-01-14T12:57:33.754+0000][3941][safepoint    ] Application time: 0.0018589 seconds
[2019-01-14T12:57:33.755+0000][3941][safepoint    ] Total time for which application threads were stopped: 0.0001165 seconds, Stopping threads took: 0.0000120 seconds
[2019-01-14T12:57:33.762+0000][3941][safepoint    ] Application time: 0.0063713 seconds
[2019-01-14T12:57:33.765+0000][3941][safepoint    ] Total time for which application threads were stopped: 0.0031675 seconds, Stopping threads took: 0.0030793 seconds
[2019-01-14T12:57:33.766+0000][3941][safepoint    ] Application time: 0.0010167 seconds
[2019-01-14T12:57:33.770+0000][3941][safepoint    ] Total time for which application threads were stopped: 0.0033544 seconds, Stopping threads took: 0.0032632 seconds
[2019-01-14T12:57:33.772+0000][3941][safepoint    ] Application time: 0.0022698 seconds
[2019-01-14T12:57:33.773+0000][3941][safepoint    ] Total time for which application threads were stopped: 0.0011171 seconds, Stopping threads took: 0.0010443 seconds
[2019-01-14T12:57:33.797+0000][3941][safepoint    ] Application time: 0.0235908 seconds
[2019-01-14T12:57:33.802+0000][3941][safepoint    ] Total time for which application threads were stopped: 0.0056376 seconds, Stopping threads took: 0.0055420 seconds
[2019-01-14T12:57:33.803+0000][3941][safepoint    ] Application time: 0.0002844 seconds
[2019-01-14T12:57:33.803+0000][3941][safepoint    ] Total time for which application threads were stopped: 0.0000512 seconds, Stopping threads took: 0.0000054 seconds
[2019-01-14T12:57:33.803+0000][3941][safepoint    ] Application time: 0.0002111 seconds
[2019-01-14T12:57:33.803+0000][3941][safepoint    ] Total time for which application threads were stopped: 0.0000365 seconds, Stopping threads took: 0.0000040 seconds
[2019-01-14T12:57:33.804+0000][3941][safepoint    ] Application time: 0.0005130 seconds
[2019-01-14T12:57:33.804+0000][3941][safepoint    ] Total time for which application threads were stopped: 0.0000693 seconds, Stopping threads took: 0.0000322 seconds
[2019-01-14T12:57:33.804+0000][3941][safepoint    ] Application time: 0.0000862 seconds
[2019-01-14T12:57:33.804+0000][3941][safepoint    ] Total time for which application threads were stopped: 0.0005890 seconds, Stopping threads took: 0.0005510 seconds
[2019-01-14T12:57:33.810+0000][3941][safepoint    ] Application time: 0.0056457 seconds
[2019-01-14T12:57:33.810+0000][3941][safepoint    ] Total time for which application threads were stopped: 0.0001682 seconds, Stopping threads took: 0.0000629 seconds
[2019-01-14T12:57:33.811+0000][3941][safepoint    ] Application time: 0.0006205 seconds
[2019-01-14T12:57:33.812+0000][3941][safepoint    ] Total time for which application threads were stopped: 0.0007524 seconds, Stopping threads took: 0.0007022 seconds
[2019-01-14T12:57:33.818+0000][3941][safepoint    ] Application time: 0.0065342 seconds
[2019-01-14T12:57:33.819+0000][3941][safepoint    ] Total time for which application threads were stopped: 0.0008936 seconds, Stopping threads took: 0.0008164 seconds
[2019-01-14T12:57:33.968+0000][3941][safepoint    ] Application time: 0.1478250 seconds
[2019-01-14T12:57:33.991+0000][3941][safepoint    ] Total time for which application threads were stopped: 0.0222082 seconds, Stopping threads took: 0.0105344 seconds
[2019-01-14T12:57:33.993+0000][3941][safepoint    ] Application time: 0.0023785 seconds
[2019-01-14T12:57:33.993+0000][3941][safepoint    ] Total time for which application threads were stopped: 0.0001255 seconds, Stopping threads took: 0.0000155 seconds
[2019-01-14T12:57:33.994+0000][3941][safepoint    ] Application time: 0.0003775 seconds
[2019-01-14T12:57:33.994+0000][3941][safepoint    ] Total time for which application threads were stopped: 0.0002129 seconds, Stopping threads took: 0.0000102 seconds
[2019-01-14T12:57:34.248+0000][3941][safepoint    ] Application time: 0.2530513 seconds
[2019-01-14T12:57:34.249+0000][3941][safepoint    ] Total time for which application threads were stopped: 0.0007327 seconds, Stopping threads took: 0.0000159 seconds
[2019-01-14T12:57:34.258+0000][3941][safepoint    ] Application time: 0.0085434 seconds
[2019-01-14T12:57:34.258+0000][3941][safepoint    ] Total time for which application threads were stopped: 0.0000645 seconds, Stopping threads took: 0.0000183 seconds
[2019-01-14T12:57:34.258+0000][3941][safepoint    ] Application time: 0.0000902 seconds
[2019-01-14T12:57:34.258+0000][3941][safepoint    ] Total time for which application threads were stopped: 0.0002253 seconds, Stopping threads took: 0.0001983 seconds
[2019-01-14T12:57:34.258+0000][3941][safepoint    ] Application time: 0.0000383 seconds
[2019-01-14T12:57:34.259+0000][3941][safepoint    ] Total time for which application threads were stopped: 0.0000763 seconds, Stopping threads took: 0.0000494 seconds
[2019-01-14T12:57:34.263+0000][3941][safepoint    ] Application time: 0.0049629 seconds
[2019-01-14T12:57:34.264+0000][3941][safepoint    ] Total time for which application threads were stopped: 0.0001024 seconds, Stopping threads took: 0.0000170 seconds
[2019-01-14T12:57:34.265+0000][3941][safepoint    ] Application time: 0.0016377 seconds
[2019-01-14T12:57:34.265+0000][3941][safepoint    ] Total time for which application threads were stopped: 0.0000448 seconds, Stopping threads took: 0.0000084 seconds
[2019-01-14T12:57:34.265+0000][3941][safepoint    ] Application time: 0.0000924 seconds
[2019-01-14T12:57:34.265+0000][3941][safepoint    ] Total time for which application threads were stopped: 0.0000282 seconds, Stopping threads took: 0.0000046 seconds
[2019-01-14T12:57:34.267+0000][3941][safepoint    ] Application time: 0.0011584 seconds
[2019-01-14T12:57:34.267+0000][3941][safepoint    ] Total time for which application threads were stopped: 0.0000417 seconds, Stopping threads took: 0.0000082 seconds
[2019-01-14T12:57:34.267+0000][3941][safepoint    ] Application time: 0.0000789 seconds
[2019-01-14T12:57:34.267+0000][3941][safepoint    ] Total time for which application threads were stopped: 0.0000287 seconds, Stopping threads took: 0.0000046 seconds
[2019-01-14T12:57:34.876+0000][3941][safepoint    ] Application time: 0.6081424 seconds
[2019-01-14T12:57:34.889+0000][3941][safepoint    ] Total time for which application threads were stopped: 0.0109162 seconds, Stopping threads took: 0.0000245 seconds
[2019-01-14T12:57:35.715+0000][3941][safepoint    ] Application time: 0.8257674 seconds
[2019-01-14T12:57:35.718+0000][3941][gc,start     ] GC(21) Pause Young (Allocation Failure)
[2019-01-14T12:57:35.719+0000][3941][gc,task      ] GC(21) Using 2 workers of 2 for evacuation
[2019-01-14T12:57:35.915+0000][3941][gc,age       ] GC(21) Desired survivor size 4456448 bytes, new threshold 1 (max threshold 6)
[2019-01-14T12:57:35.954+0000][3941][gc,age       ] GC(21) Age table with threshold 1 (max threshold 6)
[2019-01-14T12:57:35.955+0000][3941][gc,age       ] GC(21) - age   1:    7107528 bytes,    7107528 total
[2019-01-14T12:57:35.955+0000][3941][gc,age       ] GC(21) - age   2:    1805240 bytes,    8912768 total
[2019-01-14T12:57:35.969+0000][3941][gc,heap      ] GC(21) ParNew: 77040K->8704K(78656K)
[2019-01-14T12:57:35.969+0000][3941][gc,heap      ] GC(21) CMS: 51530K->63215K(174784K)
[2019-01-14T12:57:35.969+0000][3941][gc,metaspace ] GC(21) Metaspace: 70830K->70830K(1114112K)
[2019-01-14T12:57:35.970+0000][3941][gc           ] GC(21) Pause Young (Allocation Failure) 125M->70M(247M) 252.233ms
[2019-01-14T12:57:35.970+0000][3941][gc,cpu       ] GC(21) User=0.06s Sys=0.08s Real=0.26s
[2019-01-14T12:57:35.972+0000][3941][safepoint    ] Total time for which application threads were stopped: 0.2569790 seconds, Stopping threads took: 0.0000206 seconds
[2019-01-14T12:57:36.799+0000][3941][safepoint    ] Application time: 0.8258204 seconds
[2019-01-14T12:57:36.800+0000][3941][safepoint    ] Total time for which application threads were stopped: 0.0006044 seconds, Stopping threads took: 0.0001480 seconds
[2019-01-14T12:57:36.800+0000][3941][safepoint    ] Application time: 0.0000450 seconds
[2019-01-14T12:57:36.800+0000][3941][safepoint    ] Total time for which application threads were stopped: 0.0002384 seconds, Stopping threads took: 0.0000098 seconds
[2019-01-14T12:57:37.807+0000][3941][safepoint    ] Application time: 1.0045142 seconds
[2019-01-14T12:57:37.818+0000][3941][safepoint    ] Total time for which application threads were stopped: 0.0029486 seconds, Stopping threads took: 0.0008202 seconds
[2019-01-14T12:57:38.035+0000][3941][safepoint    ] Application time: 0.2081156 seconds
[2019-01-14T12:57:38.047+0000][3941][safepoint    ] Total time for which application threads were stopped: 0.0087544 seconds, Stopping threads took: 0.0000221 seconds
[2019-01-14T12:57:38.048+0000][3941][safepoint    ] Application time: 0.0003545 seconds
[2019-01-14T12:57:38.048+0000][3941][safepoint    ] Total time for which application threads were stopped: 0.0005812 seconds, Stopping threads took: 0.0000088 seconds
[2019-01-14T12:57:42.067+0000][3941][safepoint    ] Application time: 4.0163061 seconds
[2019-01-14T12:57:42.721+0000][3941][safepoint    ] Total time for which application threads were stopped: 0.6431739 seconds, Stopping threads took: 0.0073631 seconds
[2019-01-14T12:57:47.010+0000][3941][safepoint    ] Application time: 4.1435993 seconds
[2019-01-14T12:57:47.082+0000][3941][safepoint    ] Total time for which application threads were stopped: 0.0616781 seconds, Stopping threads took: 0.0457628 seconds
[2019-01-14T12:57:48.113+0000][3941][safepoint    ] Application time: 1.0205771 seconds
[2019-01-14T12:57:48.203+0000][3941][safepoint    ] Total time for which application threads were stopped: 0.0803942 seconds, Stopping threads took: 0.0363796 seconds
[2019-01-14T12:57:50.271+0000][3941][safepoint    ] Application time: 2.0499907 seconds
[2019-01-14T12:57:50.571+0000][3941][safepoint    ] Total time for which application threads were stopped: 0.2945223 seconds, Stopping threads took: 0.2908391 seconds
[2019-01-14T12:57:51.681+0000][3941][safepoint    ] Application time: 1.0245049 seconds
[2019-01-14T12:57:51.839+0000][3941][safepoint    ] Total time for which application threads were stopped: 0.1089794 seconds, Stopping threads took: 0.0751090 seconds
[2019-01-14T12:57:52.936+0000][3941][safepoint    ] Application time: 1.0926566 seconds
[2019-01-14T12:57:52.953+0000][3941][safepoint    ] Total time for which application threads were stopped: 0.0052003 seconds, Stopping threads took: 0.0002800 seconds
[2019-01-14T12:57:53.969+0000][3941][safepoint    ] Application time: 1.0143562 seconds
[2019-01-14T12:57:54.027+0000][3941][safepoint    ] Total time for which application threads were stopped: 0.0434811 seconds, Stopping threads took: 0.0017488 seconds
[2019-01-14T12:57:54.674+0000][3941][safepoint    ] Application time: 0.6387344 seconds
[2019-01-14T12:57:54.683+0000][3941][safepoint    ] Total time for which application threads were stopped: 0.0082690 seconds, Stopping threads took: 0.0003141 seconds
[2019-01-14T12:57:55.706+0000][3941][safepoint    ] Application time: 1.0068185 seconds
[2019-01-14T12:57:55.765+0000][3941][safepoint    ] Total time for which application threads were stopped: 0.0436961 seconds, Stopping threads took: 0.0320736 seconds
[2019-01-14T12:57:57.059+0000][3941][safepoint    ] Application time: 1.2856969 seconds
[2019-01-14T12:57:57.321+0000][3941][safepoint    ] Total time for which application threads were stopped: 0.2440646 seconds, Stopping threads took: 0.1638713 seconds
[2019-01-14T12:57:59.563+0000][3941][safepoint    ] Application time: 2.2145015 seconds
[2019-01-14T12:57:59.910+0000][3941][safepoint    ] Total time for which application threads were stopped: 0.3126764 seconds, Stopping threads took: 0.1850525 seconds
[2019-01-14T12:58:00.557+0000][3941][safepoint    ] Application time: 0.5954109 seconds
[2019-01-14T12:58:00.779+0000][3941][safepoint    ] Total time for which application threads were stopped: 0.1555615 seconds, Stopping threads took: 0.0395976 seconds
[2019-01-14T12:58:01.994+0000][3941][safepoint    ] Application time: 1.1860650 seconds
[2019-01-14T12:58:02.226+0000][3941][safepoint    ] Total time for which application threads were stopped: 0.2239912 seconds, Stopping threads took: 0.1571909 seconds
[2019-01-14T12:58:02.361+0000][3941][safepoint    ] Application time: 0.1261070 seconds
[2019-01-14T12:58:02.727+0000][3941][safepoint    ] Total time for which application threads were stopped: 0.3447229 seconds, Stopping threads took: 0.2483787 seconds
[2019-01-14T12:58:03.611+0000][3941][safepoint    ] Application time: 0.8041725 seconds
[2019-01-14T12:58:03.735+0000][3941][safepoint    ] Total time for which application threads were stopped: 0.1160412 seconds, Stopping threads took: 0.0749621 seconds
[2019-01-14T12:58:04.751+0000][3941][safepoint    ] Application time: 1.0021170 seconds
[2019-01-14T12:58:04.810+0000][3941][safepoint    ] Total time for which application threads were stopped: 0.0404299 seconds, Stopping threads took: 0.0270203 seconds
[2019-01-14T12:58:04.941+0000][3941][safepoint    ] Application time: 0.1247922 seconds
[2019-01-14T12:58:04.948+0000][3941][safepoint    ] Total time for which application threads were stopped: 0.0034537 seconds, Stopping threads took: 0.0029759 seconds
[2019-01-14T12:58:06.127+0000][3941][safepoint    ] Application time: 1.0009551 seconds
[2019-01-14T12:58:06.238+0000][3941][safepoint    ] Total time for which application threads were stopped: 0.0861926 seconds, Stopping threads took: 0.0382412 seconds
[2019-01-14T12:58:07.262+0000][3941][safepoint    ] Application time: 1.0041883 seconds
[2019-01-14T12:58:07.290+0000][3941][safepoint    ] Total time for which application threads were stopped: 0.0230614 seconds, Stopping threads took: 0.0184452 seconds
[2019-01-14T12:58:07.303+0000][3941][safepoint    ] Application time: 0.0119700 seconds
[2019-01-14T12:58:07.320+0000][3941][safepoint    ] Total time for which application threads were stopped: 0.0146469 seconds, Stopping threads took: 0.0119323 seconds
[2019-01-14T12:58:08.057+0000][3941][safepoint    ] Application time: 0.6523309 seconds
[2019-01-14T12:58:08.103+0000][3941][safepoint    ] Total time for which application threads were stopped: 0.0171954 seconds, Stopping threads took: 0.0070476 seconds
[2019-01-14T12:58:09.161+0000][3941][safepoint    ] Application time: 1.0102336 seconds
[2019-01-14T12:58:09.299+0000][3941][safepoint    ] Total time for which application threads were stopped: 0.1252767 seconds, Stopping threads took: 0.0220011 seconds
[2019-01-14T12:58:09.538+0000][3941][safepoint    ] Application time: 0.2352513 seconds
[2019-01-14T12:58:09.716+0000][3941][safepoint    ] Total time for which application threads were stopped: 0.1758752 seconds, Stopping threads took: 0.1461614 seconds
[2019-01-14T12:58:09.854+0000][3941][safepoint    ] Application time: 0.1285180 seconds
[2019-01-14T12:58:09.868+0000][3941][safepoint    ] Total time for which application threads were stopped: 0.0130662 seconds, Stopping threads took: 0.0000293 seconds
[2019-01-14T12:58:10.190+0000][3941][safepoint    ] Application time: 0.3194141 seconds
[2019-01-14T12:58:10.336+0000][3941][safepoint    ] Total time for which application threads were stopped: 0.1428580 seconds, Stopping threads took: 0.1136221 seconds
[2019-01-14T12:58:10.492+0000][3941][safepoint    ] Application time: 0.1433332 seconds
[2019-01-14T12:58:10.508+0000][3941][safepoint    ] Total time for which application threads were stopped: 0.0154481 seconds, Stopping threads took: 0.0075942 seconds
[2019-01-14T12:58:11.563+0000][3941][safepoint    ] Application time: 1.0497873 seconds
[2019-01-14T12:58:11.673+0000][3941][safepoint    ] Total time for which application threads were stopped: 0.0967444 seconds, Stopping threads took: 0.0628513 seconds
[2019-01-14T12:58:12.372+0000][3941][safepoint    ] Application time: 0.6916528 seconds
[2019-01-14T12:58:12.624+0000][3941][safepoint    ] Total time for which application threads were stopped: 0.2447185 seconds, Stopping threads took: 0.2092512 seconds
[2019-01-14T12:58:13.671+0000][3941][safepoint    ] Application time: 1.0379635 seconds
[2019-01-14T12:58:13.728+0000][3941][safepoint    ] Total time for which application threads were stopped: 0.0531058 seconds, Stopping threads took: 0.0289658 seconds
[2019-01-14T12:58:13.791+0000][3941][safepoint    ] Application time: 0.0396627 seconds
[2019-01-14T12:58:13.934+0000][3941][safepoint    ] Total time for which application threads were stopped: 0.0849850 seconds, Stopping threads took: 0.0182046 seconds
[2019-01-14T12:58:13.951+0000][3941][safepoint    ] Application time: 0.0151032 seconds
[2019-01-14T12:58:13.955+0000][3941][safepoint    ] Total time for which application threads were stopped: 0.0033555 seconds, Stopping threads took: 0.0027629 seconds
[2019-01-14T12:58:15.005+0000][3941][safepoint    ] Application time: 1.0460653 seconds
[2019-01-14T12:58:15.018+0000][3941][safepoint    ] Total time for which application threads were stopped: 0.0109131 seconds, Stopping threads took: 0.0016597 seconds
[2019-01-14T12:58:16.022+0000][3941][safepoint    ] Application time: 1.0025474 seconds
[2019-01-14T12:58:16.163+0000][3941][safepoint    ] Total time for which application threads were stopped: 0.1270064 seconds, Stopping threads took: 0.1166310 seconds
[2019-01-14T12:58:17.189+0000][3941][safepoint    ] Application time: 1.0184516 seconds
[2019-01-14T12:58:17.202+0000][3941][safepoint    ] Total time for which application threads were stopped: 0.0082628 seconds, Stopping threads took: 0.0000147 seconds
[2019-01-14T12:58:17.603+0000][3941][safepoint    ] Application time: 0.4002486 seconds
[2019-01-14T12:58:17.605+0000][3941][gc,start     ] GC(22) Pause Young (Allocation Failure)
[2019-01-14T12:58:17.605+0000][3941][gc,task      ] GC(22) Using 2 workers of 2 for evacuation
[2019-01-14T12:58:17.823+0000][3941][gc,age       ] GC(22) Desired survivor size 4456448 bytes, new threshold 1 (max threshold 6)
[2019-01-14T12:58:17.826+0000][3941][gc,age       ] GC(22) Age table with threshold 1 (max threshold 6)
[2019-01-14T12:58:17.827+0000][3941][gc,age       ] GC(22) - age   1:    7108624 bytes,    7108624 total
[2019-01-14T12:58:17.833+0000][3941][gc,heap      ] GC(22) ParNew: 78656K->8704K(78656K)
[2019-01-14T12:58:17.833+0000][3941][gc,heap      ] GC(22) CMS: 63215K->80809K(174784K)
[2019-01-14T12:58:17.833+0000][3941][gc,metaspace ] GC(22) Metaspace: 73357K->73357K(1116160K)
[2019-01-14T12:58:17.837+0000][3941][gc           ] GC(22) Pause Young (Allocation Failure) 138M->87M(247M) 231.674ms
[2019-01-14T12:58:17.837+0000][3941][gc,cpu       ] GC(22) User=0.09s Sys=0.03s Real=0.23s
[2019-01-14T12:58:17.839+0000][3941][safepoint    ] Total time for which application threads were stopped: 0.2354716 seconds, Stopping threads took: 0.0001160 seconds
[2019-01-14T12:58:17.929+0000][3941][safepoint    ] Application time: 0.0861641 seconds
[2019-01-14T12:58:17.932+0000][3941][safepoint    ] Total time for which application threads were stopped: 0.0018562 seconds, Stopping threads took: 0.0001401 seconds
[2019-01-14T12:58:18.098+0000][3941][safepoint    ] Application time: 0.1654241 seconds
[2019-01-14T12:58:18.100+0000][3941][safepoint    ] Total time for which application threads were stopped: 0.0006055 seconds, Stopping threads took: 0.0000179 seconds
[2019-01-14T12:58:18.102+0000][3941][safepoint    ] Application time: 0.0024999 seconds
[2019-01-14T12:58:18.102+0000][3941][safepoint    ] Total time for which application threads were stopped: 0.0000846 seconds, Stopping threads took: 0.0000181 seconds
[2019-01-14T12:58:18.104+0000][3941][safepoint    ] Application time: 0.0019400 seconds
[2019-01-14T12:58:18.104+0000][3941][safepoint    ] Total time for which application threads were stopped: 0.0000637 seconds, Stopping threads took: 0.0000170 seconds
[2019-01-14T12:58:18.121+0000][3941][safepoint    ] Application time: 0.0163165 seconds
[2019-01-14T12:58:18.121+0000][3941][safepoint    ] Total time for which application threads were stopped: 0.0000649 seconds, Stopping threads took: 0.0000206 seconds
[2019-01-14T12:58:18.126+0000][3941][safepoint    ] Application time: 0.0056771 seconds
[2019-01-14T12:58:18.127+0000][3941][safepoint    ] Total time for which application threads were stopped: 0.0004241 seconds, Stopping threads took: 0.0003648 seconds
[2019-01-14T12:58:18.127+0000][3941][safepoint    ] Application time: 0.0000660 seconds
[2019-01-14T12:58:18.127+0000][3941][safepoint    ] Total time for which application threads were stopped: 0.0000345 seconds, Stopping threads took: 0.0000097 seconds
[2019-01-14T12:58:18.127+0000][3941][safepoint    ] Application time: 0.0003539 seconds
[2019-01-14T12:58:18.127+0000][3941][safepoint    ] Total time for which application threads were stopped: 0.0000391 seconds, Stopping threads took: 0.0000112 seconds
[2019-01-14T12:58:19.133+0000][3941][safepoint    ] Application time: 1.0007248 seconds
[2019-01-14T12:58:19.148+0000][3941][safepoint    ] Total time for which application threads were stopped: 0.0095200 seconds, Stopping threads took: 0.0030567 seconds
[2019-01-14T12:58:20.198+0000][3941][safepoint    ] Application time: 1.0443794 seconds
[2019-01-14T12:58:20.378+0000][3941][safepoint    ] Total time for which application threads were stopped: 0.1563457 seconds, Stopping threads took: 0.0775058 seconds
[2019-01-14T12:58:21.196+0000][3941][safepoint    ] Application time: 0.8131184 seconds
[2019-01-14T12:58:21.443+0000][3941][safepoint    ] Total time for which application threads were stopped: 0.1804952 seconds, Stopping threads took: 0.0009692 seconds
[2019-01-14T12:58:21.477+0000][3941][safepoint    ] Application time: 0.0110402 seconds
[2019-01-14T12:58:21.493+0000][3941][safepoint    ] Total time for which application threads were stopped: 0.0163590 seconds, Stopping threads took: 0.0135796 seconds
[2019-01-14T12:58:21.503+0000][3941][safepoint    ] Application time: 0.0097160 seconds
[2019-01-14T12:58:21.522+0000][3941][safepoint    ] Total time for which application threads were stopped: 0.0189400 seconds, Stopping threads took: 0.0188399 seconds
[2019-01-14T12:58:22.290+0000][3941][safepoint    ] Application time: 0.7635687 seconds
[2019-01-14T12:58:22.295+0000][3941][safepoint    ] Total time for which application threads were stopped: 0.0011272 seconds, Stopping threads took: 0.0000209 seconds
[2019-01-14T12:58:23.161+0000][3941][safepoint    ] Application time: 0.8662842 seconds
[2019-01-14T12:58:24.240+0000][3941][safepoint    ] Total time for which application threads were stopped: 0.4024759 seconds, Stopping threads took: 0.3810941 seconds
[2019-01-14T12:58:24.812+0000][3941][safepoint    ] Application time: 0.4225609 seconds
[2019-01-14T12:58:24.814+0000][3941][safepoint    ] Total time for which application threads were stopped: 0.0018184 seconds, Stopping threads took: 0.0000245 seconds
[2019-01-14T12:58:24.815+0000][3941][safepoint    ] Application time: 0.0010103 seconds
[2019-01-14T12:58:24.819+0000][3941][safepoint    ] Total time for which application threads were stopped: 0.0004715 seconds, Stopping threads took: 0.0001707 seconds
[2019-01-14T12:58:24.819+0000][3941][safepoint    ] Application time: 0.0000570 seconds
[2019-01-14T12:58:24.819+0000][3941][safepoint    ] Total time for which application threads were stopped: 0.0002799 seconds, Stopping threads took: 0.0000069 seconds
[2019-01-14T12:58:24.819+0000][3941][safepoint    ] Application time: 0.0000236 seconds
[2019-01-14T12:58:24.819+0000][3941][safepoint    ] Total time for which application threads were stopped: 0.0000997 seconds, Stopping threads took: 0.0000023 seconds
[2019-01-14T12:58:24.820+0000][3941][safepoint    ] Application time: 0.0000412 seconds
[2019-01-14T12:58:24.820+0000][3941][safepoint    ] Total time for which application threads were stopped: 0.0000302 seconds, Stopping threads took: 0.0000048 seconds
[2019-01-14T12:58:24.820+0000][3941][safepoint    ] Application time: 0.0000158 seconds
[2019-01-14T12:58:24.820+0000][3941][safepoint    ] Total time for which application threads were stopped: 0.0000203 seconds, Stopping threads took: 0.0000020 seconds
[2019-01-14T12:58:24.820+0000][3941][safepoint    ] Application time: 0.0003471 seconds
[2019-01-14T12:58:24.820+0000][3941][safepoint    ] Total time for which application threads were stopped: 0.0000533 seconds, Stopping threads took: 0.0000060 seconds
[2019-01-14T12:58:24.820+0000][3941][safepoint    ] Application time: 0.0000200 seconds
[2019-01-14T12:58:24.820+0000][3941][safepoint    ] Total time for which application threads were stopped: 0.0000250 seconds, Stopping threads took: 0.0000025 seconds
[2019-01-14T12:58:25.575+0000][3941][safepoint    ] Application time: 0.7485483 seconds
[2019-01-14T12:58:25.577+0000][3941][safepoint    ] Total time for which application threads were stopped: 0.0006034 seconds, Stopping threads took: 0.0000203 seconds
[2019-01-14T12:58:26.613+0000][3941][safepoint    ] Application time: 1.0356949 seconds
[2019-01-14T12:58:26.624+0000][3941][safepoint    ] Total time for which application threads were stopped: 0.0107464 seconds, Stopping threads took: 0.0089341 seconds
[2019-01-14T12:58:27.639+0000][3941][safepoint    ] Application time: 1.0129500 seconds
[2019-01-14T12:58:27.734+0000][3941][safepoint    ] Total time for which application threads were stopped: 0.0827542 seconds, Stopping threads took: 0.0225168 seconds
[2019-01-14T12:58:28.068+0000][3941][safepoint    ] Application time: 0.3217820 seconds
[2019-01-14T12:58:28.604+0000][3941][safepoint    ] Total time for which application threads were stopped: 0.0939987 seconds, Stopping threads took: 0.0032721 seconds
[2019-01-14T12:58:28.623+0000][3941][safepoint    ] Application time: 0.0108713 seconds
[2019-01-14T12:58:28.626+0000][3941][safepoint    ] Total time for which application threads were stopped: 0.0032051 seconds, Stopping threads took: 0.0000194 seconds
[2019-01-14T12:58:28.629+0000][3941][safepoint    ] Application time: 0.0027328 seconds
[2019-01-14T12:58:28.629+0000][3941][safepoint    ] Total time for which application threads were stopped: 0.0000729 seconds, Stopping threads took: 0.0000142 seconds
[2019-01-14T12:58:28.735+0000][3941][safepoint    ] Application time: 0.1046183 seconds
[2019-01-14T12:58:28.740+0000][3941][safepoint    ] Total time for which application threads were stopped: 0.0031280 seconds, Stopping threads took: 0.0003573 seconds
[2019-01-14T12:58:28.760+0000][3941][safepoint    ] Application time: 0.0195003 seconds
[2019-01-14T12:58:28.760+0000][3941][safepoint    ] Total time for which application threads were stopped: 0.0000923 seconds, Stopping threads took: 0.0000161 seconds
[2019-01-14T12:58:29.631+0000][3941][safepoint    ] Application time: 0.8699570 seconds
[2019-01-14T12:58:29.637+0000][3941][safepoint    ] Total time for which application threads were stopped: 0.0033787 seconds, Stopping threads took: 0.0026805 seconds
[2019-01-14T12:58:29.637+0000][3941][safepoint    ] Application time: 0.0006851 seconds
[2019-01-14T12:58:29.639+0000][3941][safepoint    ] Total time for which application threads were stopped: 0.0000777 seconds, Stopping threads took: 0.0000196 seconds
[2019-01-14T12:58:29.649+0000][3941][safepoint    ] Application time: 0.0094763 seconds
[2019-01-14T12:58:29.650+0000][3941][safepoint    ] Total time for which application threads were stopped: 0.0010916 seconds, Stopping threads took: 0.0010202 seconds
[2019-01-14T12:58:30.033+0000][3941][safepoint    ] Application time: 0.3823126 seconds
[2019-01-14T12:58:30.054+0000][3941][safepoint    ] Total time for which application threads were stopped: 0.0176874 seconds, Stopping threads took: 0.0060671 seconds
[2019-01-14T12:58:30.413+0000][3941][safepoint    ] Application time: 0.3476312 seconds
[2019-01-14T12:58:30.442+0000][3941][safepoint    ] Total time for which application threads were stopped: 0.0251507 seconds, Stopping threads took: 0.0068343 seconds
[2019-01-14T12:58:30.634+0000][3941][safepoint    ] Application time: 0.1848970 seconds
[2019-01-14T12:58:30.640+0000][3941][safepoint    ] Total time for which application threads were stopped: 0.0051206 seconds, Stopping threads took: 0.0000236 seconds
[2019-01-14T12:58:30.672+0000][3941][safepoint    ] Application time: 0.0314050 seconds
[2019-01-14T12:58:30.672+0000][3941][safepoint    ] Total time for which application threads were stopped: 0.0005104 seconds, Stopping threads took: 0.0000195 seconds
[2019-01-14T12:58:30.672+0000][3941][safepoint    ] Application time: 0.0000997 seconds
[2019-01-14T12:58:30.672+0000][3941][safepoint    ] Total time for which application threads were stopped: 0.0000469 seconds, Stopping threads took: 0.0000062 seconds
[2019-01-14T12:58:30.673+0000][3941][safepoint    ] Application time: 0.0001540 seconds
[2019-01-14T12:58:30.673+0000][3941][safepoint    ] Total time for which application threads were stopped: 0.0000333 seconds, Stopping threads took: 0.0000048 seconds
[2019-01-14T12:58:30.673+0000][3941][safepoint    ] Application time: 0.0000871 seconds
[2019-01-14T12:58:30.673+0000][3941][safepoint    ] Total time for which application threads were stopped: 0.0000329 seconds, Stopping threads took: 0.0000051 seconds
[2019-01-14T12:58:30.673+0000][3941][safepoint    ] Application time: 0.0002255 seconds
[2019-01-14T12:58:30.673+0000][3941][safepoint    ] Total time for which application threads were stopped: 0.0000323 seconds, Stopping threads took: 0.0000047 seconds
[2019-01-14T12:58:30.673+0000][3941][safepoint    ] Application time: 0.0001082 seconds
[2019-01-14T12:58:30.673+0000][3941][safepoint    ] Total time for which application threads were stopped: 0.0000313 seconds, Stopping threads took: 0.0000047 seconds
[2019-01-14T12:58:30.673+0000][3941][safepoint    ] Application time: 0.0000945 seconds
[2019-01-14T12:58:30.673+0000][3941][safepoint    ] Total time for which application threads were stopped: 0.0000319 seconds, Stopping threads took: 0.0000046 seconds
[2019-01-14T12:58:30.673+0000][3941][safepoint    ] Application time: 0.0000725 seconds
[2019-01-14T12:58:30.674+0000][3941][safepoint    ] Total time for which application threads were stopped: 0.0000307 seconds, Stopping threads took: 0.0000043 seconds
[2019-01-14T12:58:30.674+0000][3941][safepoint    ] Application time: 0.0001617 seconds
[2019-01-14T12:58:30.674+0000][3941][safepoint    ] Total time for which application threads were stopped: 0.0000316 seconds, Stopping threads took: 0.0000049 seconds
[2019-01-14T12:58:30.674+0000][3941][safepoint    ] Application time: 0.0000668 seconds
[2019-01-14T12:58:30.674+0000][3941][safepoint    ] Total time for which application threads were stopped: 0.0000306 seconds, Stopping threads took: 0.0000044 seconds
[2019-01-14T12:58:30.674+0000][3941][safepoint    ] Application time: 0.0000773 seconds
[2019-01-14T12:58:30.674+0000][3941][safepoint    ] Total time for which application threads were stopped: 0.0000313 seconds, Stopping threads took: 0.0000050 seconds
[2019-01-14T12:58:30.674+0000][3941][safepoint    ] Application time: 0.0000644 seconds
[2019-01-14T12:58:30.675+0000][3941][safepoint    ] Total time for which application threads were stopped: 0.0000363 seconds, Stopping threads took: 0.0000060 seconds
[2019-01-14T12:58:30.676+0000][3941][safepoint    ] Application time: 0.0009732 seconds
[2019-01-14T12:58:30.677+0000][3941][safepoint    ] Total time for which application threads were stopped: 0.0002103 seconds, Stopping threads took: 0.0000103 seconds
[2019-01-14T12:58:30.679+0000][3941][safepoint    ] Application time: 0.0021713 seconds
[2019-01-14T12:58:30.679+0000][3941][safepoint    ] Total time for which application threads were stopped: 0.0000739 seconds, Stopping threads took: 0.0000106 seconds
[2019-01-14T12:58:30.686+0000][3941][safepoint    ] Application time: 0.0065027 seconds
[2019-01-14T12:58:30.686+0000][3941][safepoint    ] Total time for which application threads were stopped: 0.0000848 seconds, Stopping threads took: 0.0000183 seconds
[2019-01-14T12:58:30.687+0000][3941][safepoint    ] Application time: 0.0003618 seconds
[2019-01-14T12:58:30.687+0000][3941][safepoint    ] Total time for which application threads were stopped: 0.0000589 seconds, Stopping threads took: 0.0000078 seconds
[2019-01-14T12:58:30.688+0000][3941][safepoint    ] Application time: 0.0003415 seconds
[2019-01-14T12:58:30.688+0000][3941][safepoint    ] Total time for which application threads were stopped: 0.0004196 seconds, Stopping threads took: 0.0003722 seconds
[2019-01-14T12:58:30.690+0000][3941][safepoint    ] Application time: 0.0022082 seconds
[2019-01-14T12:58:30.690+0000][3941][safepoint    ] Total time for which application threads were stopped: 0.0001191 seconds, Stopping threads took: 0.0000171 seconds
[2019-01-14T12:58:30.691+0000][3941][safepoint    ] Application time: 0.0003685 seconds
[2019-01-14T12:58:30.691+0000][3941][safepoint    ] Total time for which application threads were stopped: 0.0000484 seconds, Stopping threads took: 0.0000075 seconds
[2019-01-14T12:58:30.691+0000][3941][safepoint    ] Application time: 0.0001030 seconds
[2019-01-14T12:58:30.691+0000][3941][safepoint    ] Total time for which application threads were stopped: 0.0000336 seconds, Stopping threads took: 0.0000049 seconds
[2019-01-14T12:58:30.691+0000][3941][safepoint    ] Application time: 0.0001008 seconds
[2019-01-14T12:58:30.691+0000][3941][safepoint    ] Total time for which application threads were stopped: 0.0000406 seconds, Stopping threads took: 0.0000067 seconds
[2019-01-14T12:58:30.691+0000][3941][safepoint    ] Application time: 0.0000679 seconds
[2019-01-14T12:58:30.691+0000][3941][safepoint    ] Total time for which application threads were stopped: 0.0000315 seconds, Stopping threads took: 0.0000045 seconds
[2019-01-14T12:58:30.692+0000][3941][safepoint    ] Application time: 0.0002383 seconds
[2019-01-14T12:58:30.692+0000][3941][safepoint    ] Total time for which application threads were stopped: 0.0000322 seconds, Stopping threads took: 0.0000043 seconds
[2019-01-14T12:58:30.692+0000][3941][safepoint    ] Application time: 0.0001709 seconds
[2019-01-14T12:58:30.692+0000][3941][safepoint    ] Total time for which application threads were stopped: 0.0000444 seconds, Stopping threads took: 0.0000158 seconds
[2019-01-14T12:58:30.692+0000][3941][safepoint    ] Application time: 0.0001321 seconds
[2019-01-14T12:58:30.692+0000][3941][safepoint    ] Total time for which application threads were stopped: 0.0000319 seconds, Stopping threads took: 0.0000041 seconds
[2019-01-14T12:58:30.692+0000][3941][safepoint    ] Application time: 0.0000217 seconds
[2019-01-14T12:58:30.692+0000][3941][safepoint    ] Total time for which application threads were stopped: 0.0000751 seconds, Stopping threads took: 0.0000024 seconds
[2019-01-14T12:58:30.692+0000][3941][safepoint    ] Application time: 0.0000263 seconds
[2019-01-14T12:58:30.692+0000][3941][safepoint    ] Total time for which application threads were stopped: 0.0000318 seconds, Stopping threads took: 0.0000049 seconds
[2019-01-14T12:58:30.692+0000][3941][safepoint    ] Application time: 0.0000439 seconds
[2019-01-14T12:58:30.693+0000][3941][safepoint    ] Total time for which application threads were stopped: 0.0000896 seconds, Stopping threads took: 0.0000048 seconds
[2019-01-14T12:58:30.693+0000][3941][safepoint    ] Application time: 0.0000266 seconds
[2019-01-14T12:58:30.693+0000][3941][safepoint    ] Total time for which application threads were stopped: 0.0000257 seconds, Stopping threads took: 0.0000025 seconds
[2019-01-14T12:58:30.693+0000][3941][safepoint    ] Application time: 0.0000175 seconds
[2019-01-14T12:58:30.693+0000][3941][safepoint    ] Total time for which application threads were stopped: 0.0000230 seconds, Stopping threads took: 0.0000021 seconds
[2019-01-14T12:58:30.693+0000][3941][safepoint    ] Application time: 0.0000183 seconds
[2019-01-14T12:58:30.693+0000][3941][safepoint    ] Total time for which application threads were stopped: 0.0000224 seconds, Stopping threads took: 0.0000020 seconds
[2019-01-14T12:58:30.693+0000][3941][safepoint    ] Application time: 0.0000904 seconds
[2019-01-14T12:58:30.693+0000][3941][safepoint    ] Total time for which application threads were stopped: 0.0000305 seconds, Stopping threads took: 0.0000045 seconds
[2019-01-14T12:58:30.693+0000][3941][safepoint    ] Application time: 0.0000199 seconds
[2019-01-14T12:58:30.693+0000][3941][safepoint    ] Total time for which application threads were stopped: 0.0000365 seconds, Stopping threads took: 0.0000020 seconds
[2019-01-14T12:58:30.693+0000][3941][safepoint    ] Application time: 0.0001904 seconds
[2019-01-14T12:58:30.693+0000][3941][safepoint    ] Total time for which application threads were stopped: 0.0000894 seconds, Stopping threads took: 0.0000611 seconds
[2019-01-14T12:58:30.693+0000][3941][safepoint    ] Application time: 0.0000714 seconds
[2019-01-14T12:58:30.693+0000][3941][safepoint    ] Total time for which application threads were stopped: 0.0000324 seconds, Stopping threads took: 0.0000050 seconds
[2019-01-14T12:58:30.693+0000][3941][safepoint    ] Application time: 0.0000398 seconds
[2019-01-14T12:58:30.694+0000][3941][safepoint    ] Total time for which application threads were stopped: 0.0000738 seconds, Stopping threads took: 0.0000468 seconds
[2019-01-14T12:58:30.694+0000][3941][safepoint    ] Application time: 0.0000262 seconds
[2019-01-14T12:58:30.721+0000][3941][safepoint    ] Total time for which application threads were stopped: 0.0270775 seconds, Stopping threads took: 0.0000023 seconds
[2019-01-14T12:58:31.736+0000][3941][safepoint    ] Application time: 1.0111342 seconds
[2019-01-14T12:58:31.764+0000][3941][safepoint    ] Total time for which application threads were stopped: 0.0219208 seconds, Stopping threads took: 0.0131393 seconds
[2019-01-14T12:58:31.772+0000][3941][safepoint    ] Application time: 0.0051994 seconds
[2019-01-14T12:58:31.773+0000][3941][safepoint    ] Total time for which application threads were stopped: 0.0006224 seconds, Stopping threads took: 0.0000624 seconds
[2019-01-14T12:58:32.888+0000][3941][safepoint    ] Application time: 1.0344984 seconds
[2019-01-14T12:58:33.116+0000][3941][safepoint    ] Total time for which application threads were stopped: 0.1715935 seconds, Stopping threads took: 0.0529272 seconds
[2019-01-14T12:58:34.194+0000][3941][safepoint    ] Application time: 1.0696823 seconds
[2019-01-14T12:58:34.478+0000][3941][safepoint    ] Total time for which application threads were stopped: 0.1096465 seconds, Stopping threads took: 0.0319089 seconds
[2019-01-14T12:58:35.542+0000][3941][safepoint    ] Application time: 1.0524598 seconds
[2019-01-14T12:58:35.835+0000][3941][safepoint    ] Total time for which application threads were stopped: 0.2641386 seconds, Stopping threads took: 0.1210863 seconds
[2019-01-14T12:58:37.073+0000][3941][safepoint    ] Application time: 1.1508776 seconds
[2019-01-14T12:58:37.282+0000][3941][safepoint    ] Total time for which application threads were stopped: 0.1387546 seconds, Stopping threads took: 0.0986034 seconds
[2019-01-14T12:58:38.307+0000][3941][safepoint    ] Application time: 1.0105864 seconds
[2019-01-14T12:58:38.428+0000][3941][safepoint    ] Total time for which application threads were stopped: 0.0409211 seconds, Stopping threads took: 0.0386529 seconds
[2019-01-14T12:58:39.501+0000][3941][safepoint    ] Application time: 1.0036308 seconds
[2019-01-14T12:58:39.647+0000][3941][safepoint    ] Total time for which application threads were stopped: 0.1157450 seconds, Stopping threads took: 0.1130237 seconds
[2019-01-14T12:58:40.378+0000][3941][safepoint    ] Application time: 0.7281934 seconds
[2019-01-14T12:58:40.427+0000][3941][safepoint    ] Total time for which application threads were stopped: 0.0442509 seconds, Stopping threads took: 0.0064604 seconds
[2019-01-14T12:58:40.466+0000][3941][safepoint    ] Application time: 0.0157735 seconds
[2019-01-14T12:58:40.500+0000][3941][safepoint    ] Total time for which application threads were stopped: 0.0315918 seconds, Stopping threads took: 0.0216042 seconds
[2019-01-14T12:58:41.024+0000][3941][safepoint    ] Application time: 0.5178877 seconds
[2019-01-14T12:58:41.048+0000][3941][safepoint    ] Total time for which application threads were stopped: 0.0236028 seconds, Stopping threads took: 0.0115879 seconds
[2019-01-14T12:58:42.108+0000][3941][safepoint    ] Application time: 1.0488734 seconds
[2019-01-14T12:58:42.131+0000][3941][safepoint    ] Total time for which application threads were stopped: 0.0175740 seconds, Stopping threads took: 0.0074353 seconds
[2019-01-14T12:58:43.147+0000][3941][safepoint    ] Application time: 1.0094641 seconds
[2019-01-14T12:58:43.300+0000][3941][safepoint    ] Total time for which application threads were stopped: 0.1502425 seconds, Stopping threads took: 0.1413101 seconds
[2019-01-14T12:58:44.394+0000][3941][safepoint    ] Application time: 1.0683010 seconds
[2019-01-14T12:58:44.432+0000][3941][safepoint    ] Total time for which application threads were stopped: 0.0245958 seconds, Stopping threads took: 0.0153633 seconds
[2019-01-14T12:58:44.577+0000][3941][safepoint    ] Application time: 0.1447586 seconds
[2019-01-14T12:58:44.601+0000][3941][safepoint    ] Total time for which application threads were stopped: 0.0192446 seconds, Stopping threads took: 0.0148406 seconds
[2019-01-14T12:58:44.622+0000][3941][safepoint    ] Application time: 0.0206528 seconds
[2019-01-14T12:58:44.625+0000][3941][safepoint    ] Total time for which application threads were stopped: 0.0027706 seconds, Stopping threads took: 0.0026853 seconds
[2019-01-14T12:58:44.625+0000][3941][safepoint    ] Application time: 0.0008090 seconds
[2019-01-14T12:58:44.626+0000][3941][safepoint    ] Total time for which application threads were stopped: 0.0000966 seconds, Stopping threads took: 0.0000273 seconds
[2019-01-14T12:58:44.626+0000][3941][safepoint    ] Application time: 0.0000228 seconds
[2019-01-14T12:58:44.626+0000][3941][safepoint    ] Total time for which application threads were stopped: 0.0000306 seconds, Stopping threads took: 0.0000022 seconds
[2019-01-14T12:58:45.634+0000][3941][safepoint    ] Application time: 1.0076654 seconds
[2019-01-14T12:58:45.660+0000][3941][safepoint    ] Total time for which application threads were stopped: 0.0171554 seconds, Stopping threads took: 0.0027327 seconds
[2019-01-14T12:58:45.798+0000][3941][safepoint    ] Application time: 0.1364833 seconds
[2019-01-14T12:58:45.800+0000][3941][safepoint    ] Total time for which application threads were stopped: 0.0016809 seconds, Stopping threads took: 0.0005212 seconds
[2019-01-14T12:58:46.802+0000][3941][safepoint    ] Application time: 1.0005665 seconds
[2019-01-14T12:58:46.922+0000][3941][safepoint    ] Total time for which application threads were stopped: 0.1130506 seconds, Stopping threads took: 0.1038796 seconds
[2019-01-14T12:58:50.856+0000][3941][safepoint    ] Application time: 3.9241304 seconds
[2019-01-14T12:58:51.092+0000][3941][safepoint    ] Total time for which application threads were stopped: 0.2089222 seconds, Stopping threads took: 0.1856819 seconds
[2019-01-14T12:58:52.128+0000][3941][safepoint    ] Application time: 1.0148432 seconds
[2019-01-14T12:58:52.480+0000][3941][safepoint    ] Total time for which application threads were stopped: 0.0506825 seconds, Stopping threads took: 0.0460458 seconds
[2019-01-14T12:58:53.569+0000][3941][safepoint    ] Application time: 1.0645079 seconds
[2019-01-14T12:58:53.798+0000][3941][safepoint    ] Total time for which application threads were stopped: 0.2124786 seconds, Stopping threads took: 0.1890989 seconds
[2019-01-14T12:58:54.826+0000][3941][safepoint    ] Application time: 1.0053541 seconds
[2019-01-14T12:58:55.098+0000][3941][safepoint    ] Total time for which application threads were stopped: 0.2466877 seconds, Stopping threads took: 0.2158649 seconds
[2019-01-14T12:58:56.117+0000][3941][safepoint    ] Application time: 1.0049307 seconds
[2019-01-14T12:58:56.141+0000][3941][safepoint    ] Total time for which application threads were stopped: 0.0099127 seconds, Stopping threads took: 0.0058569 seconds
[2019-01-14T12:58:56.744+0000][3941][safepoint    ] Application time: 0.6026970 seconds
[2019-01-14T12:58:56.746+0000][3941][safepoint    ] Total time for which application threads were stopped: 0.0007146 seconds, Stopping threads took: 0.0000267 seconds
[2019-01-14T12:58:57.033+0000][3941][safepoint    ] Application time: 0.1417079 seconds
[2019-01-14T12:58:57.462+0000][3941][safepoint    ] Total time for which application threads were stopped: 0.4155995 seconds, Stopping threads took: 0.3737165 seconds
[2019-01-14T12:58:58.901+0000][3941][safepoint    ] Application time: 1.4244091 seconds
[2019-01-14T12:58:58.991+0000][3941][safepoint    ] Total time for which application threads were stopped: 0.0812789 seconds, Stopping threads took: 0.0173921 seconds
[2019-01-14T12:59:00.971+0000][3941][safepoint    ] Application time: 1.6954118 seconds
[2019-01-14T12:59:01.219+0000][3941][safepoint    ] Total time for which application threads were stopped: 0.1127671 seconds, Stopping threads took: 0.0976669 seconds
[2019-01-14T12:59:01.526+0000][3941][safepoint    ] Application time: 0.3005017 seconds
[2019-01-14T12:59:01.542+0000][3941][safepoint    ] Total time for which application threads were stopped: 0.0040812 seconds, Stopping threads took: 0.0033796 seconds
[2019-01-14T12:59:01.950+0000][3941][safepoint    ] Application time: 0.4033733 seconds
[2019-01-14T12:59:02.039+0000][3941][safepoint    ] Total time for which application threads were stopped: 0.0795622 seconds, Stopping threads took: 0.0154109 seconds
[2019-01-14T12:59:02.056+0000][3941][safepoint    ] Application time: 0.0137097 seconds
[2019-01-14T12:59:02.169+0000][3941][safepoint    ] Total time for which application threads were stopped: 0.1050153 seconds, Stopping threads took: 0.0998182 seconds
[2019-01-14T12:59:02.184+0000][3941][safepoint    ] Application time: 0.0067686 seconds
[2019-01-14T12:59:02.187+0000][3941][safepoint    ] Total time for which application threads were stopped: 0.0033498 seconds, Stopping threads took: 0.0032117 seconds
[2019-01-14T12:59:02.194+0000][3941][safepoint    ] Application time: 0.0064293 seconds
[2019-01-14T12:59:02.197+0000][3941][safepoint    ] Total time for which application threads were stopped: 0.0023928 seconds, Stopping threads took: 0.0022917 seconds
[2019-01-14T12:59:02.478+0000][3941][safepoint    ] Application time: 0.2771751 seconds
[2019-01-14T12:59:02.487+0000][3941][safepoint    ] Total time for which application threads were stopped: 0.0072091 seconds, Stopping threads took: 0.0030289 seconds
[2019-01-14T12:59:03.157+0000][3941][safepoint    ] Application time: 0.6689104 seconds
[2019-01-14T12:59:03.162+0000][3941][safepoint    ] Total time for which application threads were stopped: 0.0036593 seconds, Stopping threads took: 0.0006291 seconds
[2019-01-14T12:59:03.174+0000][3941][safepoint    ] Application time: 0.0114620 seconds
[2019-01-14T12:59:03.182+0000][3941][safepoint    ] Total time for which application threads were stopped: 0.0087996 seconds, Stopping threads took: 0.0087112 seconds
[2019-01-14T12:59:03.900+0000][3941][safepoint    ] Application time: 0.7174321 seconds
[2019-01-14T12:59:03.912+0000][3941][safepoint    ] Total time for which application threads were stopped: 0.0098590 seconds, Stopping threads took: 0.0065345 seconds
[2019-01-14T12:59:03.947+0000][3941][safepoint    ] Application time: 0.0349478 seconds
[2019-01-14T12:59:03.965+0000][3941][safepoint    ] Total time for which application threads were stopped: 0.0171767 seconds, Stopping threads took: 0.0148059 seconds
[2019-01-14T12:59:03.968+0000][3941][safepoint    ] Application time: 0.0031125 seconds
[2019-01-14T12:59:03.968+0000][3941][safepoint    ] Total time for which application threads were stopped: 0.0000992 seconds, Stopping threads took: 0.0000266 seconds
[2019-01-14T12:59:03.968+0000][3941][safepoint    ] Application time: 0.0003789 seconds
[2019-01-14T12:59:03.969+0000][3941][safepoint    ] Total time for which application threads were stopped: 0.0002022 seconds, Stopping threads took: 0.0001440 seconds
[2019-01-14T12:59:03.977+0000][3941][safepoint    ] Application time: 0.0080470 seconds
[2019-01-14T12:59:03.983+0000][3941][safepoint    ] Total time for which application threads were stopped: 0.0062265 seconds, Stopping threads took: 0.0061472 seconds
[2019-01-14T12:59:03.983+0000][3941][safepoint    ] Application time: 0.0003552 seconds
[2019-01-14T12:59:03.987+0000][3941][safepoint    ] Total time for which application threads were stopped: 0.0032766 seconds, Stopping threads took: 0.0031990 seconds
[2019-01-14T12:59:03.987+0000][3941][safepoint    ] Application time: 0.0002822 seconds
[2019-01-14T12:59:03.990+0000][3941][safepoint    ] Total time for which application threads were stopped: 0.0031755 seconds, Stopping threads took: 0.0020197 seconds
[2019-01-14T12:59:03.991+0000][3941][safepoint    ] Application time: 0.0003485 seconds
[2019-01-14T12:59:03.994+0000][3941][safepoint    ] Total time for which application threads were stopped: 0.0036868 seconds, Stopping threads took: 0.0036066 seconds
[2019-01-14T12:59:03.995+0000][3941][safepoint    ] Application time: 0.0002658 seconds
[2019-01-14T12:59:03.997+0000][3941][safepoint    ] Total time for which application threads were stopped: 0.0022140 seconds, Stopping threads took: 0.0019634 seconds
[2019-01-14T12:59:03.997+0000][3941][safepoint    ] Application time: 0.0003745 seconds
[2019-01-14T12:59:04.002+0000][3941][safepoint    ] Total time for which application threads were stopped: 0.0045935 seconds, Stopping threads took: 0.0045094 seconds
[2019-01-14T12:59:04.002+0000][3941][safepoint    ] Application time: 0.0006091 seconds
[2019-01-14T12:59:04.003+0000][3941][safepoint    ] Total time for which application threads were stopped: 0.0001558 seconds, Stopping threads took: 0.0000847 seconds
[2019-01-14T12:59:04.004+0000][3941][safepoint    ] Application time: 0.0013711 seconds
[2019-01-14T12:59:04.007+0000][3941][safepoint    ] Total time for which application threads were stopped: 0.0033557 seconds, Stopping threads took: 0.0032730 seconds
[2019-01-14T12:59:05.136+0000][3941][safepoint    ] Application time: 1.0888386 seconds
[2019-01-14T12:59:05.227+0000][3941][safepoint    ] Total time for which application threads were stopped: 0.0740202 seconds, Stopping threads took: 0.0490620 seconds
[2019-01-14T12:59:06.284+0000][3941][safepoint    ] Application time: 1.0270801 seconds
[2019-01-14T12:59:06.486+0000][3941][safepoint    ] Total time for which application threads were stopped: 0.1766891 seconds, Stopping threads took: 0.0236358 seconds
[2019-01-14T12:59:06.646+0000][3941][safepoint    ] Application time: 0.1396349 seconds
[2019-01-14T12:59:06.650+0000][3941][safepoint    ] Total time for which application threads were stopped: 0.0031507 seconds, Stopping threads took: 0.0004017 seconds
[2019-01-14T12:59:06.708+0000][3941][safepoint    ] Application time: 0.0551953 seconds
[2019-01-14T12:59:06.724+0000][3941][safepoint    ] Total time for which application threads were stopped: 0.0136982 seconds, Stopping threads took: 0.0018517 seconds
[2019-01-14T12:59:06.755+0000][3941][safepoint    ] Application time: 0.0302394 seconds
[2019-01-14T12:59:06.844+0000][3941][safepoint    ] Total time for which application threads were stopped: 0.0862766 seconds, Stopping threads took: 0.0768195 seconds
[2019-01-14T12:59:06.926+0000][3941][safepoint    ] Application time: 0.0635846 seconds
[2019-01-14T12:59:07.076+0000][3941][safepoint    ] Total time for which application threads were stopped: 0.0172345 seconds, Stopping threads took: 0.0060128 seconds
[2019-01-14T12:59:08.122+0000][3941][safepoint    ] Application time: 1.0388129 seconds
[2019-01-14T12:59:08.253+0000][3941][safepoint    ] Total time for which application threads were stopped: 0.1122347 seconds, Stopping threads took: 0.0488269 seconds
[2019-01-14T12:59:20.962+0000][3941][safepoint    ] Application time: 12.6701072 seconds
[2019-01-14T12:59:21.115+0000][3941][safepoint    ] Total time for which application threads were stopped: 0.0995896 seconds, Stopping threads took: 0.0708382 seconds
[2019-01-14T12:59:25.798+0000][3941][safepoint    ] Application time: 4.6780720 seconds
[2019-01-14T12:59:26.009+0000][3941][safepoint    ] Total time for which application threads were stopped: 0.1967280 seconds, Stopping threads took: 0.1550688 seconds
[2019-01-14T12:59:27.115+0000][3941][safepoint    ] Application time: 1.0965716 seconds
[2019-01-14T12:59:27.244+0000][3941][safepoint    ] Total time for which application threads were stopped: 0.0671204 seconds, Stopping threads took: 0.0126698 seconds
[2019-01-14T12:59:28.270+0000][3941][safepoint    ] Application time: 1.0102207 seconds
[2019-01-14T12:59:28.395+0000][3941][safepoint    ] Total time for which application threads were stopped: 0.1102965 seconds, Stopping threads took: 0.0773691 seconds
[2019-01-14T12:59:29.520+0000][3941][safepoint    ] Application time: 1.0554836 seconds
[2019-01-14T12:59:30.058+0000][3941][safepoint    ] Total time for which application threads were stopped: 0.5337587 seconds, Stopping threads took: 0.5203746 seconds
[2019-01-14T12:59:39.192+0000][3941][safepoint    ] Application time: 9.1084017 seconds
[2019-01-14T12:59:39.256+0000][3941][safepoint    ] Total time for which application threads were stopped: 0.0401215 seconds, Stopping threads took: 0.0285373 seconds
[2019-01-14T12:59:39.739+0000][3941][safepoint    ] Application time: 0.4744086 seconds
[2019-01-14T12:59:40.060+0000][3941][safepoint    ] Total time for which application threads were stopped: 0.1096131 seconds, Stopping threads took: 0.0580054 seconds
[2019-01-14T12:59:43.169+0000][3941][safepoint    ] Application time: 3.0964759 seconds
[2019-01-14T12:59:43.172+0000][3941][safepoint    ] Total time for which application threads were stopped: 0.0003883 seconds, Stopping threads took: 0.0000166 seconds
[2019-01-14T12:59:43.172+0000][3941][safepoint    ] Application time: 0.0002110 seconds
[2019-01-14T12:59:43.172+0000][3941][safepoint    ] Total time for which application threads were stopped: 0.0000513 seconds, Stopping threads took: 0.0000119 seconds
[2019-01-14T12:59:43.172+0000][3941][safepoint    ] Application time: 0.0001240 seconds
[2019-01-14T12:59:43.172+0000][3941][safepoint    ] Total time for which application threads were stopped: 0.0000393 seconds, Stopping threads took: 0.0000099 seconds
[2019-01-14T12:59:43.735+0000][3941][safepoint    ] Application time: 0.5623017 seconds
[2019-01-14T12:59:44.277+0000][3941][gc,start     ] GC(23) Pause Young (Allocation Failure)
[2019-01-14T12:59:44.777+0000][3941][gc,task      ] GC(23) Using 2 workers of 2 for evacuation
[2019-01-14T12:59:45.023+0000][3941][gc,age       ] GC(23) Desired survivor size 4456448 bytes, new threshold 6 (max threshold 6)
[2019-01-14T12:59:45.028+0000][3941][gc,age       ] GC(23) Age table with threshold 6 (max threshold 6)
[2019-01-14T12:59:45.028+0000][3941][gc,age       ] GC(23) - age   1:    1702328 bytes,    1702328 total
[2019-01-14T12:59:45.040+0000][3941][gc,heap      ] GC(23) ParNew: 78656K->7159K(78656K)
[2019-01-14T12:59:45.040+0000][3941][gc,heap      ] GC(23) CMS: 80809K->87734K(174784K)
[2019-01-14T12:59:45.040+0000][3941][gc,metaspace ] GC(23) Metaspace: 77312K->77312K(1120256K)
[2019-01-14T12:59:45.053+0000][3941][gc           ] GC(23) Pause Young (Allocation Failure) 155M->92M(247M) 775.678ms
[2019-01-14T12:59:45.053+0000][3941][gc,cpu       ] GC(23) User=0.02s Sys=0.09s Real=0.78s
[2019-01-14T12:59:45.059+0000][3941][safepoint    ] Total time for which application threads were stopped: 1.3172562 seconds, Stopping threads took: 0.4987972 seconds
[2019-01-14T12:59:45.113+0000][3941][safepoint    ] Application time: 0.0529228 seconds
[2019-01-14T12:59:45.114+0000][3941][safepoint    ] Total time for which application threads were stopped: 0.0004675 seconds, Stopping threads took: 0.0001377 seconds
[2019-01-14T12:59:45.138+0000][3941][safepoint    ] Application time: 0.0238014 seconds
[2019-01-14T12:59:45.138+0000][3941][safepoint    ] Total time for which application threads were stopped: 0.0001524 seconds, Stopping threads took: 0.0000848 seconds
[2019-01-14T12:59:46.116+0000][3941][safepoint    ] Application time: 0.9722316 seconds
[2019-01-14T12:59:46.133+0000][3941][safepoint    ] Total time for which application threads were stopped: 0.0141608 seconds, Stopping threads took: 0.0009115 seconds
[2019-01-14T12:59:46.133+0000][3941][safepoint    ] Application time: 0.0000916 seconds
[2019-01-14T12:59:46.133+0000][3941][safepoint    ] Total time for which application threads were stopped: 0.0000548 seconds, Stopping threads took: 0.0000079 seconds
[2019-01-14T12:59:46.133+0000][3941][safepoint    ] Application time: 0.0000130 seconds
[2019-01-14T12:59:46.133+0000][3941][safepoint    ] Total time for which application threads were stopped: 0.0000226 seconds, Stopping threads took: 0.0000020 seconds
[2019-01-14T12:59:46.133+0000][3941][safepoint    ] Application time: 0.0000084 seconds
[2019-01-14T12:59:46.133+0000][3941][safepoint    ] Total time for which application threads were stopped: 0.0000210 seconds, Stopping threads took: 0.0000017 seconds
[2019-01-14T12:59:48.503+0000][3941][safepoint    ] Application time: 2.3677788 seconds
[2019-01-14T12:59:48.518+0000][3941][safepoint    ] Total time for which application threads were stopped: 0.0133052 seconds, Stopping threads took: 0.0001533 seconds
[2019-01-14T12:59:50.574+0000][3941][safepoint    ] Application time: 2.0517424 seconds
[2019-01-14T12:59:50.600+0000][3941][safepoint    ] Total time for which application threads were stopped: 0.0144488 seconds, Stopping threads took: 0.0040103 seconds
[2019-01-14T12:59:56.736+0000][3941][safepoint    ] Application time: 6.1140024 seconds
[2019-01-14T12:59:56.927+0000][3941][safepoint    ] Total time for which application threads were stopped: 0.1842242 seconds, Stopping threads took: 0.0748356 seconds
[2019-01-14T12:59:57.950+0000][3941][safepoint    ] Application time: 1.0110251 seconds
[2019-01-14T12:59:57.992+0000][3941][safepoint    ] Total time for which application threads were stopped: 0.0304685 seconds, Stopping threads took: 0.0071082 seconds
[2019-01-14T12:59:58.856+0000][3941][safepoint    ] Application time: 0.8555181 seconds
[2019-01-14T12:59:58.870+0000][3941][safepoint    ] Total time for which application threads were stopped: 0.0105280 seconds, Stopping threads took: 0.0015689 seconds
[2019-01-14T12:59:58.878+0000][3941][safepoint    ] Application time: 0.0076824 seconds
[2019-01-14T12:59:58.878+0000][3941][safepoint    ] Total time for which application threads were stopped: 0.0000775 seconds, Stopping threads took: 0.0000141 seconds
[2019-01-14T12:59:58.878+0000][3941][safepoint    ] Application time: 0.0001213 seconds
[2019-01-14T12:59:58.878+0000][3941][safepoint    ] Total time for which application threads were stopped: 0.0000338 seconds, Stopping threads took: 0.0000041 seconds
[2019-01-14T12:59:58.878+0000][3941][safepoint    ] Application time: 0.0000516 seconds
[2019-01-14T12:59:58.878+0000][3941][safepoint    ] Total time for which application threads were stopped: 0.0000568 seconds, Stopping threads took: 0.0000024 seconds
[2019-01-14T12:59:59.882+0000][3941][safepoint    ] Application time: 1.0016239 seconds
[2019-01-14T12:59:59.896+0000][3941][safepoint    ] Total time for which application threads were stopped: 0.0054573 seconds, Stopping threads took: 0.0000299 seconds
[2019-01-14T13:00:06.938+0000][3941][safepoint    ] Application time: 7.0378525 seconds
[2019-01-14T13:00:06.957+0000][3941][safepoint    ] Total time for which application threads were stopped: 0.0076260 seconds, Stopping threads took: 0.0026076 seconds
[2019-01-14T13:00:10.021+0000][3941][safepoint    ] Application time: 3.0575406 seconds
[2019-01-14T13:00:10.273+0000][3941][safepoint    ] Total time for which application threads were stopped: 0.2233967 seconds, Stopping threads took: 0.1527454 seconds
[2019-01-14T13:00:13.338+0000][3941][safepoint    ] Application time: 3.0451568 seconds
[2019-01-14T13:00:13.464+0000][3941][safepoint    ] Total time for which application threads were stopped: 0.0422196 seconds, Stopping threads took: 0.0121668 seconds
[2019-01-14T13:00:13.856+0000][3941][safepoint    ] Application time: 0.2750055 seconds
[2019-01-14T13:00:13.897+0000][3941][safepoint    ] Total time for which application threads were stopped: 0.0334236 seconds, Stopping threads took: 0.0073230 seconds
[2019-01-14T13:00:13.916+0000][3941][safepoint    ] Application time: 0.0167434 seconds
[2019-01-14T13:00:14.044+0000][3941][safepoint    ] Total time for which application threads were stopped: 0.1205727 seconds, Stopping threads took: 0.1138143 seconds
[2019-01-14T13:00:14.110+0000][3941][safepoint    ] Application time: 0.0550268 seconds
[2019-01-14T13:00:14.612+0000][3941][safepoint    ] Total time for which application threads were stopped: 0.4732855 seconds, Stopping threads took: 0.4072778 seconds
[2019-01-14T13:00:14.770+0000][3941][safepoint    ] Application time: 0.1390916 seconds
[2019-01-14T13:00:14.790+0000][3941][safepoint    ] Total time for which application threads were stopped: 0.0147439 seconds, Stopping threads took: 0.0043598 seconds
[2019-01-14T13:00:19.809+0000][3941][safepoint    ] Application time: 5.0172943 seconds
[2019-01-14T13:00:19.924+0000][3941][safepoint    ] Total time for which application threads were stopped: 0.0983625 seconds, Stopping threads took: 0.0807105 seconds
[2019-01-14T13:00:24.955+0000][3941][safepoint    ] Application time: 5.0207988 seconds
[2019-01-14T13:00:25.031+0000][3941][safepoint    ] Total time for which application threads were stopped: 0.0700334 seconds, Stopping threads took: 0.0511458 seconds
[2019-01-14T13:00:26.040+0000][3941][safepoint    ] Application time: 1.0055919 seconds
[2019-01-14T13:00:26.046+0000][3941][safepoint    ] Total time for which application threads were stopped: 0.0038857 seconds, Stopping threads took: 0.0012673 seconds
[2019-01-14T13:00:27.085+0000][3941][safepoint    ] Application time: 1.0065681 seconds
[2019-01-14T13:00:27.108+0000][3941][safepoint    ] Total time for which application threads were stopped: 0.0146682 seconds, Stopping threads took: 0.0041660 seconds
[2019-01-14T13:00:28.119+0000][3941][safepoint    ] Application time: 1.0085149 seconds
[2019-01-14T13:00:28.177+0000][3941][safepoint    ] Total time for which application threads were stopped: 0.0520428 seconds, Stopping threads took: 0.0013686 seconds
[2019-01-14T13:00:29.561+0000][3941][safepoint    ] Application time: 1.3776318 seconds
[2019-01-14T13:00:29.737+0000][3941][safepoint    ] Total time for which application threads were stopped: 0.1015110 seconds, Stopping threads took: 0.0842888 seconds
[2019-01-14T13:00:30.305+0000][3941][safepoint    ] Application time: 0.4906734 seconds
[2019-01-14T13:00:30.621+0000][3941][safepoint    ] Total time for which application threads were stopped: 0.0282931 seconds, Stopping threads took: 0.0117798 seconds
[2019-01-14T13:00:37.952+0000][3941][safepoint    ] Application time: 7.2499915 seconds
[2019-01-14T13:00:37.995+0000][3941][safepoint    ] Total time for which application threads were stopped: 0.0224711 seconds, Stopping threads took: 0.0085685 seconds
[2019-01-14T13:00:40.076+0000][3941][safepoint    ] Application time: 2.0732981 seconds
[2019-01-14T13:00:40.108+0000][3941][safepoint    ] Total time for which application threads were stopped: 0.0290207 seconds, Stopping threads took: 0.0039732 seconds
[2019-01-14T13:00:42.121+0000][3941][safepoint    ] Application time: 2.0089281 seconds
[2019-01-14T13:00:42.633+0000][3941][safepoint    ] Total time for which application threads were stopped: 0.1594284 seconds, Stopping threads took: 0.1072035 seconds
[2019-01-14T13:00:43.666+0000][3941][safepoint    ] Application time: 1.0182808 seconds
[2019-01-14T13:00:44.173+0000][3941][safepoint    ] Total time for which application threads were stopped: 0.4886896 seconds, Stopping threads took: 0.3997419 seconds
[2019-01-14T13:00:48.235+0000][3941][safepoint    ] Application time: 4.0398286 seconds
[2019-01-14T13:00:48.267+0000][3941][safepoint    ] Total time for which application threads were stopped: 0.0216405 seconds, Stopping threads took: 0.0002277 seconds
[2019-01-14T13:00:52.367+0000][3941][safepoint    ] Application time: 4.0971136 seconds
[2019-01-14T13:00:52.380+0000][3941][safepoint    ] Total time for which application threads were stopped: 0.0083531 seconds, Stopping threads took: 0.0026311 seconds
[2019-01-14T13:00:53.395+0000][3941][safepoint    ] Application time: 1.0025845 seconds
[2019-01-14T13:00:53.438+0000][3941][safepoint    ] Total time for which application threads were stopped: 0.0217588 seconds, Stopping threads took: 0.0095335 seconds
[2019-01-14T13:00:54.481+0000][3941][safepoint    ] Application time: 1.0213153 seconds
[2019-01-14T13:00:54.516+0000][3941][safepoint    ] Total time for which application threads were stopped: 0.0165651 seconds, Stopping threads took: 0.0054746 seconds
[2019-01-14T13:00:56.531+0000][3941][safepoint    ] Application time: 2.0090300 seconds
[2019-01-14T13:00:56.538+0000][3941][safepoint    ] Total time for which application threads were stopped: 0.0042326 seconds, Stopping threads took: 0.0012804 seconds
[2019-01-14T13:01:01.441+0000][3941][safepoint    ] Application time: 4.8827158 seconds
[2019-01-14T13:01:01.511+0000][3941][safepoint    ] Total time for which application threads were stopped: 0.0254688 seconds, Stopping threads took: 0.0166319 seconds
[2019-01-14T13:01:07.692+0000][3941][safepoint    ] Application time: 6.1751472 seconds
[2019-01-14T13:01:07.785+0000][3941][safepoint    ] Total time for which application threads were stopped: 0.0777529 seconds, Stopping threads took: 0.0618817 seconds
[2019-01-14T13:01:12.111+0000][3941][safepoint    ] Application time: 4.0213770 seconds
[2019-01-14T13:01:12.137+0000][3941][safepoint    ] Total time for which application threads were stopped: 0.0148997 seconds, Stopping threads took: 0.0076509 seconds
[2019-01-14T13:01:13.228+0000][3941][safepoint    ] Application time: 1.0048576 seconds
[2019-01-14T13:01:13.234+0000][3941][safepoint    ] Total time for which application threads were stopped: 0.0039912 seconds, Stopping threads took: 0.0015625 seconds
[2019-01-14T13:01:14.869+0000][3941][safepoint    ] Application time: 1.6343756 seconds
[2019-01-14T13:01:15.043+0000][3941][safepoint    ] Total time for which application threads were stopped: 0.1264747 seconds, Stopping threads took: 0.0005824 seconds
[2019-01-14T13:01:18.068+0000][3941][safepoint    ] Application time: 3.0185719 seconds
[2019-01-14T13:01:18.081+0000][3941][safepoint    ] Total time for which application threads were stopped: 0.0076516 seconds, Stopping threads took: 0.0032237 seconds
[2019-01-14T13:01:21.201+0000][3941][safepoint    ] Application time: 3.1115457 seconds
[2019-01-14T13:01:21.246+0000][3941][safepoint    ] Total time for which application threads were stopped: 0.0387680 seconds, Stopping threads took: 0.0062882 seconds
[2019-01-14T13:01:24.262+0000][3941][safepoint    ] Application time: 3.0115276 seconds
[2019-01-14T13:01:24.269+0000][3941][safepoint    ] Total time for which application threads were stopped: 0.0050355 seconds, Stopping threads took: 0.0012726 seconds
[2019-01-14T13:01:28.291+0000][3941][safepoint    ] Application time: 4.0197512 seconds
[2019-01-14T13:01:28.329+0000][3941][safepoint    ] Total time for which application threads were stopped: 0.0279348 seconds, Stopping threads took: 0.0059091 seconds
[2019-01-14T13:01:33.581+0000][3941][safepoint    ] Application time: 5.2433618 seconds
[2019-01-14T13:01:33.731+0000][3941][safepoint    ] Total time for which application threads were stopped: 0.0039071 seconds, Stopping threads took: 0.0002898 seconds
[2019-01-14T13:01:34.834+0000][3941][safepoint    ] Application time: 1.0901117 seconds
[2019-01-14T13:01:34.879+0000][3941][safepoint    ] Total time for which application threads were stopped: 0.0258115 seconds, Stopping threads took: 0.0046826 seconds
[2019-01-14T13:01:37.911+0000][3941][safepoint    ] Application time: 3.0090392 seconds
[2019-01-14T13:01:37.921+0000][3941][safepoint    ] Total time for which application threads were stopped: 0.0069457 seconds, Stopping threads took: 0.0003392 seconds
[2019-01-14T13:01:39.959+0000][3941][safepoint    ] Application time: 2.0349547 seconds
[2019-01-14T13:01:39.986+0000][3941][safepoint    ] Total time for which application threads were stopped: 0.0197352 seconds, Stopping threads took: 0.0123039 seconds
[2019-01-14T13:01:45.022+0000][3941][safepoint    ] Application time: 5.0304426 seconds
[2019-01-14T13:01:45.077+0000][3941][safepoint    ] Total time for which application threads were stopped: 0.0500411 seconds, Stopping threads took: 0.0434429 seconds
[2019-01-14T13:01:48.334+0000][3941][safepoint    ] Application time: 3.2517218 seconds
[2019-01-14T13:01:48.339+0000][3941][safepoint    ] Total time for which application threads were stopped: 0.0030579 seconds, Stopping threads took: 0.0012539 seconds
[2019-01-14T13:01:50.355+0000][3941][safepoint    ] Application time: 2.0065246 seconds
[2019-01-14T13:01:50.395+0000][3941][safepoint    ] Total time for which application threads were stopped: 0.0287356 seconds, Stopping threads took: 0.0234010 seconds
[2019-01-14T13:01:54.471+0000][3941][safepoint    ] Application time: 4.0715503 seconds
[2019-01-14T13:01:54.709+0000][3941][safepoint    ] Total time for which application threads were stopped: 0.2209068 seconds, Stopping threads took: 0.0079479 seconds
[2019-01-14T13:01:58.737+0000][3941][safepoint    ] Application time: 4.0219589 seconds
[2019-01-14T13:01:58.751+0000][3941][safepoint    ] Total time for which application threads were stopped: 0.0081977 seconds, Stopping threads took: 0.0024951 seconds
[2019-01-14T13:02:03.775+0000][3941][safepoint    ] Application time: 5.0187495 seconds
[2019-01-14T13:02:03.911+0000][3941][safepoint    ] Total time for which application threads were stopped: 0.1239872 seconds, Stopping threads took: 0.1083194 seconds
[2019-01-14T13:02:05.953+0000][3941][safepoint    ] Application time: 2.0296908 seconds
[2019-01-14T13:02:06.443+0000][3941][safepoint    ] Total time for which application threads were stopped: 0.4848335 seconds, Stopping threads took: 0.4344842 seconds
[2019-01-14T13:02:15.627+0000][3941][safepoint    ] Application time: 9.1674940 seconds
[2019-01-14T13:02:15.633+0000][3941][safepoint    ] Total time for which application threads were stopped: 0.0035147 seconds, Stopping threads took: 0.0012596 seconds
[2019-01-14T13:02:20.646+0000][3941][safepoint    ] Application time: 5.0091212 seconds
[2019-01-14T13:02:21.317+0000][3941][safepoint    ] Total time for which application threads were stopped: 0.4106733 seconds, Stopping threads took: 0.3363175 seconds
[2019-01-14T13:02:26.793+0000][3941][safepoint    ] Application time: 5.4460204 seconds
[2019-01-14T13:02:26.884+0000][3941][safepoint    ] Total time for which application threads were stopped: 0.0112818 seconds, Stopping threads took: 0.0050714 seconds
[2019-01-14T13:02:33.956+0000][3941][safepoint    ] Application time: 7.0630326 seconds
[2019-01-14T13:02:34.382+0000][3941][safepoint    ] Total time for which application threads were stopped: 0.2411413 seconds, Stopping threads took: 0.1137356 seconds
[2019-01-14T13:02:35.555+0000][3941][safepoint    ] Application time: 1.1485177 seconds
[2019-01-14T13:02:35.732+0000][3941][safepoint    ] Total time for which application threads were stopped: 0.0599681 seconds, Stopping threads took: 0.0123356 seconds
[2019-01-14T13:02:36.763+0000][3941][safepoint    ] Application time: 1.0172636 seconds
[2019-01-14T13:02:36.815+0000][3941][safepoint    ] Total time for which application threads were stopped: 0.0387207 seconds, Stopping threads took: 0.0059602 seconds
[2019-01-14T13:02:39.874+0000][3941][safepoint    ] Application time: 3.0328356 seconds
[2019-01-14T13:02:39.927+0000][3941][safepoint    ] Total time for which application threads were stopped: 0.0265739 seconds, Stopping threads took: 0.0150483 seconds
[2019-01-14T13:02:45.997+0000][3941][safepoint    ] Application time: 6.0614930 seconds
[2019-01-14T13:02:46.022+0000][3941][safepoint    ] Total time for which application threads were stopped: 0.0151200 seconds, Stopping threads took: 0.0012682 seconds
[2019-01-14T13:02:50.351+0000][3941][safepoint    ] Application time: 4.3153429 seconds
[2019-01-14T13:02:50.411+0000][3941][safepoint    ] Total time for which application threads were stopped: 0.0250407 seconds, Stopping threads took: 0.0068998 seconds
[2019-01-14T13:02:57.845+0000][3941][safepoint    ] Application time: 7.0387779 seconds
[2019-01-14T13:02:57.938+0000][3941][safepoint    ] Total time for which application threads were stopped: 0.0813006 seconds, Stopping threads took: 0.0724329 seconds
[2019-01-14T13:02:58.960+0000][3941][safepoint    ] Application time: 1.0097267 seconds
[2019-01-14T13:02:59.016+0000][3941][safepoint    ] Total time for which application threads were stopped: 0.0446093 seconds, Stopping threads took: 0.0138101 seconds
[2019-01-14T13:03:05.267+0000][3941][safepoint    ] Application time: 6.2290309 seconds
[2019-01-14T13:03:05.348+0000][3941][safepoint    ] Total time for which application threads were stopped: 0.0103327 seconds, Stopping threads took: 0.0058792 seconds
[2019-01-14T13:03:06.394+0000][3941][safepoint    ] Application time: 1.0402037 seconds
[2019-01-14T13:03:06.666+0000][3941][safepoint    ] Total time for which application threads were stopped: 0.1885299 seconds, Stopping threads took: 0.0855611 seconds
[2019-01-14T13:03:08.734+0000][3941][safepoint    ] Application time: 2.0588467 seconds
[2019-01-14T13:03:08.759+0000][3941][safepoint    ] Total time for which application threads were stopped: 0.0137870 seconds, Stopping threads took: 0.0016477 seconds
[2019-01-14T13:03:11.801+0000][3941][safepoint    ] Application time: 3.0179603 seconds
[2019-01-14T13:03:12.048+0000][3941][safepoint    ] Total time for which application threads were stopped: 0.0196766 seconds, Stopping threads took: 0.0096277 seconds
[2019-01-14T13:03:13.122+0000][3941][safepoint    ] Application time: 1.0191001 seconds
[2019-01-14T13:03:13.459+0000][3941][safepoint    ] Total time for which application threads were stopped: 0.1161003 seconds, Stopping threads took: 0.1123100 seconds
[2019-01-14T13:03:16.577+0000][3941][safepoint    ] Application time: 3.0851394 seconds
[2019-01-14T13:03:16.639+0000][3941][safepoint    ] Total time for which application threads were stopped: 0.0347443 seconds, Stopping threads took: 0.0076659 seconds
[2019-01-14T13:03:24.231+0000][3941][safepoint    ] Application time: 7.1978617 seconds
[2019-01-14T13:03:24.299+0000][3941][safepoint    ] Total time for which application threads were stopped: 0.0246635 seconds, Stopping threads took: 0.0060438 seconds
[2019-01-14T13:03:28.471+0000][3941][safepoint    ] Application time: 4.1496472 seconds
[2019-01-14T13:03:28.514+0000][3941][safepoint    ] Total time for which application threads were stopped: 0.0240101 seconds, Stopping threads took: 0.0092657 seconds
[2019-01-14T13:03:33.765+0000][3941][safepoint    ] Application time: 5.2435078 seconds
[2019-01-14T13:03:33.795+0000][3941][safepoint    ] Total time for which application threads were stopped: 0.0229436 seconds, Stopping threads took: 0.0094800 seconds
[2019-01-14T13:03:44.672+0000][3941][safepoint    ] Application time: 10.8712666 seconds
[2019-01-14T13:03:45.233+0000][3941][safepoint    ] Total time for which application threads were stopped: 0.3166148 seconds, Stopping threads took: 0.3069550 seconds
[2019-01-14T13:03:45.856+0000][3941][safepoint    ] Application time: 0.5874039 seconds
[2019-01-14T13:03:46.114+0000][3941][safepoint    ] Total time for which application threads were stopped: 0.1710980 seconds, Stopping threads took: 0.0886036 seconds
[2019-01-14T13:03:46.899+0000][3941][safepoint    ] Application time: 0.2410326 seconds
[2019-01-14T13:03:47.339+0000][3941][safepoint    ] Total time for which application threads were stopped: 0.4250321 seconds, Stopping threads took: 0.0051305 seconds
[2019-01-14T13:03:48.379+0000][3941][safepoint    ] Application time: 1.0277058 seconds
[2019-01-14T13:03:48.495+0000][3941][safepoint    ] Total time for which application threads were stopped: 0.1125728 seconds, Stopping threads took: 0.0513284 seconds
[2019-01-14T13:03:50.530+0000][3941][safepoint    ] Application time: 2.0206658 seconds
[2019-01-14T13:03:50.665+0000][3941][safepoint    ] Total time for which application threads were stopped: 0.1086606 seconds, Stopping threads took: 0.0224323 seconds
[2019-01-14T13:03:51.741+0000][3941][safepoint    ] Application time: 1.0423363 seconds
[2019-01-14T13:03:51.952+0000][3941][safepoint    ] Total time for which application threads were stopped: 0.1738275 seconds, Stopping threads took: 0.1527828 seconds
[2019-01-14T13:03:53.966+0000][3941][safepoint    ] Application time: 2.0042439 seconds
[2019-01-14T13:03:54.148+0000][3941][safepoint    ] Total time for which application threads were stopped: 0.1535574 seconds, Stopping threads took: 0.0887658 seconds
[2019-01-14T13:03:54.702+0000][3941][safepoint    ] Application time: 0.5473752 seconds
[2019-01-14T13:03:54.708+0000][3941][safepoint    ] Total time for which application threads were stopped: 0.0031101 seconds, Stopping threads took: 0.0002345 seconds
[2019-01-14T13:03:54.708+0000][3941][safepoint    ] Application time: 0.0001042 seconds
[2019-01-14T13:03:54.708+0000][3941][safepoint    ] Total time for which application threads were stopped: 0.0000503 seconds, Stopping threads took: 0.0000052 seconds
[2019-01-14T13:03:54.713+0000][3941][safepoint    ] Application time: 0.0046924 seconds
[2019-01-14T13:03:54.713+0000][3941][safepoint    ] Total time for which application threads were stopped: 0.0000675 seconds, Stopping threads took: 0.0000092 seconds
[2019-01-14T13:03:54.713+0000][3941][safepoint    ] Application time: 0.0000764 seconds
[2019-01-14T13:03:54.713+0000][3941][safepoint    ] Total time for which application threads were stopped: 0.0000344 seconds, Stopping threads took: 0.0000040 seconds
[2019-01-14T13:03:54.714+0000][3941][safepoint    ] Application time: 0.0012354 seconds
[2019-01-14T13:03:54.714+0000][3941][safepoint    ] Total time for which application threads were stopped: 0.0000887 seconds, Stopping threads took: 0.0000489 seconds
[2019-01-14T13:03:54.717+0000][3941][safepoint    ] Application time: 0.0024239 seconds
[2019-01-14T13:03:54.717+0000][3941][safepoint    ] Total time for which application threads were stopped: 0.0000429 seconds, Stopping threads took: 0.0000046 seconds
[2019-01-14T13:03:54.718+0000][3941][safepoint    ] Application time: 0.0006678 seconds
[2019-01-14T13:03:54.718+0000][3941][safepoint    ] Total time for which application threads were stopped: 0.0000850 seconds, Stopping threads took: 0.0000380 seconds
[2019-01-14T13:03:54.718+0000][3941][safepoint    ] Application time: 0.0000671 seconds
[2019-01-14T13:03:54.718+0000][3941][safepoint    ] Total time for which application threads were stopped: 0.0000335 seconds, Stopping threads took: 0.0000043 seconds
[2019-01-14T13:03:58.881+0000][3941][safepoint    ] Application time: 4.1558117 seconds
[2019-01-14T13:03:58.927+0000][3941][safepoint    ] Total time for which application threads were stopped: 0.0310233 seconds, Stopping threads took: 0.0117042 seconds
[2019-01-14T13:04:11.560+0000][3941][safepoint    ] Application time: 12.6138403 seconds
[2019-01-14T13:04:11.621+0000][3941][safepoint    ] Total time for which application threads were stopped: 0.0305031 seconds, Stopping threads took: 0.0128807 seconds
[2019-01-14T13:04:12.739+0000][3941][safepoint    ] Application time: 1.0764089 seconds
[2019-01-14T13:04:12.822+0000][3941][safepoint    ] Total time for which application threads were stopped: 0.0370982 seconds, Stopping threads took: 0.0064576 seconds
[2019-01-14T13:04:17.259+0000][3941][safepoint    ] Application time: 4.1440740 seconds
[2019-01-14T13:04:17.790+0000][3941][safepoint    ] Total time for which application threads were stopped: 0.3296743 seconds, Stopping threads took: 0.1677524 seconds
[2019-01-14T13:04:27.582+0000][3941][safepoint    ] Application time: 9.4531091 seconds
[2019-01-14T13:04:28.107+0000][3941][safepoint    ] Total time for which application threads were stopped: 0.2668940 seconds, Stopping threads took: 0.2605460 seconds
[2019-01-14T13:04:31.489+0000][3941][safepoint    ] Application time: 3.0375550 seconds
[2019-01-14T13:04:31.540+0000][3941][safepoint    ] Total time for which application threads were stopped: 0.0201855 seconds, Stopping threads took: 0.0035888 seconds
