[2019-01-14T12:47:30.143+0000][2866][gc] Using Concurrent Mark Sweep
[2019-01-14T12:47:30.144+0000][2866][gc,heap,coops] Heap address: 0x00000000f0000000, size: 256 MB, Compressed Oops mode: 32-bit
[2019-01-14T12:47:30.728+0000][2866][safepoint    ] Total time for which application threads were stopped: 0.0894354 seconds, Stopping threads took: 0.0784135 seconds
[2019-01-14T12:47:30.760+0000][2866][safepoint    ] Application time: 0.0310247 seconds
[2019-01-14T12:47:30.760+0000][2866][safepoint    ] Total time for which application threads were stopped: 0.0000494 seconds, Stopping threads took: 0.0000079 seconds
[2019-01-14T12:47:30.801+0000][2866][safepoint    ] Application time: 0.0408975 seconds
[2019-01-14T12:47:30.802+0000][2866][safepoint    ] Total time for which application threads were stopped: 0.0005282 seconds, Stopping threads took: 0.0004705 seconds
[2019-01-14T12:47:31.438+0000][2866][safepoint    ] Application time: 0.6360542 seconds
[2019-01-14T12:47:31.438+0000][2866][safepoint    ] Total time for which application threads were stopped: 0.0006521 seconds, Stopping threads took: 0.0000030 seconds
[2019-01-14T12:47:31.777+0000][2866][safepoint    ] Application time: 0.3388678 seconds
[2019-01-14T12:47:31.777+0000][2866][safepoint    ] Total time for which application threads were stopped: 0.0000559 seconds, Stopping threads took: 0.0000038 seconds
[2019-01-14T12:47:31.919+0000][2866][safepoint    ] Application time: 0.1420439 seconds
[2019-01-14T12:47:31.920+0000][2866][safepoint    ] Total time for which application threads were stopped: 0.0000527 seconds, Stopping threads took: 0.0000026 seconds
[2019-01-14T12:47:32.920+0000][2866][safepoint    ] Application time: 1.0002461 seconds
[2019-01-14T12:47:32.996+0000][2866][safepoint    ] Total time for which application threads were stopped: 0.0766088 seconds, Stopping threads took: 0.0765123 seconds
[2019-01-14T12:47:33.150+0000][2866][safepoint    ] Application time: 0.1532116 seconds
[2019-01-14T12:47:33.150+0000][2866][safepoint    ] Total time for which application threads were stopped: 0.0001021 seconds, Stopping threads took: 0.0000026 seconds
[2019-01-14T12:47:33.332+0000][2866][safepoint    ] Application time: 0.1819532 seconds
[2019-01-14T12:47:33.332+0000][2866][safepoint    ] Total time for which application threads were stopped: 0.0001826 seconds, Stopping threads took: 0.0000422 seconds
[2019-01-14T12:47:33.679+0000][2866][safepoint    ] Application time: 0.3465153 seconds
[2019-01-14T12:47:33.679+0000][2866][safepoint    ] Total time for which application threads were stopped: 0.0001865 seconds, Stopping threads took: 0.0000731 seconds
[2019-01-14T12:47:34.510+0000][2866][safepoint    ] Application time: 0.8308936 seconds
[2019-01-14T12:47:34.510+0000][2866][safepoint    ] Total time for which application threads were stopped: 0.0002226 seconds, Stopping threads took: 0.0000029 seconds
[2019-01-14T12:47:35.186+0000][2866][safepoint    ] Application time: 0.6758517 seconds
[2019-01-14T12:47:35.186+0000][2866][safepoint    ] Total time for which application threads were stopped: 0.0002089 seconds, Stopping threads took: 0.0000092 seconds
[2019-01-14T12:47:35.186+0000][2866][safepoint    ] Application time: 0.0001267 seconds
[2019-01-14T12:47:35.186+0000][2866][safepoint    ] Total time for which application threads were stopped: 0.0001137 seconds, Stopping threads took: 0.0000316 seconds
[2019-01-14T12:47:35.677+0000][2866][safepoint    ] Application time: 0.4904743 seconds
[2019-01-14T12:47:35.677+0000][2866][safepoint    ] Total time for which application threads were stopped: 0.0001586 seconds, Stopping threads took: 0.0000033 seconds
[2019-01-14T12:47:35.695+0000][2866][safepoint    ] Application time: 0.0177046 seconds
[2019-01-14T12:47:35.695+0000][2866][safepoint    ] Total time for which application threads were stopped: 0.0001602 seconds, Stopping threads took: 0.0000031 seconds
[2019-01-14T12:47:35.741+0000][2866][safepoint    ] Application time: 0.0457750 seconds
[2019-01-14T12:47:35.743+0000][2866][safepoint    ] Total time for which application threads were stopped: 0.0023749 seconds, Stopping threads took: 0.0022597 seconds
[2019-01-14T12:47:35.743+0000][2866][safepoint    ] Application time: 0.0001417 seconds
[2019-01-14T12:47:35.743+0000][2866][safepoint    ] Total time for which application threads were stopped: 0.0000546 seconds, Stopping threads took: 0.0000223 seconds
[2019-01-14T12:47:35.745+0000][2866][safepoint    ] Application time: 0.0011120 seconds
[2019-01-14T12:47:35.745+0000][2866][safepoint    ] Total time for which application threads were stopped: 0.0006164 seconds, Stopping threads took: 0.0005775 seconds
[2019-01-14T12:47:35.749+0000][2866][safepoint    ] Application time: 0.0033736 seconds
[2019-01-14T12:47:35.749+0000][2866][safepoint    ] Total time for which application threads were stopped: 0.0000251 seconds, Stopping threads took: 0.0000035 seconds
[2019-01-14T12:47:35.776+0000][2866][safepoint    ] Application time: 0.0272663 seconds
[2019-01-14T12:47:35.776+0000][2866][safepoint    ] Total time for which application threads were stopped: 0.0000958 seconds, Stopping threads took: 0.0000729 seconds
[2019-01-14T12:47:36.063+0000][2866][safepoint    ] Application time: 0.2870183 seconds
[2019-01-14T12:47:36.064+0000][2866][safepoint    ] Total time for which application threads were stopped: 0.0006243 seconds, Stopping threads took: 0.0000034 seconds
[2019-01-14T12:47:36.272+0000][2866][safepoint    ] Application time: 0.2079473 seconds
[2019-01-14T12:47:36.272+0000][2866][safepoint    ] Total time for which application threads were stopped: 0.0002220 seconds, Stopping threads took: 0.0000413 seconds
[2019-01-14T12:47:36.370+0000][2866][safepoint    ] Application time: 0.0980380 seconds
[2019-01-14T12:47:36.370+0000][2866][safepoint    ] Total time for which application threads were stopped: 0.0000536 seconds, Stopping threads took: 0.0000036 seconds
[2019-01-14T12:47:36.402+0000][2866][safepoint    ] Application time: 0.0318274 seconds
[2019-01-14T12:47:36.402+0000][2866][safepoint    ] Total time for which application threads were stopped: 0.0002179 seconds, Stopping threads took: 0.0000036 seconds
[2019-01-14T12:47:36.422+0000][2866][safepoint    ] Application time: 0.0200745 seconds
[2019-01-14T12:47:36.422+0000][2866][gc,start     ] GC(0) Pause Initial Mark
[2019-01-14T12:47:36.434+0000][2866][gc           ] GC(0) Pause Initial Mark 68M->68M(247M) 11.277ms
[2019-01-14T12:47:36.434+0000][2866][gc,cpu       ] GC(0) User=0.02s Sys=0.00s Real=0.01s
[2019-01-14T12:47:36.434+0000][2866][safepoint    ] Total time for which application threads were stopped: 0.0114065 seconds, Stopping threads took: 0.0000038 seconds
[2019-01-14T12:47:36.434+0000][2866][gc           ] GC(0) Concurrent Mark
[2019-01-14T12:47:36.435+0000][2866][gc           ] GC(0) Concurrent Mark 0.789ms
[2019-01-14T12:47:36.435+0000][2866][gc,cpu       ] GC(0) User=0.00s Sys=0.00s Real=0.00s
[2019-01-14T12:47:36.435+0000][2866][gc           ] GC(0) Concurrent Preclean
[2019-01-14T12:47:36.442+0000][2866][gc           ] GC(0) Concurrent Preclean 7.463ms
[2019-01-14T12:47:36.442+0000][2866][gc,cpu       ] GC(0) User=0.01s Sys=0.00s Real=0.01s
[2019-01-14T12:47:36.442+0000][2866][gc           ] GC(0) Concurrent Abortable Preclean
[2019-01-14T12:47:36.457+0000][2866][safepoint    ] Application time: 0.0228011 seconds
[2019-01-14T12:47:36.457+0000][2866][gc,start     ] GC(1) Pause Young (Allocation Failure)
[2019-01-14T12:47:36.457+0000][2866][gc,task      ] GC(1) Using 2 workers of 2 for evacuation
[2019-01-14T12:47:36.465+0000][2866][gc,age       ] GC(1) Desired survivor size 4456448 bytes, new threshold 1 (max threshold 6)
[2019-01-14T12:47:36.465+0000][2866][gc,age       ] GC(1) Age table with threshold 1 (max threshold 6)
[2019-01-14T12:47:36.465+0000][2866][gc,age       ] GC(1) - age   1:    6449928 bytes,    6449928 total
[2019-01-14T12:47:36.466+0000][2866][gc,heap      ] GC(1) ParNew: 69952K->6350K(78656K)
[2019-01-14T12:47:36.466+0000][2866][gc,heap      ] GC(1) CMS: 0K->0K(174784K)
[2019-01-14T12:47:36.466+0000][2866][gc,metaspace ] GC(1) Metaspace: 21605K->21605K(1069056K)
[2019-01-14T12:47:36.466+0000][2866][gc           ] GC(1) Pause Young (Allocation Failure) 68M->6M(247M) 9.385ms
[2019-01-14T12:47:36.466+0000][2866][gc,cpu       ] GC(1) User=0.02s Sys=0.00s Real=0.01s
[2019-01-14T12:47:36.466+0000][2866][safepoint    ] Total time for which application threads were stopped: 0.0097540 seconds, Stopping threads took: 0.0000035 seconds
[2019-01-14T12:47:36.475+0000][2866][safepoint    ] Application time: 0.0089090 seconds
[2019-01-14T12:47:36.475+0000][2866][safepoint    ] Total time for which application threads were stopped: 0.0000684 seconds, Stopping threads took: 0.0000034 seconds
[2019-01-14T12:47:36.476+0000][2866][safepoint    ] Application time: 0.0002327 seconds
[2019-01-14T12:47:36.476+0000][2866][safepoint    ] Total time for which application threads were stopped: 0.0002297 seconds, Stopping threads took: 0.0000014 seconds
[2019-01-14T12:47:36.477+0000][2866][safepoint    ] Application time: 0.0011243 seconds
[2019-01-14T12:47:36.477+0000][2866][safepoint    ] Total time for which application threads were stopped: 0.0001197 seconds, Stopping threads took: 0.0000026 seconds
[2019-01-14T12:47:36.523+0000][2866][safepoint    ] Application time: 0.0458116 seconds
[2019-01-14T12:47:36.523+0000][2866][safepoint    ] Total time for which application threads were stopped: 0.0002054 seconds, Stopping threads took: 0.0000157 seconds
[2019-01-14T12:47:36.723+0000][2866][safepoint    ] Application time: 0.1998122 seconds
[2019-01-14T12:47:36.723+0000][2866][safepoint    ] Total time for which application threads were stopped: 0.0004105 seconds, Stopping threads took: 0.0000340 seconds
[2019-01-14T12:47:37.241+0000][2866][safepoint    ] Application time: 0.5172435 seconds
[2019-01-14T12:47:37.241+0000][2866][safepoint    ] Total time for which application threads were stopped: 0.0002319 seconds, Stopping threads took: 0.0000042 seconds
[2019-01-14T12:47:37.336+0000][2866][safepoint    ] Application time: 0.0945723 seconds
[2019-01-14T12:47:37.336+0000][2866][safepoint    ] Total time for which application threads were stopped: 0.0001759 seconds, Stopping threads took: 0.0000049 seconds
[2019-01-14T12:47:37.336+0000][2866][gc           ] GC(0) Concurrent Abortable Preclean 893.637ms
[2019-01-14T12:47:37.336+0000][2866][gc,cpu       ] GC(0) User=0.64s Sys=0.11s Real=0.89s
[2019-01-14T12:47:37.336+0000][2866][safepoint    ] Application time: 0.0001629 seconds
[2019-01-14T12:47:37.336+0000][2866][gc,start     ] GC(0) Pause Remark
[2019-01-14T12:47:37.353+0000][2866][gc           ] GC(0) Pause Remark 42M->42M(247M) 16.866ms
[2019-01-14T12:47:37.353+0000][2866][gc,cpu       ] GC(0) User=0.02s Sys=0.01s Real=0.02s
[2019-01-14T12:47:37.353+0000][2866][safepoint    ] Total time for which application threads were stopped: 0.0169857 seconds, Stopping threads took: 0.0000472 seconds
[2019-01-14T12:47:37.353+0000][2866][gc           ] GC(0) Concurrent Sweep
[2019-01-14T12:47:37.353+0000][2866][gc           ] GC(0) Concurrent Sweep 0.050ms
[2019-01-14T12:47:37.353+0000][2866][gc,cpu       ] GC(0) User=0.00s Sys=0.00s Real=0.00s
[2019-01-14T12:47:37.353+0000][2866][gc           ] GC(0) Concurrent Reset
[2019-01-14T12:47:37.353+0000][2866][gc           ] GC(0) Concurrent Reset 0.164ms
[2019-01-14T12:47:37.353+0000][2866][gc,cpu       ] GC(0) User=0.00s Sys=0.00s Real=0.00s
[2019-01-14T12:47:37.353+0000][2866][gc,heap      ] GC(0) Old: 0K->0K(174784K)
[2019-01-14T12:47:37.614+0000][2866][safepoint    ] Application time: 0.2613112 seconds
[2019-01-14T12:47:37.614+0000][2866][gc,start     ] GC(2) Pause Young (Allocation Failure)
[2019-01-14T12:47:37.614+0000][2866][gc,task      ] GC(2) Using 2 workers of 2 for evacuation
[2019-01-14T12:47:37.651+0000][2866][gc,age       ] GC(2) Desired survivor size 4456448 bytes, new threshold 6 (max threshold 6)
[2019-01-14T12:47:37.651+0000][2866][gc,age       ] GC(2) Age table with threshold 6 (max threshold 6)
[2019-01-14T12:47:37.651+0000][2866][gc,age       ] GC(2) - age   1:    1723056 bytes,    1723056 total
[2019-01-14T12:47:37.651+0000][2866][gc,heap      ] GC(2) ParNew: 76302K->4244K(78656K)
[2019-01-14T12:47:37.651+0000][2866][gc,heap      ] GC(2) CMS: 0K->6899K(174784K)
[2019-01-14T12:47:37.651+0000][2866][gc,metaspace ] GC(2) Metaspace: 23009K->23009K(1071104K)
[2019-01-14T12:47:37.651+0000][2866][gc           ] GC(2) Pause Young (Allocation Failure) 74M->10M(247M) 36.736ms
[2019-01-14T12:47:37.651+0000][2866][gc,cpu       ] GC(2) User=0.04s Sys=0.02s Real=0.04s
[2019-01-14T12:47:37.651+0000][2866][safepoint    ] Total time for which application threads were stopped: 0.0369016 seconds, Stopping threads took: 0.0000034 seconds
[2019-01-14T12:47:38.104+0000][2866][safepoint    ] Application time: 0.4530912 seconds
[2019-01-14T12:47:38.104+0000][2866][gc,start     ] GC(3) Pause Young (Allocation Failure)
[2019-01-14T12:47:38.104+0000][2866][gc,task      ] GC(3) Using 2 workers of 2 for evacuation
[2019-01-14T12:47:38.106+0000][2866][gc,age       ] GC(3) Desired survivor size 4456448 bytes, new threshold 6 (max threshold 6)
[2019-01-14T12:47:38.106+0000][2866][gc,age       ] GC(3) Age table with threshold 6 (max threshold 6)
[2019-01-14T12:47:38.106+0000][2866][gc,age       ] GC(3) - age   1:     826488 bytes,     826488 total
[2019-01-14T12:47:38.106+0000][2866][gc,age       ] GC(3) - age   2:     418528 bytes,    1245016 total
[2019-01-14T12:47:38.106+0000][2866][gc,heap      ] GC(3) ParNew: 74196K->2222K(78656K)
[2019-01-14T12:47:38.106+0000][2866][gc,heap      ] GC(3) CMS: 6899K->6899K(174784K)
[2019-01-14T12:47:38.106+0000][2866][gc,metaspace ] GC(3) Metaspace: 23125K->23125K(1071104K)
[2019-01-14T12:47:38.106+0000][2866][gc           ] GC(3) Pause Young (Allocation Failure) 79M->8M(247M) 1.650ms
[2019-01-14T12:47:38.106+0000][2866][gc,cpu       ] GC(3) User=0.00s Sys=0.00s Real=0.00s
[2019-01-14T12:47:38.106+0000][2866][safepoint    ] Total time for which application threads were stopped: 0.0017534 seconds, Stopping threads took: 0.0000105 seconds
[2019-01-14T12:47:38.106+0000][2866][safepoint    ] Application time: 0.0001312 seconds
[2019-01-14T12:47:38.106+0000][2866][safepoint    ] Total time for which application threads were stopped: 0.0000716 seconds, Stopping threads took: 0.0000086 seconds
[2019-01-14T12:47:38.106+0000][2866][safepoint    ] Application time: 0.0000148 seconds
[2019-01-14T12:47:38.106+0000][2866][safepoint    ] Total time for which application threads were stopped: 0.0000398 seconds, Stopping threads took: 0.0000008 seconds
[2019-01-14T12:47:38.106+0000][2866][safepoint    ] Application time: 0.0000206 seconds
[2019-01-14T12:47:38.106+0000][2866][safepoint    ] Total time for which application threads were stopped: 0.0000285 seconds, Stopping threads took: 0.0000006 seconds
[2019-01-14T12:47:38.106+0000][2866][safepoint    ] Application time: 0.0000121 seconds
[2019-01-14T12:47:38.106+0000][2866][safepoint    ] Total time for which application threads were stopped: 0.0000268 seconds, Stopping threads took: 0.0000006 seconds
[2019-01-14T12:47:38.106+0000][2866][safepoint    ] Application time: 0.0000144 seconds
[2019-01-14T12:47:38.107+0000][2866][safepoint    ] Total time for which application threads were stopped: 0.0000258 seconds, Stopping threads took: 0.0000006 seconds
[2019-01-14T12:47:38.107+0000][2866][safepoint    ] Application time: 0.0000118 seconds
[2019-01-14T12:47:38.107+0000][2866][safepoint    ] Total time for which application threads were stopped: 0.0000256 seconds, Stopping threads took: 0.0000006 seconds
[2019-01-14T12:47:38.107+0000][2866][safepoint    ] Application time: 0.0000140 seconds
[2019-01-14T12:47:38.107+0000][2866][safepoint    ] Total time for which application threads were stopped: 0.0000287 seconds, Stopping threads took: 0.0000006 seconds
[2019-01-14T12:47:38.107+0000][2866][safepoint    ] Application time: 0.0000121 seconds
[2019-01-14T12:47:38.107+0000][2866][safepoint    ] Total time for which application threads were stopped: 0.0000448 seconds, Stopping threads took: 0.0000006 seconds
[2019-01-14T12:47:38.625+0000][2866][safepoint    ] Application time: 0.5178455 seconds
[2019-01-14T12:47:38.625+0000][2866][safepoint    ] Total time for which application threads were stopped: 0.0002776 seconds, Stopping threads took: 0.0000047 seconds
[2019-01-14T12:47:38.761+0000][2866][safepoint    ] Application time: 0.1363270 seconds
[2019-01-14T12:47:38.762+0000][2866][safepoint    ] Total time for which application threads were stopped: 0.0011997 seconds, Stopping threads took: 0.0008910 seconds
[2019-01-14T12:47:39.499+0000][2866][safepoint    ] Application time: 0.7365159 seconds
[2019-01-14T12:47:39.499+0000][2866][gc,start     ] GC(4) Pause Young (Allocation Failure)
[2019-01-14T12:47:39.499+0000][2866][gc,task      ] GC(4) Using 2 workers of 2 for evacuation
[2019-01-14T12:47:39.506+0000][2866][gc,age       ] GC(4) Desired survivor size 4456448 bytes, new threshold 6 (max threshold 6)
[2019-01-14T12:47:39.506+0000][2866][gc,age       ] GC(4) Age table with threshold 6 (max threshold 6)
[2019-01-14T12:47:39.506+0000][2866][gc,age       ] GC(4) - age   1:    2665408 bytes,    2665408 total
[2019-01-14T12:47:39.506+0000][2866][gc,age       ] GC(4) - age   2:     813328 bytes,    3478736 total
[2019-01-14T12:47:39.506+0000][2866][gc,age       ] GC(4) - age   3:     417952 bytes,    3896688 total
[2019-01-14T12:47:39.506+0000][2866][gc,heap      ] GC(4) ParNew: 72174K->4039K(78656K)
[2019-01-14T12:47:39.506+0000][2866][gc,heap      ] GC(4) CMS: 6899K->6899K(174784K)
[2019-01-14T12:47:39.506+0000][2866][gc,metaspace ] GC(4) Metaspace: 25849K->25849K(1073152K)
[2019-01-14T12:47:39.506+0000][2866][gc           ] GC(4) Pause Young (Allocation Failure) 77M->10M(247M) 6.737ms
[2019-01-14T12:47:39.506+0000][2866][gc,cpu       ] GC(4) User=0.01s Sys=0.00s Real=0.01s
[2019-01-14T12:47:39.506+0000][2866][safepoint    ] Total time for which application threads were stopped: 0.0068635 seconds, Stopping threads took: 0.0000114 seconds
[2019-01-14T12:47:39.507+0000][2866][safepoint    ] Application time: 0.0008066 seconds
[2019-01-14T12:47:39.507+0000][2866][safepoint    ] Total time for which application threads were stopped: 0.0001134 seconds, Stopping threads took: 0.0000198 seconds
[2019-01-14T12:47:39.507+0000][2866][safepoint    ] Application time: 0.0000224 seconds
[2019-01-14T12:47:39.507+0000][2866][safepoint    ] Total time for which application threads were stopped: 0.0000433 seconds, Stopping threads took: 0.0000008 seconds
[2019-01-14T12:47:39.507+0000][2866][safepoint    ] Application time: 0.0000331 seconds
[2019-01-14T12:47:39.507+0000][2866][safepoint    ] Total time for which application threads were stopped: 0.0000604 seconds, Stopping threads took: 0.0000012 seconds
[2019-01-14T12:47:39.507+0000][2866][safepoint    ] Application time: 0.0000129 seconds
[2019-01-14T12:47:39.507+0000][2866][safepoint    ] Total time for which application threads were stopped: 0.0000260 seconds, Stopping threads took: 0.0000007 seconds
[2019-01-14T12:47:39.507+0000][2866][safepoint    ] Application time: 0.0000164 seconds
[2019-01-14T12:47:39.507+0000][2866][safepoint    ] Total time for which application threads were stopped: 0.0001566 seconds, Stopping threads took: 0.0000963 seconds
[2019-01-14T12:47:39.507+0000][2866][safepoint    ] Application time: 0.0000293 seconds
[2019-01-14T12:47:39.507+0000][2866][safepoint    ] Total time for which application threads were stopped: 0.0000445 seconds, Stopping threads took: 0.0000010 seconds
[2019-01-14T12:47:39.508+0000][2866][safepoint    ] Application time: 0.0002195 seconds
[2019-01-14T12:47:39.508+0000][2866][safepoint    ] Total time for which application threads were stopped: 0.0000455 seconds, Stopping threads took: 0.0000026 seconds
[2019-01-14T12:47:39.508+0000][2866][safepoint    ] Application time: 0.0000179 seconds
[2019-01-14T12:47:39.508+0000][2866][safepoint    ] Total time for which application threads were stopped: 0.0000234 seconds, Stopping threads took: 0.0000008 seconds
[2019-01-14T12:47:39.547+0000][2866][safepoint    ] Application time: 0.0392358 seconds
[2019-01-14T12:47:39.547+0000][2866][safepoint    ] Total time for which application threads were stopped: 0.0000799 seconds, Stopping threads took: 0.0000046 seconds
[2019-01-14T12:47:40.057+0000][2866][safepoint    ] Application time: 0.5096210 seconds
[2019-01-14T12:47:40.057+0000][2866][gc,start     ] GC(5) Pause Young (Allocation Failure)
[2019-01-14T12:47:40.057+0000][2866][gc,task      ] GC(5) Using 2 workers of 2 for evacuation
[2019-01-14T12:47:40.065+0000][2866][gc,age       ] GC(5) Desired survivor size 4456448 bytes, new threshold 2 (max threshold 6)
[2019-01-14T12:47:40.065+0000][2866][gc,age       ] GC(5) Age table with threshold 2 (max threshold 6)
[2019-01-14T12:47:40.065+0000][2866][gc,age       ] GC(5) - age   1:    1950680 bytes,    1950680 total
[2019-01-14T12:47:40.065+0000][2866][gc,age       ] GC(5) - age   2:    2636216 bytes,    4586896 total
[2019-01-14T12:47:40.065+0000][2866][gc,age       ] GC(5) - age   3:     813328 bytes,    5400224 total
[2019-01-14T12:47:40.065+0000][2866][gc,age       ] GC(5) - age   4:     417728 bytes,    5817952 total
[2019-01-14T12:47:40.065+0000][2866][gc,heap      ] GC(5) ParNew: 73991K->7050K(78656K)
[2019-01-14T12:47:40.065+0000][2866][gc,heap      ] GC(5) CMS: 6899K->6899K(174784K)
[2019-01-14T12:47:40.065+0000][2866][gc,metaspace ] GC(5) Metaspace: 26844K->26844K(1075200K)
[2019-01-14T12:47:40.065+0000][2866][gc           ] GC(5) Pause Young (Allocation Failure) 78M->13M(247M) 7.894ms
[2019-01-14T12:47:40.065+0000][2866][gc,cpu       ] GC(5) User=0.00s Sys=0.01s Real=0.01s
[2019-01-14T12:47:40.065+0000][2866][safepoint    ] Total time for which application threads were stopped: 0.0079873 seconds, Stopping threads took: 0.0000038 seconds
[2019-01-14T12:47:40.203+0000][2866][safepoint    ] Application time: 0.1381815 seconds
[2019-01-14T12:47:40.203+0000][2866][safepoint    ] Total time for which application threads were stopped: 0.0003300 seconds, Stopping threads took: 0.0000114 seconds
[2019-01-14T12:47:40.393+0000][2866][safepoint    ] Application time: 0.1899768 seconds
[2019-01-14T12:47:40.393+0000][2866][gc,start     ] GC(6) Pause Young (Allocation Failure)
[2019-01-14T12:47:40.393+0000][2866][gc,task      ] GC(6) Using 2 workers of 2 for evacuation
[2019-01-14T12:47:40.403+0000][2866][gc,age       ] GC(6) Desired survivor size 4456448 bytes, new threshold 6 (max threshold 6)
[2019-01-14T12:47:40.403+0000][2866][gc,age       ] GC(6) Age table with threshold 6 (max threshold 6)
[2019-01-14T12:47:40.403+0000][2866][gc,age       ] GC(6) - age   1:    3366056 bytes,    3366056 total
[2019-01-14T12:47:40.403+0000][2866][gc,age       ] GC(6) - age   2:     330536 bytes,    3696592 total
[2019-01-14T12:47:40.403+0000][2866][gc,heap      ] GC(6) ParNew: 77002K->4966K(78656K)
[2019-01-14T12:47:40.403+0000][2866][gc,heap      ] GC(6) CMS: 6899K->10711K(174784K)
[2019-01-14T12:47:40.403+0000][2866][gc,metaspace ] GC(6) Metaspace: 27087K->27087K(1075200K)
[2019-01-14T12:47:40.403+0000][2866][gc           ] GC(6) Pause Young (Allocation Failure) 81M->15M(247M) 9.539ms
[2019-01-14T12:47:40.403+0000][2866][gc,cpu       ] GC(6) User=0.02s Sys=0.00s Real=0.01s
[2019-01-14T12:47:40.403+0000][2866][safepoint    ] Total time for which application threads were stopped: 0.0096501 seconds, Stopping threads took: 0.0000242 seconds
[2019-01-14T12:47:40.655+0000][2866][safepoint    ] Application time: 0.2515247 seconds
[2019-01-14T12:47:40.657+0000][2866][gc,start     ] GC(7) Pause Young (Allocation Failure)
[2019-01-14T12:47:40.658+0000][2866][gc,task      ] GC(7) Using 2 workers of 2 for evacuation
[2019-01-14T12:47:40.672+0000][2866][gc,age       ] GC(7) Desired survivor size 4456448 bytes, new threshold 3 (max threshold 6)
[2019-01-14T12:47:40.672+0000][2866][gc,age       ] GC(7) Age table with threshold 3 (max threshold 6)
[2019-01-14T12:47:40.672+0000][2866][gc,age       ] GC(7) - age   1:    2376288 bytes,    2376288 total
[2019-01-14T12:47:40.672+0000][2866][gc,age       ] GC(7) - age   2:    1822312 bytes,    4198600 total
[2019-01-14T12:47:40.672+0000][2866][gc,age       ] GC(7) - age   3:     330408 bytes,    4529008 total
[2019-01-14T12:47:40.672+0000][2866][gc,heap      ] GC(7) ParNew: 74918K->7898K(78656K)
[2019-01-14T12:47:40.672+0000][2866][gc,heap      ] GC(7) CMS: 10711K->10711K(174784K)
[2019-01-14T12:47:40.672+0000][2866][gc,metaspace ] GC(7) Metaspace: 27332K->27332K(1075200K)
[2019-01-14T12:47:40.672+0000][2866][gc           ] GC(7) Pause Young (Allocation Failure) 83M->18M(247M) 14.371ms
[2019-01-14T12:47:40.672+0000][2866][gc,cpu       ] GC(7) User=0.01s Sys=0.00s Real=0.02s
[2019-01-14T12:47:40.672+0000][2866][safepoint    ] Total time for which application threads were stopped: 0.0145581 seconds, Stopping threads took: 0.0000101 seconds
[2019-01-14T12:47:40.871+0000][2866][safepoint    ] Application time: 0.1995430 seconds
[2019-01-14T12:47:40.872+0000][2866][gc,start     ] GC(8) Pause Young (Allocation Failure)
[2019-01-14T12:47:40.872+0000][2866][gc,task      ] GC(8) Using 2 workers of 2 for evacuation
[2019-01-14T12:47:40.880+0000][2866][gc,age       ] GC(8) Desired survivor size 4456448 bytes, new threshold 3 (max threshold 6)
[2019-01-14T12:47:40.881+0000][2866][gc,age       ] GC(8) Age table with threshold 3 (max threshold 6)
[2019-01-14T12:47:40.881+0000][2866][gc,age       ] GC(8) - age   1:    2158312 bytes,    2158312 total
[2019-01-14T12:47:40.881+0000][2866][gc,age       ] GC(8) - age   2:     806232 bytes,    2964544 total
[2019-01-14T12:47:40.881+0000][2866][gc,age       ] GC(8) - age   3:    1822312 bytes,    4786856 total
[2019-01-14T12:47:40.881+0000][2866][gc,heap      ] GC(8) ParNew: 77850K->5291K(78656K)
[2019-01-14T12:47:40.881+0000][2866][gc,heap      ] GC(8) CMS: 10711K->11048K(174784K)
[2019-01-14T12:47:40.881+0000][2866][gc,metaspace ] GC(8) Metaspace: 27623K->27623K(1075200K)
[2019-01-14T12:47:40.881+0000][2866][gc           ] GC(8) Pause Young (Allocation Failure) 86M->15M(247M) 9.165ms
[2019-01-14T12:47:40.881+0000][2866][gc,cpu       ] GC(8) User=0.01s Sys=0.01s Real=0.00s
[2019-01-14T12:47:40.881+0000][2866][safepoint    ] Total time for which application threads were stopped: 0.0092780 seconds, Stopping threads took: 0.0000114 seconds
[2019-01-14T12:47:41.376+0000][2866][safepoint    ] Application time: 0.4949164 seconds
[2019-01-14T12:47:41.376+0000][2866][gc,start     ] GC(9) Pause Young (Allocation Failure)
[2019-01-14T12:47:41.376+0000][2866][gc,task      ] GC(9) Using 2 workers of 2 for evacuation
[2019-01-14T12:47:41.383+0000][2866][gc,age       ] GC(9) Desired survivor size 4456448 bytes, new threshold 6 (max threshold 6)
[2019-01-14T12:47:41.383+0000][2866][gc,age       ] GC(9) Age table with threshold 6 (max threshold 6)
[2019-01-14T12:47:41.384+0000][2866][gc,age       ] GC(9) - age   1:     789048 bytes,     789048 total
[2019-01-14T12:47:41.384+0000][2866][gc,age       ] GC(9) - age   2:    1119808 bytes,    1908856 total
[2019-01-14T12:47:41.384+0000][2866][gc,age       ] GC(9) - age   3:     806040 bytes,    2714896 total
[2019-01-14T12:47:41.384+0000][2866][gc,heap      ] GC(9) ParNew: 75243K->6251K(78656K)
[2019-01-14T12:47:41.384+0000][2866][gc,heap      ] GC(9) CMS: 11048K->12839K(174784K)
[2019-01-14T12:47:41.384+0000][2866][gc,metaspace ] GC(9) Metaspace: 28630K->28630K(1075200K)
[2019-01-14T12:47:41.384+0000][2866][gc           ] GC(9) Pause Young (Allocation Failure) 84M->18M(247M) 7.907ms
[2019-01-14T12:47:41.384+0000][2866][gc,cpu       ] GC(9) User=0.00s Sys=0.01s Real=0.01s
[2019-01-14T12:47:41.384+0000][2866][safepoint    ] Total time for which application threads were stopped: 0.0080956 seconds, Stopping threads took: 0.0000070 seconds
[2019-01-14T12:47:41.384+0000][2866][safepoint    ] Application time: 0.0003040 seconds
[2019-01-14T12:47:41.384+0000][2866][safepoint    ] Total time for which application threads were stopped: 0.0001652 seconds, Stopping threads took: 0.0000249 seconds
[2019-01-14T12:47:41.384+0000][2866][safepoint    ] Application time: 0.0000366 seconds
[2019-01-14T12:47:41.384+0000][2866][safepoint    ] Total time for which application threads were stopped: 0.0000561 seconds, Stopping threads took: 0.0000113 seconds
[2019-01-14T12:47:41.385+0000][2866][safepoint    ] Application time: 0.0001963 seconds
[2019-01-14T12:47:41.385+0000][2866][safepoint    ] Total time for which application threads were stopped: 0.0000929 seconds, Stopping threads took: 0.0000133 seconds
[2019-01-14T12:47:41.385+0000][2866][safepoint    ] Application time: 0.0000529 seconds
[2019-01-14T12:47:41.385+0000][2866][safepoint    ] Total time for which application threads were stopped: 0.0000986 seconds, Stopping threads took: 0.0000558 seconds
[2019-01-14T12:47:41.385+0000][2866][safepoint    ] Application time: 0.0000673 seconds
[2019-01-14T12:47:41.385+0000][2866][safepoint    ] Total time for which application threads were stopped: 0.0000430 seconds, Stopping threads took: 0.0000236 seconds
[2019-01-14T12:47:41.385+0000][2866][safepoint    ] Application time: 0.0000299 seconds
[2019-01-14T12:47:41.385+0000][2866][safepoint    ] Total time for which application threads were stopped: 0.0000265 seconds, Stopping threads took: 0.0000100 seconds
[2019-01-14T12:47:41.385+0000][2866][safepoint    ] Application time: 0.0000316 seconds
[2019-01-14T12:47:41.385+0000][2866][safepoint    ] Total time for which application threads were stopped: 0.0000541 seconds, Stopping threads took: 0.0000322 seconds
[2019-01-14T12:47:41.385+0000][2866][safepoint    ] Application time: 0.0000322 seconds
[2019-01-14T12:47:41.385+0000][2866][safepoint    ] Total time for which application threads were stopped: 0.0000784 seconds, Stopping threads took: 0.0000301 seconds
[2019-01-14T12:47:41.385+0000][2866][safepoint    ] Application time: 0.0000309 seconds
[2019-01-14T12:47:41.386+0000][2866][safepoint    ] Total time for which application threads were stopped: 0.0001094 seconds, Stopping threads took: 0.0000887 seconds
[2019-01-14T12:47:41.386+0000][2866][safepoint    ] Application time: 0.0000630 seconds
[2019-01-14T12:47:41.386+0000][2866][safepoint    ] Total time for which application threads were stopped: 0.0000936 seconds, Stopping threads took: 0.0000684 seconds
[2019-01-14T12:47:41.386+0000][2866][safepoint    ] Application time: 0.0000471 seconds
[2019-01-14T12:47:41.386+0000][2866][safepoint    ] Total time for which application threads were stopped: 0.0000385 seconds, Stopping threads took: 0.0000128 seconds
[2019-01-14T12:47:41.386+0000][2866][safepoint    ] Application time: 0.0000317 seconds
[2019-01-14T12:47:41.386+0000][2866][safepoint    ] Total time for which application threads were stopped: 0.0000635 seconds, Stopping threads took: 0.0000390 seconds
[2019-01-14T12:47:41.386+0000][2866][safepoint    ] Application time: 0.0000280 seconds
[2019-01-14T12:47:41.386+0000][2866][safepoint    ] Total time for which application threads were stopped: 0.0002028 seconds, Stopping threads took: 0.0001835 seconds
[2019-01-14T12:47:41.562+0000][2866][safepoint    ] Application time: 0.1672083 seconds
[2019-01-14T12:47:41.562+0000][2866][gc,start     ] GC(10) Pause Young (Allocation Failure)
[2019-01-14T12:47:41.562+0000][2866][gc,task      ] GC(10) Using 2 workers of 2 for evacuation
[2019-01-14T12:47:41.565+0000][2866][gc,age       ] GC(10) Desired survivor size 4456448 bytes, new threshold 6 (max threshold 6)
[2019-01-14T12:47:41.565+0000][2866][gc,age       ] GC(10) Age table with threshold 6 (max threshold 6)
[2019-01-14T12:47:41.565+0000][2866][gc,age       ] GC(10) - age   1:     958936 bytes,     958936 total
[2019-01-14T12:47:41.565+0000][2866][gc,age       ] GC(10) - age   2:     774416 bytes,    1733352 total
[2019-01-14T12:47:41.565+0000][2866][gc,age       ] GC(10) - age   3:    1119808 bytes,    2853160 total
[2019-01-14T12:47:41.565+0000][2866][gc,age       ] GC(10) - age   4:     806040 bytes,    3659200 total
[2019-01-14T12:47:41.565+0000][2866][gc,heap      ] GC(10) ParNew: 76203K->4071K(78656K)
[2019-01-14T12:47:41.565+0000][2866][gc,heap      ] GC(10) CMS: 12839K->12839K(174784K)
[2019-01-14T12:47:41.565+0000][2866][gc,metaspace ] GC(10) Metaspace: 28643K->28643K(1075200K)
[2019-01-14T12:47:41.565+0000][2866][gc           ] GC(10) Pause Young (Allocation Failure) 86M->16M(247M) 2.846ms
[2019-01-14T12:47:41.565+0000][2866][gc,cpu       ] GC(10) User=0.01s Sys=0.01s Real=0.00s
[2019-01-14T12:47:41.565+0000][2866][safepoint    ] Total time for which application threads were stopped: 0.0029497 seconds, Stopping threads took: 0.0000164 seconds
[2019-01-14T12:47:41.579+0000][2866][safepoint    ] Application time: 0.0136384 seconds
[2019-01-14T12:47:41.579+0000][2866][safepoint    ] Total time for which application threads were stopped: 0.0001140 seconds, Stopping threads took: 0.0000158 seconds
[2019-01-14T12:47:41.717+0000][2866][safepoint    ] Application time: 0.1378270 seconds
[2019-01-14T12:47:41.717+0000][2866][gc,start     ] GC(11) Pause Young (Allocation Failure)
[2019-01-14T12:47:41.717+0000][2866][gc,task      ] GC(11) Using 2 workers of 2 for evacuation
[2019-01-14T12:47:41.720+0000][2866][gc,age       ] GC(11) Desired survivor size 4456448 bytes, new threshold 6 (max threshold 6)
[2019-01-14T12:47:41.720+0000][2866][gc,age       ] GC(11) Age table with threshold 6 (max threshold 6)
[2019-01-14T12:47:41.720+0000][2866][gc,age       ] GC(11) - age   1:     724600 bytes,     724600 total
[2019-01-14T12:47:41.720+0000][2866][gc,age       ] GC(11) - age   2:      96056 bytes,     820656 total
[2019-01-14T12:47:41.720+0000][2866][gc,age       ] GC(11) - age   3:     774304 bytes,    1594960 total
[2019-01-14T12:47:41.720+0000][2866][gc,age       ] GC(11) - age   4:    1119808 bytes,    2714768 total
[2019-01-14T12:47:41.720+0000][2866][gc,age       ] GC(11) - age   5:     806040 bytes,    3520808 total
[2019-01-14T12:47:41.720+0000][2866][gc,heap      ] GC(11) ParNew: 74023K->4783K(78656K)
[2019-01-14T12:47:41.720+0000][2866][gc,heap      ] GC(11) CMS: 12839K->12839K(174784K)
[2019-01-14T12:47:41.720+0000][2866][gc,metaspace ] GC(11) Metaspace: 28729K->28729K(1075200K)
[2019-01-14T12:47:41.720+0000][2866][gc           ] GC(11) Pause Young (Allocation Failure) 84M->17M(247M) 3.547ms
[2019-01-14T12:47:41.720+0000][2866][gc,cpu       ] GC(11) User=0.01s Sys=0.00s Real=0.00s
[2019-01-14T12:47:41.720+0000][2866][safepoint    ] Total time for which application threads were stopped: 0.0036403 seconds, Stopping threads took: 0.0000118 seconds
[2019-01-14T12:47:41.876+0000][2866][safepoint    ] Application time: 0.1557383 seconds
[2019-01-14T12:47:41.876+0000][2866][gc,start     ] GC(12) Pause Young (Allocation Failure)
[2019-01-14T12:47:41.876+0000][2866][gc,task      ] GC(12) Using 2 workers of 2 for evacuation
[2019-01-14T12:47:41.879+0000][2866][gc,age       ] GC(12) Desired survivor size 4456448 bytes, new threshold 6 (max threshold 6)
[2019-01-14T12:47:41.879+0000][2866][gc,age       ] GC(12) Age table with threshold 6 (max threshold 6)
[2019-01-14T12:47:41.879+0000][2866][gc,age       ] GC(12) - age   1:    1567016 bytes,    1567016 total
[2019-01-14T12:47:41.879+0000][2866][gc,age       ] GC(12) - age   2:      92576 bytes,    1659592 total
[2019-01-14T12:47:41.879+0000][2866][gc,age       ] GC(12) - age   3:      96056 bytes,    1755648 total
[2019-01-14T12:47:41.879+0000][2866][gc,age       ] GC(12) - age   4:     774200 bytes,    2529848 total
[2019-01-14T12:47:41.879+0000][2866][gc,age       ] GC(12) - age   5:    1119664 bytes,    3649512 total
[2019-01-14T12:47:41.879+0000][2866][gc,age       ] GC(12) - age   6:     806016 bytes,    4455528 total
[2019-01-14T12:47:41.879+0000][2866][gc,heap      ] GC(12) ParNew: 74735K->6752K(78656K)
[2019-01-14T12:47:41.879+0000][2866][gc,heap      ] GC(12) CMS: 12839K->12839K(174784K)
[2019-01-14T12:47:41.880+0000][2866][gc,metaspace ] GC(12) Metaspace: 28784K->28784K(1077248K)
[2019-01-14T12:47:41.880+0000][2866][gc           ] GC(12) Pause Young (Allocation Failure) 85M->19M(247M) 3.488ms
[2019-01-14T12:47:41.880+0000][2866][gc,cpu       ] GC(12) User=0.01s Sys=0.00s Real=0.00s
[2019-01-14T12:47:41.880+0000][2866][safepoint    ] Total time for which application threads were stopped: 0.0036017 seconds, Stopping threads took: 0.0000121 seconds
[2019-01-14T12:47:42.067+0000][2866][safepoint    ] Application time: 0.1872180 seconds
[2019-01-14T12:47:42.067+0000][2866][safepoint    ] Total time for which application threads were stopped: 0.0004149 seconds, Stopping threads took: 0.0000039 seconds
[2019-01-14T12:47:42.121+0000][2866][safepoint    ] Application time: 0.0539660 seconds
[2019-01-14T12:47:42.122+0000][2866][gc,start     ] GC(13) Pause Young (Allocation Failure)
[2019-01-14T12:47:42.122+0000][2866][gc,task      ] GC(13) Using 2 workers of 2 for evacuation
[2019-01-14T12:47:42.125+0000][2866][gc,age       ] GC(13) Desired survivor size 4456448 bytes, new threshold 6 (max threshold 6)
[2019-01-14T12:47:42.125+0000][2866][gc,age       ] GC(13) Age table with threshold 6 (max threshold 6)
[2019-01-14T12:47:42.125+0000][2866][gc,age       ] GC(13) - age   1:     369056 bytes,     369056 total
[2019-01-14T12:47:42.125+0000][2866][gc,age       ] GC(13) - age   2:     321480 bytes,     690536 total
[2019-01-14T12:47:42.125+0000][2866][gc,age       ] GC(13) - age   3:      92464 bytes,     783000 total
[2019-01-14T12:47:42.125+0000][2866][gc,age       ] GC(13) - age   4:      96056 bytes,     879056 total
[2019-01-14T12:47:42.125+0000][2866][gc,age       ] GC(13) - age   5:     774200 bytes,    1653256 total
[2019-01-14T12:47:42.125+0000][2866][gc,age       ] GC(13) - age   6:    1119520 bytes,    2772776 total
[2019-01-14T12:47:42.125+0000][2866][gc,heap      ] GC(13) ParNew: 76704K->6160K(78656K)
[2019-01-14T12:47:42.125+0000][2866][gc,heap      ] GC(13) CMS: 12839K->13631K(174784K)
[2019-01-14T12:47:42.125+0000][2866][gc,metaspace ] GC(13) Metaspace: 29243K->29243K(1077248K)
[2019-01-14T12:47:42.125+0000][2866][gc           ] GC(13) Pause Young (Allocation Failure) 87M->19M(247M) 3.168ms
[2019-01-14T12:47:42.125+0000][2866][gc,cpu       ] GC(13) User=0.01s Sys=0.00s Real=0.01s
[2019-01-14T12:47:42.125+0000][2866][safepoint    ] Total time for which application threads were stopped: 0.0034678 seconds, Stopping threads took: 0.0000152 seconds
[2019-01-14T12:47:42.163+0000][2866][safepoint    ] Application time: 0.0383023 seconds
[2019-01-14T12:47:42.163+0000][2866][safepoint    ] Total time for which application threads were stopped: 0.0000330 seconds, Stopping threads took: 0.0000032 seconds
[2019-01-14T12:47:42.507+0000][2866][safepoint    ] Application time: 0.3433135 seconds
[2019-01-14T12:47:42.507+0000][2866][safepoint    ] Total time for which application threads were stopped: 0.0000494 seconds, Stopping threads took: 0.0000128 seconds
[2019-01-14T12:47:42.507+0000][2866][safepoint    ] Application time: 0.0000266 seconds
[2019-01-14T12:47:42.507+0000][2866][safepoint    ] Total time for which application threads were stopped: 0.0000196 seconds, Stopping threads took: 0.0000065 seconds
[2019-01-14T12:47:43.251+0000][2866][safepoint    ] Application time: 0.7439138 seconds
[2019-01-14T12:47:43.260+0000][2866][safepoint    ] Total time for which application threads were stopped: 0.0005551 seconds, Stopping threads took: 0.0000052 seconds
[2019-01-14T12:47:43.752+0000][2866][safepoint    ] Application time: 0.4924450 seconds
[2019-01-14T12:47:43.752+0000][2866][gc,start     ] GC(14) Pause Young (Allocation Failure)
[2019-01-14T12:47:43.752+0000][2866][gc,task      ] GC(14) Using 2 workers of 2 for evacuation
[2019-01-14T12:47:43.773+0000][2866][gc,age       ] GC(14) Desired survivor size 4456448 bytes, new threshold 1 (max threshold 6)
[2019-01-14T12:47:43.773+0000][2866][gc,age       ] GC(14) Age table with threshold 1 (max threshold 6)
[2019-01-14T12:47:43.773+0000][2866][gc,age       ] GC(14) - age   1:    7315232 bytes,    7315232 total
[2019-01-14T12:47:43.773+0000][2866][gc,age       ] GC(14) - age   2:     317928 bytes,    7633160 total
[2019-01-14T12:47:43.773+0000][2866][gc,age       ] GC(14) - age   3:     321288 bytes,    7954448 total
[2019-01-14T12:47:43.773+0000][2866][gc,age       ] GC(14) - age   4:      92352 bytes,    8046800 total
[2019-01-14T12:47:43.773+0000][2866][gc,age       ] GC(14) - age   5:      96056 bytes,    8142856 total
[2019-01-14T12:47:43.773+0000][2866][gc,age       ] GC(14) - age   6:     768760 bytes,    8911616 total
[2019-01-14T12:47:43.773+0000][2866][gc,heap      ] GC(14) ParNew: 76112K->8704K(78656K)
[2019-01-14T12:47:43.773+0000][2866][gc,heap      ] GC(14) CMS: 13631K->16010K(174784K)
[2019-01-14T12:47:43.773+0000][2866][gc,metaspace ] GC(14) Metaspace: 34971K->34971K(1081344K)
[2019-01-14T12:47:43.773+0000][2866][gc           ] GC(14) Pause Young (Allocation Failure) 87M->24M(247M) 21.108ms
[2019-01-14T12:47:43.773+0000][2866][gc,cpu       ] GC(14) User=0.04s Sys=0.00s Real=0.02s
[2019-01-14T12:47:43.773+0000][2866][safepoint    ] Total time for which application threads were stopped: 0.0214152 seconds, Stopping threads took: 0.0000116 seconds
[2019-01-14T12:47:44.362+0000][2866][safepoint    ] Application time: 0.5885093 seconds
[2019-01-14T12:47:44.362+0000][2866][gc,start     ] GC(15) Pause Young (Allocation Failure)
[2019-01-14T12:47:44.362+0000][2866][gc,task      ] GC(15) Using 2 workers of 2 for evacuation
[2019-01-14T12:47:44.401+0000][2866][gc,age       ] GC(15) Desired survivor size 4456448 bytes, new threshold 1 (max threshold 6)
[2019-01-14T12:47:44.402+0000][2866][gc,age       ] GC(15) Age table with threshold 1 (max threshold 6)
[2019-01-14T12:47:44.402+0000][2866][gc,age       ] GC(15) - age   1:    8126688 bytes,    8126688 total
[2019-01-14T12:47:44.402+0000][2866][gc,heap      ] GC(15) ParNew: 78656K->8704K(78656K)
[2019-01-14T12:47:44.402+0000][2866][gc,heap      ] GC(15) CMS: 16010K->28226K(174784K)
[2019-01-14T12:47:44.402+0000][2866][gc,metaspace ] GC(15) Metaspace: 35022K->35022K(1081344K)
[2019-01-14T12:47:44.402+0000][2866][gc           ] GC(15) Pause Young (Allocation Failure) 92M->36M(247M) 39.507ms
[2019-01-14T12:47:44.402+0000][2866][gc,cpu       ] GC(15) User=0.07s Sys=0.00s Real=0.04s
[2019-01-14T12:47:44.402+0000][2866][safepoint    ] Total time for which application threads were stopped: 0.0396198 seconds, Stopping threads took: 0.0000115 seconds
[2019-01-14T12:47:45.291+0000][2866][safepoint    ] Application time: 0.8891774 seconds
[2019-01-14T12:47:45.291+0000][2866][safepoint    ] Total time for which application threads were stopped: 0.0001132 seconds, Stopping threads took: 0.0000154 seconds
[2019-01-14T12:47:45.311+0000][2866][safepoint    ] Application time: 0.0201743 seconds
[2019-01-14T12:47:45.311+0000][2866][gc,start     ] GC(16) Pause Young (Allocation Failure)
[2019-01-14T12:47:45.311+0000][2866][gc,task      ] GC(16) Using 2 workers of 2 for evacuation
[2019-01-14T12:47:45.342+0000][2866][gc,age       ] GC(16) Desired survivor size 4456448 bytes, new threshold 1 (max threshold 6)
[2019-01-14T12:47:45.343+0000][2866][gc,age       ] GC(16) Age table with threshold 1 (max threshold 6)
[2019-01-14T12:47:45.343+0000][2866][gc,age       ] GC(16) - age   1:    7423208 bytes,    7423208 total
[2019-01-14T12:47:45.343+0000][2866][gc,heap      ] GC(16) ParNew: 78656K->8704K(78656K)
[2019-01-14T12:47:45.343+0000][2866][gc,heap      ] GC(16) CMS: 28226K->39150K(174784K)
[2019-01-14T12:47:45.343+0000][2866][gc,metaspace ] GC(16) Metaspace: 35647K->35647K(1083392K)
[2019-01-14T12:47:45.343+0000][2866][gc           ] GC(16) Pause Young (Allocation Failure) 104M->46M(247M) 31.357ms
[2019-01-14T12:47:45.343+0000][2866][gc,cpu       ] GC(16) User=0.07s Sys=0.00s Real=0.03s
[2019-01-14T12:47:45.343+0000][2866][safepoint    ] Total time for which application threads were stopped: 0.0314561 seconds, Stopping threads took: 0.0000120 seconds
[2019-01-14T12:47:45.534+0000][2866][safepoint    ] Application time: 0.1918429 seconds
[2019-01-14T12:47:45.535+0000][2866][safepoint    ] Total time for which application threads were stopped: 0.0002448 seconds, Stopping threads took: 0.0000132 seconds
[2019-01-14T12:47:45.575+0000][2866][safepoint    ] Application time: 0.0398011 seconds
[2019-01-14T12:47:45.575+0000][2866][safepoint    ] Total time for which application threads were stopped: 0.0001131 seconds, Stopping threads took: 0.0000126 seconds
[2019-01-14T12:47:45.592+0000][2866][safepoint    ] Application time: 0.0177161 seconds
[2019-01-14T12:47:45.593+0000][2866][safepoint    ] Total time for which application threads were stopped: 0.0001359 seconds, Stopping threads took: 0.0000112 seconds
[2019-01-14T12:47:45.629+0000][2866][safepoint    ] Application time: 0.0368331 seconds
[2019-01-14T12:47:45.630+0000][2866][safepoint    ] Total time for which application threads were stopped: 0.0001183 seconds, Stopping threads took: 0.0000131 seconds
[2019-01-14T12:47:45.640+0000][2866][safepoint    ] Application time: 0.0103767 seconds
[2019-01-14T12:47:45.640+0000][2866][safepoint    ] Total time for which application threads were stopped: 0.0004575 seconds, Stopping threads took: 0.0000115 seconds
[2019-01-14T12:47:45.646+0000][2866][safepoint    ] Application time: 0.0057503 seconds
[2019-01-14T12:47:45.646+0000][2866][safepoint    ] Total time for which application threads were stopped: 0.0001368 seconds, Stopping threads took: 0.0000113 seconds
[2019-01-14T12:47:45.693+0000][2866][safepoint    ] Application time: 0.0466336 seconds
[2019-01-14T12:47:45.693+0000][2866][safepoint    ] Total time for which application threads were stopped: 0.0001630 seconds, Stopping threads took: 0.0000126 seconds
[2019-01-14T12:47:45.775+0000][2866][safepoint    ] Application time: 0.0819191 seconds
[2019-01-14T12:47:45.775+0000][2866][safepoint    ] Total time for which application threads were stopped: 0.0001720 seconds, Stopping threads took: 0.0000276 seconds
[2019-01-14T12:47:45.807+0000][2866][safepoint    ] Application time: 0.0312121 seconds
[2019-01-14T12:47:45.807+0000][2866][safepoint    ] Total time for which application threads were stopped: 0.0000927 seconds, Stopping threads took: 0.0000047 seconds
[2019-01-14T12:47:45.841+0000][2866][safepoint    ] Application time: 0.0341083 seconds
[2019-01-14T12:47:45.841+0000][2866][safepoint    ] Total time for which application threads were stopped: 0.0001486 seconds, Stopping threads took: 0.0000051 seconds
[2019-01-14T12:47:45.892+0000][2866][safepoint    ] Application time: 0.0513827 seconds
[2019-01-14T12:47:45.893+0000][2866][safepoint    ] Total time for which application threads were stopped: 0.0001436 seconds, Stopping threads took: 0.0000063 seconds
[2019-01-14T12:47:45.927+0000][2866][safepoint    ] Application time: 0.0346292 seconds
[2019-01-14T12:47:45.927+0000][2866][safepoint    ] Total time for which application threads were stopped: 0.0000544 seconds, Stopping threads took: 0.0000054 seconds
[2019-01-14T12:47:45.949+0000][2866][safepoint    ] Application time: 0.0220554 seconds
[2019-01-14T12:47:45.950+0000][2866][safepoint    ] Total time for which application threads were stopped: 0.0005269 seconds, Stopping threads took: 0.0002932 seconds
[2019-01-14T12:47:46.003+0000][2866][safepoint    ] Application time: 0.0528841 seconds
[2019-01-14T12:47:46.012+0000][2866][safepoint    ] Total time for which application threads were stopped: 0.0090370 seconds, Stopping threads took: 0.0000104 seconds
[2019-01-14T12:47:46.041+0000][2866][safepoint    ] Application time: 0.0287403 seconds
[2019-01-14T12:47:46.041+0000][2866][safepoint    ] Total time for which application threads were stopped: 0.0001483 seconds, Stopping threads took: 0.0000115 seconds
[2019-01-14T12:47:46.070+0000][2866][safepoint    ] Application time: 0.0286526 seconds
[2019-01-14T12:47:46.070+0000][2866][safepoint    ] Total time for which application threads were stopped: 0.0000961 seconds, Stopping threads took: 0.0000116 seconds
[2019-01-14T12:47:46.145+0000][2866][safepoint    ] Application time: 0.0752248 seconds
[2019-01-14T12:47:46.146+0000][2866][safepoint    ] Total time for which application threads were stopped: 0.0006580 seconds, Stopping threads took: 0.0000310 seconds
[2019-01-14T12:47:46.168+0000][2866][safepoint    ] Application time: 0.0224319 seconds
[2019-01-14T12:47:46.169+0000][2866][safepoint    ] Total time for which application threads were stopped: 0.0002153 seconds, Stopping threads took: 0.0000111 seconds
[2019-01-14T12:47:46.225+0000][2866][safepoint    ] Application time: 0.0559971 seconds
[2019-01-14T12:47:46.225+0000][2866][safepoint    ] Total time for which application threads were stopped: 0.0001183 seconds, Stopping threads took: 0.0000108 seconds
[2019-01-14T12:47:46.255+0000][2866][safepoint    ] Application time: 0.0301331 seconds
[2019-01-14T12:47:46.255+0000][2866][safepoint    ] Total time for which application threads were stopped: 0.0001625 seconds, Stopping threads took: 0.0000104 seconds
[2019-01-14T12:47:46.289+0000][2866][safepoint    ] Application time: 0.0340161 seconds
[2019-01-14T12:47:46.289+0000][2866][safepoint    ] Total time for which application threads were stopped: 0.0002112 seconds, Stopping threads took: 0.0000121 seconds
[2019-01-14T12:47:46.326+0000][2866][safepoint    ] Application time: 0.0362896 seconds
[2019-01-14T12:47:46.326+0000][2866][safepoint    ] Total time for which application threads were stopped: 0.0003157 seconds, Stopping threads took: 0.0000107 seconds
[2019-01-14T12:47:46.359+0000][2866][safepoint    ] Application time: 0.0332916 seconds
[2019-01-14T12:47:46.360+0000][2866][safepoint    ] Total time for which application threads were stopped: 0.0002536 seconds, Stopping threads took: 0.0000197 seconds
[2019-01-14T12:47:46.387+0000][2866][safepoint    ] Application time: 0.0271656 seconds
[2019-01-14T12:47:46.387+0000][2866][safepoint    ] Total time for which application threads were stopped: 0.0001712 seconds, Stopping threads took: 0.0000048 seconds
[2019-01-14T12:47:46.409+0000][2866][safepoint    ] Application time: 0.0221589 seconds
[2019-01-14T12:47:46.409+0000][2866][safepoint    ] Total time for which application threads were stopped: 0.0002076 seconds, Stopping threads took: 0.0000045 seconds
[2019-01-14T12:47:46.583+0000][2866][safepoint    ] Application time: 0.1732309 seconds
[2019-01-14T12:47:46.583+0000][2866][safepoint    ] Total time for which application threads were stopped: 0.0002395 seconds, Stopping threads took: 0.0000042 seconds
[2019-01-14T12:47:46.610+0000][2866][safepoint    ] Application time: 0.0267856 seconds
[2019-01-14T12:47:46.610+0000][2866][safepoint    ] Total time for which application threads were stopped: 0.0001149 seconds, Stopping threads took: 0.0000036 seconds
[2019-01-14T12:47:46.626+0000][2866][safepoint    ] Application time: 0.0163849 seconds
[2019-01-14T12:47:46.626+0000][2866][gc,start     ] GC(17) Pause Young (Allocation Failure)
[2019-01-14T12:47:46.626+0000][2866][gc,task      ] GC(17) Using 2 workers of 2 for evacuation
[2019-01-14T12:47:46.667+0000][2866][gc,age       ] GC(17) Desired survivor size 4456448 bytes, new threshold 6 (max threshold 6)
[2019-01-14T12:47:46.667+0000][2866][gc,age       ] GC(17) Age table with threshold 6 (max threshold 6)
[2019-01-14T12:47:46.667+0000][2866][gc,age       ] GC(17) - age   1:    2600928 bytes,    2600928 total
[2019-01-14T12:47:46.667+0000][2866][gc,heap      ] GC(17) ParNew: 78656K->7364K(78656K)
[2019-01-14T12:47:46.667+0000][2866][gc,heap      ] GC(17) CMS: 39150K->46494K(174784K)
[2019-01-14T12:47:46.667+0000][2866][gc,metaspace ] GC(17) Metaspace: 44955K->44955K(1091584K)
[2019-01-14T12:47:46.667+0000][2866][gc           ] GC(17) Pause Young (Allocation Failure) 115M->52M(247M) 41.096ms
[2019-01-14T12:47:46.667+0000][2866][gc,cpu       ] GC(17) User=0.04s Sys=0.00s Real=0.04s
[2019-01-14T12:47:46.667+0000][2866][safepoint    ] Total time for which application threads were stopped: 0.0411916 seconds, Stopping threads took: 0.0000045 seconds
[2019-01-14T12:47:46.670+0000][2866][safepoint    ] Application time: 0.0024956 seconds
[2019-01-14T12:47:46.670+0000][2866][gc,start     ] GC(18) Pause Initial Mark
[2019-01-14T12:47:46.673+0000][2866][gc           ] GC(18) Pause Initial Mark 53M->53M(247M) 3.345ms
[2019-01-14T12:47:46.673+0000][2866][gc,cpu       ] GC(18) User=0.00s Sys=0.00s Real=0.00s
[2019-01-14T12:47:46.673+0000][2866][safepoint    ] Total time for which application threads were stopped: 0.0034478 seconds, Stopping threads took: 0.0000038 seconds
[2019-01-14T12:47:46.692+0000][2866][safepoint    ] Application time: 0.0188470 seconds
[2019-01-14T12:47:46.693+0000][2866][safepoint    ] Total time for which application threads were stopped: 0.0003730 seconds, Stopping threads took: 0.0000044 seconds
[2019-01-14T12:47:46.790+0000][2866][gc           ] GC(18) Concurrent Mark
[2019-01-14T12:47:46.841+0000][2866][gc           ] GC(18) Concurrent Mark 51.242ms
[2019-01-14T12:47:46.841+0000][2866][gc,cpu       ] GC(18) User=0.09s Sys=0.01s Real=0.04s
[2019-01-14T12:47:46.841+0000][2866][gc           ] GC(18) Concurrent Preclean
[2019-01-14T12:47:46.842+0000][2866][gc           ] GC(18) Concurrent Preclean 0.699ms
[2019-01-14T12:47:46.842+0000][2866][gc,cpu       ] GC(18) User=0.00s Sys=0.00s Real=0.01s
[2019-01-14T12:47:46.842+0000][2866][gc           ] GC(18) Concurrent Abortable Preclean
[2019-01-14T12:47:46.883+0000][2866][safepoint    ] Application time: 0.1899550 seconds
[2019-01-14T12:47:46.883+0000][2866][safepoint    ] Total time for which application threads were stopped: 0.0001646 seconds, Stopping threads took: 0.0000041 seconds
[2019-01-14T12:47:46.937+0000][2866][safepoint    ] Application time: 0.0542801 seconds
[2019-01-14T12:47:46.937+0000][2866][safepoint    ] Total time for which application threads were stopped: 0.0001320 seconds, Stopping threads took: 0.0000037 seconds
[2019-01-14T12:47:47.019+0000][2866][safepoint    ] Application time: 0.0813746 seconds
[2019-01-14T12:47:47.019+0000][2866][safepoint    ] Total time for which application threads were stopped: 0.0001451 seconds, Stopping threads took: 0.0000037 seconds
[2019-01-14T12:47:47.063+0000][2866][safepoint    ] Application time: 0.0442817 seconds
[2019-01-14T12:47:47.063+0000][2866][safepoint    ] Total time for which application threads were stopped: 0.0001835 seconds, Stopping threads took: 0.0000040 seconds
[2019-01-14T12:47:47.083+0000][2866][safepoint    ] Application time: 0.0196657 seconds
[2019-01-14T12:47:47.083+0000][2866][safepoint    ] Total time for which application threads were stopped: 0.0002085 seconds, Stopping threads took: 0.0000039 seconds
[2019-01-14T12:47:47.099+0000][2866][safepoint    ] Application time: 0.0154647 seconds
[2019-01-14T12:47:47.099+0000][2866][safepoint    ] Total time for which application threads were stopped: 0.0001080 seconds, Stopping threads took: 0.0000037 seconds
[2019-01-14T12:47:47.118+0000][2866][safepoint    ] Application time: 0.0189398 seconds
[2019-01-14T12:47:47.118+0000][2866][safepoint    ] Total time for which application threads were stopped: 0.0002090 seconds, Stopping threads took: 0.0000040 seconds
[2019-01-14T12:47:47.151+0000][2866][safepoint    ] Application time: 0.0328201 seconds
[2019-01-14T12:47:47.151+0000][2866][safepoint    ] Total time for which application threads were stopped: 0.0002113 seconds, Stopping threads took: 0.0000166 seconds
[2019-01-14T12:47:47.192+0000][2866][safepoint    ] Application time: 0.0407056 seconds
[2019-01-14T12:47:47.192+0000][2866][safepoint    ] Total time for which application threads were stopped: 0.0001589 seconds, Stopping threads took: 0.0000165 seconds
[2019-01-14T12:47:47.245+0000][2866][safepoint    ] Application time: 0.0528608 seconds
[2019-01-14T12:47:47.245+0000][2866][safepoint    ] Total time for which application threads were stopped: 0.0001916 seconds, Stopping threads took: 0.0000115 seconds
[2019-01-14T12:47:47.299+0000][2866][safepoint    ] Application time: 0.0538521 seconds
[2019-01-14T12:47:47.299+0000][2866][safepoint    ] Total time for which application threads were stopped: 0.0002693 seconds, Stopping threads took: 0.0000102 seconds
[2019-01-14T12:47:47.346+0000][2866][safepoint    ] Application time: 0.0466477 seconds
[2019-01-14T12:47:47.346+0000][2866][safepoint    ] Total time for which application threads were stopped: 0.0001137 seconds, Stopping threads took: 0.0000182 seconds
[2019-01-14T12:47:47.348+0000][2866][safepoint    ] Application time: 0.0014314 seconds
[2019-01-14T12:47:47.348+0000][2866][safepoint    ] Total time for which application threads were stopped: 0.0000585 seconds, Stopping threads took: 0.0000032 seconds
[2019-01-14T12:47:47.559+0000][2866][safepoint    ] Application time: 0.2107411 seconds
[2019-01-14T12:47:47.559+0000][2866][safepoint    ] Total time for which application threads were stopped: 0.0004400 seconds, Stopping threads took: 0.0000137 seconds
[2019-01-14T12:47:47.682+0000][2866][safepoint    ] Application time: 0.1231884 seconds
[2019-01-14T12:47:47.685+0000][2866][safepoint    ] Total time for which application threads were stopped: 0.0025803 seconds, Stopping threads took: 0.0023720 seconds
[2019-01-14T12:47:47.950+0000][2866][gc           ] GC(18) Concurrent Abortable Preclean 1108.114ms
[2019-01-14T12:47:47.950+0000][2866][gc,cpu       ] GC(18) User=1.62s Sys=0.20s Real=1.11s
[2019-01-14T12:47:47.950+0000][2866][safepoint    ] Application time: 0.2653496 seconds
[2019-01-14T12:47:47.950+0000][2866][gc,start     ] GC(18) Pause Remark
[2019-01-14T12:47:47.968+0000][2866][gc           ] GC(18) Pause Remark 90M->90M(247M) 17.776ms
[2019-01-14T12:47:47.968+0000][2866][gc,cpu       ] GC(18) User=0.02s Sys=0.00s Real=0.01s
[2019-01-14T12:47:47.968+0000][2866][safepoint    ] Total time for which application threads were stopped: 0.0178802 seconds, Stopping threads took: 0.0000061 seconds
[2019-01-14T12:47:47.968+0000][2866][gc           ] GC(18) Concurrent Sweep
[2019-01-14T12:47:47.984+0000][2866][gc           ] GC(18) Concurrent Sweep 15.837ms
[2019-01-14T12:47:47.984+0000][2866][gc,cpu       ] GC(18) User=0.02s Sys=0.00s Real=0.02s
[2019-01-14T12:47:47.984+0000][2866][gc           ] GC(18) Concurrent Reset
[2019-01-14T12:47:47.984+0000][2866][gc           ] GC(18) Concurrent Reset 0.121ms
[2019-01-14T12:47:47.984+0000][2866][gc,cpu       ] GC(18) User=0.00s Sys=0.00s Real=0.00s
[2019-01-14T12:47:47.984+0000][2866][gc,heap      ] GC(18) Old: 46494K->46275K(174784K)
[2019-01-14T12:47:48.488+0000][2866][safepoint    ] Application time: 0.5194691 seconds
[2019-01-14T12:47:48.488+0000][2866][safepoint    ] Total time for which application threads were stopped: 0.0001861 seconds, Stopping threads took: 0.0000056 seconds
[2019-01-14T12:47:48.707+0000][2866][safepoint    ] Application time: 0.2183997 seconds
[2019-01-14T12:47:48.707+0000][2866][gc,start     ] GC(19) Pause Young (Allocation Failure)
[2019-01-14T12:47:48.707+0000][2866][gc,task      ] GC(19) Using 2 workers of 2 for evacuation
[2019-01-14T12:47:48.723+0000][2866][gc,age       ] GC(19) Desired survivor size 4456448 bytes, new threshold 2 (max threshold 6)
[2019-01-14T12:47:48.723+0000][2866][gc,age       ] GC(19) Age table with threshold 2 (max threshold 6)
[2019-01-14T12:47:48.723+0000][2866][gc,age       ] GC(19) - age   1:    3337640 bytes,    3337640 total
[2019-01-14T12:47:48.723+0000][2866][gc,age       ] GC(19) - age   2:    2515616 bytes,    5853256 total
[2019-01-14T12:47:48.723+0000][2866][gc,heap      ] GC(19) ParNew: 77316K->7428K(78656K)
[2019-01-14T12:47:48.723+0000][2866][gc,heap      ] GC(19) CMS: 46275K->46275K(174784K)
[2019-01-14T12:47:48.723+0000][2866][gc,metaspace ] GC(19) Metaspace: 52177K->52177K(1097728K)
[2019-01-14T12:47:48.723+0000][2866][gc           ] GC(19) Pause Young (Allocation Failure) 120M->52M(247M) 16.083ms
[2019-01-14T12:47:48.723+0000][2866][gc,cpu       ] GC(19) User=0.03s Sys=0.00s Real=0.02s
[2019-01-14T12:47:48.723+0000][2866][safepoint    ] Total time for which application threads were stopped: 0.0161900 seconds, Stopping threads took: 0.0000106 seconds
[2019-01-14T12:47:48.935+0000][2866][safepoint    ] Application time: 0.2120846 seconds
[2019-01-14T12:47:48.936+0000][2866][safepoint    ] Total time for which application threads were stopped: 0.0007130 seconds, Stopping threads took: 0.0000137 seconds
[2019-01-14T12:47:48.940+0000][2866][safepoint    ] Application time: 0.0036241 seconds
[2019-01-14T12:47:48.940+0000][2866][safepoint    ] Total time for which application threads were stopped: 0.0000690 seconds, Stopping threads took: 0.0000363 seconds
[2019-01-14T12:47:48.940+0000][2866][safepoint    ] Application time: 0.0000251 seconds
[2019-01-14T12:47:48.940+0000][2866][safepoint    ] Total time for which application threads were stopped: 0.0000180 seconds, Stopping threads took: 0.0000050 seconds
[2019-01-14T12:47:48.941+0000][2866][safepoint    ] Application time: 0.0011000 seconds
[2019-01-14T12:47:48.941+0000][2866][safepoint    ] Total time for which application threads were stopped: 0.0000311 seconds, Stopping threads took: 0.0000097 seconds
[2019-01-14T12:47:48.941+0000][2866][safepoint    ] Application time: 0.0003556 seconds
[2019-01-14T12:47:48.941+0000][2866][safepoint    ] Total time for which application threads were stopped: 0.0000698 seconds, Stopping threads took: 0.0000246 seconds
[2019-01-14T12:47:48.947+0000][2866][safepoint    ] Application time: 0.0054699 seconds
[2019-01-14T12:47:48.947+0000][2866][safepoint    ] Total time for which application threads were stopped: 0.0000959 seconds, Stopping threads took: 0.0000098 seconds
[2019-01-14T12:47:48.947+0000][2866][safepoint    ] Application time: 0.0000318 seconds
[2019-01-14T12:47:48.947+0000][2866][safepoint    ] Total time for which application threads were stopped: 0.0000301 seconds, Stopping threads took: 0.0000053 seconds
[2019-01-14T12:47:48.947+0000][2866][safepoint    ] Application time: 0.0000138 seconds
[2019-01-14T12:47:48.947+0000][2866][safepoint    ] Total time for which application threads were stopped: 0.0000242 seconds, Stopping threads took: 0.0000045 seconds
[2019-01-14T12:47:48.947+0000][2866][safepoint    ] Application time: 0.0000133 seconds
[2019-01-14T12:47:48.947+0000][2866][safepoint    ] Total time for which application threads were stopped: 0.0000232 seconds, Stopping threads took: 0.0000044 seconds
[2019-01-14T12:47:48.947+0000][2866][safepoint    ] Application time: 0.0000143 seconds
[2019-01-14T12:47:48.947+0000][2866][safepoint    ] Total time for which application threads were stopped: 0.0000235 seconds, Stopping threads took: 0.0000045 seconds
[2019-01-14T12:47:48.947+0000][2866][safepoint    ] Application time: 0.0000132 seconds
[2019-01-14T12:47:48.947+0000][2866][safepoint    ] Total time for which application threads were stopped: 0.0000486 seconds, Stopping threads took: 0.0000192 seconds
[2019-01-14T12:47:48.947+0000][2866][safepoint    ] Application time: 0.0000497 seconds
[2019-01-14T12:47:48.947+0000][2866][safepoint    ] Total time for which application threads were stopped: 0.0000247 seconds, Stopping threads took: 0.0000048 seconds
[2019-01-14T12:47:48.947+0000][2866][safepoint    ] Application time: 0.0000142 seconds
[2019-01-14T12:47:48.947+0000][2866][safepoint    ] Total time for which application threads were stopped: 0.0000364 seconds, Stopping threads took: 0.0000178 seconds
[2019-01-14T12:47:48.947+0000][2866][safepoint    ] Application time: 0.0000138 seconds
[2019-01-14T12:47:48.948+0000][2866][safepoint    ] Total time for which application threads were stopped: 0.0000228 seconds, Stopping threads took: 0.0000044 seconds
[2019-01-14T12:47:48.948+0000][2866][safepoint    ] Application time: 0.0000133 seconds
[2019-01-14T12:47:48.948+0000][2866][safepoint    ] Total time for which application threads were stopped: 0.0000229 seconds, Stopping threads took: 0.0000045 seconds
[2019-01-14T12:47:48.948+0000][2866][safepoint    ] Application time: 0.0000143 seconds
[2019-01-14T12:47:48.948+0000][2866][safepoint    ] Total time for which application threads were stopped: 0.0000229 seconds, Stopping threads took: 0.0000045 seconds
[2019-01-14T12:47:48.948+0000][2866][safepoint    ] Application time: 0.0000131 seconds
[2019-01-14T12:47:48.948+0000][2866][safepoint    ] Total time for which application threads were stopped: 0.0000230 seconds, Stopping threads took: 0.0000045 seconds
[2019-01-14T12:47:48.948+0000][2866][safepoint    ] Application time: 0.0000130 seconds
[2019-01-14T12:47:48.948+0000][2866][safepoint    ] Total time for which application threads were stopped: 0.0000228 seconds, Stopping threads took: 0.0000044 seconds
[2019-01-14T12:47:48.948+0000][2866][safepoint    ] Application time: 0.0000614 seconds
[2019-01-14T12:47:48.948+0000][2866][safepoint    ] Total time for which application threads were stopped: 0.0000299 seconds, Stopping threads took: 0.0000057 seconds
[2019-01-14T12:47:48.948+0000][2866][safepoint    ] Application time: 0.0000138 seconds
[2019-01-14T12:47:48.948+0000][2866][safepoint    ] Total time for which application threads were stopped: 0.0000230 seconds, Stopping threads took: 0.0000045 seconds
[2019-01-14T12:47:48.948+0000][2866][safepoint    ] Application time: 0.0000150 seconds
[2019-01-14T12:47:48.948+0000][2866][safepoint    ] Total time for which application threads were stopped: 0.0000234 seconds, Stopping threads took: 0.0000047 seconds
[2019-01-14T12:47:48.948+0000][2866][safepoint    ] Application time: 0.0000130 seconds
[2019-01-14T12:47:48.948+0000][2866][safepoint    ] Total time for which application threads were stopped: 0.0000229 seconds, Stopping threads took: 0.0000045 seconds
[2019-01-14T12:47:48.948+0000][2866][safepoint    ] Application time: 0.0000133 seconds
[2019-01-14T12:47:48.948+0000][2866][safepoint    ] Total time for which application threads were stopped: 0.0000240 seconds, Stopping threads took: 0.0000043 seconds
[2019-01-14T12:47:48.948+0000][2866][safepoint    ] Application time: 0.0000134 seconds
[2019-01-14T12:47:48.948+0000][2866][safepoint    ] Total time for which application threads were stopped: 0.0000641 seconds, Stopping threads took: 0.0000044 seconds
[2019-01-14T12:47:48.948+0000][2866][safepoint    ] Application time: 0.0000380 seconds
[2019-01-14T12:47:48.948+0000][2866][safepoint    ] Total time for which application threads were stopped: 0.0000654 seconds, Stopping threads took: 0.0000049 seconds
[2019-01-14T12:47:48.948+0000][2866][safepoint    ] Application time: 0.0000189 seconds
[2019-01-14T12:47:48.948+0000][2866][safepoint    ] Total time for which application threads were stopped: 0.0000293 seconds, Stopping threads took: 0.0000049 seconds
[2019-01-14T12:47:48.948+0000][2866][safepoint    ] Application time: 0.0000169 seconds
[2019-01-14T12:47:48.948+0000][2866][safepoint    ] Total time for which application threads were stopped: 0.0000238 seconds, Stopping threads took: 0.0000047 seconds
[2019-01-14T12:47:48.948+0000][2866][safepoint    ] Application time: 0.0000154 seconds
[2019-01-14T12:47:48.948+0000][2866][safepoint    ] Total time for which application threads were stopped: 0.0000234 seconds, Stopping threads took: 0.0000046 seconds
[2019-01-14T12:47:48.950+0000][2866][safepoint    ] Application time: 0.0014355 seconds
[2019-01-14T12:47:48.950+0000][2866][safepoint    ] Total time for which application threads were stopped: 0.0000379 seconds, Stopping threads took: 0.0000087 seconds
[2019-01-14T12:47:48.950+0000][2866][safepoint    ] Application time: 0.0000186 seconds
[2019-01-14T12:47:48.950+0000][2866][safepoint    ] Total time for which application threads were stopped: 0.0000217 seconds, Stopping threads took: 0.0000050 seconds
[2019-01-14T12:47:48.950+0000][2866][safepoint    ] Application time: 0.0000139 seconds
[2019-01-14T12:47:48.950+0000][2866][safepoint    ] Total time for which application threads were stopped: 0.0000201 seconds, Stopping threads took: 0.0000048 seconds
[2019-01-14T12:47:48.950+0000][2866][safepoint    ] Application time: 0.0000140 seconds
[2019-01-14T12:47:48.950+0000][2866][safepoint    ] Total time for which application threads were stopped: 0.0000194 seconds, Stopping threads took: 0.0000047 seconds
[2019-01-14T12:47:48.950+0000][2866][safepoint    ] Application time: 0.0000134 seconds
[2019-01-14T12:47:48.950+0000][2866][safepoint    ] Total time for which application threads were stopped: 0.0000190 seconds, Stopping threads took: 0.0000045 seconds
[2019-01-14T12:47:48.950+0000][2866][safepoint    ] Application time: 0.0000130 seconds
[2019-01-14T12:47:48.950+0000][2866][safepoint    ] Total time for which application threads were stopped: 0.0000189 seconds, Stopping threads took: 0.0000046 seconds
[2019-01-14T12:47:48.950+0000][2866][safepoint    ] Application time: 0.0000132 seconds
[2019-01-14T12:47:48.950+0000][2866][safepoint    ] Total time for which application threads were stopped: 0.0000785 seconds, Stopping threads took: 0.0000046 seconds
[2019-01-14T12:47:48.950+0000][2866][safepoint    ] Application time: 0.0000174 seconds
[2019-01-14T12:47:48.950+0000][2866][safepoint    ] Total time for which application threads were stopped: 0.0000234 seconds, Stopping threads took: 0.0000050 seconds
[2019-01-14T12:47:48.950+0000][2866][safepoint    ] Application time: 0.0000136 seconds
[2019-01-14T12:47:48.950+0000][2866][safepoint    ] Total time for which application threads were stopped: 0.0000194 seconds, Stopping threads took: 0.0000046 seconds
[2019-01-14T12:47:48.950+0000][2866][safepoint    ] Application time: 0.0000130 seconds
[2019-01-14T12:47:48.950+0000][2866][safepoint    ] Total time for which application threads were stopped: 0.0000187 seconds, Stopping threads took: 0.0000045 seconds
[2019-01-14T12:47:48.950+0000][2866][safepoint    ] Application time: 0.0000129 seconds
[2019-01-14T12:47:48.950+0000][2866][safepoint    ] Total time for which application threads were stopped: 0.0000186 seconds, Stopping threads took: 0.0000044 seconds
[2019-01-14T12:47:48.950+0000][2866][safepoint    ] Application time: 0.0000131 seconds
[2019-01-14T12:47:48.950+0000][2866][safepoint    ] Total time for which application threads were stopped: 0.0000186 seconds, Stopping threads took: 0.0000044 seconds
[2019-01-14T12:47:48.950+0000][2866][safepoint    ] Application time: 0.0000130 seconds
[2019-01-14T12:47:48.951+0000][2866][safepoint    ] Total time for which application threads were stopped: 0.0000183 seconds, Stopping threads took: 0.0000042 seconds
[2019-01-14T12:47:48.951+0000][2866][safepoint    ] Application time: 0.0000133 seconds
[2019-01-14T12:47:48.951+0000][2866][safepoint    ] Total time for which application threads were stopped: 0.0000185 seconds, Stopping threads took: 0.0000044 seconds
[2019-01-14T12:47:48.951+0000][2866][safepoint    ] Application time: 0.0000131 seconds
[2019-01-14T12:47:48.951+0000][2866][safepoint    ] Total time for which application threads were stopped: 0.0000187 seconds, Stopping threads took: 0.0000044 seconds
[2019-01-14T12:47:48.951+0000][2866][safepoint    ] Application time: 0.0000137 seconds
[2019-01-14T12:47:48.951+0000][2866][safepoint    ] Total time for which application threads were stopped: 0.0000186 seconds, Stopping threads took: 0.0000044 seconds
[2019-01-14T12:47:48.951+0000][2866][safepoint    ] Application time: 0.0000145 seconds
[2019-01-14T12:47:48.951+0000][2866][safepoint    ] Total time for which application threads were stopped: 0.0000870 seconds, Stopping threads took: 0.0000368 seconds
[2019-01-14T12:47:48.959+0000][2866][safepoint    ] Application time: 0.0086067 seconds
[2019-01-14T12:47:48.959+0000][2866][safepoint    ] Total time for which application threads were stopped: 0.0000639 seconds, Stopping threads took: 0.0000041 seconds
[2019-01-14T12:47:48.960+0000][2866][safepoint    ] Application time: 0.0000252 seconds
[2019-01-14T12:47:48.960+0000][2866][safepoint    ] Total time for which application threads were stopped: 0.0000266 seconds, Stopping threads took: 0.0000009 seconds
[2019-01-14T12:47:48.961+0000][2866][safepoint    ] Application time: 0.0009759 seconds
[2019-01-14T12:47:48.961+0000][2866][safepoint    ] Total time for which application threads were stopped: 0.0000934 seconds, Stopping threads took: 0.0000102 seconds
[2019-01-14T12:47:48.965+0000][2866][safepoint    ] Application time: 0.0046077 seconds
[2019-01-14T12:47:48.965+0000][2866][safepoint    ] Total time for which application threads were stopped: 0.0001242 seconds, Stopping threads took: 0.0000235 seconds
[2019-01-14T12:47:48.965+0000][2866][safepoint    ] Application time: 0.0000365 seconds
[2019-01-14T12:47:48.966+0000][2866][safepoint    ] Total time for which application threads were stopped: 0.0000484 seconds, Stopping threads took: 0.0000051 seconds
[2019-01-14T12:47:48.966+0000][2866][safepoint    ] Application time: 0.0008674 seconds
[2019-01-14T12:47:48.966+0000][2866][safepoint    ] Total time for which application threads were stopped: 0.0000458 seconds, Stopping threads took: 0.0000082 seconds
[2019-01-14T12:47:48.976+0000][2866][safepoint    ] Application time: 0.0095379 seconds
[2019-01-14T12:47:48.976+0000][2866][safepoint    ] Total time for which application threads were stopped: 0.0000678 seconds, Stopping threads took: 0.0000134 seconds
[2019-01-14T12:47:48.977+0000][2866][safepoint    ] Application time: 0.0007002 seconds
[2019-01-14T12:47:48.977+0000][2866][safepoint    ] Total time for which application threads were stopped: 0.0000559 seconds, Stopping threads took: 0.0000077 seconds
[2019-01-14T12:47:48.977+0000][2866][safepoint    ] Application time: 0.0003095 seconds
[2019-01-14T12:47:48.977+0000][2866][safepoint    ] Total time for which application threads were stopped: 0.0000423 seconds, Stopping threads took: 0.0000080 seconds
[2019-01-14T12:47:48.977+0000][2866][safepoint    ] Application time: 0.0000207 seconds
[2019-01-14T12:47:48.977+0000][2866][safepoint    ] Total time for which application threads were stopped: 0.0000272 seconds, Stopping threads took: 0.0000050 seconds
[2019-01-14T12:47:48.978+0000][2866][safepoint    ] Application time: 0.0005429 seconds
[2019-01-14T12:47:48.978+0000][2866][safepoint    ] Total time for which application threads were stopped: 0.0000871 seconds, Stopping threads took: 0.0000079 seconds
[2019-01-14T12:47:48.988+0000][2866][safepoint    ] Application time: 0.0104865 seconds
[2019-01-14T12:47:48.989+0000][2866][safepoint    ] Total time for which application threads were stopped: 0.0000671 seconds, Stopping threads took: 0.0000112 seconds
[2019-01-14T12:47:49.099+0000][2866][safepoint    ] Application time: 0.1106245 seconds
[2019-01-14T12:47:49.099+0000][2866][safepoint    ] Total time for which application threads were stopped: 0.0001404 seconds, Stopping threads took: 0.0000113 seconds
[2019-01-14T12:47:49.099+0000][2866][safepoint    ] Application time: 0.0000533 seconds
[2019-01-14T12:47:49.099+0000][2866][safepoint    ] Total time for which application threads were stopped: 0.0000309 seconds, Stopping threads took: 0.0000056 seconds
[2019-01-14T12:47:49.100+0000][2866][safepoint    ] Application time: 0.0000575 seconds
[2019-01-14T12:47:49.100+0000][2866][safepoint    ] Total time for which application threads were stopped: 0.0000276 seconds, Stopping threads took: 0.0000055 seconds
[2019-01-14T12:47:49.100+0000][2866][safepoint    ] Application time: 0.0002824 seconds
[2019-01-14T12:47:49.100+0000][2866][safepoint    ] Total time for which application threads were stopped: 0.0000361 seconds, Stopping threads took: 0.0000070 seconds
[2019-01-14T12:47:49.100+0000][2866][safepoint    ] Application time: 0.0000348 seconds
[2019-01-14T12:47:49.100+0000][2866][safepoint    ] Total time for which application threads were stopped: 0.0000274 seconds, Stopping threads took: 0.0000055 seconds
[2019-01-14T12:47:49.100+0000][2866][safepoint    ] Application time: 0.0001083 seconds
[2019-01-14T12:47:49.100+0000][2866][safepoint    ] Total time for which application threads were stopped: 0.0000665 seconds, Stopping threads took: 0.0000061 seconds
[2019-01-14T12:47:49.100+0000][2866][safepoint    ] Application time: 0.0000314 seconds
[2019-01-14T12:47:49.100+0000][2866][safepoint    ] Total time for which application threads were stopped: 0.0000295 seconds, Stopping threads took: 0.0000050 seconds
[2019-01-14T12:47:49.100+0000][2866][safepoint    ] Application time: 0.0000133 seconds
[2019-01-14T12:47:49.100+0000][2866][safepoint    ] Total time for which application threads were stopped: 0.0000650 seconds, Stopping threads took: 0.0000045 seconds
[2019-01-14T12:47:49.100+0000][2866][safepoint    ] Application time: 0.0000675 seconds
[2019-01-14T12:47:49.100+0000][2866][safepoint    ] Total time for which application threads were stopped: 0.0000306 seconds, Stopping threads took: 0.0000055 seconds
[2019-01-14T12:47:49.101+0000][2866][safepoint    ] Application time: 0.0000262 seconds
[2019-01-14T12:47:49.101+0000][2866][safepoint    ] Total time for which application threads were stopped: 0.0000249 seconds, Stopping threads took: 0.0000049 seconds
[2019-01-14T12:47:49.101+0000][2866][safepoint    ] Application time: 0.0000488 seconds
[2019-01-14T12:47:49.101+0000][2866][safepoint    ] Total time for which application threads were stopped: 0.0000265 seconds, Stopping threads took: 0.0000051 seconds
[2019-01-14T12:47:49.101+0000][2866][safepoint    ] Application time: 0.0000167 seconds
[2019-01-14T12:47:49.101+0000][2866][safepoint    ] Total time for which application threads were stopped: 0.0000333 seconds, Stopping threads took: 0.0000078 seconds
[2019-01-14T12:47:49.101+0000][2866][safepoint    ] Application time: 0.0000268 seconds
[2019-01-14T12:47:49.101+0000][2866][safepoint    ] Total time for which application threads were stopped: 0.0000239 seconds, Stopping threads took: 0.0000047 seconds
[2019-01-14T12:47:49.140+0000][2866][safepoint    ] Application time: 0.0393242 seconds
[2019-01-14T12:47:49.140+0000][2866][safepoint    ] Total time for which application threads were stopped: 0.0001548 seconds, Stopping threads took: 0.0000741 seconds
[2019-01-14T12:47:49.140+0000][2866][safepoint    ] Application time: 0.0000295 seconds
[2019-01-14T12:47:49.140+0000][2866][safepoint    ] Total time for which application threads were stopped: 0.0000260 seconds, Stopping threads took: 0.0000010 seconds
[2019-01-14T12:47:49.140+0000][2866][safepoint    ] Application time: 0.0000196 seconds
[2019-01-14T12:47:49.140+0000][2866][safepoint    ] Total time for which application threads were stopped: 0.0000197 seconds, Stopping threads took: 0.0000008 seconds
[2019-01-14T12:47:49.140+0000][2866][safepoint    ] Application time: 0.0000162 seconds
[2019-01-14T12:47:49.140+0000][2866][safepoint    ] Total time for which application threads were stopped: 0.0000266 seconds, Stopping threads took: 0.0000020 seconds
[2019-01-14T12:47:49.141+0000][2866][safepoint    ] Application time: 0.0000922 seconds
[2019-01-14T12:47:49.141+0000][2866][safepoint    ] Total time for which application threads were stopped: 0.0000199 seconds, Stopping threads took: 0.0000009 seconds
[2019-01-14T12:47:49.141+0000][2866][safepoint    ] Application time: 0.0000184 seconds
[2019-01-14T12:47:49.141+0000][2866][safepoint    ] Total time for which application threads were stopped: 0.0000205 seconds, Stopping threads took: 0.0000007 seconds
[2019-01-14T12:47:49.141+0000][2866][safepoint    ] Application time: 0.0003270 seconds
[2019-01-14T12:47:49.141+0000][2866][safepoint    ] Total time for which application threads were stopped: 0.0000275 seconds, Stopping threads took: 0.0000017 seconds
[2019-01-14T12:47:49.141+0000][2866][safepoint    ] Application time: 0.0000439 seconds
[2019-01-14T12:47:49.141+0000][2866][safepoint    ] Total time for which application threads were stopped: 0.0000251 seconds, Stopping threads took: 0.0000010 seconds
[2019-01-14T12:47:49.141+0000][2866][safepoint    ] Application time: 0.0000872 seconds
[2019-01-14T12:47:49.141+0000][2866][safepoint    ] Total time for which application threads were stopped: 0.0000222 seconds, Stopping threads took: 0.0000011 seconds
[2019-01-14T12:47:49.141+0000][2866][safepoint    ] Application time: 0.0000854 seconds
[2019-01-14T12:47:49.141+0000][2866][safepoint    ] Total time for which application threads were stopped: 0.0000381 seconds, Stopping threads took: 0.0000031 seconds
[2019-01-14T12:47:49.141+0000][2866][safepoint    ] Application time: 0.0000202 seconds
[2019-01-14T12:47:49.141+0000][2866][safepoint    ] Total time for which application threads were stopped: 0.0000196 seconds, Stopping threads took: 0.0000008 seconds
[2019-01-14T12:47:49.141+0000][2866][safepoint    ] Application time: 0.0000130 seconds
[2019-01-14T12:47:49.142+0000][2866][safepoint    ] Total time for which application threads were stopped: 0.0000183 seconds, Stopping threads took: 0.0000009 seconds
[2019-01-14T12:47:49.142+0000][2866][safepoint    ] Application time: 0.0002443 seconds
[2019-01-14T12:47:49.142+0000][2866][safepoint    ] Total time for which application threads were stopped: 0.0000269 seconds, Stopping threads took: 0.0000019 seconds
[2019-01-14T12:47:49.142+0000][2866][safepoint    ] Application time: 0.0002973 seconds
[2019-01-14T12:47:49.142+0000][2866][safepoint    ] Total time for which application threads were stopped: 0.0000238 seconds, Stopping threads took: 0.0000014 seconds
[2019-01-14T12:47:49.142+0000][2866][safepoint    ] Application time: 0.0000901 seconds
[2019-01-14T12:47:49.142+0000][2866][safepoint    ] Total time for which application threads were stopped: 0.0000257 seconds, Stopping threads took: 0.0000024 seconds
[2019-01-14T12:47:49.142+0000][2866][safepoint    ] Application time: 0.0000174 seconds
[2019-01-14T12:47:49.142+0000][2866][safepoint    ] Total time for which application threads were stopped: 0.0000157 seconds, Stopping threads took: 0.0000009 seconds
[2019-01-14T12:47:49.143+0000][2866][safepoint    ] Application time: 0.0002448 seconds
[2019-01-14T12:47:49.143+0000][2866][safepoint    ] Total time for which application threads were stopped: 0.0000185 seconds, Stopping threads took: 0.0000014 seconds
[2019-01-14T12:47:49.143+0000][2866][safepoint    ] Application time: 0.0002602 seconds
[2019-01-14T12:47:49.143+0000][2866][safepoint    ] Total time for which application threads were stopped: 0.0000261 seconds, Stopping threads took: 0.0000016 seconds
[2019-01-14T12:47:49.143+0000][2866][safepoint    ] Application time: 0.0000191 seconds
[2019-01-14T12:47:49.143+0000][2866][safepoint    ] Total time for which application threads were stopped: 0.0000131 seconds, Stopping threads took: 0.0000008 seconds
[2019-01-14T12:47:49.143+0000][2866][safepoint    ] Application time: 0.0000160 seconds
[2019-01-14T12:47:49.143+0000][2866][safepoint    ] Total time for which application threads were stopped: 0.0000163 seconds, Stopping threads took: 0.0000006 seconds
[2019-01-14T12:47:49.143+0000][2866][safepoint    ] Application time: 0.0000208 seconds
[2019-01-14T12:47:49.143+0000][2866][safepoint    ] Total time for which application threads were stopped: 0.0000118 seconds, Stopping threads took: 0.0000007 seconds
[2019-01-14T12:47:49.143+0000][2866][safepoint    ] Application time: 0.0000169 seconds
[2019-01-14T12:47:49.143+0000][2866][safepoint    ] Total time for which application threads were stopped: 0.0000163 seconds, Stopping threads took: 0.0000007 seconds
[2019-01-14T12:47:49.146+0000][2866][safepoint    ] Application time: 0.0029036 seconds
[2019-01-14T12:47:49.146+0000][2866][safepoint    ] Total time for which application threads were stopped: 0.0000609 seconds, Stopping threads took: 0.0000058 seconds
[2019-01-14T12:47:49.147+0000][2866][safepoint    ] Application time: 0.0006015 seconds
[2019-01-14T12:47:49.147+0000][2866][safepoint    ] Total time for which application threads were stopped: 0.0000437 seconds, Stopping threads took: 0.0000030 seconds
[2019-01-14T12:47:49.147+0000][2866][safepoint    ] Application time: 0.0000749 seconds
[2019-01-14T12:47:49.147+0000][2866][safepoint    ] Total time for which application threads were stopped: 0.0000295 seconds, Stopping threads took: 0.0000013 seconds
[2019-01-14T12:47:49.147+0000][2866][safepoint    ] Application time: 0.0000192 seconds
[2019-01-14T12:47:49.147+0000][2866][safepoint    ] Total time for which application threads were stopped: 0.0000218 seconds, Stopping threads took: 0.0000008 seconds
[2019-01-14T12:47:49.147+0000][2866][safepoint    ] Application time: 0.0001584 seconds
[2019-01-14T12:47:49.147+0000][2866][safepoint    ] Total time for which application threads were stopped: 0.0000900 seconds, Stopping threads took: 0.0000018 seconds
[2019-01-14T12:47:49.149+0000][2866][safepoint    ] Application time: 0.0016060 seconds
[2019-01-14T12:47:49.149+0000][2866][safepoint    ] Total time for which application threads were stopped: 0.0000627 seconds, Stopping threads took: 0.0000034 seconds
[2019-01-14T12:47:49.149+0000][2866][safepoint    ] Application time: 0.0004113 seconds
[2019-01-14T12:47:49.149+0000][2866][safepoint    ] Total time for which application threads were stopped: 0.0000507 seconds, Stopping threads took: 0.0000030 seconds
[2019-01-14T12:47:49.149+0000][2866][safepoint    ] Application time: 0.0000236 seconds
[2019-01-14T12:47:49.150+0000][2866][safepoint    ] Total time for which application threads were stopped: 0.0000226 seconds, Stopping threads took: 0.0000010 seconds
[2019-01-14T12:47:49.150+0000][2866][safepoint    ] Application time: 0.0000173 seconds
[2019-01-14T12:47:49.150+0000][2866][safepoint    ] Total time for which application threads were stopped: 0.0000218 seconds, Stopping threads took: 0.0000011 seconds
[2019-01-14T12:47:49.507+0000][2866][safepoint    ] Application time: 0.3578813 seconds
[2019-01-14T12:47:49.508+0000][2866][safepoint    ] Total time for which application threads were stopped: 0.0001059 seconds, Stopping threads took: 0.0000172 seconds
[2019-01-14T12:47:49.508+0000][2866][safepoint    ] Application time: 0.0002519 seconds
[2019-01-14T12:47:49.508+0000][2866][safepoint    ] Total time for which application threads were stopped: 0.0000608 seconds, Stopping threads took: 0.0000169 seconds
[2019-01-14T12:47:49.735+0000][2866][safepoint    ] Application time: 0.2272913 seconds
[2019-01-14T12:47:49.735+0000][2866][safepoint    ] Total time for which application threads were stopped: 0.0001054 seconds, Stopping threads took: 0.0000130 seconds
[2019-01-14T12:47:49.736+0000][2866][safepoint    ] Application time: 0.0002919 seconds
[2019-01-14T12:47:49.736+0000][2866][safepoint    ] Total time for which application threads were stopped: 0.0000321 seconds, Stopping threads took: 0.0000095 seconds
[2019-01-14T12:47:49.736+0000][2866][safepoint    ] Application time: 0.0002805 seconds
[2019-01-14T12:47:49.736+0000][2866][safepoint    ] Total time for which application threads were stopped: 0.0000217 seconds, Stopping threads took: 0.0000074 seconds
[2019-01-14T12:47:49.736+0000][2866][safepoint    ] Application time: 0.0001056 seconds
[2019-01-14T12:47:49.736+0000][2866][safepoint    ] Total time for which application threads were stopped: 0.0000220 seconds, Stopping threads took: 0.0000076 seconds
[2019-01-14T12:47:49.736+0000][2866][safepoint    ] Application time: 0.0000733 seconds
[2019-01-14T12:47:49.736+0000][2866][safepoint    ] Total time for which application threads were stopped: 0.0001017 seconds, Stopping threads took: 0.0000651 seconds
[2019-01-14T12:47:49.737+0000][2866][safepoint    ] Application time: 0.0002365 seconds
[2019-01-14T12:47:49.737+0000][2866][safepoint    ] Total time for which application threads were stopped: 0.0000519 seconds, Stopping threads took: 0.0000316 seconds
[2019-01-14T12:47:49.737+0000][2866][safepoint    ] Application time: 0.0000708 seconds
[2019-01-14T12:47:49.737+0000][2866][safepoint    ] Total time for which application threads were stopped: 0.0000654 seconds, Stopping threads took: 0.0000133 seconds
[2019-01-14T12:47:49.737+0000][2866][safepoint    ] Application time: 0.0000899 seconds
[2019-01-14T12:47:49.737+0000][2866][safepoint    ] Total time for which application threads were stopped: 0.0000153 seconds, Stopping threads took: 0.0000026 seconds
[2019-01-14T12:47:49.894+0000][2866][safepoint    ] Application time: 0.1571507 seconds
[2019-01-14T12:47:49.894+0000][2866][safepoint    ] Total time for which application threads were stopped: 0.0000866 seconds, Stopping threads took: 0.0000057 seconds
[2019-01-14T12:47:49.896+0000][2866][safepoint    ] Application time: 0.0012171 seconds
[2019-01-14T12:47:49.896+0000][2866][safepoint    ] Total time for which application threads were stopped: 0.0000582 seconds, Stopping threads took: 0.0000120 seconds
[2019-01-14T12:47:50.044+0000][2866][safepoint    ] Application time: 0.1481025 seconds
[2019-01-14T12:47:50.044+0000][2866][safepoint    ] Total time for which application threads were stopped: 0.0001113 seconds, Stopping threads took: 0.0000377 seconds
[2019-01-14T12:47:50.653+0000][2866][safepoint    ] Application time: 0.6093084 seconds
[2019-01-14T12:47:50.653+0000][2866][safepoint    ] Total time for which application threads were stopped: 0.0000604 seconds, Stopping threads took: 0.0000147 seconds
[2019-01-14T12:47:50.654+0000][2866][safepoint    ] Application time: 0.0003399 seconds
[2019-01-14T12:47:50.654+0000][2866][safepoint    ] Total time for which application threads were stopped: 0.0000875 seconds, Stopping threads took: 0.0000080 seconds
[2019-01-14T12:47:50.898+0000][2866][safepoint    ] Application time: 0.2444248 seconds
[2019-01-14T12:47:50.898+0000][2866][safepoint    ] Total time for which application threads were stopped: 0.0000504 seconds, Stopping threads took: 0.0000119 seconds
[2019-01-14T12:47:50.898+0000][2866][safepoint    ] Application time: 0.0000365 seconds
[2019-01-14T12:47:50.899+0000][2866][safepoint    ] Total time for which application threads were stopped: 0.0000231 seconds, Stopping threads took: 0.0000054 seconds
[2019-01-14T12:47:50.899+0000][2866][safepoint    ] Application time: 0.0000318 seconds
[2019-01-14T12:47:50.899+0000][2866][safepoint    ] Total time for which application threads were stopped: 0.0000188 seconds, Stopping threads took: 0.0000051 seconds
[2019-01-14T12:47:51.304+0000][2866][safepoint    ] Application time: 0.4057414 seconds
[2019-01-14T12:47:51.304+0000][2866][gc,start     ] GC(20) Pause Young (Allocation Failure)
[2019-01-14T12:47:51.305+0000][2866][gc,task      ] GC(20) Using 2 workers of 2 for evacuation
[2019-01-14T12:47:51.340+0000][2866][gc,age       ] GC(20) Desired survivor size 4456448 bytes, new threshold 2 (max threshold 6)
[2019-01-14T12:47:51.340+0000][2866][gc,age       ] GC(20) Age table with threshold 2 (max threshold 6)
[2019-01-14T12:47:51.340+0000][2866][gc,age       ] GC(20) - age   1:    1677424 bytes,    1677424 total
[2019-01-14T12:47:51.340+0000][2866][gc,age       ] GC(20) - age   2:    3241584 bytes,    4919008 total
[2019-01-14T12:47:51.340+0000][2866][gc,heap      ] GC(20) ParNew: 77380K->7359K(78656K)
[2019-01-14T12:47:51.340+0000][2866][gc,heap      ] GC(20) CMS: 46275K->48690K(174784K)
[2019-01-14T12:47:51.340+0000][2866][gc,metaspace ] GC(20) Metaspace: 58436K->58436K(1103872K)
[2019-01-14T12:47:51.340+0000][2866][gc           ] GC(20) Pause Young (Allocation Failure) 120M->54M(247M) 35.671ms
[2019-01-14T12:47:51.340+0000][2866][gc,cpu       ] GC(20) User=0.06s Sys=0.00s Real=0.03s
[2019-01-14T12:47:51.340+0000][2866][safepoint    ] Total time for which application threads were stopped: 0.0358144 seconds, Stopping threads took: 0.0000063 seconds
[2019-01-14T12:47:51.901+0000][2866][safepoint    ] Application time: 0.5604821 seconds
[2019-01-14T12:47:51.901+0000][2866][safepoint    ] Total time for which application threads were stopped: 0.0000699 seconds, Stopping threads took: 0.0000050 seconds
[2019-01-14T12:47:52.341+0000][2866][safepoint    ] Application time: 0.4399124 seconds
[2019-01-14T12:47:52.444+0000][2866][safepoint    ] Total time for which application threads were stopped: 0.1030442 seconds, Stopping threads took: 0.1026657 seconds
[2019-01-14T12:47:52.444+0000][2866][safepoint    ] Application time: 0.0000584 seconds
[2019-01-14T12:47:52.444+0000][2866][safepoint    ] Total time for which application threads were stopped: 0.0000293 seconds, Stopping threads took: 0.0000030 seconds
[2019-01-14T12:47:52.444+0000][2866][safepoint    ] Application time: 0.0000458 seconds
[2019-01-14T12:47:52.444+0000][2866][safepoint    ] Total time for which application threads were stopped: 0.0000497 seconds, Stopping threads took: 0.0000204 seconds
[2019-01-14T12:47:52.444+0000][2866][safepoint    ] Application time: 0.0000540 seconds
[2019-01-14T12:47:52.444+0000][2866][safepoint    ] Total time for which application threads were stopped: 0.0000693 seconds, Stopping threads took: 0.0000301 seconds
[2019-01-14T12:47:52.902+0000][2866][safepoint    ] Application time: 0.4573871 seconds
[2019-01-14T12:47:52.902+0000][2866][safepoint    ] Total time for which application threads were stopped: 0.0000775 seconds, Stopping threads took: 0.0000271 seconds
[2019-01-14T12:47:53.556+0000][2866][safepoint    ] Application time: 0.6548127 seconds
[2019-01-14T12:47:53.560+0000][2866][safepoint    ] Total time for which application threads were stopped: 0.0037076 seconds, Stopping threads took: 0.0032817 seconds
[2019-01-14T12:47:53.567+0000][2866][safepoint    ] Application time: 0.0069841 seconds
[2019-01-14T12:47:53.567+0000][2866][safepoint    ] Total time for which application threads were stopped: 0.0000743 seconds, Stopping threads took: 0.0000104 seconds
[2019-01-14T12:47:53.567+0000][2866][safepoint    ] Application time: 0.0001025 seconds
[2019-01-14T12:47:53.568+0000][2866][safepoint    ] Total time for which application threads were stopped: 0.0000283 seconds, Stopping threads took: 0.0000064 seconds
[2019-01-14T12:47:53.570+0000][2866][safepoint    ] Application time: 0.0029435 seconds
[2019-01-14T12:47:53.571+0000][2866][safepoint    ] Total time for which application threads were stopped: 0.0000559 seconds, Stopping threads took: 0.0000123 seconds
[2019-01-14T12:47:53.920+0000][2866][safepoint    ] Application time: 0.3492545 seconds
[2019-01-14T12:47:53.921+0000][2866][safepoint    ] Total time for which application threads were stopped: 0.0012653 seconds, Stopping threads took: 0.0000061 seconds
[2019-01-14T12:47:54.613+0000][2866][safepoint    ] Application time: 0.6914183 seconds
[2019-01-14T12:47:54.616+0000][2866][safepoint    ] Total time for which application threads were stopped: 0.0034447 seconds, Stopping threads took: 0.0033781 seconds
[2019-01-14T12:47:55.149+0000][2866][safepoint    ] Application time: 0.5332059 seconds
[2019-01-14T12:47:55.149+0000][2866][gc,start     ] GC(21) Pause Young (Allocation Failure)
[2019-01-14T12:47:55.149+0000][2866][gc,task      ] GC(21) Using 2 workers of 2 for evacuation
[2019-01-14T12:47:55.187+0000][2866][gc,age       ] GC(21) Desired survivor size 4456448 bytes, new threshold 2 (max threshold 6)
[2019-01-14T12:47:55.187+0000][2866][gc,age       ] GC(21) Age table with threshold 2 (max threshold 6)
[2019-01-14T12:47:55.187+0000][2866][gc,age       ] GC(21) - age   1:    3719152 bytes,    3719152 total
[2019-01-14T12:47:55.187+0000][2866][gc,age       ] GC(21) - age   2:    1507632 bytes,    5226784 total
[2019-01-14T12:47:55.187+0000][2866][gc,heap      ] GC(21) ParNew: 77311K->7243K(78656K)
[2019-01-14T12:47:55.187+0000][2866][gc,heap      ] GC(21) CMS: 48690K->51945K(174784K)
[2019-01-14T12:47:55.187+0000][2866][gc,metaspace ] GC(21) Metaspace: 66179K->66179K(1110016K)
[2019-01-14T12:47:55.187+0000][2866][gc           ] GC(21) Pause Young (Allocation Failure) 123M->57M(247M) 37.339ms
[2019-01-14T12:47:55.187+0000][2866][gc,cpu       ] GC(21) User=0.05s Sys=0.01s Real=0.04s
[2019-01-14T12:47:55.187+0000][2866][safepoint    ] Total time for which application threads were stopped: 0.0374479 seconds, Stopping threads took: 0.0000129 seconds
[2019-01-14T12:47:55.873+0000][2866][safepoint    ] Application time: 0.6865634 seconds
[2019-01-14T12:47:55.873+0000][2866][safepoint    ] Total time for which application threads were stopped: 0.0000662 seconds, Stopping threads took: 0.0000067 seconds
[2019-01-14T12:47:56.388+0000][2866][safepoint    ] Application time: 0.5142473 seconds
[2019-01-14T12:47:56.389+0000][2866][safepoint    ] Total time for which application threads were stopped: 0.0007833 seconds, Stopping threads took: 0.0000048 seconds
[2019-01-14T12:47:56.416+0000][2866][safepoint    ] Application time: 0.0273650 seconds
[2019-01-14T12:47:56.417+0000][2866][safepoint    ] Total time for which application threads were stopped: 0.0008439 seconds, Stopping threads took: 0.0000063 seconds
[2019-01-14T12:47:56.419+0000][2866][safepoint    ] Application time: 0.0021025 seconds
[2019-01-14T12:47:56.419+0000][2866][safepoint    ] Total time for which application threads were stopped: 0.0000561 seconds, Stopping threads took: 0.0000058 seconds
[2019-01-14T12:47:56.422+0000][2866][safepoint    ] Application time: 0.0025152 seconds
[2019-01-14T12:47:56.422+0000][2866][safepoint    ] Total time for which application threads were stopped: 0.0000484 seconds, Stopping threads took: 0.0000066 seconds
[2019-01-14T12:47:56.422+0000][2866][safepoint    ] Application time: 0.0005766 seconds
[2019-01-14T12:47:56.422+0000][2866][safepoint    ] Total time for which application threads were stopped: 0.0000513 seconds, Stopping threads took: 0.0000054 seconds
[2019-01-14T12:47:56.423+0000][2866][safepoint    ] Application time: 0.0008733 seconds
[2019-01-14T12:47:56.423+0000][2866][safepoint    ] Total time for which application threads were stopped: 0.0000694 seconds, Stopping threads took: 0.0000084 seconds
[2019-01-14T12:47:56.425+0000][2866][safepoint    ] Application time: 0.0020273 seconds
[2019-01-14T12:47:56.426+0000][2866][safepoint    ] Total time for which application threads were stopped: 0.0001815 seconds, Stopping threads took: 0.0000360 seconds
[2019-01-14T12:47:56.426+0000][2866][safepoint    ] Application time: 0.0002977 seconds
[2019-01-14T12:47:56.426+0000][2866][safepoint    ] Total time for which application threads were stopped: 0.0000432 seconds, Stopping threads took: 0.0000054 seconds
[2019-01-14T12:47:56.426+0000][2866][safepoint    ] Application time: 0.0002600 seconds
[2019-01-14T12:47:56.426+0000][2866][safepoint    ] Total time for which application threads were stopped: 0.0000260 seconds, Stopping threads took: 0.0000024 seconds
[2019-01-14T12:47:56.427+0000][2866][safepoint    ] Application time: 0.0002987 seconds
[2019-01-14T12:47:56.427+0000][2866][safepoint    ] Total time for which application threads were stopped: 0.0000321 seconds, Stopping threads took: 0.0000028 seconds
[2019-01-14T12:47:56.427+0000][2866][safepoint    ] Application time: 0.0004244 seconds
[2019-01-14T12:47:56.427+0000][2866][safepoint    ] Total time for which application threads were stopped: 0.0000351 seconds, Stopping threads took: 0.0000033 seconds
[2019-01-14T12:47:56.427+0000][2866][safepoint    ] Application time: 0.0002716 seconds
[2019-01-14T12:47:56.428+0000][2866][safepoint    ] Total time for which application threads were stopped: 0.0003148 seconds, Stopping threads took: 0.0000028 seconds
[2019-01-14T12:47:56.428+0000][2866][safepoint    ] Application time: 0.0000869 seconds
[2019-01-14T12:47:56.428+0000][2866][safepoint    ] Total time for which application threads were stopped: 0.0000749 seconds, Stopping threads took: 0.0000033 seconds
[2019-01-14T12:47:56.429+0000][2866][safepoint    ] Application time: 0.0009166 seconds
[2019-01-14T12:47:56.429+0000][2866][safepoint    ] Total time for which application threads were stopped: 0.0000335 seconds, Stopping threads took: 0.0000035 seconds
[2019-01-14T12:47:56.432+0000][2866][safepoint    ] Application time: 0.0033396 seconds
[2019-01-14T12:47:56.432+0000][2866][safepoint    ] Total time for which application threads were stopped: 0.0000799 seconds, Stopping threads took: 0.0000166 seconds
[2019-01-14T12:47:56.433+0000][2866][safepoint    ] Application time: 0.0003698 seconds
[2019-01-14T12:47:56.433+0000][2866][safepoint    ] Total time for which application threads were stopped: 0.0001316 seconds, Stopping threads took: 0.0000680 seconds
[2019-01-14T12:47:56.509+0000][2866][safepoint    ] Application time: 0.0759961 seconds
[2019-01-14T12:47:56.509+0000][2866][safepoint    ] Total time for which application threads were stopped: 0.0000517 seconds, Stopping threads took: 0.0000057 seconds
[2019-01-14T12:47:56.509+0000][2866][safepoint    ] Application time: 0.0003399 seconds
[2019-01-14T12:47:56.510+0000][2866][safepoint    ] Total time for which application threads were stopped: 0.0004299 seconds, Stopping threads took: 0.0000030 seconds
[2019-01-14T12:47:56.511+0000][2866][safepoint    ] Application time: 0.0016161 seconds
[2019-01-14T12:47:56.512+0000][2866][safepoint    ] Total time for which application threads were stopped: 0.0001024 seconds, Stopping threads took: 0.0000667 seconds
[2019-01-14T12:47:56.512+0000][2866][safepoint    ] Application time: 0.0001250 seconds
[2019-01-14T12:47:56.512+0000][2866][safepoint    ] Total time for which application threads were stopped: 0.0000295 seconds, Stopping threads took: 0.0000083 seconds
[2019-01-14T12:47:56.512+0000][2866][safepoint    ] Application time: 0.0000586 seconds
[2019-01-14T12:47:56.512+0000][2866][safepoint    ] Total time for which application threads were stopped: 0.0000261 seconds, Stopping threads took: 0.0000069 seconds
[2019-01-14T12:47:56.512+0000][2866][safepoint    ] Application time: 0.0000771 seconds
[2019-01-14T12:47:56.512+0000][2866][safepoint    ] Total time for which application threads were stopped: 0.0000285 seconds, Stopping threads took: 0.0000093 seconds
[2019-01-14T12:47:56.512+0000][2866][safepoint    ] Application time: 0.0000674 seconds
[2019-01-14T12:47:56.512+0000][2866][safepoint    ] Total time for which application threads were stopped: 0.0000267 seconds, Stopping threads took: 0.0000077 seconds
[2019-01-14T12:47:56.618+0000][2866][safepoint    ] Application time: 0.1054825 seconds
[2019-01-14T12:47:56.618+0000][2866][safepoint    ] Total time for which application threads were stopped: 0.0000790 seconds, Stopping threads took: 0.0000055 seconds
[2019-01-14T12:47:56.618+0000][2866][safepoint    ] Application time: 0.0000352 seconds
[2019-01-14T12:47:56.618+0000][2866][safepoint    ] Total time for which application threads were stopped: 0.0000246 seconds, Stopping threads took: 0.0000018 seconds
[2019-01-14T12:47:56.618+0000][2866][safepoint    ] Application time: 0.0000173 seconds
[2019-01-14T12:47:56.618+0000][2866][safepoint    ] Total time for which application threads were stopped: 0.0000179 seconds, Stopping threads took: 0.0000012 seconds
[2019-01-14T12:47:56.618+0000][2866][safepoint    ] Application time: 0.0000159 seconds
[2019-01-14T12:47:56.618+0000][2866][safepoint    ] Total time for which application threads were stopped: 0.0000171 seconds, Stopping threads took: 0.0000010 seconds
[2019-01-14T12:47:56.618+0000][2866][safepoint    ] Application time: 0.0000158 seconds
[2019-01-14T12:47:56.618+0000][2866][safepoint    ] Total time for which application threads were stopped: 0.0000589 seconds, Stopping threads took: 0.0000009 seconds
[2019-01-14T12:47:56.618+0000][2866][safepoint    ] Application time: 0.0000250 seconds
[2019-01-14T12:47:56.618+0000][2866][safepoint    ] Total time for which application threads were stopped: 0.0000191 seconds, Stopping threads took: 0.0000013 seconds
[2019-01-14T12:47:56.618+0000][2866][safepoint    ] Application time: 0.0000167 seconds
[2019-01-14T12:47:56.618+0000][2866][safepoint    ] Total time for which application threads were stopped: 0.0000176 seconds, Stopping threads took: 0.0000009 seconds
[2019-01-14T12:47:56.618+0000][2866][safepoint    ] Application time: 0.0000180 seconds
[2019-01-14T12:47:56.618+0000][2866][safepoint    ] Total time for which application threads were stopped: 0.0000171 seconds, Stopping threads took: 0.0000009 seconds
[2019-01-14T12:47:56.641+0000][2866][safepoint    ] Application time: 0.0223476 seconds
[2019-01-14T12:47:56.641+0000][2866][safepoint    ] Total time for which application threads were stopped: 0.0000589 seconds, Stopping threads took: 0.0000060 seconds
[2019-01-14T12:47:56.644+0000][2866][safepoint    ] Application time: 0.0033861 seconds
[2019-01-14T12:47:56.650+0000][2866][safepoint    ] Total time for which application threads were stopped: 0.0062258 seconds, Stopping threads took: 0.0061478 seconds
[2019-01-14T12:47:56.652+0000][2866][safepoint    ] Application time: 0.0014822 seconds
[2019-01-14T12:47:56.653+0000][2866][safepoint    ] Total time for which application threads were stopped: 0.0014010 seconds, Stopping threads took: 0.0000056 seconds
[2019-01-14T12:47:56.654+0000][2866][safepoint    ] Application time: 0.0003638 seconds
[2019-01-14T12:47:56.654+0000][2866][safepoint    ] Total time for which application threads were stopped: 0.0000613 seconds, Stopping threads took: 0.0000053 seconds
[2019-01-14T12:47:56.654+0000][2866][safepoint    ] Application time: 0.0000257 seconds
[2019-01-14T12:47:56.654+0000][2866][safepoint    ] Total time for which application threads were stopped: 0.0000233 seconds, Stopping threads took: 0.0000014 seconds
[2019-01-14T12:47:56.659+0000][2866][safepoint    ] Application time: 0.0047641 seconds
[2019-01-14T12:47:56.659+0000][2866][safepoint    ] Total time for which application threads were stopped: 0.0000625 seconds, Stopping threads took: 0.0000105 seconds
[2019-01-14T12:47:56.888+0000][2866][safepoint    ] Application time: 0.2296083 seconds
[2019-01-14T12:47:56.915+0000][2866][safepoint    ] Total time for which application threads were stopped: 0.0263267 seconds, Stopping threads took: 0.0261977 seconds
[2019-01-14T12:47:56.916+0000][2866][safepoint    ] Application time: 0.0015193 seconds
[2019-01-14T12:47:56.923+0000][2866][safepoint    ] Total time for which application threads were stopped: 0.0069326 seconds, Stopping threads took: 0.0068790 seconds
[2019-01-14T12:47:56.924+0000][2866][safepoint    ] Application time: 0.0004254 seconds
[2019-01-14T12:47:56.924+0000][2866][safepoint    ] Total time for which application threads were stopped: 0.0000413 seconds, Stopping threads took: 0.0000062 seconds
[2019-01-14T12:47:56.925+0000][2866][safepoint    ] Application time: 0.0014312 seconds
[2019-01-14T12:47:56.932+0000][2866][safepoint    ] Total time for which application threads were stopped: 0.0069055 seconds, Stopping threads took: 0.0068526 seconds
[2019-01-14T12:47:56.932+0000][2866][safepoint    ] Application time: 0.0001714 seconds
[2019-01-14T12:47:56.932+0000][2866][safepoint    ] Total time for which application threads were stopped: 0.0000798 seconds, Stopping threads took: 0.0000210 seconds
[2019-01-14T12:47:56.933+0000][2866][safepoint    ] Application time: 0.0008964 seconds
[2019-01-14T12:47:56.934+0000][2866][safepoint    ] Total time for which application threads were stopped: 0.0005645 seconds, Stopping threads took: 0.0005103 seconds
[2019-01-14T12:47:56.934+0000][2866][safepoint    ] Application time: 0.0001907 seconds
[2019-01-14T12:47:56.943+0000][2866][safepoint    ] Total time for which application threads were stopped: 0.0085801 seconds, Stopping threads took: 0.0085307 seconds
[2019-01-14T12:47:56.943+0000][2866][safepoint    ] Application time: 0.0003374 seconds
[2019-01-14T12:47:56.946+0000][2866][safepoint    ] Total time for which application threads were stopped: 0.0030781 seconds, Stopping threads took: 0.0029879 seconds
[2019-01-14T12:47:56.946+0000][2866][safepoint    ] Application time: 0.0000682 seconds
[2019-01-14T12:47:56.946+0000][2866][safepoint    ] Total time for which application threads were stopped: 0.0000472 seconds, Stopping threads took: 0.0000155 seconds
[2019-01-14T12:47:56.947+0000][2866][safepoint    ] Application time: 0.0009545 seconds
[2019-01-14T12:47:56.950+0000][2866][safepoint    ] Total time for which application threads were stopped: 0.0027946 seconds, Stopping threads took: 0.0026547 seconds
[2019-01-14T12:47:56.950+0000][2866][safepoint    ] Application time: 0.0003252 seconds
[2019-01-14T12:47:56.951+0000][2866][safepoint    ] Total time for which application threads were stopped: 0.0003685 seconds, Stopping threads took: 0.0003286 seconds
[2019-01-14T12:47:56.951+0000][2866][safepoint    ] Application time: 0.0003712 seconds
[2019-01-14T12:47:56.951+0000][2866][safepoint    ] Total time for which application threads were stopped: 0.0000295 seconds, Stopping threads took: 0.0000029 seconds
[2019-01-14T12:47:56.951+0000][2866][safepoint    ] Application time: 0.0000301 seconds
[2019-01-14T12:47:56.951+0000][2866][safepoint    ] Total time for which application threads were stopped: 0.0000245 seconds, Stopping threads took: 0.0000026 seconds
[2019-01-14T12:47:56.951+0000][2866][safepoint    ] Application time: 0.0000094 seconds
[2019-01-14T12:47:56.951+0000][2866][safepoint    ] Total time for which application threads were stopped: 0.0000189 seconds, Stopping threads took: 0.0000011 seconds
[2019-01-14T12:47:56.952+0000][2866][safepoint    ] Application time: 0.0005438 seconds
[2019-01-14T12:47:56.952+0000][2866][safepoint    ] Total time for which application threads were stopped: 0.0002476 seconds, Stopping threads took: 0.0002190 seconds
[2019-01-14T12:47:56.953+0000][2866][safepoint    ] Application time: 0.0003814 seconds
[2019-01-14T12:47:56.953+0000][2866][safepoint    ] Total time for which application threads were stopped: 0.0001386 seconds, Stopping threads took: 0.0001126 seconds
[2019-01-14T12:47:56.954+0000][2866][safepoint    ] Application time: 0.0017339 seconds
[2019-01-14T12:47:56.955+0000][2866][safepoint    ] Total time for which application threads were stopped: 0.0002118 seconds, Stopping threads took: 0.0001769 seconds
[2019-01-14T12:47:56.955+0000][2866][safepoint    ] Application time: 0.0002147 seconds
[2019-01-14T12:47:56.955+0000][2866][safepoint    ] Total time for which application threads were stopped: 0.0000686 seconds, Stopping threads took: 0.0000121 seconds
[2019-01-14T12:47:56.955+0000][2866][safepoint    ] Application time: 0.0001768 seconds
[2019-01-14T12:47:56.955+0000][2866][safepoint    ] Total time for which application threads were stopped: 0.0000524 seconds, Stopping threads took: 0.0000187 seconds
[2019-01-14T12:47:56.957+0000][2866][safepoint    ] Application time: 0.0012611 seconds
[2019-01-14T12:47:56.957+0000][2866][safepoint    ] Total time for which application threads were stopped: 0.0000826 seconds, Stopping threads took: 0.0000358 seconds
[2019-01-14T12:47:56.957+0000][2866][safepoint    ] Application time: 0.0003474 seconds
[2019-01-14T12:47:56.957+0000][2866][safepoint    ] Total time for which application threads were stopped: 0.0000545 seconds, Stopping threads took: 0.0000197 seconds
[2019-01-14T12:47:56.957+0000][2866][safepoint    ] Application time: 0.0002092 seconds
[2019-01-14T12:47:57.071+0000][2866][safepoint    ] Total time for which application threads were stopped: 0.1134772 seconds, Stopping threads took: 0.1133963 seconds
[2019-01-14T12:47:57.071+0000][2866][safepoint    ] Application time: 0.0001234 seconds
[2019-01-14T12:47:57.071+0000][2866][safepoint    ] Total time for which application threads were stopped: 0.0001437 seconds, Stopping threads took: 0.0000961 seconds
[2019-01-14T12:47:57.072+0000][2866][safepoint    ] Application time: 0.0009057 seconds
[2019-01-14T12:47:57.174+0000][2866][safepoint    ] Total time for which application threads were stopped: 0.1019719 seconds, Stopping threads took: 0.1018943 seconds
[2019-01-14T12:47:57.176+0000][2866][safepoint    ] Application time: 0.0016434 seconds
[2019-01-14T12:47:57.177+0000][2866][safepoint    ] Total time for which application threads were stopped: 0.0008400 seconds, Stopping threads took: 0.0005283 seconds
[2019-01-14T12:47:57.179+0000][2866][safepoint    ] Application time: 0.0020679 seconds
[2019-01-14T12:47:57.179+0000][2866][safepoint    ] Total time for which application threads were stopped: 0.0001227 seconds, Stopping threads took: 0.0000306 seconds
[2019-01-14T12:47:57.179+0000][2866][safepoint    ] Application time: 0.0003305 seconds
[2019-01-14T12:47:57.179+0000][2866][safepoint    ] Total time for which application threads were stopped: 0.0000923 seconds, Stopping threads took: 0.0000345 seconds
[2019-01-14T12:47:57.180+0000][2866][safepoint    ] Application time: 0.0003818 seconds
[2019-01-14T12:47:57.180+0000][2866][safepoint    ] Total time for which application threads were stopped: 0.0000464 seconds, Stopping threads took: 0.0000042 seconds
[2019-01-14T12:47:57.186+0000][2866][safepoint    ] Application time: 0.0064021 seconds
[2019-01-14T12:47:57.186+0000][2866][safepoint    ] Total time for which application threads were stopped: 0.0001213 seconds, Stopping threads took: 0.0000426 seconds
[2019-01-14T12:47:57.186+0000][2866][safepoint    ] Application time: 0.0000607 seconds
[2019-01-14T12:47:57.186+0000][2866][safepoint    ] Total time for which application threads were stopped: 0.0000540 seconds, Stopping threads took: 0.0000032 seconds
[2019-01-14T12:47:57.187+0000][2866][safepoint    ] Application time: 0.0001024 seconds
[2019-01-14T12:47:57.187+0000][2866][safepoint    ] Total time for which application threads were stopped: 0.0000939 seconds, Stopping threads took: 0.0000409 seconds
[2019-01-14T12:47:57.441+0000][2866][safepoint    ] Application time: 0.2545961 seconds
[2019-01-14T12:47:57.441+0000][2866][safepoint    ] Total time for which application threads were stopped: 0.0001252 seconds, Stopping threads took: 0.0000224 seconds
[2019-01-14T12:47:57.441+0000][2866][safepoint    ] Application time: 0.0000463 seconds
[2019-01-14T12:47:57.442+0000][2866][safepoint    ] Total time for which application threads were stopped: 0.0000360 seconds, Stopping threads took: 0.0000017 seconds
[2019-01-14T12:47:57.454+0000][2866][safepoint    ] Application time: 0.0129248 seconds
[2019-01-14T12:47:57.455+0000][2866][safepoint    ] Total time for which application threads were stopped: 0.0000743 seconds, Stopping threads took: 0.0000156 seconds
[2019-01-14T12:47:57.491+0000][2866][safepoint    ] Application time: 0.0368178 seconds
[2019-01-14T12:47:57.492+0000][2866][safepoint    ] Total time for which application threads were stopped: 0.0000644 seconds, Stopping threads took: 0.0000097 seconds
[2019-01-14T12:47:57.494+0000][2866][safepoint    ] Application time: 0.0023710 seconds
[2019-01-14T12:47:57.494+0000][2866][safepoint    ] Total time for which application threads were stopped: 0.0000923 seconds, Stopping threads took: 0.0000508 seconds
[2019-01-14T12:47:57.494+0000][2866][safepoint    ] Application time: 0.0001289 seconds
[2019-01-14T12:47:57.494+0000][2866][safepoint    ] Total time for which application threads were stopped: 0.0000533 seconds, Stopping threads took: 0.0000258 seconds
[2019-01-14T12:47:57.494+0000][2866][safepoint    ] Application time: 0.0001777 seconds
[2019-01-14T12:47:57.494+0000][2866][safepoint    ] Total time for which application threads were stopped: 0.0000760 seconds, Stopping threads took: 0.0000447 seconds
[2019-01-14T12:47:57.495+0000][2866][safepoint    ] Application time: 0.0001063 seconds
[2019-01-14T12:47:57.495+0000][2866][safepoint    ] Total time for which application threads were stopped: 0.0000517 seconds, Stopping threads took: 0.0000030 seconds
[2019-01-14T12:47:57.497+0000][2866][safepoint    ] Application time: 0.0026477 seconds
[2019-01-14T12:47:57.497+0000][2866][safepoint    ] Total time for which application threads were stopped: 0.0000685 seconds, Stopping threads took: 0.0000202 seconds
[2019-01-14T12:47:57.498+0000][2866][safepoint    ] Application time: 0.0003440 seconds
[2019-01-14T12:47:57.498+0000][2866][safepoint    ] Total time for which application threads were stopped: 0.0000392 seconds, Stopping threads took: 0.0000042 seconds
[2019-01-14T12:47:57.505+0000][2866][safepoint    ] Application time: 0.0067631 seconds
[2019-01-14T12:47:57.505+0000][2866][safepoint    ] Total time for which application threads were stopped: 0.0000860 seconds, Stopping threads took: 0.0000082 seconds
[2019-01-14T12:47:57.506+0000][2866][safepoint    ] Application time: 0.0012252 seconds
[2019-01-14T12:47:57.506+0000][2866][safepoint    ] Total time for which application threads were stopped: 0.0000789 seconds, Stopping threads took: 0.0000334 seconds
[2019-01-14T12:47:57.506+0000][2866][safepoint    ] Application time: 0.0001444 seconds
[2019-01-14T12:47:57.506+0000][2866][safepoint    ] Total time for which application threads were stopped: 0.0000324 seconds, Stopping threads took: 0.0000055 seconds
[2019-01-14T12:47:57.508+0000][2866][safepoint    ] Application time: 0.0019244 seconds
[2019-01-14T12:47:57.508+0000][2866][safepoint    ] Total time for which application threads were stopped: 0.0000958 seconds, Stopping threads took: 0.0000082 seconds
[2019-01-14T12:47:57.509+0000][2866][safepoint    ] Application time: 0.0002934 seconds
[2019-01-14T12:47:57.509+0000][2866][safepoint    ] Total time for which application threads were stopped: 0.0000758 seconds, Stopping threads took: 0.0000330 seconds
[2019-01-14T12:47:57.511+0000][2866][safepoint    ] Application time: 0.0019776 seconds
[2019-01-14T12:47:57.511+0000][2866][safepoint    ] Total time for which application threads were stopped: 0.0000731 seconds, Stopping threads took: 0.0000242 seconds
[2019-01-14T12:47:57.511+0000][2866][safepoint    ] Application time: 0.0003072 seconds
[2019-01-14T12:47:57.512+0000][2866][safepoint    ] Total time for which application threads were stopped: 0.0002819 seconds, Stopping threads took: 0.0000506 seconds
[2019-01-14T12:47:57.513+0000][2866][safepoint    ] Application time: 0.0011903 seconds
[2019-01-14T12:47:57.513+0000][2866][safepoint    ] Total time for which application threads were stopped: 0.0000787 seconds, Stopping threads took: 0.0000104 seconds
[2019-01-14T12:47:57.514+0000][2866][safepoint    ] Application time: 0.0007434 seconds
[2019-01-14T12:47:57.514+0000][2866][safepoint    ] Total time for which application threads were stopped: 0.0001078 seconds, Stopping threads took: 0.0000606 seconds
[2019-01-14T12:47:57.514+0000][2866][safepoint    ] Application time: 0.0005029 seconds
[2019-01-14T12:47:57.515+0000][2866][safepoint    ] Total time for which application threads were stopped: 0.0000517 seconds, Stopping threads took: 0.0000156 seconds
[2019-01-14T12:47:57.516+0000][2866][safepoint    ] Application time: 0.0018061 seconds
[2019-01-14T12:47:57.516+0000][2866][safepoint    ] Total time for which application threads were stopped: 0.0000790 seconds, Stopping threads took: 0.0000337 seconds
[2019-01-14T12:47:57.517+0000][2866][safepoint    ] Application time: 0.0004830 seconds
[2019-01-14T12:47:57.517+0000][2866][safepoint    ] Total time for which application threads were stopped: 0.0000454 seconds, Stopping threads took: 0.0000050 seconds
[2019-01-14T12:47:57.518+0000][2866][safepoint    ] Application time: 0.0009651 seconds
[2019-01-14T12:47:57.518+0000][2866][safepoint    ] Total time for which application threads were stopped: 0.0000953 seconds, Stopping threads took: 0.0000473 seconds
[2019-01-14T12:47:57.521+0000][2866][safepoint    ] Application time: 0.0029758 seconds
[2019-01-14T12:47:57.523+0000][2866][safepoint    ] Total time for which application threads were stopped: 0.0017151 seconds, Stopping threads took: 0.0005695 seconds
[2019-01-14T12:47:57.527+0000][2866][safepoint    ] Application time: 0.0039323 seconds
[2019-01-14T12:47:57.527+0000][2866][safepoint    ] Total time for which application threads were stopped: 0.0000991 seconds, Stopping threads took: 0.0000403 seconds
[2019-01-14T12:47:57.528+0000][2866][safepoint    ] Application time: 0.0010436 seconds
[2019-01-14T12:47:57.528+0000][2866][safepoint    ] Total time for which application threads were stopped: 0.0000501 seconds, Stopping threads took: 0.0000058 seconds
[2019-01-14T12:47:57.529+0000][2866][safepoint    ] Application time: 0.0009098 seconds
[2019-01-14T12:47:57.529+0000][2866][safepoint    ] Total time for which application threads were stopped: 0.0000862 seconds, Stopping threads took: 0.0000478 seconds
[2019-01-14T12:47:57.531+0000][2866][safepoint    ] Application time: 0.0014243 seconds
[2019-01-14T12:47:57.531+0000][2866][safepoint    ] Total time for which application threads were stopped: 0.0001778 seconds, Stopping threads took: 0.0001010 seconds
[2019-01-14T12:47:57.532+0000][2866][safepoint    ] Application time: 0.0008391 seconds
[2019-01-14T12:47:57.532+0000][2866][safepoint    ] Total time for which application threads were stopped: 0.0000384 seconds, Stopping threads took: 0.0000046 seconds
[2019-01-14T12:47:57.890+0000][2866][safepoint    ] Application time: 0.3583235 seconds
[2019-01-14T12:47:57.891+0000][2866][safepoint    ] Total time for which application threads were stopped: 0.0008204 seconds, Stopping threads took: 0.0005778 seconds
[2019-01-14T12:47:57.891+0000][2866][safepoint    ] Application time: 0.0003054 seconds
[2019-01-14T12:47:57.891+0000][2866][safepoint    ] Total time for which application threads were stopped: 0.0000701 seconds, Stopping threads took: 0.0000300 seconds
[2019-01-14T12:47:57.892+0000][2866][safepoint    ] Application time: 0.0001743 seconds
[2019-01-14T12:47:57.892+0000][2866][safepoint    ] Total time for which application threads were stopped: 0.0000300 seconds, Stopping threads took: 0.0000032 seconds
[2019-01-14T12:47:57.892+0000][2866][safepoint    ] Application time: 0.0002110 seconds
[2019-01-14T12:47:57.892+0000][2866][safepoint    ] Total time for which application threads were stopped: 0.0000778 seconds, Stopping threads took: 0.0000373 seconds
[2019-01-14T12:47:57.895+0000][2866][safepoint    ] Application time: 0.0029382 seconds
[2019-01-14T12:47:57.895+0000][2866][safepoint    ] Total time for which application threads were stopped: 0.0001309 seconds, Stopping threads took: 0.0000604 seconds
[2019-01-14T12:47:57.900+0000][2866][safepoint    ] Application time: 0.0052194 seconds
[2019-01-14T12:47:57.900+0000][2866][safepoint    ] Total time for which application threads were stopped: 0.0000799 seconds, Stopping threads took: 0.0000259 seconds
[2019-01-14T12:47:57.902+0000][2866][safepoint    ] Application time: 0.0018020 seconds
[2019-01-14T12:47:57.902+0000][2866][safepoint    ] Total time for which application threads were stopped: 0.0000615 seconds, Stopping threads took: 0.0000084 seconds
[2019-01-14T12:47:57.909+0000][2866][safepoint    ] Application time: 0.0061367 seconds
[2019-01-14T12:47:57.909+0000][2866][safepoint    ] Total time for which application threads were stopped: 0.0000928 seconds, Stopping threads took: 0.0000363 seconds
[2019-01-14T12:47:57.909+0000][2866][safepoint    ] Application time: 0.0002328 seconds
[2019-01-14T12:47:57.909+0000][2866][safepoint    ] Total time for which application threads were stopped: 0.0000409 seconds, Stopping threads took: 0.0000051 seconds
[2019-01-14T12:47:57.909+0000][2866][safepoint    ] Application time: 0.0001278 seconds
[2019-01-14T12:47:57.909+0000][2866][safepoint    ] Total time for which application threads were stopped: 0.0000416 seconds, Stopping threads took: 0.0000037 seconds
[2019-01-14T12:47:57.909+0000][2866][safepoint    ] Application time: 0.0001524 seconds
[2019-01-14T12:47:57.909+0000][2866][safepoint    ] Total time for which application threads were stopped: 0.0000660 seconds, Stopping threads took: 0.0000250 seconds
[2019-01-14T12:47:57.910+0000][2866][safepoint    ] Application time: 0.0002479 seconds
[2019-01-14T12:47:57.910+0000][2866][safepoint    ] Total time for which application threads were stopped: 0.0001017 seconds, Stopping threads took: 0.0000600 seconds
[2019-01-14T12:47:57.910+0000][2866][safepoint    ] Application time: 0.0001815 seconds
[2019-01-14T12:47:57.910+0000][2866][safepoint    ] Total time for which application threads were stopped: 0.0000548 seconds, Stopping threads took: 0.0000272 seconds
[2019-01-14T12:47:57.911+0000][2866][safepoint    ] Application time: 0.0006183 seconds
[2019-01-14T12:47:57.911+0000][2866][safepoint    ] Total time for which application threads were stopped: 0.0000643 seconds, Stopping threads took: 0.0000341 seconds
[2019-01-14T12:47:57.911+0000][2866][safepoint    ] Application time: 0.0001501 seconds
[2019-01-14T12:47:57.911+0000][2866][safepoint    ] Total time for which application threads were stopped: 0.0000555 seconds, Stopping threads took: 0.0000280 seconds
[2019-01-14T12:47:57.911+0000][2866][safepoint    ] Application time: 0.0000742 seconds
[2019-01-14T12:47:57.911+0000][2866][safepoint    ] Total time for which application threads were stopped: 0.0000276 seconds, Stopping threads took: 0.0000030 seconds
[2019-01-14T12:47:57.911+0000][2866][safepoint    ] Application time: 0.0001238 seconds
[2019-01-14T12:47:57.911+0000][2866][safepoint    ] Total time for which application threads were stopped: 0.0000531 seconds, Stopping threads took: 0.0000265 seconds
[2019-01-14T12:47:57.911+0000][2866][safepoint    ] Application time: 0.0000948 seconds
[2019-01-14T12:47:57.911+0000][2866][safepoint    ] Total time for which application threads were stopped: 0.0000306 seconds, Stopping threads took: 0.0000034 seconds
[2019-01-14T12:47:57.912+0000][2866][safepoint    ] Application time: 0.0001619 seconds
[2019-01-14T12:47:57.912+0000][2866][safepoint    ] Total time for which application threads were stopped: 0.0000995 seconds, Stopping threads took: 0.0000168 seconds
[2019-01-14T12:47:57.914+0000][2866][safepoint    ] Application time: 0.0021869 seconds
[2019-01-14T12:47:57.915+0000][2866][safepoint    ] Total time for which application threads were stopped: 0.0006944 seconds, Stopping threads took: 0.0006057 seconds
[2019-01-14T12:47:57.915+0000][2866][safepoint    ] Application time: 0.0005547 seconds
[2019-01-14T12:47:57.915+0000][2866][safepoint    ] Total time for which application threads were stopped: 0.0001401 seconds, Stopping threads took: 0.0000298 seconds
[2019-01-14T12:47:57.916+0000][2866][safepoint    ] Application time: 0.0004749 seconds
[2019-01-14T12:47:57.916+0000][2866][safepoint    ] Total time for which application threads were stopped: 0.0001592 seconds, Stopping threads took: 0.0000566 seconds
[2019-01-14T12:47:57.921+0000][2866][safepoint    ] Application time: 0.0051185 seconds
[2019-01-14T12:47:57.921+0000][2866][safepoint    ] Total time for which application threads were stopped: 0.0001718 seconds, Stopping threads took: 0.0000764 seconds
[2019-01-14T12:47:57.926+0000][2866][safepoint    ] Application time: 0.0045650 seconds
[2019-01-14T12:47:57.926+0000][2866][safepoint    ] Total time for which application threads were stopped: 0.0002218 seconds, Stopping threads took: 0.0001362 seconds
[2019-01-14T12:47:57.927+0000][2866][safepoint    ] Application time: 0.0006145 seconds
[2019-01-14T12:47:57.927+0000][2866][safepoint    ] Total time for which application threads were stopped: 0.0000675 seconds, Stopping threads took: 0.0000043 seconds
[2019-01-14T12:47:57.927+0000][2866][safepoint    ] Application time: 0.0005861 seconds
[2019-01-14T12:47:57.928+0000][2866][safepoint    ] Total time for which application threads were stopped: 0.0000602 seconds, Stopping threads took: 0.0000339 seconds
[2019-01-14T12:47:58.586+0000][2866][safepoint    ] Application time: 0.6587281 seconds
[2019-01-14T12:47:58.586+0000][2866][safepoint    ] Total time for which application threads were stopped: 0.0000584 seconds, Stopping threads took: 0.0000107 seconds
[2019-01-14T12:47:58.586+0000][2866][safepoint    ] Application time: 0.0000883 seconds
[2019-01-14T12:47:58.587+0000][2866][safepoint    ] Total time for which application threads were stopped: 0.0000698 seconds, Stopping threads took: 0.0000045 seconds
[2019-01-14T12:47:58.888+0000][2866][safepoint    ] Application time: 0.3014549 seconds
[2019-01-14T12:47:58.888+0000][2866][safepoint    ] Total time for which application threads were stopped: 0.0000574 seconds, Stopping threads took: 0.0000146 seconds
[2019-01-14T12:47:58.888+0000][2866][safepoint    ] Application time: 0.0001058 seconds
[2019-01-14T12:47:58.889+0000][2866][safepoint    ] Total time for which application threads were stopped: 0.0003671 seconds, Stopping threads took: 0.0000227 seconds
[2019-01-14T12:47:58.889+0000][2866][safepoint    ] Application time: 0.0000822 seconds
[2019-01-14T12:47:58.889+0000][2866][safepoint    ] Total time for which application threads were stopped: 0.0000349 seconds, Stopping threads took: 0.0000079 seconds
[2019-01-14T12:47:58.889+0000][2866][safepoint    ] Application time: 0.0002940 seconds
[2019-01-14T12:47:58.889+0000][2866][safepoint    ] Total time for which application threads were stopped: 0.0000716 seconds, Stopping threads took: 0.0000420 seconds
[2019-01-14T12:47:58.891+0000][2866][safepoint    ] Application time: 0.0021290 seconds
[2019-01-14T12:47:58.892+0000][2866][safepoint    ] Total time for which application threads were stopped: 0.0003536 seconds, Stopping threads took: 0.0000665 seconds
[2019-01-14T12:47:58.892+0000][2866][safepoint    ] Application time: 0.0006174 seconds
[2019-01-14T12:47:58.893+0000][2866][safepoint    ] Total time for which application threads were stopped: 0.0004925 seconds, Stopping threads took: 0.0004231 seconds
[2019-01-14T12:47:58.893+0000][2866][safepoint    ] Application time: 0.0000874 seconds
[2019-01-14T12:47:58.893+0000][2866][safepoint    ] Total time for which application threads were stopped: 0.0000654 seconds, Stopping threads took: 0.0000323 seconds
[2019-01-14T12:47:58.894+0000][2866][safepoint    ] Application time: 0.0009465 seconds
[2019-01-14T12:47:58.894+0000][2866][safepoint    ] Total time for which application threads were stopped: 0.0002371 seconds, Stopping threads took: 0.0000053 seconds
[2019-01-14T12:47:58.896+0000][2866][safepoint    ] Application time: 0.0015818 seconds
[2019-01-14T12:47:58.896+0000][2866][safepoint    ] Total time for which application threads were stopped: 0.0000720 seconds, Stopping threads took: 0.0000317 seconds
[2019-01-14T12:47:58.897+0000][2866][safepoint    ] Application time: 0.0006082 seconds
[2019-01-14T12:47:58.897+0000][2866][safepoint    ] Total time for which application threads were stopped: 0.0002791 seconds, Stopping threads took: 0.0000355 seconds
[2019-01-14T12:47:59.904+0000][2866][safepoint    ] Application time: 1.0067279 seconds
[2019-01-14T12:47:59.911+0000][2866][safepoint    ] Total time for which application threads were stopped: 0.0071255 seconds, Stopping threads took: 0.0070289 seconds
[2019-01-14T12:47:59.912+0000][2866][safepoint    ] Application time: 0.0006972 seconds
[2019-01-14T12:47:59.912+0000][2866][safepoint    ] Total time for which application threads were stopped: 0.0001311 seconds, Stopping threads took: 0.0000515 seconds
[2019-01-14T12:47:59.913+0000][2866][safepoint    ] Application time: 0.0009193 seconds
[2019-01-14T12:47:59.913+0000][2866][safepoint    ] Total time for which application threads were stopped: 0.0003141 seconds, Stopping threads took: 0.0000089 seconds
[2019-01-14T12:48:00.158+0000][2866][safepoint    ] Application time: 0.2450146 seconds
[2019-01-14T12:48:00.159+0000][2866][safepoint    ] Total time for which application threads were stopped: 0.0004473 seconds, Stopping threads took: 0.0003294 seconds
[2019-01-14T12:48:00.160+0000][2866][safepoint    ] Application time: 0.0013731 seconds
[2019-01-14T12:48:00.160+0000][2866][safepoint    ] Total time for which application threads were stopped: 0.0000526 seconds, Stopping threads took: 0.0000072 seconds
[2019-01-14T12:48:00.161+0000][2866][safepoint    ] Application time: 0.0005459 seconds
[2019-01-14T12:48:00.161+0000][2866][safepoint    ] Total time for which application threads were stopped: 0.0000365 seconds, Stopping threads took: 0.0000047 seconds
[2019-01-14T12:48:00.172+0000][2866][safepoint    ] Application time: 0.0117525 seconds
[2019-01-14T12:48:00.173+0000][2866][safepoint    ] Total time for which application threads were stopped: 0.0000913 seconds, Stopping threads took: 0.0000204 seconds
[2019-01-14T12:48:00.173+0000][2866][safepoint    ] Application time: 0.0000483 seconds
[2019-01-14T12:48:00.173+0000][2866][safepoint    ] Total time for which application threads were stopped: 0.0000349 seconds, Stopping threads took: 0.0000089 seconds
[2019-01-14T12:48:00.193+0000][2866][safepoint    ] Application time: 0.0200498 seconds
[2019-01-14T12:48:00.193+0000][2866][safepoint    ] Total time for which application threads were stopped: 0.0001833 seconds, Stopping threads took: 0.0000192 seconds
[2019-01-14T12:48:00.193+0000][2866][safepoint    ] Application time: 0.0000636 seconds
[2019-01-14T12:48:00.193+0000][2866][safepoint    ] Total time for which application threads were stopped: 0.0000604 seconds, Stopping threads took: 0.0000043 seconds
[2019-01-14T12:48:00.217+0000][2866][safepoint    ] Application time: 0.0235829 seconds
[2019-01-14T12:48:00.217+0000][2866][safepoint    ] Total time for which application threads were stopped: 0.0006123 seconds, Stopping threads took: 0.0000119 seconds
[2019-01-14T12:48:00.218+0000][2866][safepoint    ] Application time: 0.0001013 seconds
[2019-01-14T12:48:00.218+0000][2866][safepoint    ] Total time for which application threads were stopped: 0.0005950 seconds, Stopping threads took: 0.0000195 seconds
[2019-01-14T12:48:00.251+0000][2866][safepoint    ] Application time: 0.0332130 seconds
[2019-01-14T12:48:00.252+0000][2866][safepoint    ] Total time for which application threads were stopped: 0.0001551 seconds, Stopping threads took: 0.0000345 seconds
[2019-01-14T12:48:00.254+0000][2866][safepoint    ] Application time: 0.0025823 seconds
[2019-01-14T12:48:00.254+0000][2866][safepoint    ] Total time for which application threads were stopped: 0.0000731 seconds, Stopping threads took: 0.0000175 seconds
[2019-01-14T12:48:00.254+0000][2866][safepoint    ] Application time: 0.0000945 seconds
[2019-01-14T12:48:00.255+0000][2866][safepoint    ] Total time for which application threads were stopped: 0.0002187 seconds, Stopping threads took: 0.0000096 seconds
[2019-01-14T12:48:00.270+0000][2866][safepoint    ] Application time: 0.0150209 seconds
[2019-01-14T12:48:00.270+0000][2866][safepoint    ] Total time for which application threads were stopped: 0.0000819 seconds, Stopping threads took: 0.0000179 seconds
[2019-01-14T12:48:00.270+0000][2866][safepoint    ] Application time: 0.0000805 seconds
[2019-01-14T12:48:00.270+0000][2866][safepoint    ] Total time for which application threads were stopped: 0.0000353 seconds, Stopping threads took: 0.0000077 seconds
[2019-01-14T12:48:00.273+0000][2866][safepoint    ] Application time: 0.0025618 seconds
[2019-01-14T12:48:00.273+0000][2866][safepoint    ] Total time for which application threads were stopped: 0.0003885 seconds, Stopping threads took: 0.0003026 seconds
[2019-01-14T12:48:00.273+0000][2866][safepoint    ] Application time: 0.0000640 seconds
[2019-01-14T12:48:00.273+0000][2866][safepoint    ] Total time for which application threads were stopped: 0.0000373 seconds, Stopping threads took: 0.0000078 seconds
[2019-01-14T12:48:00.319+0000][2866][safepoint    ] Application time: 0.0455099 seconds
[2019-01-14T12:48:00.319+0000][2866][safepoint    ] Total time for which application threads were stopped: 0.0000608 seconds, Stopping threads took: 0.0000182 seconds
[2019-01-14T12:48:00.319+0000][2866][safepoint    ] Application time: 0.0000636 seconds
[2019-01-14T12:48:00.319+0000][2866][safepoint    ] Total time for which application threads were stopped: 0.0000323 seconds, Stopping threads took: 0.0000101 seconds
[2019-01-14T12:48:00.389+0000][2866][safepoint    ] Application time: 0.0704057 seconds
[2019-01-14T12:48:00.390+0000][2866][safepoint    ] Total time for which application threads were stopped: 0.0002181 seconds, Stopping threads took: 0.0000550 seconds
[2019-01-14T12:48:00.407+0000][2866][safepoint    ] Application time: 0.0169973 seconds
[2019-01-14T12:48:00.407+0000][2866][safepoint    ] Total time for which application threads were stopped: 0.0000610 seconds, Stopping threads took: 0.0000165 seconds
[2019-01-14T12:48:00.407+0000][2866][safepoint    ] Application time: 0.0000894 seconds
[2019-01-14T12:48:00.407+0000][2866][safepoint    ] Total time for which application threads were stopped: 0.0000481 seconds, Stopping threads took: 0.0000116 seconds
[2019-01-14T12:48:00.407+0000][2866][safepoint    ] Application time: 0.0000369 seconds
[2019-01-14T12:48:00.407+0000][2866][safepoint    ] Total time for which application threads were stopped: 0.0000376 seconds, Stopping threads took: 0.0000090 seconds
[2019-01-14T12:48:00.407+0000][2866][safepoint    ] Application time: 0.0005380 seconds
[2019-01-14T12:48:00.408+0000][2866][safepoint    ] Total time for which application threads were stopped: 0.0000378 seconds, Stopping threads took: 0.0000124 seconds
[2019-01-14T12:48:00.409+0000][2866][safepoint    ] Application time: 0.0016185 seconds
[2019-01-14T12:48:00.409+0000][2866][safepoint    ] Total time for which application threads were stopped: 0.0000622 seconds, Stopping threads took: 0.0000154 seconds
[2019-01-14T12:48:00.409+0000][2866][safepoint    ] Application time: 0.0000234 seconds
[2019-01-14T12:48:00.409+0000][2866][safepoint    ] Total time for which application threads were stopped: 0.0000308 seconds, Stopping threads took: 0.0000070 seconds
[2019-01-14T12:48:00.447+0000][2866][safepoint    ] Application time: 0.0372989 seconds
[2019-01-14T12:48:00.447+0000][2866][safepoint    ] Total time for which application threads were stopped: 0.0000669 seconds, Stopping threads took: 0.0000189 seconds
[2019-01-14T12:48:00.447+0000][2866][safepoint    ] Application time: 0.0000462 seconds
[2019-01-14T12:48:00.447+0000][2866][safepoint    ] Total time for which application threads were stopped: 0.0000326 seconds, Stopping threads took: 0.0000091 seconds
[2019-01-14T12:48:00.534+0000][2866][safepoint    ] Application time: 0.0875553 seconds
[2019-01-14T12:48:00.535+0000][2866][safepoint    ] Total time for which application threads were stopped: 0.0001014 seconds, Stopping threads took: 0.0000129 seconds
[2019-01-14T12:48:00.681+0000][2866][safepoint    ] Application time: 0.1459787 seconds
[2019-01-14T12:48:00.681+0000][2866][gc,start     ] GC(22) Pause Young (Allocation Failure)
[2019-01-14T12:48:00.681+0000][2866][gc,task      ] GC(22) Using 2 workers of 2 for evacuation
[2019-01-14T12:48:00.716+0000][2866][gc,age       ] GC(22) Desired survivor size 4456448 bytes, new threshold 1 (max threshold 6)
[2019-01-14T12:48:00.716+0000][2866][gc,age       ] GC(22) Age table with threshold 1 (max threshold 6)
[2019-01-14T12:48:00.716+0000][2866][gc,age       ] GC(22) - age   1:    6367648 bytes,    6367648 total
[2019-01-14T12:48:00.716+0000][2866][gc,age       ] GC(22) - age   2:    2545080 bytes,    8912728 total
[2019-01-14T12:48:00.716+0000][2866][gc,heap      ] GC(22) ParNew: 77195K->8704K(78656K)
[2019-01-14T12:48:00.716+0000][2866][gc,heap      ] GC(22) CMS: 51945K->59793K(174784K)
[2019-01-14T12:48:00.716+0000][2866][gc,metaspace ] GC(22) Metaspace: 70953K->70953K(1114112K)
[2019-01-14T12:48:00.716+0000][2866][gc           ] GC(22) Pause Young (Allocation Failure) 126M->66M(247M) 35.007ms
[2019-01-14T12:48:00.716+0000][2866][gc,cpu       ] GC(22) User=0.06s Sys=0.00s Real=0.04s
[2019-01-14T12:48:00.716+0000][2866][safepoint    ] Total time for which application threads were stopped: 0.0351462 seconds, Stopping threads took: 0.0000185 seconds
[2019-01-14T12:48:00.888+0000][2866][safepoint    ] Application time: 0.1719195 seconds
[2019-01-14T12:48:00.888+0000][2866][safepoint    ] Total time for which application threads were stopped: 0.0000789 seconds, Stopping threads took: 0.0000182 seconds
[2019-01-14T12:48:00.937+0000][2866][safepoint    ] Application time: 0.0491694 seconds
[2019-01-14T12:48:00.938+0000][2866][safepoint    ] Total time for which application threads were stopped: 0.0005380 seconds, Stopping threads took: 0.0000214 seconds
[2019-01-14T12:48:00.938+0000][2866][safepoint    ] Application time: 0.0000456 seconds
[2019-01-14T12:48:00.938+0000][2866][safepoint    ] Total time for which application threads were stopped: 0.0002166 seconds, Stopping threads took: 0.0000112 seconds
[2019-01-14T12:48:01.204+0000][2866][safepoint    ] Application time: 0.2661712 seconds
[2019-01-14T12:48:01.204+0000][2866][safepoint    ] Total time for which application threads were stopped: 0.0000613 seconds, Stopping threads took: 0.0000210 seconds
[2019-01-14T12:48:01.225+0000][2866][safepoint    ] Application time: 0.0203924 seconds
[2019-01-14T12:48:01.225+0000][2866][safepoint    ] Total time for which application threads were stopped: 0.0000683 seconds, Stopping threads took: 0.0000097 seconds
[2019-01-14T12:48:01.225+0000][2866][safepoint    ] Application time: 0.0001524 seconds
[2019-01-14T12:48:01.225+0000][2866][safepoint    ] Total time for which application threads were stopped: 0.0000315 seconds, Stopping threads took: 0.0000048 seconds
[2019-01-14T12:48:01.228+0000][2866][safepoint    ] Application time: 0.0029769 seconds
[2019-01-14T12:48:01.228+0000][2866][safepoint    ] Total time for which application threads were stopped: 0.0002152 seconds, Stopping threads took: 0.0001284 seconds
[2019-01-14T12:48:01.235+0000][2866][safepoint    ] Application time: 0.0069322 seconds
[2019-01-14T12:48:01.238+0000][2866][safepoint    ] Total time for which application threads were stopped: 0.0027937 seconds, Stopping threads took: 0.0027064 seconds
[2019-01-14T12:48:01.238+0000][2866][safepoint    ] Application time: 0.0001894 seconds
[2019-01-14T12:48:01.238+0000][2866][safepoint    ] Total time for which application threads were stopped: 0.0001366 seconds, Stopping threads took: 0.0000762 seconds
[2019-01-14T12:48:01.239+0000][2866][safepoint    ] Application time: 0.0005229 seconds
[2019-01-14T12:48:01.239+0000][2866][safepoint    ] Total time for which application threads were stopped: 0.0003765 seconds, Stopping threads took: 0.0000588 seconds
[2019-01-14T12:48:01.246+0000][2866][safepoint    ] Application time: 0.0066008 seconds
[2019-01-14T12:48:01.246+0000][2866][safepoint    ] Total time for which application threads were stopped: 0.0001687 seconds, Stopping threads took: 0.0001214 seconds
[2019-01-14T12:48:01.264+0000][2866][safepoint    ] Application time: 0.0177191 seconds
[2019-01-14T12:48:01.264+0000][2866][safepoint    ] Total time for which application threads were stopped: 0.0002376 seconds, Stopping threads took: 0.0001645 seconds
[2019-01-14T12:48:01.274+0000][2866][safepoint    ] Application time: 0.0102977 seconds
[2019-01-14T12:48:01.275+0000][2866][safepoint    ] Total time for which application threads were stopped: 0.0002227 seconds, Stopping threads took: 0.0000428 seconds
[2019-01-14T12:48:01.278+0000][2866][safepoint    ] Application time: 0.0029211 seconds
[2019-01-14T12:48:01.279+0000][2866][safepoint    ] Total time for which application threads were stopped: 0.0014812 seconds, Stopping threads took: 0.0014248 seconds
[2019-01-14T12:48:01.490+0000][2866][safepoint    ] Application time: 0.2105047 seconds
[2019-01-14T12:48:01.490+0000][2866][gc,start     ] GC(23) Pause Young (Allocation Failure)
[2019-01-14T12:48:01.490+0000][2866][gc,task      ] GC(23) Using 2 workers of 2 for evacuation
[2019-01-14T12:48:01.555+0000][2866][gc,age       ] GC(23) Desired survivor size 4456448 bytes, new threshold 1 (max threshold 6)
[2019-01-14T12:48:01.555+0000][2866][gc,age       ] GC(23) Age table with threshold 1 (max threshold 6)
[2019-01-14T12:48:01.555+0000][2866][gc,age       ] GC(23) - age   1:    8912824 bytes,    8912824 total
[2019-01-14T12:48:01.555+0000][2866][gc,heap      ] GC(23) ParNew: 78656K->8704K(78656K)
[2019-01-14T12:48:01.555+0000][2866][gc,heap      ] GC(23) CMS: 59793K->79181K(174784K)
[2019-01-14T12:48:01.555+0000][2866][gc,metaspace ] GC(23) Metaspace: 72315K->72315K(1116160K)
[2019-01-14T12:48:01.555+0000][2866][gc           ] GC(23) Pause Young (Allocation Failure) 135M->85M(247M) 65.530ms
[2019-01-14T12:48:01.555+0000][2866][gc,cpu       ] GC(23) User=0.11s Sys=0.00s Real=0.07s
[2019-01-14T12:48:01.555+0000][2866][safepoint    ] Total time for which application threads were stopped: 0.0657420 seconds, Stopping threads took: 0.0000212 seconds
[2019-01-14T12:48:01.755+0000][2866][safepoint    ] Application time: 0.1994600 seconds
[2019-01-14T12:48:01.755+0000][2866][safepoint    ] Total time for which application threads were stopped: 0.0000763 seconds, Stopping threads took: 0.0000109 seconds
[2019-01-14T12:48:01.756+0000][2866][safepoint    ] Application time: 0.0011360 seconds
[2019-01-14T12:48:01.756+0000][2866][safepoint    ] Total time for which application threads were stopped: 0.0003611 seconds, Stopping threads took: 0.0002968 seconds
[2019-01-14T12:48:01.764+0000][2866][safepoint    ] Application time: 0.0079131 seconds
[2019-01-14T12:48:01.764+0000][2866][safepoint    ] Total time for which application threads were stopped: 0.0000737 seconds, Stopping threads took: 0.0000111 seconds
[2019-01-14T12:48:01.784+0000][2866][safepoint    ] Application time: 0.0197765 seconds
[2019-01-14T12:48:01.784+0000][2866][safepoint    ] Total time for which application threads were stopped: 0.0001135 seconds, Stopping threads took: 0.0000182 seconds
[2019-01-14T12:48:01.812+0000][2866][safepoint    ] Application time: 0.0273770 seconds
[2019-01-14T12:48:01.812+0000][2866][safepoint    ] Total time for which application threads were stopped: 0.0000767 seconds, Stopping threads took: 0.0000126 seconds
[2019-01-14T12:48:01.824+0000][2866][safepoint    ] Application time: 0.0117275 seconds
[2019-01-14T12:48:01.824+0000][2866][safepoint    ] Total time for which application threads were stopped: 0.0000542 seconds, Stopping threads took: 0.0000128 seconds
[2019-01-14T12:48:01.824+0000][2866][safepoint    ] Application time: 0.0002307 seconds
[2019-01-14T12:48:01.824+0000][2866][safepoint    ] Total time for which application threads were stopped: 0.0000242 seconds, Stopping threads took: 0.0000037 seconds
[2019-01-14T12:48:02.040+0000][2866][safepoint    ] Application time: 0.2160794 seconds
[2019-01-14T12:48:02.043+0000][2866][safepoint    ] Total time for which application threads were stopped: 0.0031900 seconds, Stopping threads took: 0.0000638 seconds
[2019-01-14T12:48:02.310+0000][2866][safepoint    ] Application time: 0.2667706 seconds
[2019-01-14T12:48:02.310+0000][2866][safepoint    ] Total time for which application threads were stopped: 0.0001456 seconds, Stopping threads took: 0.0000244 seconds
[2019-01-14T12:48:02.323+0000][2866][safepoint    ] Application time: 0.0125116 seconds
[2019-01-14T12:48:02.323+0000][2866][safepoint    ] Total time for which application threads were stopped: 0.0000636 seconds, Stopping threads took: 0.0000192 seconds
[2019-01-14T12:48:02.409+0000][2866][safepoint    ] Application time: 0.0861794 seconds
[2019-01-14T12:48:02.409+0000][2866][safepoint    ] Total time for which application threads were stopped: 0.0001033 seconds, Stopping threads took: 0.0000126 seconds
[2019-01-14T12:48:02.429+0000][2866][safepoint    ] Application time: 0.0199250 seconds
[2019-01-14T12:48:02.432+0000][2866][safepoint    ] Total time for which application threads were stopped: 0.0027842 seconds, Stopping threads took: 0.0026593 seconds
[2019-01-14T12:48:02.433+0000][2866][safepoint    ] Application time: 0.0007589 seconds
[2019-01-14T12:48:02.433+0000][2866][safepoint    ] Total time for which application threads were stopped: 0.0001914 seconds, Stopping threads took: 0.0000566 seconds
[2019-01-14T12:48:02.572+0000][2866][safepoint    ] Application time: 0.1386387 seconds
[2019-01-14T12:48:02.572+0000][2866][safepoint    ] Total time for which application threads were stopped: 0.0001132 seconds, Stopping threads took: 0.0000244 seconds
[2019-01-14T12:48:02.572+0000][2866][safepoint    ] Application time: 0.0000949 seconds
[2019-01-14T12:48:02.572+0000][2866][safepoint    ] Total time for which application threads were stopped: 0.0000389 seconds, Stopping threads took: 0.0000079 seconds
[2019-01-14T12:48:02.573+0000][2866][safepoint    ] Application time: 0.0010689 seconds
[2019-01-14T12:48:02.573+0000][2866][safepoint    ] Total time for which application threads were stopped: 0.0000737 seconds, Stopping threads took: 0.0000197 seconds
[2019-01-14T12:48:02.587+0000][2866][safepoint    ] Application time: 0.0141134 seconds
[2019-01-14T12:48:02.588+0000][2866][safepoint    ] Total time for which application threads were stopped: 0.0007904 seconds, Stopping threads took: 0.0000234 seconds
[2019-01-14T12:48:02.591+0000][2866][safepoint    ] Application time: 0.0024827 seconds
[2019-01-14T12:48:02.591+0000][2866][safepoint    ] Total time for which application threads were stopped: 0.0000622 seconds, Stopping threads took: 0.0000173 seconds
[2019-01-14T12:48:02.601+0000][2866][safepoint    ] Application time: 0.0098659 seconds
[2019-01-14T12:48:02.601+0000][2866][safepoint    ] Total time for which application threads were stopped: 0.0001063 seconds, Stopping threads took: 0.0000203 seconds
[2019-01-14T12:48:02.607+0000][2866][safepoint    ] Application time: 0.0064886 seconds
[2019-01-14T12:48:02.608+0000][2866][safepoint    ] Total time for which application threads were stopped: 0.0000977 seconds, Stopping threads took: 0.0000199 seconds
[2019-01-14T12:48:02.608+0000][2866][safepoint    ] Application time: 0.0000613 seconds
[2019-01-14T12:48:02.608+0000][2866][safepoint    ] Total time for which application threads were stopped: 0.0000304 seconds, Stopping threads took: 0.0000090 seconds
[2019-01-14T12:48:02.608+0000][2866][safepoint    ] Application time: 0.0000345 seconds
[2019-01-14T12:48:02.608+0000][2866][safepoint    ] Total time for which application threads were stopped: 0.0000293 seconds, Stopping threads took: 0.0000088 seconds
[2019-01-14T12:48:02.608+0000][2866][safepoint    ] Application time: 0.0000283 seconds
[2019-01-14T12:48:02.608+0000][2866][safepoint    ] Total time for which application threads were stopped: 0.0000285 seconds, Stopping threads took: 0.0000084 seconds
[2019-01-14T12:48:02.608+0000][2866][safepoint    ] Application time: 0.0000304 seconds
[2019-01-14T12:48:02.608+0000][2866][safepoint    ] Total time for which application threads were stopped: 0.0000514 seconds, Stopping threads took: 0.0000084 seconds
[2019-01-14T12:48:02.608+0000][2866][safepoint    ] Application time: 0.0000316 seconds
[2019-01-14T12:48:02.608+0000][2866][safepoint    ] Total time for which application threads were stopped: 0.0000292 seconds, Stopping threads took: 0.0000086 seconds
[2019-01-14T12:48:02.608+0000][2866][safepoint    ] Application time: 0.0000277 seconds
[2019-01-14T12:48:02.608+0000][2866][safepoint    ] Total time for which application threads were stopped: 0.0000289 seconds, Stopping threads took: 0.0000084 seconds
[2019-01-14T12:48:02.608+0000][2866][safepoint    ] Application time: 0.0000296 seconds
[2019-01-14T12:48:02.608+0000][2866][safepoint    ] Total time for which application threads were stopped: 0.0000287 seconds, Stopping threads took: 0.0000086 seconds
[2019-01-14T12:48:02.628+0000][2866][safepoint    ] Application time: 0.0202487 seconds
[2019-01-14T12:48:02.629+0000][2866][safepoint    ] Total time for which application threads were stopped: 0.0000703 seconds, Stopping threads took: 0.0000234 seconds
[2019-01-14T12:48:02.637+0000][2866][safepoint    ] Application time: 0.0087177 seconds
[2019-01-14T12:48:02.637+0000][2866][safepoint    ] Total time for which application threads were stopped: 0.0000762 seconds, Stopping threads took: 0.0000210 seconds
[2019-01-14T12:48:02.637+0000][2866][safepoint    ] Application time: 0.0000432 seconds
[2019-01-14T12:48:02.637+0000][2866][safepoint    ] Total time for which application threads were stopped: 0.0000369 seconds, Stopping threads took: 0.0000094 seconds
[2019-01-14T12:48:02.638+0000][2866][safepoint    ] Application time: 0.0000423 seconds
[2019-01-14T12:48:02.638+0000][2866][safepoint    ] Total time for which application threads were stopped: 0.0000329 seconds, Stopping threads took: 0.0000087 seconds
[2019-01-14T12:48:02.639+0000][2866][safepoint    ] Application time: 0.0014534 seconds
[2019-01-14T12:48:02.639+0000][2866][safepoint    ] Total time for which application threads were stopped: 0.0000777 seconds, Stopping threads took: 0.0000179 seconds
[2019-01-14T12:48:02.639+0000][2866][safepoint    ] Application time: 0.0002325 seconds
[2019-01-14T12:48:02.639+0000][2866][safepoint    ] Total time for which application threads were stopped: 0.0000397 seconds, Stopping threads took: 0.0000103 seconds
[2019-01-14T12:48:02.652+0000][2866][safepoint    ] Application time: 0.0126166 seconds
[2019-01-14T12:48:02.652+0000][2866][safepoint    ] Total time for which application threads were stopped: 0.0000864 seconds, Stopping threads took: 0.0000232 seconds
[2019-01-14T12:48:02.653+0000][2866][safepoint    ] Application time: 0.0004752 seconds
[2019-01-14T12:48:02.653+0000][2866][safepoint    ] Total time for which application threads were stopped: 0.0000505 seconds, Stopping threads took: 0.0000145 seconds
[2019-01-14T12:48:02.654+0000][2866][safepoint    ] Application time: 0.0008098 seconds
[2019-01-14T12:48:02.654+0000][2866][safepoint    ] Total time for which application threads were stopped: 0.0000452 seconds, Stopping threads took: 0.0000134 seconds
[2019-01-14T12:48:02.657+0000][2866][safepoint    ] Application time: 0.0033036 seconds
[2019-01-14T12:48:02.657+0000][2866][safepoint    ] Total time for which application threads were stopped: 0.0000648 seconds, Stopping threads took: 0.0000198 seconds
[2019-01-14T12:48:02.669+0000][2866][safepoint    ] Application time: 0.0122610 seconds
[2019-01-14T12:48:02.669+0000][2866][safepoint    ] Total time for which application threads were stopped: 0.0000834 seconds, Stopping threads took: 0.0000312 seconds
[2019-01-14T12:48:02.678+0000][2866][safepoint    ] Application time: 0.0082981 seconds
[2019-01-14T12:48:02.678+0000][2866][safepoint    ] Total time for which application threads were stopped: 0.0001041 seconds, Stopping threads took: 0.0000338 seconds
[2019-01-14T12:48:02.679+0000][2866][safepoint    ] Application time: 0.0012423 seconds
[2019-01-14T12:48:02.679+0000][2866][safepoint    ] Total time for which application threads were stopped: 0.0002165 seconds, Stopping threads took: 0.0000442 seconds
[2019-01-14T12:48:02.680+0000][2866][safepoint    ] Application time: 0.0001770 seconds
[2019-01-14T12:48:02.680+0000][2866][safepoint    ] Total time for which application threads were stopped: 0.0000442 seconds, Stopping threads took: 0.0000110 seconds
[2019-01-14T12:48:02.680+0000][2866][safepoint    ] Application time: 0.0000520 seconds
[2019-01-14T12:48:02.680+0000][2866][safepoint    ] Total time for which application threads were stopped: 0.0001486 seconds, Stopping threads took: 0.0000089 seconds
[2019-01-14T12:48:02.680+0000][2866][safepoint    ] Application time: 0.0002278 seconds
[2019-01-14T12:48:02.680+0000][2866][safepoint    ] Total time for which application threads were stopped: 0.0000585 seconds, Stopping threads took: 0.0000100 seconds
[2019-01-14T12:48:02.680+0000][2866][safepoint    ] Application time: 0.0000382 seconds
[2019-01-14T12:48:02.680+0000][2866][safepoint    ] Total time for which application threads were stopped: 0.0000322 seconds, Stopping threads took: 0.0000087 seconds
[2019-01-14T12:48:02.680+0000][2866][safepoint    ] Application time: 0.0000483 seconds
[2019-01-14T12:48:02.680+0000][2866][safepoint    ] Total time for which application threads were stopped: 0.0000367 seconds, Stopping threads took: 0.0000134 seconds
[2019-01-14T12:48:02.681+0000][2866][safepoint    ] Application time: 0.0005244 seconds
[2019-01-14T12:48:02.681+0000][2866][safepoint    ] Total time for which application threads were stopped: 0.0000529 seconds, Stopping threads took: 0.0000180 seconds
[2019-01-14T12:48:02.681+0000][2866][safepoint    ] Application time: 0.0002809 seconds
[2019-01-14T12:48:02.681+0000][2866][safepoint    ] Total time for which application threads were stopped: 0.0000431 seconds, Stopping threads took: 0.0000110 seconds
[2019-01-14T12:48:02.681+0000][2866][safepoint    ] Application time: 0.0000181 seconds
[2019-01-14T12:48:02.681+0000][2866][safepoint    ] Total time for which application threads were stopped: 0.0000282 seconds, Stopping threads took: 0.0000067 seconds
[2019-01-14T12:48:02.681+0000][2866][safepoint    ] Application time: 0.0000411 seconds
[2019-01-14T12:48:02.681+0000][2866][safepoint    ] Total time for which application threads were stopped: 0.0000326 seconds, Stopping threads took: 0.0000087 seconds
[2019-01-14T12:48:02.681+0000][2866][safepoint    ] Application time: 0.0000146 seconds
[2019-01-14T12:48:02.682+0000][2866][safepoint    ] Total time for which application threads were stopped: 0.0000250 seconds, Stopping threads took: 0.0000061 seconds
[2019-01-14T12:48:02.682+0000][2866][safepoint    ] Application time: 0.0001230 seconds
[2019-01-14T12:48:02.682+0000][2866][safepoint    ] Total time for which application threads were stopped: 0.0000400 seconds, Stopping threads took: 0.0000152 seconds
[2019-01-14T12:48:02.684+0000][2866][safepoint    ] Application time: 0.0019244 seconds
[2019-01-14T12:48:02.684+0000][2866][safepoint    ] Total time for which application threads were stopped: 0.0001897 seconds, Stopping threads took: 0.0000504 seconds
[2019-01-14T12:48:02.684+0000][2866][safepoint    ] Application time: 0.0002857 seconds
[2019-01-14T12:48:02.684+0000][2866][safepoint    ] Total time for which application threads were stopped: 0.0000777 seconds, Stopping threads took: 0.0000132 seconds
[2019-01-14T12:48:02.684+0000][2866][safepoint    ] Application time: 0.0000261 seconds
[2019-01-14T12:48:02.684+0000][2866][safepoint    ] Total time for which application threads were stopped: 0.0000560 seconds, Stopping threads took: 0.0000279 seconds
[2019-01-14T12:48:02.684+0000][2866][safepoint    ] Application time: 0.0000205 seconds
[2019-01-14T12:48:02.684+0000][2866][safepoint    ] Total time for which application threads were stopped: 0.0000260 seconds, Stopping threads took: 0.0000066 seconds
[2019-01-14T12:48:02.686+0000][2866][safepoint    ] Application time: 0.0012806 seconds
[2019-01-14T12:48:02.686+0000][2866][safepoint    ] Total time for which application threads were stopped: 0.0000745 seconds, Stopping threads took: 0.0000257 seconds
[2019-01-14T12:48:02.686+0000][2866][safepoint    ] Application time: 0.0000541 seconds
[2019-01-14T12:48:02.686+0000][2866][safepoint    ] Total time for which application threads were stopped: 0.0000373 seconds, Stopping threads took: 0.0000106 seconds
[2019-01-14T12:48:02.686+0000][2866][safepoint    ] Application time: 0.0000258 seconds
[2019-01-14T12:48:02.686+0000][2866][safepoint    ] Total time for which application threads were stopped: 0.0000341 seconds, Stopping threads took: 0.0000088 seconds
[2019-01-14T12:48:02.686+0000][2866][safepoint    ] Application time: 0.0000153 seconds
[2019-01-14T12:48:02.686+0000][2866][safepoint    ] Total time for which application threads were stopped: 0.0000257 seconds, Stopping threads took: 0.0000061 seconds
[2019-01-14T12:48:02.686+0000][2866][safepoint    ] Application time: 0.0000142 seconds
[2019-01-14T12:48:02.686+0000][2866][safepoint    ] Total time for which application threads were stopped: 0.0000249 seconds, Stopping threads took: 0.0000061 seconds
[2019-01-14T12:48:02.688+0000][2866][safepoint    ] Application time: 0.0012157 seconds
[2019-01-14T12:48:02.688+0000][2866][safepoint    ] Total time for which application threads were stopped: 0.0006108 seconds, Stopping threads took: 0.0000718 seconds
[2019-01-14T12:48:02.689+0000][2866][safepoint    ] Application time: 0.0005311 seconds
[2019-01-14T12:48:02.689+0000][2866][safepoint    ] Total time for which application threads were stopped: 0.0000653 seconds, Stopping threads took: 0.0000192 seconds
[2019-01-14T12:48:02.689+0000][2866][safepoint    ] Application time: 0.0001621 seconds
[2019-01-14T12:48:02.689+0000][2866][safepoint    ] Total time for which application threads were stopped: 0.0000397 seconds, Stopping threads took: 0.0000105 seconds
[2019-01-14T12:48:02.689+0000][2866][safepoint    ] Application time: 0.0000176 seconds
[2019-01-14T12:48:02.689+0000][2866][safepoint    ] Total time for which application threads were stopped: 0.0000269 seconds, Stopping threads took: 0.0000068 seconds
[2019-01-14T12:48:02.689+0000][2866][safepoint    ] Application time: 0.0000145 seconds
[2019-01-14T12:48:02.689+0000][2866][safepoint    ] Total time for which application threads were stopped: 0.0000261 seconds, Stopping threads took: 0.0000065 seconds
[2019-01-14T12:48:02.689+0000][2866][safepoint    ] Application time: 0.0000425 seconds
[2019-01-14T12:48:02.689+0000][2866][safepoint    ] Total time for which application threads were stopped: 0.0000327 seconds, Stopping threads took: 0.0000085 seconds
[2019-01-14T12:48:02.689+0000][2866][safepoint    ] Application time: 0.0000358 seconds
[2019-01-14T12:48:02.690+0000][2866][safepoint    ] Total time for which application threads were stopped: 0.0000314 seconds, Stopping threads took: 0.0000086 seconds
[2019-01-14T12:48:02.690+0000][2866][safepoint    ] Application time: 0.0000780 seconds
[2019-01-14T12:48:02.690+0000][2866][safepoint    ] Total time for which application threads were stopped: 0.0002675 seconds, Stopping threads took: 0.0000535 seconds
[2019-01-14T12:48:02.690+0000][2866][safepoint    ] Application time: 0.0000659 seconds
[2019-01-14T12:48:02.690+0000][2866][safepoint    ] Total time for which application threads were stopped: 0.0000387 seconds, Stopping threads took: 0.0000107 seconds
[2019-01-14T12:48:02.690+0000][2866][safepoint    ] Application time: 0.0000381 seconds
[2019-01-14T12:48:02.690+0000][2866][safepoint    ] Total time for which application threads were stopped: 0.0000326 seconds, Stopping threads took: 0.0000090 seconds
[2019-01-14T12:48:02.690+0000][2866][safepoint    ] Application time: 0.0000379 seconds
[2019-01-14T12:48:02.690+0000][2866][safepoint    ] Total time for which application threads were stopped: 0.0000313 seconds, Stopping threads took: 0.0000090 seconds
[2019-01-14T12:48:02.690+0000][2866][safepoint    ] Application time: 0.0001944 seconds
[2019-01-14T12:48:02.691+0000][2866][safepoint    ] Total time for which application threads were stopped: 0.0000338 seconds, Stopping threads took: 0.0000090 seconds
[2019-01-14T12:48:02.691+0000][2866][safepoint    ] Application time: 0.0000373 seconds
[2019-01-14T12:48:02.691+0000][2866][safepoint    ] Total time for which application threads were stopped: 0.0000323 seconds, Stopping threads took: 0.0000091 seconds
[2019-01-14T12:48:02.691+0000][2866][safepoint    ] Application time: 0.0000352 seconds
[2019-01-14T12:48:02.691+0000][2866][safepoint    ] Total time for which application threads were stopped: 0.0000314 seconds, Stopping threads took: 0.0000086 seconds
[2019-01-14T12:48:02.691+0000][2866][safepoint    ] Application time: 0.0000478 seconds
[2019-01-14T12:48:02.691+0000][2866][safepoint    ] Total time for which application threads were stopped: 0.0005529 seconds, Stopping threads took: 0.0000263 seconds
[2019-01-14T12:48:03.180+0000][2866][safepoint    ] Application time: 0.4888403 seconds
[2019-01-14T12:48:03.180+0000][2866][safepoint    ] Total time for which application threads were stopped: 0.0000627 seconds, Stopping threads took: 0.0000100 seconds
[2019-01-14T12:48:03.237+0000][2866][safepoint    ] Application time: 0.0571091 seconds
[2019-01-14T12:48:03.238+0000][2866][safepoint    ] Total time for which application threads were stopped: 0.0001003 seconds, Stopping threads took: 0.0000357 seconds
[2019-01-14T12:48:03.363+0000][2866][safepoint    ] Application time: 0.1253691 seconds
[2019-01-14T12:48:03.363+0000][2866][safepoint    ] Total time for which application threads were stopped: 0.0001294 seconds, Stopping threads took: 0.0000434 seconds
[2019-01-14T12:48:03.432+0000][2866][safepoint    ] Application time: 0.0684946 seconds
[2019-01-14T12:48:03.432+0000][2866][safepoint    ] Total time for which application threads were stopped: 0.0001289 seconds, Stopping threads took: 0.0000315 seconds
[2019-01-14T12:48:03.446+0000][2866][safepoint    ] Application time: 0.0139180 seconds
[2019-01-14T12:48:03.446+0000][2866][gc,start     ] GC(24) Pause Young (Allocation Failure)
[2019-01-14T12:48:03.446+0000][2866][gc,task      ] GC(24) Using 2 workers of 2 for evacuation
[2019-01-14T12:48:03.492+0000][2866][gc,age       ] GC(24) Desired survivor size 4456448 bytes, new threshold 6 (max threshold 6)
[2019-01-14T12:48:03.492+0000][2866][gc,age       ] GC(24) Age table with threshold 6 (max threshold 6)
[2019-01-14T12:48:03.492+0000][2866][gc,age       ] GC(24) - age   1:    1457648 bytes,    1457648 total
[2019-01-14T12:48:03.492+0000][2866][gc,heap      ] GC(24) ParNew: 78656K->8474K(78656K)
[2019-01-14T12:48:03.492+0000][2866][gc,heap      ] GC(24) CMS: 79181K->87840K(174784K)
[2019-01-14T12:48:03.492+0000][2866][gc,metaspace ] GC(24) Metaspace: 76149K->76149K(1118208K)
[2019-01-14T12:48:03.492+0000][2866][gc           ] GC(24) Pause Young (Allocation Failure) 154M->94M(247M) 45.997ms
[2019-01-14T12:48:03.492+0000][2866][gc,cpu       ] GC(24) User=0.06s Sys=0.02s Real=0.05s
[2019-01-14T12:48:03.492+0000][2866][safepoint    ] Total time for which application threads were stopped: 0.0462059 seconds, Stopping threads took: 0.0000283 seconds
[2019-01-14T12:48:03.603+0000][2866][safepoint    ] Application time: 0.1106194 seconds
[2019-01-14T12:48:03.603+0000][2866][safepoint    ] Total time for which application threads were stopped: 0.0000917 seconds, Stopping threads took: 0.0000345 seconds
[2019-01-14T12:48:03.603+0000][2866][safepoint    ] Application time: 0.0007143 seconds
[2019-01-14T12:48:03.607+0000][2866][safepoint    ] Total time for which application threads were stopped: 0.0030921 seconds, Stopping threads took: 0.0030180 seconds
[2019-01-14T12:48:03.609+0000][2866][safepoint    ] Application time: 0.0020224 seconds
[2019-01-14T12:48:03.609+0000][2866][safepoint    ] Total time for which application threads were stopped: 0.0002861 seconds, Stopping threads took: 0.0002256 seconds
[2019-01-14T12:48:03.610+0000][2866][safepoint    ] Application time: 0.0013674 seconds
[2019-01-14T12:48:03.612+0000][2866][safepoint    ] Total time for which application threads were stopped: 0.0000801 seconds, Stopping threads took: 0.0000150 seconds
[2019-01-14T12:48:03.614+0000][2866][safepoint    ] Application time: 0.0022658 seconds
[2019-01-14T12:48:03.630+0000][2866][safepoint    ] Total time for which application threads were stopped: 0.0164076 seconds, Stopping threads took: 0.0163307 seconds
[2019-01-14T12:48:03.631+0000][2866][safepoint    ] Application time: 0.0006989 seconds
[2019-01-14T12:48:03.631+0000][2866][safepoint    ] Total time for which application threads were stopped: 0.0003512 seconds, Stopping threads took: 0.0002964 seconds
[2019-01-14T12:48:03.635+0000][2866][safepoint    ] Application time: 0.0034207 seconds
[2019-01-14T12:48:03.635+0000][2866][safepoint    ] Total time for which application threads were stopped: 0.0000806 seconds, Stopping threads took: 0.0000250 seconds
[2019-01-14T12:48:03.636+0000][2866][safepoint    ] Application time: 0.0006578 seconds
[2019-01-14T12:48:03.636+0000][2866][safepoint    ] Total time for which application threads were stopped: 0.0000842 seconds, Stopping threads took: 0.0000377 seconds
[2019-01-14T12:48:03.636+0000][2866][safepoint    ] Application time: 0.0002007 seconds
[2019-01-14T12:48:03.636+0000][2866][safepoint    ] Total time for which application threads were stopped: 0.0000390 seconds, Stopping threads took: 0.0000056 seconds
[2019-01-14T12:48:03.644+0000][2866][safepoint    ] Application time: 0.0077155 seconds
[2019-01-14T12:48:03.644+0000][2866][safepoint    ] Total time for which application threads were stopped: 0.0000805 seconds, Stopping threads took: 0.0000341 seconds
[2019-01-14T12:48:03.656+0000][2866][safepoint    ] Application time: 0.0121073 seconds
[2019-01-14T12:48:03.656+0000][2866][safepoint    ] Total time for which application threads were stopped: 0.0000928 seconds, Stopping threads took: 0.0000293 seconds
[2019-01-14T12:48:03.659+0000][2866][safepoint    ] Application time: 0.0026266 seconds
[2019-01-14T12:48:03.659+0000][2866][safepoint    ] Total time for which application threads were stopped: 0.0000646 seconds, Stopping threads took: 0.0000209 seconds
[2019-01-14T12:48:03.659+0000][2866][safepoint    ] Application time: 0.0002177 seconds
[2019-01-14T12:48:03.659+0000][2866][safepoint    ] Total time for which application threads were stopped: 0.0000385 seconds, Stopping threads took: 0.0000110 seconds
[2019-01-14T12:48:03.660+0000][2866][safepoint    ] Application time: 0.0006033 seconds
[2019-01-14T12:48:03.660+0000][2866][safepoint    ] Total time for which application threads were stopped: 0.0000407 seconds, Stopping threads took: 0.0000114 seconds
[2019-01-14T12:48:03.701+0000][2866][safepoint    ] Application time: 0.0408900 seconds
[2019-01-14T12:48:03.701+0000][2866][safepoint    ] Total time for which application threads were stopped: 0.0003991 seconds, Stopping threads took: 0.0000112 seconds
[2019-01-14T12:48:03.702+0000][2866][safepoint    ] Application time: 0.0008324 seconds
[2019-01-14T12:48:03.702+0000][2866][safepoint    ] Total time for which application threads were stopped: 0.0000723 seconds, Stopping threads took: 0.0000110 seconds
[2019-01-14T12:48:03.702+0000][2866][safepoint    ] Application time: 0.0000470 seconds
[2019-01-14T12:48:03.702+0000][2866][safepoint    ] Total time for which application threads were stopped: 0.0000340 seconds, Stopping threads took: 0.0000088 seconds
[2019-01-14T12:48:03.702+0000][2866][safepoint    ] Application time: 0.0000146 seconds
[2019-01-14T12:48:03.702+0000][2866][safepoint    ] Total time for which application threads were stopped: 0.0000264 seconds, Stopping threads took: 0.0000061 seconds
[2019-01-14T12:48:03.702+0000][2866][safepoint    ] Application time: 0.0000655 seconds
[2019-01-14T12:48:03.702+0000][2866][safepoint    ] Total time for which application threads were stopped: 0.0000296 seconds, Stopping threads took: 0.0000069 seconds
[2019-01-14T12:48:03.702+0000][2866][safepoint    ] Application time: 0.0000181 seconds
[2019-01-14T12:48:03.702+0000][2866][safepoint    ] Total time for which application threads were stopped: 0.0000273 seconds, Stopping threads took: 0.0000065 seconds
[2019-01-14T12:48:03.702+0000][2866][safepoint    ] Application time: 0.0000694 seconds
[2019-01-14T12:48:03.702+0000][2866][safepoint    ] Total time for which application threads were stopped: 0.0000527 seconds, Stopping threads took: 0.0000122 seconds
[2019-01-14T12:48:03.703+0000][2866][safepoint    ] Application time: 0.0000375 seconds
[2019-01-14T12:48:03.703+0000][2866][safepoint    ] Total time for which application threads were stopped: 0.0000327 seconds, Stopping threads took: 0.0000084 seconds
[2019-01-14T12:48:03.703+0000][2866][safepoint    ] Application time: 0.0000281 seconds
[2019-01-14T12:48:03.703+0000][2866][safepoint    ] Total time for which application threads were stopped: 0.0000320 seconds, Stopping threads took: 0.0000082 seconds
[2019-01-14T12:48:03.703+0000][2866][safepoint    ] Application time: 0.0000457 seconds
[2019-01-14T12:48:03.703+0000][2866][safepoint    ] Total time for which application threads were stopped: 0.0000722 seconds, Stopping threads took: 0.0000268 seconds
[2019-01-14T12:48:03.703+0000][2866][safepoint    ] Application time: 0.0000378 seconds
[2019-01-14T12:48:03.703+0000][2866][safepoint    ] Total time for which application threads were stopped: 0.0000847 seconds, Stopping threads took: 0.0000220 seconds
[2019-01-14T12:48:03.703+0000][2866][safepoint    ] Application time: 0.0000562 seconds
[2019-01-14T12:48:03.703+0000][2866][safepoint    ] Total time for which application threads were stopped: 0.0000430 seconds, Stopping threads took: 0.0000087 seconds
[2019-01-14T12:48:03.703+0000][2866][safepoint    ] Application time: 0.0000381 seconds
[2019-01-14T12:48:03.703+0000][2866][safepoint    ] Total time for which application threads were stopped: 0.0000576 seconds, Stopping threads took: 0.0000219 seconds
[2019-01-14T12:48:03.879+0000][2866][safepoint    ] Application time: 0.1756617 seconds
[2019-01-14T12:48:03.879+0000][2866][safepoint    ] Total time for which application threads were stopped: 0.0001315 seconds, Stopping threads took: 0.0000169 seconds
[2019-01-14T12:48:03.889+0000][2866][safepoint    ] Application time: 0.0100594 seconds
[2019-01-14T12:48:03.889+0000][2866][safepoint    ] Total time for which application threads were stopped: 0.0002427 seconds, Stopping threads took: 0.0000519 seconds
[2019-01-14T12:48:04.704+0000][2866][safepoint    ] Application time: 0.8147920 seconds
[2019-01-14T12:48:04.704+0000][2866][safepoint    ] Total time for which application threads were stopped: 0.0000801 seconds, Stopping threads took: 0.0000144 seconds
[2019-01-14T12:48:04.704+0000][2866][safepoint    ] Application time: 0.0000847 seconds
[2019-01-14T12:48:04.705+0000][2866][safepoint    ] Total time for which application threads were stopped: 0.0000602 seconds, Stopping threads took: 0.0000083 seconds
[2019-01-14T12:48:04.705+0000][2866][safepoint    ] Application time: 0.0001084 seconds
[2019-01-14T12:48:04.705+0000][2866][safepoint    ] Total time for which application threads were stopped: 0.0000302 seconds, Stopping threads took: 0.0000047 seconds
[2019-01-14T12:48:04.705+0000][2866][safepoint    ] Application time: 0.0000706 seconds
[2019-01-14T12:48:04.705+0000][2866][safepoint    ] Total time for which application threads were stopped: 0.0000281 seconds, Stopping threads took: 0.0000044 seconds
[2019-01-14T12:48:05.705+0000][2866][safepoint    ] Application time: 1.0001260 seconds
[2019-01-14T12:48:05.705+0000][2866][safepoint    ] Total time for which application threads were stopped: 0.0000924 seconds, Stopping threads took: 0.0000349 seconds
[2019-01-14T12:48:06.706+0000][2866][safepoint    ] Application time: 1.0003653 seconds
[2019-01-14T12:48:06.706+0000][2866][safepoint    ] Total time for which application threads were stopped: 0.0000568 seconds, Stopping threads took: 0.0000164 seconds
[2019-01-14T12:48:07.446+0000][2866][safepoint    ] Application time: 0.7407382 seconds
[2019-01-14T12:48:07.447+0000][2866][safepoint    ] Total time for which application threads were stopped: 0.0000669 seconds, Stopping threads took: 0.0000133 seconds
[2019-01-14T12:48:07.447+0000][2866][safepoint    ] Application time: 0.0001084 seconds
[2019-01-14T12:48:07.447+0000][2866][safepoint    ] Total time for which application threads were stopped: 0.0000294 seconds, Stopping threads took: 0.0000044 seconds
[2019-01-14T12:48:07.447+0000][2866][safepoint    ] Application time: 0.0001342 seconds
[2019-01-14T12:48:07.447+0000][2866][safepoint    ] Total time for which application threads were stopped: 0.0000301 seconds, Stopping threads took: 0.0000049 seconds
[2019-01-14T12:48:07.447+0000][2866][safepoint    ] Application time: 0.0001436 seconds
[2019-01-14T12:48:07.447+0000][2866][safepoint    ] Total time for which application threads were stopped: 0.0000299 seconds, Stopping threads took: 0.0000048 seconds
[2019-01-14T12:48:07.447+0000][2866][safepoint    ] Application time: 0.0002172 seconds
[2019-01-14T12:48:07.447+0000][2866][safepoint    ] Total time for which application threads were stopped: 0.0000271 seconds, Stopping threads took: 0.0000042 seconds
[2019-01-14T12:48:08.448+0000][2866][safepoint    ] Application time: 1.0001246 seconds
[2019-01-14T12:48:08.448+0000][2866][safepoint    ] Total time for which application threads were stopped: 0.0000582 seconds, Stopping threads took: 0.0000154 seconds
[2019-01-14T12:48:09.448+0000][2866][safepoint    ] Application time: 1.0004425 seconds
[2019-01-14T12:48:09.448+0000][2866][safepoint    ] Total time for which application threads were stopped: 0.0000649 seconds, Stopping threads took: 0.0000169 seconds
[2019-01-14T12:48:10.449+0000][2866][safepoint    ] Application time: 1.0001379 seconds
[2019-01-14T12:48:10.451+0000][2866][safepoint    ] Total time for which application threads were stopped: 0.0011229 seconds, Stopping threads took: 0.0005592 seconds
[2019-01-14T12:48:11.451+0000][2866][safepoint    ] Application time: 1.0003126 seconds
[2019-01-14T12:48:11.451+0000][2866][safepoint    ] Total time for which application threads were stopped: 0.0001401 seconds, Stopping threads took: 0.0000193 seconds
[2019-01-14T12:48:12.452+0000][2866][safepoint    ] Application time: 1.0001530 seconds
[2019-01-14T12:48:12.452+0000][2866][safepoint    ] Total time for which application threads were stopped: 0.0000779 seconds, Stopping threads took: 0.0000268 seconds
[2019-01-14T12:48:13.452+0000][2866][safepoint    ] Application time: 1.0003776 seconds
[2019-01-14T12:48:13.452+0000][2866][safepoint    ] Total time for which application threads were stopped: 0.0000513 seconds, Stopping threads took: 0.0000148 seconds
[2019-01-14T12:48:14.452+0000][2866][safepoint    ] Application time: 1.0003109 seconds
[2019-01-14T12:48:14.453+0000][2866][safepoint    ] Total time for which application threads were stopped: 0.0000995 seconds, Stopping threads took: 0.0000230 seconds
[2019-01-14T12:48:15.454+0000][2866][safepoint    ] Application time: 1.0008573 seconds
[2019-01-14T12:48:15.454+0000][2866][safepoint    ] Total time for which application threads were stopped: 0.0003702 seconds, Stopping threads took: 0.0000570 seconds
[2019-01-14T12:48:16.454+0000][2866][safepoint    ] Application time: 1.0001622 seconds
[2019-01-14T12:48:16.455+0000][2866][safepoint    ] Total time for which application threads were stopped: 0.0000641 seconds, Stopping threads took: 0.0000172 seconds
[2019-01-14T12:48:17.456+0000][2866][safepoint    ] Application time: 1.0010309 seconds
[2019-01-14T12:48:17.456+0000][2866][safepoint    ] Total time for which application threads were stopped: 0.0000964 seconds, Stopping threads took: 0.0000178 seconds
[2019-01-14T12:48:18.456+0000][2866][safepoint    ] Application time: 1.0003541 seconds
[2019-01-14T12:48:18.456+0000][2866][safepoint    ] Total time for which application threads were stopped: 0.0000564 seconds, Stopping threads took: 0.0000171 seconds
[2019-01-14T12:48:19.456+0000][2866][safepoint    ] Application time: 1.0002419 seconds
[2019-01-14T12:48:19.457+0000][2866][safepoint    ] Total time for which application threads were stopped: 0.0000560 seconds, Stopping threads took: 0.0000157 seconds
[2019-01-14T12:48:20.457+0000][2866][safepoint    ] Application time: 1.0001933 seconds
[2019-01-14T12:48:20.457+0000][2866][safepoint    ] Total time for which application threads were stopped: 0.0000873 seconds, Stopping threads took: 0.0000161 seconds
[2019-01-14T12:48:21.457+0000][2866][safepoint    ] Application time: 1.0003064 seconds
[2019-01-14T12:48:21.457+0000][2866][safepoint    ] Total time for which application threads were stopped: 0.0000633 seconds, Stopping threads took: 0.0000179 seconds
[2019-01-14T12:48:22.458+0000][2866][safepoint    ] Application time: 1.0004516 seconds
[2019-01-14T12:48:22.458+0000][2866][safepoint    ] Total time for which application threads were stopped: 0.0000829 seconds, Stopping threads took: 0.0000386 seconds
[2019-01-14T12:48:23.458+0000][2866][safepoint    ] Application time: 1.0002286 seconds
[2019-01-14T12:48:23.459+0000][2866][safepoint    ] Total time for which application threads were stopped: 0.0001283 seconds, Stopping threads took: 0.0000316 seconds
[2019-01-14T12:48:24.459+0000][2866][safepoint    ] Application time: 1.0007156 seconds
[2019-01-14T12:48:24.459+0000][2866][safepoint    ] Total time for which application threads were stopped: 0.0000588 seconds, Stopping threads took: 0.0000157 seconds
[2019-01-14T12:48:25.460+0000][2866][safepoint    ] Application time: 1.0004057 seconds
[2019-01-14T12:48:25.460+0000][2866][safepoint    ] Total time for which application threads were stopped: 0.0005994 seconds, Stopping threads took: 0.0000156 seconds
[2019-01-14T12:48:26.461+0000][2866][safepoint    ] Application time: 1.0001594 seconds
[2019-01-14T12:48:26.461+0000][2866][safepoint    ] Total time for which application threads were stopped: 0.0000852 seconds, Stopping threads took: 0.0000206 seconds
[2019-01-14T12:48:27.461+0000][2866][safepoint    ] Application time: 1.0005225 seconds
[2019-01-14T12:48:27.461+0000][2866][safepoint    ] Total time for which application threads were stopped: 0.0000697 seconds, Stopping threads took: 0.0000150 seconds
[2019-01-14T12:48:28.462+0000][2866][safepoint    ] Application time: 1.0003029 seconds
[2019-01-14T12:48:28.462+0000][2866][safepoint    ] Total time for which application threads were stopped: 0.0000557 seconds, Stopping threads took: 0.0000143 seconds
[2019-01-14T12:48:29.463+0000][2866][safepoint    ] Application time: 1.0007807 seconds
[2019-01-14T12:48:29.463+0000][2866][safepoint    ] Total time for which application threads were stopped: 0.0000670 seconds, Stopping threads took: 0.0000174 seconds
[2019-01-14T12:48:30.181+0000][2866][safepoint    ] Application time: 0.7181817 seconds
[2019-01-14T12:48:30.181+0000][2866][safepoint    ] Total time for which application threads were stopped: 0.0000658 seconds, Stopping threads took: 0.0000096 seconds
[2019-01-14T12:48:30.204+0000][2866][safepoint    ] Application time: 0.0228575 seconds
[2019-01-14T12:48:30.204+0000][2866][safepoint    ] Total time for which application threads were stopped: 0.0000750 seconds, Stopping threads took: 0.0000090 seconds
[2019-01-14T12:48:31.204+0000][2866][safepoint    ] Application time: 1.0001780 seconds
[2019-01-14T12:48:31.204+0000][2866][safepoint    ] Total time for which application threads were stopped: 0.0001160 seconds, Stopping threads took: 0.0000222 seconds
[2019-01-14T12:48:32.205+0000][2866][safepoint    ] Application time: 1.0005954 seconds
[2019-01-14T12:48:32.205+0000][2866][safepoint    ] Total time for which application threads were stopped: 0.0000609 seconds, Stopping threads took: 0.0000161 seconds
[2019-01-14T12:48:32.702+0000][2866][safepoint    ] Application time: 0.4972631 seconds
[2019-01-14T12:48:32.703+0000][2866][safepoint    ] Total time for which application threads were stopped: 0.0003092 seconds, Stopping threads took: 0.0000511 seconds
[2019-01-14T12:48:32.832+0000][2866][safepoint    ] Application time: 0.1284011 seconds
[2019-01-14T12:48:32.832+0000][2866][safepoint    ] Total time for which application threads were stopped: 0.0000977 seconds, Stopping threads took: 0.0000204 seconds
[2019-01-14T12:48:32.833+0000][2866][safepoint    ] Application time: 0.0006146 seconds
[2019-01-14T12:48:32.833+0000][2866][safepoint    ] Total time for which application threads were stopped: 0.0000627 seconds, Stopping threads took: 0.0000155 seconds
[2019-01-14T12:48:32.833+0000][2866][safepoint    ] Application time: 0.0001044 seconds
[2019-01-14T12:48:32.833+0000][2866][safepoint    ] Total time for which application threads were stopped: 0.0000379 seconds, Stopping threads took: 0.0000080 seconds
[2019-01-14T12:48:32.833+0000][2866][safepoint    ] Application time: 0.0000834 seconds
[2019-01-14T12:48:32.833+0000][2866][safepoint    ] Total time for which application threads were stopped: 0.0000382 seconds, Stopping threads took: 0.0000099 seconds
[2019-01-14T12:48:32.833+0000][2866][safepoint    ] Application time: 0.0000442 seconds
[2019-01-14T12:48:32.833+0000][2866][safepoint    ] Total time for which application threads were stopped: 0.0000290 seconds, Stopping threads took: 0.0000072 seconds
[2019-01-14T12:48:33.834+0000][2866][safepoint    ] Application time: 1.0006185 seconds
[2019-01-14T12:48:33.834+0000][2866][safepoint    ] Total time for which application threads were stopped: 0.0000599 seconds, Stopping threads took: 0.0000157 seconds
[2019-01-14T12:48:34.834+0000][2866][safepoint    ] Application time: 1.0002040 seconds
[2019-01-14T12:48:34.834+0000][2866][safepoint    ] Total time for which application threads were stopped: 0.0000766 seconds, Stopping threads took: 0.0000172 seconds
[2019-01-14T12:48:35.835+0000][2866][safepoint    ] Application time: 1.0006786 seconds
[2019-01-14T12:48:35.835+0000][2866][safepoint    ] Total time for which application threads were stopped: 0.0000741 seconds, Stopping threads took: 0.0000177 seconds
[2019-01-14T12:48:36.835+0000][2866][safepoint    ] Application time: 1.0005366 seconds
[2019-01-14T12:48:36.836+0000][2866][safepoint    ] Total time for which application threads were stopped: 0.0000690 seconds, Stopping threads took: 0.0000171 seconds
[2019-01-14T12:48:37.836+0000][2866][safepoint    ] Application time: 1.0004817 seconds
[2019-01-14T12:48:37.836+0000][2866][safepoint    ] Total time for which application threads were stopped: 0.0000746 seconds, Stopping threads took: 0.0000172 seconds
[2019-01-14T12:48:38.837+0000][2866][safepoint    ] Application time: 1.0003281 seconds
[2019-01-14T12:48:38.837+0000][2866][safepoint    ] Total time for which application threads were stopped: 0.0000609 seconds, Stopping threads took: 0.0000169 seconds
[2019-01-14T12:48:39.837+0000][2866][safepoint    ] Application time: 1.0002878 seconds
[2019-01-14T12:48:39.837+0000][2866][safepoint    ] Total time for which application threads were stopped: 0.0000575 seconds, Stopping threads took: 0.0000153 seconds
[2019-01-14T12:48:40.838+0000][2866][safepoint    ] Application time: 1.0007238 seconds
[2019-01-14T12:48:40.838+0000][2866][safepoint    ] Total time for which application threads were stopped: 0.0000615 seconds, Stopping threads took: 0.0000157 seconds
[2019-01-14T12:48:41.838+0000][2866][safepoint    ] Application time: 1.0001403 seconds
[2019-01-14T12:48:41.838+0000][2866][safepoint    ] Total time for which application threads were stopped: 0.0000608 seconds, Stopping threads took: 0.0000159 seconds
[2019-01-14T12:48:42.839+0000][2866][safepoint    ] Application time: 1.0002415 seconds
[2019-01-14T12:48:42.839+0000][2866][safepoint    ] Total time for which application threads were stopped: 0.0000700 seconds, Stopping threads took: 0.0000167 seconds
[2019-01-14T12:48:43.839+0000][2866][safepoint    ] Application time: 1.0001694 seconds
[2019-01-14T12:48:43.839+0000][2866][safepoint    ] Total time for which application threads were stopped: 0.0000697 seconds, Stopping threads took: 0.0000170 seconds
[2019-01-14T12:48:44.840+0000][2866][safepoint    ] Application time: 1.0003194 seconds
[2019-01-14T12:48:44.840+0000][2866][safepoint    ] Total time for which application threads were stopped: 0.0000616 seconds, Stopping threads took: 0.0000161 seconds
[2019-01-14T12:48:45.840+0000][2866][safepoint    ] Application time: 1.0005296 seconds
[2019-01-14T12:48:45.841+0000][2866][safepoint    ] Total time for which application threads were stopped: 0.0001037 seconds, Stopping threads took: 0.0000159 seconds
[2019-01-14T12:48:46.841+0000][2866][safepoint    ] Application time: 1.0005886 seconds
[2019-01-14T12:48:46.841+0000][2866][safepoint    ] Total time for which application threads were stopped: 0.0000934 seconds, Stopping threads took: 0.0000239 seconds
[2019-01-14T12:48:47.841+0000][2866][safepoint    ] Application time: 1.0001626 seconds
[2019-01-14T12:48:47.842+0000][2866][safepoint    ] Total time for which application threads were stopped: 0.0000788 seconds, Stopping threads took: 0.0000178 seconds
[2019-01-14T12:48:48.842+0000][2866][safepoint    ] Application time: 1.0004103 seconds
[2019-01-14T12:48:48.842+0000][2866][safepoint    ] Total time for which application threads were stopped: 0.0000675 seconds, Stopping threads took: 0.0000156 seconds
[2019-01-14T12:48:49.843+0000][2866][safepoint    ] Application time: 1.0005509 seconds
[2019-01-14T12:48:49.843+0000][2866][safepoint    ] Total time for which application threads were stopped: 0.0000721 seconds, Stopping threads took: 0.0000159 seconds
[2019-01-14T12:48:50.843+0000][2866][safepoint    ] Application time: 1.0002935 seconds
[2019-01-14T12:48:50.843+0000][2866][safepoint    ] Total time for which application threads were stopped: 0.0000709 seconds, Stopping threads took: 0.0000168 seconds
[2019-01-14T12:48:51.844+0000][2866][safepoint    ] Application time: 1.0003937 seconds
[2019-01-14T12:48:51.844+0000][2866][safepoint    ] Total time for which application threads were stopped: 0.0000849 seconds, Stopping threads took: 0.0000179 seconds
[2019-01-14T12:48:52.844+0000][2866][safepoint    ] Application time: 1.0005771 seconds
[2019-01-14T12:48:52.845+0000][2866][safepoint    ] Total time for which application threads were stopped: 0.0002627 seconds, Stopping threads took: 0.0000668 seconds
[2019-01-14T12:48:53.845+0000][2866][safepoint    ] Application time: 1.0005717 seconds
[2019-01-14T12:48:53.845+0000][2866][safepoint    ] Total time for which application threads were stopped: 0.0000757 seconds, Stopping threads took: 0.0000178 seconds
[2019-01-14T12:48:54.846+0000][2866][safepoint    ] Application time: 1.0001819 seconds
[2019-01-14T12:48:54.846+0000][2866][safepoint    ] Total time for which application threads were stopped: 0.0001181 seconds, Stopping threads took: 0.0000316 seconds
[2019-01-14T12:48:55.847+0000][2866][safepoint    ] Application time: 1.0006610 seconds
[2019-01-14T12:48:55.847+0000][2866][safepoint    ] Total time for which application threads were stopped: 0.0004621 seconds, Stopping threads took: 0.0001217 seconds
[2019-01-14T12:48:56.847+0000][2866][safepoint    ] Application time: 1.0001610 seconds
[2019-01-14T12:48:56.848+0000][2866][safepoint    ] Total time for which application threads were stopped: 0.0000793 seconds, Stopping threads took: 0.0000191 seconds
[2019-01-14T12:48:57.848+0000][2866][safepoint    ] Application time: 1.0002245 seconds
[2019-01-14T12:48:57.848+0000][2866][safepoint    ] Total time for which application threads were stopped: 0.0000622 seconds, Stopping threads took: 0.0000162 seconds
[2019-01-14T12:48:58.848+0000][2866][safepoint    ] Application time: 1.0003049 seconds
[2019-01-14T12:48:58.848+0000][2866][safepoint    ] Total time for which application threads were stopped: 0.0001729 seconds, Stopping threads took: 0.0000777 seconds
[2019-01-14T12:49:00.231+0000][2866][safepoint    ] Application time: 1.3822841 seconds
[2019-01-14T12:49:00.231+0000][2866][safepoint    ] Total time for which application threads were stopped: 0.0001014 seconds, Stopping threads took: 0.0000323 seconds
[2019-01-14T12:49:00.231+0000][2866][safepoint    ] Application time: 0.0001324 seconds
[2019-01-14T12:49:00.231+0000][2866][safepoint    ] Total time for which application threads were stopped: 0.0000434 seconds, Stopping threads took: 0.0000054 seconds
[2019-01-14T12:49:00.231+0000][2866][safepoint    ] Application time: 0.0001008 seconds
[2019-01-14T12:49:00.231+0000][2866][safepoint    ] Total time for which application threads were stopped: 0.0001096 seconds, Stopping threads took: 0.0000689 seconds
[2019-01-14T12:49:00.231+0000][2866][safepoint    ] Application time: 0.0001048 seconds
[2019-01-14T12:49:00.231+0000][2866][safepoint    ] Total time for which application threads were stopped: 0.0000525 seconds, Stopping threads took: 0.0000180 seconds
[2019-01-14T12:49:00.232+0000][2866][safepoint    ] Application time: 0.0001193 seconds
[2019-01-14T12:49:00.232+0000][2866][safepoint    ] Total time for which application threads were stopped: 0.0000391 seconds, Stopping threads took: 0.0000045 seconds
[2019-01-14T12:49:01.233+0000][2866][safepoint    ] Application time: 1.0009725 seconds
[2019-01-14T12:49:01.233+0000][2866][safepoint    ] Total time for which application threads were stopped: 0.0001688 seconds, Stopping threads took: 0.0000364 seconds
[2019-01-14T12:49:03.234+0000][2866][safepoint    ] Application time: 2.0010968 seconds
[2019-01-14T12:49:03.234+0000][2866][safepoint    ] Total time for which application threads were stopped: 0.0000698 seconds, Stopping threads took: 0.0000166 seconds
[2019-01-14T12:49:04.235+0000][2866][safepoint    ] Application time: 1.0003477 seconds
[2019-01-14T12:49:04.235+0000][2866][safepoint    ] Total time for which application threads were stopped: 0.0000652 seconds, Stopping threads took: 0.0000154 seconds
[2019-01-14T12:49:09.237+0000][2866][safepoint    ] Application time: 5.0021536 seconds
[2019-01-14T12:49:09.237+0000][2866][safepoint    ] Total time for which application threads were stopped: 0.0000713 seconds, Stopping threads took: 0.0000171 seconds
[2019-01-14T12:49:12.238+0000][2866][safepoint    ] Application time: 3.0013460 seconds
[2019-01-14T12:49:12.238+0000][2866][safepoint    ] Total time for which application threads were stopped: 0.0000753 seconds, Stopping threads took: 0.0000175 seconds
[2019-01-14T12:49:13.239+0000][2866][safepoint    ] Application time: 1.0005645 seconds
[2019-01-14T12:49:13.239+0000][2866][safepoint    ] Total time for which application threads were stopped: 0.0000639 seconds, Stopping threads took: 0.0000144 seconds
[2019-01-14T12:49:19.241+0000][2866][safepoint    ] Application time: 6.0023166 seconds
[2019-01-14T12:49:19.242+0000][2866][safepoint    ] Total time for which application threads were stopped: 0.0000734 seconds, Stopping threads took: 0.0000167 seconds
[2019-01-14T12:49:21.243+0000][2866][safepoint    ] Application time: 2.0009949 seconds
[2019-01-14T12:49:21.243+0000][2866][safepoint    ] Total time for which application threads were stopped: 0.0001793 seconds, Stopping threads took: 0.0000343 seconds
[2019-01-14T12:49:23.244+0000][2866][safepoint    ] Application time: 2.0007189 seconds
[2019-01-14T12:49:23.244+0000][2866][safepoint    ] Total time for which application threads were stopped: 0.0000788 seconds, Stopping threads took: 0.0000171 seconds
[2019-01-14T12:49:24.245+0000][2866][safepoint    ] Application time: 1.0006542 seconds
[2019-01-14T12:49:24.245+0000][2866][safepoint    ] Total time for which application threads were stopped: 0.0001137 seconds, Stopping threads took: 0.0000581 seconds
[2019-01-14T12:49:28.246+0000][2866][safepoint    ] Application time: 4.0014572 seconds
[2019-01-14T12:49:28.247+0000][2866][safepoint    ] Total time for which application threads were stopped: 0.0000979 seconds, Stopping threads took: 0.0000253 seconds
[2019-01-14T12:49:34.250+0000][2866][safepoint    ] Application time: 6.0034128 seconds
[2019-01-14T12:49:34.250+0000][2866][safepoint    ] Total time for which application threads were stopped: 0.0001492 seconds, Stopping threads took: 0.0000366 seconds
[2019-01-14T12:49:36.251+0000][2866][safepoint    ] Application time: 2.0003858 seconds
[2019-01-14T12:49:36.251+0000][2866][safepoint    ] Total time for which application threads were stopped: 0.0001414 seconds, Stopping threads took: 0.0000154 seconds
[2019-01-14T12:49:37.911+0000][2866][safepoint    ] Application time: 1.6596737 seconds
[2019-01-14T12:49:37.913+0000][2866][gc,start     ] GC(25) Pause Young (Allocation Failure)
[2019-01-14T12:49:37.914+0000][2866][gc,task      ] GC(25) Using 2 workers of 2 for evacuation
[2019-01-14T12:49:37.919+0000][2866][gc,age       ] GC(25) Desired survivor size 4456448 bytes, new threshold 6 (max threshold 6)
[2019-01-14T12:49:37.919+0000][2866][gc,age       ] GC(25) Age table with threshold 6 (max threshold 6)
[2019-01-14T12:49:37.919+0000][2866][gc,age       ] GC(25) - age   1:     503592 bytes,     503592 total
[2019-01-14T12:49:37.919+0000][2866][gc,age       ] GC(25) - age   2:    1406448 bytes,    1910040 total
[2019-01-14T12:49:37.920+0000][2866][gc,heap      ] GC(25) ParNew: 78426K->3578K(78656K)
[2019-01-14T12:49:37.920+0000][2866][gc,heap      ] GC(25) CMS: 87840K->87840K(174784K)
[2019-01-14T12:49:37.920+0000][2866][gc,metaspace ] GC(25) Metaspace: 77485K->77485K(1120256K)
[2019-01-14T12:49:37.920+0000][2866][gc           ] GC(25) Pause Young (Allocation Failure) 162M->89M(247M) 7.450ms
[2019-01-14T12:49:37.920+0000][2866][gc,cpu       ] GC(25) User=0.00s Sys=0.01s Real=0.00s
[2019-01-14T12:49:37.920+0000][2866][safepoint    ] Total time for which application threads were stopped: 0.0093778 seconds, Stopping threads took: 0.0000112 seconds
[2019-01-14T12:49:40.921+0000][2866][safepoint    ] Application time: 3.0008877 seconds
[2019-01-14T12:49:40.921+0000][2866][safepoint    ] Total time for which application threads were stopped: 0.0000729 seconds, Stopping threads took: 0.0000168 seconds
[2019-01-14T12:49:45.923+0000][2866][safepoint    ] Application time: 5.0019416 seconds
[2019-01-14T12:49:45.923+0000][2866][safepoint    ] Total time for which application threads were stopped: 0.0000753 seconds, Stopping threads took: 0.0000173 seconds
[2019-01-14T12:49:46.924+0000][2866][safepoint    ] Application time: 1.0003400 seconds
[2019-01-14T12:49:46.924+0000][2866][safepoint    ] Total time for which application threads were stopped: 0.0000953 seconds, Stopping threads took: 0.0000173 seconds
[2019-01-14T12:49:49.926+0000][2866][safepoint    ] Application time: 3.0017555 seconds
[2019-01-14T12:49:49.926+0000][2866][safepoint    ] Total time for which application threads were stopped: 0.0004962 seconds, Stopping threads took: 0.0000801 seconds
[2019-01-14T12:49:50.927+0000][2866][safepoint    ] Application time: 1.0007594 seconds
[2019-01-14T12:49:50.927+0000][2866][safepoint    ] Total time for which application threads were stopped: 0.0001144 seconds, Stopping threads took: 0.0000172 seconds
[2019-01-14T12:49:55.929+0000][2866][safepoint    ] Application time: 5.0021093 seconds
[2019-01-14T12:49:55.929+0000][2866][safepoint    ] Total time for which application threads were stopped: 0.0000836 seconds, Stopping threads took: 0.0000268 seconds
[2019-01-14T12:49:56.930+0000][2866][safepoint    ] Application time: 1.0003865 seconds
[2019-01-14T12:49:56.930+0000][2866][safepoint    ] Total time for which application threads were stopped: 0.0002309 seconds, Stopping threads took: 0.0001044 seconds
[2019-01-14T12:50:03.932+0000][2866][safepoint    ] Application time: 7.0019424 seconds
[2019-01-14T12:50:03.932+0000][2866][safepoint    ] Total time for which application threads were stopped: 0.0000979 seconds, Stopping threads took: 0.0000361 seconds
[2019-01-14T12:50:05.933+0000][2866][safepoint    ] Application time: 2.0007757 seconds
[2019-01-14T12:50:05.933+0000][2866][safepoint    ] Total time for which application threads were stopped: 0.0000770 seconds, Stopping threads took: 0.0000170 seconds
[2019-01-14T12:50:12.936+0000][2866][safepoint    ] Application time: 7.0026064 seconds
[2019-01-14T12:50:12.983+0000][2866][safepoint    ] Total time for which application threads were stopped: 0.0020177 seconds, Stopping threads took: 0.0000345 seconds
[2019-01-14T12:50:13.983+0000][2866][safepoint    ] Application time: 1.0002532 seconds
[2019-01-14T12:50:13.983+0000][2866][safepoint    ] Total time for which application threads were stopped: 0.0000823 seconds, Stopping threads took: 0.0000198 seconds
[2019-01-14T12:50:29.018+0000][2866][safepoint    ] Application time: 15.0343957 seconds
[2019-01-14T12:50:29.023+0000][2866][safepoint    ] Total time for which application threads were stopped: 0.0029439 seconds, Stopping threads took: 0.0009407 seconds
[2019-01-14T12:50:32.025+0000][2866][safepoint    ] Application time: 3.0020269 seconds
[2019-01-14T12:50:32.026+0000][2866][safepoint    ] Total time for which application threads were stopped: 0.0003606 seconds, Stopping threads took: 0.0000168 seconds
[2019-01-14T12:50:32.837+0000][2866][safepoint    ] Application time: 0.8108229 seconds
[2019-01-14T12:50:32.838+0000][2866][safepoint    ] Total time for which application threads were stopped: 0.0005064 seconds, Stopping threads took: 0.0000134 seconds
[2019-01-14T12:50:32.838+0000][2866][safepoint    ] Application time: 0.0006467 seconds
[2019-01-14T12:50:32.838+0000][2866][safepoint    ] Total time for which application threads were stopped: 0.0000546 seconds, Stopping threads took: 0.0000086 seconds
[2019-01-14T12:50:32.838+0000][2866][safepoint    ] Application time: 0.0001129 seconds
[2019-01-14T12:50:32.839+0000][2866][safepoint    ] Total time for which application threads were stopped: 0.0000364 seconds, Stopping threads took: 0.0000046 seconds
[2019-01-14T12:50:32.839+0000][2866][safepoint    ] Application time: 0.0000574 seconds
[2019-01-14T12:50:32.839+0000][2866][safepoint    ] Total time for which application threads were stopped: 0.0000261 seconds, Stopping threads took: 0.0000023 seconds
[2019-01-14T12:50:32.839+0000][2866][safepoint    ] Application time: 0.0001934 seconds
[2019-01-14T12:50:32.839+0000][2866][safepoint    ] Total time for which application threads were stopped: 0.0000363 seconds, Stopping threads took: 0.0000052 seconds
[2019-01-14T12:50:42.844+0000][2866][safepoint    ] Application time: 10.0046052 seconds
[2019-01-14T12:50:42.844+0000][2866][safepoint    ] Total time for which application threads were stopped: 0.0000752 seconds, Stopping threads took: 0.0000162 seconds
[2019-01-14T12:50:46.846+0000][2866][safepoint    ] Application time: 4.0018660 seconds
[2019-01-14T12:50:46.846+0000][2866][safepoint    ] Total time for which application threads were stopped: 0.0000751 seconds, Stopping threads took: 0.0000155 seconds
[2019-01-14T12:50:51.847+0000][2866][safepoint    ] Application time: 5.0012072 seconds
[2019-01-14T12:50:51.847+0000][2866][safepoint    ] Total time for which application threads were stopped: 0.0000726 seconds, Stopping threads took: 0.0000151 seconds
[2019-01-14T12:51:00.851+0000][2866][safepoint    ] Application time: 9.0037924 seconds
[2019-01-14T12:51:00.851+0000][2866][safepoint    ] Total time for which application threads were stopped: 0.0000944 seconds, Stopping threads took: 0.0000286 seconds
[2019-01-14T12:51:31.864+0000][2866][safepoint    ] Application time: 31.0120356 seconds
[2019-01-14T12:51:31.866+0000][2866][safepoint    ] Total time for which application threads were stopped: 0.0004961 seconds, Stopping threads took: 0.0000271 seconds
[2019-01-14T12:51:43.560+0000][2866][safepoint    ] Application time: 11.6942748 seconds
[2019-01-14T12:51:43.563+0000][2866][safepoint    ] Total time for which application threads were stopped: 0.0018405 seconds, Stopping threads took: 0.0000986 seconds
[2019-01-14T12:51:43.569+0000][2866][safepoint    ] Application time: 0.0065928 seconds
[2019-01-14T12:51:43.570+0000][2866][safepoint    ] Total time for which application threads were stopped: 0.0002870 seconds, Stopping threads took: 0.0000123 seconds
[2019-01-14T12:51:43.656+0000][2866][safepoint    ] Application time: 0.0867744 seconds
[2019-01-14T12:51:43.657+0000][2866][safepoint    ] Total time for which application threads were stopped: 0.0001749 seconds, Stopping threads took: 0.0001218 seconds
[2019-01-14T12:51:43.821+0000][2866][safepoint    ] Application time: 0.1642770 seconds
[2019-01-14T12:51:43.821+0000][2866][safepoint    ] Total time for which application threads were stopped: 0.0001866 seconds, Stopping threads took: 0.0000302 seconds
[2019-01-14T12:51:43.896+0000][2866][safepoint    ] Application time: 0.0746525 seconds
[2019-01-14T12:51:43.919+0000][2866][safepoint    ] Total time for which application threads were stopped: 0.0232249 seconds, Stopping threads took: 0.0000106 seconds
[2019-01-14T12:51:43.950+0000][2866][safepoint    ] Application time: 0.0304022 seconds
[2019-01-14T12:51:43.950+0000][2866][safepoint    ] Total time for which application threads were stopped: 0.0000701 seconds, Stopping threads took: 0.0000102 seconds
[2019-01-14T12:51:43.957+0000][2866][safepoint    ] Application time: 0.0076198 seconds
[2019-01-14T12:51:43.958+0000][2866][safepoint    ] Total time for which application threads were stopped: 0.0002045 seconds, Stopping threads took: 0.0000426 seconds
[2019-01-14T12:51:43.984+0000][2866][safepoint    ] Application time: 0.0259538 seconds
[2019-01-14T12:51:43.985+0000][2866][safepoint    ] Total time for which application threads were stopped: 0.0009176 seconds, Stopping threads took: 0.0000130 seconds
[2019-01-14T12:51:43.986+0000][2866][safepoint    ] Application time: 0.0013916 seconds
[2019-01-14T12:51:43.987+0000][2866][gc,start     ] GC(26) Pause Young (Allocation Failure)
[2019-01-14T12:51:43.988+0000][2866][gc,task      ] GC(26) Using 2 workers of 2 for evacuation
[2019-01-14T12:51:44.453+0000][2866][gc,age       ] GC(26) Desired survivor size 4456448 bytes, new threshold 6 (max threshold 6)
[2019-01-14T12:51:44.453+0000][2866][gc,age       ] GC(26) Age table with threshold 6 (max threshold 6)
[2019-01-14T12:51:44.453+0000][2866][gc,age       ] GC(26) - age   1:     345776 bytes,     345776 total
[2019-01-14T12:51:44.453+0000][2866][gc,age       ] GC(26) - age   2:     491984 bytes,     837760 total
[2019-01-14T12:51:44.453+0000][2866][gc,age       ] GC(26) - age   3:    1406304 bytes,    2244064 total
[2019-01-14T12:51:44.453+0000][2866][gc,heap      ] GC(26) ParNew: 73530K->2591K(78656K)
[2019-01-14T12:51:44.453+0000][2866][gc,heap      ] GC(26) CMS: 87840K->104224K(174784K)
[2019-01-14T12:51:44.453+0000][2866][gc,metaspace ] GC(26) Metaspace: 78520K->78520K(1122304K)
[2019-01-14T12:51:44.453+0000][2866][gc           ] GC(26) Pause Young (Allocation Failure) 157M->104M(247M) 466.876ms
[2019-01-14T12:51:44.453+0000][2866][gc,cpu       ] GC(26) User=0.36s Sys=0.17s Real=0.47s
[2019-01-14T12:51:44.453+0000][2866][safepoint    ] Total time for which application threads were stopped: 0.4674625 seconds, Stopping threads took: 0.0000074 seconds
[2019-01-14T12:51:44.489+0000][2866][safepoint    ] Application time: 0.0352745 seconds
[2019-01-14T12:51:44.489+0000][2866][safepoint    ] Total time for which application threads were stopped: 0.0000827 seconds, Stopping threads took: 0.0000124 seconds
[2019-01-14T12:51:44.969+0000][2866][safepoint    ] Application time: 0.4798521 seconds
[2019-01-14T12:51:44.969+0000][2866][safepoint    ] Total time for which application threads were stopped: 0.0000983 seconds, Stopping threads took: 0.0000264 seconds
[2019-01-14T12:51:45.111+0000][2866][safepoint    ] Application time: 0.1421924 seconds
[2019-01-14T12:51:45.120+0000][2866][safepoint    ] Total time for which application threads were stopped: 0.0083856 seconds, Stopping threads took: 0.0082187 seconds
[2019-01-14T12:51:45.121+0000][2866][safepoint    ] Application time: 0.0010677 seconds
[2019-01-14T12:51:45.130+0000][2866][safepoint    ] Total time for which application threads were stopped: 0.0088638 seconds, Stopping threads took: 0.0086669 seconds
[2019-01-14T12:51:45.131+0000][2866][safepoint    ] Application time: 0.0017681 seconds
[2019-01-14T12:51:45.133+0000][2866][safepoint    ] Total time for which application threads were stopped: 0.0011189 seconds, Stopping threads took: 0.0009810 seconds
[2019-01-14T12:51:45.133+0000][2866][safepoint    ] Application time: 0.0004933 seconds
[2019-01-14T12:51:45.133+0000][2866][safepoint    ] Total time for which application threads were stopped: 0.0001152 seconds, Stopping threads took: 0.0000066 seconds
[2019-01-14T12:51:45.133+0000][2866][safepoint    ] Application time: 0.0001930 seconds
[2019-01-14T12:51:45.133+0000][2866][safepoint    ] Total time for which application threads were stopped: 0.0000962 seconds, Stopping threads took: 0.0000420 seconds
[2019-01-14T12:51:45.134+0000][2866][safepoint    ] Application time: 0.0005097 seconds
[2019-01-14T12:51:45.134+0000][2866][safepoint    ] Total time for which application threads were stopped: 0.0000615 seconds, Stopping threads took: 0.0000077 seconds
[2019-01-14T12:51:45.172+0000][2866][safepoint    ] Application time: 0.0375204 seconds
[2019-01-14T12:51:45.173+0000][2866][safepoint    ] Total time for which application threads were stopped: 0.0015349 seconds, Stopping threads took: 0.0000221 seconds
[2019-01-14T12:51:45.370+0000][2866][safepoint    ] Application time: 0.1970672 seconds
[2019-01-14T12:51:45.373+0000][2866][safepoint    ] Total time for which application threads were stopped: 0.0029470 seconds, Stopping threads took: 0.0028575 seconds
[2019-01-14T12:51:45.374+0000][2866][safepoint    ] Application time: 0.0007631 seconds
[2019-01-14T12:51:45.374+0000][2866][safepoint    ] Total time for which application threads were stopped: 0.0001220 seconds, Stopping threads took: 0.0000490 seconds
[2019-01-14T12:51:45.378+0000][2866][safepoint    ] Application time: 0.0035896 seconds
[2019-01-14T12:51:45.378+0000][2866][safepoint    ] Total time for which application threads were stopped: 0.0001352 seconds, Stopping threads took: 0.0000120 seconds
[2019-01-14T12:51:45.378+0000][2866][safepoint    ] Application time: 0.0000760 seconds
[2019-01-14T12:51:45.378+0000][2866][safepoint    ] Total time for which application threads were stopped: 0.0000555 seconds, Stopping threads took: 0.0000069 seconds
[2019-01-14T12:51:45.386+0000][2866][safepoint    ] Application time: 0.0072020 seconds
[2019-01-14T12:51:45.386+0000][2866][safepoint    ] Total time for which application threads were stopped: 0.0005358 seconds, Stopping threads took: 0.0002708 seconds
[2019-01-14T12:51:45.444+0000][2866][safepoint    ] Application time: 0.0578225 seconds
[2019-01-14T12:51:45.444+0000][2866][safepoint    ] Total time for which application threads were stopped: 0.0001134 seconds, Stopping threads took: 0.0000213 seconds
[2019-01-14T12:51:45.452+0000][2866][safepoint    ] Application time: 0.0081332 seconds
[2019-01-14T12:51:45.456+0000][2866][safepoint    ] Total time for which application threads were stopped: 0.0030976 seconds, Stopping threads took: 0.0026515 seconds
[2019-01-14T12:51:45.457+0000][2866][safepoint    ] Application time: 0.0016968 seconds
[2019-01-14T12:51:45.461+0000][2866][safepoint    ] Total time for which application threads were stopped: 0.0036605 seconds, Stopping threads took: 0.0035290 seconds
[2019-01-14T12:51:45.462+0000][2866][safepoint    ] Application time: 0.0005453 seconds
[2019-01-14T12:51:45.465+0000][2866][safepoint    ] Total time for which application threads were stopped: 0.0035863 seconds, Stopping threads took: 0.0034617 seconds
[2019-01-14T12:51:45.465+0000][2866][safepoint    ] Application time: 0.0001544 seconds
[2019-01-14T12:51:45.466+0000][2866][safepoint    ] Total time for which application threads were stopped: 0.0001398 seconds, Stopping threads took: 0.0000389 seconds
[2019-01-14T12:51:45.466+0000][2866][safepoint    ] Application time: 0.0008847 seconds
[2019-01-14T12:51:45.467+0000][2866][safepoint    ] Total time for which application threads were stopped: 0.0001829 seconds, Stopping threads took: 0.0000221 seconds
[2019-01-14T12:51:45.479+0000][2866][safepoint    ] Application time: 0.0122300 seconds
[2019-01-14T12:51:45.479+0000][2866][safepoint    ] Total time for which application threads were stopped: 0.0001000 seconds, Stopping threads took: 0.0000143 seconds
[2019-01-14T12:51:45.499+0000][2866][safepoint    ] Application time: 0.0194181 seconds
[2019-01-14T12:51:45.499+0000][2866][safepoint    ] Total time for which application threads were stopped: 0.0003068 seconds, Stopping threads took: 0.0001107 seconds
[2019-01-14T12:51:45.499+0000][2866][safepoint    ] Application time: 0.0000373 seconds
[2019-01-14T12:51:45.499+0000][2866][safepoint    ] Total time for which application threads were stopped: 0.0000436 seconds, Stopping threads took: 0.0000073 seconds
[2019-01-14T12:51:45.500+0000][2866][safepoint    ] Application time: 0.0008884 seconds
[2019-01-14T12:51:45.500+0000][2866][safepoint    ] Total time for which application threads were stopped: 0.0000856 seconds, Stopping threads took: 0.0000218 seconds
[2019-01-14T12:51:45.636+0000][2866][safepoint    ] Application time: 0.1356419 seconds
[2019-01-14T12:51:45.636+0000][2866][safepoint    ] Total time for which application threads were stopped: 0.0000844 seconds, Stopping threads took: 0.0000180 seconds
[2019-01-14T12:51:50.638+0000][2866][safepoint    ] Application time: 5.0014503 seconds
[2019-01-14T12:51:50.644+0000][2866][safepoint    ] Total time for which application threads were stopped: 0.0024467 seconds, Stopping threads took: 0.0000508 seconds
[2019-01-14T12:51:53.646+0000][2866][safepoint    ] Application time: 3.0010065 seconds
[2019-01-14T12:51:54.067+0000][2866][safepoint    ] Total time for which application threads were stopped: 0.4203210 seconds, Stopping threads took: 0.0000232 seconds
[2019-01-14T12:51:55.114+0000][2866][safepoint    ] Application time: 1.0023189 seconds
[2019-01-14T12:51:55.142+0000][2866][safepoint    ] Total time for which application threads were stopped: 0.0277244 seconds, Stopping threads took: 0.0004596 seconds
[2019-01-14T12:51:57.179+0000][2866][safepoint    ] Application time: 2.0340348 seconds
[2019-01-14T12:51:57.191+0000][2866][safepoint    ] Total time for which application threads were stopped: 0.0106476 seconds, Stopping threads took: 0.0016181 seconds
[2019-01-14T12:51:58.194+0000][2866][safepoint    ] Application time: 1.0016955 seconds
[2019-01-14T12:51:58.197+0000][2866][safepoint    ] Total time for which application threads were stopped: 0.0024835 seconds, Stopping threads took: 0.0000813 seconds
[2019-01-14T12:52:02.211+0000][2866][safepoint    ] Application time: 4.0098049 seconds
[2019-01-14T12:52:02.214+0000][2866][safepoint    ] Total time for which application threads were stopped: 0.0006591 seconds, Stopping threads took: 0.0000194 seconds
[2019-01-14T12:52:07.219+0000][2866][safepoint    ] Application time: 5.0047430 seconds
[2019-01-14T12:52:07.232+0000][2866][safepoint    ] Total time for which application threads were stopped: 0.0115884 seconds, Stopping threads took: 0.0000282 seconds
[2019-01-14T12:52:08.232+0000][2866][safepoint    ] Application time: 1.0007070 seconds
[2019-01-14T12:52:08.232+0000][2866][safepoint    ] Total time for which application threads were stopped: 0.0000817 seconds, Stopping threads took: 0.0000179 seconds
[2019-01-14T12:52:12.241+0000][2866][safepoint    ] Application time: 4.0075909 seconds
[2019-01-14T12:52:12.242+0000][2866][safepoint    ] Total time for which application threads were stopped: 0.0008087 seconds, Stopping threads took: 0.0000259 seconds
[2019-01-14T12:52:13.242+0000][2866][safepoint    ] Application time: 1.0000897 seconds
[2019-01-14T12:52:13.243+0000][2866][safepoint    ] Total time for which application threads were stopped: 0.0001100 seconds, Stopping threads took: 0.0000236 seconds
[2019-01-14T12:52:14.430+0000][2866][safepoint    ] Application time: 1.1771617 seconds
[2019-01-14T12:52:14.440+0000][2866][safepoint    ] Total time for which application threads were stopped: 0.0092401 seconds, Stopping threads took: 0.0000953 seconds
[2019-01-14T12:52:15.441+0000][2866][safepoint    ] Application time: 1.0011386 seconds
[2019-01-14T12:52:15.444+0000][2866][safepoint    ] Total time for which application threads were stopped: 0.0015169 seconds, Stopping threads took: 0.0000275 seconds
[2019-01-14T12:52:21.479+0000][2866][safepoint    ] Application time: 6.0324574 seconds
[2019-01-14T12:52:21.487+0000][2866][safepoint    ] Total time for which application threads were stopped: 0.0061599 seconds, Stopping threads took: 0.0020858 seconds
[2019-01-14T12:52:22.488+0000][2866][safepoint    ] Application time: 1.0008642 seconds
[2019-01-14T12:52:22.491+0000][2866][safepoint    ] Total time for which application threads were stopped: 0.0035144 seconds, Stopping threads took: 0.0000173 seconds
[2019-01-14T12:52:28.501+0000][2866][safepoint    ] Application time: 6.0089208 seconds
[2019-01-14T12:52:28.507+0000][2866][safepoint    ] Total time for which application threads were stopped: 0.0043040 seconds, Stopping threads took: 0.0020418 seconds
[2019-01-14T12:52:29.682+0000][2866][safepoint    ] Application time: 1.1727341 seconds
[2019-01-14T12:52:29.691+0000][2866][safepoint    ] Total time for which application threads were stopped: 0.0046331 seconds, Stopping threads took: 0.0022401 seconds
[2019-01-14T12:52:30.109+0000][2866][safepoint    ] Application time: 0.4175130 seconds
[2019-01-14T12:52:30.110+0000][2866][safepoint    ] Total time for which application threads were stopped: 0.0003942 seconds, Stopping threads took: 0.0000123 seconds
[2019-01-14T12:52:30.124+0000][2866][safepoint    ] Application time: 0.0139789 seconds
[2019-01-14T12:52:30.124+0000][2866][safepoint    ] Total time for which application threads were stopped: 0.0000659 seconds, Stopping threads took: 0.0000114 seconds
[2019-01-14T12:52:30.933+0000][2866][safepoint    ] Application time: 0.8097986 seconds
[2019-01-14T12:52:30.934+0000][2866][safepoint    ] Total time for which application threads were stopped: 0.0004667 seconds, Stopping threads took: 0.0000126 seconds
[2019-01-14T12:52:32.936+0000][2866][safepoint    ] Application time: 2.0015861 seconds
[2019-01-14T12:52:32.948+0000][2866][safepoint    ] Total time for which application threads were stopped: 0.0113701 seconds, Stopping threads took: 0.0002887 seconds
[2019-01-14T12:52:46.972+0000][2866][safepoint    ] Application time: 14.0230897 seconds
[2019-01-14T12:52:46.974+0000][2866][safepoint    ] Total time for which application threads were stopped: 0.0007232 seconds, Stopping threads took: 0.0000284 seconds
[2019-01-14T12:52:52.006+0000][2866][safepoint    ] Application time: 5.0305720 seconds
[2019-01-14T12:52:52.008+0000][2866][safepoint    ] Total time for which application threads were stopped: 0.0007915 seconds, Stopping threads took: 0.0000247 seconds
[2019-01-14T12:52:54.032+0000][2866][safepoint    ] Application time: 2.0227203 seconds
[2019-01-14T12:52:54.045+0000][2866][safepoint    ] Total time for which application threads were stopped: 0.0117657 seconds, Stopping threads took: 0.0086669 seconds
[2019-01-14T12:53:01.055+0000][2866][safepoint    ] Application time: 7.0086295 seconds
[2019-01-14T12:53:01.056+0000][2866][safepoint    ] Total time for which application threads were stopped: 0.0008481 seconds, Stopping threads took: 0.0000248 seconds
[2019-01-14T12:53:02.056+0000][2866][safepoint    ] Application time: 1.0002204 seconds
[2019-01-14T12:53:02.056+0000][2866][safepoint    ] Total time for which application threads were stopped: 0.0000810 seconds, Stopping threads took: 0.0000175 seconds
[2019-01-14T12:53:07.819+0000][2866][safepoint    ] Application time: 5.7525311 seconds
[2019-01-14T12:53:07.823+0000][2866][safepoint    ] Total time for which application threads were stopped: 0.0004221 seconds, Stopping threads took: 0.0000170 seconds
[2019-01-14T12:53:08.112+0000][2866][safepoint    ] Application time: 0.2866150 seconds
[2019-01-14T12:53:08.130+0000][2866][safepoint    ] Total time for which application threads were stopped: 0.0157024 seconds, Stopping threads took: 0.0008044 seconds
[2019-01-14T12:53:08.130+0000][2866][safepoint    ] Application time: 0.0005825 seconds
[2019-01-14T12:53:08.130+0000][2866][safepoint    ] Total time for which application threads were stopped: 0.0001122 seconds, Stopping threads took: 0.0000386 seconds
[2019-01-14T12:53:08.161+0000][2866][safepoint    ] Application time: 0.0304339 seconds
[2019-01-14T12:53:08.181+0000][2866][safepoint    ] Total time for which application threads were stopped: 0.0200223 seconds, Stopping threads took: 0.0199219 seconds
[2019-01-14T12:53:08.198+0000][2866][safepoint    ] Application time: 0.0170848 seconds
[2019-01-14T12:53:08.198+0000][2866][safepoint    ] Total time for which application threads were stopped: 0.0001034 seconds, Stopping threads took: 0.0000182 seconds
[2019-01-14T12:53:08.199+0000][2866][safepoint    ] Application time: 0.0010320 seconds
[2019-01-14T12:53:08.199+0000][2866][safepoint    ] Total time for which application threads were stopped: 0.0000630 seconds, Stopping threads took: 0.0000103 seconds
[2019-01-14T12:53:08.200+0000][2866][safepoint    ] Application time: 0.0010941 seconds
[2019-01-14T12:53:08.201+0000][2866][safepoint    ] Total time for which application threads were stopped: 0.0001012 seconds, Stopping threads took: 0.0000170 seconds
[2019-01-14T12:53:08.203+0000][2866][safepoint    ] Application time: 0.0027211 seconds
[2019-01-14T12:53:08.203+0000][2866][safepoint    ] Total time for which application threads were stopped: 0.0000756 seconds, Stopping threads took: 0.0000142 seconds
[2019-01-14T12:53:08.205+0000][2866][safepoint    ] Application time: 0.0014939 seconds
[2019-01-14T12:53:08.205+0000][2866][safepoint    ] Total time for which application threads were stopped: 0.0000715 seconds, Stopping threads took: 0.0000120 seconds
[2019-01-14T12:53:08.207+0000][2866][safepoint    ] Application time: 0.0019310 seconds
[2019-01-14T12:53:08.207+0000][2866][safepoint    ] Total time for which application threads were stopped: 0.0000760 seconds, Stopping threads took: 0.0000108 seconds
[2019-01-14T12:53:08.208+0000][2866][safepoint    ] Application time: 0.0007767 seconds
[2019-01-14T12:53:08.212+0000][2866][safepoint    ] Total time for which application threads were stopped: 0.0043876 seconds, Stopping threads took: 0.0042907 seconds
[2019-01-14T12:53:08.221+0000][2866][safepoint    ] Application time: 0.0087719 seconds
[2019-01-14T12:53:08.221+0000][2866][safepoint    ] Total time for which application threads were stopped: 0.0001021 seconds, Stopping threads took: 0.0000131 seconds
[2019-01-14T12:53:08.222+0000][2866][safepoint    ] Application time: 0.0004504 seconds
[2019-01-14T12:53:08.222+0000][2866][safepoint    ] Total time for which application threads were stopped: 0.0000435 seconds, Stopping threads took: 0.0000055 seconds
[2019-01-14T12:53:08.222+0000][2866][safepoint    ] Application time: 0.0003017 seconds
[2019-01-14T12:53:08.222+0000][2866][safepoint    ] Total time for which application threads were stopped: 0.0000434 seconds, Stopping threads took: 0.0000055 seconds
[2019-01-14T12:53:08.222+0000][2866][safepoint    ] Application time: 0.0001096 seconds
[2019-01-14T12:53:08.222+0000][2866][safepoint    ] Total time for which application threads were stopped: 0.0000339 seconds, Stopping threads took: 0.0000040 seconds
[2019-01-14T12:53:08.223+0000][2866][safepoint    ] Application time: 0.0003335 seconds
[2019-01-14T12:53:08.223+0000][2866][safepoint    ] Total time for which application threads were stopped: 0.0000437 seconds, Stopping threads took: 0.0000110 seconds
[2019-01-14T12:53:08.231+0000][2866][safepoint    ] Application time: 0.0085220 seconds
[2019-01-14T12:53:08.231+0000][2866][safepoint    ] Total time for which application threads were stopped: 0.0000938 seconds, Stopping threads took: 0.0000139 seconds
[2019-01-14T12:53:08.257+0000][2866][safepoint    ] Application time: 0.0255736 seconds
[2019-01-14T12:53:08.257+0000][2866][safepoint    ] Total time for which application threads were stopped: 0.0000980 seconds, Stopping threads took: 0.0000217 seconds
[2019-01-14T12:53:08.258+0000][2866][safepoint    ] Application time: 0.0009776 seconds
[2019-01-14T12:53:08.258+0000][2866][safepoint    ] Total time for which application threads were stopped: 0.0001024 seconds, Stopping threads took: 0.0000175 seconds
[2019-01-14T12:53:08.259+0000][2866][safepoint    ] Application time: 0.0003613 seconds
[2019-01-14T12:53:08.259+0000][2866][safepoint    ] Total time for which application threads were stopped: 0.0000554 seconds, Stopping threads took: 0.0000056 seconds
[2019-01-14T12:53:08.278+0000][2866][safepoint    ] Application time: 0.0192554 seconds
[2019-01-14T12:53:08.281+0000][2866][safepoint    ] Total time for which application threads were stopped: 0.0030955 seconds, Stopping threads took: 0.0002387 seconds
[2019-01-14T12:53:08.288+0000][2866][safepoint    ] Application time: 0.0063081 seconds
[2019-01-14T12:53:08.288+0000][2866][safepoint    ] Total time for which application threads were stopped: 0.0000951 seconds, Stopping threads took: 0.0000217 seconds
[2019-01-14T12:53:08.290+0000][2866][safepoint    ] Application time: 0.0019973 seconds
[2019-01-14T12:53:08.290+0000][2866][safepoint    ] Total time for which application threads were stopped: 0.0001094 seconds, Stopping threads took: 0.0000185 seconds
[2019-01-14T12:53:08.292+0000][2866][safepoint    ] Application time: 0.0015610 seconds
[2019-01-14T12:53:08.292+0000][2866][safepoint    ] Total time for which application threads were stopped: 0.0000721 seconds, Stopping threads took: 0.0000136 seconds
[2019-01-14T12:53:08.294+0000][2866][safepoint    ] Application time: 0.0019605 seconds
[2019-01-14T12:53:08.294+0000][2866][safepoint    ] Total time for which application threads were stopped: 0.0001236 seconds, Stopping threads took: 0.0000528 seconds
[2019-01-14T12:53:08.295+0000][2866][safepoint    ] Application time: 0.0005054 seconds
[2019-01-14T12:53:08.295+0000][2866][safepoint    ] Total time for which application threads were stopped: 0.0000957 seconds, Stopping threads took: 0.0000515 seconds
[2019-01-14T12:53:08.317+0000][2866][safepoint    ] Application time: 0.0221422 seconds
[2019-01-14T12:53:08.318+0000][2866][safepoint    ] Total time for which application threads were stopped: 0.0004586 seconds, Stopping threads took: 0.0003691 seconds
[2019-01-14T12:53:08.322+0000][2866][safepoint    ] Application time: 0.0045093 seconds
[2019-01-14T12:53:08.323+0000][2866][safepoint    ] Total time for which application threads were stopped: 0.0007697 seconds, Stopping threads took: 0.0007010 seconds
[2019-01-14T12:53:08.323+0000][2866][safepoint    ] Application time: 0.0001041 seconds
[2019-01-14T12:53:08.323+0000][2866][safepoint    ] Total time for which application threads were stopped: 0.0001408 seconds, Stopping threads took: 0.0001041 seconds
[2019-01-14T12:53:08.332+0000][2866][safepoint    ] Application time: 0.0088546 seconds
[2019-01-14T12:53:08.333+0000][2866][safepoint    ] Total time for which application threads were stopped: 0.0007503 seconds, Stopping threads took: 0.0006696 seconds
[2019-01-14T12:53:08.333+0000][2866][safepoint    ] Application time: 0.0002607 seconds
[2019-01-14T12:53:08.333+0000][2866][safepoint    ] Total time for which application threads were stopped: 0.0003044 seconds, Stopping threads took: 0.0002602 seconds
[2019-01-14T12:53:08.334+0000][2866][safepoint    ] Application time: 0.0006622 seconds
[2019-01-14T12:53:08.334+0000][2866][safepoint    ] Total time for which application threads were stopped: 0.0001223 seconds, Stopping threads took: 0.0000818 seconds
[2019-01-14T12:53:08.335+0000][2866][safepoint    ] Application time: 0.0004730 seconds
[2019-01-14T12:53:08.335+0000][2866][safepoint    ] Total time for which application threads were stopped: 0.0000716 seconds, Stopping threads took: 0.0000323 seconds
[2019-01-14T12:53:08.335+0000][2866][safepoint    ] Application time: 0.0002553 seconds
[2019-01-14T12:53:08.335+0000][2866][safepoint    ] Total time for which application threads were stopped: 0.0000355 seconds, Stopping threads took: 0.0000043 seconds
[2019-01-14T12:53:08.336+0000][2866][safepoint    ] Application time: 0.0005001 seconds
[2019-01-14T12:53:08.336+0000][2866][safepoint    ] Total time for which application threads were stopped: 0.0002763 seconds, Stopping threads took: 0.0002345 seconds
[2019-01-14T12:53:08.348+0000][2866][safepoint    ] Application time: 0.0120672 seconds
[2019-01-14T12:53:08.348+0000][2866][safepoint    ] Total time for which application threads were stopped: 0.0001313 seconds, Stopping threads took: 0.0000533 seconds
[2019-01-14T12:53:08.357+0000][2866][safepoint    ] Application time: 0.0089827 seconds
[2019-01-14T12:53:08.358+0000][2866][safepoint    ] Total time for which application threads were stopped: 0.0007016 seconds, Stopping threads took: 0.0006153 seconds
[2019-01-14T12:53:08.359+0000][2866][safepoint    ] Application time: 0.0009649 seconds
[2019-01-14T12:53:08.360+0000][2866][safepoint    ] Total time for which application threads were stopped: 0.0010281 seconds, Stopping threads took: 0.0008871 seconds
[2019-01-14T12:53:08.372+0000][2866][safepoint    ] Application time: 0.0123295 seconds
[2019-01-14T12:53:08.373+0000][2866][safepoint    ] Total time for which application threads were stopped: 0.0002964 seconds, Stopping threads took: 0.0000613 seconds
[2019-01-14T12:53:08.373+0000][2866][safepoint    ] Application time: 0.0000462 seconds
[2019-01-14T12:53:08.373+0000][2866][safepoint    ] Total time for which application threads were stopped: 0.0002068 seconds, Stopping threads took: 0.0000717 seconds
[2019-01-14T12:53:08.373+0000][2866][safepoint    ] Application time: 0.0002587 seconds
[2019-01-14T12:53:08.373+0000][2866][safepoint    ] Total time for which application threads were stopped: 0.0000549 seconds, Stopping threads took: 0.0000205 seconds
[2019-01-14T12:53:08.373+0000][2866][safepoint    ] Application time: 0.0001081 seconds
[2019-01-14T12:53:08.374+0000][2866][safepoint    ] Total time for which application threads were stopped: 0.0002514 seconds, Stopping threads took: 0.0002129 seconds
[2019-01-14T12:53:08.374+0000][2866][safepoint    ] Application time: 0.0000296 seconds
[2019-01-14T12:53:08.374+0000][2866][safepoint    ] Total time for which application threads were stopped: 0.0000276 seconds, Stopping threads took: 0.0000026 seconds
[2019-01-14T12:53:08.375+0000][2866][safepoint    ] Application time: 0.0004229 seconds
[2019-01-14T12:53:08.375+0000][2866][safepoint    ] Total time for which application threads were stopped: 0.0007158 seconds, Stopping threads took: 0.0006726 seconds
[2019-01-14T12:53:08.381+0000][2866][safepoint    ] Application time: 0.0055999 seconds
[2019-01-14T12:53:08.382+0000][2866][safepoint    ] Total time for which application threads were stopped: 0.0008287 seconds, Stopping threads took: 0.0007568 seconds
[2019-01-14T12:53:08.383+0000][2866][safepoint    ] Application time: 0.0015855 seconds
[2019-01-14T12:53:08.383+0000][2866][safepoint    ] Total time for which application threads were stopped: 0.0001120 seconds, Stopping threads took: 0.0000455 seconds
[2019-01-14T12:53:08.384+0000][2866][safepoint    ] Application time: 0.0000413 seconds
[2019-01-14T12:53:08.384+0000][2866][safepoint    ] Total time for which application threads were stopped: 0.0002197 seconds, Stopping threads took: 0.0001689 seconds
[2019-01-14T12:53:08.415+0000][2866][safepoint    ] Application time: 0.0314594 seconds
[2019-01-14T12:53:08.415+0000][2866][safepoint    ] Total time for which application threads were stopped: 0.0001059 seconds, Stopping threads took: 0.0000144 seconds
[2019-01-14T12:53:08.418+0000][2866][safepoint    ] Application time: 0.0030532 seconds
[2019-01-14T12:53:08.419+0000][2866][safepoint    ] Total time for which application threads were stopped: 0.0003107 seconds, Stopping threads took: 0.0002443 seconds
[2019-01-14T12:53:08.422+0000][2866][safepoint    ] Application time: 0.0034531 seconds
[2019-01-14T12:53:08.422+0000][2866][safepoint    ] Total time for which application threads were stopped: 0.0001071 seconds, Stopping threads took: 0.0000315 seconds
[2019-01-14T12:53:08.423+0000][2866][safepoint    ] Application time: 0.0005841 seconds
[2019-01-14T12:53:08.423+0000][2866][safepoint    ] Total time for which application threads were stopped: 0.0002475 seconds, Stopping threads took: 0.0000104 seconds
[2019-01-14T12:53:08.424+0000][2866][safepoint    ] Application time: 0.0007804 seconds
[2019-01-14T12:53:08.424+0000][2866][safepoint    ] Total time for which application threads were stopped: 0.0000693 seconds, Stopping threads took: 0.0000101 seconds
[2019-01-14T12:53:08.425+0000][2866][safepoint    ] Application time: 0.0006646 seconds
[2019-01-14T12:53:08.425+0000][2866][safepoint    ] Total time for which application threads were stopped: 0.0000815 seconds, Stopping threads took: 0.0000107 seconds
[2019-01-14T12:53:08.433+0000][2866][safepoint    ] Application time: 0.0078590 seconds
[2019-01-14T12:53:08.433+0000][2866][safepoint    ] Total time for which application threads were stopped: 0.0000779 seconds, Stopping threads took: 0.0000143 seconds
[2019-01-14T12:53:08.435+0000][2866][safepoint    ] Application time: 0.0020804 seconds
[2019-01-14T12:53:08.435+0000][2866][safepoint    ] Total time for which application threads were stopped: 0.0000905 seconds, Stopping threads took: 0.0000118 seconds
[2019-01-14T12:53:08.435+0000][2866][safepoint    ] Application time: 0.0001443 seconds
[2019-01-14T12:53:08.435+0000][2866][safepoint    ] Total time for which application threads were stopped: 0.0000430 seconds, Stopping threads took: 0.0000054 seconds
[2019-01-14T12:53:09.124+0000][2866][safepoint    ] Application time: 0.6864831 seconds
[2019-01-14T12:53:09.155+0000][2866][safepoint    ] Total time for which application threads were stopped: 0.0294708 seconds, Stopping threads took: 0.0003117 seconds
[2019-01-14T12:53:09.158+0000][2866][safepoint    ] Application time: 0.0035825 seconds
[2019-01-14T12:53:09.159+0000][2866][safepoint    ] Total time for which application threads were stopped: 0.0000883 seconds, Stopping threads took: 0.0000143 seconds
[2019-01-14T12:53:09.160+0000][2866][safepoint    ] Application time: 0.0015235 seconds
[2019-01-14T12:53:09.160+0000][2866][safepoint    ] Total time for which application threads were stopped: 0.0000626 seconds, Stopping threads took: 0.0000094 seconds
[2019-01-14T12:53:09.362+0000][2866][safepoint    ] Application time: 0.0871994 seconds
[2019-01-14T12:53:09.447+0000][2866][safepoint    ] Total time for which application threads were stopped: 0.0075426 seconds, Stopping threads took: 0.0031443 seconds
[2019-01-14T12:53:09.449+0000][2866][safepoint    ] Application time: 0.0015456 seconds
[2019-01-14T12:53:09.450+0000][2866][safepoint    ] Total time for which application threads were stopped: 0.0010685 seconds, Stopping threads took: 0.0009783 seconds
[2019-01-14T12:53:09.453+0000][2866][safepoint    ] Application time: 0.0032047 seconds
[2019-01-14T12:53:09.454+0000][2866][safepoint    ] Total time for which application threads were stopped: 0.0000969 seconds, Stopping threads took: 0.0000119 seconds
[2019-01-14T12:53:09.454+0000][2866][safepoint    ] Application time: 0.0004336 seconds
[2019-01-14T12:53:09.454+0000][2866][safepoint    ] Total time for which application threads were stopped: 0.0000684 seconds, Stopping threads took: 0.0000057 seconds
[2019-01-14T12:53:09.456+0000][2866][safepoint    ] Application time: 0.0014151 seconds
[2019-01-14T12:53:09.456+0000][2866][safepoint    ] Total time for which application threads were stopped: 0.0000538 seconds, Stopping threads took: 0.0000076 seconds
[2019-01-14T12:53:09.456+0000][2866][safepoint    ] Application time: 0.0001937 seconds
[2019-01-14T12:53:09.457+0000][2866][safepoint    ] Total time for which application threads were stopped: 0.0005311 seconds, Stopping threads took: 0.0000089 seconds
[2019-01-14T12:53:13.472+0000][2866][safepoint    ] Application time: 4.0125405 seconds
[2019-01-14T12:53:13.483+0000][2866][safepoint    ] Total time for which application threads were stopped: 0.0060156 seconds, Stopping threads took: 0.0033285 seconds
[2019-01-14T12:53:27.513+0000][2866][safepoint    ] Application time: 14.0287142 seconds
[2019-01-14T12:53:27.517+0000][2866][safepoint    ] Total time for which application threads were stopped: 0.0024323 seconds, Stopping threads took: 0.0002460 seconds
[2019-01-14T12:53:30.519+0000][2866][safepoint    ] Application time: 3.0014688 seconds
[2019-01-14T12:53:30.522+0000][2866][safepoint    ] Total time for which application threads were stopped: 0.0025408 seconds, Stopping threads took: 0.0000252 seconds
[2019-01-14T12:53:36.528+0000][2866][safepoint    ] Application time: 6.0045435 seconds
[2019-01-14T12:53:36.532+0000][2866][safepoint    ] Total time for which application threads were stopped: 0.0021820 seconds, Stopping threads took: 0.0000291 seconds
[2019-01-14T12:53:37.203+0000][2866][safepoint    ] Application time: 0.6705392 seconds
[2019-01-14T12:53:37.204+0000][2866][gc,start     ] GC(27) Pause Young (Allocation Failure)
[2019-01-14T12:53:37.206+0000][2866][gc,task      ] GC(27) Using 2 workers of 2 for evacuation
[2019-01-14T12:53:37.221+0000][2866][gc,age       ] GC(27) Desired survivor size 4456448 bytes, new threshold 6 (max threshold 6)
[2019-01-14T12:53:37.221+0000][2866][gc,age       ] GC(27) Age table with threshold 6 (max threshold 6)
[2019-01-14T12:53:37.221+0000][2866][gc,age       ] GC(27) - age   1:     789544 bytes,     789544 total
[2019-01-14T12:53:37.221+0000][2866][gc,age       ] GC(27) - age   2:     332888 bytes,    1122432 total
[2019-01-14T12:53:37.221+0000][2866][gc,age       ] GC(27) - age   3:     436056 bytes,    1558488 total
[2019-01-14T12:53:37.221+0000][2866][gc,age       ] GC(27) - age   4:    1295296 bytes,    2853784 total
[2019-01-14T12:53:37.222+0000][2866][gc,heap      ] GC(27) ParNew: 72543K->3935K(78656K)
[2019-01-14T12:53:37.222+0000][2866][gc,heap      ] GC(27) CMS: 104224K->104224K(174784K)
[2019-01-14T12:53:37.222+0000][2866][gc,metaspace ] GC(27) Metaspace: 81022K->81022K(1124352K)
[2019-01-14T12:53:37.222+0000][2866][gc           ] GC(27) Pause Young (Allocation Failure) 172M->105M(247M) 17.406ms
[2019-01-14T12:53:37.222+0000][2866][gc,cpu       ] GC(27) User=0.00s Sys=0.03s Real=0.01s
[2019-01-14T12:53:37.222+0000][2866][safepoint    ] Total time for which application threads were stopped: 0.0194291 seconds, Stopping threads took: 0.0000181 seconds
[2019-01-14T12:53:37.236+0000][2866][safepoint    ] Application time: 0.0142290 seconds
[2019-01-14T12:53:37.245+0000][2866][safepoint    ] Total time for which application threads were stopped: 0.0089894 seconds, Stopping threads took: 0.0000181 seconds
[2019-01-14T12:53:49.314+0000][2866][safepoint    ] Application time: 12.0676983 seconds
[2019-01-14T12:53:49.321+0000][2866][safepoint    ] Total time for which application threads were stopped: 0.0048948 seconds, Stopping threads took: 0.0003943 seconds
[2019-01-14T12:54:01.345+0000][2866][safepoint    ] Application time: 12.0224983 seconds
[2019-01-14T12:54:01.364+0000][2866][safepoint    ] Total time for which application threads were stopped: 0.0175422 seconds, Stopping threads took: 0.0085680 seconds
[2019-01-14T12:54:15.445+0000][2866][safepoint    ] Application time: 14.0770635 seconds
[2019-01-14T12:54:15.452+0000][2866][safepoint    ] Total time for which application threads were stopped: 0.0046119 seconds, Stopping threads took: 0.0015267 seconds
[2019-01-14T12:54:18.460+0000][2866][safepoint    ] Application time: 3.0053586 seconds
[2019-01-14T12:54:18.463+0000][2866][safepoint    ] Total time for which application threads were stopped: 0.0025986 seconds, Stopping threads took: 0.0006531 seconds
[2019-01-14T12:54:23.499+0000][2866][safepoint    ] Application time: 5.0272634 seconds
[2019-01-14T12:54:23.651+0000][2866][safepoint    ] Total time for which application threads were stopped: 0.0301749 seconds, Stopping threads took: 0.0197956 seconds
[2019-01-14T12:54:33.844+0000][2866][safepoint    ] Application time: 10.0280869 seconds
[2019-01-14T12:54:33.952+0000][2866][safepoint    ] Total time for which application threads were stopped: 0.0154759 seconds, Stopping threads took: 0.0040251 seconds
[2019-01-14T12:54:43.210+0000][2866][safepoint    ] Application time: 9.2550739 seconds
[2019-01-14T12:54:43.680+0000][2866][safepoint    ] Total time for which application threads were stopped: 0.4611262 seconds, Stopping threads took: 0.4367380 seconds
[2019-01-14T12:54:58.723+0000][2866][safepoint    ] Application time: 15.0340823 seconds
[2019-01-14T12:54:58.730+0000][2866][safepoint    ] Total time for which application threads were stopped: 0.0041723 seconds, Stopping threads took: 0.0018096 seconds
[2019-01-14T12:55:00.774+0000][2866][safepoint    ] Application time: 2.0419401 seconds
[2019-01-14T12:55:00.781+0000][2866][safepoint    ] Total time for which application threads were stopped: 0.0054749 seconds, Stopping threads took: 0.0026998 seconds
[2019-01-14T12:55:03.792+0000][2866][safepoint    ] Application time: 3.0081055 seconds
[2019-01-14T12:55:03.803+0000][2866][safepoint    ] Total time for which application threads were stopped: 0.0069963 seconds, Stopping threads took: 0.0040324 seconds
